
00:00 +0: loading /Users/mr42/code/flutter/tmp/filler/test/integration/app_flow_test.dart                                                                                                              
00:01 +0: loading /Users/mr42/code/flutter/tmp/filler/test/integration/app_flow_test.dart                                                                                                              
00:01 +0: loading /Users/mr42/code/flutter/tmp/filler/test/integration/platform_specific_test.dart                                                                                                     
00:01 +0: /Users/mr42/code/flutter/tmp/filler/test/integration/platform_specific_test.dart: (setUpAll)                                                                                                 
00:01 +0: /Users/mr42/code/flutter/tmp/filler/test/integration/platform_specific_test.dart: (setUpAll)                                                                                                 
[38;5;12m┌───────────────────────────────────────────────────────────────────────────────────────────────────────────────────────[0m
[38;5;12m│ #0   AppLogger.initialize (package:filler/core/logging.dart:24:13)[0m
[38;5;12m│ #1   TestHelpers.initializeLogging (file:///Users/mr42/code/flutter/tmp/filler/test/helpers/test_helpers.dart:25:15)[0m
[38;5;12m├┄┄┄┄┄┄┄┄┄┄┄┄┄┄┄┄┄┄┄┄┄┄┄┄┄┄┄┄┄┄┄┄┄┄┄┄┄┄┄┄┄┄┄┄┄┄┄┄┄┄┄┄┄┄┄┄┄┄┄┄┄┄┄┄┄┄┄┄┄┄┄┄┄┄┄┄┄┄┄┄┄┄┄┄┄┄┄┄┄┄┄┄┄┄┄┄┄┄┄┄┄┄┄┄┄┄┄┄┄┄┄┄┄┄┄┄┄┄┄[0m
[38;5;12m│ 07:38:47.596 (+0:00:00.001243)[0m
[38;5;12m├┄┄┄┄┄┄┄┄┄┄┄┄┄┄┄┄┄┄┄┄┄┄┄┄┄┄┄┄┄┄┄┄┄┄┄┄┄┄┄┄┄┄┄┄┄┄┄┄┄┄┄┄┄┄┄┄┄┄┄┄┄┄┄┄┄┄┄┄┄┄┄┄┄┄┄┄┄┄┄┄┄┄┄┄┄┄┄┄┄┄┄┄┄┄┄┄┄┄┄┄┄┄┄┄┄┄┄┄┄┄┄┄┄┄┄┄┄┄┄[0m
[38;5;12m│ 💡 🚀 AppLogger initialized (debug: true)[0m
[38;5;12m└───────────────────────────────────────────────────────────────────────────────────────────────────────────────────────[0m

00:01 +0: /Users/mr42/code/flutter/tmp/filler/test/integration/platform_specific_test.dart: Platform-Specific Database Integration Database Connection Works on Current Platform                       
00:01 +0: /Users/mr42/code/flutter/tmp/filler/test/integration/platform_specific_test.dart: Platform-Specific Database Integration Database Connection Works on Current Platform                       
┌───────────────────────────────────────────────────────────────────────────────────────────────────────────────────────
│ #0   TestHelpers.createTestDatabase (file:///Users/mr42/code/flutter/tmp/filler/test/helpers/test_helpers.dart:30:24)
│ #1   main.<anonymous closure> (file:///Users/mr42/code/flutter/tmp/filler/test/integration/platform_specific_test.dart:22:28)
├┄┄┄┄┄┄┄┄┄┄┄┄┄┄┄┄┄┄┄┄┄┄┄┄┄┄┄┄┄┄┄┄┄┄┄┄┄┄┄┄┄┄┄┄┄┄┄┄┄┄┄┄┄┄┄┄┄┄┄┄┄┄┄┄┄┄┄┄┄┄┄┄┄┄┄┄┄┄┄┄┄┄┄┄┄┄┄┄┄┄┄┄┄┄┄┄┄┄┄┄┄┄┄┄┄┄┄┄┄┄┄┄┄┄┄┄┄┄┄
│ 07:38:47.617 (+0:00:00.022429)
├┄┄┄┄┄┄┄┄┄┄┄┄┄┄┄┄┄┄┄┄┄┄┄┄┄┄┄┄┄┄┄┄┄┄┄┄┄┄┄┄┄┄┄┄┄┄┄┄┄┄┄┄┄┄┄┄┄┄┄┄┄┄┄┄┄┄┄┄┄┄┄┄┄┄┄┄┄┄┄┄┄┄┄┄┄┄┄┄┄┄┄┄┄┄┄┄┄┄┄┄┄┄┄┄┄┄┄┄┄┄┄┄┄┄┄┄┄┄┄
│ 🐛 🗄️ Creating test database
└───────────────────────────────────────────────────────────────────────────────────────────────────────────────────────
┌───────────────────────────────────────────────────────────────────────────────────────────────────────────────────────
│ #0   AppLogger.bloc (package:filler/core/logging.dart:44:13)
│ #1   new CanvasBloc (package:filler/features/canvas/presentation/canvas_bloc.dart:106:15)
├┄┄┄┄┄┄┄┄┄┄┄┄┄┄┄┄┄┄┄┄┄┄┄┄┄┄┄┄┄┄┄┄┄┄┄┄┄┄┄┄┄┄┄┄┄┄┄┄┄┄┄┄┄┄┄┄┄┄┄┄┄┄┄┄┄┄┄┄┄┄┄┄┄┄┄┄┄┄┄┄┄┄┄┄┄┄┄┄┄┄┄┄┄┄┄┄┄┄┄┄┄┄┄┄┄┄┄┄┄┄┄┄┄┄┄┄┄┄┄
│ 07:38:47.626 (+0:00:00.030553)
├┄┄┄┄┄┄┄┄┄┄┄┄┄┄┄┄┄┄┄┄┄┄┄┄┄┄┄┄┄┄┄┄┄┄┄┄┄┄┄┄┄┄┄┄┄┄┄┄┄┄┄┄┄┄┄┄┄┄┄┄┄┄┄┄┄┄┄┄┄┄┄┄┄┄┄┄┄┄┄┄┄┄┄┄┄┄┄┄┄┄┄┄┄┄┄┄┄┄┄┄┄┄┄┄┄┄┄┄┄┄┄┄┄┄┄┄┄┄┄
│ 🐛 🔄 BLoC[Canvas]: BLoC Created | null → initial
└───────────────────────────────────────────────────────────────────────────────────────────────────────────────────────
┌───────────────────────────────────────────────────────────────────────────────────────────────────────────────────────
│ #0   AppLogger.bloc (package:filler/core/logging.dart:44:13)
│ #1   new GalleryBloc (package:filler/features/gallery/presentation/gallery_bloc.dart:77:15)
├┄┄┄┄┄┄┄┄┄┄┄┄┄┄┄┄┄┄┄┄┄┄┄┄┄┄┄┄┄┄┄┄┄┄┄┄┄┄┄┄┄┄┄┄┄┄┄┄┄┄┄┄┄┄┄┄┄┄┄┄┄┄┄┄┄┄┄┄┄┄┄┄┄┄┄┄┄┄┄┄┄┄┄┄┄┄┄┄┄┄┄┄┄┄┄┄┄┄┄┄┄┄┄┄┄┄┄┄┄┄┄┄┄┄┄┄┄┄┄
│ 07:38:47.631 (+0:00:00.035663)
├┄┄┄┄┄┄┄┄┄┄┄┄┄┄┄┄┄┄┄┄┄┄┄┄┄┄┄┄┄┄┄┄┄┄┄┄┄┄┄┄┄┄┄┄┄┄┄┄┄┄┄┄┄┄┄┄┄┄┄┄┄┄┄┄┄┄┄┄┄┄┄┄┄┄┄┄┄┄┄┄┄┄┄┄┄┄┄┄┄┄┄┄┄┄┄┄┄┄┄┄┄┄┄┄┄┄┄┄┄┄┄┄┄┄┄┄┄┄┄
│ 🐛 🔄 BLoC[Gallery]: BLoC Created | null → initial
└───────────────────────────────────────────────────────────────────────────────────────────────────────────────────────
┌───────────────────────────────────────────────────────────────────────────────────────────────────────────────────────
│ #0   AppLogger.bloc (package:filler/core/logging.dart:44:13)
│ #1   new PreferencesBloc (package:filler/features/prefs/presentation/preferences_bloc.dart:77:15)
├┄┄┄┄┄┄┄┄┄┄┄┄┄┄┄┄┄┄┄┄┄┄┄┄┄┄┄┄┄┄┄┄┄┄┄┄┄┄┄┄┄┄┄┄┄┄┄┄┄┄┄┄┄┄┄┄┄┄┄┄┄┄┄┄┄┄┄┄┄┄┄┄┄┄┄┄┄┄┄┄┄┄┄┄┄┄┄┄┄┄┄┄┄┄┄┄┄┄┄┄┄┄┄┄┄┄┄┄┄┄┄┄┄┄┄┄┄┄┄
│ 07:38:47.635 (+0:00:00.039777)
├┄┄┄┄┄┄┄┄┄┄┄┄┄┄┄┄┄┄┄┄┄┄┄┄┄┄┄┄┄┄┄┄┄┄┄┄┄┄┄┄┄┄┄┄┄┄┄┄┄┄┄┄┄┄┄┄┄┄┄┄┄┄┄┄┄┄┄┄┄┄┄┄┄┄┄┄┄┄┄┄┄┄┄┄┄┄┄┄┄┄┄┄┄┄┄┄┄┄┄┄┄┄┄┄┄┄┄┄┄┄┄┄┄┄┄┄┄┄┄
│ 🐛 🔄 BLoC[Preferences]: BLoC Created | null → initial
└───────────────────────────────────────────────────────────────────────────────────────────────────────────────────────
┌───────────────────────────────────────────────────────────────────────────────────────────────────────────────────────
│ {title: Platform Test Canvas, dimensions: 5x5, insets: 0, dataSize: 1074 chars}
├┄┄┄┄┄┄┄┄┄┄┄┄┄┄┄┄┄┄┄┄┄┄┄┄┄┄┄┄┄┄┄┄┄┄┄┄┄┄┄┄┄┄┄┄┄┄┄┄┄┄┄┄┄┄┄┄┄┄┄┄┄┄┄┄┄┄┄┄┄┄┄┄┄┄┄┄┄┄┄┄┄┄┄┄┄┄┄┄┄┄┄┄┄┄┄┄┄┄┄┄┄┄┄┄┄┄┄┄┄┄┄┄┄┄┄┄┄┄┄
│ #0   AppLogger.database (package:filler/core/logging.dart:49:13)
│ #1   CanvasRepository.add (package:filler/domain/repositories.dart:78:15)
│ #2   main.<anonymous closure>.<anonymous closure> (file:///Users/mr42/code/flutter/tmp/filler/test/integration/platform_specific_test.dart:43:45)
│ #3   Declarer.test.<anonymous closure>.<anonymous closure> (package:test_api/src/backend/declarer.dart:242:19)
│ #4   <asynchronous suspension>
│ #5   Declarer.test.<anonymous closure> (package:test_api/src/backend/declarer.dart:240:7)
│ #6   <asynchronous suspension>
│ #7   Invoker._waitForOutstandingCallbacks.<anonymous closure> (package:test_api/src/backend/invoker.dart:282:9)
├┄┄┄┄┄┄┄┄┄┄┄┄┄┄┄┄┄┄┄┄┄┄┄┄┄┄┄┄┄┄┄┄┄┄┄┄┄┄┄┄┄┄┄┄┄┄┄┄┄┄┄┄┄┄┄┄┄┄┄┄┄┄┄┄┄┄┄┄┄┄┄┄┄┄┄┄┄┄┄┄┄┄┄┄┄┄┄┄┄┄┄┄┄┄┄┄┄┄┄┄┄┄┄┄┄┄┄┄┄┄┄┄┄┄┄┄┄┄┄
│ 07:38:47.640 (+0:00:00.044727)
├┄┄┄┄┄┄┄┄┄┄┄┄┄┄┄┄┄┄┄┄┄┄┄┄┄┄┄┄┄┄┄┄┄┄┄┄┄┄┄┄┄┄┄┄┄┄┄┄┄┄┄┄┄┄┄┄┄┄┄┄┄┄┄┄┄┄┄┄┄┄┄┄┄┄┄┄┄┄┄┄┄┄┄┄┄┄┄┄┄┄┄┄┄┄┄┄┄┄┄┄┄┄┄┄┄┄┄┄┄┄┄┄┄┄┄┄┄┄┄
│ 🐛 💾 Database: Creating new canvas
└───────────────────────────────────────────────────────────────────────────────────────────────────────────────────────
┌───────────────────────────────────────────────────────────────────────────────────────────────────────────────────────
│ {title: Platform Test Canvas, dimensions: 5x5}
├┄┄┄┄┄┄┄┄┄┄┄┄┄┄┄┄┄┄┄┄┄┄┄┄┄┄┄┄┄┄┄┄┄┄┄┄┄┄┄┄┄┄┄┄┄┄┄┄┄┄┄┄┄┄┄┄┄┄┄┄┄┄┄┄┄┄┄┄┄┄┄┄┄┄┄┄┄┄┄┄┄┄┄┄┄┄┄┄┄┄┄┄┄┄┄┄┄┄┄┄┄┄┄┄┄┄┄┄┄┄┄┄┄┄┄┄┄┄┄
│ #0   AppLogger.database (package:filler/core/logging.dart:49:13)
│ #1   AppDatabase.insertCanvas (package:filler/data/database.dart:225:15)
│ #2   CanvasRepository.add (package:filler/domain/repositories.dart:90:34)
│ #3   main.<anonymous closure>.<anonymous closure> (file:///Users/mr42/code/flutter/tmp/filler/test/integration/platform_specific_test.dart:43:45)
│ #4   Declarer.test.<anonymous closure>.<anonymous closure> (package:test_api/src/backend/declarer.dart:242:19)
│ #5   <asynchronous suspension>
│ #6   Declarer.test.<anonymous closure> (package:test_api/src/backend/declarer.dart:240:7)
│ #7   <asynchronous suspension>
├┄┄┄┄┄┄┄┄┄┄┄┄┄┄┄┄┄┄┄┄┄┄┄┄┄┄┄┄┄┄┄┄┄┄┄┄┄┄┄┄┄┄┄┄┄┄┄┄┄┄┄┄┄┄┄┄┄┄┄┄┄┄┄┄┄┄┄┄┄┄┄┄┄┄┄┄┄┄┄┄┄┄┄┄┄┄┄┄┄┄┄┄┄┄┄┄┄┄┄┄┄┄┄┄┄┄┄┄┄┄┄┄┄┄┄┄┄┄┄
│ 07:38:47.644 (+0:00:00.048576)
├┄┄┄┄┄┄┄┄┄┄┄┄┄┄┄┄┄┄┄┄┄┄┄┄┄┄┄┄┄┄┄┄┄┄┄┄┄┄┄┄┄┄┄┄┄┄┄┄┄┄┄┄┄┄┄┄┄┄┄┄┄┄┄┄┄┄┄┄┄┄┄┄┄┄┄┄┄┄┄┄┄┄┄┄┄┄┄┄┄┄┄┄┄┄┄┄┄┄┄┄┄┄┄┄┄┄┄┄┄┄┄┄┄┄┄┄┄┄┄
│ 🐛 💾 Database: Inserting canvas
└───────────────────────────────────────────────────────────────────────────────────────────────────────────────────────
┌───────────────────────────────────────────────────────────────────────────────────────────────────────────────────────
│ #0   AppLogger.database (package:filler/core/logging.dart:49:13)
│ #1   createTestDatabaseConnection.<anonymous closure> (package:filler/data/database_connection.dart:22:15)
├┄┄┄┄┄┄┄┄┄┄┄┄┄┄┄┄┄┄┄┄┄┄┄┄┄┄┄┄┄┄┄┄┄┄┄┄┄┄┄┄┄┄┄┄┄┄┄┄┄┄┄┄┄┄┄┄┄┄┄┄┄┄┄┄┄┄┄┄┄┄┄┄┄┄┄┄┄┄┄┄┄┄┄┄┄┄┄┄┄┄┄┄┄┄┄┄┄┄┄┄┄┄┄┄┄┄┄┄┄┄┄┄┄┄┄┄┄┄┄
│ 07:38:47.658 (+0:00:00.063010)
├┄┄┄┄┄┄┄┄┄┄┄┄┄┄┄┄┄┄┄┄┄┄┄┄┄┄┄┄┄┄┄┄┄┄┄┄┄┄┄┄┄┄┄┄┄┄┄┄┄┄┄┄┄┄┄┄┄┄┄┄┄┄┄┄┄┄┄┄┄┄┄┄┄┄┄┄┄┄┄┄┄┄┄┄┄┄┄┄┄┄┄┄┄┄┄┄┄┄┄┄┄┄┄┄┄┄┄┄┄┄┄┄┄┄┄┄┄┄┄
│ 🐛 💾 Database: Test AppDatabase instance created (in-memory)
└───────────────────────────────────────────────────────────────────────────────────────────────────────────────────────
┌───────────────────────────────────────────────────────────────────────────────────────────────────────────────────────
│ {version: 4, wasCreated: true, hadUpgrade: false}
├┄┄┄┄┄┄┄┄┄┄┄┄┄┄┄┄┄┄┄┄┄┄┄┄┄┄┄┄┄┄┄┄┄┄┄┄┄┄┄┄┄┄┄┄┄┄┄┄┄┄┄┄┄┄┄┄┄┄┄┄┄┄┄┄┄┄┄┄┄┄┄┄┄┄┄┄┄┄┄┄┄┄┄┄┄┄┄┄┄┄┄┄┄┄┄┄┄┄┄┄┄┄┄┄┄┄┄┄┄┄┄┄┄┄┄┄┄┄┄
│ #0   AppLogger.database (package:filler/core/logging.dart:49:13)
│ #1   AppDatabase.migration.<anonymous closure> (package:filler/data/database.dart:211:17)
│ #2   GeneratedDatabase.beforeOpen.<anonymous closure> (package:drift/src/runtime/api/db_base.dart:137:44)
│ #3   <asynchronous suspension>
│ #4   DelegatedDatabase._runMigrations (package:drift/src/runtime/executor/helpers/engines.dart:512:5)
│ #5   <asynchronous suspension>
│ #6   DelegatedDatabase.ensureOpen.<anonymous closure> (package:drift/src/runtime/executor/helpers/engines.dart:476:9)
│ #7   <asynchronous suspension>
├┄┄┄┄┄┄┄┄┄┄┄┄┄┄┄┄┄┄┄┄┄┄┄┄┄┄┄┄┄┄┄┄┄┄┄┄┄┄┄┄┄┄┄┄┄┄┄┄┄┄┄┄┄┄┄┄┄┄┄┄┄┄┄┄┄┄┄┄┄┄┄┄┄┄┄┄┄┄┄┄┄┄┄┄┄┄┄┄┄┄┄┄┄┄┄┄┄┄┄┄┄┄┄┄┄┄┄┄┄┄┄┄┄┄┄┄┄┄┄
│ 07:38:47.706 (+0:00:00.111360)
├┄┄┄┄┄┄┄┄┄┄┄┄┄┄┄┄┄┄┄┄┄┄┄┄┄┄┄┄┄┄┄┄┄┄┄┄┄┄┄┄┄┄┄┄┄┄┄┄┄┄┄┄┄┄┄┄┄┄┄┄┄┄┄┄┄┄┄┄┄┄┄┄┄┄┄┄┄┄┄┄┄┄┄┄┄┄┄┄┄┄┄┄┄┄┄┄┄┄┄┄┄┄┄┄┄┄┄┄┄┄┄┄┄┄┄┄┄┄┄
│ 🐛 💾 Database: Database opened
└───────────────────────────────────────────────────────────────────────────────────────────────────────────────────────
┌───────────────────────────────────────────────────────────────────────────────────────────────────────────────────────
│ {id: 1}
├┄┄┄┄┄┄┄┄┄┄┄┄┄┄┄┄┄┄┄┄┄┄┄┄┄┄┄┄┄┄┄┄┄┄┄┄┄┄┄┄┄┄┄┄┄┄┄┄┄┄┄┄┄┄┄┄┄┄┄┄┄┄┄┄┄┄┄┄┄┄┄┄┄┄┄┄┄┄┄┄┄┄┄┄┄┄┄┄┄┄┄┄┄┄┄┄┄┄┄┄┄┄┄┄┄┄┄┄┄┄┄┄┄┄┄┄┄┄┄
│ #0   AppLogger.database (package:filler/core/logging.dart:49:13)
│ #1   AppDatabase.insertCanvas (package:filler/data/database.dart:234:17)
│ #2   <asynchronous suspension>
│ #3   CanvasRepository.add (package:filler/domain/repositories.dart:90:24)
│ #4   <asynchronous suspension>
│ #5   main.<anonymous closure>.<anonymous closure> (file:///Users/mr42/code/flutter/tmp/filler/test/integration/platform_specific_test.dart:43:28)
│ #6   <asynchronous suspension>
│ #7   Declarer.test.<anonymous closure>.<anonymous closure> (package:test_api/src/backend/declarer.dart:242:9)
├┄┄┄┄┄┄┄┄┄┄┄┄┄┄┄┄┄┄┄┄┄┄┄┄┄┄┄┄┄┄┄┄┄┄┄┄┄┄┄┄┄┄┄┄┄┄┄┄┄┄┄┄┄┄┄┄┄┄┄┄┄┄┄┄┄┄┄┄┄┄┄┄┄┄┄┄┄┄┄┄┄┄┄┄┄┄┄┄┄┄┄┄┄┄┄┄┄┄┄┄┄┄┄┄┄┄┄┄┄┄┄┄┄┄┄┄┄┄┄
│ 07:38:47.713 (+0:00:00.117633)
├┄┄┄┄┄┄┄┄┄┄┄┄┄┄┄┄┄┄┄┄┄┄┄┄┄┄┄┄┄┄┄┄┄┄┄┄┄┄┄┄┄┄┄┄┄┄┄┄┄┄┄┄┄┄┄┄┄┄┄┄┄┄┄┄┄┄┄┄┄┄┄┄┄┄┄┄┄┄┄┄┄┄┄┄┄┄┄┄┄┄┄┄┄┄┄┄┄┄┄┄┄┄┄┄┄┄┄┄┄┄┄┄┄┄┄┄┄┄┄
│ 🐛 💾 Database: Canvas inserted with ID
└───────────────────────────────────────────────────────────────────────────────────────────────────────────────────────
┌───────────────────────────────────────────────────────────────────────────────────────────────────────────────────────
│ {id: 1, title: Platform Test Canvas, insertTime: 71ms}
├┄┄┄┄┄┄┄┄┄┄┄┄┄┄┄┄┄┄┄┄┄┄┄┄┄┄┄┄┄┄┄┄┄┄┄┄┄┄┄┄┄┄┄┄┄┄┄┄┄┄┄┄┄┄┄┄┄┄┄┄┄┄┄┄┄┄┄┄┄┄┄┄┄┄┄┄┄┄┄┄┄┄┄┄┄┄┄┄┄┄┄┄┄┄┄┄┄┄┄┄┄┄┄┄┄┄┄┄┄┄┄┄┄┄┄┄┄┄┄
│ #0   AppLogger.database (package:filler/core/logging.dart:49:13)
│ #1   CanvasRepository.add (package:filler/domain/repositories.dart:103:17)
│ #2   <asynchronous suspension>
│ #3   main.<anonymous closure>.<anonymous closure> (file:///Users/mr42/code/flutter/tmp/filler/test/integration/platform_specific_test.dart:43:28)
│ #4   <asynchronous suspension>
│ #5   Declarer.test.<anonymous closure>.<anonymous closure> (package:test_api/src/backend/declarer.dart:242:9)
│ #6   <asynchronous suspension>
│ #7   Declarer.test.<anonymous closure> (package:test_api/src/backend/declarer.dart:240:7)
├┄┄┄┄┄┄┄┄┄┄┄┄┄┄┄┄┄┄┄┄┄┄┄┄┄┄┄┄┄┄┄┄┄┄┄┄┄┄┄┄┄┄┄┄┄┄┄┄┄┄┄┄┄┄┄┄┄┄┄┄┄┄┄┄┄┄┄┄┄┄┄┄┄┄┄┄┄┄┄┄┄┄┄┄┄┄┄┄┄┄┄┄┄┄┄┄┄┄┄┄┄┄┄┄┄┄┄┄┄┄┄┄┄┄┄┄┄┄┄
│ 07:38:47.715 (+0:00:00.119671)
├┄┄┄┄┄┄┄┄┄┄┄┄┄┄┄┄┄┄┄┄┄┄┄┄┄┄┄┄┄┄┄┄┄┄┄┄┄┄┄┄┄┄┄┄┄┄┄┄┄┄┄┄┄┄┄┄┄┄┄┄┄┄┄┄┄┄┄┄┄┄┄┄┄┄┄┄┄┄┄┄┄┄┄┄┄┄┄┄┄┄┄┄┄┄┄┄┄┄┄┄┄┄┄┄┄┄┄┄┄┄┄┄┄┄┄┄┄┄┄
│ 🐛 💾 Database: Canvas created successfully
└───────────────────────────────────────────────────────────────────────────────────────────────────────────────────────
┌───────────────────────────────────────────────────────────────────────────────────────────────────────────────────────
│ {id: 1}
├┄┄┄┄┄┄┄┄┄┄┄┄┄┄┄┄┄┄┄┄┄┄┄┄┄┄┄┄┄┄┄┄┄┄┄┄┄┄┄┄┄┄┄┄┄┄┄┄┄┄┄┄┄┄┄┄┄┄┄┄┄┄┄┄┄┄┄┄┄┄┄┄┄┄┄┄┄┄┄┄┄┄┄┄┄┄┄┄┄┄┄┄┄┄┄┄┄┄┄┄┄┄┄┄┄┄┄┄┄┄┄┄┄┄┄┄┄┄┄
│ #0   AppLogger.database (package:filler/core/logging.dart:49:13)
│ #1   CanvasRepository.getById (package:filler/domain/repositories.dart:49:15)
│ #2   main.<anonymous closure>.<anonymous closure> (file:///Users/mr42/code/flutter/tmp/filler/test/integration/platform_specific_test.dart:57:48)
│ #3   <asynchronous suspension>
│ #4   Declarer.test.<anonymous closure>.<anonymous closure> (package:test_api/src/backend/declarer.dart:242:9)
│ #5   <asynchronous suspension>
│ #6   Declarer.test.<anonymous closure> (package:test_api/src/backend/declarer.dart:240:7)
│ #7   <asynchronous suspension>
├┄┄┄┄┄┄┄┄┄┄┄┄┄┄┄┄┄┄┄┄┄┄┄┄┄┄┄┄┄┄┄┄┄┄┄┄┄┄┄┄┄┄┄┄┄┄┄┄┄┄┄┄┄┄┄┄┄┄┄┄┄┄┄┄┄┄┄┄┄┄┄┄┄┄┄┄┄┄┄┄┄┄┄┄┄┄┄┄┄┄┄┄┄┄┄┄┄┄┄┄┄┄┄┄┄┄┄┄┄┄┄┄┄┄┄┄┄┄┄
│ 07:38:47.722 (+0:00:00.126735)
├┄┄┄┄┄┄┄┄┄┄┄┄┄┄┄┄┄┄┄┄┄┄┄┄┄┄┄┄┄┄┄┄┄┄┄┄┄┄┄┄┄┄┄┄┄┄┄┄┄┄┄┄┄┄┄┄┄┄┄┄┄┄┄┄┄┄┄┄┄┄┄┄┄┄┄┄┄┄┄┄┄┄┄┄┄┄┄┄┄┄┄┄┄┄┄┄┄┄┄┄┄┄┄┄┄┄┄┄┄┄┄┄┄┄┄┄┄┄┄
│ 🐛 💾 Database: Fetching canvas by ID
└───────────────────────────────────────────────────────────────────────────────────────────────────────────────────────
┌───────────────────────────────────────────────────────────────────────────────────────────────────────────────────────
│ {id: 1, found: true, title: Platform Test Canvas}
├┄┄┄┄┄┄┄┄┄┄┄┄┄┄┄┄┄┄┄┄┄┄┄┄┄┄┄┄┄┄┄┄┄┄┄┄┄┄┄┄┄┄┄┄┄┄┄┄┄┄┄┄┄┄┄┄┄┄┄┄┄┄┄┄┄┄┄┄┄┄┄┄┄┄┄┄┄┄┄┄┄┄┄┄┄┄┄┄┄┄┄┄┄┄┄┄┄┄┄┄┄┄┄┄┄┄┄┄┄┄┄┄┄┄┄┄┄┄┄
│ #0   AppLogger.database (package:filler/core/logging.dart:49:13)
│ #1   CanvasRepository.getById (package:filler/domain/repositories.dart:52:17)
│ #2   <asynchronous suspension>
│ #3   main.<anonymous closure>.<anonymous closure> (file:///Users/mr42/code/flutter/tmp/filler/test/integration/platform_specific_test.dart:57:31)
│ #4   <asynchronous suspension>
│ #5   Declarer.test.<anonymous closure>.<anonymous closure> (package:test_api/src/backend/declarer.dart:242:9)
│ #6   <asynchronous suspension>
│ #7   Declarer.test.<anonymous closure> (package:test_api/src/backend/declarer.dart:240:7)
├┄┄┄┄┄┄┄┄┄┄┄┄┄┄┄┄┄┄┄┄┄┄┄┄┄┄┄┄┄┄┄┄┄┄┄┄┄┄┄┄┄┄┄┄┄┄┄┄┄┄┄┄┄┄┄┄┄┄┄┄┄┄┄┄┄┄┄┄┄┄┄┄┄┄┄┄┄┄┄┄┄┄┄┄┄┄┄┄┄┄┄┄┄┄┄┄┄┄┄┄┄┄┄┄┄┄┄┄┄┄┄┄┄┄┄┄┄┄┄
│ 07:38:47.732 (+0:00:00.136737)
├┄┄┄┄┄┄┄┄┄┄┄┄┄┄┄┄┄┄┄┄┄┄┄┄┄┄┄┄┄┄┄┄┄┄┄┄┄┄┄┄┄┄┄┄┄┄┄┄┄┄┄┄┄┄┄┄┄┄┄┄┄┄┄┄┄┄┄┄┄┄┄┄┄┄┄┄┄┄┄┄┄┄┄┄┄┄┄┄┄┄┄┄┄┄┄┄┄┄┄┄┄┄┄┄┄┄┄┄┄┄┄┄┄┄┄┄┄┄┄
│ 🐛 💾 Database: Canvas fetch result
└───────────────────────────────────────────────────────────────────────────────────────────────────────────────────────
┌───────────────────────────────────────────────────────────────────────────────────────────────────────────────────────
│ {width: 12, height: 10, insets: 2, defaultPattern: 1, themeMode: 2}
├┄┄┄┄┄┄┄┄┄┄┄┄┄┄┄┄┄┄┄┄┄┄┄┄┄┄┄┄┄┄┄┄┄┄┄┄┄┄┄┄┄┄┄┄┄┄┄┄┄┄┄┄┄┄┄┄┄┄┄┄┄┄┄┄┄┄┄┄┄┄┄┄┄┄┄┄┄┄┄┄┄┄┄┄┄┄┄┄┄┄┄┄┄┄┄┄┄┄┄┄┄┄┄┄┄┄┄┄┄┄┄┄┄┄┄┄┄┄┄
│ #0   AppLogger.preferences (package:filler/core/logging.dart:64:13)
│ #1   PreferencesRepository.save (package:filler/domain/repositories.dart:541:15)
│ #2   main.<anonymous closure>.<anonymous closure> (file:///Users/mr42/code/flutter/tmp/filler/test/integration/platform_specific_test.dart:63:23)
│ #3   <asynchronous suspension>
│ #4   Declarer.test.<anonymous closure>.<anonymous closure> (package:test_api/src/backend/declarer.dart:242:9)
│ #5   <asynchronous suspension>
│ #6   Declarer.test.<anonymous closure> (package:test_api/src/backend/declarer.dart:240:7)
│ #7   <asynchronous suspension>
├┄┄┄┄┄┄┄┄┄┄┄┄┄┄┄┄┄┄┄┄┄┄┄┄┄┄┄┄┄┄┄┄┄┄┄┄┄┄┄┄┄┄┄┄┄┄┄┄┄┄┄┄┄┄┄┄┄┄┄┄┄┄┄┄┄┄┄┄┄┄┄┄┄┄┄┄┄┄┄┄┄┄┄┄┄┄┄┄┄┄┄┄┄┄┄┄┄┄┄┄┄┄┄┄┄┄┄┄┄┄┄┄┄┄┄┄┄┄┄
│ 07:38:47.735 (+0:00:00.140211)
├┄┄┄┄┄┄┄┄┄┄┄┄┄┄┄┄┄┄┄┄┄┄┄┄┄┄┄┄┄┄┄┄┄┄┄┄┄┄┄┄┄┄┄┄┄┄┄┄┄┄┄┄┄┄┄┄┄┄┄┄┄┄┄┄┄┄┄┄┄┄┄┄┄┄┄┄┄┄┄┄┄┄┄┄┄┄┄┄┄┄┄┄┄┄┄┄┄┄┄┄┄┄┄┄┄┄┄┄┄┄┄┄┄┄┄┄┄┄┄
│ 🐛 ⚙️ Preferences: Saving preferences to key-value store
└───────────────────────────────────────────────────────────────────────────────────────────────────────────────────────
┌───────────────────────────────────────────────────────────────────────────────────────────────────────────────────────
│ {key: width, value: 12, type: int}
├┄┄┄┄┄┄┄┄┄┄┄┄┄┄┄┄┄┄┄┄┄┄┄┄┄┄┄┄┄┄┄┄┄┄┄┄┄┄┄┄┄┄┄┄┄┄┄┄┄┄┄┄┄┄┄┄┄┄┄┄┄┄┄┄┄┄┄┄┄┄┄┄┄┄┄┄┄┄┄┄┄┄┄┄┄┄┄┄┄┄┄┄┄┄┄┄┄┄┄┄┄┄┄┄┄┄┄┄┄┄┄┄┄┄┄┄┄┄┄
│ #0   AppLogger.database (package:filler/core/logging.dart:49:13)
│ #1   AppDatabase.setPreferenceValue (package:filler/data/database.dart:301:15)
│ #2   PreferencesRepository.save (package:filler/domain/repositories.dart:557:13)
│ #3   main.<anonymous closure>.<anonymous closure> (file:///Users/mr42/code/flutter/tmp/filler/test/integration/platform_specific_test.dart:63:23)
│ #4   <asynchronous suspension>
│ #5   Declarer.test.<anonymous closure>.<anonymous closure> (package:test_api/src/backend/declarer.dart:242:9)
│ #6   <asynchronous suspension>
│ #7   Declarer.test.<anonymous closure> (package:test_api/src/backend/declarer.dart:240:7)
├┄┄┄┄┄┄┄┄┄┄┄┄┄┄┄┄┄┄┄┄┄┄┄┄┄┄┄┄┄┄┄┄┄┄┄┄┄┄┄┄┄┄┄┄┄┄┄┄┄┄┄┄┄┄┄┄┄┄┄┄┄┄┄┄┄┄┄┄┄┄┄┄┄┄┄┄┄┄┄┄┄┄┄┄┄┄┄┄┄┄┄┄┄┄┄┄┄┄┄┄┄┄┄┄┄┄┄┄┄┄┄┄┄┄┄┄┄┄┄
│ 07:38:47.738 (+0:00:00.142731)
├┄┄┄┄┄┄┄┄┄┄┄┄┄┄┄┄┄┄┄┄┄┄┄┄┄┄┄┄┄┄┄┄┄┄┄┄┄┄┄┄┄┄┄┄┄┄┄┄┄┄┄┄┄┄┄┄┄┄┄┄┄┄┄┄┄┄┄┄┄┄┄┄┄┄┄┄┄┄┄┄┄┄┄┄┄┄┄┄┄┄┄┄┄┄┄┄┄┄┄┄┄┄┄┄┄┄┄┄┄┄┄┄┄┄┄┄┄┄┄
│ 🐛 💾 Database: Setting preference value
└───────────────────────────────────────────────────────────────────────────────────────────────────────────────────────
┌───────────────────────────────────────────────────────────────────────────────────────────────────────────────────────
│ {key: height, value: 10, type: int}
├┄┄┄┄┄┄┄┄┄┄┄┄┄┄┄┄┄┄┄┄┄┄┄┄┄┄┄┄┄┄┄┄┄┄┄┄┄┄┄┄┄┄┄┄┄┄┄┄┄┄┄┄┄┄┄┄┄┄┄┄┄┄┄┄┄┄┄┄┄┄┄┄┄┄┄┄┄┄┄┄┄┄┄┄┄┄┄┄┄┄┄┄┄┄┄┄┄┄┄┄┄┄┄┄┄┄┄┄┄┄┄┄┄┄┄┄┄┄┄
│ #0   AppLogger.database (package:filler/core/logging.dart:49:13)
│ #1   AppDatabase.setPreferenceValue (package:filler/data/database.dart:301:15)
│ #2   PreferencesRepository.save (package:filler/domain/repositories.dart:558:13)
│ #3   main.<anonymous closure>.<anonymous closure> (file:///Users/mr42/code/flutter/tmp/filler/test/integration/platform_specific_test.dart:63:23)
│ #4   <asynchronous suspension>
│ #5   Declarer.test.<anonymous closure>.<anonymous closure> (package:test_api/src/backend/declarer.dart:242:9)
│ #6   <asynchronous suspension>
│ #7   Declarer.test.<anonymous closure> (package:test_api/src/backend/declarer.dart:240:7)
├┄┄┄┄┄┄┄┄┄┄┄┄┄┄┄┄┄┄┄┄┄┄┄┄┄┄┄┄┄┄┄┄┄┄┄┄┄┄┄┄┄┄┄┄┄┄┄┄┄┄┄┄┄┄┄┄┄┄┄┄┄┄┄┄┄┄┄┄┄┄┄┄┄┄┄┄┄┄┄┄┄┄┄┄┄┄┄┄┄┄┄┄┄┄┄┄┄┄┄┄┄┄┄┄┄┄┄┄┄┄┄┄┄┄┄┄┄┄┄
│ 07:38:47.744 (+0:00:00.148520)
├┄┄┄┄┄┄┄┄┄┄┄┄┄┄┄┄┄┄┄┄┄┄┄┄┄┄┄┄┄┄┄┄┄┄┄┄┄┄┄┄┄┄┄┄┄┄┄┄┄┄┄┄┄┄┄┄┄┄┄┄┄┄┄┄┄┄┄┄┄┄┄┄┄┄┄┄┄┄┄┄┄┄┄┄┄┄┄┄┄┄┄┄┄┄┄┄┄┄┄┄┄┄┄┄┄┄┄┄┄┄┄┄┄┄┄┄┄┄┄
│ 🐛 💾 Database: Setting preference value
└───────────────────────────────────────────────────────────────────────────────────────────────────────────────────────
┌───────────────────────────────────────────────────────────────────────────────────────────────────────────────────────
│ {key: insets, value: 2, type: int}
├┄┄┄┄┄┄┄┄┄┄┄┄┄┄┄┄┄┄┄┄┄┄┄┄┄┄┄┄┄┄┄┄┄┄┄┄┄┄┄┄┄┄┄┄┄┄┄┄┄┄┄┄┄┄┄┄┄┄┄┄┄┄┄┄┄┄┄┄┄┄┄┄┄┄┄┄┄┄┄┄┄┄┄┄┄┄┄┄┄┄┄┄┄┄┄┄┄┄┄┄┄┄┄┄┄┄┄┄┄┄┄┄┄┄┄┄┄┄┄
│ #0   AppLogger.database (package:filler/core/logging.dart:49:13)
│ #1   AppDatabase.setPreferenceValue (package:filler/data/database.dart:301:15)
│ #2   PreferencesRepository.save (package:filler/domain/repositories.dart:559:13)
│ #3   main.<anonymous closure>.<anonymous closure> (file:///Users/mr42/code/flutter/tmp/filler/test/integration/platform_specific_test.dart:63:23)
│ #4   <asynchronous suspension>
│ #5   Declarer.test.<anonymous closure>.<anonymous closure> (package:test_api/src/backend/declarer.dart:242:9)
│ #6   <asynchronous suspension>
│ #7   Declarer.test.<anonymous closure> (package:test_api/src/backend/declarer.dart:240:7)
├┄┄┄┄┄┄┄┄┄┄┄┄┄┄┄┄┄┄┄┄┄┄┄┄┄┄┄┄┄┄┄┄┄┄┄┄┄┄┄┄┄┄┄┄┄┄┄┄┄┄┄┄┄┄┄┄┄┄┄┄┄┄┄┄┄┄┄┄┄┄┄┄┄┄┄┄┄┄┄┄┄┄┄┄┄┄┄┄┄┄┄┄┄┄┄┄┄┄┄┄┄┄┄┄┄┄┄┄┄┄┄┄┄┄┄┄┄┄┄
│ 07:38:47.745 (+0:00:00.150255)
├┄┄┄┄┄┄┄┄┄┄┄┄┄┄┄┄┄┄┄┄┄┄┄┄┄┄┄┄┄┄┄┄┄┄┄┄┄┄┄┄┄┄┄┄┄┄┄┄┄┄┄┄┄┄┄┄┄┄┄┄┄┄┄┄┄┄┄┄┄┄┄┄┄┄┄┄┄┄┄┄┄┄┄┄┄┄┄┄┄┄┄┄┄┄┄┄┄┄┄┄┄┄┄┄┄┄┄┄┄┄┄┄┄┄┄┄┄┄┄
│ 🐛 💾 Database: Setting preference value
└───────────────────────────────────────────────────────────────────────────────────────────────────────────────────────
┌───────────────────────────────────────────────────────────────────────────────────────────────────────────────────────
│ {key: defaultPattern, value: 1, type: int}
├┄┄┄┄┄┄┄┄┄┄┄┄┄┄┄┄┄┄┄┄┄┄┄┄┄┄┄┄┄┄┄┄┄┄┄┄┄┄┄┄┄┄┄┄┄┄┄┄┄┄┄┄┄┄┄┄┄┄┄┄┄┄┄┄┄┄┄┄┄┄┄┄┄┄┄┄┄┄┄┄┄┄┄┄┄┄┄┄┄┄┄┄┄┄┄┄┄┄┄┄┄┄┄┄┄┄┄┄┄┄┄┄┄┄┄┄┄┄┄
│ #0   AppLogger.database (package:filler/core/logging.dart:49:13)
│ #1   AppDatabase.setPreferenceValue (package:filler/data/database.dart:301:15)
│ #2   PreferencesRepository.save (package:filler/domain/repositories.dart:560:13)
│ #3   main.<anonymous closure>.<anonymous closure> (file:///Users/mr42/code/flutter/tmp/filler/test/integration/platform_specific_test.dart:63:23)
│ #4   <asynchronous suspension>
│ #5   Declarer.test.<anonymous closure>.<anonymous closure> (package:test_api/src/backend/declarer.dart:242:9)
│ #6   <asynchronous suspension>
│ #7   Declarer.test.<anonymous closure> (package:test_api/src/backend/declarer.dart:240:7)
├┄┄┄┄┄┄┄┄┄┄┄┄┄┄┄┄┄┄┄┄┄┄┄┄┄┄┄┄┄┄┄┄┄┄┄┄┄┄┄┄┄┄┄┄┄┄┄┄┄┄┄┄┄┄┄┄┄┄┄┄┄┄┄┄┄┄┄┄┄┄┄┄┄┄┄┄┄┄┄┄┄┄┄┄┄┄┄┄┄┄┄┄┄┄┄┄┄┄┄┄┄┄┄┄┄┄┄┄┄┄┄┄┄┄┄┄┄┄┄
│ 07:38:47.750 (+0:00:00.154749)
├┄┄┄┄┄┄┄┄┄┄┄┄┄┄┄┄┄┄┄┄┄┄┄┄┄┄┄┄┄┄┄┄┄┄┄┄┄┄┄┄┄┄┄┄┄┄┄┄┄┄┄┄┄┄┄┄┄┄┄┄┄┄┄┄┄┄┄┄┄┄┄┄┄┄┄┄┄┄┄┄┄┄┄┄┄┄┄┄┄┄┄┄┄┄┄┄┄┄┄┄┄┄┄┄┄┄┄┄┄┄┄┄┄┄┄┄┄┄┄
│ 🐛 💾 Database: Setting preference value
└───────────────────────────────────────────────────────────────────────────────────────────────────────────────────────
┌───────────────────────────────────────────────────────────────────────────────────────────────────────────────────────
│ {key: themeMode, value: 2, type: int}
├┄┄┄┄┄┄┄┄┄┄┄┄┄┄┄┄┄┄┄┄┄┄┄┄┄┄┄┄┄┄┄┄┄┄┄┄┄┄┄┄┄┄┄┄┄┄┄┄┄┄┄┄┄┄┄┄┄┄┄┄┄┄┄┄┄┄┄┄┄┄┄┄┄┄┄┄┄┄┄┄┄┄┄┄┄┄┄┄┄┄┄┄┄┄┄┄┄┄┄┄┄┄┄┄┄┄┄┄┄┄┄┄┄┄┄┄┄┄┄
│ #0   AppLogger.database (package:filler/core/logging.dart:49:13)
│ #1   AppDatabase.setPreferenceValue (package:filler/data/database.dart:301:15)
│ #2   PreferencesRepository.save (package:filler/domain/repositories.dart:565:13)
│ #3   main.<anonymous closure>.<anonymous closure> (file:///Users/mr42/code/flutter/tmp/filler/test/integration/platform_specific_test.dart:63:23)
│ #4   <asynchronous suspension>
│ #5   Declarer.test.<anonymous closure>.<anonymous closure> (package:test_api/src/backend/declarer.dart:242:9)
│ #6   <asynchronous suspension>
│ #7   Declarer.test.<anonymous closure> (package:test_api/src/backend/declarer.dart:240:7)
├┄┄┄┄┄┄┄┄┄┄┄┄┄┄┄┄┄┄┄┄┄┄┄┄┄┄┄┄┄┄┄┄┄┄┄┄┄┄┄┄┄┄┄┄┄┄┄┄┄┄┄┄┄┄┄┄┄┄┄┄┄┄┄┄┄┄┄┄┄┄┄┄┄┄┄┄┄┄┄┄┄┄┄┄┄┄┄┄┄┄┄┄┄┄┄┄┄┄┄┄┄┄┄┄┄┄┄┄┄┄┄┄┄┄┄┄┄┄┄
│ 07:38:47.753 (+0:00:00.158154)
├┄┄┄┄┄┄┄┄┄┄┄┄┄┄┄┄┄┄┄┄┄┄┄┄┄┄┄┄┄┄┄┄┄┄┄┄┄┄┄┄┄┄┄┄┄┄┄┄┄┄┄┄┄┄┄┄┄┄┄┄┄┄┄┄┄┄┄┄┄┄┄┄┄┄┄┄┄┄┄┄┄┄┄┄┄┄┄┄┄┄┄┄┄┄┄┄┄┄┄┄┄┄┄┄┄┄┄┄┄┄┄┄┄┄┄┄┄┄┄
│ 🐛 💾 Database: Setting preference value
└───────────────────────────────────────────────────────────────────────────────────────────────────────────────────────

00:01 +0: /Users/mr42/code/flutter/tmp/filler/test/integration/app_flow_test.dart: (setUpAll)                                                                                                          
[38;5;12m┌───────────────────────────────────────────────────────────────────────────────────────────────────────────────────────[0m
[38;5;12m│ #0   AppLogger.initialize (package:filler/core/logging.dart:24:13)[0m
[38;5;12m│ #1   TestHelpers.initializeLogging (file:///Users/mr42/code/flutter/tmp/filler/test/helpers/test_helpers.dart:25:15)[0m
[38;5;12m├┄┄┄┄┄┄┄┄┄┄┄┄┄┄┄┄┄┄┄┄┄┄┄┄┄┄┄┄┄┄┄┄┄┄┄┄┄┄┄┄┄┄┄┄┄┄┄┄┄┄┄┄┄┄┄┄┄┄┄┄┄┄┄┄┄┄┄┄┄┄┄┄┄┄┄┄┄┄┄┄┄┄┄┄┄┄┄┄┄┄┄┄┄┄┄┄┄┄┄┄┄┄┄┄┄┄┄┄┄┄┄┄┄┄┄┄┄┄┄[0m
[38;5;12m│ 07:38:47.744 (+0:00:00.001273)[0m
[38;5;12m├┄┄┄┄┄┄┄┄┄┄┄┄┄┄┄┄┄┄┄┄┄┄┄┄┄┄┄┄┄┄┄┄┄┄┄┄┄┄┄┄┄┄┄┄┄┄┄┄┄┄┄┄┄┄┄┄┄┄┄┄┄┄┄┄┄┄┄┄┄┄┄┄┄┄┄┄┄┄┄┄┄┄┄┄┄┄┄┄┄┄┄┄┄┄┄┄┄┄┄┄┄┄┄┄┄┄┄┄┄┄┄┄┄┄┄┄┄┄┄[0m
[38;5;12m│ 💡 🚀 AppLogger initialized (debug: true)[0m
[38;5;12m└───────────────────────────────────────────────────────────────────────────────────────────────────────────────────────[0m

00:01 +0: /Users/mr42/code/flutter/tmp/filler/test/integration/platform_specific_test.dart: Platform-Specific Database Integration Database Connection Works on Current Platform                       
00:01 +0: /Users/mr42/code/flutter/tmp/filler/test/integration/platform_specific_test.dart: Platform-Specific Database Integration Database Connection Works on Current Platform                       
┌───────────────────────────────────────────────────────────────────────────────────────────────────────────────────────
│ {key: width, value: 12}
├┄┄┄┄┄┄┄┄┄┄┄┄┄┄┄┄┄┄┄┄┄┄┄┄┄┄┄┄┄┄┄┄┄┄┄┄┄┄┄┄┄┄┄┄┄┄┄┄┄┄┄┄┄┄┄┄┄┄┄┄┄┄┄┄┄┄┄┄┄┄┄┄┄┄┄┄┄┄┄┄┄┄┄┄┄┄┄┄┄┄┄┄┄┄┄┄┄┄┄┄┄┄┄┄┄┄┄┄┄┄┄┄┄┄┄┄┄┄┄
│ #0   AppLogger.database (package:filler/core/logging.dart:49:13)
│ #1   AppDatabase.setPreferenceValue (package:filler/data/database.dart:337:17)
│ #2   <asynchronous suspension>
│ #3   Future.wait.<anonymous closure> (dart:async/future.dart:525:21)
│ #4   <asynchronous suspension>
│ #5   PreferencesRepository.save (package:filler/domain/repositories.dart:556:7)
│ #6   <asynchronous suspension>
│ #7   main.<anonymous closure>.<anonymous closure> (file:///Users/mr42/code/flutter/tmp/filler/test/integration/platform_specific_test.dart:63:7)
├┄┄┄┄┄┄┄┄┄┄┄┄┄┄┄┄┄┄┄┄┄┄┄┄┄┄┄┄┄┄┄┄┄┄┄┄┄┄┄┄┄┄┄┄┄┄┄┄┄┄┄┄┄┄┄┄┄┄┄┄┄┄┄┄┄┄┄┄┄┄┄┄┄┄┄┄┄┄┄┄┄┄┄┄┄┄┄┄┄┄┄┄┄┄┄┄┄┄┄┄┄┄┄┄┄┄┄┄┄┄┄┄┄┄┄┄┄┄┄
│ 07:38:47.758 (+0:00:00.163341)
├┄┄┄┄┄┄┄┄┄┄┄┄┄┄┄┄┄┄┄┄┄┄┄┄┄┄┄┄┄┄┄┄┄┄┄┄┄┄┄┄┄┄┄┄┄┄┄┄┄┄┄┄┄┄┄┄┄┄┄┄┄┄┄┄┄┄┄┄┄┄┄┄┄┄┄┄┄┄┄┄┄┄┄┄┄┄┄┄┄┄┄┄┄┄┄┄┄┄┄┄┄┄┄┄┄┄┄┄┄┄┄┄┄┄┄┄┄┄┄
│ 🐛 💾 Database: Preference value saved
└───────────────────────────────────────────────────────────────────────────────────────────────────────────────────────
┌───────────────────────────────────────────────────────────────────────────────────────────────────────────────────────
│ {key: height, value: 10}
├┄┄┄┄┄┄┄┄┄┄┄┄┄┄┄┄┄┄┄┄┄┄┄┄┄┄┄┄┄┄┄┄┄┄┄┄┄┄┄┄┄┄┄┄┄┄┄┄┄┄┄┄┄┄┄┄┄┄┄┄┄┄┄┄┄┄┄┄┄┄┄┄┄┄┄┄┄┄┄┄┄┄┄┄┄┄┄┄┄┄┄┄┄┄┄┄┄┄┄┄┄┄┄┄┄┄┄┄┄┄┄┄┄┄┄┄┄┄┄
│ #0   AppLogger.database (package:filler/core/logging.dart:49:13)
│ #1   AppDatabase.setPreferenceValue (package:filler/data/database.dart:337:17)
│ #2   <asynchronous suspension>
│ #3   Future.wait.<anonymous closure> (dart:async/future.dart:525:21)
│ #4   <asynchronous suspension>
│ #5   PreferencesRepository.save (package:filler/domain/repositories.dart:556:7)
│ #6   <asynchronous suspension>
│ #7   main.<anonymous closure>.<anonymous closure> (file:///Users/mr42/code/flutter/tmp/filler/test/integration/platform_specific_test.dart:63:7)
├┄┄┄┄┄┄┄┄┄┄┄┄┄┄┄┄┄┄┄┄┄┄┄┄┄┄┄┄┄┄┄┄┄┄┄┄┄┄┄┄┄┄┄┄┄┄┄┄┄┄┄┄┄┄┄┄┄┄┄┄┄┄┄┄┄┄┄┄┄┄┄┄┄┄┄┄┄┄┄┄┄┄┄┄┄┄┄┄┄┄┄┄┄┄┄┄┄┄┄┄┄┄┄┄┄┄┄┄┄┄┄┄┄┄┄┄┄┄┄
│ 07:38:47.760 (+0:00:00.165094)
├┄┄┄┄┄┄┄┄┄┄┄┄┄┄┄┄┄┄┄┄┄┄┄┄┄┄┄┄┄┄┄┄┄┄┄┄┄┄┄┄┄┄┄┄┄┄┄┄┄┄┄┄┄┄┄┄┄┄┄┄┄┄┄┄┄┄┄┄┄┄┄┄┄┄┄┄┄┄┄┄┄┄┄┄┄┄┄┄┄┄┄┄┄┄┄┄┄┄┄┄┄┄┄┄┄┄┄┄┄┄┄┄┄┄┄┄┄┄┄
│ 🐛 💾 Database: Preference value saved
└───────────────────────────────────────────────────────────────────────────────────────────────────────────────────────
┌───────────────────────────────────────────────────────────────────────────────────────────────────────────────────────

00:01 +0: /Users/mr42/code/flutter/tmp/filler/test/integration/app_flow_test.dart: App Flow Integration Tests complete canvas creation and retrieval flow                                              
┌───────────────────────────────────────────────────────────────────────────────────────────────────────────────────────
│ #0   TestHelpers.createTestDatabase (file:///Users/mr42/code/flutter/tmp/filler/test/helpers/test_helpers.dart:30:24)
│ #1   main.<anonymous closure> (file:///Users/mr42/code/flutter/tmp/filler/test/integration/app_flow_test.dart:15:28)
├┄┄┄┄┄┄┄┄┄┄┄┄┄┄┄┄┄┄┄┄┄┄┄┄┄┄┄┄┄┄┄┄┄┄┄┄┄┄┄┄┄┄┄┄┄┄┄┄┄┄┄┄┄┄┄┄┄┄┄┄┄┄┄┄┄┄┄┄┄┄┄┄┄┄┄┄┄┄┄┄┄┄┄┄┄┄┄┄┄┄┄┄┄┄┄┄┄┄┄┄┄┄┄┄┄┄┄┄┄┄┄┄┄┄┄┄┄┄┄
│ 07:38:47.762 (+0:00:00.019059)
├┄┄┄┄┄┄┄┄┄┄┄┄┄┄┄┄┄┄┄┄┄┄┄┄┄┄┄┄┄┄┄┄┄┄┄┄┄┄┄┄┄┄┄┄┄┄┄┄┄┄┄┄┄┄┄┄┄┄┄┄┄┄┄┄┄┄┄┄┄┄┄┄┄┄┄┄┄┄┄┄┄┄┄┄┄┄┄┄┄┄┄┄┄┄┄┄┄┄┄┄┄┄┄┄┄┄┄┄┄┄┄┄┄┄┄┄┄┄┄
│ 🐛 🗄️ Creating test database
└───────────────────────────────────────────────────────────────────────────────────────────────────────────────────────

00:01 +0: /Users/mr42/code/flutter/tmp/filler/test/integration/platform_specific_test.dart: Platform-Specific Database Integration Database Connection Works on Current Platform                       
│ {key: insets, value: 2}
├┄┄┄┄┄┄┄┄┄┄┄┄┄┄┄┄┄┄┄┄┄┄┄┄┄┄┄┄┄┄┄┄┄┄┄┄┄┄┄┄┄┄┄┄┄┄┄┄┄┄┄┄┄┄┄┄┄┄┄┄┄┄┄┄┄┄┄┄┄┄┄┄┄┄┄┄┄┄┄┄┄┄┄┄┄┄┄┄┄┄┄┄┄┄┄┄┄┄┄┄┄┄┄┄┄┄┄┄┄┄┄┄┄┄┄┄┄┄┄
│ #0   AppLogger.database (package:filler/core/logging.dart:49:13)
│ #1   AppDatabase.setPreferenceValue (package:filler/data/database.dart:337:17)
│ #2   <asynchronous suspension>
│ #3   Future.wait.<anonymous closure> (dart:async/future.dart:525:21)
│ #4   <asynchronous suspension>
│ #5   PreferencesRepository.save (package:filler/domain/repositories.dart:556:7)
│ #6   <asynchronous suspension>
│ #7   main.<anonymous closure>.<anonymous closure> (file:///Users/mr42/code/flutter/tmp/filler/test/integration/platform_specific_test.dart:63:7)
├┄┄┄┄┄┄┄┄┄┄┄┄┄┄┄┄┄┄┄┄┄┄┄┄┄┄┄┄┄┄┄┄┄┄┄┄┄┄┄┄┄┄┄┄┄┄┄┄┄┄┄┄┄┄┄┄┄┄┄┄┄┄┄┄┄┄┄┄┄┄┄┄┄┄┄┄┄┄┄┄┄┄┄┄┄┄┄┄┄┄┄┄┄┄┄┄┄┄┄┄┄┄┄┄┄┄┄┄┄┄┄┄┄┄┄┄┄┄┄
│ 07:38:47.763 (+0:00:00.167652)
├┄┄┄┄┄┄┄┄┄┄┄┄┄┄┄┄┄┄┄┄┄┄┄┄┄┄┄┄┄┄┄┄┄┄┄┄┄┄┄┄┄┄┄┄┄┄┄┄┄┄┄┄┄┄┄┄┄┄┄┄┄┄┄┄┄┄┄┄┄┄┄┄┄┄┄┄┄┄┄┄┄┄┄┄┄┄┄┄┄┄┄┄┄┄┄┄┄┄┄┄┄┄┄┄┄┄┄┄┄┄┄┄┄┄┄┄┄┄┄
│ 🐛 💾 Database: Preference value saved
└───────────────────────────────────────────────────────────────────────────────────────────────────────────────────────
┌───────────────────────────────────────────────────────────────────────────────────────────────────────────────────────
│ {key: defaultPattern, value: 1}
├┄┄┄┄┄┄┄┄┄┄┄┄┄┄┄┄┄┄┄┄┄┄┄┄┄┄┄┄┄┄┄┄┄┄┄┄┄┄┄┄┄┄┄┄┄┄┄┄┄┄┄┄┄┄┄┄┄┄┄┄┄┄┄┄┄┄┄┄┄┄┄┄┄┄┄┄┄┄┄┄┄┄┄┄┄┄┄┄┄┄┄┄┄┄┄┄┄┄┄┄┄┄┄┄┄┄┄┄┄┄┄┄┄┄┄┄┄┄┄
│ #0   AppLogger.database (package:filler/core/logging.dart:49:13)
│ #1   AppDatabase.setPreferenceValue (package:filler/data/database.dart:337:17)
│ #2   <asynchronous suspension>
│ #3   Future.wait.<anonymous closure> (dart:async/future.dart:525:21)
│ #4   <asynchronous suspension>
│ #5   PreferencesRepository.save (package:filler/domain/repositories.dart:556:7)
│ #6   <asynchronous suspension>
│ #7   main.<anonymous closure>.<anonymous closure> (file:///Users/mr42/code/flutter/tmp/filler/test/integration/platform_specific_test.dart:63:7)
├┄┄┄┄┄┄┄┄┄┄┄┄┄┄┄┄┄┄┄┄┄┄┄┄┄┄┄┄┄┄┄┄┄┄┄┄┄┄┄┄┄┄┄┄┄┄┄┄┄┄┄┄┄┄┄┄┄┄┄┄┄┄┄┄┄┄┄┄┄┄┄┄┄┄┄┄┄┄┄┄┄┄┄┄┄┄┄┄┄┄┄┄┄┄┄┄┄┄┄┄┄┄┄┄┄┄┄┄┄┄┄┄┄┄┄┄┄┄┄
│ 07:38:47.766 (+0:00:00.170604)
├┄┄┄┄┄┄┄┄┄┄┄┄┄┄┄┄┄┄┄┄┄┄┄┄┄┄┄┄┄┄┄┄┄┄┄┄┄┄┄┄┄┄┄┄┄┄┄┄┄┄┄┄┄┄┄┄┄┄┄┄┄┄┄┄┄┄┄┄┄┄┄┄┄┄┄┄┄┄┄┄┄┄┄┄┄┄┄┄┄┄┄┄┄┄┄┄┄┄┄┄┄┄┄┄┄┄┄┄┄┄┄┄┄┄┄┄┄┄┄
│ 🐛 💾 Database: Preference value saved
└───────────────────────────────────────────────────────────────────────────────────────────────────────────────────────
┌───────────────────────────────────────────────────────────────────────────────────────────────────────────────────────
│ {key: themeMode, value: 2}
├┄┄┄┄┄┄┄┄┄┄┄┄┄┄┄┄┄┄┄┄┄┄┄┄┄┄┄┄┄┄┄┄┄┄┄┄┄┄┄┄┄┄┄┄┄┄┄┄┄┄┄┄┄┄┄┄┄┄┄┄┄┄┄┄┄┄┄┄┄┄┄┄┄┄┄┄┄┄┄┄┄┄┄┄┄┄┄┄┄┄┄┄┄┄┄┄┄┄┄┄┄┄┄┄┄┄┄┄┄┄┄┄┄┄┄┄┄┄┄
│ #0   AppLogger.database (package:filler/core/logging.dart:49:13)
│ #1   AppDatabase.setPreferenceValue (package:filler/data/database.dart:337:17)
│ #2   <asynchronous suspension>
│ #3   Future.wait.<anonymous closure> (dart:async/future.dart:525:21)
│ #4   <asynchronous suspension>
│ #5   PreferencesRepository.save (package:filler/domain/repositories.dart:556:7)
│ #6   <asynchronous suspension>
│ #7   main.<anonymous closure>.<anonymous closure> (file:///Users/mr42/code/flutter/tmp/filler/test/integration/platform_specific_test.dart:63:7)
├┄┄┄┄┄┄┄┄┄┄┄┄┄┄┄┄┄┄┄┄┄┄┄┄┄┄┄┄┄┄┄┄┄┄┄┄┄┄┄┄┄┄┄┄┄┄┄┄┄┄┄┄┄┄┄┄┄┄┄┄┄┄┄┄┄┄┄┄┄┄┄┄┄┄┄┄┄┄┄┄┄┄┄┄┄┄┄┄┄┄┄┄┄┄┄┄┄┄┄┄┄┄┄┄┄┄┄┄┄┄┄┄┄┄┄┄┄┄┄
│ 07:38:47.767 (+0:00:00.172417)
├┄┄┄┄┄┄┄┄┄┄┄┄┄┄┄┄┄┄┄┄┄┄┄┄┄┄┄┄┄┄┄┄┄┄┄┄┄┄┄┄┄┄┄┄┄┄┄┄┄┄┄┄┄┄┄┄┄┄┄┄┄┄┄┄┄┄┄┄┄┄┄┄┄┄┄┄┄┄┄┄┄┄┄┄┄┄┄┄┄┄┄┄┄┄┄┄┄┄┄┄┄┄┄┄┄┄┄┄┄┄┄┄┄┄┄┄┄┄┄
│ 🐛 💾 Database: Preference value saved
└───────────────────────────────────────────────────────────────────────────────────────────────────────────────────────
┌───────────────────────────────────────────────────────────────────────────────────────────────────────────────────────
│ {saveTime: 32ms, keysUpdated: [width, height, insets, defaultPattern, themeMode]}
├┄┄┄┄┄┄┄┄┄┄┄┄┄┄┄┄┄┄┄┄┄┄┄┄┄┄┄┄┄┄┄┄┄┄┄┄┄┄┄┄┄┄┄┄┄┄┄┄┄┄┄┄┄┄┄┄┄┄┄┄┄┄┄┄┄┄┄┄┄┄┄┄┄┄┄┄┄┄┄┄┄┄┄┄┄┄┄┄┄┄┄┄┄┄┄┄┄┄┄┄┄┄┄┄┄┄┄┄┄┄┄┄┄┄┄┄┄┄┄
│ #0   AppLogger.preferences (package:filler/core/logging.dart:64:13)
│ #1   PreferencesRepository.save (package:filler/domain/repositories.dart:570:17)
│ #2   <asynchronous suspension>
│ #3   main.<anonymous closure>.<anonymous closure> (file:///Users/mr42/code/flutter/tmp/filler/test/integration/platform_specific_test.dart:63:7)
│ #4   <asynchronous suspension>
│ #5   Declarer.test.<anonymous closure>.<anonymous closure> (package:test_api/src/backend/declarer.dart:242:9)
│ #6   <asynchronous suspension>
│ #7   Declarer.test.<anonymous closure> (package:test_api/src/backend/declarer.dart:240:7)
├┄┄┄┄┄┄┄┄┄┄┄┄┄┄┄┄┄┄┄┄┄┄┄┄┄┄┄┄┄┄┄┄┄┄┄┄┄┄┄┄┄┄┄┄┄┄┄┄┄┄┄┄┄┄┄┄┄┄┄┄┄┄┄┄┄┄┄┄┄┄┄┄┄┄┄┄┄┄┄┄┄┄┄┄┄┄┄┄┄┄┄┄┄┄┄┄┄┄┄┄┄┄┄┄┄┄┄┄┄┄┄┄┄┄┄┄┄┄┄
│ 07:38:47.769 (+0:00:00.174505)
├┄┄┄┄┄┄┄┄┄┄┄┄┄┄┄┄┄┄┄┄┄┄┄┄┄┄┄┄┄┄┄┄┄┄┄┄┄┄┄┄┄┄┄┄┄┄┄┄┄┄┄┄┄┄┄┄┄┄┄┄┄┄┄┄┄┄┄┄┄┄┄┄┄┄┄┄┄┄┄┄┄┄┄┄┄┄┄┄┄┄┄┄┄┄┄┄┄┄┄┄┄┄┄┄┄┄┄┄┄┄┄┄┄┄┄┄┄┄┄
│ 🐛 ⚙️ Preferences: All preferences saved successfully
└───────────────────────────────────────────────────────────────────────────────────────────────────────────────────────
┌───────────────────────────────────────────────────────────────────────────────────────────────────────────────────────
│ #0   AppLogger.preferences (package:filler/core/logging.dart:64:13)
│ #1   PreferencesRepository.get (package:filler/domain/repositories.dart:423:15)
├┄┄┄┄┄┄┄┄┄┄┄┄┄┄┄┄┄┄┄┄┄┄┄┄┄┄┄┄┄┄┄┄┄┄┄┄┄┄┄┄┄┄┄┄┄┄┄┄┄┄┄┄┄┄┄┄┄┄┄┄┄┄┄┄┄┄┄┄┄┄┄┄┄┄┄┄┄┄┄┄┄┄┄┄┄┄┄┄┄┄┄┄┄┄┄┄┄┄┄┄┄┄┄┄┄┄┄┄┄┄┄┄┄┄┄┄┄┄┄
│ 07:38:47.772 (+0:00:00.176994)

00:01 +0: /Users/mr42/code/flutter/tmp/filler/test/integration/app_flow_test.dart: App Flow Integration Tests complete canvas creation and retrieval flow                                              
┌───────────────────────────────────────────────────────────────────────────────────────────────────────────────────────
│ {title: Test Canvas, dimensions: 3x3, insets: 1, dataSize: 262 chars}
├┄┄┄┄┄┄┄┄┄┄┄┄┄┄┄┄┄┄┄┄┄┄┄┄┄┄┄┄┄┄┄┄┄┄┄┄┄┄┄┄┄┄┄┄┄┄┄┄┄┄┄┄┄┄┄┄┄┄┄┄┄┄┄┄┄┄┄┄┄┄┄┄┄┄┄┄┄┄┄┄┄┄┄┄┄┄┄┄┄┄┄┄┄┄┄┄┄┄┄┄┄┄┄┄┄┄┄┄┄┄┄┄┄┄┄┄┄┄┄
│ #0   AppLogger.database (package:filler/core/logging.dart:49:13)
│ #1   CanvasRepository.add (package:filler/domain/repositories.dart:78:15)
│ #2   main.<anonymous closure>.<anonymous closure> (file:///Users/mr42/code/flutter/tmp/filler/test/integration/app_flow_test.dart:27:41)
│ #3   Declarer.test.<anonymous closure>.<anonymous closure> (package:test_api/src/backend/declarer.dart:242:19)
│ #4   <asynchronous suspension>
│ #5   Declarer.test.<anonymous closure> (package:test_api/src/backend/declarer.dart:240:7)
│ #6   <asynchronous suspension>
│ #7   Invoker._waitForOutstandingCallbacks.<anonymous closure> (package:test_api/src/backend/invoker.dart:282:9)
├┄┄┄┄┄┄┄┄┄┄┄┄┄┄┄┄┄┄┄┄┄┄┄┄┄┄┄┄┄┄┄┄┄┄┄┄┄┄┄┄┄┄┄┄┄┄┄┄┄┄┄┄┄┄┄┄┄┄┄┄┄┄┄┄┄┄┄┄┄┄┄┄┄┄┄┄┄┄┄┄┄┄┄┄┄┄┄┄┄┄┄┄┄┄┄┄┄┄┄┄┄┄┄┄┄┄┄┄┄┄┄┄┄┄┄┄┄┄┄
│ 07:38:47.770 (+0:00:00.026986)
├┄┄┄┄┄┄┄┄┄┄┄┄┄┄┄┄┄┄┄┄┄┄┄┄┄┄┄┄┄┄┄┄┄┄┄┄┄┄┄┄┄┄┄┄┄┄┄┄┄┄┄┄┄┄┄┄┄┄┄┄┄┄┄┄┄┄┄┄┄┄┄┄┄┄┄┄┄┄┄┄┄┄┄┄┄┄┄┄┄┄┄┄┄┄┄┄┄┄┄┄┄┄┄┄┄┄┄┄┄┄┄┄┄┄┄┄┄┄┄
│ 🐛 💾 Database: Creating new canvas
└───────────────────────────────────────────────────────────────────────────────────────────────────────────────────────

00:01 +0: /Users/mr42/code/flutter/tmp/filler/test/integration/platform_specific_test.dart: Platform-Specific Database Integration Database Connection Works on Current Platform                       
├┄┄┄┄┄┄┄┄┄┄┄┄┄┄┄┄┄┄┄┄┄┄┄┄┄┄┄┄┄┄┄┄┄┄┄┄┄┄┄┄┄┄┄┄┄┄┄┄┄┄┄┄┄┄┄┄┄┄┄┄┄┄┄┄┄┄┄┄┄┄┄┄┄┄┄┄┄┄┄┄┄┄┄┄┄┄┄┄┄┄┄┄┄┄┄┄┄┄┄┄┄┄┄┄┄┄┄┄┄┄┄┄┄┄┄┄┄┄┄
│ 🐛 ⚙️ Preferences: Fetching preferences from key-value store

00:01 +0: /Users/mr42/code/flutter/tmp/filler/test/integration/app_flow_test.dart: App Flow Integration Tests complete canvas creation and retrieval flow                                              
┌───────────────────────────────────────────────────────────────────────────────────────────────────────────────────────
│ {title: Test Canvas, dimensions: 3x3}

00:01 +0: /Users/mr42/code/flutter/tmp/filler/test/integration/platform_specific_test.dart: Platform-Specific Database Integration Database Connection Works on Current Platform                       
└───────────────────────────────────────────────────────────────────────────────────────────────────────────────────────

00:01 +0: /Users/mr42/code/flutter/tmp/filler/test/integration/app_flow_test.dart: App Flow Integration Tests complete canvas creation and retrieval flow                                              
├┄┄┄┄┄┄┄┄┄┄┄┄┄┄┄┄┄┄┄┄┄┄┄┄┄┄┄┄┄┄┄┄┄┄┄┄┄┄┄┄┄┄┄┄┄┄┄┄┄┄┄┄┄┄┄┄┄┄┄┄┄┄┄┄┄┄┄┄┄┄┄┄┄┄┄┄┄┄┄┄┄┄┄┄┄┄┄┄┄┄┄┄┄┄┄┄┄┄┄┄┄┄┄┄┄┄┄┄┄┄┄┄┄┄┄┄┄┄┄
│ #0   AppLogger.database (package:filler/core/logging.dart:49:13)
│ #1   AppDatabase.insertCanvas (package:filler/data/database.dart:225:15)

00:01 +0: /Users/mr42/code/flutter/tmp/filler/test/integration/platform_specific_test.dart: Platform-Specific Database Integration Database Connection Works on Current Platform                       
┌───────────────────────────────────────────────────────────────────────────────────────────────────────────────────────
│ #0   AppLogger.database (package:filler/core/logging.dart:49:13)
│ #1   AppDatabase.getAllPreferences (package:filler/data/database.dart:354:15)
├┄┄┄┄┄┄┄┄┄┄┄┄┄┄┄┄┄┄┄┄┄┄┄┄┄┄┄┄┄┄┄┄┄┄┄┄┄┄┄┄┄┄┄┄┄┄┄┄┄┄┄┄┄┄┄┄┄┄┄┄┄┄┄┄┄┄┄┄┄┄┄┄┄┄┄┄┄┄┄┄┄┄┄┄┄┄┄┄┄┄┄┄┄┄┄┄┄┄┄┄┄┄┄┄┄┄┄┄┄┄┄┄┄┄┄┄┄┄┄
│ 07:38:47.776 (+0:00:00.180954)
├┄┄┄┄┄┄┄┄┄┄┄┄┄┄┄┄┄┄┄┄┄┄┄┄┄┄┄┄┄┄┄┄┄┄┄┄┄┄┄┄┄┄┄┄┄┄┄┄┄┄┄┄┄┄┄┄┄┄┄┄┄┄┄┄┄┄┄┄┄┄┄┄┄┄┄┄┄┄┄┄┄┄┄┄┄┄┄┄┄┄┄┄┄┄┄┄┄┄┄┄┄┄┄┄┄┄┄┄┄┄┄┄┄┄┄┄┄┄┄
│ 🐛 💾 Database: Fetching all preferences
└───────────────────────────────────────────────────────────────────────────────────────────────────────────────────────

00:01 +0: /Users/mr42/code/flutter/tmp/filler/test/integration/app_flow_test.dart: App Flow Integration Tests complete canvas creation and retrieval flow                                              
│ #2   CanvasRepository.add (package:filler/domain/repositories.dart:90:34)
│ #3   main.<anonymous closure>.<anonymous closure> (file:///Users/mr42/code/flutter/tmp/filler/test/integration/app_flow_test.dart:27:41)
│ #4   Declarer.test.<anonymous closure>.<anonymous closure> (package:test_api/src/backend/declarer.dart:242:19)
│ #5   <asynchronous suspension>
│ #6   Declarer.test.<anonymous closure> (package:test_api/src/backend/declarer.dart:240:7)
│ #7   <asynchronous suspension>
├┄┄┄┄┄┄┄┄┄┄┄┄┄┄┄┄┄┄┄┄┄┄┄┄┄┄┄┄┄┄┄┄┄┄┄┄┄┄┄┄┄┄┄┄┄┄┄┄┄┄┄┄┄┄┄┄┄┄┄┄┄┄┄┄┄┄┄┄┄┄┄┄┄┄┄┄┄┄┄┄┄┄┄┄┄┄┄┄┄┄┄┄┄┄┄┄┄┄┄┄┄┄┄┄┄┄┄┄┄┄┄┄┄┄┄┄┄┄┄

00:01 +0: /Users/mr42/code/flutter/tmp/filler/test/integration/platform_specific_test.dart: Platform-Specific Database Integration Database Connection Works on Current Platform                       
┌───────────────────────────────────────────────────────────────────────────────────────────────────────────────────────
│ {count: 5, keys: [width, height, insets, defaultPattern, themeMode]}
├┄┄┄┄┄┄┄┄┄┄┄┄┄┄┄┄┄┄┄┄┄┄┄┄┄┄┄┄┄┄┄┄┄┄┄┄┄┄┄┄┄┄┄┄┄┄┄┄┄┄┄┄┄┄┄┄┄┄┄┄┄┄┄┄┄┄┄┄┄┄┄┄┄┄┄┄┄┄┄┄┄┄┄┄┄┄┄┄┄┄┄┄┄┄┄┄┄┄┄┄┄┄┄┄┄┄┄┄┄┄┄┄┄┄┄┄┄┄┄
│ #0   AppLogger.database (package:filler/core/logging.dart:49:13)
│ #1   AppDatabase.getAllPreferences (package:filler/data/database.dart:364:17)
│ #2   <asynchronous suspension>
│ #3   PreferencesRepository.get (package:filler/domain/repositories.dart:427:24)
│ #4   <asynchronous suspension>
│ #5   main.<anonymous closure>.<anonymous closure> (file:///Users/mr42/code/flutter/tmp/filler/test/integration/platform_specific_test.dart:71:26)

00:01 +0: /Users/mr42/code/flutter/tmp/filler/test/integration/app_flow_test.dart: App Flow Integration Tests complete canvas creation and retrieval flow                                              
│ 07:38:47.775 (+0:00:00.032124)
├┄┄┄┄┄┄┄┄┄┄┄┄┄┄┄┄┄┄┄┄┄┄┄┄┄┄┄┄┄┄┄┄┄┄┄┄┄┄┄┄┄┄┄┄┄┄┄┄┄┄┄┄┄┄┄┄┄┄┄┄┄┄┄┄┄┄┄┄┄┄┄┄┄┄┄┄┄┄┄┄┄┄┄┄┄┄┄┄┄┄┄┄┄┄┄┄┄┄┄┄┄┄┄┄┄┄┄┄┄┄┄┄┄┄┄┄┄┄┄
│ 🐛 💾 Database: Inserting canvas
└───────────────────────────────────────────────────────────────────────────────────────────────────────────────────────

00:01 +0: /Users/mr42/code/flutter/tmp/filler/test/integration/platform_specific_test.dart: Platform-Specific Database Integration Database Connection Works on Current Platform                       
│ #6   <asynchronous suspension>
│ #7   Declarer.test.<anonymous closure>.<anonymous closure> (package:test_api/src/backend/declarer.dart:242:9)
├┄┄┄┄┄┄┄┄┄┄┄┄┄┄┄┄┄┄┄┄┄┄┄┄┄┄┄┄┄┄┄┄┄┄┄┄┄┄┄┄┄┄┄┄┄┄┄┄┄┄┄┄┄┄┄┄┄┄┄┄┄┄┄┄┄┄┄┄┄┄┄┄┄┄┄┄┄┄┄┄┄┄┄┄┄┄┄┄┄┄┄┄┄┄┄┄┄┄┄┄┄┄┄┄┄┄┄┄┄┄┄┄┄┄┄┄┄┄┄
│ 07:38:47.779 (+0:00:00.183815)
├┄┄┄┄┄┄┄┄┄┄┄┄┄┄┄┄┄┄┄┄┄┄┄┄┄┄┄┄┄┄┄┄┄┄┄┄┄┄┄┄┄┄┄┄┄┄┄┄┄┄┄┄┄┄┄┄┄┄┄┄┄┄┄┄┄┄┄┄┄┄┄┄┄┄┄┄┄┄┄┄┄┄┄┄┄┄┄┄┄┄┄┄┄┄┄┄┄┄┄┄┄┄┄┄┄┄┄┄┄┄┄┄┄┄┄┄┄┄┄
│ 🐛 💾 Database: Retrieved all preferences
└───────────────────────────────────────────────────────────────────────────────────────────────────────────────────────
┌───────────────────────────────────────────────────────────────────────────────────────────────────────────────────────
│ {width: 12, height: 10, insets: 2, defaultPattern: 1, themeMode: 2, fetchTime: 5ms, keysFromDb: 5}
├┄┄┄┄┄┄┄┄┄┄┄┄┄┄┄┄┄┄┄┄┄┄┄┄┄┄┄┄┄┄┄┄┄┄┄┄┄┄┄┄┄┄┄┄┄┄┄┄┄┄┄┄┄┄┄┄┄┄┄┄┄┄┄┄┄┄┄┄┄┄┄┄┄┄┄┄┄┄┄┄┄┄┄┄┄┄┄┄┄┄┄┄┄┄┄┄┄┄┄┄┄┄┄┄┄┄┄┄┄┄┄┄┄┄┄┄┄┄┄
│ #0   AppLogger.preferences (package:filler/core/logging.dart:64:13)
│ #1   PreferencesRepository.get (package:filler/domain/repositories.dart:464:17)
│ #2   <asynchronous suspension>
│ #3   main.<anonymous closure>.<anonymous closure> (file:///Users/mr42/code/flutter/tmp/filler/test/integration/platform_specific_test.dart:71:26)
│ #4   <asynchronous suspension>
│ #5   Declarer.test.<anonymous closure>.<anonymous closure> (package:test_api/src/backend/declarer.dart:242:9)
│ #6   <asynchronous suspension>
│ #7   Declarer.test.<anonymous closure> (package:test_api/src/backend/declarer.dart:240:7)
├┄┄┄┄┄┄┄┄┄┄┄┄┄┄┄┄┄┄┄┄┄┄┄┄┄┄┄┄┄┄┄┄┄┄┄┄┄┄┄┄┄┄┄┄┄┄┄┄┄┄┄┄┄┄┄┄┄┄┄┄┄┄┄┄┄┄┄┄┄┄┄┄┄┄┄┄┄┄┄┄┄┄┄┄┄┄┄┄┄┄┄┄┄┄┄┄┄┄┄┄┄┄┄┄┄┄┄┄┄┄┄┄┄┄┄┄┄┄┄
│ 07:38:47.782 (+0:00:00.186641)
├┄┄┄┄┄┄┄┄┄┄┄┄┄┄┄┄┄┄┄┄┄┄┄┄┄┄┄┄┄┄┄┄┄┄┄┄┄┄┄┄┄┄┄┄┄┄┄┄┄┄┄┄┄┄┄┄┄┄┄┄┄┄┄┄┄┄┄┄┄┄┄┄┄┄┄┄┄┄┄┄┄┄┄┄┄┄┄┄┄┄┄┄┄┄┄┄┄┄┄┄┄┄┄┄┄┄┄┄┄┄┄┄┄┄┄┄┄┄┄
│ 🐛 ⚙️ Preferences: Constructed preferences model
└───────────────────────────────────────────────────────────────────────────────────────────────────────────────────────
┌───────────────────────────────────────────────────────────────────────────────────────────────────────────────────────
│ #0   TestHelpers.cleanup (file:///Users/mr42/code/flutter/tmp/filler/test/helpers/test_helpers.dart:152:24)
│ #1   main.<anonymous closure> (file:///Users/mr42/code/flutter/tmp/filler/test/integration/platform_specific_test.dart:35:23)
├┄┄┄┄┄┄┄┄┄┄┄┄┄┄┄┄┄┄┄┄┄┄┄┄┄┄┄┄┄┄┄┄┄┄┄┄┄┄┄┄┄┄┄┄┄┄┄┄┄┄┄┄┄┄┄┄┄┄┄┄┄┄┄┄┄┄┄┄┄┄┄┄┄┄┄┄┄┄┄┄┄┄┄┄┄┄┄┄┄┄┄┄┄┄┄┄┄┄┄┄┄┄┄┄┄┄┄┄┄┄┄┄┄┄┄┄┄┄┄
│ 07:38:47.791 (+0:00:00.196360)
├┄┄┄┄┄┄┄┄┄┄┄┄┄┄┄┄┄┄┄┄┄┄┄┄┄┄┄┄┄┄┄┄┄┄┄┄┄┄┄┄┄┄┄┄┄┄┄┄┄┄┄┄┄┄┄┄┄┄┄┄┄┄┄┄┄┄┄┄┄┄┄┄┄┄┄┄┄┄┄┄┄┄┄┄┄┄┄┄┄┄┄┄┄┄┄┄┄┄┄┄┄┄┄┄┄┄┄┄┄┄┄┄┄┄┄┄┄┄┄
│ 🐛 🧹 Cleaning up test environment
└───────────────────────────────────────────────────────────────────────────────────────────────────────────────────────

00:01 +0: /Users/mr42/code/flutter/tmp/filler/test/integration/app_flow_test.dart: App Flow Integration Tests complete canvas creation and retrieval flow                                              
┌───────────────────────────────────────────────────────────────────────────────────────────────────────────────────────

00:01 +0: /Users/mr42/code/flutter/tmp/filler/test/integration/platform_specific_test.dart: Platform-Specific Database Integration Database Connection Works on Current Platform                       
00:01 +0: /Users/mr42/code/flutter/tmp/filler/test/integration/app_flow_test.dart: App Flow Integration Tests complete canvas creation and retrieval flow                                              
│ #0   AppLogger.database (package:filler/core/logging.dart:49:13)
│ #1   createTestDatabaseConnection.<anonymous closure> (package:filler/data/database_connection.dart:22:15)
├┄┄┄┄┄┄┄┄┄┄┄┄┄┄┄┄┄┄┄┄┄┄┄┄┄┄┄┄┄┄┄┄┄┄┄┄┄┄┄┄┄┄┄┄┄┄┄┄┄┄┄┄┄┄┄┄┄┄┄┄┄┄┄┄┄┄┄┄┄┄┄┄┄┄┄┄┄┄┄┄┄┄┄┄┄┄┄┄┄┄┄┄┄┄┄┄┄┄┄┄┄┄┄┄┄┄┄┄┄┄┄┄┄┄┄┄┄┄┄
│ 07:38:47.794 (+0:00:00.051639)
├┄┄┄┄┄┄┄┄┄┄┄┄┄┄┄┄┄┄┄┄┄┄┄┄┄┄┄┄┄┄┄┄┄┄┄┄┄┄┄┄┄┄┄┄┄┄┄┄┄┄┄┄┄┄┄┄┄┄┄┄┄┄┄┄┄┄┄┄┄┄┄┄┄┄┄┄┄┄┄┄┄┄┄┄┄┄┄┄┄┄┄┄┄┄┄┄┄┄┄┄┄┄┄┄┄┄┄┄┄┄┄┄┄┄┄┄┄┄┄
│ 🐛 💾 Database: Test AppDatabase instance created (in-memory)
└───────────────────────────────────────────────────────────────────────────────────────────────────────────────────────

00:01 +0: /Users/mr42/code/flutter/tmp/filler/test/integration/platform_specific_test.dart: Platform-Specific Database Integration Database Connection Works on Current Platform                       
┌───────────────────────────────────────────────────────────────────────────────────────────────────────────────────────
│ #0   TestHelpers.cleanup (file:///Users/mr42/code/flutter/tmp/filler/test/helpers/test_helpers.dart:166:26)
│ #1   main.<anonymous closure> (file:///Users/mr42/code/flutter/tmp/filler/test/integration/platform_specific_test.dart:35:23)
├┄┄┄┄┄┄┄┄┄┄┄┄┄┄┄┄┄┄┄┄┄┄┄┄┄┄┄┄┄┄┄┄┄┄┄┄┄┄┄┄┄┄┄┄┄┄┄┄┄┄┄┄┄┄┄┄┄┄┄┄┄┄┄┄┄┄┄┄┄┄┄┄┄┄┄┄┄┄┄┄┄┄┄┄┄┄┄┄┄┄┄┄┄┄┄┄┄┄┄┄┄┄┄┄┄┄┄┄┄┄┄┄┄┄┄┄┄┄┄
│ 07:38:47.798 (+0:00:00.203327)
├┄┄┄┄┄┄┄┄┄┄┄┄┄┄┄┄┄┄┄┄┄┄┄┄┄┄┄┄┄┄┄┄┄┄┄┄┄┄┄┄┄┄┄┄┄┄┄┄┄┄┄┄┄┄┄┄┄┄┄┄┄┄┄┄┄┄┄┄┄┄┄┄┄┄┄┄┄┄┄┄┄┄┄┄┄┄┄┄┄┄┄┄┄┄┄┄┄┄┄┄┄┄┄┄┄┄┄┄┄┄┄┄┄┄┄┄┄┄┄
│ 🐛 ✅ Test cleanup completed
└───────────────────────────────────────────────────────────────────────────────────────────────────────────────────────

00:01 +1: /Users/mr42/code/flutter/tmp/filler/test/integration/app_flow_test.dart: App Flow Integration Tests complete canvas creation and retrieval flow                                              
00:01 +1: /Users/mr42/code/flutter/tmp/filler/test/integration/platform_specific_test.dart: Platform-Specific Database Integration Preferences Persistence Works Cross-Platform                        
┌───────────────────────────────────────────────────────────────────────────────────────────────────────────────────────
│ #0   TestHelpers.createTestDatabase (file:///Users/mr42/code/flutter/tmp/filler/test/helpers/test_helpers.dart:30:24)
│ #1   main.<anonymous closure> (file:///Users/mr42/code/flutter/tmp/filler/test/integration/platform_specific_test.dart:22:28)
├┄┄┄┄┄┄┄┄┄┄┄┄┄┄┄┄┄┄┄┄┄┄┄┄┄┄┄┄┄┄┄┄┄┄┄┄┄┄┄┄┄┄┄┄┄┄┄┄┄┄┄┄┄┄┄┄┄┄┄┄┄┄┄┄┄┄┄┄┄┄┄┄┄┄┄┄┄┄┄┄┄┄┄┄┄┄┄┄┄┄┄┄┄┄┄┄┄┄┄┄┄┄┄┄┄┄┄┄┄┄┄┄┄┄┄┄┄┄┄
│ 07:38:47.801 (+0:00:00.206123)
├┄┄┄┄┄┄┄┄┄┄┄┄┄┄┄┄┄┄┄┄┄┄┄┄┄┄┄┄┄┄┄┄┄┄┄┄┄┄┄┄┄┄┄┄┄┄┄┄┄┄┄┄┄┄┄┄┄┄┄┄┄┄┄┄┄┄┄┄┄┄┄┄┄┄┄┄┄┄┄┄┄┄┄┄┄┄┄┄┄┄┄┄┄┄┄┄┄┄┄┄┄┄┄┄┄┄┄┄┄┄┄┄┄┄┄┄┄┄┄
│ 🐛 🗄️ Creating test database
└───────────────────────────────────────────────────────────────────────────────────────────────────────────────────────
┌───────────────────────────────────────────────────────────────────────────────────────────────────────────────────────
│ #0   AppLogger.bloc (package:filler/core/logging.dart:44:13)
│ #1   new CanvasBloc (package:filler/features/canvas/presentation/canvas_bloc.dart:106:15)
├┄┄┄┄┄┄┄┄┄┄┄┄┄┄┄┄┄┄┄┄┄┄┄┄┄┄┄┄┄┄┄┄┄┄┄┄┄┄┄┄┄┄┄┄┄┄┄┄┄┄┄┄┄┄┄┄┄┄┄┄┄┄┄┄┄┄┄┄┄┄┄┄┄┄┄┄┄┄┄┄┄┄┄┄┄┄┄┄┄┄┄┄┄┄┄┄┄┄┄┄┄┄┄┄┄┄┄┄┄┄┄┄┄┄┄┄┄┄┄
│ 07:38:47.802 (+0:00:00.207334)
├┄┄┄┄┄┄┄┄┄┄┄┄┄┄┄┄┄┄┄┄┄┄┄┄┄┄┄┄┄┄┄┄┄┄┄┄┄┄┄┄┄┄┄┄┄┄┄┄┄┄┄┄┄┄┄┄┄┄┄┄┄┄┄┄┄┄┄┄┄┄┄┄┄┄┄┄┄┄┄┄┄┄┄┄┄┄┄┄┄┄┄┄┄┄┄┄┄┄┄┄┄┄┄┄┄┄┄┄┄┄┄┄┄┄┄┄┄┄┄
│ 🐛 🔄 BLoC[Canvas]: BLoC Created | null → initial
└───────────────────────────────────────────────────────────────────────────────────────────────────────────────────────
┌───────────────────────────────────────────────────────────────────────────────────────────────────────────────────────
│ #0   AppLogger.bloc (package:filler/core/logging.dart:44:13)
│ #1   new GalleryBloc (package:filler/features/gallery/presentation/gallery_bloc.dart:77:15)
├┄┄┄┄┄┄┄┄┄┄┄┄┄┄┄┄┄┄┄┄┄┄┄┄┄┄┄┄┄┄┄┄┄┄┄┄┄┄┄┄┄┄┄┄┄┄┄┄┄┄┄┄┄┄┄┄┄┄┄┄┄┄┄┄┄┄┄┄┄┄┄┄┄┄┄┄┄┄┄┄┄┄┄┄┄┄┄┄┄┄┄┄┄┄┄┄┄┄┄┄┄┄┄┄┄┄┄┄┄┄┄┄┄┄┄┄┄┄┄
│ 07:38:47.804 (+0:00:00.209126)
├┄┄┄┄┄┄┄┄┄┄┄┄┄┄┄┄┄┄┄┄┄┄┄┄┄┄┄┄┄┄┄┄┄┄┄┄┄┄┄┄┄┄┄┄┄┄┄┄┄┄┄┄┄┄┄┄┄┄┄┄┄┄┄┄┄┄┄┄┄┄┄┄┄┄┄┄┄┄┄┄┄┄┄┄┄┄┄┄┄┄┄┄┄┄┄┄┄┄┄┄┄┄┄┄┄┄┄┄┄┄┄┄┄┄┄┄┄┄┄
│ 🐛 🔄 BLoC[Gallery]: BLoC Created | null → initial
└───────────────────────────────────────────────────────────────────────────────────────────────────────────────────────
┌───────────────────────────────────────────────────────────────────────────────────────────────────────────────────────
│ #0   AppLogger.bloc (package:filler/core/logging.dart:44:13)
│ #1   new PreferencesBloc (package:filler/features/prefs/presentation/preferences_bloc.dart:77:15)
├┄┄┄┄┄┄┄┄┄┄┄┄┄┄┄┄┄┄┄┄┄┄┄┄┄┄┄┄┄┄┄┄┄┄┄┄┄┄┄┄┄┄┄┄┄┄┄┄┄┄┄┄┄┄┄┄┄┄┄┄┄┄┄┄┄┄┄┄┄┄┄┄┄┄┄┄┄┄┄┄┄┄┄┄┄┄┄┄┄┄┄┄┄┄┄┄┄┄┄┄┄┄┄┄┄┄┄┄┄┄┄┄┄┄┄┄┄┄┄
│ 07:38:47.805 (+0:00:00.210085)
├┄┄┄┄┄┄┄┄┄┄┄┄┄┄┄┄┄┄┄┄┄┄┄┄┄┄┄┄┄┄┄┄┄┄┄┄┄┄┄┄┄┄┄┄┄┄┄┄┄┄┄┄┄┄┄┄┄┄┄┄┄┄┄┄┄┄┄┄┄┄┄┄┄┄┄┄┄┄┄┄┄┄┄┄┄┄┄┄┄┄┄┄┄┄┄┄┄┄┄┄┄┄┄┄┄┄┄┄┄┄┄┄┄┄┄┄┄┄┄
│ 🐛 🔄 BLoC[Preferences]: BLoC Created | null → initial
└───────────────────────────────────────────────────────────────────────────────────────────────────────────────────────
┌───────────────────────────────────────────────────────────────────────────────────────────────────────────────────────
│ {width: 15, height: 12, insets: 3, defaultPattern: 1, themeMode: 2}
├┄┄┄┄┄┄┄┄┄┄┄┄┄┄┄┄┄┄┄┄┄┄┄┄┄┄┄┄┄┄┄┄┄┄┄┄┄┄┄┄┄┄┄┄┄┄┄┄┄┄┄┄┄┄┄┄┄┄┄┄┄┄┄┄┄┄┄┄┄┄┄┄┄┄┄┄┄┄┄┄┄┄┄┄┄┄┄┄┄┄┄┄┄┄┄┄┄┄┄┄┄┄┄┄┄┄┄┄┄┄┄┄┄┄┄┄┄┄┄
│ #0   AppLogger.preferences (package:filler/core/logging.dart:64:13)
│ #1   PreferencesRepository.save (package:filler/domain/repositories.dart:541:15)
│ #2   main.<anonymous closure>.<anonymous closure> (file:///Users/mr42/code/flutter/tmp/filler/test/integration/platform_specific_test.dart:80:23)
│ #3   Declarer.test.<anonymous closure>.<anonymous closure> (package:test_api/src/backend/declarer.dart:242:19)
│ #4   <asynchronous suspension>
│ #5   Declarer.test.<anonymous closure> (package:test_api/src/backend/declarer.dart:240:7)
│ #6   <asynchronous suspension>
│ #7   Invoker._waitForOutstandingCallbacks.<anonymous closure> (package:test_api/src/backend/invoker.dart:282:9)
├┄┄┄┄┄┄┄┄┄┄┄┄┄┄┄┄┄┄┄┄┄┄┄┄┄┄┄┄┄┄┄┄┄┄┄┄┄┄┄┄┄┄┄┄┄┄┄┄┄┄┄┄┄┄┄┄┄┄┄┄┄┄┄┄┄┄┄┄┄┄┄┄┄┄┄┄┄┄┄┄┄┄┄┄┄┄┄┄┄┄┄┄┄┄┄┄┄┄┄┄┄┄┄┄┄┄┄┄┄┄┄┄┄┄┄┄┄┄┄
│ 07:38:47.807 (+0:00:00.212327)
├┄┄┄┄┄┄┄┄┄┄┄┄┄┄┄┄┄┄┄┄┄┄┄┄┄┄┄┄┄┄┄┄┄┄┄┄┄┄┄┄┄┄┄┄┄┄┄┄┄┄┄┄┄┄┄┄┄┄┄┄┄┄┄┄┄┄┄┄┄┄┄┄┄┄┄┄┄┄┄┄┄┄┄┄┄┄┄┄┄┄┄┄┄┄┄┄┄┄┄┄┄┄┄┄┄┄┄┄┄┄┄┄┄┄┄┄┄┄┄
│ 🐛 ⚙️ Preferences: Saving preferences to key-value store
└───────────────────────────────────────────────────────────────────────────────────────────────────────────────────────
┌───────────────────────────────────────────────────────────────────────────────────────────────────────────────────────
│ {key: width, value: 15, type: int}
├┄┄┄┄┄┄┄┄┄┄┄┄┄┄┄┄┄┄┄┄┄┄┄┄┄┄┄┄┄┄┄┄┄┄┄┄┄┄┄┄┄┄┄┄┄┄┄┄┄┄┄┄┄┄┄┄┄┄┄┄┄┄┄┄┄┄┄┄┄┄┄┄┄┄┄┄┄┄┄┄┄┄┄┄┄┄┄┄┄┄┄┄┄┄┄┄┄┄┄┄┄┄┄┄┄┄┄┄┄┄┄┄┄┄┄┄┄┄┄
│ #0   AppLogger.database (package:filler/core/logging.dart:49:13)
│ #1   AppDatabase.setPreferenceValue (package:filler/data/database.dart:301:15)
│ #2   PreferencesRepository.save (package:filler/domain/repositories.dart:557:13)
│ #3   main.<anonymous closure>.<anonymous closure> (file:///Users/mr42/code/flutter/tmp/filler/test/integration/platform_specific_test.dart:80:23)
│ #4   Declarer.test.<anonymous closure>.<anonymous closure> (package:test_api/src/backend/declarer.dart:242:19)
│ #5   <asynchronous suspension>
│ #6   Declarer.test.<anonymous closure> (package:test_api/src/backend/declarer.dart:240:7)
│ #7   <asynchronous suspension>
├┄┄┄┄┄┄┄┄┄┄┄┄┄┄┄┄┄┄┄┄┄┄┄┄┄┄┄┄┄┄┄┄┄┄┄┄┄┄┄┄┄┄┄┄┄┄┄┄┄┄┄┄┄┄┄┄┄┄┄┄┄┄┄┄┄┄┄┄┄┄┄┄┄┄┄┄┄┄┄┄┄┄┄┄┄┄┄┄┄┄┄┄┄┄┄┄┄┄┄┄┄┄┄┄┄┄┄┄┄┄┄┄┄┄┄┄┄┄┄
│ 07:38:47.809 (+0:00:00.213775)
├┄┄┄┄┄┄┄┄┄┄┄┄┄┄┄┄┄┄┄┄┄┄┄┄┄┄┄┄┄┄┄┄┄┄┄┄┄┄┄┄┄┄┄┄┄┄┄┄┄┄┄┄┄┄┄┄┄┄┄┄┄┄┄┄┄┄┄┄┄┄┄┄┄┄┄┄┄┄┄┄┄┄┄┄┄┄┄┄┄┄┄┄┄┄┄┄┄┄┄┄┄┄┄┄┄┄┄┄┄┄┄┄┄┄┄┄┄┄┄
│ 🐛 💾 Database: Setting preference value
└───────────────────────────────────────────────────────────────────────────────────────────────────────────────────────
┌───────────────────────────────────────────────────────────────────────────────────────────────────────────────────────
│ #0   AppLogger.database (package:filler/core/logging.dart:49:13)
│ #1   createTestDatabaseConnection.<anonymous closure> (package:filler/data/database_connection.dart:22:15)
├┄┄┄┄┄┄┄┄┄┄┄┄┄┄┄┄┄┄┄┄┄┄┄┄┄┄┄┄┄┄┄┄┄┄┄┄┄┄┄┄┄┄┄┄┄┄┄┄┄┄┄┄┄┄┄┄┄┄┄┄┄┄┄┄┄┄┄┄┄┄┄┄┄┄┄┄┄┄┄┄┄┄┄┄┄┄┄┄┄┄┄┄┄┄┄┄┄┄┄┄┄┄┄┄┄┄┄┄┄┄┄┄┄┄┄┄┄┄┄
│ 07:38:47.811 (+0:00:00.216126)
├┄┄┄┄┄┄┄┄┄┄┄┄┄┄┄┄┄┄┄┄┄┄┄┄┄┄┄┄┄┄┄┄┄┄┄┄┄┄┄┄┄┄┄┄┄┄┄┄┄┄┄┄┄┄┄┄┄┄┄┄┄┄┄┄┄┄┄┄┄┄┄┄┄┄┄┄┄┄┄┄┄┄┄┄┄┄┄┄┄┄┄┄┄┄┄┄┄┄┄┄┄┄┄┄┄┄┄┄┄┄┄┄┄┄┄┄┄┄┄
│ 🐛 💾 Database: Test AppDatabase instance created (in-memory)
└───────────────────────────────────────────────────────────────────────────────────────────────────────────────────────
┌───────────────────────────────────────────────────────────────────────────────────────────────────────────────────────
│ {key: height, value: 12, type: int}
├┄┄┄┄┄┄┄┄┄┄┄┄┄┄┄┄┄┄┄┄┄┄┄┄┄┄┄┄┄┄┄┄┄┄┄┄┄┄┄┄┄┄┄┄┄┄┄┄┄┄┄┄┄┄┄┄┄┄┄┄┄┄┄┄┄┄┄┄┄┄┄┄┄┄┄┄┄┄┄┄┄┄┄┄┄┄┄┄┄┄┄┄┄┄┄┄┄┄┄┄┄┄┄┄┄┄┄┄┄┄┄┄┄┄┄┄┄┄┄
│ #0   AppLogger.database (package:filler/core/logging.dart:49:13)
│ #1   AppDatabase.setPreferenceValue (package:filler/data/database.dart:301:15)
│ #2   PreferencesRepository.save (package:filler/domain/repositories.dart:558:13)
│ #3   main.<anonymous closure>.<anonymous closure> (file:///Users/mr42/code/flutter/tmp/filler/test/integration/platform_specific_test.dart:80:23)
│ #4   Declarer.test.<anonymous closure>.<anonymous closure> (package:test_api/src/backend/declarer.dart:242:19)
│ #5   <asynchronous suspension>
│ #6   Declarer.test.<anonymous closure> (package:test_api/src/backend/declarer.dart:240:7)
│ #7   <asynchronous suspension>
├┄┄┄┄┄┄┄┄┄┄┄┄┄┄┄┄┄┄┄┄┄┄┄┄┄┄┄┄┄┄┄┄┄┄┄┄┄┄┄┄┄┄┄┄┄┄┄┄┄┄┄┄┄┄┄┄┄┄┄┄┄┄┄┄┄┄┄┄┄┄┄┄┄┄┄┄┄┄┄┄┄┄┄┄┄┄┄┄┄┄┄┄┄┄┄┄┄┄┄┄┄┄┄┄┄┄┄┄┄┄┄┄┄┄┄┄┄┄┄
│ 07:38:47.812 (+0:00:00.217270)
├┄┄┄┄┄┄┄┄┄┄┄┄┄┄┄┄┄┄┄┄┄┄┄┄┄┄┄┄┄┄┄┄┄┄┄┄┄┄┄┄┄┄┄┄┄┄┄┄┄┄┄┄┄┄┄┄┄┄┄┄┄┄┄┄┄┄┄┄┄┄┄┄┄┄┄┄┄┄┄┄┄┄┄┄┄┄┄┄┄┄┄┄┄┄┄┄┄┄┄┄┄┄┄┄┄┄┄┄┄┄┄┄┄┄┄┄┄┄┄
│ 🐛 💾 Database: Setting preference value
└───────────────────────────────────────────────────────────────────────────────────────────────────────────────────────
┌───────────────────────────────────────────────────────────────────────────────────────────────────────────────────────
│ {key: insets, value: 3, type: int}
├┄┄┄┄┄┄┄┄┄┄┄┄┄┄┄┄┄┄┄┄┄┄┄┄┄┄┄┄┄┄┄┄┄┄┄┄┄┄┄┄┄┄┄┄┄┄┄┄┄┄┄┄┄┄┄┄┄┄┄┄┄┄┄┄┄┄┄┄┄┄┄┄┄┄┄┄┄┄┄┄┄┄┄┄┄┄┄┄┄┄┄┄┄┄┄┄┄┄┄┄┄┄┄┄┄┄┄┄┄┄┄┄┄┄┄┄┄┄┄
│ #0   AppLogger.database (package:filler/core/logging.dart:49:13)
│ #1   AppDatabase.setPreferenceValue (package:filler/data/database.dart:301:15)
│ #2   PreferencesRepository.save (package:filler/domain/repositories.dart:559:13)
│ #3   main.<anonymous closure>.<anonymous closure> (file:///Users/mr42/code/flutter/tmp/filler/test/integration/platform_specific_test.dart:80:23)
│ #4   Declarer.test.<anonymous closure>.<anonymous closure> (package:test_api/src/backend/declarer.dart:242:19)
│ #5   <asynchronous suspension>
│ #6   Declarer.test.<anonymous closure> (package:test_api/src/backend/declarer.dart:240:7)
│ #7   <asynchronous suspension>
├┄┄┄┄┄┄┄┄┄┄┄┄┄┄┄┄┄┄┄┄┄┄┄┄┄┄┄┄┄┄┄┄┄┄┄┄┄┄┄┄┄┄┄┄┄┄┄┄┄┄┄┄┄┄┄┄┄┄┄┄┄┄┄┄┄┄┄┄┄┄┄┄┄┄┄┄┄┄┄┄┄┄┄┄┄┄┄┄┄┄┄┄┄┄┄┄┄┄┄┄┄┄┄┄┄┄┄┄┄┄┄┄┄┄┄┄┄┄┄
│ 07:38:47.815 (+0:00:00.220481)
├┄┄┄┄┄┄┄┄┄┄┄┄┄┄┄┄┄┄┄┄┄┄┄┄┄┄┄┄┄┄┄┄┄┄┄┄┄┄┄┄┄┄┄┄┄┄┄┄┄┄┄┄┄┄┄┄┄┄┄┄┄┄┄┄┄┄┄┄┄┄┄┄┄┄┄┄┄┄┄┄┄┄┄┄┄┄┄┄┄┄┄┄┄┄┄┄┄┄┄┄┄┄┄┄┄┄┄┄┄┄┄┄┄┄┄┄┄┄┄
│ 🐛 💾 Database: Setting preference value
└───────────────────────────────────────────────────────────────────────────────────────────────────────────────────────
┌───────────────────────────────────────────────────────────────────────────────────────────────────────────────────────
│ {key: defaultPattern, value: 1, type: int}
├┄┄┄┄┄┄┄┄┄┄┄┄┄┄┄┄┄┄┄┄┄┄┄┄┄┄┄┄┄┄┄┄┄┄┄┄┄┄┄┄┄┄┄┄┄┄┄┄┄┄┄┄┄┄┄┄┄┄┄┄┄┄┄┄┄┄┄┄┄┄┄┄┄┄┄┄┄┄┄┄┄┄┄┄┄┄┄┄┄┄┄┄┄┄┄┄┄┄┄┄┄┄┄┄┄┄┄┄┄┄┄┄┄┄┄┄┄┄┄
│ #0   AppLogger.database (package:filler/core/logging.dart:49:13)
│ #1   AppDatabase.setPreferenceValue (package:filler/data/database.dart:301:15)

00:01 +1: /Users/mr42/code/flutter/tmp/filler/test/integration/page_state_transitions_test.dart: (setUpAll)                                                                                            
[38;5;12m┌───────────────────────────────────────────────────────────────────────────────────────────────────────────────────────[0m

00:01 +1: /Users/mr42/code/flutter/tmp/filler/test/integration/platform_specific_test.dart: Platform-Specific Database Integration Preferences Persistence Works Cross-Platform                        
│ #2   PreferencesRepository.save (package:filler/domain/repositories.dart:560:13)
│ #3   main.<anonymous closure>.<anonymous closure> (file:///Users/mr42/code/flutter/tmp/filler/test/integration/platform_specific_test.dart:80:23)
│ #4   Declarer.test.<anonymous closure>.<anonymous closure> (package:test_api/src/backend/declarer.dart:242:19)
│ #5   <asynchronous suspension>
│ #6   Declarer.test.<anonymous closure> (package:test_api/src/backend/declarer.dart:240:7)
│ #7   <asynchronous suspension>
├┄┄┄┄┄┄┄┄┄┄┄┄┄┄┄┄┄┄┄┄┄┄┄┄┄┄┄┄┄┄┄┄┄┄┄┄┄┄┄┄┄┄┄┄┄┄┄┄┄┄┄┄┄┄┄┄┄┄┄┄┄┄┄┄┄┄┄┄┄┄┄┄┄┄┄┄┄┄┄┄┄┄┄┄┄┄┄┄┄┄┄┄┄┄┄┄┄┄┄┄┄┄┄┄┄┄┄┄┄┄┄┄┄┄┄┄┄┄┄
│ 07:38:47.817 (+0:00:00.222067)
├┄┄┄┄┄┄┄┄┄┄┄┄┄┄┄┄┄┄┄┄┄┄┄┄┄┄┄┄┄┄┄┄┄┄┄┄┄┄┄┄┄┄┄┄┄┄┄┄┄┄┄┄┄┄┄┄┄┄┄┄┄┄┄┄┄┄┄┄┄┄┄┄┄┄┄┄┄┄┄┄┄┄┄┄┄┄┄┄┄┄┄┄┄┄┄┄┄┄┄┄┄┄┄┄┄┄┄┄┄┄┄┄┄┄┄┄┄┄┄
│ 🐛 💾 Database: Setting preference value
└───────────────────────────────────────────────────────────────────────────────────────────────────────────────────────
┌───────────────────────────────────────────────────────────────────────────────────────────────────────────────────────
│ {key: themeMode, value: 2, type: int}
├┄┄┄┄┄┄┄┄┄┄┄┄┄┄┄┄┄┄┄┄┄┄┄┄┄┄┄┄┄┄┄┄┄┄┄┄┄┄┄┄┄┄┄┄┄┄┄┄┄┄┄┄┄┄┄┄┄┄┄┄┄┄┄┄┄┄┄┄┄┄┄┄┄┄┄┄┄┄┄┄┄┄┄┄┄┄┄┄┄┄┄┄┄┄┄┄┄┄┄┄┄┄┄┄┄┄┄┄┄┄┄┄┄┄┄┄┄┄┄
│ #0   AppLogger.database (package:filler/core/logging.dart:49:13)
│ #1   AppDatabase.setPreferenceValue (package:filler/data/database.dart:301:15)
│ #2   PreferencesRepository.save (package:filler/domain/repositories.dart:565:13)
│ #3   main.<anonymous closure>.<anonymous closure> (file:///Users/mr42/code/flutter/tmp/filler/test/integration/platform_specific_test.dart:80:23)
│ #4   Declarer.test.<anonymous closure>.<anonymous closure> (package:test_api/src/backend/declarer.dart:242:19)
│ #5   <asynchronous suspension>
│ #6   Declarer.test.<anonymous closure> (package:test_api/src/backend/declarer.dart:240:7)
│ #7   <asynchronous suspension>
├┄┄┄┄┄┄┄┄┄┄┄┄┄┄┄┄┄┄┄┄┄┄┄┄┄┄┄┄┄┄┄┄┄┄┄┄┄┄┄┄┄┄┄┄┄┄┄┄┄┄┄┄┄┄┄┄┄┄┄┄┄┄┄┄┄┄┄┄┄┄┄┄┄┄┄┄┄┄┄┄┄┄┄┄┄┄┄┄┄┄┄┄┄┄┄┄┄┄┄┄┄┄┄┄┄┄┄┄┄┄┄┄┄┄┄┄┄┄┄
│ 07:38:47.819 (+0:00:00.223551)
├┄┄┄┄┄┄┄┄┄┄┄┄┄┄┄┄┄┄┄┄┄┄┄┄┄┄┄┄┄┄┄┄┄┄┄┄┄┄┄┄┄┄┄┄┄┄┄┄┄┄┄┄┄┄┄┄┄┄┄┄┄┄┄┄┄┄┄┄┄┄┄┄┄┄┄┄┄┄┄┄┄┄┄┄┄┄┄┄┄┄┄┄┄┄┄┄┄┄┄┄┄┄┄┄┄┄┄┄┄┄┄┄┄┄┄┄┄┄┄
│ 🐛 💾 Database: Setting preference value
└───────────────────────────────────────────────────────────────────────────────────────────────────────────────────────

00:01 +1: /Users/mr42/code/flutter/tmp/filler/test/integration/page_state_transitions_test.dart: (setUpAll)                                                                                            
[38;5;12m│ #0   AppLogger.initialize (package:filler/core/logging.dart:24:13)[0m
[38;5;12m│ #1   TestHelpers.initializeLogging (file:///Users/mr42/code/flutter/tmp/filler/test/helpers/test_helpers.dart:25:15)[0m
[38;5;12m├┄┄┄┄┄┄┄┄┄┄┄┄┄┄┄┄┄┄┄┄┄┄┄┄┄┄┄┄┄┄┄┄┄┄┄┄┄┄┄┄┄┄┄┄┄┄┄┄┄┄┄┄┄┄┄┄┄┄┄┄┄┄┄┄┄┄┄┄┄┄┄┄┄┄┄┄┄┄┄┄┄┄┄┄┄┄┄┄┄┄┄┄┄┄┄┄┄┄┄┄┄┄┄┄┄┄┄┄┄┄┄┄┄┄┄┄┄┄┄[0m
[38;5;12m│ 07:38:47.805 (+0:00:00.001236)[0m
[38;5;12m├┄┄┄┄┄┄┄┄┄┄┄┄┄┄┄┄┄┄┄┄┄┄┄┄┄┄┄┄┄┄┄┄┄┄┄┄┄┄┄┄┄┄┄┄┄┄┄┄┄┄┄┄┄┄┄┄┄┄┄┄┄┄┄┄┄┄┄┄┄┄┄┄┄┄┄┄┄┄┄┄┄┄┄┄┄┄┄┄┄┄┄┄┄┄┄┄┄┄┄┄┄┄┄┄┄┄┄┄┄┄┄┄┄┄┄┄┄┄┄[0m
[38;5;12m│ 💡 🚀 AppLogger initialized (debug: true)[0m
[38;5;12m└───────────────────────────────────────────────────────────────────────────────────────────────────────────────────────[0m

00:01 +1: /Users/mr42/code/flutter/tmp/filler/test/integration/platform_specific_test.dart: Platform-Specific Database Integration Preferences Persistence Works Cross-Platform                        
┌───────────────────────────────────────────────────────────────────────────────────────────────────────────────────────
│ {version: 4, wasCreated: true, hadUpgrade: false}
├┄┄┄┄┄┄┄┄┄┄┄┄┄┄┄┄┄┄┄┄┄┄┄┄┄┄┄┄┄┄┄┄┄┄┄┄┄┄┄┄┄┄┄┄┄┄┄┄┄┄┄┄┄┄┄┄┄┄┄┄┄┄┄┄┄┄┄┄┄┄┄┄┄┄┄┄┄┄┄┄┄┄┄┄┄┄┄┄┄┄┄┄┄┄┄┄┄┄┄┄┄┄┄┄┄┄┄┄┄┄┄┄┄┄┄┄┄┄┄
│ #0   AppLogger.database (package:filler/core/logging.dart:49:13)
│ #1   AppDatabase.migration.<anonymous closure> (package:filler/data/database.dart:211:17)
│ #2   GeneratedDatabase.beforeOpen.<anonymous closure> (package:drift/src/runtime/api/db_base.dart:137:44)
│ #3   <asynchronous suspension>
│ #4   DelegatedDatabase._runMigrations (package:drift/src/runtime/executor/helpers/engines.dart:512:5)
│ #5   <asynchronous suspension>
│ #6   DelegatedDatabase.ensureOpen.<anonymous closure> (package:drift/src/runtime/executor/helpers/engines.dart:476:9)
│ #7   <asynchronous suspension>
├┄┄┄┄┄┄┄┄┄┄┄┄┄┄┄┄┄┄┄┄┄┄┄┄┄┄┄┄┄┄┄┄┄┄┄┄┄┄┄┄┄┄┄┄┄┄┄┄┄┄┄┄┄┄┄┄┄┄┄┄┄┄┄┄┄┄┄┄┄┄┄┄┄┄┄┄┄┄┄┄┄┄┄┄┄┄┄┄┄┄┄┄┄┄┄┄┄┄┄┄┄┄┄┄┄┄┄┄┄┄┄┄┄┄┄┄┄┄┄
│ 07:38:47.822 (+0:00:00.226892)
├┄┄┄┄┄┄┄┄┄┄┄┄┄┄┄┄┄┄┄┄┄┄┄┄┄┄┄┄┄┄┄┄┄┄┄┄┄┄┄┄┄┄┄┄┄┄┄┄┄┄┄┄┄┄┄┄┄┄┄┄┄┄┄┄┄┄┄┄┄┄┄┄┄┄┄┄┄┄┄┄┄┄┄┄┄┄┄┄┄┄┄┄┄┄┄┄┄┄┄┄┄┄┄┄┄┄┄┄┄┄┄┄┄┄┄┄┄┄┄
│ 🐛 💾 Database: Database opened
└───────────────────────────────────────────────────────────────────────────────────────────────────────────────────────

00:01 +1: /Users/mr42/code/flutter/tmp/filler/test/integration/app_flow_test.dart: App Flow Integration Tests complete canvas creation and retrieval flow                                              
00:01 +1: /Users/mr42/code/flutter/tmp/filler/test/integration/platform_specific_test.dart: Platform-Specific Database Integration Preferences Persistence Works Cross-Platform                        
┌───────────────────────────────────────────────────────────────────────────────────────────────────────────────────────
│ {key: width, value: 15}
├┄┄┄┄┄┄┄┄┄┄┄┄┄┄┄┄┄┄┄┄┄┄┄┄┄┄┄┄┄┄┄┄┄┄┄┄┄┄┄┄┄┄┄┄┄┄┄┄┄┄┄┄┄┄┄┄┄┄┄┄┄┄┄┄┄┄┄┄┄┄┄┄┄┄┄┄┄┄┄┄┄┄┄┄┄┄┄┄┄┄┄┄┄┄┄┄┄┄┄┄┄┄┄┄┄┄┄┄┄┄┄┄┄┄┄┄┄┄┄
│ #0   AppLogger.database (package:filler/core/logging.dart:49:13)
│ #1   AppDatabase.setPreferenceValue (package:filler/data/database.dart:337:17)
│ #2   <asynchronous suspension>
│ #3   Future.wait.<anonymous closure> (dart:async/future.dart:525:21)
│ #4   <asynchronous suspension>
│ #5   PreferencesRepository.save (package:filler/domain/repositories.dart:556:7)
│ #6   <asynchronous suspension>
│ #7   main.<anonymous closure>.<anonymous closure> (file:///Users/mr42/code/flutter/tmp/filler/test/integration/platform_specific_test.dart:80:7)
├┄┄┄┄┄┄┄┄┄┄┄┄┄┄┄┄┄┄┄┄┄┄┄┄┄┄┄┄┄┄┄┄┄┄┄┄┄┄┄┄┄┄┄┄┄┄┄┄┄┄┄┄┄┄┄┄┄┄┄┄┄┄┄┄┄┄┄┄┄┄┄┄┄┄┄┄┄┄┄┄┄┄┄┄┄┄┄┄┄┄┄┄┄┄┄┄┄┄┄┄┄┄┄┄┄┄┄┄┄┄┄┄┄┄┄┄┄┄┄
│ 07:38:47.825 (+0:00:00.229850)
├┄┄┄┄┄┄┄┄┄┄┄┄┄┄┄┄┄┄┄┄┄┄┄┄┄┄┄┄┄┄┄┄┄┄┄┄┄┄┄┄┄┄┄┄┄┄┄┄┄┄┄┄┄┄┄┄┄┄┄┄┄┄┄┄┄┄┄┄┄┄┄┄┄┄┄┄┄┄┄┄┄┄┄┄┄┄┄┄┄┄┄┄┄┄┄┄┄┄┄┄┄┄┄┄┄┄┄┄┄┄┄┄┄┄┄┄┄┄┄
│ 🐛 💾 Database: Preference value saved
└───────────────────────────────────────────────────────────────────────────────────────────────────────────────────────
┌───────────────────────────────────────────────────────────────────────────────────────────────────────────────────────
│ {key: height, value: 12}
├┄┄┄┄┄┄┄┄┄┄┄┄┄┄┄┄┄┄┄┄┄┄┄┄┄┄┄┄┄┄┄┄┄┄┄┄┄┄┄┄┄┄┄┄┄┄┄┄┄┄┄┄┄┄┄┄┄┄┄┄┄┄┄┄┄┄┄┄┄┄┄┄┄┄┄┄┄┄┄┄┄┄┄┄┄┄┄┄┄┄┄┄┄┄┄┄┄┄┄┄┄┄┄┄┄┄┄┄┄┄┄┄┄┄┄┄┄┄┄
│ #0   AppLogger.database (package:filler/core/logging.dart:49:13)
│ #1   AppDatabase.setPreferenceValue (package:filler/data/database.dart:337:17)
│ #2   <asynchronous suspension>
│ #3   Future.wait.<anonymous closure> (dart:async/future.dart:525:21)

00:01 +1: /Users/mr42/code/flutter/tmp/filler/test/integration/page_state_transitions_test.dart: BLoC State Transitions - All Pages Canvas BLoC - New Canvas State Transitions                         
┌───────────────────────────────────────────────────────────────────────────────────────────────────────────────────────

00:01 +1: /Users/mr42/code/flutter/tmp/filler/test/integration/platform_specific_test.dart: Platform-Specific Database Integration Preferences Persistence Works Cross-Platform                        
│ #4   <asynchronous suspension>
│ #5   PreferencesRepository.save (package:filler/domain/repositories.dart:556:7)
│ #6   <asynchronous suspension>

00:01 +1: /Users/mr42/code/flutter/tmp/filler/test/integration/page_state_transitions_test.dart: BLoC State Transitions - All Pages Canvas BLoC - New Canvas State Transitions                         
│ #0   TestHelpers.createTestDatabase (file:///Users/mr42/code/flutter/tmp/filler/test/helpers/test_helpers.dart:30:24)

00:01 +1: /Users/mr42/code/flutter/tmp/filler/test/integration/platform_specific_test.dart: Platform-Specific Database Integration Preferences Persistence Works Cross-Platform                        
│ #7   main.<anonymous closure>.<anonymous closure> (file:///Users/mr42/code/flutter/tmp/filler/test/integration/platform_specific_test.dart:80:7)
├┄┄┄┄┄┄┄┄┄┄┄┄┄┄┄┄┄┄┄┄┄┄┄┄┄┄┄┄┄┄┄┄┄┄┄┄┄┄┄┄┄┄┄┄┄┄┄┄┄┄┄┄┄┄┄┄┄┄┄┄┄┄┄┄┄┄┄┄┄┄┄┄┄┄┄┄┄┄┄┄┄┄┄┄┄┄┄┄┄┄┄┄┄┄┄┄┄┄┄┄┄┄┄┄┄┄┄┄┄┄┄┄┄┄┄┄┄┄┄
│ 07:38:47.826 (+0:00:00.231482)
├┄┄┄┄┄┄┄┄┄┄┄┄┄┄┄┄┄┄┄┄┄┄┄┄┄┄┄┄┄┄┄┄┄┄┄┄┄┄┄┄┄┄┄┄┄┄┄┄┄┄┄┄┄┄┄┄┄┄┄┄┄┄┄┄┄┄┄┄┄┄┄┄┄┄┄┄┄┄┄┄┄┄┄┄┄┄┄┄┄┄┄┄┄┄┄┄┄┄┄┄┄┄┄┄┄┄┄┄┄┄┄┄┄┄┄┄┄┄┄
│ 🐛 💾 Database: Preference value saved
└───────────────────────────────────────────────────────────────────────────────────────────────────────────────────────

00:01 +1: /Users/mr42/code/flutter/tmp/filler/test/integration/page_state_transitions_test.dart: BLoC State Transitions - All Pages Canvas BLoC - New Canvas State Transitions                         
│ #1   main.<anonymous closure> (file:///Users/mr42/code/flutter/tmp/filler/test/integration/page_state_transitions_test.dart:22:28)
├┄┄┄┄┄┄┄┄┄┄┄┄┄┄┄┄┄┄┄┄┄┄┄┄┄┄┄┄┄┄┄┄┄┄┄┄┄┄┄┄┄┄┄┄┄┄┄┄┄┄┄┄┄┄┄┄┄┄┄┄┄┄┄┄┄┄┄┄┄┄┄┄┄┄┄┄┄┄┄┄┄┄┄┄┄┄┄┄┄┄┄┄┄┄┄┄┄┄┄┄┄┄┄┄┄┄┄┄┄┄┄┄┄┄┄┄┄┄┄

00:01 +1: /Users/mr42/code/flutter/tmp/filler/test/integration/platform_specific_test.dart: Platform-Specific Database Integration Preferences Persistence Works Cross-Platform                        
┌───────────────────────────────────────────────────────────────────────────────────────────────────────────────────────
│ {key: insets, value: 3}
├┄┄┄┄┄┄┄┄┄┄┄┄┄┄┄┄┄┄┄┄┄┄┄┄┄┄┄┄┄┄┄┄┄┄┄┄┄┄┄┄┄┄┄┄┄┄┄┄┄┄┄┄┄┄┄┄┄┄┄┄┄┄┄┄┄┄┄┄┄┄┄┄┄┄┄┄┄┄┄┄┄┄┄┄┄┄┄┄┄┄┄┄┄┄┄┄┄┄┄┄┄┄┄┄┄┄┄┄┄┄┄┄┄┄┄┄┄┄┄
│ #0   AppLogger.database (package:filler/core/logging.dart:49:13)

00:01 +1: /Users/mr42/code/flutter/tmp/filler/test/integration/page_state_transitions_test.dart: BLoC State Transitions - All Pages Canvas BLoC - New Canvas State Transitions                         
│ 07:38:47.827 (+0:00:00.023395)

00:01 +1: /Users/mr42/code/flutter/tmp/filler/test/integration/platform_specific_test.dart: Platform-Specific Database Integration Preferences Persistence Works Cross-Platform                        
│ #1   AppDatabase.setPreferenceValue (package:filler/data/database.dart:337:17)
│ #2   <asynchronous suspension>
│ #3   Future.wait.<anonymous closure> (dart:async/future.dart:525:21)
│ #4   <asynchronous suspension>

00:01 +1: /Users/mr42/code/flutter/tmp/filler/test/integration/page_state_transitions_test.dart: BLoC State Transitions - All Pages Canvas BLoC - New Canvas State Transitions                         
├┄┄┄┄┄┄┄┄┄┄┄┄┄┄┄┄┄┄┄┄┄┄┄┄┄┄┄┄┄┄┄┄┄┄┄┄┄┄┄┄┄┄┄┄┄┄┄┄┄┄┄┄┄┄┄┄┄┄┄┄┄┄┄┄┄┄┄┄┄┄┄┄┄┄┄┄┄┄┄┄┄┄┄┄┄┄┄┄┄┄┄┄┄┄┄┄┄┄┄┄┄┄┄┄┄┄┄┄┄┄┄┄┄┄┄┄┄┄┄

00:01 +1: /Users/mr42/code/flutter/tmp/filler/test/integration/platform_specific_test.dart: Platform-Specific Database Integration Preferences Persistence Works Cross-Platform                        
│ #5   PreferencesRepository.save (package:filler/domain/repositories.dart:556:7)

00:01 +1: /Users/mr42/code/flutter/tmp/filler/test/integration/page_state_transitions_test.dart: BLoC State Transitions - All Pages Canvas BLoC - New Canvas State Transitions                         
│ 🐛 🗄️ Creating test database

00:01 +1: /Users/mr42/code/flutter/tmp/filler/test/integration/platform_specific_test.dart: Platform-Specific Database Integration Preferences Persistence Works Cross-Platform                        
│ #6   <asynchronous suspension>
│ #7   main.<anonymous closure>.<anonymous closure> (file:///Users/mr42/code/flutter/tmp/filler/test/integration/platform_specific_test.dart:80:7)
├┄┄┄┄┄┄┄┄┄┄┄┄┄┄┄┄┄┄┄┄┄┄┄┄┄┄┄┄┄┄┄┄┄┄┄┄┄┄┄┄┄┄┄┄┄┄┄┄┄┄┄┄┄┄┄┄┄┄┄┄┄┄┄┄┄┄┄┄┄┄┄┄┄┄┄┄┄┄┄┄┄┄┄┄┄┄┄┄┄┄┄┄┄┄┄┄┄┄┄┄┄┄┄┄┄┄┄┄┄┄┄┄┄┄┄┄┄┄┄
│ 07:38:47.829 (+0:00:00.233649)
├┄┄┄┄┄┄┄┄┄┄┄┄┄┄┄┄┄┄┄┄┄┄┄┄┄┄┄┄┄┄┄┄┄┄┄┄┄┄┄┄┄┄┄┄┄┄┄┄┄┄┄┄┄┄┄┄┄┄┄┄┄┄┄┄┄┄┄┄┄┄┄┄┄┄┄┄┄┄┄┄┄┄┄┄┄┄┄┄┄┄┄┄┄┄┄┄┄┄┄┄┄┄┄┄┄┄┄┄┄┄┄┄┄┄┄┄┄┄┄
│ 🐛 💾 Database: Preference value saved

00:01 +1: /Users/mr42/code/flutter/tmp/filler/test/integration/page_state_transitions_test.dart: BLoC State Transitions - All Pages Canvas BLoC - New Canvas State Transitions                         
└───────────────────────────────────────────────────────────────────────────────────────────────────────────────────────

00:01 +1: /Users/mr42/code/flutter/tmp/filler/test/integration/platform_specific_test.dart: Platform-Specific Database Integration Preferences Persistence Works Cross-Platform                        
└───────────────────────────────────────────────────────────────────────────────────────────────────────────────────────
┌───────────────────────────────────────────────────────────────────────────────────────────────────────────────────────
│ {key: defaultPattern, value: 1}
├┄┄┄┄┄┄┄┄┄┄┄┄┄┄┄┄┄┄┄┄┄┄┄┄┄┄┄┄┄┄┄┄┄┄┄┄┄┄┄┄┄┄┄┄┄┄┄┄┄┄┄┄┄┄┄┄┄┄┄┄┄┄┄┄┄┄┄┄┄┄┄┄┄┄┄┄┄┄┄┄┄┄┄┄┄┄┄┄┄┄┄┄┄┄┄┄┄┄┄┄┄┄┄┄┄┄┄┄┄┄┄┄┄┄┄┄┄┄┄
│ #0   AppLogger.database (package:filler/core/logging.dart:49:13)
│ #1   AppDatabase.setPreferenceValue (package:filler/data/database.dart:337:17)
│ #2   <asynchronous suspension>
│ #3   Future.wait.<anonymous closure> (dart:async/future.dart:525:21)
│ #4   <asynchronous suspension>
│ #5   PreferencesRepository.save (package:filler/domain/repositories.dart:556:7)
│ #6   <asynchronous suspension>
│ #7   main.<anonymous closure>.<anonymous closure> (file:///Users/mr42/code/flutter/tmp/filler/test/integration/platform_specific_test.dart:80:7)
├┄┄┄┄┄┄┄┄┄┄┄┄┄┄┄┄┄┄┄┄┄┄┄┄┄┄┄┄┄┄┄┄┄┄┄┄┄┄┄┄┄┄┄┄┄┄┄┄┄┄┄┄┄┄┄┄┄┄┄┄┄┄┄┄┄┄┄┄┄┄┄┄┄┄┄┄┄┄┄┄┄┄┄┄┄┄┄┄┄┄┄┄┄┄┄┄┄┄┄┄┄┄┄┄┄┄┄┄┄┄┄┄┄┄┄┄┄┄┄
│ 07:38:47.831 (+0:00:00.236021)
├┄┄┄┄┄┄┄┄┄┄┄┄┄┄┄┄┄┄┄┄┄┄┄┄┄┄┄┄┄┄┄┄┄┄┄┄┄┄┄┄┄┄┄┄┄┄┄┄┄┄┄┄┄┄┄┄┄┄┄┄┄┄┄┄┄┄┄┄┄┄┄┄┄┄┄┄┄┄┄┄┄┄┄┄┄┄┄┄┄┄┄┄┄┄┄┄┄┄┄┄┄┄┄┄┄┄┄┄┄┄┄┄┄┄┄┄┄┄┄
│ 🐛 💾 Database: Preference value saved
└───────────────────────────────────────────────────────────────────────────────────────────────────────────────────────
┌───────────────────────────────────────────────────────────────────────────────────────────────────────────────────────
│ {key: themeMode, value: 2}
├┄┄┄┄┄┄┄┄┄┄┄┄┄┄┄┄┄┄┄┄┄┄┄┄┄┄┄┄┄┄┄┄┄┄┄┄┄┄┄┄┄┄┄┄┄┄┄┄┄┄┄┄┄┄┄┄┄┄┄┄┄┄┄┄┄┄┄┄┄┄┄┄┄┄┄┄┄┄┄┄┄┄┄┄┄┄┄┄┄┄┄┄┄┄┄┄┄┄┄┄┄┄┄┄┄┄┄┄┄┄┄┄┄┄┄┄┄┄┄
│ #0   AppLogger.database (package:filler/core/logging.dart:49:13)
│ #1   AppDatabase.setPreferenceValue (package:filler/data/database.dart:337:17)
│ #2   <asynchronous suspension>
│ #3   Future.wait.<anonymous closure> (dart:async/future.dart:525:21)
│ #4   <asynchronous suspension>
│ #5   PreferencesRepository.save (package:filler/domain/repositories.dart:556:7)
│ #6   <asynchronous suspension>
│ #7   main.<anonymous closure>.<anonymous closure> (file:///Users/mr42/code/flutter/tmp/filler/test/integration/platform_specific_test.dart:80:7)
├┄┄┄┄┄┄┄┄┄┄┄┄┄┄┄┄┄┄┄┄┄┄┄┄┄┄┄┄┄┄┄┄┄┄┄┄┄┄┄┄┄┄┄┄┄┄┄┄┄┄┄┄┄┄┄┄┄┄┄┄┄┄┄┄┄┄┄┄┄┄┄┄┄┄┄┄┄┄┄┄┄┄┄┄┄┄┄┄┄┄┄┄┄┄┄┄┄┄┄┄┄┄┄┄┄┄┄┄┄┄┄┄┄┄┄┄┄┄┄
│ 07:38:47.832 (+0:00:00.237456)
├┄┄┄┄┄┄┄┄┄┄┄┄┄┄┄┄┄┄┄┄┄┄┄┄┄┄┄┄┄┄┄┄┄┄┄┄┄┄┄┄┄┄┄┄┄┄┄┄┄┄┄┄┄┄┄┄┄┄┄┄┄┄┄┄┄┄┄┄┄┄┄┄┄┄┄┄┄┄┄┄┄┄┄┄┄┄┄┄┄┄┄┄┄┄┄┄┄┄┄┄┄┄┄┄┄┄┄┄┄┄┄┄┄┄┄┄┄┄┄
│ 🐛 💾 Database: Preference value saved
└───────────────────────────────────────────────────────────────────────────────────────────────────────────────────────
┌───────────────────────────────────────────────────────────────────────────────────────────────────────────────────────
│ {saveTime: 25ms, keysUpdated: [width, height, insets, defaultPattern, themeMode]}
├┄┄┄┄┄┄┄┄┄┄┄┄┄┄┄┄┄┄┄┄┄┄┄┄┄┄┄┄┄┄┄┄┄┄┄┄┄┄┄┄┄┄┄┄┄┄┄┄┄┄┄┄┄┄┄┄┄┄┄┄┄┄┄┄┄┄┄┄┄┄┄┄┄┄┄┄┄┄┄┄┄┄┄┄┄┄┄┄┄┄┄┄┄┄┄┄┄┄┄┄┄┄┄┄┄┄┄┄┄┄┄┄┄┄┄┄┄┄┄
│ #0   AppLogger.preferences (package:filler/core/logging.dart:64:13)
│ #1   PreferencesRepository.save (package:filler/domain/repositories.dart:570:17)
│ #2   <asynchronous suspension>
│ #3   main.<anonymous closure>.<anonymous closure> (file:///Users/mr42/code/flutter/tmp/filler/test/integration/platform_specific_test.dart:80:7)
│ #4   <asynchronous suspension>
│ #5   Declarer.test.<anonymous closure>.<anonymous closure> (package:test_api/src/backend/declarer.dart:242:9)
│ #6   <asynchronous suspension>
│ #7   Declarer.test.<anonymous closure> (package:test_api/src/backend/declarer.dart:240:7)

00:01 +1: /Users/mr42/code/flutter/tmp/filler/test/integration/page_state_transitions_test.dart: BLoC State Transitions - All Pages Canvas BLoC - New Canvas State Transitions                         
┌───────────────────────────────────────────────────────────────────────────────────────────────────────────────────────

00:01 +1: /Users/mr42/code/flutter/tmp/filler/test/integration/platform_specific_test.dart: Platform-Specific Database Integration Preferences Persistence Works Cross-Platform                        
├┄┄┄┄┄┄┄┄┄┄┄┄┄┄┄┄┄┄┄┄┄┄┄┄┄┄┄┄┄┄┄┄┄┄┄┄┄┄┄┄┄┄┄┄┄┄┄┄┄┄┄┄┄┄┄┄┄┄┄┄┄┄┄┄┄┄┄┄┄┄┄┄┄┄┄┄┄┄┄┄┄┄┄┄┄┄┄┄┄┄┄┄┄┄┄┄┄┄┄┄┄┄┄┄┄┄┄┄┄┄┄┄┄┄┄┄┄┄┄
│ 07:38:47.834 (+0:00:00.239097)
├┄┄┄┄┄┄┄┄┄┄┄┄┄┄┄┄┄┄┄┄┄┄┄┄┄┄┄┄┄┄┄┄┄┄┄┄┄┄┄┄┄┄┄┄┄┄┄┄┄┄┄┄┄┄┄┄┄┄┄┄┄┄┄┄┄┄┄┄┄┄┄┄┄┄┄┄┄┄┄┄┄┄┄┄┄┄┄┄┄┄┄┄┄┄┄┄┄┄┄┄┄┄┄┄┄┄┄┄┄┄┄┄┄┄┄┄┄┄┄
│ 🐛 ⚙️ Preferences: All preferences saved successfully
└───────────────────────────────────────────────────────────────────────────────────────────────────────────────────────

00:01 +1: /Users/mr42/code/flutter/tmp/filler/test/integration/page_state_transitions_test.dart: BLoC State Transitions - All Pages Canvas BLoC - New Canvas State Transitions                         
│ #0   AppLogger.bloc (package:filler/core/logging.dart:44:13)
│ #1   new CanvasBloc (package:filler/features/canvas/presentation/canvas_bloc.dart:106:15)

00:01 +1: /Users/mr42/code/flutter/tmp/filler/test/integration/app_flow_test.dart: App Flow Integration Tests complete canvas creation and retrieval flow                                              
00:01 +1: /Users/mr42/code/flutter/tmp/filler/test/integration/page_state_transitions_test.dart: BLoC State Transitions - All Pages Canvas BLoC - New Canvas State Transitions                         
├┄┄┄┄┄┄┄┄┄┄┄┄┄┄┄┄┄┄┄┄┄┄┄┄┄┄┄┄┄┄┄┄┄┄┄┄┄┄┄┄┄┄┄┄┄┄┄┄┄┄┄┄┄┄┄┄┄┄┄┄┄┄┄┄┄┄┄┄┄┄┄┄┄┄┄┄┄┄┄┄┄┄┄┄┄┄┄┄┄┄┄┄┄┄┄┄┄┄┄┄┄┄┄┄┄┄┄┄┄┄┄┄┄┄┄┄┄┄┄
│ 07:38:47.835 (+0:00:00.031372)
├┄┄┄┄┄┄┄┄┄┄┄┄┄┄┄┄┄┄┄┄┄┄┄┄┄┄┄┄┄┄┄┄┄┄┄┄┄┄┄┄┄┄┄┄┄┄┄┄┄┄┄┄┄┄┄┄┄┄┄┄┄┄┄┄┄┄┄┄┄┄┄┄┄┄┄┄┄┄┄┄┄┄┄┄┄┄┄┄┄┄┄┄┄┄┄┄┄┄┄┄┄┄┄┄┄┄┄┄┄┄┄┄┄┄┄┄┄┄┄
│ 🐛 🔄 BLoC[Canvas]: BLoC Created | null → initial
└───────────────────────────────────────────────────────────────────────────────────────────────────────────────────────

00:01 +1: /Users/mr42/code/flutter/tmp/filler/test/integration/platform_specific_test.dart: Platform-Specific Database Integration Preferences Persistence Works Cross-Platform                        
┌───────────────────────────────────────────────────────────────────────────────────────────────────────────────────────
│ #0   AppLogger.bloc (package:filler/core/logging.dart:44:13)
│ #1   new CanvasBloc.<anonymous closure> (package:filler/features/canvas/presentation/canvas_bloc.dart:108:17)
├┄┄┄┄┄┄┄┄┄┄┄┄┄┄┄┄┄┄┄┄┄┄┄┄┄┄┄┄┄┄┄┄┄┄┄┄┄┄┄┄┄┄┄┄┄┄┄┄┄┄┄┄┄┄┄┄┄┄┄┄┄┄┄┄┄┄┄┄┄┄┄┄┄┄┄┄┄┄┄┄┄┄┄┄┄┄┄┄┄┄┄┄┄┄┄┄┄┄┄┄┄┄┄┄┄┄┄┄┄┄┄┄┄┄┄┄┄┄┄
│ 07:38:47.839 (+0:00:00.244430)
├┄┄┄┄┄┄┄┄┄┄┄┄┄┄┄┄┄┄┄┄┄┄┄┄┄┄┄┄┄┄┄┄┄┄┄┄┄┄┄┄┄┄┄┄┄┄┄┄┄┄┄┄┄┄┄┄┄┄┄┄┄┄┄┄┄┄┄┄┄┄┄┄┄┄┄┄┄┄┄┄┄┄┄┄┄┄┄┄┄┄┄┄┄┄┄┄┄┄┄┄┄┄┄┄┄┄┄┄┄┄┄┄┄┄┄┄┄┄┄
│ 🐛 🔄 BLoC[Canvas]: Init Event | initial → loading
└───────────────────────────────────────────────────────────────────────────────────────────────────────────────────────
┌───────────────────────────────────────────────────────────────────────────────────────────────────────────────────────
│ #0   AppLogger.preferences (package:filler/core/logging.dart:64:13)
│ #1   PreferencesRepository.get (package:filler/domain/repositories.dart:423:15)
├┄┄┄┄┄┄┄┄┄┄┄┄┄┄┄┄┄┄┄┄┄┄┄┄┄┄┄┄┄┄┄┄┄┄┄┄┄┄┄┄┄┄┄┄┄┄┄┄┄┄┄┄┄┄┄┄┄┄┄┄┄┄┄┄┄┄┄┄┄┄┄┄┄┄┄┄┄┄┄┄┄┄┄┄┄┄┄┄┄┄┄┄┄┄┄┄┄┄┄┄┄┄┄┄┄┄┄┄┄┄┄┄┄┄┄┄┄┄┄
│ 07:38:47.841 (+0:00:00.246350)
├┄┄┄┄┄┄┄┄┄┄┄┄┄┄┄┄┄┄┄┄┄┄┄┄┄┄┄┄┄┄┄┄┄┄┄┄┄┄┄┄┄┄┄┄┄┄┄┄┄┄┄┄┄┄┄┄┄┄┄┄┄┄┄┄┄┄┄┄┄┄┄┄┄┄┄┄┄┄┄┄┄┄┄┄┄┄┄┄┄┄┄┄┄┄┄┄┄┄┄┄┄┄┄┄┄┄┄┄┄┄┄┄┄┄┄┄┄┄┄
│ 🐛 ⚙️ Preferences: Fetching preferences from key-value store
└───────────────────────────────────────────────────────────────────────────────────────────────────────────────────────
┌───────────────────────────────────────────────────────────────────────────────────────────────────────────────────────
│ #0   AppLogger.database (package:filler/core/logging.dart:49:13)
│ #1   AppDatabase.getAllPreferences (package:filler/data/database.dart:354:15)
├┄┄┄┄┄┄┄┄┄┄┄┄┄┄┄┄┄┄┄┄┄┄┄┄┄┄┄┄┄┄┄┄┄┄┄┄┄┄┄┄┄┄┄┄┄┄┄┄┄┄┄┄┄┄┄┄┄┄┄┄┄┄┄┄┄┄┄┄┄┄┄┄┄┄┄┄┄┄┄┄┄┄┄┄┄┄┄┄┄┄┄┄┄┄┄┄┄┄┄┄┄┄┄┄┄┄┄┄┄┄┄┄┄┄┄┄┄┄┄
│ 07:38:47.842 (+0:00:00.247250)
├┄┄┄┄┄┄┄┄┄┄┄┄┄┄┄┄┄┄┄┄┄┄┄┄┄┄┄┄┄┄┄┄┄┄┄┄┄┄┄┄┄┄┄┄┄┄┄┄┄┄┄┄┄┄┄┄┄┄┄┄┄┄┄┄┄┄┄┄┄┄┄┄┄┄┄┄┄┄┄┄┄┄┄┄┄┄┄┄┄┄┄┄┄┄┄┄┄┄┄┄┄┄┄┄┄┄┄┄┄┄┄┄┄┄┄┄┄┄┄
│ 🐛 💾 Database: Fetching all preferences
└───────────────────────────────────────────────────────────────────────────────────────────────────────────────────────

00:01 +1: /Users/mr42/code/flutter/tmp/filler/test/integration/app_flow_test.dart: App Flow Integration Tests complete canvas creation and retrieval flow                                              
┌───────────────────────────────────────────────────────────────────────────────────────────────────────────────────────
│ {version: 4, wasCreated: true, hadUpgrade: false}

00:01 +1: /Users/mr42/code/flutter/tmp/filler/test/integration/platform_specific_test.dart: Platform-Specific Database Integration Preferences Persistence Works Cross-Platform                        
┌───────────────────────────────────────────────────────────────────────────────────────────────────────────────────────
│ {count: 5, keys: [width, height, insets, defaultPattern, themeMode]}
├┄┄┄┄┄┄┄┄┄┄┄┄┄┄┄┄┄┄┄┄┄┄┄┄┄┄┄┄┄┄┄┄┄┄┄┄┄┄┄┄┄┄┄┄┄┄┄┄┄┄┄┄┄┄┄┄┄┄┄┄┄┄┄┄┄┄┄┄┄┄┄┄┄┄┄┄┄┄┄┄┄┄┄┄┄┄┄┄┄┄┄┄┄┄┄┄┄┄┄┄┄┄┄┄┄┄┄┄┄┄┄┄┄┄┄┄┄┄┄
│ #0   AppLogger.database (package:filler/core/logging.dart:49:13)

00:01 +1: /Users/mr42/code/flutter/tmp/filler/test/integration/page_state_transitions_test.dart: BLoC State Transitions - All Pages Canvas BLoC - New Canvas State Transitions                         
┌───────────────────────────────────────────────────────────────────────────────────────────────────────────────────────

00:01 +1: /Users/mr42/code/flutter/tmp/filler/test/integration/platform_specific_test.dart: Platform-Specific Database Integration Preferences Persistence Works Cross-Platform                        
│ #1   AppDatabase.getAllPreferences (package:filler/data/database.dart:364:17)

00:01 +1: /Users/mr42/code/flutter/tmp/filler/test/integration/app_flow_test.dart: App Flow Integration Tests complete canvas creation and retrieval flow                                              
├┄┄┄┄┄┄┄┄┄┄┄┄┄┄┄┄┄┄┄┄┄┄┄┄┄┄┄┄┄┄┄┄┄┄┄┄┄┄┄┄┄┄┄┄┄┄┄┄┄┄┄┄┄┄┄┄┄┄┄┄┄┄┄┄┄┄┄┄┄┄┄┄┄┄┄┄┄┄┄┄┄┄┄┄┄┄┄┄┄┄┄┄┄┄┄┄┄┄┄┄┄┄┄┄┄┄┄┄┄┄┄┄┄┄┄┄┄┄┄

00:01 +1: /Users/mr42/code/flutter/tmp/filler/test/integration/platform_specific_test.dart: Platform-Specific Database Integration Preferences Persistence Works Cross-Platform                        
│ #2   <asynchronous suspension>
│ #3   PreferencesRepository.get (package:filler/domain/repositories.dart:427:24)
│ #4   <asynchronous suspension>
│ #5   new CanvasBloc.<anonymous closure> (package:filler/features/canvas/presentation/canvas_bloc.dart:113:19)
│ #6   <asynchronous suspension>
│ #7   Bloc.on.<anonymous closure>.handleEvent (package:bloc/src/bloc.dart:226:13)
├┄┄┄┄┄┄┄┄┄┄┄┄┄┄┄┄┄┄┄┄┄┄┄┄┄┄┄┄┄┄┄┄┄┄┄┄┄┄┄┄┄┄┄┄┄┄┄┄┄┄┄┄┄┄┄┄┄┄┄┄┄┄┄┄┄┄┄┄┄┄┄┄┄┄┄┄┄┄┄┄┄┄┄┄┄┄┄┄┄┄┄┄┄┄┄┄┄┄┄┄┄┄┄┄┄┄┄┄┄┄┄┄┄┄┄┄┄┄┄
│ 07:38:47.844 (+0:00:00.249100)
├┄┄┄┄┄┄┄┄┄┄┄┄┄┄┄┄┄┄┄┄┄┄┄┄┄┄┄┄┄┄┄┄┄┄┄┄┄┄┄┄┄┄┄┄┄┄┄┄┄┄┄┄┄┄┄┄┄┄┄┄┄┄┄┄┄┄┄┄┄┄┄┄┄┄┄┄┄┄┄┄┄┄┄┄┄┄┄┄┄┄┄┄┄┄┄┄┄┄┄┄┄┄┄┄┄┄┄┄┄┄┄┄┄┄┄┄┄┄┄
│ 🐛 💾 Database: Retrieved all preferences
└───────────────────────────────────────────────────────────────────────────────────────────────────────────────────────

00:01 +1: /Users/mr42/code/flutter/tmp/filler/test/integration/app_flow_test.dart: App Flow Integration Tests complete canvas creation and retrieval flow                                              
│ #0   AppLogger.database (package:filler/core/logging.dart:49:13)
│ #1   AppDatabase.migration.<anonymous closure> (package:filler/data/database.dart:211:17)
│ #2   GeneratedDatabase.beforeOpen.<anonymous closure> (package:drift/src/runtime/api/db_base.dart:137:44)
│ #3   <asynchronous suspension>

00:01 +1: /Users/mr42/code/flutter/tmp/filler/test/integration/platform_specific_test.dart: Platform-Specific Database Integration Preferences Persistence Works Cross-Platform                        
┌───────────────────────────────────────────────────────────────────────────────────────────────────────────────────────

00:01 +1: /Users/mr42/code/flutter/tmp/filler/test/integration/page_state_transitions_test.dart: BLoC State Transitions - All Pages Canvas BLoC - New Canvas State Transitions                         
│ #0   AppLogger.bloc (package:filler/core/logging.dart:44:13)
│ #1   new GalleryBloc (package:filler/features/gallery/presentation/gallery_bloc.dart:77:15)
├┄┄┄┄┄┄┄┄┄┄┄┄┄┄┄┄┄┄┄┄┄┄┄┄┄┄┄┄┄┄┄┄┄┄┄┄┄┄┄┄┄┄┄┄┄┄┄┄┄┄┄┄┄┄┄┄┄┄┄┄┄┄┄┄┄┄┄┄┄┄┄┄┄┄┄┄┄┄┄┄┄┄┄┄┄┄┄┄┄┄┄┄┄┄┄┄┄┄┄┄┄┄┄┄┄┄┄┄┄┄┄┄┄┄┄┄┄┄┄

00:01 +1: /Users/mr42/code/flutter/tmp/filler/test/integration/app_flow_test.dart: App Flow Integration Tests complete canvas creation and retrieval flow                                              
│ #4   DelegatedDatabase._runMigrations (package:drift/src/runtime/executor/helpers/engines.dart:512:5)
│ #5   <asynchronous suspension>
│ #6   DelegatedDatabase.ensureOpen.<anonymous closure> (package:drift/src/runtime/executor/helpers/engines.dart:476:9)

00:01 +1: /Users/mr42/code/flutter/tmp/filler/test/integration/page_state_transitions_test.dart: BLoC State Transitions - All Pages Canvas BLoC - New Canvas State Transitions                         
│ 07:38:47.844 (+0:00:00.040431)

00:01 +1: /Users/mr42/code/flutter/tmp/filler/test/integration/app_flow_test.dart: App Flow Integration Tests complete canvas creation and retrieval flow                                              
│ #7   <asynchronous suspension>
├┄┄┄┄┄┄┄┄┄┄┄┄┄┄┄┄┄┄┄┄┄┄┄┄┄┄┄┄┄┄┄┄┄┄┄┄┄┄┄┄┄┄┄┄┄┄┄┄┄┄┄┄┄┄┄┄┄┄┄┄┄┄┄┄┄┄┄┄┄┄┄┄┄┄┄┄┄┄┄┄┄┄┄┄┄┄┄┄┄┄┄┄┄┄┄┄┄┄┄┄┄┄┄┄┄┄┄┄┄┄┄┄┄┄┄┄┄┄┄
│ 07:38:47.842 (+0:00:00.099194)
├┄┄┄┄┄┄┄┄┄┄┄┄┄┄┄┄┄┄┄┄┄┄┄┄┄┄┄┄┄┄┄┄┄┄┄┄┄┄┄┄┄┄┄┄┄┄┄┄┄┄┄┄┄┄┄┄┄┄┄┄┄┄┄┄┄┄┄┄┄┄┄┄┄┄┄┄┄┄┄┄┄┄┄┄┄┄┄┄┄┄┄┄┄┄┄┄┄┄┄┄┄┄┄┄┄┄┄┄┄┄┄┄┄┄┄┄┄┄┄
│ 🐛 💾 Database: Database opened
└───────────────────────────────────────────────────────────────────────────────────────────────────────────────────────

00:01 +1: /Users/mr42/code/flutter/tmp/filler/test/integration/platform_specific_test.dart: Platform-Specific Database Integration Preferences Persistence Works Cross-Platform                        
│ {width: 15, height: 12, insets: 3, defaultPattern: 1, themeMode: 2, fetchTime: 3ms, keysFromDb: 5}
├┄┄┄┄┄┄┄┄┄┄┄┄┄┄┄┄┄┄┄┄┄┄┄┄┄┄┄┄┄┄┄┄┄┄┄┄┄┄┄┄┄┄┄┄┄┄┄┄┄┄┄┄┄┄┄┄┄┄┄┄┄┄┄┄┄┄┄┄┄┄┄┄┄┄┄┄┄┄┄┄┄┄┄┄┄┄┄┄┄┄┄┄┄┄┄┄┄┄┄┄┄┄┄┄┄┄┄┄┄┄┄┄┄┄┄┄┄┄┄
│ #0   AppLogger.preferences (package:filler/core/logging.dart:64:13)
│ #1   PreferencesRepository.get (package:filler/domain/repositories.dart:464:17)
│ #2   <asynchronous suspension>
│ #3   new CanvasBloc.<anonymous closure> (package:filler/features/canvas/presentation/canvas_bloc.dart:113:19)
│ #4   <asynchronous suspension>
│ #5   Bloc.on.<anonymous closure>.handleEvent (package:bloc/src/bloc.dart:226:13)
│ #6   <asynchronous suspension>
├┄┄┄┄┄┄┄┄┄┄┄┄┄┄┄┄┄┄┄┄┄┄┄┄┄┄┄┄┄┄┄┄┄┄┄┄┄┄┄┄┄┄┄┄┄┄┄┄┄┄┄┄┄┄┄┄┄┄┄┄┄┄┄┄┄┄┄┄┄┄┄┄┄┄┄┄┄┄┄┄┄┄┄┄┄┄┄┄┄┄┄┄┄┄┄┄┄┄┄┄┄┄┄┄┄┄┄┄┄┄┄┄┄┄┄┄┄┄┄
│ 07:38:47.846 (+0:00:00.251373)
├┄┄┄┄┄┄┄┄┄┄┄┄┄┄┄┄┄┄┄┄┄┄┄┄┄┄┄┄┄┄┄┄┄┄┄┄┄┄┄┄┄┄┄┄┄┄┄┄┄┄┄┄┄┄┄┄┄┄┄┄┄┄┄┄┄┄┄┄┄┄┄┄┄┄┄┄┄┄┄┄┄┄┄┄┄┄┄┄┄┄┄┄┄┄┄┄┄┄┄┄┄┄┄┄┄┄┄┄┄┄┄┄┄┄┄┄┄┄┄
│ 🐛 ⚙️ Preferences: Constructed preferences model
└───────────────────────────────────────────────────────────────────────────────────────────────────────────────────────

00:01 +1: /Users/mr42/code/flutter/tmp/filler/test/integration/page_state_transitions_test.dart: BLoC State Transitions - All Pages Canvas BLoC - New Canvas State Transitions                         
├┄┄┄┄┄┄┄┄┄┄┄┄┄┄┄┄┄┄┄┄┄┄┄┄┄┄┄┄┄┄┄┄┄┄┄┄┄┄┄┄┄┄┄┄┄┄┄┄┄┄┄┄┄┄┄┄┄┄┄┄┄┄┄┄┄┄┄┄┄┄┄┄┄┄┄┄┄┄┄┄┄┄┄┄┄┄┄┄┄┄┄┄┄┄┄┄┄┄┄┄┄┄┄┄┄┄┄┄┄┄┄┄┄┄┄┄┄┄┄
│ 🐛 🔄 BLoC[Gallery]: BLoC Created | null → initial
└───────────────────────────────────────────────────────────────────────────────────────────────────────────────────────
┌───────────────────────────────────────────────────────────────────────────────────────────────────────────────────────

00:01 +1: /Users/mr42/code/flutter/tmp/filler/test/integration/platform_specific_test.dart: Platform-Specific Database Integration Preferences Persistence Works Cross-Platform                        
┌───────────────────────────────────────────────────────────────────────────────────────────────────────────────────────
│ {width: 15, height: 12, insets: 3, defaultPattern: 1}
├┄┄┄┄┄┄┄┄┄┄┄┄┄┄┄┄┄┄┄┄┄┄┄┄┄┄┄┄┄┄┄┄┄┄┄┄┄┄┄┄┄┄┄┄┄┄┄┄┄┄┄┄┄┄┄┄┄┄┄┄┄┄┄┄┄┄┄┄┄┄┄┄┄┄┄┄┄┄┄┄┄┄┄┄┄┄┄┄┄┄┄┄┄┄┄┄┄┄┄┄┄┄┄┄┄┄┄┄┄┄┄┄┄┄┄┄┄┄┄

00:01 +1: /Users/mr42/code/flutter/tmp/filler/test/integration/page_state_transitions_test.dart: BLoC State Transitions - All Pages Canvas BLoC - New Canvas State Transitions                         
│ #0   AppLogger.bloc (package:filler/core/logging.dart:44:13)
│ #1   new PreferencesBloc (package:filler/features/prefs/presentation/preferences_bloc.dart:77:15)
├┄┄┄┄┄┄┄┄┄┄┄┄┄┄┄┄┄┄┄┄┄┄┄┄┄┄┄┄┄┄┄┄┄┄┄┄┄┄┄┄┄┄┄┄┄┄┄┄┄┄┄┄┄┄┄┄┄┄┄┄┄┄┄┄┄┄┄┄┄┄┄┄┄┄┄┄┄┄┄┄┄┄┄┄┄┄┄┄┄┄┄┄┄┄┄┄┄┄┄┄┄┄┄┄┄┄┄┄┄┄┄┄┄┄┄┄┄┄┄

00:01 +1: /Users/mr42/code/flutter/tmp/filler/test/integration/platform_specific_test.dart: Platform-Specific Database Integration Preferences Persistence Works Cross-Platform                        
│ #0   AppLogger.preferences (package:filler/core/logging.dart:64:13)
│ #1   new CanvasBloc.<anonymous closure> (package:filler/features/canvas/presentation/canvas_bloc.dart:116:19)
│ #2   <asynchronous suspension>
│ #3   Bloc.on.<anonymous closure>.handleEvent (package:bloc/src/bloc.dart:226:13)
│ #4   <asynchronous suspension>
├┄┄┄┄┄┄┄┄┄┄┄┄┄┄┄┄┄┄┄┄┄┄┄┄┄┄┄┄┄┄┄┄┄┄┄┄┄┄┄┄┄┄┄┄┄┄┄┄┄┄┄┄┄┄┄┄┄┄┄┄┄┄┄┄┄┄┄┄┄┄┄┄┄┄┄┄┄┄┄┄┄┄┄┄┄┄┄┄┄┄┄┄┄┄┄┄┄┄┄┄┄┄┄┄┄┄┄┄┄┄┄┄┄┄┄┄┄┄┄
│ 07:38:47.850 (+0:00:00.254515)
├┄┄┄┄┄┄┄┄┄┄┄┄┄┄┄┄┄┄┄┄┄┄┄┄┄┄┄┄┄┄┄┄┄┄┄┄┄┄┄┄┄┄┄┄┄┄┄┄┄┄┄┄┄┄┄┄┄┄┄┄┄┄┄┄┄┄┄┄┄┄┄┄┄┄┄┄┄┄┄┄┄┄┄┄┄┄┄┄┄┄┄┄┄┄┄┄┄┄┄┄┄┄┄┄┄┄┄┄┄┄┄┄┄┄┄┄┄┄┄

00:01 +1: /Users/mr42/code/flutter/tmp/filler/test/integration/page_state_transitions_test.dart: BLoC State Transitions - All Pages Canvas BLoC - New Canvas State Transitions                         
│ 07:38:47.849 (+0:00:00.045715)
├┄┄┄┄┄┄┄┄┄┄┄┄┄┄┄┄┄┄┄┄┄┄┄┄┄┄┄┄┄┄┄┄┄┄┄┄┄┄┄┄┄┄┄┄┄┄┄┄┄┄┄┄┄┄┄┄┄┄┄┄┄┄┄┄┄┄┄┄┄┄┄┄┄┄┄┄┄┄┄┄┄┄┄┄┄┄┄┄┄┄┄┄┄┄┄┄┄┄┄┄┄┄┄┄┄┄┄┄┄┄┄┄┄┄┄┄┄┄┄
│ 🐛 🔄 BLoC[Preferences]: BLoC Created | null → initial

00:01 +1: /Users/mr42/code/flutter/tmp/filler/test/integration/platform_specific_test.dart: Platform-Specific Database Integration Preferences Persistence Works Cross-Platform                        
│ 🐛 ⚙️ Preferences: Loaded preferences from key-value store
└───────────────────────────────────────────────────────────────────────────────────────────────────────────────────────

00:01 +1: /Users/mr42/code/flutter/tmp/filler/test/integration/page_state_transitions_test.dart: BLoC State Transitions - All Pages Canvas BLoC - New Canvas State Transitions                         
└───────────────────────────────────────────────────────────────────────────────────────────────────────────────────────

00:01 +1: /Users/mr42/code/flutter/tmp/filler/test/integration/platform_specific_test.dart: Platform-Specific Database Integration Preferences Persistence Works Cross-Platform                        
[38;5;12m┌───────────────────────────────────────────────────────────────────────────────────────────────────────────────────────[0m
[38;5;12m│ #0   AppLogger.performance (package:filler/core/logging.dart:131:13)[0m
[38;5;12m│ #1   new CanvasBloc.<anonymous closure> (package:filler/features/canvas/presentation/canvas_bloc.dart:125:19)[0m
[38;5;12m├┄┄┄┄┄┄┄┄┄┄┄┄┄┄┄┄┄┄┄┄┄┄┄┄┄┄┄┄┄┄┄┄┄┄┄┄┄┄┄┄┄┄┄┄┄┄┄┄┄┄┄┄┄┄┄┄┄┄┄┄┄┄┄┄┄┄┄┄┄┄┄┄┄┄┄┄┄┄┄┄┄┄┄┄┄┄┄┄┄┄┄┄┄┄┄┄┄┄┄┄┄┄┄┄┄┄┄┄┄┄┄┄┄┄┄┄┄┄┄[0m
[38;5;12m│ 07:38:47.851 (+0:00:00.256280)[0m
[38;5;12m├┄┄┄┄┄┄┄┄┄┄┄┄┄┄┄┄┄┄┄┄┄┄┄┄┄┄┄┄┄┄┄┄┄┄┄┄┄┄┄┄┄┄┄┄┄┄┄┄┄┄┄┄┄┄┄┄┄┄┄┄┄┄┄┄┄┄┄┄┄┄┄┄┄┄┄┄┄┄┄┄┄┄┄┄┄┄┄┄┄┄┄┄┄┄┄┄┄┄┄┄┄┄┄┄┄┄┄┄┄┄┄┄┄┄┄┄┄┄┄[0m
[38;5;12m│ 💡 ⏱️ Performance: Preferences fetch took 8ms[0m
[38;5;12m└───────────────────────────────────────────────────────────────────────────────────────────────────────────────────────[0m
┌───────────────────────────────────────────────────────────────────────────────────────────────────────────────────────
│ {dimensions: 15x12, pixelCount: 180, insets: 3, defaultPattern: 1}
├┄┄┄┄┄┄┄┄┄┄┄┄┄┄┄┄┄┄┄┄┄┄┄┄┄┄┄┄┄┄┄┄┄┄┄┄┄┄┄┄┄┄┄┄┄┄┄┄┄┄┄┄┄┄┄┄┄┄┄┄┄┄┄┄┄┄┄┄┄┄┄┄┄┄┄┄┄┄┄┄┄┄┄┄┄┄┄┄┄┄┄┄┄┄┄┄┄┄┄┄┄┄┄┄┄┄┄┄┄┄┄┄┄┄┄┄┄┄┄
│ #0   AppLogger.canvas (package:filler/core/logging.dart:59:13)
│ #1   new CanvasBloc.<anonymous closure> (package:filler/features/canvas/presentation/canvas_bloc.dart:133:19)
│ #2   <asynchronous suspension>
│ #3   Bloc.on.<anonymous closure>.handleEvent (package:bloc/src/bloc.dart:226:13)
│ #4   <asynchronous suspension>
├┄┄┄┄┄┄┄┄┄┄┄┄┄┄┄┄┄┄┄┄┄┄┄┄┄┄┄┄┄┄┄┄┄┄┄┄┄┄┄┄┄┄┄┄┄┄┄┄┄┄┄┄┄┄┄┄┄┄┄┄┄┄┄┄┄┄┄┄┄┄┄┄┄┄┄┄┄┄┄┄┄┄┄┄┄┄┄┄┄┄┄┄┄┄┄┄┄┄┄┄┄┄┄┄┄┄┄┄┄┄┄┄┄┄┄┄┄┄┄
│ 07:38:47.855 (+0:00:00.260444)
├┄┄┄┄┄┄┄┄┄┄┄┄┄┄┄┄┄┄┄┄┄┄┄┄┄┄┄┄┄┄┄┄┄┄┄┄┄┄┄┄┄┄┄┄┄┄┄┄┄┄┄┄┄┄┄┄┄┄┄┄┄┄┄┄┄┄┄┄┄┄┄┄┄┄┄┄┄┄┄┄┄┄┄┄┄┄┄┄┄┄┄┄┄┄┄┄┄┄┄┄┄┄┄┄┄┄┄┄┄┄┄┄┄┄┄┄┄┄┄
│ 🐛 🎨 Canvas: Initialized canvas
└───────────────────────────────────────────────────────────────────────────────────────────────────────────────────────
┌───────────────────────────────────────────────────────────────────────────────────────────────────────────────────────
│ #0   AppLogger.bloc (package:filler/core/logging.dart:44:13)
│ #1   new CanvasBloc.<anonymous closure> (package:filler/features/canvas/presentation/canvas_bloc.dart:156:19)
├┄┄┄┄┄┄┄┄┄┄┄┄┄┄┄┄┄┄┄┄┄┄┄┄┄┄┄┄┄┄┄┄┄┄┄┄┄┄┄┄┄┄┄┄┄┄┄┄┄┄┄┄┄┄┄┄┄┄┄┄┄┄┄┄┄┄┄┄┄┄┄┄┄┄┄┄┄┄┄┄┄┄┄┄┄┄┄┄┄┄┄┄┄┄┄┄┄┄┄┄┄┄┄┄┄┄┄┄┄┄┄┄┄┄┄┄┄┄┄
│ 07:38:47.857 (+0:00:00.262061)
├┄┄┄┄┄┄┄┄┄┄┄┄┄┄┄┄┄┄┄┄┄┄┄┄┄┄┄┄┄┄┄┄┄┄┄┄┄┄┄┄┄┄┄┄┄┄┄┄┄┄┄┄┄┄┄┄┄┄┄┄┄┄┄┄┄┄┄┄┄┄┄┄┄┄┄┄┄┄┄┄┄┄┄┄┄┄┄┄┄┄┄┄┄┄┄┄┄┄┄┄┄┄┄┄┄┄┄┄┄┄┄┄┄┄┄┄┄┄┄
│ 🐛 🔄 BLoC[Canvas]: Init Complete | loading → ready
└───────────────────────────────────────────────────────────────────────────────────────────────────────────────────────

00:01 +1: /Users/mr42/code/flutter/tmp/filler/test/integration/app_flow_test.dart: App Flow Integration Tests complete canvas creation and retrieval flow                                              
┌───────────────────────────────────────────────────────────────────────────────────────────────────────────────────────
│ {id: 1}

00:01 +1: /Users/mr42/code/flutter/tmp/filler/test/features/prefs/presentation/preferences_bloc_test.dart: (setUpAll)                                                                                  
[38;5;12m┌───────────────────────────────────────────────────────────────────────────────────────────────────────────────────────[0m
[38;5;12m│ #0   AppLogger.initialize (package:filler/core/logging.dart:24:13)[0m

00:01 +1: /Users/mr42/code/flutter/tmp/filler/test/integration/app_flow_test.dart: App Flow Integration Tests complete canvas creation and retrieval flow                                              
├┄┄┄┄┄┄┄┄┄┄┄┄┄┄┄┄┄┄┄┄┄┄┄┄┄┄┄┄┄┄┄┄┄┄┄┄┄┄┄┄┄┄┄┄┄┄┄┄┄┄┄┄┄┄┄┄┄┄┄┄┄┄┄┄┄┄┄┄┄┄┄┄┄┄┄┄┄┄┄┄┄┄┄┄┄┄┄┄┄┄┄┄┄┄┄┄┄┄┄┄┄┄┄┄┄┄┄┄┄┄┄┄┄┄┄┄┄┄┄

00:01 +1: /Users/mr42/code/flutter/tmp/filler/test/features/prefs/presentation/preferences_bloc_test.dart: (setUpAll)                                                                                  
[38;5;12m│ #1   TestHelpers.initializeLogging (file:///Users/mr42/code/flutter/tmp/filler/test/helpers/test_helpers.dart:25:15)[0m

00:01 +1: /Users/mr42/code/flutter/tmp/filler/test/integration/app_flow_test.dart: App Flow Integration Tests complete canvas creation and retrieval flow                                              
│ #0   AppLogger.database (package:filler/core/logging.dart:49:13)
│ #1   AppDatabase.insertCanvas (package:filler/data/database.dart:234:17)
│ #2   <asynchronous suspension>
│ #3   CanvasRepository.add (package:filler/domain/repositories.dart:90:24)
│ #4   <asynchronous suspension>

00:01 +1: /Users/mr42/code/flutter/tmp/filler/test/features/prefs/presentation/preferences_bloc_test.dart: (setUpAll)                                                                                  
[38;5;12m├┄┄┄┄┄┄┄┄┄┄┄┄┄┄┄┄┄┄┄┄┄┄┄┄┄┄┄┄┄┄┄┄┄┄┄┄┄┄┄┄┄┄┄┄┄┄┄┄┄┄┄┄┄┄┄┄┄┄┄┄┄┄┄┄┄┄┄┄┄┄┄┄┄┄┄┄┄┄┄┄┄┄┄┄┄┄┄┄┄┄┄┄┄┄┄┄┄┄┄┄┄┄┄┄┄┄┄┄┄┄┄┄┄┄┄┄┄┄┄[0m
[38;5;12m│ 07:38:47.849 (+0:00:00.001432)[0m
[38;5;12m├┄┄┄┄┄┄┄┄┄┄┄┄┄┄┄┄┄┄┄┄┄┄┄┄┄┄┄┄┄┄┄┄┄┄┄┄┄┄┄┄┄┄┄┄┄┄┄┄┄┄┄┄┄┄┄┄┄┄┄┄┄┄┄┄┄┄┄┄┄┄┄┄┄┄┄┄┄┄┄┄┄┄┄┄┄┄┄┄┄┄┄┄┄┄┄┄┄┄┄┄┄┄┄┄┄┄┄┄┄┄┄┄┄┄┄┄┄┄┄[0m

00:01 +1: /Users/mr42/code/flutter/tmp/filler/test/integration/app_flow_test.dart: App Flow Integration Tests complete canvas creation and retrieval flow                                              
│ #5   main.<anonymous closure>.<anonymous closure> (file:///Users/mr42/code/flutter/tmp/filler/test/integration/app_flow_test.dart:27:24)
│ #6   <asynchronous suspension>
│ #7   Declarer.test.<anonymous closure>.<anonymous closure> (package:test_api/src/backend/declarer.dart:242:9)
├┄┄┄┄┄┄┄┄┄┄┄┄┄┄┄┄┄┄┄┄┄┄┄┄┄┄┄┄┄┄┄┄┄┄┄┄┄┄┄┄┄┄┄┄┄┄┄┄┄┄┄┄┄┄┄┄┄┄┄┄┄┄┄┄┄┄┄┄┄┄┄┄┄┄┄┄┄┄┄┄┄┄┄┄┄┄┄┄┄┄┄┄┄┄┄┄┄┄┄┄┄┄┄┄┄┄┄┄┄┄┄┄┄┄┄┄┄┄┄
│ 07:38:47.861 (+0:00:00.118177)

00:01 +1: /Users/mr42/code/flutter/tmp/filler/test/features/prefs/presentation/preferences_bloc_test.dart: (setUpAll)                                                                                  
[38;5;12m│ 💡 🚀 AppLogger initialized (debug: true)[0m

00:01 +1: /Users/mr42/code/flutter/tmp/filler/test/integration/app_flow_test.dart: App Flow Integration Tests complete canvas creation and retrieval flow                                              
├┄┄┄┄┄┄┄┄┄┄┄┄┄┄┄┄┄┄┄┄┄┄┄┄┄┄┄┄┄┄┄┄┄┄┄┄┄┄┄┄┄┄┄┄┄┄┄┄┄┄┄┄┄┄┄┄┄┄┄┄┄┄┄┄┄┄┄┄┄┄┄┄┄┄┄┄┄┄┄┄┄┄┄┄┄┄┄┄┄┄┄┄┄┄┄┄┄┄┄┄┄┄┄┄┄┄┄┄┄┄┄┄┄┄┄┄┄┄┄
│ 🐛 💾 Database: Canvas inserted with ID
└───────────────────────────────────────────────────────────────────────────────────────────────────────────────────────

00:01 +1: /Users/mr42/code/flutter/tmp/filler/test/features/prefs/presentation/preferences_bloc_test.dart: (setUpAll)                                                                                  
[38;5;12m└───────────────────────────────────────────────────────────────────────────────────────────────────────────────────────[0m

00:01 +1: /Users/mr42/code/flutter/tmp/filler/test/integration/app_flow_test.dart: App Flow Integration Tests complete canvas creation and retrieval flow                                              
┌───────────────────────────────────────────────────────────────────────────────────────────────────────────────────────
│ {id: 1, title: Test Canvas, insertTime: 89ms}
├┄┄┄┄┄┄┄┄┄┄┄┄┄┄┄┄┄┄┄┄┄┄┄┄┄┄┄┄┄┄┄┄┄┄┄┄┄┄┄┄┄┄┄┄┄┄┄┄┄┄┄┄┄┄┄┄┄┄┄┄┄┄┄┄┄┄┄┄┄┄┄┄┄┄┄┄┄┄┄┄┄┄┄┄┄┄┄┄┄┄┄┄┄┄┄┄┄┄┄┄┄┄┄┄┄┄┄┄┄┄┄┄┄┄┄┄┄┄┄
│ #0   AppLogger.database (package:filler/core/logging.dart:49:13)
│ #1   CanvasRepository.add (package:filler/domain/repositories.dart:103:17)
│ #2   <asynchronous suspension>
│ #3   main.<anonymous closure>.<anonymous closure> (file:///Users/mr42/code/flutter/tmp/filler/test/integration/app_flow_test.dart:27:24)
│ #4   <asynchronous suspension>
│ #5   Declarer.test.<anonymous closure>.<anonymous closure> (package:test_api/src/backend/declarer.dart:242:9)
│ #6   <asynchronous suspension>
│ #7   Declarer.test.<anonymous closure> (package:test_api/src/backend/declarer.dart:240:7)
├┄┄┄┄┄┄┄┄┄┄┄┄┄┄┄┄┄┄┄┄┄┄┄┄┄┄┄┄┄┄┄┄┄┄┄┄┄┄┄┄┄┄┄┄┄┄┄┄┄┄┄┄┄┄┄┄┄┄┄┄┄┄┄┄┄┄┄┄┄┄┄┄┄┄┄┄┄┄┄┄┄┄┄┄┄┄┄┄┄┄┄┄┄┄┄┄┄┄┄┄┄┄┄┄┄┄┄┄┄┄┄┄┄┄┄┄┄┄┄
│ 07:38:47.864 (+0:00:00.121065)

00:01 +1: /Users/mr42/code/flutter/tmp/filler/test/integration/page_state_transitions_test.dart: BLoC State Transitions - All Pages Canvas BLoC - New Canvas State Transitions                         
┌───────────────────────────────────────────────────────────────────────────────────────────────────────────────────────
│ #0   AppLogger.bloc (package:filler/core/logging.dart:44:13)
│ #1   new CanvasBloc.<anonymous closure> (package:filler/features/canvas/presentation/canvas_bloc.dart:108:17)

00:01 +1: /Users/mr42/code/flutter/tmp/filler/test/integration/app_flow_test.dart: App Flow Integration Tests complete canvas creation and retrieval flow                                              
├┄┄┄┄┄┄┄┄┄┄┄┄┄┄┄┄┄┄┄┄┄┄┄┄┄┄┄┄┄┄┄┄┄┄┄┄┄┄┄┄┄┄┄┄┄┄┄┄┄┄┄┄┄┄┄┄┄┄┄┄┄┄┄┄┄┄┄┄┄┄┄┄┄┄┄┄┄┄┄┄┄┄┄┄┄┄┄┄┄┄┄┄┄┄┄┄┄┄┄┄┄┄┄┄┄┄┄┄┄┄┄┄┄┄┄┄┄┄┄
│ 🐛 💾 Database: Canvas created successfully
└───────────────────────────────────────────────────────────────────────────────────────────────────────────────────────

00:01 +1: /Users/mr42/code/flutter/tmp/filler/test/integration/page_state_transitions_test.dart: BLoC State Transitions - All Pages Canvas BLoC - New Canvas State Transitions                         
├┄┄┄┄┄┄┄┄┄┄┄┄┄┄┄┄┄┄┄┄┄┄┄┄┄┄┄┄┄┄┄┄┄┄┄┄┄┄┄┄┄┄┄┄┄┄┄┄┄┄┄┄┄┄┄┄┄┄┄┄┄┄┄┄┄┄┄┄┄┄┄┄┄┄┄┄┄┄┄┄┄┄┄┄┄┄┄┄┄┄┄┄┄┄┄┄┄┄┄┄┄┄┄┄┄┄┄┄┄┄┄┄┄┄┄┄┄┄┄
│ 07:38:47.865 (+0:00:00.061104)
├┄┄┄┄┄┄┄┄┄┄┄┄┄┄┄┄┄┄┄┄┄┄┄┄┄┄┄┄┄┄┄┄┄┄┄┄┄┄┄┄┄┄┄┄┄┄┄┄┄┄┄┄┄┄┄┄┄┄┄┄┄┄┄┄┄┄┄┄┄┄┄┄┄┄┄┄┄┄┄┄┄┄┄┄┄┄┄┄┄┄┄┄┄┄┄┄┄┄┄┄┄┄┄┄┄┄┄┄┄┄┄┄┄┄┄┄┄┄┄
│ 🐛 🔄 BLoC[Canvas]: Init Event | initial → loading
└───────────────────────────────────────────────────────────────────────────────────────────────────────────────────────
┌───────────────────────────────────────────────────────────────────────────────────────────────────────────────────────
│ #0   AppLogger.preferences (package:filler/core/logging.dart:64:13)
│ #1   PreferencesRepository.get (package:filler/domain/repositories.dart:423:15)
├┄┄┄┄┄┄┄┄┄┄┄┄┄┄┄┄┄┄┄┄┄┄┄┄┄┄┄┄┄┄┄┄┄┄┄┄┄┄┄┄┄┄┄┄┄┄┄┄┄┄┄┄┄┄┄┄┄┄┄┄┄┄┄┄┄┄┄┄┄┄┄┄┄┄┄┄┄┄┄┄┄┄┄┄┄┄┄┄┄┄┄┄┄┄┄┄┄┄┄┄┄┄┄┄┄┄┄┄┄┄┄┄┄┄┄┄┄┄┄
│ 07:38:47.868 (+0:00:00.063868)
├┄┄┄┄┄┄┄┄┄┄┄┄┄┄┄┄┄┄┄┄┄┄┄┄┄┄┄┄┄┄┄┄┄┄┄┄┄┄┄┄┄┄┄┄┄┄┄┄┄┄┄┄┄┄┄┄┄┄┄┄┄┄┄┄┄┄┄┄┄┄┄┄┄┄┄┄┄┄┄┄┄┄┄┄┄┄┄┄┄┄┄┄┄┄┄┄┄┄┄┄┄┄┄┄┄┄┄┄┄┄┄┄┄┄┄┄┄┄┄
│ 🐛 ⚙️ Preferences: Fetching preferences from key-value store
└───────────────────────────────────────────────────────────────────────────────────────────────────────────────────────

00:01 +1: /Users/mr42/code/flutter/tmp/filler/test/features/prefs/presentation/preferences_bloc_test.dart: PreferencesBloc initial state is PreferencesState.initial                                   
┌───────────────────────────────────────────────────────────────────────────────────────────────────────────────────────
│ #0   AppLogger.bloc (package:filler/core/logging.dart:44:13)
│ #1   new PreferencesBloc (package:filler/features/prefs/presentation/preferences_bloc.dart:77:15)
├┄┄┄┄┄┄┄┄┄┄┄┄┄┄┄┄┄┄┄┄┄┄┄┄┄┄┄┄┄┄┄┄┄┄┄┄┄┄┄┄┄┄┄┄┄┄┄┄┄┄┄┄┄┄┄┄┄┄┄┄┄┄┄┄┄┄┄┄┄┄┄┄┄┄┄┄┄┄┄┄┄┄┄┄┄┄┄┄┄┄┄┄┄┄┄┄┄┄┄┄┄┄┄┄┄┄┄┄┄┄┄┄┄┄┄┄┄┄┄

00:01 +1: /Users/mr42/code/flutter/tmp/filler/test/integration/page_state_transitions_test.dart: BLoC State Transitions - All Pages Canvas BLoC - New Canvas State Transitions                         
┌───────────────────────────────────────────────────────────────────────────────────────────────────────────────────────

00:01 +1: /Users/mr42/code/flutter/tmp/filler/test/features/prefs/presentation/preferences_bloc_test.dart: PreferencesBloc initial state is PreferencesState.initial                                   
│ 07:38:47.869 (+0:00:00.020661)

00:01 +1: /Users/mr42/code/flutter/tmp/filler/test/integration/page_state_transitions_test.dart: BLoC State Transitions - All Pages Canvas BLoC - New Canvas State Transitions                         
│ #0   AppLogger.database (package:filler/core/logging.dart:49:13)

00:01 +1: /Users/mr42/code/flutter/tmp/filler/test/features/prefs/presentation/preferences_bloc_test.dart: PreferencesBloc initial state is PreferencesState.initial                                   
├┄┄┄┄┄┄┄┄┄┄┄┄┄┄┄┄┄┄┄┄┄┄┄┄┄┄┄┄┄┄┄┄┄┄┄┄┄┄┄┄┄┄┄┄┄┄┄┄┄┄┄┄┄┄┄┄┄┄┄┄┄┄┄┄┄┄┄┄┄┄┄┄┄┄┄┄┄┄┄┄┄┄┄┄┄┄┄┄┄┄┄┄┄┄┄┄┄┄┄┄┄┄┄┄┄┄┄┄┄┄┄┄┄┄┄┄┄┄┄

00:01 +1: /Users/mr42/code/flutter/tmp/filler/test/integration/page_state_transitions_test.dart: BLoC State Transitions - All Pages Canvas BLoC - New Canvas State Transitions                         
│ #1   AppDatabase.getAllPreferences (package:filler/data/database.dart:354:15)
├┄┄┄┄┄┄┄┄┄┄┄┄┄┄┄┄┄┄┄┄┄┄┄┄┄┄┄┄┄┄┄┄┄┄┄┄┄┄┄┄┄┄┄┄┄┄┄┄┄┄┄┄┄┄┄┄┄┄┄┄┄┄┄┄┄┄┄┄┄┄┄┄┄┄┄┄┄┄┄┄┄┄┄┄┄┄┄┄┄┄┄┄┄┄┄┄┄┄┄┄┄┄┄┄┄┄┄┄┄┄┄┄┄┄┄┄┄┄┄

00:01 +1: /Users/mr42/code/flutter/tmp/filler/test/features/prefs/presentation/preferences_bloc_test.dart: PreferencesBloc initial state is PreferencesState.initial                                   
│ 🐛 🔄 BLoC[Preferences]: BLoC Created | null → initial

00:01 +1: /Users/mr42/code/flutter/tmp/filler/test/integration/page_state_transitions_test.dart: BLoC State Transitions - All Pages Canvas BLoC - New Canvas State Transitions                         
│ 07:38:47.869 (+0:00:00.065548)

00:01 +1: /Users/mr42/code/flutter/tmp/filler/test/features/prefs/presentation/preferences_bloc_test.dart: PreferencesBloc initial state is PreferencesState.initial                                   
└───────────────────────────────────────────────────────────────────────────────────────────────────────────────────────

00:01 +1: /Users/mr42/code/flutter/tmp/filler/test/integration/page_state_transitions_test.dart: BLoC State Transitions - All Pages Canvas BLoC - New Canvas State Transitions                         
├┄┄┄┄┄┄┄┄┄┄┄┄┄┄┄┄┄┄┄┄┄┄┄┄┄┄┄┄┄┄┄┄┄┄┄┄┄┄┄┄┄┄┄┄┄┄┄┄┄┄┄┄┄┄┄┄┄┄┄┄┄┄┄┄┄┄┄┄┄┄┄┄┄┄┄┄┄┄┄┄┄┄┄┄┄┄┄┄┄┄┄┄┄┄┄┄┄┄┄┄┄┄┄┄┄┄┄┄┄┄┄┄┄┄┄┄┄┄┄
│ 🐛 💾 Database: Fetching all preferences
└───────────────────────────────────────────────────────────────────────────────────────────────────────────────────────

00:01 +1: /Users/mr42/code/flutter/tmp/filler/test/integration/app_flow_test.dart: App Flow Integration Tests complete canvas creation and retrieval flow                                              
┌───────────────────────────────────────────────────────────────────────────────────────────────────────────────────────
│ {id: 1}
├┄┄┄┄┄┄┄┄┄┄┄┄┄┄┄┄┄┄┄┄┄┄┄┄┄┄┄┄┄┄┄┄┄┄┄┄┄┄┄┄┄┄┄┄┄┄┄┄┄┄┄┄┄┄┄┄┄┄┄┄┄┄┄┄┄┄┄┄┄┄┄┄┄┄┄┄┄┄┄┄┄┄┄┄┄┄┄┄┄┄┄┄┄┄┄┄┄┄┄┄┄┄┄┄┄┄┄┄┄┄┄┄┄┄┄┄┄┄┄
│ #0   AppLogger.database (package:filler/core/logging.dart:49:13)
│ #1   CanvasRepository.getById (package:filler/domain/repositories.dart:49:15)

00:01 +1: /Users/mr42/code/flutter/tmp/filler/test/integration/page_state_transitions_test.dart: BLoC State Transitions - All Pages Canvas BLoC - New Canvas State Transitions                         
┌───────────────────────────────────────────────────────────────────────────────────────────────────────────────────────

00:01 +1: /Users/mr42/code/flutter/tmp/filler/test/integration/app_flow_test.dart: App Flow Integration Tests complete canvas creation and retrieval flow                                              
│ #2   main.<anonymous closure>.<anonymous closure> (file:///Users/mr42/code/flutter/tmp/filler/test/integration/app_flow_test.dart:42:39)

00:01 +1: /Users/mr42/code/flutter/tmp/filler/test/integration/page_state_transitions_test.dart: BLoC State Transitions - All Pages Canvas BLoC - New Canvas State Transitions                         
│ #0   AppLogger.database (package:filler/core/logging.dart:49:13)

00:01 +1: /Users/mr42/code/flutter/tmp/filler/test/integration/app_flow_test.dart: App Flow Integration Tests complete canvas creation and retrieval flow                                              
│ #3   <asynchronous suspension>

00:01 +1: /Users/mr42/code/flutter/tmp/filler/test/integration/page_state_transitions_test.dart: BLoC State Transitions - All Pages Canvas BLoC - New Canvas State Transitions                         
│ #1   createTestDatabaseConnection.<anonymous closure> (package:filler/data/database_connection.dart:22:15)

00:01 +1: /Users/mr42/code/flutter/tmp/filler/test/integration/app_flow_test.dart: App Flow Integration Tests complete canvas creation and retrieval flow                                              
│ #4   Declarer.test.<anonymous closure>.<anonymous closure> (package:test_api/src/backend/declarer.dart:242:9)

00:01 +1: /Users/mr42/code/flutter/tmp/filler/test/integration/page_state_transitions_test.dart: BLoC State Transitions - All Pages Canvas BLoC - New Canvas State Transitions                         
├┄┄┄┄┄┄┄┄┄┄┄┄┄┄┄┄┄┄┄┄┄┄┄┄┄┄┄┄┄┄┄┄┄┄┄┄┄┄┄┄┄┄┄┄┄┄┄┄┄┄┄┄┄┄┄┄┄┄┄┄┄┄┄┄┄┄┄┄┄┄┄┄┄┄┄┄┄┄┄┄┄┄┄┄┄┄┄┄┄┄┄┄┄┄┄┄┄┄┄┄┄┄┄┄┄┄┄┄┄┄┄┄┄┄┄┄┄┄┄
│ 07:38:47.874 (+0:00:00.070438)

00:01 +1: /Users/mr42/code/flutter/tmp/filler/test/integration/app_flow_test.dart: App Flow Integration Tests complete canvas creation and retrieval flow                                              
│ #5   <asynchronous suspension>

00:01 +1: /Users/mr42/code/flutter/tmp/filler/test/integration/page_state_transitions_test.dart: BLoC State Transitions - All Pages Canvas BLoC - New Canvas State Transitions                         
├┄┄┄┄┄┄┄┄┄┄┄┄┄┄┄┄┄┄┄┄┄┄┄┄┄┄┄┄┄┄┄┄┄┄┄┄┄┄┄┄┄┄┄┄┄┄┄┄┄┄┄┄┄┄┄┄┄┄┄┄┄┄┄┄┄┄┄┄┄┄┄┄┄┄┄┄┄┄┄┄┄┄┄┄┄┄┄┄┄┄┄┄┄┄┄┄┄┄┄┄┄┄┄┄┄┄┄┄┄┄┄┄┄┄┄┄┄┄┄

00:01 +1: /Users/mr42/code/flutter/tmp/filler/test/integration/app_flow_test.dart: App Flow Integration Tests complete canvas creation and retrieval flow                                              
│ #6   Declarer.test.<anonymous closure> (package:test_api/src/backend/declarer.dart:240:7)

00:01 +1: /Users/mr42/code/flutter/tmp/filler/test/integration/page_state_transitions_test.dart: BLoC State Transitions - All Pages Canvas BLoC - New Canvas State Transitions                         
│ 🐛 💾 Database: Test AppDatabase instance created (in-memory)

00:01 +1: /Users/mr42/code/flutter/tmp/filler/test/integration/app_flow_test.dart: App Flow Integration Tests complete canvas creation and retrieval flow                                              
│ #7   <asynchronous suspension>

00:01 +1: /Users/mr42/code/flutter/tmp/filler/test/integration/page_state_transitions_test.dart: BLoC State Transitions - All Pages Canvas BLoC - New Canvas State Transitions                         
└───────────────────────────────────────────────────────────────────────────────────────────────────────────────────────

00:01 +1: /Users/mr42/code/flutter/tmp/filler/test/integration/app_flow_test.dart: App Flow Integration Tests complete canvas creation and retrieval flow                                              
├┄┄┄┄┄┄┄┄┄┄┄┄┄┄┄┄┄┄┄┄┄┄┄┄┄┄┄┄┄┄┄┄┄┄┄┄┄┄┄┄┄┄┄┄┄┄┄┄┄┄┄┄┄┄┄┄┄┄┄┄┄┄┄┄┄┄┄┄┄┄┄┄┄┄┄┄┄┄┄┄┄┄┄┄┄┄┄┄┄┄┄┄┄┄┄┄┄┄┄┄┄┄┄┄┄┄┄┄┄┄┄┄┄┄┄┄┄┄┄
│ 07:38:47.874 (+0:00:00.131263)
├┄┄┄┄┄┄┄┄┄┄┄┄┄┄┄┄┄┄┄┄┄┄┄┄┄┄┄┄┄┄┄┄┄┄┄┄┄┄┄┄┄┄┄┄┄┄┄┄┄┄┄┄┄┄┄┄┄┄┄┄┄┄┄┄┄┄┄┄┄┄┄┄┄┄┄┄┄┄┄┄┄┄┄┄┄┄┄┄┄┄┄┄┄┄┄┄┄┄┄┄┄┄┄┄┄┄┄┄┄┄┄┄┄┄┄┄┄┄┄
│ 🐛 💾 Database: Fetching canvas by ID
└───────────────────────────────────────────────────────────────────────────────────────────────────────────────────────
┌───────────────────────────────────────────────────────────────────────────────────────────────────────────────────────
│ {id: 1, found: true, title: Test Canvas}
├┄┄┄┄┄┄┄┄┄┄┄┄┄┄┄┄┄┄┄┄┄┄┄┄┄┄┄┄┄┄┄┄┄┄┄┄┄┄┄┄┄┄┄┄┄┄┄┄┄┄┄┄┄┄┄┄┄┄┄┄┄┄┄┄┄┄┄┄┄┄┄┄┄┄┄┄┄┄┄┄┄┄┄┄┄┄┄┄┄┄┄┄┄┄┄┄┄┄┄┄┄┄┄┄┄┄┄┄┄┄┄┄┄┄┄┄┄┄┄
│ #0   AppLogger.database (package:filler/core/logging.dart:49:13)
│ #1   CanvasRepository.getById (package:filler/domain/repositories.dart:52:17)
│ #2   <asynchronous suspension>
│ #3   main.<anonymous closure>.<anonymous closure> (file:///Users/mr42/code/flutter/tmp/filler/test/integration/app_flow_test.dart:42:22)
│ #4   <asynchronous suspension>
│ #5   Declarer.test.<anonymous closure>.<anonymous closure> (package:test_api/src/backend/declarer.dart:242:9)
│ #6   <asynchronous suspension>
│ #7   Declarer.test.<anonymous closure> (package:test_api/src/backend/declarer.dart:240:7)
├┄┄┄┄┄┄┄┄┄┄┄┄┄┄┄┄┄┄┄┄┄┄┄┄┄┄┄┄┄┄┄┄┄┄┄┄┄┄┄┄┄┄┄┄┄┄┄┄┄┄┄┄┄┄┄┄┄┄┄┄┄┄┄┄┄┄┄┄┄┄┄┄┄┄┄┄┄┄┄┄┄┄┄┄┄┄┄┄┄┄┄┄┄┄┄┄┄┄┄┄┄┄┄┄┄┄┄┄┄┄┄┄┄┄┄┄┄┄┄
│ 07:38:47.882 (+0:00:00.139679)
├┄┄┄┄┄┄┄┄┄┄┄┄┄┄┄┄┄┄┄┄┄┄┄┄┄┄┄┄┄┄┄┄┄┄┄┄┄┄┄┄┄┄┄┄┄┄┄┄┄┄┄┄┄┄┄┄┄┄┄┄┄┄┄┄┄┄┄┄┄┄┄┄┄┄┄┄┄┄┄┄┄┄┄┄┄┄┄┄┄┄┄┄┄┄┄┄┄┄┄┄┄┄┄┄┄┄┄┄┄┄┄┄┄┄┄┄┄┄┄
│ 🐛 💾 Database: Canvas fetch result
└───────────────────────────────────────────────────────────────────────────────────────────────────────────────────────

00:01 +2: /Users/mr42/code/flutter/tmp/filler/test/integration/app_flow_test.dart: App Flow Integration Tests complete canvas creation and retrieval flow                                              
00:01 +2: /Users/mr42/code/flutter/tmp/filler/test/features/prefs/presentation/preferences_bloc_test.dart: PreferencesBloc PreferencesEvent.load emits [loading, ready] when preferences loaded successfully
┌───────────────────────────────────────────────────────────────────────────────────────────────────────────────────────
│ #0   AppLogger.bloc (package:filler/core/logging.dart:44:13)
│ #1   new PreferencesBloc (package:filler/features/prefs/presentation/preferences_bloc.dart:77:15)
├┄┄┄┄┄┄┄┄┄┄┄┄┄┄┄┄┄┄┄┄┄┄┄┄┄┄┄┄┄┄┄┄┄┄┄┄┄┄┄┄┄┄┄┄┄┄┄┄┄┄┄┄┄┄┄┄┄┄┄┄┄┄┄┄┄┄┄┄┄┄┄┄┄┄┄┄┄┄┄┄┄┄┄┄┄┄┄┄┄┄┄┄┄┄┄┄┄┄┄┄┄┄┄┄┄┄┄┄┄┄┄┄┄┄┄┄┄┄┄

00:01 +2: /Users/mr42/code/flutter/tmp/filler/test/integration/app_flow_test.dart: App Flow Integration Tests complete canvas creation and retrieval flow                                              
┌───────────────────────────────────────────────────────────────────────────────────────────────────────────────────────

00:01 +2: /Users/mr42/code/flutter/tmp/filler/test/features/prefs/presentation/preferences_bloc_test.dart: PreferencesBloc PreferencesEvent.load emits [loading, ready] when preferences loaded successfully
│ 07:38:47.885 (+0:00:00.037185)

00:01 +2: /Users/mr42/code/flutter/tmp/filler/test/integration/app_flow_test.dart: App Flow Integration Tests complete canvas creation and retrieval flow                                              
│ #0   TestHelpers.cleanup (file:///Users/mr42/code/flutter/tmp/filler/test/helpers/test_helpers.dart:152:24)

00:01 +2: /Users/mr42/code/flutter/tmp/filler/test/features/prefs/presentation/preferences_bloc_test.dart: PreferencesBloc PreferencesEvent.load emits [loading, ready] when preferences loaded successfully
├┄┄┄┄┄┄┄┄┄┄┄┄┄┄┄┄┄┄┄┄┄┄┄┄┄┄┄┄┄┄┄┄┄┄┄┄┄┄┄┄┄┄┄┄┄┄┄┄┄┄┄┄┄┄┄┄┄┄┄┄┄┄┄┄┄┄┄┄┄┄┄┄┄┄┄┄┄┄┄┄┄┄┄┄┄┄┄┄┄┄┄┄┄┄┄┄┄┄┄┄┄┄┄┄┄┄┄┄┄┄┄┄┄┄┄┄┄┄┄

00:01 +2: /Users/mr42/code/flutter/tmp/filler/test/integration/app_flow_test.dart: App Flow Integration Tests complete canvas creation and retrieval flow                                              
│ #1   main.<anonymous closure> (file:///Users/mr42/code/flutter/tmp/filler/test/integration/app_flow_test.dart:21:23)

00:01 +2: /Users/mr42/code/flutter/tmp/filler/test/features/prefs/presentation/preferences_bloc_test.dart: PreferencesBloc PreferencesEvent.load emits [loading, ready] when preferences loaded successfully
│ 🐛 🔄 BLoC[Preferences]: BLoC Created | null → initial

00:01 +2: /Users/mr42/code/flutter/tmp/filler/test/integration/app_flow_test.dart: App Flow Integration Tests complete canvas creation and retrieval flow                                              
├┄┄┄┄┄┄┄┄┄┄┄┄┄┄┄┄┄┄┄┄┄┄┄┄┄┄┄┄┄┄┄┄┄┄┄┄┄┄┄┄┄┄┄┄┄┄┄┄┄┄┄┄┄┄┄┄┄┄┄┄┄┄┄┄┄┄┄┄┄┄┄┄┄┄┄┄┄┄┄┄┄┄┄┄┄┄┄┄┄┄┄┄┄┄┄┄┄┄┄┄┄┄┄┄┄┄┄┄┄┄┄┄┄┄┄┄┄┄┄

00:01 +2: /Users/mr42/code/flutter/tmp/filler/test/features/prefs/presentation/preferences_bloc_test.dart: PreferencesBloc PreferencesEvent.load emits [loading, ready] when preferences loaded successfully
└───────────────────────────────────────────────────────────────────────────────────────────────────────────────────────

00:01 +2: /Users/mr42/code/flutter/tmp/filler/test/integration/app_flow_test.dart: App Flow Integration Tests complete canvas creation and retrieval flow                                              
│ 07:38:47.886 (+0:00:00.143239)
├┄┄┄┄┄┄┄┄┄┄┄┄┄┄┄┄┄┄┄┄┄┄┄┄┄┄┄┄┄┄┄┄┄┄┄┄┄┄┄┄┄┄┄┄┄┄┄┄┄┄┄┄┄┄┄┄┄┄┄┄┄┄┄┄┄┄┄┄┄┄┄┄┄┄┄┄┄┄┄┄┄┄┄┄┄┄┄┄┄┄┄┄┄┄┄┄┄┄┄┄┄┄┄┄┄┄┄┄┄┄┄┄┄┄┄┄┄┄┄
│ 🐛 🧹 Cleaning up test environment
└───────────────────────────────────────────────────────────────────────────────────────────────────────────────────────
┌───────────────────────────────────────────────────────────────────────────────────────────────────────────────────────
│ #0   TestHelpers.cleanup (file:///Users/mr42/code/flutter/tmp/filler/test/helpers/test_helpers.dart:166:26)
│ #1   main.<anonymous closure> (file:///Users/mr42/code/flutter/tmp/filler/test/integration/app_flow_test.dart:21:23)
├┄┄┄┄┄┄┄┄┄┄┄┄┄┄┄┄┄┄┄┄┄┄┄┄┄┄┄┄┄┄┄┄┄┄┄┄┄┄┄┄┄┄┄┄┄┄┄┄┄┄┄┄┄┄┄┄┄┄┄┄┄┄┄┄┄┄┄┄┄┄┄┄┄┄┄┄┄┄┄┄┄┄┄┄┄┄┄┄┄┄┄┄┄┄┄┄┄┄┄┄┄┄┄┄┄┄┄┄┄┄┄┄┄┄┄┄┄┄┄
│ 07:38:47.891 (+0:00:00.148122)
├┄┄┄┄┄┄┄┄┄┄┄┄┄┄┄┄┄┄┄┄┄┄┄┄┄┄┄┄┄┄┄┄┄┄┄┄┄┄┄┄┄┄┄┄┄┄┄┄┄┄┄┄┄┄┄┄┄┄┄┄┄┄┄┄┄┄┄┄┄┄┄┄┄┄┄┄┄┄┄┄┄┄┄┄┄┄┄┄┄┄┄┄┄┄┄┄┄┄┄┄┄┄┄┄┄┄┄┄┄┄┄┄┄┄┄┄┄┄┄
│ 🐛 ✅ Test cleanup completed
└───────────────────────────────────────────────────────────────────────────────────────────────────────────────────────

00:01 +2: /Users/mr42/code/flutter/tmp/filler/test/features/prefs/presentation/preferences_bloc_test.dart: PreferencesBloc PreferencesEvent.load emits [loading, ready] when preferences loaded successfully
┌───────────────────────────────────────────────────────────────────────────────────────────────────────────────────────
│ #0   AppLogger.bloc (package:filler/core/logging.dart:44:13)
│ #1   new PreferencesBloc.<anonymous closure> (package:filler/features/prefs/presentation/preferences_bloc.dart:79:17)
├┄┄┄┄┄┄┄┄┄┄┄┄┄┄┄┄┄┄┄┄┄┄┄┄┄┄┄┄┄┄┄┄┄┄┄┄┄┄┄┄┄┄┄┄┄┄┄┄┄┄┄┄┄┄┄┄┄┄┄┄┄┄┄┄┄┄┄┄┄┄┄┄┄┄┄┄┄┄┄┄┄┄┄┄┄┄┄┄┄┄┄┄┄┄┄┄┄┄┄┄┄┄┄┄┄┄┄┄┄┄┄┄┄┄┄┄┄┄┄

00:01 +3: /Users/mr42/code/flutter/tmp/filler/test/integration/platform_specific_test.dart: Platform-Specific Database Integration Preferences Persistence Works Cross-Platform                        
00:01 +3: /Users/mr42/code/flutter/tmp/filler/test/features/prefs/presentation/preferences_bloc_test.dart: PreferencesBloc PreferencesEvent.load emits [loading, ready] when preferences loaded successfully
│ 07:38:47.891 (+0:00:00.043194)
├┄┄┄┄┄┄┄┄┄┄┄┄┄┄┄┄┄┄┄┄┄┄┄┄┄┄┄┄┄┄┄┄┄┄┄┄┄┄┄┄┄┄┄┄┄┄┄┄┄┄┄┄┄┄┄┄┄┄┄┄┄┄┄┄┄┄┄┄┄┄┄┄┄┄┄┄┄┄┄┄┄┄┄┄┄┄┄┄┄┄┄┄┄┄┄┄┄┄┄┄┄┄┄┄┄┄┄┄┄┄┄┄┄┄┄┄┄┄┄
│ 🐛 🔄 BLoC[Preferences]: Load Event | initial → loading
└───────────────────────────────────────────────────────────────────────────────────────────────────────────────────────

00:01 +3: /Users/mr42/code/flutter/tmp/filler/test/integration/app_flow_test.dart: App Flow Integration Tests preferences management flow                                                              
┌───────────────────────────────────────────────────────────────────────────────────────────────────────────────────────
│ #0   TestHelpers.createTestDatabase (file:///Users/mr42/code/flutter/tmp/filler/test/helpers/test_helpers.dart:30:24)
│ #1   main.<anonymous closure> (file:///Users/mr42/code/flutter/tmp/filler/test/integration/app_flow_test.dart:15:28)
├┄┄┄┄┄┄┄┄┄┄┄┄┄┄┄┄┄┄┄┄┄┄┄┄┄┄┄┄┄┄┄┄┄┄┄┄┄┄┄┄┄┄┄┄┄┄┄┄┄┄┄┄┄┄┄┄┄┄┄┄┄┄┄┄┄┄┄┄┄┄┄┄┄┄┄┄┄┄┄┄┄┄┄┄┄┄┄┄┄┄┄┄┄┄┄┄┄┄┄┄┄┄┄┄┄┄┄┄┄┄┄┄┄┄┄┄┄┄┄
│ 07:38:47.893 (+0:00:00.150539)
├┄┄┄┄┄┄┄┄┄┄┄┄┄┄┄┄┄┄┄┄┄┄┄┄┄┄┄┄┄┄┄┄┄┄┄┄┄┄┄┄┄┄┄┄┄┄┄┄┄┄┄┄┄┄┄┄┄┄┄┄┄┄┄┄┄┄┄┄┄┄┄┄┄┄┄┄┄┄┄┄┄┄┄┄┄┄┄┄┄┄┄┄┄┄┄┄┄┄┄┄┄┄┄┄┄┄┄┄┄┄┄┄┄┄┄┄┄┄┄
│ 🐛 🗄️ Creating test database
└───────────────────────────────────────────────────────────────────────────────────────────────────────────────────────
WARNING (drift): It looks like you've created the database class AppDatabase multiple times. When these two databases use the same QueryExecutor, race conditions will occur and might corrupt the database. 
Try to follow the advice at https://drift.simonbinder.eu/faq/#using-the-database or, if you know what you're doing, set driftRuntimeOptions.dontWarnAboutMultipleDatabases = true
Here is the stacktrace from when the database was opened a second time:
#0      GeneratedDatabase._handleInstantiated (package:drift/src/runtime/api/db_base.dart:96:30)
#1      GeneratedDatabase._whenConstructed (package:drift/src/runtime/api/db_base.dart:73:12)
#2      new GeneratedDatabase (package:drift/src/runtime/api/db_base.dart:64:5)
#3      new _$AppDatabase (package:filler/data/database.g.dart:991:36)
#4      new AppDatabase.test (package:filler/data/database.dart:90:24)
#5      TestHelpers.createTestDatabase (file:///Users/mr42/code/flutter/tmp/filler/test/helpers/test_helpers.dart:31:24)
#6      main.<anonymous closure> (file:///Users/mr42/code/flutter/tmp/filler/test/integration/app_flow_test.dart:15:28)
#7      Declarer._runSetUps.<anonymous closure> (package:test_api/src/backend/declarer.dart:403:61)
#8      Future.forEach.<anonymous closure> (dart:async/future.dart:653:26)
#9      Future.doWhile.<anonymous closure> (dart:async/future.dart:710:26)
#10     StackZoneSpecification._registerUnaryCallback.<anonymous closure>.<anonymous closure> (package:stack_trace/src/stack_zone_specification.dart:127:36)
#11     StackZoneSpecification._run (package:stack_trace/src/stack_zone_specification.dart:207:15)
#12     StackZoneSpecification._registerUnaryCallback.<anonymous closure> (package:stack_trace/src/stack_zone_specification.dart:127:24)
#13     _rootRunUnary (dart:async/zone.dart:1538:47)
#14     _CustomZone.runUnary (dart:async/zone.dart:1429:19)
#15     _CustomZone.runUnaryGuarded (dart:async/zone.dart:1329:7)
#16     _CustomZone.bindUnaryCallbackGuarded.<anonymous closure> (dart:async/zone.dart:1367:26)
#17     Future.doWhile (dart:async/future.dart:727:18)
#18     Future.forEach (dart:async/future.dart:651:12)
#19     Declarer._runSetUps (package:test_api/src/backend/declarer.dart:403:18)
#20     Declarer._runSetUps (package:test_api/src/backend/declarer.dart:401:40)
#21     Declarer.test.<anonymous closure>.<anonymous closure> (package:test_api/src/backend/declarer.dart:241:15)
#22     _rootRun (dart:async/zone.dart:1525:13)
#23     _CustomZone.run (dart:async/zone.dart:1422:19)
#24     _runZoned (dart:async/zone.dart:2034:6)

00:01 +3: /Users/mr42/code/flutter/tmp/filler/test/features/prefs/presentation/preferences_bloc_test.dart: PreferencesBloc PreferencesEvent.load emits [loading, ready] when preferences loaded successfully
┌───────────────────────────────────────────────────────────────────────────────────────────────────────────────────────
│ {width: 10, height: 10, insets: 0, defaultPattern: 1, themeMode: 2, loadTime: 3ms}
├┄┄┄┄┄┄┄┄┄┄┄┄┄┄┄┄┄┄┄┄┄┄┄┄┄┄┄┄┄┄┄┄┄┄┄┄┄┄┄┄┄┄┄┄┄┄┄┄┄┄┄┄┄┄┄┄┄┄┄┄┄┄┄┄┄┄┄┄┄┄┄┄┄┄┄┄┄┄┄┄┄┄┄┄┄┄┄┄┄┄┄┄┄┄┄┄┄┄┄┄┄┄┄┄┄┄┄┄┄┄┄┄┄┄┄┄┄┄┄

00:01 +3: /Users/mr42/code/flutter/tmp/filler/test/integration/app_flow_test.dart: App Flow Integration Tests preferences management flow                                                              
#25     runZoned (dart:async/zone.dart:1960:10)

00:01 +3: /Users/mr42/code/flutter/tmp/filler/test/features/prefs/presentation/preferences_bloc_test.dart: PreferencesBloc PreferencesEvent.load emits [loading, ready] when preferences loaded successfully
│ #0   AppLogger.preferences (package:filler/core/logging.dart:64:13)
│ #1   new PreferencesBloc.<anonymous closure> (package:filler/features/prefs/presentation/preferences_bloc.dart:87:19)
│ #2   <asynchronous suspension>
│ #3   Bloc.on.<anonymous closure>.handleEvent (package:bloc/src/bloc.dart:226:13)
│ #4   <asynchronous suspension>
├┄┄┄┄┄┄┄┄┄┄┄┄┄┄┄┄┄┄┄┄┄┄┄┄┄┄┄┄┄┄┄┄┄┄┄┄┄┄┄┄┄┄┄┄┄┄┄┄┄┄┄┄┄┄┄┄┄┄┄┄┄┄┄┄┄┄┄┄┄┄┄┄┄┄┄┄┄┄┄┄┄┄┄┄┄┄┄┄┄┄┄┄┄┄┄┄┄┄┄┄┄┄┄┄┄┄┄┄┄┄┄┄┄┄┄┄┄┄┄
│ 07:38:47.897 (+0:00:00.048762)

00:01 +3: /Users/mr42/code/flutter/tmp/filler/test/integration/app_flow_test.dart: App Flow Integration Tests preferences management flow                                                              
#26     Declarer.test.<anonymous closure> (package:test_api/src/backend/declarer.dart:240:13)

00:01 +3: /Users/mr42/code/flutter/tmp/filler/test/features/prefs/presentation/preferences_bloc_test.dart: PreferencesBloc PreferencesEvent.load emits [loading, ready] when preferences loaded successfully
├┄┄┄┄┄┄┄┄┄┄┄┄┄┄┄┄┄┄┄┄┄┄┄┄┄┄┄┄┄┄┄┄┄┄┄┄┄┄┄┄┄┄┄┄┄┄┄┄┄┄┄┄┄┄┄┄┄┄┄┄┄┄┄┄┄┄┄┄┄┄┄┄┄┄┄┄┄┄┄┄┄┄┄┄┄┄┄┄┄┄┄┄┄┄┄┄┄┄┄┄┄┄┄┄┄┄┄┄┄┄┄┄┄┄┄┄┄┄┄
│ 🐛 ⚙️ Preferences: Loaded preferences from key-value store
└───────────────────────────────────────────────────────────────────────────────────────────────────────────────────────
┌───────────────────────────────────────────────────────────────────────────────────────────────────────────────────────
│ #0   AppLogger.bloc (package:filler/core/logging.dart:44:13)
│ #1   new PreferencesBloc.<anonymous closure> (package:filler/features/prefs/presentation/preferences_bloc.dart:109:19)
├┄┄┄┄┄┄┄┄┄┄┄┄┄┄┄┄┄┄┄┄┄┄┄┄┄┄┄┄┄┄┄┄┄┄┄┄┄┄┄┄┄┄┄┄┄┄┄┄┄┄┄┄┄┄┄┄┄┄┄┄┄┄┄┄┄┄┄┄┄┄┄┄┄┄┄┄┄┄┄┄┄┄┄┄┄┄┄┄┄┄┄┄┄┄┄┄┄┄┄┄┄┄┄┄┄┄┄┄┄┄┄┄┄┄┄┄┄┄┄
│ 07:38:47.900 (+0:00:00.052006)
├┄┄┄┄┄┄┄┄┄┄┄┄┄┄┄┄┄┄┄┄┄┄┄┄┄┄┄┄┄┄┄┄┄┄┄┄┄┄┄┄┄┄┄┄┄┄┄┄┄┄┄┄┄┄┄┄┄┄┄┄┄┄┄┄┄┄┄┄┄┄┄┄┄┄┄┄┄┄┄┄┄┄┄┄┄┄┄┄┄┄┄┄┄┄┄┄┄┄┄┄┄┄┄┄┄┄┄┄┄┄┄┄┄┄┄┄┄┄┄
│ 🐛 🔄 BLoC[Preferences]: Load Complete | loading → ready
└───────────────────────────────────────────────────────────────────────────────────────────────────────────────────────

00:01 +3: /Users/mr42/code/flutter/tmp/filler/test/integration/app_flow_test.dart: App Flow Integration Tests preferences management flow                                                              
#27     Invoker._waitForOutstandingCallbacks.<anonymous closure> (package:test_api/src/backend/invoker.dart:282:17)
#28     _rootRun (dart:async/zone.dart:1525:13)
#29     _CustomZone.run (dart:async/zone.dart:1422:19)
#30     _runZoned (dart:async/zone.dart:2034:6)
#31     runZoned (dart:async/zone.dart:1960:10)
#32     Invoker._waitForOutstandingCallbacks (package:test_api/src/backend/invoker.dart:278:5)
#33     Invoker._onRun.<anonymous closure>.<anonymous closure>.<anonymous closure> (package:test_api/src/backend/invoker.dart:418:17)
<asynchronous suspension>
This warning will only appear on debug builds.
┌───────────────────────────────────────────────────────────────────────────────────────────────────────────────────────
│ #0   AppLogger.preferences (package:filler/core/logging.dart:64:13)
│ #1   PreferencesRepository.get (package:filler/domain/repositories.dart:423:15)
├┄┄┄┄┄┄┄┄┄┄┄┄┄┄┄┄┄┄┄┄┄┄┄┄┄┄┄┄┄┄┄┄┄┄┄┄┄┄┄┄┄┄┄┄┄┄┄┄┄┄┄┄┄┄┄┄┄┄┄┄┄┄┄┄┄┄┄┄┄┄┄┄┄┄┄┄┄┄┄┄┄┄┄┄┄┄┄┄┄┄┄┄┄┄┄┄┄┄┄┄┄┄┄┄┄┄┄┄┄┄┄┄┄┄┄┄┄┄┄
│ 07:38:47.905 (+0:00:00.162205)
├┄┄┄┄┄┄┄┄┄┄┄┄┄┄┄┄┄┄┄┄┄┄┄┄┄┄┄┄┄┄┄┄┄┄┄┄┄┄┄┄┄┄┄┄┄┄┄┄┄┄┄┄┄┄┄┄┄┄┄┄┄┄┄┄┄┄┄┄┄┄┄┄┄┄┄┄┄┄┄┄┄┄┄┄┄┄┄┄┄┄┄┄┄┄┄┄┄┄┄┄┄┄┄┄┄┄┄┄┄┄┄┄┄┄┄┄┄┄┄
│ 🐛 ⚙️ Preferences: Fetching preferences from key-value store
└───────────────────────────────────────────────────────────────────────────────────────────────────────────────────────
┌───────────────────────────────────────────────────────────────────────────────────────────────────────────────────────
│ #0   AppLogger.database (package:filler/core/logging.dart:49:13)
│ #1   AppDatabase.getAllPreferences (package:filler/data/database.dart:354:15)
├┄┄┄┄┄┄┄┄┄┄┄┄┄┄┄┄┄┄┄┄┄┄┄┄┄┄┄┄┄┄┄┄┄┄┄┄┄┄┄┄┄┄┄┄┄┄┄┄┄┄┄┄┄┄┄┄┄┄┄┄┄┄┄┄┄┄┄┄┄┄┄┄┄┄┄┄┄┄┄┄┄┄┄┄┄┄┄┄┄┄┄┄┄┄┄┄┄┄┄┄┄┄┄┄┄┄┄┄┄┄┄┄┄┄┄┄┄┄┄
│ 07:38:47.907 (+0:00:00.164682)
├┄┄┄┄┄┄┄┄┄┄┄┄┄┄┄┄┄┄┄┄┄┄┄┄┄┄┄┄┄┄┄┄┄┄┄┄┄┄┄┄┄┄┄┄┄┄┄┄┄┄┄┄┄┄┄┄┄┄┄┄┄┄┄┄┄┄┄┄┄┄┄┄┄┄┄┄┄┄┄┄┄┄┄┄┄┄┄┄┄┄┄┄┄┄┄┄┄┄┄┄┄┄┄┄┄┄┄┄┄┄┄┄┄┄┄┄┄┄┄
│ 🐛 💾 Database: Fetching all preferences
└───────────────────────────────────────────────────────────────────────────────────────────────────────────────────────
┌───────────────────────────────────────────────────────────────────────────────────────────────────────────────────────
│ #0   AppLogger.database (package:filler/core/logging.dart:49:13)
│ #1   createTestDatabaseConnection.<anonymous closure> (package:filler/data/database_connection.dart:22:15)
├┄┄┄┄┄┄┄┄┄┄┄┄┄┄┄┄┄┄┄┄┄┄┄┄┄┄┄┄┄┄┄┄┄┄┄┄┄┄┄┄┄┄┄┄┄┄┄┄┄┄┄┄┄┄┄┄┄┄┄┄┄┄┄┄┄┄┄┄┄┄┄┄┄┄┄┄┄┄┄┄┄┄┄┄┄┄┄┄┄┄┄┄┄┄┄┄┄┄┄┄┄┄┄┄┄┄┄┄┄┄┄┄┄┄┄┄┄┄┄
│ 07:38:47.908 (+0:00:00.165829)
├┄┄┄┄┄┄┄┄┄┄┄┄┄┄┄┄┄┄┄┄┄┄┄┄┄┄┄┄┄┄┄┄┄┄┄┄┄┄┄┄┄┄┄┄┄┄┄┄┄┄┄┄┄┄┄┄┄┄┄┄┄┄┄┄┄┄┄┄┄┄┄┄┄┄┄┄┄┄┄┄┄┄┄┄┄┄┄┄┄┄┄┄┄┄┄┄┄┄┄┄┄┄┄┄┄┄┄┄┄┄┄┄┄┄┄┄┄┄┄
│ 🐛 💾 Database: Test AppDatabase instance created (in-memory)
└───────────────────────────────────────────────────────────────────────────────────────────────────────────────────────

00:01 +4: /Users/mr42/code/flutter/tmp/filler/test/integration/platform_specific_test.dart: Platform-Specific Database Integration Preferences Persistence Works Cross-Platform                        
00:01 +4: /Users/mr42/code/flutter/tmp/filler/test/features/prefs/presentation/preferences_bloc_test.dart: PreferencesBloc PreferencesEvent.load handles repository errors gracefully without state change
┌───────────────────────────────────────────────────────────────────────────────────────────────────────────────────────

00:01 +4: /Users/mr42/code/flutter/tmp/filler/test/integration/app_flow_test.dart: App Flow Integration Tests preferences management flow                                                              
┌───────────────────────────────────────────────────────────────────────────────────────────────────────────────────────
│ {version: 4, wasCreated: true, hadUpgrade: false}
├┄┄┄┄┄┄┄┄┄┄┄┄┄┄┄┄┄┄┄┄┄┄┄┄┄┄┄┄┄┄┄┄┄┄┄┄┄┄┄┄┄┄┄┄┄┄┄┄┄┄┄┄┄┄┄┄┄┄┄┄┄┄┄┄┄┄┄┄┄┄┄┄┄┄┄┄┄┄┄┄┄┄┄┄┄┄┄┄┄┄┄┄┄┄┄┄┄┄┄┄┄┄┄┄┄┄┄┄┄┄┄┄┄┄┄┄┄┄┄

00:01 +4: /Users/mr42/code/flutter/tmp/filler/test/features/prefs/presentation/preferences_bloc_test.dart: PreferencesBloc PreferencesEvent.load handles repository errors gracefully without state change
│ #0   AppLogger.bloc (package:filler/core/logging.dart:44:13)
│ #1   new PreferencesBloc (package:filler/features/prefs/presentation/preferences_bloc.dart:77:15)
├┄┄┄┄┄┄┄┄┄┄┄┄┄┄┄┄┄┄┄┄┄┄┄┄┄┄┄┄┄┄┄┄┄┄┄┄┄┄┄┄┄┄┄┄┄┄┄┄┄┄┄┄┄┄┄┄┄┄┄┄┄┄┄┄┄┄┄┄┄┄┄┄┄┄┄┄┄┄┄┄┄┄┄┄┄┄┄┄┄┄┄┄┄┄┄┄┄┄┄┄┄┄┄┄┄┄┄┄┄┄┄┄┄┄┄┄┄┄┄
│ 07:38:47.911 (+0:00:00.062749)

00:01 +4: /Users/mr42/code/flutter/tmp/filler/test/integration/app_flow_test.dart: App Flow Integration Tests preferences management flow                                                              
│ #0   AppLogger.database (package:filler/core/logging.dart:49:13)
│ #1   AppDatabase.migration.<anonymous closure> (package:filler/data/database.dart:211:17)
│ #2   GeneratedDatabase.beforeOpen.<anonymous closure> (package:drift/src/runtime/api/db_base.dart:137:44)
│ #3   <asynchronous suspension>

00:01 +4: /Users/mr42/code/flutter/tmp/filler/test/features/prefs/presentation/preferences_bloc_test.dart: PreferencesBloc PreferencesEvent.load handles repository errors gracefully without state change
├┄┄┄┄┄┄┄┄┄┄┄┄┄┄┄┄┄┄┄┄┄┄┄┄┄┄┄┄┄┄┄┄┄┄┄┄┄┄┄┄┄┄┄┄┄┄┄┄┄┄┄┄┄┄┄┄┄┄┄┄┄┄┄┄┄┄┄┄┄┄┄┄┄┄┄┄┄┄┄┄┄┄┄┄┄┄┄┄┄┄┄┄┄┄┄┄┄┄┄┄┄┄┄┄┄┄┄┄┄┄┄┄┄┄┄┄┄┄┄
│ 🐛 🔄 BLoC[Preferences]: BLoC Created | null → initial
└───────────────────────────────────────────────────────────────────────────────────────────────────────────────────────

00:01 +4: /Users/mr42/code/flutter/tmp/filler/test/integration/app_flow_test.dart: App Flow Integration Tests preferences management flow                                                              
│ #4   DelegatedDatabase._runMigrations (package:drift/src/runtime/executor/helpers/engines.dart:512:5)
│ #5   <asynchronous suspension>
│ #6   DelegatedDatabase.ensureOpen.<anonymous closure> (package:drift/src/runtime/executor/helpers/engines.dart:476:9)
│ #7   <asynchronous suspension>
├┄┄┄┄┄┄┄┄┄┄┄┄┄┄┄┄┄┄┄┄┄┄┄┄┄┄┄┄┄┄┄┄┄┄┄┄┄┄┄┄┄┄┄┄┄┄┄┄┄┄┄┄┄┄┄┄┄┄┄┄┄┄┄┄┄┄┄┄┄┄┄┄┄┄┄┄┄┄┄┄┄┄┄┄┄┄┄┄┄┄┄┄┄┄┄┄┄┄┄┄┄┄┄┄┄┄┄┄┄┄┄┄┄┄┄┄┄┄┄
│ 07:38:47.911 (+0:00:00.168342)
├┄┄┄┄┄┄┄┄┄┄┄┄┄┄┄┄┄┄┄┄┄┄┄┄┄┄┄┄┄┄┄┄┄┄┄┄┄┄┄┄┄┄┄┄┄┄┄┄┄┄┄┄┄┄┄┄┄┄┄┄┄┄┄┄┄┄┄┄┄┄┄┄┄┄┄┄┄┄┄┄┄┄┄┄┄┄┄┄┄┄┄┄┄┄┄┄┄┄┄┄┄┄┄┄┄┄┄┄┄┄┄┄┄┄┄┄┄┄┄
│ 🐛 💾 Database: Database opened
└───────────────────────────────────────────────────────────────────────────────────────────────────────────────────────

00:01 +4: /Users/mr42/code/flutter/tmp/filler/test/features/prefs/presentation/preferences_bloc_test.dart: PreferencesBloc PreferencesEvent.load handles repository errors gracefully without state change
┌───────────────────────────────────────────────────────────────────────────────────────────────────────────────────────
│ #0   AppLogger.bloc (package:filler/core/logging.dart:44:13)
│ #1   new PreferencesBloc.<anonymous closure> (package:filler/features/prefs/presentation/preferences_bloc.dart:79:17)
├┄┄┄┄┄┄┄┄┄┄┄┄┄┄┄┄┄┄┄┄┄┄┄┄┄┄┄┄┄┄┄┄┄┄┄┄┄┄┄┄┄┄┄┄┄┄┄┄┄┄┄┄┄┄┄┄┄┄┄┄┄┄┄┄┄┄┄┄┄┄┄┄┄┄┄┄┄┄┄┄┄┄┄┄┄┄┄┄┄┄┄┄┄┄┄┄┄┄┄┄┄┄┄┄┄┄┄┄┄┄┄┄┄┄┄┄┄┄┄
│ 07:38:47.914 (+0:00:00.065470)
├┄┄┄┄┄┄┄┄┄┄┄┄┄┄┄┄┄┄┄┄┄┄┄┄┄┄┄┄┄┄┄┄┄┄┄┄┄┄┄┄┄┄┄┄┄┄┄┄┄┄┄┄┄┄┄┄┄┄┄┄┄┄┄┄┄┄┄┄┄┄┄┄┄┄┄┄┄┄┄┄┄┄┄┄┄┄┄┄┄┄┄┄┄┄┄┄┄┄┄┄┄┄┄┄┄┄┄┄┄┄┄┄┄┄┄┄┄┄┄
│ 🐛 🔄 BLoC[Preferences]: Load Event | initial → loading

00:01 +4: /Users/mr42/code/flutter/tmp/filler/test/integration/app_flow_test.dart: App Flow Integration Tests preferences management flow                                                              
┌───────────────────────────────────────────────────────────────────────────────────────────────────────────────────────
│ {count: 0, keys: []}

00:01 +4: /Users/mr42/code/flutter/tmp/filler/test/features/prefs/presentation/preferences_bloc_test.dart: PreferencesBloc PreferencesEvent.load handles repository errors gracefully without state change
└───────────────────────────────────────────────────────────────────────────────────────────────────────────────────────

00:01 +4: /Users/mr42/code/flutter/tmp/filler/test/integration/app_flow_test.dart: App Flow Integration Tests preferences management flow                                                              
├┄┄┄┄┄┄┄┄┄┄┄┄┄┄┄┄┄┄┄┄┄┄┄┄┄┄┄┄┄┄┄┄┄┄┄┄┄┄┄┄┄┄┄┄┄┄┄┄┄┄┄┄┄┄┄┄┄┄┄┄┄┄┄┄┄┄┄┄┄┄┄┄┄┄┄┄┄┄┄┄┄┄┄┄┄┄┄┄┄┄┄┄┄┄┄┄┄┄┄┄┄┄┄┄┄┄┄┄┄┄┄┄┄┄┄┄┄┄┄
│ #0   AppLogger.database (package:filler/core/logging.dart:49:13)
│ #1   AppDatabase.getAllPreferences (package:filler/data/database.dart:364:17)
│ #2   <asynchronous suspension>
│ #3   PreferencesRepository.get (package:filler/domain/repositories.dart:427:24)
│ #4   <asynchronous suspension>
│ #5   main.<anonymous closure>.<anonymous closure> (file:///Users/mr42/code/flutter/tmp/filler/test/integration/app_flow_test.dart:57:28)
│ #6   <asynchronous suspension>
│ #7   Declarer.test.<anonymous closure>.<anonymous closure> (package:test_api/src/backend/declarer.dart:242:9)
├┄┄┄┄┄┄┄┄┄┄┄┄┄┄┄┄┄┄┄┄┄┄┄┄┄┄┄┄┄┄┄┄┄┄┄┄┄┄┄┄┄┄┄┄┄┄┄┄┄┄┄┄┄┄┄┄┄┄┄┄┄┄┄┄┄┄┄┄┄┄┄┄┄┄┄┄┄┄┄┄┄┄┄┄┄┄┄┄┄┄┄┄┄┄┄┄┄┄┄┄┄┄┄┄┄┄┄┄┄┄┄┄┄┄┄┄┄┄┄
│ 07:38:47.914 (+0:00:00.171736)
├┄┄┄┄┄┄┄┄┄┄┄┄┄┄┄┄┄┄┄┄┄┄┄┄┄┄┄┄┄┄┄┄┄┄┄┄┄┄┄┄┄┄┄┄┄┄┄┄┄┄┄┄┄┄┄┄┄┄┄┄┄┄┄┄┄┄┄┄┄┄┄┄┄┄┄┄┄┄┄┄┄┄┄┄┄┄┄┄┄┄┄┄┄┄┄┄┄┄┄┄┄┄┄┄┄┄┄┄┄┄┄┄┄┄┄┄┄┄┄
│ 🐛 💾 Database: Retrieved all preferences
└───────────────────────────────────────────────────────────────────────────────────────────────────────────────────────

00:01 +4: /Users/mr42/code/flutter/tmp/filler/test/features/prefs/presentation/preferences_bloc_test.dart: PreferencesBloc PreferencesEvent.load handles repository errors gracefully without state change
[38;5;196m┌───────────────────────────────────────────────────────────────────────────────────────────────────────────────────────[0m
[38;5;196m│ Exception: Database error[0m
[38;5;196m├┄┄┄┄┄┄┄┄┄┄┄┄┄┄┄┄┄┄┄┄┄┄┄┄┄┄┄┄┄┄┄┄┄┄┄┄┄┄┄┄┄┄┄┄┄┄┄┄┄┄┄┄┄┄┄┄┄┄┄┄┄┄┄┄┄┄┄┄┄┄┄┄┄┄┄┄┄┄┄┄┄┄┄┄┄┄┄┄┄┄┄┄┄┄┄┄┄┄┄┄┄┄┄┄┄┄┄┄┄┄┄┄┄┄┄┄┄┄┄[0m
[38;5;196m│ #0   When.thenThrow.<anonymous closure> (package:mocktail/src/mocktail.dart:249:7)[0m
[38;5;196m│ #1   Mock.noSuchMethod (package:mocktail/src/mocktail.dart:131:37)[0m
[38;5;196m│ #2   MockPreferencesRepository.get (file:///Users/mr42/code/flutter/tmp/filler/test/features/prefs/presentation/preferences_bloc_test.dart:11:7)[0m
[38;5;196m│ #3   new PreferencesBloc.<anonymous closure> (package:filler/features/prefs/presentation/preferences_bloc.dart:84:30)[0m

00:01 +4: /Users/mr42/code/flutter/tmp/filler/test/integration/app_flow_test.dart: App Flow Integration Tests preferences management flow                                                              
┌───────────────────────────────────────────────────────────────────────────────────────────────────────────────────────
│ {key: width, defaultValue: 10}

00:01 +4: /Users/mr42/code/flutter/tmp/filler/test/features/prefs/presentation/preferences_bloc_test.dart: PreferencesBloc PreferencesEvent.load handles repository errors gracefully without state change
[38;5;196m│ #4   Bloc.on.<anonymous closure>.handleEvent (package:bloc/src/bloc.dart:226:26)[0m
[38;5;196m│ #5   Bloc.on.<anonymous closure> (package:bloc/src/bloc.dart:235:9)[0m
[38;5;196m│ #6   _MapStream._handleData (dart:async/stream_pipe.dart:247:31)[0m

00:01 +4: /Users/mr42/code/flutter/tmp/filler/test/integration/app_flow_test.dart: App Flow Integration Tests preferences management flow                                                              
├┄┄┄┄┄┄┄┄┄┄┄┄┄┄┄┄┄┄┄┄┄┄┄┄┄┄┄┄┄┄┄┄┄┄┄┄┄┄┄┄┄┄┄┄┄┄┄┄┄┄┄┄┄┄┄┄┄┄┄┄┄┄┄┄┄┄┄┄┄┄┄┄┄┄┄┄┄┄┄┄┄┄┄┄┄┄┄┄┄┄┄┄┄┄┄┄┄┄┄┄┄┄┄┄┄┄┄┄┄┄┄┄┄┄┄┄┄┄┄
│ #0   AppLogger.preferences (package:filler/core/logging.dart:64:13)
│ #1   PreferencesRepository._getIntValue (package:filler/domain/repositories.dart:493:17)
│ #2   PreferencesRepository.get (package:filler/domain/repositories.dart:431:21)

00:01 +4: /Users/mr42/code/flutter/tmp/filler/test/features/prefs/presentation/preferences_bloc_test.dart: PreferencesBloc PreferencesEvent.load handles repository errors gracefully without state change
[38;5;196m│ #7   _ForwardingStreamSubscription._handleData (dart:async/stream_pipe.dart:184:13)[0m

00:01 +4: /Users/mr42/code/flutter/tmp/filler/test/integration/app_flow_test.dart: App Flow Integration Tests preferences management flow                                                              
│ #3   <asynchronous suspension>

00:01 +4: /Users/mr42/code/flutter/tmp/filler/test/features/prefs/presentation/preferences_bloc_test.dart: PreferencesBloc PreferencesEvent.load handles repository errors gracefully without state change
[38;5;196m├┄┄┄┄┄┄┄┄┄┄┄┄┄┄┄┄┄┄┄┄┄┄┄┄┄┄┄┄┄┄┄┄┄┄┄┄┄┄┄┄┄┄┄┄┄┄┄┄┄┄┄┄┄┄┄┄┄┄┄┄┄┄┄┄┄┄┄┄┄┄┄┄┄┄┄┄┄┄┄┄┄┄┄┄┄┄┄┄┄┄┄┄┄┄┄┄┄┄┄┄┄┄┄┄┄┄┄┄┄┄┄┄┄┄┄┄┄┄┄[0m

00:01 +4: /Users/mr42/code/flutter/tmp/filler/test/integration/app_flow_test.dart: App Flow Integration Tests preferences management flow                                                              
│ #4   main.<anonymous closure>.<anonymous closure> (file:///Users/mr42/code/flutter/tmp/filler/test/integration/app_flow_test.dart:57:28)
│ #5   <asynchronous suspension>

00:01 +4: /Users/mr42/code/flutter/tmp/filler/test/features/prefs/presentation/preferences_bloc_test.dart: PreferencesBloc PreferencesEvent.load handles repository errors gracefully without state change
[38;5;196m│ 07:38:47.915 (+0:00:00.067229)[0m

00:01 +4: /Users/mr42/code/flutter/tmp/filler/test/integration/app_flow_test.dart: App Flow Integration Tests preferences management flow                                                              
│ #6   Declarer.test.<anonymous closure>.<anonymous closure> (package:test_api/src/backend/declarer.dart:242:9)

00:01 +4: /Users/mr42/code/flutter/tmp/filler/test/features/prefs/presentation/preferences_bloc_test.dart: PreferencesBloc PreferencesEvent.load handles repository errors gracefully without state change
[38;5;196m├┄┄┄┄┄┄┄┄┄┄┄┄┄┄┄┄┄┄┄┄┄┄┄┄┄┄┄┄┄┄┄┄┄┄┄┄┄┄┄┄┄┄┄┄┄┄┄┄┄┄┄┄┄┄┄┄┄┄┄┄┄┄┄┄┄┄┄┄┄┄┄┄┄┄┄┄┄┄┄┄┄┄┄┄┄┄┄┄┄┄┄┄┄┄┄┄┄┄┄┄┄┄┄┄┄┄┄┄┄┄┄┄┄┄┄┄┄┄┄[0m

00:01 +4: /Users/mr42/code/flutter/tmp/filler/test/integration/app_flow_test.dart: App Flow Integration Tests preferences management flow                                                              
│ #7   <asynchronous suspension>
├┄┄┄┄┄┄┄┄┄┄┄┄┄┄┄┄┄┄┄┄┄┄┄┄┄┄┄┄┄┄┄┄┄┄┄┄┄┄┄┄┄┄┄┄┄┄┄┄┄┄┄┄┄┄┄┄┄┄┄┄┄┄┄┄┄┄┄┄┄┄┄┄┄┄┄┄┄┄┄┄┄┄┄┄┄┄┄┄┄┄┄┄┄┄┄┄┄┄┄┄┄┄┄┄┄┄┄┄┄┄┄┄┄┄┄┄┄┄┄

00:01 +4: /Users/mr42/code/flutter/tmp/filler/test/features/prefs/presentation/preferences_bloc_test.dart: PreferencesBloc PreferencesEvent.load handles repository errors gracefully without state change
[38;5;196m│ ⛔ ❌ Error: Failed to load preferences[0m
[38;5;196m└───────────────────────────────────────────────────────────────────────────────────────────────────────────────────────[0m

00:01 +4: /Users/mr42/code/flutter/tmp/filler/test/integration/app_flow_test.dart: App Flow Integration Tests preferences management flow                                                              
│ 07:38:47.916 (+0:00:00.173675)
├┄┄┄┄┄┄┄┄┄┄┄┄┄┄┄┄┄┄┄┄┄┄┄┄┄┄┄┄┄┄┄┄┄┄┄┄┄┄┄┄┄┄┄┄┄┄┄┄┄┄┄┄┄┄┄┄┄┄┄┄┄┄┄┄┄┄┄┄┄┄┄┄┄┄┄┄┄┄┄┄┄┄┄┄┄┄┄┄┄┄┄┄┄┄┄┄┄┄┄┄┄┄┄┄┄┄┄┄┄┄┄┄┄┄┄┄┄┄┄
│ 🐛 ⚙️ Preferences: Using default for missing key
└───────────────────────────────────────────────────────────────────────────────────────────────────────────────────────
┌───────────────────────────────────────────────────────────────────────────────────────────────────────────────────────
│ {key: height, defaultValue: 10}
├┄┄┄┄┄┄┄┄┄┄┄┄┄┄┄┄┄┄┄┄┄┄┄┄┄┄┄┄┄┄┄┄┄┄┄┄┄┄┄┄┄┄┄┄┄┄┄┄┄┄┄┄┄┄┄┄┄┄┄┄┄┄┄┄┄┄┄┄┄┄┄┄┄┄┄┄┄┄┄┄┄┄┄┄┄┄┄┄┄┄┄┄┄┄┄┄┄┄┄┄┄┄┄┄┄┄┄┄┄┄┄┄┄┄┄┄┄┄┄
│ #0   AppLogger.preferences (package:filler/core/logging.dart:64:13)
│ #1   PreferencesRepository._getIntValue (package:filler/domain/repositories.dart:493:17)
│ #2   PreferencesRepository.get (package:filler/domain/repositories.dart:432:22)
│ #3   <asynchronous suspension>
│ #4   main.<anonymous closure>.<anonymous closure> (file:///Users/mr42/code/flutter/tmp/filler/test/integration/app_flow_test.dart:57:28)
│ #5   <asynchronous suspension>
│ #6   Declarer.test.<anonymous closure>.<anonymous closure> (package:test_api/src/backend/declarer.dart:242:9)

00:01 +4: /Users/mr42/code/flutter/tmp/filler/test/integration/page_state_transitions_test.dart: BLoC State Transitions - All Pages Canvas BLoC - New Canvas State Transitions                         
┌───────────────────────────────────────────────────────────────────────────────────────────────────────────────────────
│ {version: 4, wasCreated: true, hadUpgrade: false}
├┄┄┄┄┄┄┄┄┄┄┄┄┄┄┄┄┄┄┄┄┄┄┄┄┄┄┄┄┄┄┄┄┄┄┄┄┄┄┄┄┄┄┄┄┄┄┄┄┄┄┄┄┄┄┄┄┄┄┄┄┄┄┄┄┄┄┄┄┄┄┄┄┄┄┄┄┄┄┄┄┄┄┄┄┄┄┄┄┄┄┄┄┄┄┄┄┄┄┄┄┄┄┄┄┄┄┄┄┄┄┄┄┄┄┄┄┄┄┄
│ #0   AppLogger.database (package:filler/core/logging.dart:49:13)

00:01 +4: /Users/mr42/code/flutter/tmp/filler/test/integration/app_flow_test.dart: App Flow Integration Tests preferences management flow                                                              
│ #7   <asynchronous suspension>
├┄┄┄┄┄┄┄┄┄┄┄┄┄┄┄┄┄┄┄┄┄┄┄┄┄┄┄┄┄┄┄┄┄┄┄┄┄┄┄┄┄┄┄┄┄┄┄┄┄┄┄┄┄┄┄┄┄┄┄┄┄┄┄┄┄┄┄┄┄┄┄┄┄┄┄┄┄┄┄┄┄┄┄┄┄┄┄┄┄┄┄┄┄┄┄┄┄┄┄┄┄┄┄┄┄┄┄┄┄┄┄┄┄┄┄┄┄┄┄

00:01 +4: /Users/mr42/code/flutter/tmp/filler/test/integration/page_state_transitions_test.dart: BLoC State Transitions - All Pages Canvas BLoC - New Canvas State Transitions                         
│ #1   AppDatabase.migration.<anonymous closure> (package:filler/data/database.dart:211:17)
│ #2   GeneratedDatabase.beforeOpen.<anonymous closure> (package:drift/src/runtime/api/db_base.dart:137:44)

00:01 +4: /Users/mr42/code/flutter/tmp/filler/test/integration/app_flow_test.dart: App Flow Integration Tests preferences management flow                                                              
│ 07:38:47.918 (+0:00:00.175513)

00:01 +4: /Users/mr42/code/flutter/tmp/filler/test/integration/page_state_transitions_test.dart: BLoC State Transitions - All Pages Canvas BLoC - New Canvas State Transitions                         
│ #3   <asynchronous suspension>

00:01 +4: /Users/mr42/code/flutter/tmp/filler/test/integration/app_flow_test.dart: App Flow Integration Tests preferences management flow                                                              
├┄┄┄┄┄┄┄┄┄┄┄┄┄┄┄┄┄┄┄┄┄┄┄┄┄┄┄┄┄┄┄┄┄┄┄┄┄┄┄┄┄┄┄┄┄┄┄┄┄┄┄┄┄┄┄┄┄┄┄┄┄┄┄┄┄┄┄┄┄┄┄┄┄┄┄┄┄┄┄┄┄┄┄┄┄┄┄┄┄┄┄┄┄┄┄┄┄┄┄┄┄┄┄┄┄┄┄┄┄┄┄┄┄┄┄┄┄┄┄
│ 🐛 ⚙️ Preferences: Using default for missing key

00:01 +5: /Users/mr42/code/flutter/tmp/filler/test/integration/platform_specific_test.dart: Platform-Specific Database Integration Preferences Persistence Works Cross-Platform                        
00:01 +5: /Users/mr42/code/flutter/tmp/filler/test/integration/app_flow_test.dart: App Flow Integration Tests preferences management flow                                                              
└───────────────────────────────────────────────────────────────────────────────────────────────────────────────────────

00:01 +5: /Users/mr42/code/flutter/tmp/filler/test/integration/page_state_transitions_test.dart: BLoC State Transitions - All Pages Canvas BLoC - New Canvas State Transitions                         
│ #4   DelegatedDatabase._runMigrations (package:drift/src/runtime/executor/helpers/engines.dart:512:5)
│ #5   <asynchronous suspension>
│ #6   DelegatedDatabase.ensureOpen.<anonymous closure> (package:drift/src/runtime/executor/helpers/engines.dart:476:9)
│ #7   <asynchronous suspension>
├┄┄┄┄┄┄┄┄┄┄┄┄┄┄┄┄┄┄┄┄┄┄┄┄┄┄┄┄┄┄┄┄┄┄┄┄┄┄┄┄┄┄┄┄┄┄┄┄┄┄┄┄┄┄┄┄┄┄┄┄┄┄┄┄┄┄┄┄┄┄┄┄┄┄┄┄┄┄┄┄┄┄┄┄┄┄┄┄┄┄┄┄┄┄┄┄┄┄┄┄┄┄┄┄┄┄┄┄┄┄┄┄┄┄┄┄┄┄┄
│ 07:38:47.918 (+0:00:00.114021)

00:01 +5: /Users/mr42/code/flutter/tmp/filler/test/integration/app_flow_test.dart: App Flow Integration Tests preferences management flow                                                              
┌───────────────────────────────────────────────────────────────────────────────────────────────────────────────────────
│ {key: insets, defaultValue: 0}
├┄┄┄┄┄┄┄┄┄┄┄┄┄┄┄┄┄┄┄┄┄┄┄┄┄┄┄┄┄┄┄┄┄┄┄┄┄┄┄┄┄┄┄┄┄┄┄┄┄┄┄┄┄┄┄┄┄┄┄┄┄┄┄┄┄┄┄┄┄┄┄┄┄┄┄┄┄┄┄┄┄┄┄┄┄┄┄┄┄┄┄┄┄┄┄┄┄┄┄┄┄┄┄┄┄┄┄┄┄┄┄┄┄┄┄┄┄┄┄

00:01 +5: /Users/mr42/code/flutter/tmp/filler/test/integration/page_state_transitions_test.dart: BLoC State Transitions - All Pages Canvas BLoC - New Canvas State Transitions                         
├┄┄┄┄┄┄┄┄┄┄┄┄┄┄┄┄┄┄┄┄┄┄┄┄┄┄┄┄┄┄┄┄┄┄┄┄┄┄┄┄┄┄┄┄┄┄┄┄┄┄┄┄┄┄┄┄┄┄┄┄┄┄┄┄┄┄┄┄┄┄┄┄┄┄┄┄┄┄┄┄┄┄┄┄┄┄┄┄┄┄┄┄┄┄┄┄┄┄┄┄┄┄┄┄┄┄┄┄┄┄┄┄┄┄┄┄┄┄┄
│ 🐛 💾 Database: Database opened

00:01 +5: /Users/mr42/code/flutter/tmp/filler/test/integration/app_flow_test.dart: App Flow Integration Tests preferences management flow                                                              
│ #0   AppLogger.preferences (package:filler/core/logging.dart:64:13)

00:01 +5: /Users/mr42/code/flutter/tmp/filler/test/integration/page_state_transitions_test.dart: BLoC State Transitions - All Pages Canvas BLoC - New Canvas State Transitions                         
└───────────────────────────────────────────────────────────────────────────────────────────────────────────────────────

00:01 +5: /Users/mr42/code/flutter/tmp/filler/test/integration/app_flow_test.dart: App Flow Integration Tests preferences management flow                                                              
│ #1   PreferencesRepository._getIntValue (package:filler/domain/repositories.dart:493:17)
│ #2   PreferencesRepository.get (package:filler/domain/repositories.dart:437:22)
│ #3   <asynchronous suspension>
│ #4   main.<anonymous closure>.<anonymous closure> (file:///Users/mr42/code/flutter/tmp/filler/test/integration/app_flow_test.dart:57:28)

00:01 +5: /Users/mr42/code/flutter/tmp/filler/test/features/prefs/presentation/preferences_bloc_test.dart: PreferencesBloc Preference Setting Events updates width when ready                          
┌───────────────────────────────────────────────────────────────────────────────────────────────────────────────────────

00:01 +5: /Users/mr42/code/flutter/tmp/filler/test/integration/app_flow_test.dart: App Flow Integration Tests preferences management flow                                                              
│ #5   <asynchronous suspension>

00:01 +5: /Users/mr42/code/flutter/tmp/filler/test/features/prefs/presentation/preferences_bloc_test.dart: PreferencesBloc Preference Setting Events updates width when ready                          
│ #0   AppLogger.bloc (package:filler/core/logging.dart:44:13)

00:01 +5: /Users/mr42/code/flutter/tmp/filler/test/integration/app_flow_test.dart: App Flow Integration Tests preferences management flow                                                              
│ #6   Declarer.test.<anonymous closure>.<anonymous closure> (package:test_api/src/backend/declarer.dart:242:9)
│ #7   <asynchronous suspension>

00:01 +5: /Users/mr42/code/flutter/tmp/filler/test/features/prefs/presentation/preferences_bloc_test.dart: PreferencesBloc Preference Setting Events updates width when ready                          
│ #1   new PreferencesBloc (package:filler/features/prefs/presentation/preferences_bloc.dart:77:15)

00:01 +5: /Users/mr42/code/flutter/tmp/filler/test/integration/app_flow_test.dart: App Flow Integration Tests preferences management flow                                                              
├┄┄┄┄┄┄┄┄┄┄┄┄┄┄┄┄┄┄┄┄┄┄┄┄┄┄┄┄┄┄┄┄┄┄┄┄┄┄┄┄┄┄┄┄┄┄┄┄┄┄┄┄┄┄┄┄┄┄┄┄┄┄┄┄┄┄┄┄┄┄┄┄┄┄┄┄┄┄┄┄┄┄┄┄┄┄┄┄┄┄┄┄┄┄┄┄┄┄┄┄┄┄┄┄┄┄┄┄┄┄┄┄┄┄┄┄┄┄┄

00:01 +5: /Users/mr42/code/flutter/tmp/filler/test/features/prefs/presentation/preferences_bloc_test.dart: PreferencesBloc Preference Setting Events updates width when ready                          
├┄┄┄┄┄┄┄┄┄┄┄┄┄┄┄┄┄┄┄┄┄┄┄┄┄┄┄┄┄┄┄┄┄┄┄┄┄┄┄┄┄┄┄┄┄┄┄┄┄┄┄┄┄┄┄┄┄┄┄┄┄┄┄┄┄┄┄┄┄┄┄┄┄┄┄┄┄┄┄┄┄┄┄┄┄┄┄┄┄┄┄┄┄┄┄┄┄┄┄┄┄┄┄┄┄┄┄┄┄┄┄┄┄┄┄┄┄┄┄

00:01 +5: /Users/mr42/code/flutter/tmp/filler/test/integration/app_flow_test.dart: App Flow Integration Tests preferences management flow                                                              
│ 07:38:47.919 (+0:00:00.176938)

00:01 +5: /Users/mr42/code/flutter/tmp/filler/test/features/prefs/presentation/preferences_bloc_test.dart: PreferencesBloc Preference Setting Events updates width when ready                          
│ 07:38:47.921 (+0:00:00.072591)

00:01 +5: /Users/mr42/code/flutter/tmp/filler/test/integration/app_flow_test.dart: App Flow Integration Tests preferences management flow                                                              
├┄┄┄┄┄┄┄┄┄┄┄┄┄┄┄┄┄┄┄┄┄┄┄┄┄┄┄┄┄┄┄┄┄┄┄┄┄┄┄┄┄┄┄┄┄┄┄┄┄┄┄┄┄┄┄┄┄┄┄┄┄┄┄┄┄┄┄┄┄┄┄┄┄┄┄┄┄┄┄┄┄┄┄┄┄┄┄┄┄┄┄┄┄┄┄┄┄┄┄┄┄┄┄┄┄┄┄┄┄┄┄┄┄┄┄┄┄┄┄

00:01 +5: /Users/mr42/code/flutter/tmp/filler/test/features/prefs/presentation/preferences_bloc_test.dart: PreferencesBloc Preference Setting Events updates width when ready                          
├┄┄┄┄┄┄┄┄┄┄┄┄┄┄┄┄┄┄┄┄┄┄┄┄┄┄┄┄┄┄┄┄┄┄┄┄┄┄┄┄┄┄┄┄┄┄┄┄┄┄┄┄┄┄┄┄┄┄┄┄┄┄┄┄┄┄┄┄┄┄┄┄┄┄┄┄┄┄┄┄┄┄┄┄┄┄┄┄┄┄┄┄┄┄┄┄┄┄┄┄┄┄┄┄┄┄┄┄┄┄┄┄┄┄┄┄┄┄┄

00:01 +5: /Users/mr42/code/flutter/tmp/filler/test/integration/app_flow_test.dart: App Flow Integration Tests preferences management flow                                                              
│ 🐛 ⚙️ Preferences: Using default for missing key

00:01 +5: /Users/mr42/code/flutter/tmp/filler/test/features/prefs/presentation/preferences_bloc_test.dart: PreferencesBloc Preference Setting Events updates width when ready                          
│ 🐛 🔄 BLoC[Preferences]: BLoC Created | null → initial

00:01 +5: /Users/mr42/code/flutter/tmp/filler/test/integration/app_flow_test.dart: App Flow Integration Tests preferences management flow                                                              
└───────────────────────────────────────────────────────────────────────────────────────────────────────────────────────

00:01 +5: /Users/mr42/code/flutter/tmp/filler/test/features/prefs/presentation/preferences_bloc_test.dart: PreferencesBloc Preference Setting Events updates width when ready                          
└───────────────────────────────────────────────────────────────────────────────────────────────────────────────────────

00:01 +5: /Users/mr42/code/flutter/tmp/filler/test/integration/app_flow_test.dart: App Flow Integration Tests preferences management flow                                                              
┌───────────────────────────────────────────────────────────────────────────────────────────────────────────────────────
│ {key: defaultPattern, defaultValue: 1}
├┄┄┄┄┄┄┄┄┄┄┄┄┄┄┄┄┄┄┄┄┄┄┄┄┄┄┄┄┄┄┄┄┄┄┄┄┄┄┄┄┄┄┄┄┄┄┄┄┄┄┄┄┄┄┄┄┄┄┄┄┄┄┄┄┄┄┄┄┄┄┄┄┄┄┄┄┄┄┄┄┄┄┄┄┄┄┄┄┄┄┄┄┄┄┄┄┄┄┄┄┄┄┄┄┄┄┄┄┄┄┄┄┄┄┄┄┄┄┄
│ #0   AppLogger.preferences (package:filler/core/logging.dart:64:13)
│ #1   PreferencesRepository._getIntValue (package:filler/domain/repositories.dart:493:17)
│ #2   PreferencesRepository.get (package:filler/domain/repositories.dart:442:30)
│ #3   <asynchronous suspension>
│ #4   main.<anonymous closure>.<anonymous closure> (file:///Users/mr42/code/flutter/tmp/filler/test/integration/app_flow_test.dart:57:28)
│ #5   <asynchronous suspension>
│ #6   Declarer.test.<anonymous closure>.<anonymous closure> (package:test_api/src/backend/declarer.dart:242:9)
│ #7   <asynchronous suspension>
├┄┄┄┄┄┄┄┄┄┄┄┄┄┄┄┄┄┄┄┄┄┄┄┄┄┄┄┄┄┄┄┄┄┄┄┄┄┄┄┄┄┄┄┄┄┄┄┄┄┄┄┄┄┄┄┄┄┄┄┄┄┄┄┄┄┄┄┄┄┄┄┄┄┄┄┄┄┄┄┄┄┄┄┄┄┄┄┄┄┄┄┄┄┄┄┄┄┄┄┄┄┄┄┄┄┄┄┄┄┄┄┄┄┄┄┄┄┄┄
│ 07:38:47.922 (+0:00:00.179111)
├┄┄┄┄┄┄┄┄┄┄┄┄┄┄┄┄┄┄┄┄┄┄┄┄┄┄┄┄┄┄┄┄┄┄┄┄┄┄┄┄┄┄┄┄┄┄┄┄┄┄┄┄┄┄┄┄┄┄┄┄┄┄┄┄┄┄┄┄┄┄┄┄┄┄┄┄┄┄┄┄┄┄┄┄┄┄┄┄┄┄┄┄┄┄┄┄┄┄┄┄┄┄┄┄┄┄┄┄┄┄┄┄┄┄┄┄┄┄┄
│ 🐛 ⚙️ Preferences: Using default for missing key
└───────────────────────────────────────────────────────────────────────────────────────────────────────────────────────
┌───────────────────────────────────────────────────────────────────────────────────────────────────────────────────────
│ {key: themeMode, defaultValue: 2}

00:01 +5: /Users/mr42/code/flutter/tmp/filler/test/integration/page_state_transitions_test.dart: BLoC State Transitions - All Pages Canvas BLoC - New Canvas State Transitions                         
┌───────────────────────────────────────────────────────────────────────────────────────────────────────────────────────
│ {count: 0, keys: []}
├┄┄┄┄┄┄┄┄┄┄┄┄┄┄┄┄┄┄┄┄┄┄┄┄┄┄┄┄┄┄┄┄┄┄┄┄┄┄┄┄┄┄┄┄┄┄┄┄┄┄┄┄┄┄┄┄┄┄┄┄┄┄┄┄┄┄┄┄┄┄┄┄┄┄┄┄┄┄┄┄┄┄┄┄┄┄┄┄┄┄┄┄┄┄┄┄┄┄┄┄┄┄┄┄┄┄┄┄┄┄┄┄┄┄┄┄┄┄┄
│ #0   AppLogger.database (package:filler/core/logging.dart:49:13)
│ #1   AppDatabase.getAllPreferences (package:filler/data/database.dart:364:17)
│ #2   <asynchronous suspension>
│ #3   PreferencesRepository.get (package:filler/domain/repositories.dart:427:24)
│ #4   <asynchronous suspension>

00:01 +5: /Users/mr42/code/flutter/tmp/filler/test/features/prefs/presentation/preferences_bloc_test.dart: PreferencesBloc Preference Setting Events updates width when ready                          
┌───────────────────────────────────────────────────────────────────────────────────────────────────────────────────────

00:01 +5: /Users/mr42/code/flutter/tmp/filler/test/integration/page_state_transitions_test.dart: BLoC State Transitions - All Pages Canvas BLoC - New Canvas State Transitions                         
│ #5   new CanvasBloc.<anonymous closure> (package:filler/features/canvas/presentation/canvas_bloc.dart:113:19)

00:01 +5: /Users/mr42/code/flutter/tmp/filler/test/integration/app_flow_test.dart: App Flow Integration Tests preferences management flow                                                              
├┄┄┄┄┄┄┄┄┄┄┄┄┄┄┄┄┄┄┄┄┄┄┄┄┄┄┄┄┄┄┄┄┄┄┄┄┄┄┄┄┄┄┄┄┄┄┄┄┄┄┄┄┄┄┄┄┄┄┄┄┄┄┄┄┄┄┄┄┄┄┄┄┄┄┄┄┄┄┄┄┄┄┄┄┄┄┄┄┄┄┄┄┄┄┄┄┄┄┄┄┄┄┄┄┄┄┄┄┄┄┄┄┄┄┄┄┄┄┄
│ #0   AppLogger.preferences (package:filler/core/logging.dart:64:13)
│ #1   PreferencesRepository._getIntValue (package:filler/domain/repositories.dart:493:17)

00:01 +5: /Users/mr42/code/flutter/tmp/filler/test/features/prefs/presentation/preferences_bloc_test.dart: PreferencesBloc Preference Setting Events updates width when ready                          
│ {newValue: 25, currentState: _$ReadyImpl}
├┄┄┄┄┄┄┄┄┄┄┄┄┄┄┄┄┄┄┄┄┄┄┄┄┄┄┄┄┄┄┄┄┄┄┄┄┄┄┄┄┄┄┄┄┄┄┄┄┄┄┄┄┄┄┄┄┄┄┄┄┄┄┄┄┄┄┄┄┄┄┄┄┄┄┄┄┄┄┄┄┄┄┄┄┄┄┄┄┄┄┄┄┄┄┄┄┄┄┄┄┄┄┄┄┄┄┄┄┄┄┄┄┄┄┄┄┄┄┄
│ #0   AppLogger.preferences (package:filler/core/logging.dart:64:13)
│ #1   new PreferencesBloc.<anonymous closure> (package:filler/features/prefs/presentation/preferences_bloc.dart:119:17)
│ #2   Bloc.on.<anonymous closure>.handleEvent (package:bloc/src/bloc.dart:226:26)

00:01 +5: /Users/mr42/code/flutter/tmp/filler/test/integration/page_state_transitions_test.dart: BLoC State Transitions - All Pages Canvas BLoC - New Canvas State Transitions                         
│ #6   <asynchronous suspension>
│ #7   Bloc.on.<anonymous closure>.handleEvent (package:bloc/src/bloc.dart:226:13)
├┄┄┄┄┄┄┄┄┄┄┄┄┄┄┄┄┄┄┄┄┄┄┄┄┄┄┄┄┄┄┄┄┄┄┄┄┄┄┄┄┄┄┄┄┄┄┄┄┄┄┄┄┄┄┄┄┄┄┄┄┄┄┄┄┄┄┄┄┄┄┄┄┄┄┄┄┄┄┄┄┄┄┄┄┄┄┄┄┄┄┄┄┄┄┄┄┄┄┄┄┄┄┄┄┄┄┄┄┄┄┄┄┄┄┄┄┄┄┄
│ 07:38:47.922 (+0:00:00.118744)
├┄┄┄┄┄┄┄┄┄┄┄┄┄┄┄┄┄┄┄┄┄┄┄┄┄┄┄┄┄┄┄┄┄┄┄┄┄┄┄┄┄┄┄┄┄┄┄┄┄┄┄┄┄┄┄┄┄┄┄┄┄┄┄┄┄┄┄┄┄┄┄┄┄┄┄┄┄┄┄┄┄┄┄┄┄┄┄┄┄┄┄┄┄┄┄┄┄┄┄┄┄┄┄┄┄┄┄┄┄┄┄┄┄┄┄┄┄┄┄
│ 🐛 💾 Database: Retrieved all preferences
└───────────────────────────────────────────────────────────────────────────────────────────────────────────────────────

00:01 +5: /Users/mr42/code/flutter/tmp/filler/test/integration/app_flow_test.dart: App Flow Integration Tests preferences management flow                                                              
│ #2   PreferencesRepository.get (package:filler/domain/repositories.dart:447:25)
│ #3   <asynchronous suspension>
│ #4   main.<anonymous closure>.<anonymous closure> (file:///Users/mr42/code/flutter/tmp/filler/test/integration/app_flow_test.dart:57:28)

00:01 +5: /Users/mr42/code/flutter/tmp/filler/test/features/prefs/presentation/preferences_bloc_test.dart: PreferencesBloc Preference Setting Events updates width when ready                          
│ #3   Bloc.on.<anonymous closure> (package:bloc/src/bloc.dart:235:9)
│ #4   _MapStream._handleData (dart:async/stream_pipe.dart:247:31)
│ #5   _ForwardingStreamSubscription._handleData (dart:async/stream_pipe.dart:184:13)
│ #6   StackZoneSpecification._registerUnaryCallback.<anonymous closure>.<anonymous closure> (package:stack_trace/src/stack_zone_specification.dart:127:36)
│ #7   StackZoneSpecification._run (package:stack_trace/src/stack_zone_specification.dart:207:15)

00:01 +5: /Users/mr42/code/flutter/tmp/filler/test/integration/app_flow_test.dart: App Flow Integration Tests preferences management flow                                                              
│ #5   <asynchronous suspension>

00:01 +5: /Users/mr42/code/flutter/tmp/filler/test/features/prefs/presentation/preferences_bloc_test.dart: PreferencesBloc Preference Setting Events updates width when ready                          
├┄┄┄┄┄┄┄┄┄┄┄┄┄┄┄┄┄┄┄┄┄┄┄┄┄┄┄┄┄┄┄┄┄┄┄┄┄┄┄┄┄┄┄┄┄┄┄┄┄┄┄┄┄┄┄┄┄┄┄┄┄┄┄┄┄┄┄┄┄┄┄┄┄┄┄┄┄┄┄┄┄┄┄┄┄┄┄┄┄┄┄┄┄┄┄┄┄┄┄┄┄┄┄┄┄┄┄┄┄┄┄┄┄┄┄┄┄┄┄

00:01 +5: /Users/mr42/code/flutter/tmp/filler/test/integration/app_flow_test.dart: App Flow Integration Tests preferences management flow                                                              
│ #6   Declarer.test.<anonymous closure>.<anonymous closure> (package:test_api/src/backend/declarer.dart:242:9)

00:01 +5: /Users/mr42/code/flutter/tmp/filler/test/features/prefs/presentation/preferences_bloc_test.dart: PreferencesBloc Preference Setting Events updates width when ready                          
│ 07:38:47.923 (+0:00:00.075165)

00:01 +5: /Users/mr42/code/flutter/tmp/filler/test/integration/app_flow_test.dart: App Flow Integration Tests preferences management flow                                                              
│ #7   <asynchronous suspension>
├┄┄┄┄┄┄┄┄┄┄┄┄┄┄┄┄┄┄┄┄┄┄┄┄┄┄┄┄┄┄┄┄┄┄┄┄┄┄┄┄┄┄┄┄┄┄┄┄┄┄┄┄┄┄┄┄┄┄┄┄┄┄┄┄┄┄┄┄┄┄┄┄┄┄┄┄┄┄┄┄┄┄┄┄┄┄┄┄┄┄┄┄┄┄┄┄┄┄┄┄┄┄┄┄┄┄┄┄┄┄┄┄┄┄┄┄┄┄┄
│ 07:38:47.923 (+0:00:00.180567)
├┄┄┄┄┄┄┄┄┄┄┄┄┄┄┄┄┄┄┄┄┄┄┄┄┄┄┄┄┄┄┄┄┄┄┄┄┄┄┄┄┄┄┄┄┄┄┄┄┄┄┄┄┄┄┄┄┄┄┄┄┄┄┄┄┄┄┄┄┄┄┄┄┄┄┄┄┄┄┄┄┄┄┄┄┄┄┄┄┄┄┄┄┄┄┄┄┄┄┄┄┄┄┄┄┄┄┄┄┄┄┄┄┄┄┄┄┄┄┄
│ 🐛 ⚙️ Preferences: Using default for missing key

00:01 +5: /Users/mr42/code/flutter/tmp/filler/test/features/prefs/presentation/preferences_bloc_test.dart: PreferencesBloc Preference Setting Events updates width when ready                          
├┄┄┄┄┄┄┄┄┄┄┄┄┄┄┄┄┄┄┄┄┄┄┄┄┄┄┄┄┄┄┄┄┄┄┄┄┄┄┄┄┄┄┄┄┄┄┄┄┄┄┄┄┄┄┄┄┄┄┄┄┄┄┄┄┄┄┄┄┄┄┄┄┄┄┄┄┄┄┄┄┄┄┄┄┄┄┄┄┄┄┄┄┄┄┄┄┄┄┄┄┄┄┄┄┄┄┄┄┄┄┄┄┄┄┄┄┄┄┄

00:01 +5: /Users/mr42/code/flutter/tmp/filler/test/integration/app_flow_test.dart: App Flow Integration Tests preferences management flow                                                              
└───────────────────────────────────────────────────────────────────────────────────────────────────────────────────────

00:01 +5: /Users/mr42/code/flutter/tmp/filler/test/features/prefs/presentation/preferences_bloc_test.dart: PreferencesBloc Preference Setting Events updates width when ready                          
│ 🐛 ⚙️ Preferences: Width change requested
└───────────────────────────────────────────────────────────────────────────────────────────────────────────────────────

00:01 +5: /Users/mr42/code/flutter/tmp/filler/test/integration/page_state_transitions_test.dart: BLoC State Transitions - All Pages Canvas BLoC - New Canvas State Transitions                         
┌───────────────────────────────────────────────────────────────────────────────────────────────────────────────────────
│ {key: width, defaultValue: 10}
├┄┄┄┄┄┄┄┄┄┄┄┄┄┄┄┄┄┄┄┄┄┄┄┄┄┄┄┄┄┄┄┄┄┄┄┄┄┄┄┄┄┄┄┄┄┄┄┄┄┄┄┄┄┄┄┄┄┄┄┄┄┄┄┄┄┄┄┄┄┄┄┄┄┄┄┄┄┄┄┄┄┄┄┄┄┄┄┄┄┄┄┄┄┄┄┄┄┄┄┄┄┄┄┄┄┄┄┄┄┄┄┄┄┄┄┄┄┄┄
│ #0   AppLogger.preferences (package:filler/core/logging.dart:64:13)
│ #1   PreferencesRepository._getIntValue (package:filler/domain/repositories.dart:493:17)

00:01 +5: /Users/mr42/code/flutter/tmp/filler/test/features/prefs/presentation/preferences_bloc_test.dart: PreferencesBloc Preference Setting Events updates width when ready                          
┌───────────────────────────────────────────────────────────────────────────────────────────────────────────────────────
│ {from: 10, to: 25}
├┄┄┄┄┄┄┄┄┄┄┄┄┄┄┄┄┄┄┄┄┄┄┄┄┄┄┄┄┄┄┄┄┄┄┄┄┄┄┄┄┄┄┄┄┄┄┄┄┄┄┄┄┄┄┄┄┄┄┄┄┄┄┄┄┄┄┄┄┄┄┄┄┄┄┄┄┄┄┄┄┄┄┄┄┄┄┄┄┄┄┄┄┄┄┄┄┄┄┄┄┄┄┄┄┄┄┄┄┄┄┄┄┄┄┄┄┄┄┄

00:01 +5: /Users/mr42/code/flutter/tmp/filler/test/integration/page_state_transitions_test.dart: BLoC State Transitions - All Pages Canvas BLoC - New Canvas State Transitions                         
│ #2   PreferencesRepository.get (package:filler/domain/repositories.dart:431:21)

00:01 +5: /Users/mr42/code/flutter/tmp/filler/test/features/prefs/presentation/preferences_bloc_test.dart: PreferencesBloc Preference Setting Events updates width when ready                          
│ #0   AppLogger.preferences (package:filler/core/logging.dart:64:13)
│ #1   new PreferencesBloc.<anonymous closure>.<anonymous closure> (package:filler/features/prefs/presentation/preferences_bloc.dart:129:21)

00:01 +5: /Users/mr42/code/flutter/tmp/filler/test/integration/page_state_transitions_test.dart: BLoC State Transitions - All Pages Canvas BLoC - New Canvas State Transitions                         
│ #3   <asynchronous suspension>
│ #4   new CanvasBloc.<anonymous closure> (package:filler/features/canvas/presentation/canvas_bloc.dart:113:19)
│ #5   <asynchronous suspension>

00:01 +5: /Users/mr42/code/flutter/tmp/filler/test/features/prefs/presentation/preferences_bloc_test.dart: PreferencesBloc Preference Setting Events updates width when ready                          
│ #2   _$ReadyImpl.maybeWhen (package:filler/features/prefs/presentation/preferences_bloc.freezed.dart:1770:19)

00:01 +5: /Users/mr42/code/flutter/tmp/filler/test/integration/page_state_transitions_test.dart: BLoC State Transitions - All Pages Canvas BLoC - New Canvas State Transitions                         
│ #6   Bloc.on.<anonymous closure>.handleEvent (package:bloc/src/bloc.dart:226:13)
│ #7   <asynchronous suspension>

00:01 +5: /Users/mr42/code/flutter/tmp/filler/test/features/prefs/presentation/preferences_bloc_test.dart: PreferencesBloc Preference Setting Events updates width when ready                          
│ #3   new PreferencesBloc.<anonymous closure> (package:filler/features/prefs/presentation/preferences_bloc.dart:127:13)

00:01 +5: /Users/mr42/code/flutter/tmp/filler/test/integration/page_state_transitions_test.dart: BLoC State Transitions - All Pages Canvas BLoC - New Canvas State Transitions                         
├┄┄┄┄┄┄┄┄┄┄┄┄┄┄┄┄┄┄┄┄┄┄┄┄┄┄┄┄┄┄┄┄┄┄┄┄┄┄┄┄┄┄┄┄┄┄┄┄┄┄┄┄┄┄┄┄┄┄┄┄┄┄┄┄┄┄┄┄┄┄┄┄┄┄┄┄┄┄┄┄┄┄┄┄┄┄┄┄┄┄┄┄┄┄┄┄┄┄┄┄┄┄┄┄┄┄┄┄┄┄┄┄┄┄┄┄┄┄┄

00:01 +5: /Users/mr42/code/flutter/tmp/filler/test/features/prefs/presentation/preferences_bloc_test.dart: PreferencesBloc Preference Setting Events updates width when ready                          
│ #4   Bloc.on.<anonymous closure>.handleEvent (package:bloc/src/bloc.dart:226:26)

00:01 +5: /Users/mr42/code/flutter/tmp/filler/test/integration/app_flow_test.dart: App Flow Integration Tests preferences management flow                                                              
┌───────────────────────────────────────────────────────────────────────────────────────────────────────────────────────

00:01 +5: /Users/mr42/code/flutter/tmp/filler/test/integration/page_state_transitions_test.dart: BLoC State Transitions - All Pages Canvas BLoC - New Canvas State Transitions                         
│ 07:38:47.926 (+0:00:00.122788)

00:01 +5: /Users/mr42/code/flutter/tmp/filler/test/features/prefs/presentation/preferences_bloc_test.dart: PreferencesBloc Preference Setting Events updates width when ready                          
│ #5   Bloc.on.<anonymous closure> (package:bloc/src/bloc.dart:235:9)
│ #6   _MapStream._handleData (dart:async/stream_pipe.dart:247:31)

00:01 +5: /Users/mr42/code/flutter/tmp/filler/test/integration/page_state_transitions_test.dart: BLoC State Transitions - All Pages Canvas BLoC - New Canvas State Transitions                         
├┄┄┄┄┄┄┄┄┄┄┄┄┄┄┄┄┄┄┄┄┄┄┄┄┄┄┄┄┄┄┄┄┄┄┄┄┄┄┄┄┄┄┄┄┄┄┄┄┄┄┄┄┄┄┄┄┄┄┄┄┄┄┄┄┄┄┄┄┄┄┄┄┄┄┄┄┄┄┄┄┄┄┄┄┄┄┄┄┄┄┄┄┄┄┄┄┄┄┄┄┄┄┄┄┄┄┄┄┄┄┄┄┄┄┄┄┄┄┄

00:01 +5: /Users/mr42/code/flutter/tmp/filler/test/features/prefs/presentation/preferences_bloc_test.dart: PreferencesBloc Preference Setting Events updates width when ready                          
│ #7   _ForwardingStreamSubscription._handleData (dart:async/stream_pipe.dart:184:13)

00:01 +5: /Users/mr42/code/flutter/tmp/filler/test/integration/app_flow_test.dart: App Flow Integration Tests preferences management flow                                                              
│ {key: width, value: 10}
├┄┄┄┄┄┄┄┄┄┄┄┄┄┄┄┄┄┄┄┄┄┄┄┄┄┄┄┄┄┄┄┄┄┄┄┄┄┄┄┄┄┄┄┄┄┄┄┄┄┄┄┄┄┄┄┄┄┄┄┄┄┄┄┄┄┄┄┄┄┄┄┄┄┄┄┄┄┄┄┄┄┄┄┄┄┄┄┄┄┄┄┄┄┄┄┄┄┄┄┄┄┄┄┄┄┄┄┄┄┄┄┄┄┄┄┄┄┄┄

00:01 +5: /Users/mr42/code/flutter/tmp/filler/test/integration/page_state_transitions_test.dart: BLoC State Transitions - All Pages Canvas BLoC - New Canvas State Transitions                         
│ 🐛 ⚙️ Preferences: Using default for missing key
└───────────────────────────────────────────────────────────────────────────────────────────────────────────────────────

00:01 +5: /Users/mr42/code/flutter/tmp/filler/test/features/prefs/presentation/preferences_bloc_test.dart: PreferencesBloc Preference Setting Events updates width when ready                          
├┄┄┄┄┄┄┄┄┄┄┄┄┄┄┄┄┄┄┄┄┄┄┄┄┄┄┄┄┄┄┄┄┄┄┄┄┄┄┄┄┄┄┄┄┄┄┄┄┄┄┄┄┄┄┄┄┄┄┄┄┄┄┄┄┄┄┄┄┄┄┄┄┄┄┄┄┄┄┄┄┄┄┄┄┄┄┄┄┄┄┄┄┄┄┄┄┄┄┄┄┄┄┄┄┄┄┄┄┄┄┄┄┄┄┄┄┄┄┄

00:01 +5: /Users/mr42/code/flutter/tmp/filler/test/integration/app_flow_test.dart: App Flow Integration Tests preferences management flow                                                              
│ #0   AppLogger.preferences (package:filler/core/logging.dart:64:13)
│ #1   PreferencesRepository._ensureDefaults (package:filler/domain/repositories.dart:519:19)
│ #2   PreferencesRepository.get (package:filler/domain/repositories.dart:454:13)

00:01 +5: /Users/mr42/code/flutter/tmp/filler/test/features/prefs/presentation/preferences_bloc_test.dart: PreferencesBloc Preference Setting Events updates width when ready                          
│ 07:38:47.927 (+0:00:00.078735)
├┄┄┄┄┄┄┄┄┄┄┄┄┄┄┄┄┄┄┄┄┄┄┄┄┄┄┄┄┄┄┄┄┄┄┄┄┄┄┄┄┄┄┄┄┄┄┄┄┄┄┄┄┄┄┄┄┄┄┄┄┄┄┄┄┄┄┄┄┄┄┄┄┄┄┄┄┄┄┄┄┄┄┄┄┄┄┄┄┄┄┄┄┄┄┄┄┄┄┄┄┄┄┄┄┄┄┄┄┄┄┄┄┄┄┄┄┄┄┄

00:01 +5: /Users/mr42/code/flutter/tmp/filler/test/integration/app_flow_test.dart: App Flow Integration Tests preferences management flow                                                              
│ #3   <asynchronous suspension>

00:01 +5: /Users/mr42/code/flutter/tmp/filler/test/features/prefs/presentation/preferences_bloc_test.dart: PreferencesBloc Preference Setting Events updates width when ready                          
│ 🐛 ⚙️ Preferences: Updating width

00:01 +5: /Users/mr42/code/flutter/tmp/filler/test/integration/page_state_transitions_test.dart: BLoC State Transitions - All Pages Canvas BLoC - New Canvas State Transitions                         
┌───────────────────────────────────────────────────────────────────────────────────────────────────────────────────────
│ {key: height, defaultValue: 10}

00:01 +5: /Users/mr42/code/flutter/tmp/filler/test/features/prefs/presentation/preferences_bloc_test.dart: PreferencesBloc Preference Setting Events updates width when ready                          
└───────────────────────────────────────────────────────────────────────────────────────────────────────────────────────

00:01 +5: /Users/mr42/code/flutter/tmp/filler/test/integration/app_flow_test.dart: App Flow Integration Tests preferences management flow                                                              
│ #4   main.<anonymous closure>.<anonymous closure> (file:///Users/mr42/code/flutter/tmp/filler/test/integration/app_flow_test.dart:57:28)
│ #5   <asynchronous suspension>
│ #6   Declarer.test.<anonymous closure>.<anonymous closure> (package:test_api/src/backend/declarer.dart:242:9)
│ #7   <asynchronous suspension>
├┄┄┄┄┄┄┄┄┄┄┄┄┄┄┄┄┄┄┄┄┄┄┄┄┄┄┄┄┄┄┄┄┄┄┄┄┄┄┄┄┄┄┄┄┄┄┄┄┄┄┄┄┄┄┄┄┄┄┄┄┄┄┄┄┄┄┄┄┄┄┄┄┄┄┄┄┄┄┄┄┄┄┄┄┄┄┄┄┄┄┄┄┄┄┄┄┄┄┄┄┄┄┄┄┄┄┄┄┄┄┄┄┄┄┄┄┄┄┄
│ 07:38:47.928 (+0:00:00.185282)

00:01 +5: /Users/mr42/code/flutter/tmp/filler/test/integration/page_state_transitions_test.dart: BLoC State Transitions - All Pages Canvas BLoC - New Canvas State Transitions                         
├┄┄┄┄┄┄┄┄┄┄┄┄┄┄┄┄┄┄┄┄┄┄┄┄┄┄┄┄┄┄┄┄┄┄┄┄┄┄┄┄┄┄┄┄┄┄┄┄┄┄┄┄┄┄┄┄┄┄┄┄┄┄┄┄┄┄┄┄┄┄┄┄┄┄┄┄┄┄┄┄┄┄┄┄┄┄┄┄┄┄┄┄┄┄┄┄┄┄┄┄┄┄┄┄┄┄┄┄┄┄┄┄┄┄┄┄┄┄┄

00:01 +5: /Users/mr42/code/flutter/tmp/filler/test/integration/app_flow_test.dart: App Flow Integration Tests preferences management flow                                                              
├┄┄┄┄┄┄┄┄┄┄┄┄┄┄┄┄┄┄┄┄┄┄┄┄┄┄┄┄┄┄┄┄┄┄┄┄┄┄┄┄┄┄┄┄┄┄┄┄┄┄┄┄┄┄┄┄┄┄┄┄┄┄┄┄┄┄┄┄┄┄┄┄┄┄┄┄┄┄┄┄┄┄┄┄┄┄┄┄┄┄┄┄┄┄┄┄┄┄┄┄┄┄┄┄┄┄┄┄┄┄┄┄┄┄┄┄┄┄┄

00:01 +5: /Users/mr42/code/flutter/tmp/filler/test/features/prefs/presentation/preferences_bloc_test.dart: PreferencesBloc Preference Setting Events updates width when ready                          
┌───────────────────────────────────────────────────────────────────────────────────────────────────────────────────────

00:01 +5: /Users/mr42/code/flutter/tmp/filler/test/integration/page_state_transitions_test.dart: BLoC State Transitions - All Pages Canvas BLoC - New Canvas State Transitions                         
│ #0   AppLogger.preferences (package:filler/core/logging.dart:64:13)

00:01 +5: /Users/mr42/code/flutter/tmp/filler/test/integration/app_flow_test.dart: App Flow Integration Tests preferences management flow                                                              
│ 🐛 ⚙️ Preferences: Creating missing default preference

00:01 +5: /Users/mr42/code/flutter/tmp/filler/test/features/prefs/presentation/preferences_bloc_test.dart: PreferencesBloc Preference Setting Events updates width when ready                          
│ #0   AppLogger.bloc (package:filler/core/logging.dart:44:13)

00:01 +5: /Users/mr42/code/flutter/tmp/filler/test/integration/page_state_transitions_test.dart: BLoC State Transitions - All Pages Canvas BLoC - New Canvas State Transitions                         
│ #1   PreferencesRepository._getIntValue (package:filler/domain/repositories.dart:493:17)

00:01 +5: /Users/mr42/code/flutter/tmp/filler/test/integration/app_flow_test.dart: App Flow Integration Tests preferences management flow                                                              
└───────────────────────────────────────────────────────────────────────────────────────────────────────────────────────

00:01 +5: /Users/mr42/code/flutter/tmp/filler/test/features/prefs/presentation/preferences_bloc_test.dart: PreferencesBloc Preference Setting Events updates width when ready                          
│ #1   new PreferencesBloc.<anonymous closure>.<anonymous closure> (package:filler/features/prefs/presentation/preferences_bloc.dart:144:21)
├┄┄┄┄┄┄┄┄┄┄┄┄┄┄┄┄┄┄┄┄┄┄┄┄┄┄┄┄┄┄┄┄┄┄┄┄┄┄┄┄┄┄┄┄┄┄┄┄┄┄┄┄┄┄┄┄┄┄┄┄┄┄┄┄┄┄┄┄┄┄┄┄┄┄┄┄┄┄┄┄┄┄┄┄┄┄┄┄┄┄┄┄┄┄┄┄┄┄┄┄┄┄┄┄┄┄┄┄┄┄┄┄┄┄┄┄┄┄┄

00:01 +5: /Users/mr42/code/flutter/tmp/filler/test/integration/page_state_transitions_test.dart: BLoC State Transitions - All Pages Canvas BLoC - New Canvas State Transitions                         
│ #2   PreferencesRepository.get (package:filler/domain/repositories.dart:432:22)
│ #3   <asynchronous suspension>
│ #4   new CanvasBloc.<anonymous closure> (package:filler/features/canvas/presentation/canvas_bloc.dart:113:19)

00:01 +5: /Users/mr42/code/flutter/tmp/filler/test/features/prefs/presentation/preferences_bloc_test.dart: PreferencesBloc Preference Setting Events updates width when ready                          
│ 07:38:47.929 (+0:00:00.081062)
├┄┄┄┄┄┄┄┄┄┄┄┄┄┄┄┄┄┄┄┄┄┄┄┄┄┄┄┄┄┄┄┄┄┄┄┄┄┄┄┄┄┄┄┄┄┄┄┄┄┄┄┄┄┄┄┄┄┄┄┄┄┄┄┄┄┄┄┄┄┄┄┄┄┄┄┄┄┄┄┄┄┄┄┄┄┄┄┄┄┄┄┄┄┄┄┄┄┄┄┄┄┄┄┄┄┄┄┄┄┄┄┄┄┄┄┄┄┄┄

00:01 +5: /Users/mr42/code/flutter/tmp/filler/test/integration/page_state_transitions_test.dart: BLoC State Transitions - All Pages Canvas BLoC - New Canvas State Transitions                         
│ #5   <asynchronous suspension>

00:01 +5: /Users/mr42/code/flutter/tmp/filler/test/features/prefs/presentation/preferences_bloc_test.dart: PreferencesBloc Preference Setting Events updates width when ready                          
│ 🐛 🔄 BLoC[Preferences]: SetWidth | ready → ready

00:01 +5: /Users/mr42/code/flutter/tmp/filler/test/integration/page_state_transitions_test.dart: BLoC State Transitions - All Pages Canvas BLoC - New Canvas State Transitions                         
│ #6   Bloc.on.<anonymous closure>.handleEvent (package:bloc/src/bloc.dart:226:13)

00:01 +5: /Users/mr42/code/flutter/tmp/filler/test/features/prefs/presentation/preferences_bloc_test.dart: PreferencesBloc Preference Setting Events updates width when ready                          
└───────────────────────────────────────────────────────────────────────────────────────────────────────────────────────

00:01 +5: /Users/mr42/code/flutter/tmp/filler/test/integration/page_state_transitions_test.dart: BLoC State Transitions - All Pages Canvas BLoC - New Canvas State Transitions                         
│ #7   <asynchronous suspension>
├┄┄┄┄┄┄┄┄┄┄┄┄┄┄┄┄┄┄┄┄┄┄┄┄┄┄┄┄┄┄┄┄┄┄┄┄┄┄┄┄┄┄┄┄┄┄┄┄┄┄┄┄┄┄┄┄┄┄┄┄┄┄┄┄┄┄┄┄┄┄┄┄┄┄┄┄┄┄┄┄┄┄┄┄┄┄┄┄┄┄┄┄┄┄┄┄┄┄┄┄┄┄┄┄┄┄┄┄┄┄┄┄┄┄┄┄┄┄┄

00:01 +5: /Users/mr42/code/flutter/tmp/filler/test/integration/app_flow_test.dart: App Flow Integration Tests preferences management flow                                                              
┌───────────────────────────────────────────────────────────────────────────────────────────────────────────────────────
│ {key: width, value: 10, type: int}
├┄┄┄┄┄┄┄┄┄┄┄┄┄┄┄┄┄┄┄┄┄┄┄┄┄┄┄┄┄┄┄┄┄┄┄┄┄┄┄┄┄┄┄┄┄┄┄┄┄┄┄┄┄┄┄┄┄┄┄┄┄┄┄┄┄┄┄┄┄┄┄┄┄┄┄┄┄┄┄┄┄┄┄┄┄┄┄┄┄┄┄┄┄┄┄┄┄┄┄┄┄┄┄┄┄┄┄┄┄┄┄┄┄┄┄┄┄┄┄

00:01 +5: /Users/mr42/code/flutter/tmp/filler/test/integration/page_state_transitions_test.dart: BLoC State Transitions - All Pages Canvas BLoC - New Canvas State Transitions                         
│ 07:38:47.929 (+0:00:00.124974)

00:01 +5: /Users/mr42/code/flutter/tmp/filler/test/integration/app_flow_test.dart: App Flow Integration Tests preferences management flow                                                              
│ #0   AppLogger.database (package:filler/core/logging.dart:49:13)
│ #1   AppDatabase.setPreferenceValue (package:filler/data/database.dart:301:15)
│ #2   PreferencesRepository._ensureDefaults (package:filler/domain/repositories.dart:524:19)

00:01 +5: /Users/mr42/code/flutter/tmp/filler/test/integration/page_state_transitions_test.dart: BLoC State Transitions - All Pages Canvas BLoC - New Canvas State Transitions                         
├┄┄┄┄┄┄┄┄┄┄┄┄┄┄┄┄┄┄┄┄┄┄┄┄┄┄┄┄┄┄┄┄┄┄┄┄┄┄┄┄┄┄┄┄┄┄┄┄┄┄┄┄┄┄┄┄┄┄┄┄┄┄┄┄┄┄┄┄┄┄┄┄┄┄┄┄┄┄┄┄┄┄┄┄┄┄┄┄┄┄┄┄┄┄┄┄┄┄┄┄┄┄┄┄┄┄┄┄┄┄┄┄┄┄┄┄┄┄┄

00:01 +5: /Users/mr42/code/flutter/tmp/filler/test/integration/app_flow_test.dart: App Flow Integration Tests preferences management flow                                                              
│ #3   PreferencesRepository.get (package:filler/domain/repositories.dart:454:13)
│ #4   <asynchronous suspension>

00:01 +5: /Users/mr42/code/flutter/tmp/filler/test/integration/page_state_transitions_test.dart: BLoC State Transitions - All Pages Canvas BLoC - New Canvas State Transitions                         
│ 🐛 ⚙️ Preferences: Using default for missing key

00:01 +5: /Users/mr42/code/flutter/tmp/filler/test/integration/app_flow_test.dart: App Flow Integration Tests preferences management flow                                                              
│ #5   main.<anonymous closure>.<anonymous closure> (file:///Users/mr42/code/flutter/tmp/filler/test/integration/app_flow_test.dart:57:28)

00:01 +5: /Users/mr42/code/flutter/tmp/filler/test/integration/page_state_transitions_test.dart: BLoC State Transitions - All Pages Canvas BLoC - New Canvas State Transitions                         
└───────────────────────────────────────────────────────────────────────────────────────────────────────────────────────

00:01 +5: /Users/mr42/code/flutter/tmp/filler/test/integration/app_flow_test.dart: App Flow Integration Tests preferences management flow                                                              
│ #6   <asynchronous suspension>
│ #7   Declarer.test.<anonymous closure>.<anonymous closure> (package:test_api/src/backend/declarer.dart:242:9)
├┄┄┄┄┄┄┄┄┄┄┄┄┄┄┄┄┄┄┄┄┄┄┄┄┄┄┄┄┄┄┄┄┄┄┄┄┄┄┄┄┄┄┄┄┄┄┄┄┄┄┄┄┄┄┄┄┄┄┄┄┄┄┄┄┄┄┄┄┄┄┄┄┄┄┄┄┄┄┄┄┄┄┄┄┄┄┄┄┄┄┄┄┄┄┄┄┄┄┄┄┄┄┄┄┄┄┄┄┄┄┄┄┄┄┄┄┄┄┄

00:01 +6: /Users/mr42/code/flutter/tmp/filler/test/integration/platform_specific_test.dart: Platform-Specific Database Integration Preferences Persistence Works Cross-Platform                        
00:01 +6: /Users/mr42/code/flutter/tmp/filler/test/integration/app_flow_test.dart: App Flow Integration Tests preferences management flow                                                              
│ 07:38:47.930 (+0:00:00.187527)

00:01 +6: /Users/mr42/code/flutter/tmp/filler/test/integration/page_state_transitions_test.dart: BLoC State Transitions - All Pages Canvas BLoC - New Canvas State Transitions                         
┌───────────────────────────────────────────────────────────────────────────────────────────────────────────────────────

00:01 +6: /Users/mr42/code/flutter/tmp/filler/test/integration/app_flow_test.dart: App Flow Integration Tests preferences management flow                                                              
├┄┄┄┄┄┄┄┄┄┄┄┄┄┄┄┄┄┄┄┄┄┄┄┄┄┄┄┄┄┄┄┄┄┄┄┄┄┄┄┄┄┄┄┄┄┄┄┄┄┄┄┄┄┄┄┄┄┄┄┄┄┄┄┄┄┄┄┄┄┄┄┄┄┄┄┄┄┄┄┄┄┄┄┄┄┄┄┄┄┄┄┄┄┄┄┄┄┄┄┄┄┄┄┄┄┄┄┄┄┄┄┄┄┄┄┄┄┄┄
│ 🐛 💾 Database: Setting preference value

00:01 +6: /Users/mr42/code/flutter/tmp/filler/test/integration/page_state_transitions_test.dart: BLoC State Transitions - All Pages Canvas BLoC - New Canvas State Transitions                         
│ {key: insets, defaultValue: 0}
├┄┄┄┄┄┄┄┄┄┄┄┄┄┄┄┄┄┄┄┄┄┄┄┄┄┄┄┄┄┄┄┄┄┄┄┄┄┄┄┄┄┄┄┄┄┄┄┄┄┄┄┄┄┄┄┄┄┄┄┄┄┄┄┄┄┄┄┄┄┄┄┄┄┄┄┄┄┄┄┄┄┄┄┄┄┄┄┄┄┄┄┄┄┄┄┄┄┄┄┄┄┄┄┄┄┄┄┄┄┄┄┄┄┄┄┄┄┄┄
│ #0   AppLogger.preferences (package:filler/core/logging.dart:64:13)
│ #1   PreferencesRepository._getIntValue (package:filler/domain/repositories.dart:493:17)
│ #2   PreferencesRepository.get (package:filler/domain/repositories.dart:437:22)

00:01 +6: /Users/mr42/code/flutter/tmp/filler/test/integration/app_flow_test.dart: App Flow Integration Tests preferences management flow                                                              
└───────────────────────────────────────────────────────────────────────────────────────────────────────────────────────

00:01 +6: /Users/mr42/code/flutter/tmp/filler/test/integration/page_state_transitions_test.dart: BLoC State Transitions - All Pages Canvas BLoC - New Canvas State Transitions                         
│ #3   <asynchronous suspension>
│ #4   new CanvasBloc.<anonymous closure> (package:filler/features/canvas/presentation/canvas_bloc.dart:113:19)
│ #5   <asynchronous suspension>
│ #6   Bloc.on.<anonymous closure>.handleEvent (package:bloc/src/bloc.dart:226:13)
│ #7   <asynchronous suspension>
├┄┄┄┄┄┄┄┄┄┄┄┄┄┄┄┄┄┄┄┄┄┄┄┄┄┄┄┄┄┄┄┄┄┄┄┄┄┄┄┄┄┄┄┄┄┄┄┄┄┄┄┄┄┄┄┄┄┄┄┄┄┄┄┄┄┄┄┄┄┄┄┄┄┄┄┄┄┄┄┄┄┄┄┄┄┄┄┄┄┄┄┄┄┄┄┄┄┄┄┄┄┄┄┄┄┄┄┄┄┄┄┄┄┄┄┄┄┄┄
│ 07:38:47.931 (+0:00:00.127416)
├┄┄┄┄┄┄┄┄┄┄┄┄┄┄┄┄┄┄┄┄┄┄┄┄┄┄┄┄┄┄┄┄┄┄┄┄┄┄┄┄┄┄┄┄┄┄┄┄┄┄┄┄┄┄┄┄┄┄┄┄┄┄┄┄┄┄┄┄┄┄┄┄┄┄┄┄┄┄┄┄┄┄┄┄┄┄┄┄┄┄┄┄┄┄┄┄┄┄┄┄┄┄┄┄┄┄┄┄┄┄┄┄┄┄┄┄┄┄┄
│ 🐛 ⚙️ Preferences: Using default for missing key
└───────────────────────────────────────────────────────────────────────────────────────────────────────────────────────

00:01 +6: /Users/mr42/code/flutter/tmp/filler/test/features/prefs/presentation/preferences_bloc_test.dart: PreferencesBloc Preference Setting Events updates height when ready                         
┌───────────────────────────────────────────────────────────────────────────────────────────────────────────────────────
│ #0   AppLogger.bloc (package:filler/core/logging.dart:44:13)
│ #1   new PreferencesBloc (package:filler/features/prefs/presentation/preferences_bloc.dart:77:15)

00:01 +6: /Users/mr42/code/flutter/tmp/filler/test/integration/page_state_transitions_test.dart: BLoC State Transitions - All Pages Canvas BLoC - New Canvas State Transitions                         
┌───────────────────────────────────────────────────────────────────────────────────────────────────────────────────────
│ {key: defaultPattern, defaultValue: 1}

00:01 +6: /Users/mr42/code/flutter/tmp/filler/test/features/prefs/presentation/preferences_bloc_test.dart: PreferencesBloc Preference Setting Events updates height when ready                         
├┄┄┄┄┄┄┄┄┄┄┄┄┄┄┄┄┄┄┄┄┄┄┄┄┄┄┄┄┄┄┄┄┄┄┄┄┄┄┄┄┄┄┄┄┄┄┄┄┄┄┄┄┄┄┄┄┄┄┄┄┄┄┄┄┄┄┄┄┄┄┄┄┄┄┄┄┄┄┄┄┄┄┄┄┄┄┄┄┄┄┄┄┄┄┄┄┄┄┄┄┄┄┄┄┄┄┄┄┄┄┄┄┄┄┄┄┄┄┄

00:01 +6: /Users/mr42/code/flutter/tmp/filler/test/integration/page_state_transitions_test.dart: BLoC State Transitions - All Pages Canvas BLoC - New Canvas State Transitions                         
├┄┄┄┄┄┄┄┄┄┄┄┄┄┄┄┄┄┄┄┄┄┄┄┄┄┄┄┄┄┄┄┄┄┄┄┄┄┄┄┄┄┄┄┄┄┄┄┄┄┄┄┄┄┄┄┄┄┄┄┄┄┄┄┄┄┄┄┄┄┄┄┄┄┄┄┄┄┄┄┄┄┄┄┄┄┄┄┄┄┄┄┄┄┄┄┄┄┄┄┄┄┄┄┄┄┄┄┄┄┄┄┄┄┄┄┄┄┄┄

00:01 +6: /Users/mr42/code/flutter/tmp/filler/test/features/prefs/presentation/preferences_bloc_test.dart: PreferencesBloc Preference Setting Events updates height when ready                         
│ 07:38:47.932 (+0:00:00.084269)

00:01 +6: /Users/mr42/code/flutter/tmp/filler/test/integration/page_state_transitions_test.dart: BLoC State Transitions - All Pages Canvas BLoC - New Canvas State Transitions                         
│ #0   AppLogger.preferences (package:filler/core/logging.dart:64:13)

00:01 +6: /Users/mr42/code/flutter/tmp/filler/test/features/prefs/presentation/preferences_bloc_test.dart: PreferencesBloc Preference Setting Events updates height when ready                         
├┄┄┄┄┄┄┄┄┄┄┄┄┄┄┄┄┄┄┄┄┄┄┄┄┄┄┄┄┄┄┄┄┄┄┄┄┄┄┄┄┄┄┄┄┄┄┄┄┄┄┄┄┄┄┄┄┄┄┄┄┄┄┄┄┄┄┄┄┄┄┄┄┄┄┄┄┄┄┄┄┄┄┄┄┄┄┄┄┄┄┄┄┄┄┄┄┄┄┄┄┄┄┄┄┄┄┄┄┄┄┄┄┄┄┄┄┄┄┄

00:01 +6: /Users/mr42/code/flutter/tmp/filler/test/integration/page_state_transitions_test.dart: BLoC State Transitions - All Pages Canvas BLoC - New Canvas State Transitions                         
│ #1   PreferencesRepository._getIntValue (package:filler/domain/repositories.dart:493:17)
│ #2   PreferencesRepository.get (package:filler/domain/repositories.dart:442:30)
│ #3   <asynchronous suspension>
│ #4   new CanvasBloc.<anonymous closure> (package:filler/features/canvas/presentation/canvas_bloc.dart:113:19)
│ #5   <asynchronous suspension>

00:01 +6: /Users/mr42/code/flutter/tmp/filler/test/features/prefs/presentation/preferences_bloc_test.dart: PreferencesBloc Preference Setting Events updates height when ready                         
│ 🐛 🔄 BLoC[Preferences]: BLoC Created | null → initial
└───────────────────────────────────────────────────────────────────────────────────────────────────────────────────────

00:01 +6: /Users/mr42/code/flutter/tmp/filler/test/integration/page_state_transitions_test.dart: BLoC State Transitions - All Pages Canvas BLoC - New Canvas State Transitions                         
│ #6   Bloc.on.<anonymous closure>.handleEvent (package:bloc/src/bloc.dart:226:13)
│ #7   <asynchronous suspension>
├┄┄┄┄┄┄┄┄┄┄┄┄┄┄┄┄┄┄┄┄┄┄┄┄┄┄┄┄┄┄┄┄┄┄┄┄┄┄┄┄┄┄┄┄┄┄┄┄┄┄┄┄┄┄┄┄┄┄┄┄┄┄┄┄┄┄┄┄┄┄┄┄┄┄┄┄┄┄┄┄┄┄┄┄┄┄┄┄┄┄┄┄┄┄┄┄┄┄┄┄┄┄┄┄┄┄┄┄┄┄┄┄┄┄┄┄┄┄┄
│ 07:38:47.933 (+0:00:00.128940)
├┄┄┄┄┄┄┄┄┄┄┄┄┄┄┄┄┄┄┄┄┄┄┄┄┄┄┄┄┄┄┄┄┄┄┄┄┄┄┄┄┄┄┄┄┄┄┄┄┄┄┄┄┄┄┄┄┄┄┄┄┄┄┄┄┄┄┄┄┄┄┄┄┄┄┄┄┄┄┄┄┄┄┄┄┄┄┄┄┄┄┄┄┄┄┄┄┄┄┄┄┄┄┄┄┄┄┄┄┄┄┄┄┄┄┄┄┄┄┄
│ 🐛 ⚙️ Preferences: Using default for missing key
└───────────────────────────────────────────────────────────────────────────────────────────────────────────────────────

00:01 +6: /Users/mr42/code/flutter/tmp/filler/test/integration/app_flow_test.dart: App Flow Integration Tests preferences management flow                                                              
┌───────────────────────────────────────────────────────────────────────────────────────────────────────────────────────
│ {key: width, value: 10}
├┄┄┄┄┄┄┄┄┄┄┄┄┄┄┄┄┄┄┄┄┄┄┄┄┄┄┄┄┄┄┄┄┄┄┄┄┄┄┄┄┄┄┄┄┄┄┄┄┄┄┄┄┄┄┄┄┄┄┄┄┄┄┄┄┄┄┄┄┄┄┄┄┄┄┄┄┄┄┄┄┄┄┄┄┄┄┄┄┄┄┄┄┄┄┄┄┄┄┄┄┄┄┄┄┄┄┄┄┄┄┄┄┄┄┄┄┄┄┄
│ #0   AppLogger.database (package:filler/core/logging.dart:49:13)
│ #1   AppDatabase.setPreferenceValue (package:filler/data/database.dart:337:17)
│ #2   <asynchronous suspension>
│ #3   PreferencesRepository._ensureDefaults (package:filler/domain/repositories.dart:524:9)
│ #4   <asynchronous suspension>
│ #5   PreferencesRepository.get (package:filler/domain/repositories.dart:454:7)
│ #6   <asynchronous suspension>
│ #7   main.<anonymous closure>.<anonymous closure> (file:///Users/mr42/code/flutter/tmp/filler/test/integration/app_flow_test.dart:57:28)
├┄┄┄┄┄┄┄┄┄┄┄┄┄┄┄┄┄┄┄┄┄┄┄┄┄┄┄┄┄┄┄┄┄┄┄┄┄┄┄┄┄┄┄┄┄┄┄┄┄┄┄┄┄┄┄┄┄┄┄┄┄┄┄┄┄┄┄┄┄┄┄┄┄┄┄┄┄┄┄┄┄┄┄┄┄┄┄┄┄┄┄┄┄┄┄┄┄┄┄┄┄┄┄┄┄┄┄┄┄┄┄┄┄┄┄┄┄┄┄

00:01 +6: /Users/mr42/code/flutter/tmp/filler/test/integration/page_state_transitions_test.dart: BLoC State Transitions - All Pages Canvas BLoC - New Canvas State Transitions                         
┌───────────────────────────────────────────────────────────────────────────────────────────────────────────────────────

00:01 +6: /Users/mr42/code/flutter/tmp/filler/test/integration/app_flow_test.dart: App Flow Integration Tests preferences management flow                                                              
│ 07:38:47.933 (+0:00:00.190599)
├┄┄┄┄┄┄┄┄┄┄┄┄┄┄┄┄┄┄┄┄┄┄┄┄┄┄┄┄┄┄┄┄┄┄┄┄┄┄┄┄┄┄┄┄┄┄┄┄┄┄┄┄┄┄┄┄┄┄┄┄┄┄┄┄┄┄┄┄┄┄┄┄┄┄┄┄┄┄┄┄┄┄┄┄┄┄┄┄┄┄┄┄┄┄┄┄┄┄┄┄┄┄┄┄┄┄┄┄┄┄┄┄┄┄┄┄┄┄┄
│ 🐛 💾 Database: Preference value saved
└───────────────────────────────────────────────────────────────────────────────────────────────────────────────────────
┌───────────────────────────────────────────────────────────────────────────────────────────────────────────────────────
│ {key: height, value: 10}
├┄┄┄┄┄┄┄┄┄┄┄┄┄┄┄┄┄┄┄┄┄┄┄┄┄┄┄┄┄┄┄┄┄┄┄┄┄┄┄┄┄┄┄┄┄┄┄┄┄┄┄┄┄┄┄┄┄┄┄┄┄┄┄┄┄┄┄┄┄┄┄┄┄┄┄┄┄┄┄┄┄┄┄┄┄┄┄┄┄┄┄┄┄┄┄┄┄┄┄┄┄┄┄┄┄┄┄┄┄┄┄┄┄┄┄┄┄┄┄
│ #0   AppLogger.preferences (package:filler/core/logging.dart:64:13)

00:01 +6: /Users/mr42/code/flutter/tmp/filler/test/integration/page_state_transitions_test.dart: BLoC State Transitions - All Pages Canvas BLoC - New Canvas State Transitions                         
│ {key: themeMode, defaultValue: 2}
├┄┄┄┄┄┄┄┄┄┄┄┄┄┄┄┄┄┄┄┄┄┄┄┄┄┄┄┄┄┄┄┄┄┄┄┄┄┄┄┄┄┄┄┄┄┄┄┄┄┄┄┄┄┄┄┄┄┄┄┄┄┄┄┄┄┄┄┄┄┄┄┄┄┄┄┄┄┄┄┄┄┄┄┄┄┄┄┄┄┄┄┄┄┄┄┄┄┄┄┄┄┄┄┄┄┄┄┄┄┄┄┄┄┄┄┄┄┄┄
│ #0   AppLogger.preferences (package:filler/core/logging.dart:64:13)

00:01 +6: /Users/mr42/code/flutter/tmp/filler/test/integration/app_flow_test.dart: App Flow Integration Tests preferences management flow                                                              
│ #1   PreferencesRepository._ensureDefaults (package:filler/domain/repositories.dart:519:19)
│ #2   <asynchronous suspension>
│ #3   PreferencesRepository.get (package:filler/domain/repositories.dart:454:7)
│ #4   <asynchronous suspension>
│ #5   main.<anonymous closure>.<anonymous closure> (file:///Users/mr42/code/flutter/tmp/filler/test/integration/app_flow_test.dart:57:28)

00:01 +6: /Users/mr42/code/flutter/tmp/filler/test/integration/page_state_transitions_test.dart: BLoC State Transitions - All Pages Canvas BLoC - New Canvas State Transitions                         
│ #1   PreferencesRepository._getIntValue (package:filler/domain/repositories.dart:493:17)
│ #2   PreferencesRepository.get (package:filler/domain/repositories.dart:447:25)
│ #3   <asynchronous suspension>
│ #4   new CanvasBloc.<anonymous closure> (package:filler/features/canvas/presentation/canvas_bloc.dart:113:19)

00:01 +6: /Users/mr42/code/flutter/tmp/filler/test/integration/app_flow_test.dart: App Flow Integration Tests preferences management flow                                                              
│ #6   <asynchronous suspension>
│ #7   Declarer.test.<anonymous closure>.<anonymous closure> (package:test_api/src/backend/declarer.dart:242:9)

00:01 +6: /Users/mr42/code/flutter/tmp/filler/test/integration/page_state_transitions_test.dart: BLoC State Transitions - All Pages Canvas BLoC - New Canvas State Transitions                         
│ #5   <asynchronous suspension>
│ #6   Bloc.on.<anonymous closure>.handleEvent (package:bloc/src/bloc.dart:226:13)
│ #7   <asynchronous suspension>
├┄┄┄┄┄┄┄┄┄┄┄┄┄┄┄┄┄┄┄┄┄┄┄┄┄┄┄┄┄┄┄┄┄┄┄┄┄┄┄┄┄┄┄┄┄┄┄┄┄┄┄┄┄┄┄┄┄┄┄┄┄┄┄┄┄┄┄┄┄┄┄┄┄┄┄┄┄┄┄┄┄┄┄┄┄┄┄┄┄┄┄┄┄┄┄┄┄┄┄┄┄┄┄┄┄┄┄┄┄┄┄┄┄┄┄┄┄┄┄
│ 07:38:47.934 (+0:00:00.130468)

00:01 +6: /Users/mr42/code/flutter/tmp/filler/test/integration/app_flow_test.dart: App Flow Integration Tests preferences management flow                                                              
├┄┄┄┄┄┄┄┄┄┄┄┄┄┄┄┄┄┄┄┄┄┄┄┄┄┄┄┄┄┄┄┄┄┄┄┄┄┄┄┄┄┄┄┄┄┄┄┄┄┄┄┄┄┄┄┄┄┄┄┄┄┄┄┄┄┄┄┄┄┄┄┄┄┄┄┄┄┄┄┄┄┄┄┄┄┄┄┄┄┄┄┄┄┄┄┄┄┄┄┄┄┄┄┄┄┄┄┄┄┄┄┄┄┄┄┄┄┄┄

00:01 +6: /Users/mr42/code/flutter/tmp/filler/test/integration/page_state_transitions_test.dart: BLoC State Transitions - All Pages Canvas BLoC - New Canvas State Transitions                         
├┄┄┄┄┄┄┄┄┄┄┄┄┄┄┄┄┄┄┄┄┄┄┄┄┄┄┄┄┄┄┄┄┄┄┄┄┄┄┄┄┄┄┄┄┄┄┄┄┄┄┄┄┄┄┄┄┄┄┄┄┄┄┄┄┄┄┄┄┄┄┄┄┄┄┄┄┄┄┄┄┄┄┄┄┄┄┄┄┄┄┄┄┄┄┄┄┄┄┄┄┄┄┄┄┄┄┄┄┄┄┄┄┄┄┄┄┄┄┄
│ 🐛 ⚙️ Preferences: Using default for missing key

00:01 +6: /Users/mr42/code/flutter/tmp/filler/test/integration/app_flow_test.dart: App Flow Integration Tests preferences management flow                                                              
│ 07:38:47.935 (+0:00:00.192185)
├┄┄┄┄┄┄┄┄┄┄┄┄┄┄┄┄┄┄┄┄┄┄┄┄┄┄┄┄┄┄┄┄┄┄┄┄┄┄┄┄┄┄┄┄┄┄┄┄┄┄┄┄┄┄┄┄┄┄┄┄┄┄┄┄┄┄┄┄┄┄┄┄┄┄┄┄┄┄┄┄┄┄┄┄┄┄┄┄┄┄┄┄┄┄┄┄┄┄┄┄┄┄┄┄┄┄┄┄┄┄┄┄┄┄┄┄┄┄┄

00:01 +7: /Users/mr42/code/flutter/tmp/filler/test/integration/platform_specific_test.dart: Platform-Specific Database Integration Preferences Persistence Works Cross-Platform                        
00:01 +7: /Users/mr42/code/flutter/tmp/filler/test/integration/app_flow_test.dart: App Flow Integration Tests preferences management flow                                                              
│ 🐛 ⚙️ Preferences: Creating missing default preference
└───────────────────────────────────────────────────────────────────────────────────────────────────────────────────────

00:01 +7: /Users/mr42/code/flutter/tmp/filler/test/integration/page_state_transitions_test.dart: BLoC State Transitions - All Pages Canvas BLoC - New Canvas State Transitions                         
└───────────────────────────────────────────────────────────────────────────────────────────────────────────────────────

00:01 +7: /Users/mr42/code/flutter/tmp/filler/test/integration/app_flow_test.dart: App Flow Integration Tests preferences management flow                                                              
┌───────────────────────────────────────────────────────────────────────────────────────────────────────────────────────
│ {key: height, value: 10, type: int}
├┄┄┄┄┄┄┄┄┄┄┄┄┄┄┄┄┄┄┄┄┄┄┄┄┄┄┄┄┄┄┄┄┄┄┄┄┄┄┄┄┄┄┄┄┄┄┄┄┄┄┄┄┄┄┄┄┄┄┄┄┄┄┄┄┄┄┄┄┄┄┄┄┄┄┄┄┄┄┄┄┄┄┄┄┄┄┄┄┄┄┄┄┄┄┄┄┄┄┄┄┄┄┄┄┄┄┄┄┄┄┄┄┄┄┄┄┄┄┄
│ #0   AppLogger.database (package:filler/core/logging.dart:49:13)
│ #1   AppDatabase.setPreferenceValue (package:filler/data/database.dart:301:15)
│ #2   PreferencesRepository._ensureDefaults (package:filler/domain/repositories.dart:524:19)
│ #3   <asynchronous suspension>
│ #4   PreferencesRepository.get (package:filler/domain/repositories.dart:454:7)
│ #5   <asynchronous suspension>
│ #6   main.<anonymous closure>.<anonymous closure> (file:///Users/mr42/code/flutter/tmp/filler/test/integration/app_flow_test.dart:57:28)
│ #7   <asynchronous suspension>

00:01 +7: /Users/mr42/code/flutter/tmp/filler/test/integration/page_state_transitions_test.dart: BLoC State Transitions - All Pages Canvas BLoC - New Canvas State Transitions                         
┌───────────────────────────────────────────────────────────────────────────────────────────────────────────────────────
│ {key: width, value: 10}

00:01 +7: /Users/mr42/code/flutter/tmp/filler/test/integration/app_flow_test.dart: App Flow Integration Tests preferences management flow                                                              
├┄┄┄┄┄┄┄┄┄┄┄┄┄┄┄┄┄┄┄┄┄┄┄┄┄┄┄┄┄┄┄┄┄┄┄┄┄┄┄┄┄┄┄┄┄┄┄┄┄┄┄┄┄┄┄┄┄┄┄┄┄┄┄┄┄┄┄┄┄┄┄┄┄┄┄┄┄┄┄┄┄┄┄┄┄┄┄┄┄┄┄┄┄┄┄┄┄┄┄┄┄┄┄┄┄┄┄┄┄┄┄┄┄┄┄┄┄┄┄
│ 07:38:47.937 (+0:00:00.194763)
├┄┄┄┄┄┄┄┄┄┄┄┄┄┄┄┄┄┄┄┄┄┄┄┄┄┄┄┄┄┄┄┄┄┄┄┄┄┄┄┄┄┄┄┄┄┄┄┄┄┄┄┄┄┄┄┄┄┄┄┄┄┄┄┄┄┄┄┄┄┄┄┄┄┄┄┄┄┄┄┄┄┄┄┄┄┄┄┄┄┄┄┄┄┄┄┄┄┄┄┄┄┄┄┄┄┄┄┄┄┄┄┄┄┄┄┄┄┄┄
│ 🐛 💾 Database: Setting preference value

00:01 +7: /Users/mr42/code/flutter/tmp/filler/test/integration/page_state_transitions_test.dart: BLoC State Transitions - All Pages Canvas BLoC - New Canvas State Transitions                         
├┄┄┄┄┄┄┄┄┄┄┄┄┄┄┄┄┄┄┄┄┄┄┄┄┄┄┄┄┄┄┄┄┄┄┄┄┄┄┄┄┄┄┄┄┄┄┄┄┄┄┄┄┄┄┄┄┄┄┄┄┄┄┄┄┄┄┄┄┄┄┄┄┄┄┄┄┄┄┄┄┄┄┄┄┄┄┄┄┄┄┄┄┄┄┄┄┄┄┄┄┄┄┄┄┄┄┄┄┄┄┄┄┄┄┄┄┄┄┄
│ #0   AppLogger.preferences (package:filler/core/logging.dart:64:13)
│ #1   PreferencesRepository._ensureDefaults (package:filler/domain/repositories.dart:519:19)
│ #2   PreferencesRepository.get (package:filler/domain/repositories.dart:454:13)

00:01 +7: /Users/mr42/code/flutter/tmp/filler/test/integration/app_flow_test.dart: App Flow Integration Tests preferences management flow                                                              
└───────────────────────────────────────────────────────────────────────────────────────────────────────────────────────

00:01 +7: /Users/mr42/code/flutter/tmp/filler/test/integration/page_state_transitions_test.dart: BLoC State Transitions - All Pages Canvas BLoC - New Canvas State Transitions                         
│ #3   <asynchronous suspension>
│ #4   new CanvasBloc.<anonymous closure> (package:filler/features/canvas/presentation/canvas_bloc.dart:113:19)
│ #5   <asynchronous suspension>

00:01 +7: /Users/mr42/code/flutter/tmp/filler/test/features/prefs/presentation/preferences_bloc_test.dart: PreferencesBloc Preference Setting Events updates insets when ready                         
┌───────────────────────────────────────────────────────────────────────────────────────────────────────────────────────

00:01 +7: /Users/mr42/code/flutter/tmp/filler/test/integration/page_state_transitions_test.dart: BLoC State Transitions - All Pages Canvas BLoC - New Canvas State Transitions                         
│ #6   Bloc.on.<anonymous closure>.handleEvent (package:bloc/src/bloc.dart:226:13)
│ #7   <asynchronous suspension>
├┄┄┄┄┄┄┄┄┄┄┄┄┄┄┄┄┄┄┄┄┄┄┄┄┄┄┄┄┄┄┄┄┄┄┄┄┄┄┄┄┄┄┄┄┄┄┄┄┄┄┄┄┄┄┄┄┄┄┄┄┄┄┄┄┄┄┄┄┄┄┄┄┄┄┄┄┄┄┄┄┄┄┄┄┄┄┄┄┄┄┄┄┄┄┄┄┄┄┄┄┄┄┄┄┄┄┄┄┄┄┄┄┄┄┄┄┄┄┄

00:01 +7: /Users/mr42/code/flutter/tmp/filler/test/features/prefs/presentation/preferences_bloc_test.dart: PreferencesBloc Preference Setting Events updates insets when ready                         
│ #0   AppLogger.bloc (package:filler/core/logging.dart:44:13)

00:01 +7: /Users/mr42/code/flutter/tmp/filler/test/integration/page_state_transitions_test.dart: BLoC State Transitions - All Pages Canvas BLoC - New Canvas State Transitions                         
│ 07:38:47.938 (+0:00:00.134361)
├┄┄┄┄┄┄┄┄┄┄┄┄┄┄┄┄┄┄┄┄┄┄┄┄┄┄┄┄┄┄┄┄┄┄┄┄┄┄┄┄┄┄┄┄┄┄┄┄┄┄┄┄┄┄┄┄┄┄┄┄┄┄┄┄┄┄┄┄┄┄┄┄┄┄┄┄┄┄┄┄┄┄┄┄┄┄┄┄┄┄┄┄┄┄┄┄┄┄┄┄┄┄┄┄┄┄┄┄┄┄┄┄┄┄┄┄┄┄┄
│ 🐛 ⚙️ Preferences: Creating missing default preference
└───────────────────────────────────────────────────────────────────────────────────────────────────────────────────────

00:01 +7: /Users/mr42/code/flutter/tmp/filler/test/features/prefs/presentation/preferences_bloc_test.dart: PreferencesBloc Preference Setting Events updates insets when ready                         
│ #1   new PreferencesBloc (package:filler/features/prefs/presentation/preferences_bloc.dart:77:15)
├┄┄┄┄┄┄┄┄┄┄┄┄┄┄┄┄┄┄┄┄┄┄┄┄┄┄┄┄┄┄┄┄┄┄┄┄┄┄┄┄┄┄┄┄┄┄┄┄┄┄┄┄┄┄┄┄┄┄┄┄┄┄┄┄┄┄┄┄┄┄┄┄┄┄┄┄┄┄┄┄┄┄┄┄┄┄┄┄┄┄┄┄┄┄┄┄┄┄┄┄┄┄┄┄┄┄┄┄┄┄┄┄┄┄┄┄┄┄┄
│ 07:38:47.939 (+0:00:00.090566)
├┄┄┄┄┄┄┄┄┄┄┄┄┄┄┄┄┄┄┄┄┄┄┄┄┄┄┄┄┄┄┄┄┄┄┄┄┄┄┄┄┄┄┄┄┄┄┄┄┄┄┄┄┄┄┄┄┄┄┄┄┄┄┄┄┄┄┄┄┄┄┄┄┄┄┄┄┄┄┄┄┄┄┄┄┄┄┄┄┄┄┄┄┄┄┄┄┄┄┄┄┄┄┄┄┄┄┄┄┄┄┄┄┄┄┄┄┄┄┄
│ 🐛 🔄 BLoC[Preferences]: BLoC Created | null → initial
└───────────────────────────────────────────────────────────────────────────────────────────────────────────────────────

00:01 +7: /Users/mr42/code/flutter/tmp/filler/test/integration/app_flow_test.dart: App Flow Integration Tests preferences management flow                                                              
┌───────────────────────────────────────────────────────────────────────────────────────────────────────────────────────
│ {key: height, value: 10}
├┄┄┄┄┄┄┄┄┄┄┄┄┄┄┄┄┄┄┄┄┄┄┄┄┄┄┄┄┄┄┄┄┄┄┄┄┄┄┄┄┄┄┄┄┄┄┄┄┄┄┄┄┄┄┄┄┄┄┄┄┄┄┄┄┄┄┄┄┄┄┄┄┄┄┄┄┄┄┄┄┄┄┄┄┄┄┄┄┄┄┄┄┄┄┄┄┄┄┄┄┄┄┄┄┄┄┄┄┄┄┄┄┄┄┄┄┄┄┄
│ #0   AppLogger.database (package:filler/core/logging.dart:49:13)
│ #1   AppDatabase.setPreferenceValue (package:filler/data/database.dart:337:17)
│ #2   <asynchronous suspension>
│ #3   PreferencesRepository._ensureDefaults (package:filler/domain/repositories.dart:524:9)
│ #4   <asynchronous suspension>
│ #5   PreferencesRepository.get (package:filler/domain/repositories.dart:454:7)
│ #6   <asynchronous suspension>
│ #7   main.<anonymous closure>.<anonymous closure> (file:///Users/mr42/code/flutter/tmp/filler/test/integration/app_flow_test.dart:57:28)
├┄┄┄┄┄┄┄┄┄┄┄┄┄┄┄┄┄┄┄┄┄┄┄┄┄┄┄┄┄┄┄┄┄┄┄┄┄┄┄┄┄┄┄┄┄┄┄┄┄┄┄┄┄┄┄┄┄┄┄┄┄┄┄┄┄┄┄┄┄┄┄┄┄┄┄┄┄┄┄┄┄┄┄┄┄┄┄┄┄┄┄┄┄┄┄┄┄┄┄┄┄┄┄┄┄┄┄┄┄┄┄┄┄┄┄┄┄┄┄
│ 07:38:47.940 (+0:00:00.197834)

00:01 +7: /Users/mr42/code/flutter/tmp/filler/test/integration/page_state_transitions_test.dart: BLoC State Transitions - All Pages Canvas BLoC - New Canvas State Transitions                         
┌───────────────────────────────────────────────────────────────────────────────────────────────────────────────────────

00:01 +7: /Users/mr42/code/flutter/tmp/filler/test/integration/app_flow_test.dart: App Flow Integration Tests preferences management flow                                                              
├┄┄┄┄┄┄┄┄┄┄┄┄┄┄┄┄┄┄┄┄┄┄┄┄┄┄┄┄┄┄┄┄┄┄┄┄┄┄┄┄┄┄┄┄┄┄┄┄┄┄┄┄┄┄┄┄┄┄┄┄┄┄┄┄┄┄┄┄┄┄┄┄┄┄┄┄┄┄┄┄┄┄┄┄┄┄┄┄┄┄┄┄┄┄┄┄┄┄┄┄┄┄┄┄┄┄┄┄┄┄┄┄┄┄┄┄┄┄┄
│ 🐛 💾 Database: Preference value saved

00:01 +7: /Users/mr42/code/flutter/tmp/filler/test/integration/page_state_transitions_test.dart: BLoC State Transitions - All Pages Canvas BLoC - New Canvas State Transitions                         
│ {key: width, value: 10, type: int}

00:01 +7: /Users/mr42/code/flutter/tmp/filler/test/integration/app_flow_test.dart: App Flow Integration Tests preferences management flow                                                              
└───────────────────────────────────────────────────────────────────────────────────────────────────────────────────────

00:01 +7: /Users/mr42/code/flutter/tmp/filler/test/integration/page_state_transitions_test.dart: BLoC State Transitions - All Pages Canvas BLoC - New Canvas State Transitions                         
├┄┄┄┄┄┄┄┄┄┄┄┄┄┄┄┄┄┄┄┄┄┄┄┄┄┄┄┄┄┄┄┄┄┄┄┄┄┄┄┄┄┄┄┄┄┄┄┄┄┄┄┄┄┄┄┄┄┄┄┄┄┄┄┄┄┄┄┄┄┄┄┄┄┄┄┄┄┄┄┄┄┄┄┄┄┄┄┄┄┄┄┄┄┄┄┄┄┄┄┄┄┄┄┄┄┄┄┄┄┄┄┄┄┄┄┄┄┄┄
│ #0   AppLogger.database (package:filler/core/logging.dart:49:13)

00:01 +7: /Users/mr42/code/flutter/tmp/filler/test/integration/app_flow_test.dart: App Flow Integration Tests preferences management flow                                                              
┌───────────────────────────────────────────────────────────────────────────────────────────────────────────────────────

00:01 +7: /Users/mr42/code/flutter/tmp/filler/test/integration/page_state_transitions_test.dart: BLoC State Transitions - All Pages Canvas BLoC - New Canvas State Transitions                         
│ #1   AppDatabase.setPreferenceValue (package:filler/data/database.dart:301:15)

00:01 +7: /Users/mr42/code/flutter/tmp/filler/test/integration/app_flow_test.dart: App Flow Integration Tests preferences management flow                                                              
│ {key: insets, value: 0}
├┄┄┄┄┄┄┄┄┄┄┄┄┄┄┄┄┄┄┄┄┄┄┄┄┄┄┄┄┄┄┄┄┄┄┄┄┄┄┄┄┄┄┄┄┄┄┄┄┄┄┄┄┄┄┄┄┄┄┄┄┄┄┄┄┄┄┄┄┄┄┄┄┄┄┄┄┄┄┄┄┄┄┄┄┄┄┄┄┄┄┄┄┄┄┄┄┄┄┄┄┄┄┄┄┄┄┄┄┄┄┄┄┄┄┄┄┄┄┄
│ #0   AppLogger.preferences (package:filler/core/logging.dart:64:13)
│ #1   PreferencesRepository._ensureDefaults (package:filler/domain/repositories.dart:519:19)

00:01 +7: /Users/mr42/code/flutter/tmp/filler/test/integration/page_state_transitions_test.dart: BLoC State Transitions - All Pages Canvas BLoC - New Canvas State Transitions                         
│ #2   PreferencesRepository._ensureDefaults (package:filler/domain/repositories.dart:524:19)
│ #3   PreferencesRepository.get (package:filler/domain/repositories.dart:454:13)
│ #4   <asynchronous suspension>
│ #5   new CanvasBloc.<anonymous closure> (package:filler/features/canvas/presentation/canvas_bloc.dart:113:19)

00:01 +7: /Users/mr42/code/flutter/tmp/filler/test/integration/app_flow_test.dart: App Flow Integration Tests preferences management flow                                                              
│ #2   <asynchronous suspension>
│ #3   PreferencesRepository.get (package:filler/domain/repositories.dart:454:7)

00:01 +7: /Users/mr42/code/flutter/tmp/filler/test/integration/page_state_transitions_test.dart: BLoC State Transitions - All Pages Canvas BLoC - New Canvas State Transitions                         
│ #6   <asynchronous suspension>
│ #7   Bloc.on.<anonymous closure>.handleEvent (package:bloc/src/bloc.dart:226:13)

00:01 +7: /Users/mr42/code/flutter/tmp/filler/test/integration/app_flow_test.dart: App Flow Integration Tests preferences management flow                                                              
│ #4   <asynchronous suspension>
│ #5   main.<anonymous closure>.<anonymous closure> (file:///Users/mr42/code/flutter/tmp/filler/test/integration/app_flow_test.dart:57:28)
│ #6   <asynchronous suspension>
│ #7   Declarer.test.<anonymous closure>.<anonymous closure> (package:test_api/src/backend/declarer.dart:242:9)

00:01 +7: /Users/mr42/code/flutter/tmp/filler/test/integration/page_state_transitions_test.dart: BLoC State Transitions - All Pages Canvas BLoC - New Canvas State Transitions                         
├┄┄┄┄┄┄┄┄┄┄┄┄┄┄┄┄┄┄┄┄┄┄┄┄┄┄┄┄┄┄┄┄┄┄┄┄┄┄┄┄┄┄┄┄┄┄┄┄┄┄┄┄┄┄┄┄┄┄┄┄┄┄┄┄┄┄┄┄┄┄┄┄┄┄┄┄┄┄┄┄┄┄┄┄┄┄┄┄┄┄┄┄┄┄┄┄┄┄┄┄┄┄┄┄┄┄┄┄┄┄┄┄┄┄┄┄┄┄┄
│ 07:38:47.941 (+0:00:00.137367)
├┄┄┄┄┄┄┄┄┄┄┄┄┄┄┄┄┄┄┄┄┄┄┄┄┄┄┄┄┄┄┄┄┄┄┄┄┄┄┄┄┄┄┄┄┄┄┄┄┄┄┄┄┄┄┄┄┄┄┄┄┄┄┄┄┄┄┄┄┄┄┄┄┄┄┄┄┄┄┄┄┄┄┄┄┄┄┄┄┄┄┄┄┄┄┄┄┄┄┄┄┄┄┄┄┄┄┄┄┄┄┄┄┄┄┄┄┄┄┄

00:01 +7: /Users/mr42/code/flutter/tmp/filler/test/integration/app_flow_test.dart: App Flow Integration Tests preferences management flow                                                              
├┄┄┄┄┄┄┄┄┄┄┄┄┄┄┄┄┄┄┄┄┄┄┄┄┄┄┄┄┄┄┄┄┄┄┄┄┄┄┄┄┄┄┄┄┄┄┄┄┄┄┄┄┄┄┄┄┄┄┄┄┄┄┄┄┄┄┄┄┄┄┄┄┄┄┄┄┄┄┄┄┄┄┄┄┄┄┄┄┄┄┄┄┄┄┄┄┄┄┄┄┄┄┄┄┄┄┄┄┄┄┄┄┄┄┄┄┄┄┄
│ 07:38:47.942 (+0:00:00.199550)
├┄┄┄┄┄┄┄┄┄┄┄┄┄┄┄┄┄┄┄┄┄┄┄┄┄┄┄┄┄┄┄┄┄┄┄┄┄┄┄┄┄┄┄┄┄┄┄┄┄┄┄┄┄┄┄┄┄┄┄┄┄┄┄┄┄┄┄┄┄┄┄┄┄┄┄┄┄┄┄┄┄┄┄┄┄┄┄┄┄┄┄┄┄┄┄┄┄┄┄┄┄┄┄┄┄┄┄┄┄┄┄┄┄┄┄┄┄┄┄

00:01 +7: /Users/mr42/code/flutter/tmp/filler/test/integration/page_state_transitions_test.dart: BLoC State Transitions - All Pages Canvas BLoC - New Canvas State Transitions                         
│ 🐛 💾 Database: Setting preference value
└───────────────────────────────────────────────────────────────────────────────────────────────────────────────────────

00:01 +8: /Users/mr42/code/flutter/tmp/filler/test/integration/platform_specific_test.dart: Platform-Specific Database Integration Preferences Persistence Works Cross-Platform                        
00:01 +8: /Users/mr42/code/flutter/tmp/filler/test/integration/app_flow_test.dart: App Flow Integration Tests preferences management flow                                                              
│ 🐛 ⚙️ Preferences: Creating missing default preference
└───────────────────────────────────────────────────────────────────────────────────────────────────────────────────────
┌───────────────────────────────────────────────────────────────────────────────────────────────────────────────────────
│ {key: insets, value: 0, type: int}
├┄┄┄┄┄┄┄┄┄┄┄┄┄┄┄┄┄┄┄┄┄┄┄┄┄┄┄┄┄┄┄┄┄┄┄┄┄┄┄┄┄┄┄┄┄┄┄┄┄┄┄┄┄┄┄┄┄┄┄┄┄┄┄┄┄┄┄┄┄┄┄┄┄┄┄┄┄┄┄┄┄┄┄┄┄┄┄┄┄┄┄┄┄┄┄┄┄┄┄┄┄┄┄┄┄┄┄┄┄┄┄┄┄┄┄┄┄┄┄
│ #0   AppLogger.database (package:filler/core/logging.dart:49:13)
│ #1   AppDatabase.setPreferenceValue (package:filler/data/database.dart:301:15)
│ #2   PreferencesRepository._ensureDefaults (package:filler/domain/repositories.dart:524:19)
│ #3   <asynchronous suspension>
│ #4   PreferencesRepository.get (package:filler/domain/repositories.dart:454:7)
│ #5   <asynchronous suspension>
│ #6   main.<anonymous closure>.<anonymous closure> (file:///Users/mr42/code/flutter/tmp/filler/test/integration/app_flow_test.dart:57:28)
│ #7   <asynchronous suspension>

00:01 +8: /Users/mr42/code/flutter/tmp/filler/test/features/prefs/presentation/preferences_bloc_test.dart: PreferencesBloc Preference Setting Events updates color when ready                          
┌───────────────────────────────────────────────────────────────────────────────────────────────────────────────────────
│ #0   AppLogger.bloc (package:filler/core/logging.dart:44:13)

00:01 +8: /Users/mr42/code/flutter/tmp/filler/test/integration/app_flow_test.dart: App Flow Integration Tests preferences management flow                                                              
├┄┄┄┄┄┄┄┄┄┄┄┄┄┄┄┄┄┄┄┄┄┄┄┄┄┄┄┄┄┄┄┄┄┄┄┄┄┄┄┄┄┄┄┄┄┄┄┄┄┄┄┄┄┄┄┄┄┄┄┄┄┄┄┄┄┄┄┄┄┄┄┄┄┄┄┄┄┄┄┄┄┄┄┄┄┄┄┄┄┄┄┄┄┄┄┄┄┄┄┄┄┄┄┄┄┄┄┄┄┄┄┄┄┄┄┄┄┄┄

00:01 +8: /Users/mr42/code/flutter/tmp/filler/test/features/prefs/presentation/preferences_bloc_test.dart: PreferencesBloc Preference Setting Events updates color when ready                          
│ #1   new PreferencesBloc (package:filler/features/prefs/presentation/preferences_bloc.dart:77:15)

00:01 +8: /Users/mr42/code/flutter/tmp/filler/test/integration/app_flow_test.dart: App Flow Integration Tests preferences management flow                                                              
│ 07:38:47.945 (+0:00:00.202328)
├┄┄┄┄┄┄┄┄┄┄┄┄┄┄┄┄┄┄┄┄┄┄┄┄┄┄┄┄┄┄┄┄┄┄┄┄┄┄┄┄┄┄┄┄┄┄┄┄┄┄┄┄┄┄┄┄┄┄┄┄┄┄┄┄┄┄┄┄┄┄┄┄┄┄┄┄┄┄┄┄┄┄┄┄┄┄┄┄┄┄┄┄┄┄┄┄┄┄┄┄┄┄┄┄┄┄┄┄┄┄┄┄┄┄┄┄┄┄┄
│ 🐛 💾 Database: Setting preference value

00:01 +8: /Users/mr42/code/flutter/tmp/filler/test/features/prefs/presentation/preferences_bloc_test.dart: PreferencesBloc Preference Setting Events updates color when ready                          
├┄┄┄┄┄┄┄┄┄┄┄┄┄┄┄┄┄┄┄┄┄┄┄┄┄┄┄┄┄┄┄┄┄┄┄┄┄┄┄┄┄┄┄┄┄┄┄┄┄┄┄┄┄┄┄┄┄┄┄┄┄┄┄┄┄┄┄┄┄┄┄┄┄┄┄┄┄┄┄┄┄┄┄┄┄┄┄┄┄┄┄┄┄┄┄┄┄┄┄┄┄┄┄┄┄┄┄┄┄┄┄┄┄┄┄┄┄┄┄

00:01 +8: /Users/mr42/code/flutter/tmp/filler/test/integration/app_flow_test.dart: App Flow Integration Tests preferences management flow                                                              
└───────────────────────────────────────────────────────────────────────────────────────────────────────────────────────

00:01 +8: /Users/mr42/code/flutter/tmp/filler/test/features/prefs/presentation/preferences_bloc_test.dart: PreferencesBloc Preference Setting Events updates color when ready                          
│ 07:38:47.946 (+0:00:00.097694)
├┄┄┄┄┄┄┄┄┄┄┄┄┄┄┄┄┄┄┄┄┄┄┄┄┄┄┄┄┄┄┄┄┄┄┄┄┄┄┄┄┄┄┄┄┄┄┄┄┄┄┄┄┄┄┄┄┄┄┄┄┄┄┄┄┄┄┄┄┄┄┄┄┄┄┄┄┄┄┄┄┄┄┄┄┄┄┄┄┄┄┄┄┄┄┄┄┄┄┄┄┄┄┄┄┄┄┄┄┄┄┄┄┄┄┄┄┄┄┄
│ 🐛 🔄 BLoC[Preferences]: BLoC Created | null → initial
└───────────────────────────────────────────────────────────────────────────────────────────────────────────────────────

00:01 +8: /Users/mr42/code/flutter/tmp/filler/test/integration/app_flow_test.dart: App Flow Integration Tests preferences management flow                                                              
┌───────────────────────────────────────────────────────────────────────────────────────────────────────────────────────
│ {key: insets, value: 0}
├┄┄┄┄┄┄┄┄┄┄┄┄┄┄┄┄┄┄┄┄┄┄┄┄┄┄┄┄┄┄┄┄┄┄┄┄┄┄┄┄┄┄┄┄┄┄┄┄┄┄┄┄┄┄┄┄┄┄┄┄┄┄┄┄┄┄┄┄┄┄┄┄┄┄┄┄┄┄┄┄┄┄┄┄┄┄┄┄┄┄┄┄┄┄┄┄┄┄┄┄┄┄┄┄┄┄┄┄┄┄┄┄┄┄┄┄┄┄┄
│ #0   AppLogger.database (package:filler/core/logging.dart:49:13)
│ #1   AppDatabase.setPreferenceValue (package:filler/data/database.dart:337:17)
│ #2   <asynchronous suspension>
│ #3   PreferencesRepository._ensureDefaults (package:filler/domain/repositories.dart:524:9)
│ #4   <asynchronous suspension>
│ #5   PreferencesRepository.get (package:filler/domain/repositories.dart:454:7)
│ #6   <asynchronous suspension>
│ #7   main.<anonymous closure>.<anonymous closure> (file:///Users/mr42/code/flutter/tmp/filler/test/integration/app_flow_test.dart:57:28)
├┄┄┄┄┄┄┄┄┄┄┄┄┄┄┄┄┄┄┄┄┄┄┄┄┄┄┄┄┄┄┄┄┄┄┄┄┄┄┄┄┄┄┄┄┄┄┄┄┄┄┄┄┄┄┄┄┄┄┄┄┄┄┄┄┄┄┄┄┄┄┄┄┄┄┄┄┄┄┄┄┄┄┄┄┄┄┄┄┄┄┄┄┄┄┄┄┄┄┄┄┄┄┄┄┄┄┄┄┄┄┄┄┄┄┄┄┄┄┄
│ 07:38:47.947 (+0:00:00.204799)
├┄┄┄┄┄┄┄┄┄┄┄┄┄┄┄┄┄┄┄┄┄┄┄┄┄┄┄┄┄┄┄┄┄┄┄┄┄┄┄┄┄┄┄┄┄┄┄┄┄┄┄┄┄┄┄┄┄┄┄┄┄┄┄┄┄┄┄┄┄┄┄┄┄┄┄┄┄┄┄┄┄┄┄┄┄┄┄┄┄┄┄┄┄┄┄┄┄┄┄┄┄┄┄┄┄┄┄┄┄┄┄┄┄┄┄┄┄┄┄
│ 🐛 💾 Database: Preference value saved
└───────────────────────────────────────────────────────────────────────────────────────────────────────────────────────
┌───────────────────────────────────────────────────────────────────────────────────────────────────────────────────────
│ {key: defaultPattern, value: 1}
├┄┄┄┄┄┄┄┄┄┄┄┄┄┄┄┄┄┄┄┄┄┄┄┄┄┄┄┄┄┄┄┄┄┄┄┄┄┄┄┄┄┄┄┄┄┄┄┄┄┄┄┄┄┄┄┄┄┄┄┄┄┄┄┄┄┄┄┄┄┄┄┄┄┄┄┄┄┄┄┄┄┄┄┄┄┄┄┄┄┄┄┄┄┄┄┄┄┄┄┄┄┄┄┄┄┄┄┄┄┄┄┄┄┄┄┄┄┄┄
│ #0   AppLogger.preferences (package:filler/core/logging.dart:64:13)
│ #1   PreferencesRepository._ensureDefaults (package:filler/domain/repositories.dart:519:19)
│ #2   <asynchronous suspension>
│ #3   PreferencesRepository.get (package:filler/domain/repositories.dart:454:7)
│ #4   <asynchronous suspension>
│ #5   main.<anonymous closure>.<anonymous closure> (file:///Users/mr42/code/flutter/tmp/filler/test/integration/app_flow_test.dart:57:28)
│ #6   <asynchronous suspension>
│ #7   Declarer.test.<anonymous closure>.<anonymous closure> (package:test_api/src/backend/declarer.dart:242:9)
├┄┄┄┄┄┄┄┄┄┄┄┄┄┄┄┄┄┄┄┄┄┄┄┄┄┄┄┄┄┄┄┄┄┄┄┄┄┄┄┄┄┄┄┄┄┄┄┄┄┄┄┄┄┄┄┄┄┄┄┄┄┄┄┄┄┄┄┄┄┄┄┄┄┄┄┄┄┄┄┄┄┄┄┄┄┄┄┄┄┄┄┄┄┄┄┄┄┄┄┄┄┄┄┄┄┄┄┄┄┄┄┄┄┄┄┄┄┄┄
│ 07:38:47.949 (+0:00:00.206940)
├┄┄┄┄┄┄┄┄┄┄┄┄┄┄┄┄┄┄┄┄┄┄┄┄┄┄┄┄┄┄┄┄┄┄┄┄┄┄┄┄┄┄┄┄┄┄┄┄┄┄┄┄┄┄┄┄┄┄┄┄┄┄┄┄┄┄┄┄┄┄┄┄┄┄┄┄┄┄┄┄┄┄┄┄┄┄┄┄┄┄┄┄┄┄┄┄┄┄┄┄┄┄┄┄┄┄┄┄┄┄┄┄┄┄┄┄┄┄┄
│ 🐛 ⚙️ Preferences: Creating missing default preference

00:01 +9: /Users/mr42/code/flutter/tmp/filler/test/integration/platform_specific_test.dart: Platform-Specific Database Integration Preferences Persistence Works Cross-Platform                        
00:01 +9: /Users/mr42/code/flutter/tmp/filler/test/integration/app_flow_test.dart: App Flow Integration Tests preferences management flow                                                              
└───────────────────────────────────────────────────────────────────────────────────────────────────────────────────────
┌───────────────────────────────────────────────────────────────────────────────────────────────────────────────────────
│ {key: defaultPattern, value: 1, type: int}
├┄┄┄┄┄┄┄┄┄┄┄┄┄┄┄┄┄┄┄┄┄┄┄┄┄┄┄┄┄┄┄┄┄┄┄┄┄┄┄┄┄┄┄┄┄┄┄┄┄┄┄┄┄┄┄┄┄┄┄┄┄┄┄┄┄┄┄┄┄┄┄┄┄┄┄┄┄┄┄┄┄┄┄┄┄┄┄┄┄┄┄┄┄┄┄┄┄┄┄┄┄┄┄┄┄┄┄┄┄┄┄┄┄┄┄┄┄┄┄
│ #0   AppLogger.database (package:filler/core/logging.dart:49:13)
│ #1   AppDatabase.setPreferenceValue (package:filler/data/database.dart:301:15)
│ #2   PreferencesRepository._ensureDefaults (package:filler/domain/repositories.dart:524:19)
│ #3   <asynchronous suspension>
│ #4   PreferencesRepository.get (package:filler/domain/repositories.dart:454:7)
│ #5   <asynchronous suspension>
│ #6   main.<anonymous closure>.<anonymous closure> (file:///Users/mr42/code/flutter/tmp/filler/test/integration/app_flow_test.dart:57:28)
│ #7   <asynchronous suspension>
├┄┄┄┄┄┄┄┄┄┄┄┄┄┄┄┄┄┄┄┄┄┄┄┄┄┄┄┄┄┄┄┄┄┄┄┄┄┄┄┄┄┄┄┄┄┄┄┄┄┄┄┄┄┄┄┄┄┄┄┄┄┄┄┄┄┄┄┄┄┄┄┄┄┄┄┄┄┄┄┄┄┄┄┄┄┄┄┄┄┄┄┄┄┄┄┄┄┄┄┄┄┄┄┄┄┄┄┄┄┄┄┄┄┄┄┄┄┄┄
│ 07:38:47.952 (+0:00:00.209102)

00:01 +9: /Users/mr42/code/flutter/tmp/filler/test/features/prefs/presentation/preferences_bloc_test.dart: PreferencesBloc Preference Setting Events ignores updates when not ready                    
┌───────────────────────────────────────────────────────────────────────────────────────────────────────────────────────

00:01 +9: /Users/mr42/code/flutter/tmp/filler/test/integration/app_flow_test.dart: App Flow Integration Tests preferences management flow                                                              
├┄┄┄┄┄┄┄┄┄┄┄┄┄┄┄┄┄┄┄┄┄┄┄┄┄┄┄┄┄┄┄┄┄┄┄┄┄┄┄┄┄┄┄┄┄┄┄┄┄┄┄┄┄┄┄┄┄┄┄┄┄┄┄┄┄┄┄┄┄┄┄┄┄┄┄┄┄┄┄┄┄┄┄┄┄┄┄┄┄┄┄┄┄┄┄┄┄┄┄┄┄┄┄┄┄┄┄┄┄┄┄┄┄┄┄┄┄┄┄

00:01 +9: /Users/mr42/code/flutter/tmp/filler/test/features/prefs/presentation/preferences_bloc_test.dart: PreferencesBloc Preference Setting Events ignores updates when not ready                    
│ #0   AppLogger.bloc (package:filler/core/logging.dart:44:13)

00:01 +9: /Users/mr42/code/flutter/tmp/filler/test/integration/app_flow_test.dart: App Flow Integration Tests preferences management flow                                                              
│ 🐛 💾 Database: Setting preference value

00:01 +9: /Users/mr42/code/flutter/tmp/filler/test/features/prefs/presentation/preferences_bloc_test.dart: PreferencesBloc Preference Setting Events ignores updates when not ready                    
│ #1   new PreferencesBloc (package:filler/features/prefs/presentation/preferences_bloc.dart:77:15)

00:01 +9: /Users/mr42/code/flutter/tmp/filler/test/integration/app_flow_test.dart: App Flow Integration Tests preferences management flow                                                              
└───────────────────────────────────────────────────────────────────────────────────────────────────────────────────────

00:01 +9: /Users/mr42/code/flutter/tmp/filler/test/features/prefs/presentation/preferences_bloc_test.dart: PreferencesBloc Preference Setting Events ignores updates when not ready                    
├┄┄┄┄┄┄┄┄┄┄┄┄┄┄┄┄┄┄┄┄┄┄┄┄┄┄┄┄┄┄┄┄┄┄┄┄┄┄┄┄┄┄┄┄┄┄┄┄┄┄┄┄┄┄┄┄┄┄┄┄┄┄┄┄┄┄┄┄┄┄┄┄┄┄┄┄┄┄┄┄┄┄┄┄┄┄┄┄┄┄┄┄┄┄┄┄┄┄┄┄┄┄┄┄┄┄┄┄┄┄┄┄┄┄┄┄┄┄┄
│ 07:38:47.953 (+0:00:00.104492)
├┄┄┄┄┄┄┄┄┄┄┄┄┄┄┄┄┄┄┄┄┄┄┄┄┄┄┄┄┄┄┄┄┄┄┄┄┄┄┄┄┄┄┄┄┄┄┄┄┄┄┄┄┄┄┄┄┄┄┄┄┄┄┄┄┄┄┄┄┄┄┄┄┄┄┄┄┄┄┄┄┄┄┄┄┄┄┄┄┄┄┄┄┄┄┄┄┄┄┄┄┄┄┄┄┄┄┄┄┄┄┄┄┄┄┄┄┄┄┄
│ 🐛 🔄 BLoC[Preferences]: BLoC Created | null → initial
└───────────────────────────────────────────────────────────────────────────────────────────────────────────────────────

00:01 +9: /Users/mr42/code/flutter/tmp/filler/test/integration/app_flow_test.dart: App Flow Integration Tests preferences management flow                                                              
┌───────────────────────────────────────────────────────────────────────────────────────────────────────────────────────
│ {key: defaultPattern, value: 1}
├┄┄┄┄┄┄┄┄┄┄┄┄┄┄┄┄┄┄┄┄┄┄┄┄┄┄┄┄┄┄┄┄┄┄┄┄┄┄┄┄┄┄┄┄┄┄┄┄┄┄┄┄┄┄┄┄┄┄┄┄┄┄┄┄┄┄┄┄┄┄┄┄┄┄┄┄┄┄┄┄┄┄┄┄┄┄┄┄┄┄┄┄┄┄┄┄┄┄┄┄┄┄┄┄┄┄┄┄┄┄┄┄┄┄┄┄┄┄┄
│ #0   AppLogger.database (package:filler/core/logging.dart:49:13)
│ #1   AppDatabase.setPreferenceValue (package:filler/data/database.dart:337:17)
│ #2   <asynchronous suspension>
│ #3   PreferencesRepository._ensureDefaults (package:filler/domain/repositories.dart:524:9)
│ #4   <asynchronous suspension>
│ #5   PreferencesRepository.get (package:filler/domain/repositories.dart:454:7)
│ #6   <asynchronous suspension>
│ #7   main.<anonymous closure>.<anonymous closure> (file:///Users/mr42/code/flutter/tmp/filler/test/integration/app_flow_test.dart:57:28)
├┄┄┄┄┄┄┄┄┄┄┄┄┄┄┄┄┄┄┄┄┄┄┄┄┄┄┄┄┄┄┄┄┄┄┄┄┄┄┄┄┄┄┄┄┄┄┄┄┄┄┄┄┄┄┄┄┄┄┄┄┄┄┄┄┄┄┄┄┄┄┄┄┄┄┄┄┄┄┄┄┄┄┄┄┄┄┄┄┄┄┄┄┄┄┄┄┄┄┄┄┄┄┄┄┄┄┄┄┄┄┄┄┄┄┄┄┄┄┄
│ 07:38:47.954 (+0:00:00.211173)
├┄┄┄┄┄┄┄┄┄┄┄┄┄┄┄┄┄┄┄┄┄┄┄┄┄┄┄┄┄┄┄┄┄┄┄┄┄┄┄┄┄┄┄┄┄┄┄┄┄┄┄┄┄┄┄┄┄┄┄┄┄┄┄┄┄┄┄┄┄┄┄┄┄┄┄┄┄┄┄┄┄┄┄┄┄┄┄┄┄┄┄┄┄┄┄┄┄┄┄┄┄┄┄┄┄┄┄┄┄┄┄┄┄┄┄┄┄┄┄
│ 🐛 💾 Database: Preference value saved
└───────────────────────────────────────────────────────────────────────────────────────────────────────────────────────
┌───────────────────────────────────────────────────────────────────────────────────────────────────────────────────────
│ {key: themeMode, value: 2}

00:01 +9: /Users/mr42/code/flutter/tmp/filler/test/features/prefs/presentation/preferences_bloc_test.dart: PreferencesBloc Preference Setting Events ignores updates when not ready                    
┌───────────────────────────────────────────────────────────────────────────────────────────────────────────────────────
│ {newValue: 25, currentState: _$LoadingImpl}
├┄┄┄┄┄┄┄┄┄┄┄┄┄┄┄┄┄┄┄┄┄┄┄┄┄┄┄┄┄┄┄┄┄┄┄┄┄┄┄┄┄┄┄┄┄┄┄┄┄┄┄┄┄┄┄┄┄┄┄┄┄┄┄┄┄┄┄┄┄┄┄┄┄┄┄┄┄┄┄┄┄┄┄┄┄┄┄┄┄┄┄┄┄┄┄┄┄┄┄┄┄┄┄┄┄┄┄┄┄┄┄┄┄┄┄┄┄┄┄
│ #0   AppLogger.preferences (package:filler/core/logging.dart:64:13)
│ #1   new PreferencesBloc.<anonymous closure> (package:filler/features/prefs/presentation/preferences_bloc.dart:119:17)

00:01 +9: /Users/mr42/code/flutter/tmp/filler/test/integration/app_flow_test.dart: App Flow Integration Tests preferences management flow                                                              
├┄┄┄┄┄┄┄┄┄┄┄┄┄┄┄┄┄┄┄┄┄┄┄┄┄┄┄┄┄┄┄┄┄┄┄┄┄┄┄┄┄┄┄┄┄┄┄┄┄┄┄┄┄┄┄┄┄┄┄┄┄┄┄┄┄┄┄┄┄┄┄┄┄┄┄┄┄┄┄┄┄┄┄┄┄┄┄┄┄┄┄┄┄┄┄┄┄┄┄┄┄┄┄┄┄┄┄┄┄┄┄┄┄┄┄┄┄┄┄

00:01 +9: /Users/mr42/code/flutter/tmp/filler/test/features/prefs/presentation/preferences_bloc_test.dart: PreferencesBloc Preference Setting Events ignores updates when not ready                    
│ #2   Bloc.on.<anonymous closure>.handleEvent (package:bloc/src/bloc.dart:226:26)

00:01 +9: /Users/mr42/code/flutter/tmp/filler/test/integration/app_flow_test.dart: App Flow Integration Tests preferences management flow                                                              
│ #0   AppLogger.preferences (package:filler/core/logging.dart:64:13)
│ #1   PreferencesRepository._ensureDefaults (package:filler/domain/repositories.dart:519:19)
│ #2   <asynchronous suspension>

00:01 +9: /Users/mr42/code/flutter/tmp/filler/test/features/prefs/presentation/preferences_bloc_test.dart: PreferencesBloc Preference Setting Events ignores updates when not ready                    
│ #3   Bloc.on.<anonymous closure> (package:bloc/src/bloc.dart:235:9)
│ #4   _MapStream._handleData (dart:async/stream_pipe.dart:247:31)
│ #5   _ForwardingStreamSubscription._handleData (dart:async/stream_pipe.dart:184:13)
│ #6   StackZoneSpecification._registerUnaryCallback.<anonymous closure>.<anonymous closure> (package:stack_trace/src/stack_zone_specification.dart:127:36)
│ #7   StackZoneSpecification._run (package:stack_trace/src/stack_zone_specification.dart:207:15)

00:01 +9: /Users/mr42/code/flutter/tmp/filler/test/integration/app_flow_test.dart: App Flow Integration Tests preferences management flow                                                              
│ #3   PreferencesRepository.get (package:filler/domain/repositories.dart:454:7)
│ #4   <asynchronous suspension>
│ #5   main.<anonymous closure>.<anonymous closure> (file:///Users/mr42/code/flutter/tmp/filler/test/integration/app_flow_test.dart:57:28)
│ #6   <asynchronous suspension>
│ #7   Declarer.test.<anonymous closure>.<anonymous closure> (package:test_api/src/backend/declarer.dart:242:9)
├┄┄┄┄┄┄┄┄┄┄┄┄┄┄┄┄┄┄┄┄┄┄┄┄┄┄┄┄┄┄┄┄┄┄┄┄┄┄┄┄┄┄┄┄┄┄┄┄┄┄┄┄┄┄┄┄┄┄┄┄┄┄┄┄┄┄┄┄┄┄┄┄┄┄┄┄┄┄┄┄┄┄┄┄┄┄┄┄┄┄┄┄┄┄┄┄┄┄┄┄┄┄┄┄┄┄┄┄┄┄┄┄┄┄┄┄┄┄┄

00:01 +9: /Users/mr42/code/flutter/tmp/filler/test/features/prefs/presentation/preferences_bloc_test.dart: PreferencesBloc Preference Setting Events ignores updates when not ready                    
├┄┄┄┄┄┄┄┄┄┄┄┄┄┄┄┄┄┄┄┄┄┄┄┄┄┄┄┄┄┄┄┄┄┄┄┄┄┄┄┄┄┄┄┄┄┄┄┄┄┄┄┄┄┄┄┄┄┄┄┄┄┄┄┄┄┄┄┄┄┄┄┄┄┄┄┄┄┄┄┄┄┄┄┄┄┄┄┄┄┄┄┄┄┄┄┄┄┄┄┄┄┄┄┄┄┄┄┄┄┄┄┄┄┄┄┄┄┄┄
│ 07:38:47.955 (+0:00:00.106524)
├┄┄┄┄┄┄┄┄┄┄┄┄┄┄┄┄┄┄┄┄┄┄┄┄┄┄┄┄┄┄┄┄┄┄┄┄┄┄┄┄┄┄┄┄┄┄┄┄┄┄┄┄┄┄┄┄┄┄┄┄┄┄┄┄┄┄┄┄┄┄┄┄┄┄┄┄┄┄┄┄┄┄┄┄┄┄┄┄┄┄┄┄┄┄┄┄┄┄┄┄┄┄┄┄┄┄┄┄┄┄┄┄┄┄┄┄┄┄┄
│ 🐛 ⚙️ Preferences: Width change requested

00:01 +9: /Users/mr42/code/flutter/tmp/filler/test/integration/app_flow_test.dart: App Flow Integration Tests preferences management flow                                                              
│ 07:38:47.955 (+0:00:00.212585)
├┄┄┄┄┄┄┄┄┄┄┄┄┄┄┄┄┄┄┄┄┄┄┄┄┄┄┄┄┄┄┄┄┄┄┄┄┄┄┄┄┄┄┄┄┄┄┄┄┄┄┄┄┄┄┄┄┄┄┄┄┄┄┄┄┄┄┄┄┄┄┄┄┄┄┄┄┄┄┄┄┄┄┄┄┄┄┄┄┄┄┄┄┄┄┄┄┄┄┄┄┄┄┄┄┄┄┄┄┄┄┄┄┄┄┄┄┄┄┄
│ 🐛 ⚙️ Preferences: Creating missing default preference

00:01 +9: /Users/mr42/code/flutter/tmp/filler/test/features/prefs/presentation/preferences_bloc_test.dart: PreferencesBloc Preference Setting Events ignores updates when not ready                    
└───────────────────────────────────────────────────────────────────────────────────────────────────────────────────────

00:01 +9: /Users/mr42/code/flutter/tmp/filler/test/integration/app_flow_test.dart: App Flow Integration Tests preferences management flow                                                              
└───────────────────────────────────────────────────────────────────────────────────────────────────────────────────────
┌───────────────────────────────────────────────────────────────────────────────────────────────────────────────────────
│ {key: themeMode, value: 2, type: int}
├┄┄┄┄┄┄┄┄┄┄┄┄┄┄┄┄┄┄┄┄┄┄┄┄┄┄┄┄┄┄┄┄┄┄┄┄┄┄┄┄┄┄┄┄┄┄┄┄┄┄┄┄┄┄┄┄┄┄┄┄┄┄┄┄┄┄┄┄┄┄┄┄┄┄┄┄┄┄┄┄┄┄┄┄┄┄┄┄┄┄┄┄┄┄┄┄┄┄┄┄┄┄┄┄┄┄┄┄┄┄┄┄┄┄┄┄┄┄┄
│ #0   AppLogger.database (package:filler/core/logging.dart:49:13)
│ #1   AppDatabase.setPreferenceValue (package:filler/data/database.dart:301:15)
│ #2   PreferencesRepository._ensureDefaults (package:filler/domain/repositories.dart:524:19)
│ #3   <asynchronous suspension>
│ #4   PreferencesRepository.get (package:filler/domain/repositories.dart:454:7)

00:01 +9: /Users/mr42/code/flutter/tmp/filler/test/features/prefs/presentation/preferences_bloc_test.dart: PreferencesBloc Preference Setting Events ignores updates when not ready                    
[38;5;208m┌───────────────────────────────────────────────────────────────────────────────────────────────────────────────────────[0m

00:01 +9: /Users/mr42/code/flutter/tmp/filler/test/integration/app_flow_test.dart: App Flow Integration Tests preferences management flow                                                              
│ #5   <asynchronous suspension>
│ #6   main.<anonymous closure>.<anonymous closure> (file:///Users/mr42/code/flutter/tmp/filler/test/integration/app_flow_test.dart:57:28)
│ #7   <asynchronous suspension>

00:01 +9: /Users/mr42/code/flutter/tmp/filler/test/features/prefs/presentation/preferences_bloc_test.dart: PreferencesBloc Preference Setting Events ignores updates when not ready                    
[38;5;208m│ #0   AppLogger.warning (package:filler/core/logging.dart:122:13)[0m

00:01 +9: /Users/mr42/code/flutter/tmp/filler/test/integration/app_flow_test.dart: App Flow Integration Tests preferences management flow                                                              
├┄┄┄┄┄┄┄┄┄┄┄┄┄┄┄┄┄┄┄┄┄┄┄┄┄┄┄┄┄┄┄┄┄┄┄┄┄┄┄┄┄┄┄┄┄┄┄┄┄┄┄┄┄┄┄┄┄┄┄┄┄┄┄┄┄┄┄┄┄┄┄┄┄┄┄┄┄┄┄┄┄┄┄┄┄┄┄┄┄┄┄┄┄┄┄┄┄┄┄┄┄┄┄┄┄┄┄┄┄┄┄┄┄┄┄┄┄┄┄

00:01 +9: /Users/mr42/code/flutter/tmp/filler/test/features/prefs/presentation/preferences_bloc_test.dart: PreferencesBloc Preference Setting Events ignores updates when not ready                    
[38;5;208m│ #1   new PreferencesBloc.<anonymous closure>.<anonymous closure> (package:filler/features/prefs/presentation/preferences_bloc.dart:147:21)[0m

00:01 +9: /Users/mr42/code/flutter/tmp/filler/test/integration/app_flow_test.dart: App Flow Integration Tests preferences management flow                                                              
│ 07:38:47.957 (+0:00:00.214473)

00:01 +9: /Users/mr42/code/flutter/tmp/filler/test/features/prefs/presentation/preferences_bloc_test.dart: PreferencesBloc Preference Setting Events ignores updates when not ready                    
[38;5;208m├┄┄┄┄┄┄┄┄┄┄┄┄┄┄┄┄┄┄┄┄┄┄┄┄┄┄┄┄┄┄┄┄┄┄┄┄┄┄┄┄┄┄┄┄┄┄┄┄┄┄┄┄┄┄┄┄┄┄┄┄┄┄┄┄┄┄┄┄┄┄┄┄┄┄┄┄┄┄┄┄┄┄┄┄┄┄┄┄┄┄┄┄┄┄┄┄┄┄┄┄┄┄┄┄┄┄┄┄┄┄┄┄┄┄┄┄┄┄┄[0m

00:01 +9: /Users/mr42/code/flutter/tmp/filler/test/integration/app_flow_test.dart: App Flow Integration Tests preferences management flow                                                              
├┄┄┄┄┄┄┄┄┄┄┄┄┄┄┄┄┄┄┄┄┄┄┄┄┄┄┄┄┄┄┄┄┄┄┄┄┄┄┄┄┄┄┄┄┄┄┄┄┄┄┄┄┄┄┄┄┄┄┄┄┄┄┄┄┄┄┄┄┄┄┄┄┄┄┄┄┄┄┄┄┄┄┄┄┄┄┄┄┄┄┄┄┄┄┄┄┄┄┄┄┄┄┄┄┄┄┄┄┄┄┄┄┄┄┄┄┄┄┄

00:01 +9: /Users/mr42/code/flutter/tmp/filler/test/features/prefs/presentation/preferences_bloc_test.dart: PreferencesBloc Preference Setting Events ignores updates when not ready                    
[38;5;208m│ 07:38:47.957 (+0:00:00.109166)[0m

00:01 +9: /Users/mr42/code/flutter/tmp/filler/test/integration/app_flow_test.dart: App Flow Integration Tests preferences management flow                                                              
│ 🐛 💾 Database: Setting preference value

00:01 +9: /Users/mr42/code/flutter/tmp/filler/test/features/prefs/presentation/preferences_bloc_test.dart: PreferencesBloc Preference Setting Events ignores updates when not ready                    
[38;5;208m├┄┄┄┄┄┄┄┄┄┄┄┄┄┄┄┄┄┄┄┄┄┄┄┄┄┄┄┄┄┄┄┄┄┄┄┄┄┄┄┄┄┄┄┄┄┄┄┄┄┄┄┄┄┄┄┄┄┄┄┄┄┄┄┄┄┄┄┄┄┄┄┄┄┄┄┄┄┄┄┄┄┄┄┄┄┄┄┄┄┄┄┄┄┄┄┄┄┄┄┄┄┄┄┄┄┄┄┄┄┄┄┄┄┄┄┄┄┄┄[0m

00:01 +9: /Users/mr42/code/flutter/tmp/filler/test/integration/app_flow_test.dart: App Flow Integration Tests preferences management flow                                                              
└───────────────────────────────────────────────────────────────────────────────────────────────────────────────────────

00:01 +9: /Users/mr42/code/flutter/tmp/filler/test/features/prefs/presentation/preferences_bloc_test.dart: PreferencesBloc Preference Setting Events ignores updates when not ready                    
[38;5;208m│ ⚠️ ⚠️ Warning: SetWidth called but preferences not ready[0m
[38;5;208m└───────────────────────────────────────────────────────────────────────────────────────────────────────────────────────[0m

00:01 +9: /Users/mr42/code/flutter/tmp/filler/test/integration/app_flow_test.dart: App Flow Integration Tests preferences management flow                                                              
┌───────────────────────────────────────────────────────────────────────────────────────────────────────────────────────
│ {key: themeMode, value: 2}
├┄┄┄┄┄┄┄┄┄┄┄┄┄┄┄┄┄┄┄┄┄┄┄┄┄┄┄┄┄┄┄┄┄┄┄┄┄┄┄┄┄┄┄┄┄┄┄┄┄┄┄┄┄┄┄┄┄┄┄┄┄┄┄┄┄┄┄┄┄┄┄┄┄┄┄┄┄┄┄┄┄┄┄┄┄┄┄┄┄┄┄┄┄┄┄┄┄┄┄┄┄┄┄┄┄┄┄┄┄┄┄┄┄┄┄┄┄┄┄
│ #0   AppLogger.database (package:filler/core/logging.dart:49:13)
│ #1   AppDatabase.setPreferenceValue (package:filler/data/database.dart:337:17)
│ #2   <asynchronous suspension>

00:01 +10: /Users/mr42/code/flutter/tmp/filler/test/integration/platform_specific_test.dart: Platform-Specific Database Integration Preferences Persistence Works Cross-Platform                       
00:01 +10: /Users/mr42/code/flutter/tmp/filler/test/integration/app_flow_test.dart: App Flow Integration Tests preferences management flow                                                             
│ #3   PreferencesRepository._ensureDefaults (package:filler/domain/repositories.dart:524:9)
│ #4   <asynchronous suspension>
│ #5   PreferencesRepository.get (package:filler/domain/repositories.dart:454:7)
│ #6   <asynchronous suspension>
│ #7   main.<anonymous closure>.<anonymous closure> (file:///Users/mr42/code/flutter/tmp/filler/test/integration/app_flow_test.dart:57:28)
├┄┄┄┄┄┄┄┄┄┄┄┄┄┄┄┄┄┄┄┄┄┄┄┄┄┄┄┄┄┄┄┄┄┄┄┄┄┄┄┄┄┄┄┄┄┄┄┄┄┄┄┄┄┄┄┄┄┄┄┄┄┄┄┄┄┄┄┄┄┄┄┄┄┄┄┄┄┄┄┄┄┄┄┄┄┄┄┄┄┄┄┄┄┄┄┄┄┄┄┄┄┄┄┄┄┄┄┄┄┄┄┄┄┄┄┄┄┄┄
│ 07:38:47.959 (+0:00:00.216518)

00:01 +10: /Users/mr42/code/flutter/tmp/filler/test/integration/page_state_transitions_test.dart: BLoC State Transitions - All Pages Canvas BLoC - New Canvas State Transitions                        
┌───────────────────────────────────────────────────────────────────────────────────────────────────────────────────────
│ {key: width, value: 10}
├┄┄┄┄┄┄┄┄┄┄┄┄┄┄┄┄┄┄┄┄┄┄┄┄┄┄┄┄┄┄┄┄┄┄┄┄┄┄┄┄┄┄┄┄┄┄┄┄┄┄┄┄┄┄┄┄┄┄┄┄┄┄┄┄┄┄┄┄┄┄┄┄┄┄┄┄┄┄┄┄┄┄┄┄┄┄┄┄┄┄┄┄┄┄┄┄┄┄┄┄┄┄┄┄┄┄┄┄┄┄┄┄┄┄┄┄┄┄┄

00:01 +10: /Users/mr42/code/flutter/tmp/filler/test/integration/app_flow_test.dart: App Flow Integration Tests preferences management flow                                                             
├┄┄┄┄┄┄┄┄┄┄┄┄┄┄┄┄┄┄┄┄┄┄┄┄┄┄┄┄┄┄┄┄┄┄┄┄┄┄┄┄┄┄┄┄┄┄┄┄┄┄┄┄┄┄┄┄┄┄┄┄┄┄┄┄┄┄┄┄┄┄┄┄┄┄┄┄┄┄┄┄┄┄┄┄┄┄┄┄┄┄┄┄┄┄┄┄┄┄┄┄┄┄┄┄┄┄┄┄┄┄┄┄┄┄┄┄┄┄┄
│ 🐛 💾 Database: Preference value saved
└───────────────────────────────────────────────────────────────────────────────────────────────────────────────────────

00:01 +10: /Users/mr42/code/flutter/tmp/filler/test/integration/page_state_transitions_test.dart: BLoC State Transitions - All Pages Canvas BLoC - New Canvas State Transitions                        
│ #0   AppLogger.database (package:filler/core/logging.dart:49:13)
│ #1   AppDatabase.setPreferenceValue (package:filler/data/database.dart:337:17)
│ #2   <asynchronous suspension>
│ #3   PreferencesRepository._ensureDefaults (package:filler/domain/repositories.dart:524:9)
│ #4   <asynchronous suspension>
│ #5   PreferencesRepository.get (package:filler/domain/repositories.dart:454:7)

00:01 +10: /Users/mr42/code/flutter/tmp/filler/test/integration/app_flow_test.dart: App Flow Integration Tests preferences management flow                                                             
┌───────────────────────────────────────────────────────────────────────────────────────────────────────────────────────

00:01 +10: /Users/mr42/code/flutter/tmp/filler/test/integration/page_state_transitions_test.dart: BLoC State Transitions - All Pages Canvas BLoC - New Canvas State Transitions                        
│ #6   <asynchronous suspension>

00:01 +10: /Users/mr42/code/flutter/tmp/filler/test/integration/app_flow_test.dart: App Flow Integration Tests preferences management flow                                                             
│ {width: 10, height: 10, insets: 0, defaultPattern: 1, themeMode: 2, fetchTime: 9ms, keysFromDb: 0}
├┄┄┄┄┄┄┄┄┄┄┄┄┄┄┄┄┄┄┄┄┄┄┄┄┄┄┄┄┄┄┄┄┄┄┄┄┄┄┄┄┄┄┄┄┄┄┄┄┄┄┄┄┄┄┄┄┄┄┄┄┄┄┄┄┄┄┄┄┄┄┄┄┄┄┄┄┄┄┄┄┄┄┄┄┄┄┄┄┄┄┄┄┄┄┄┄┄┄┄┄┄┄┄┄┄┄┄┄┄┄┄┄┄┄┄┄┄┄┄

00:01 +10: /Users/mr42/code/flutter/tmp/filler/test/integration/page_state_transitions_test.dart: BLoC State Transitions - All Pages Canvas BLoC - New Canvas State Transitions                        
│ #7   new CanvasBloc.<anonymous closure> (package:filler/features/canvas/presentation/canvas_bloc.dart:113:19)

00:01 +10: /Users/mr42/code/flutter/tmp/filler/test/features/prefs/presentation/preferences_bloc_test.dart: PreferencesBloc PreferencesEvent.save saves preferences when ready                         
┌───────────────────────────────────────────────────────────────────────────────────────────────────────────────────────

00:01 +10: /Users/mr42/code/flutter/tmp/filler/test/integration/page_state_transitions_test.dart: BLoC State Transitions - All Pages Canvas BLoC - New Canvas State Transitions                        
├┄┄┄┄┄┄┄┄┄┄┄┄┄┄┄┄┄┄┄┄┄┄┄┄┄┄┄┄┄┄┄┄┄┄┄┄┄┄┄┄┄┄┄┄┄┄┄┄┄┄┄┄┄┄┄┄┄┄┄┄┄┄┄┄┄┄┄┄┄┄┄┄┄┄┄┄┄┄┄┄┄┄┄┄┄┄┄┄┄┄┄┄┄┄┄┄┄┄┄┄┄┄┄┄┄┄┄┄┄┄┄┄┄┄┄┄┄┄┄

00:01 +10: /Users/mr42/code/flutter/tmp/filler/test/integration/app_flow_test.dart: App Flow Integration Tests preferences management flow                                                             
│ #0   AppLogger.preferences (package:filler/core/logging.dart:64:13)

00:01 +10: /Users/mr42/code/flutter/tmp/filler/test/features/prefs/presentation/preferences_bloc_test.dart: PreferencesBloc PreferencesEvent.save saves preferences when ready                         
│ #0   AppLogger.bloc (package:filler/core/logging.dart:44:13)

00:01 +10: /Users/mr42/code/flutter/tmp/filler/test/integration/app_flow_test.dart: App Flow Integration Tests preferences management flow                                                             
│ #1   PreferencesRepository.get (package:filler/domain/repositories.dart:464:17)

00:01 +10: /Users/mr42/code/flutter/tmp/filler/test/features/prefs/presentation/preferences_bloc_test.dart: PreferencesBloc PreferencesEvent.save saves preferences when ready                         
│ #1   new PreferencesBloc (package:filler/features/prefs/presentation/preferences_bloc.dart:77:15)

00:01 +10: /Users/mr42/code/flutter/tmp/filler/test/integration/page_state_transitions_test.dart: BLoC State Transitions - All Pages Canvas BLoC - New Canvas State Transitions                        
│ 07:38:47.960 (+0:00:00.156097)

00:01 +10: /Users/mr42/code/flutter/tmp/filler/test/features/prefs/presentation/preferences_bloc_test.dart: PreferencesBloc PreferencesEvent.save saves preferences when ready                         
├┄┄┄┄┄┄┄┄┄┄┄┄┄┄┄┄┄┄┄┄┄┄┄┄┄┄┄┄┄┄┄┄┄┄┄┄┄┄┄┄┄┄┄┄┄┄┄┄┄┄┄┄┄┄┄┄┄┄┄┄┄┄┄┄┄┄┄┄┄┄┄┄┄┄┄┄┄┄┄┄┄┄┄┄┄┄┄┄┄┄┄┄┄┄┄┄┄┄┄┄┄┄┄┄┄┄┄┄┄┄┄┄┄┄┄┄┄┄┄

00:01 +10: /Users/mr42/code/flutter/tmp/filler/test/integration/app_flow_test.dart: App Flow Integration Tests preferences management flow                                                             
│ #2   <asynchronous suspension>

00:01 +10: /Users/mr42/code/flutter/tmp/filler/test/integration/page_state_transitions_test.dart: BLoC State Transitions - All Pages Canvas BLoC - New Canvas State Transitions                        
├┄┄┄┄┄┄┄┄┄┄┄┄┄┄┄┄┄┄┄┄┄┄┄┄┄┄┄┄┄┄┄┄┄┄┄┄┄┄┄┄┄┄┄┄┄┄┄┄┄┄┄┄┄┄┄┄┄┄┄┄┄┄┄┄┄┄┄┄┄┄┄┄┄┄┄┄┄┄┄┄┄┄┄┄┄┄┄┄┄┄┄┄┄┄┄┄┄┄┄┄┄┄┄┄┄┄┄┄┄┄┄┄┄┄┄┄┄┄┄

00:01 +10: /Users/mr42/code/flutter/tmp/filler/test/features/prefs/presentation/preferences_bloc_test.dart: PreferencesBloc PreferencesEvent.save saves preferences when ready                         
│ 07:38:47.961 (+0:00:00.112885)

00:01 +10: /Users/mr42/code/flutter/tmp/filler/test/integration/page_state_transitions_test.dart: BLoC State Transitions - All Pages Canvas BLoC - New Canvas State Transitions                        
│ 🐛 💾 Database: Preference value saved

00:01 +10: /Users/mr42/code/flutter/tmp/filler/test/integration/app_flow_test.dart: App Flow Integration Tests preferences management flow                                                             
│ #3   main.<anonymous closure>.<anonymous closure> (file:///Users/mr42/code/flutter/tmp/filler/test/integration/app_flow_test.dart:57:28)
│ #4   <asynchronous suspension>
│ #5   Declarer.test.<anonymous closure>.<anonymous closure> (package:test_api/src/backend/declarer.dart:242:9)

00:01 +10: /Users/mr42/code/flutter/tmp/filler/test/features/prefs/presentation/preferences_bloc_test.dart: PreferencesBloc PreferencesEvent.save saves preferences when ready                         
├┄┄┄┄┄┄┄┄┄┄┄┄┄┄┄┄┄┄┄┄┄┄┄┄┄┄┄┄┄┄┄┄┄┄┄┄┄┄┄┄┄┄┄┄┄┄┄┄┄┄┄┄┄┄┄┄┄┄┄┄┄┄┄┄┄┄┄┄┄┄┄┄┄┄┄┄┄┄┄┄┄┄┄┄┄┄┄┄┄┄┄┄┄┄┄┄┄┄┄┄┄┄┄┄┄┄┄┄┄┄┄┄┄┄┄┄┄┄┄

00:01 +10: /Users/mr42/code/flutter/tmp/filler/test/integration/app_flow_test.dart: App Flow Integration Tests preferences management flow                                                             
│ #6   <asynchronous suspension>

00:01 +10: /Users/mr42/code/flutter/tmp/filler/test/integration/page_state_transitions_test.dart: BLoC State Transitions - All Pages Canvas BLoC - New Canvas State Transitions                        
└───────────────────────────────────────────────────────────────────────────────────────────────────────────────────────

00:01 +10: /Users/mr42/code/flutter/tmp/filler/test/features/prefs/presentation/preferences_bloc_test.dart: PreferencesBloc PreferencesEvent.save saves preferences when ready                         
│ 🐛 🔄 BLoC[Preferences]: BLoC Created | null → initial
└───────────────────────────────────────────────────────────────────────────────────────────────────────────────────────

00:01 +10: /Users/mr42/code/flutter/tmp/filler/test/integration/app_flow_test.dart: App Flow Integration Tests preferences management flow                                                             
│ #7   Declarer.test.<anonymous closure> (package:test_api/src/backend/declarer.dart:240:7)
├┄┄┄┄┄┄┄┄┄┄┄┄┄┄┄┄┄┄┄┄┄┄┄┄┄┄┄┄┄┄┄┄┄┄┄┄┄┄┄┄┄┄┄┄┄┄┄┄┄┄┄┄┄┄┄┄┄┄┄┄┄┄┄┄┄┄┄┄┄┄┄┄┄┄┄┄┄┄┄┄┄┄┄┄┄┄┄┄┄┄┄┄┄┄┄┄┄┄┄┄┄┄┄┄┄┄┄┄┄┄┄┄┄┄┄┄┄┄┄
│ 07:38:47.961 (+0:00:00.218219)
├┄┄┄┄┄┄┄┄┄┄┄┄┄┄┄┄┄┄┄┄┄┄┄┄┄┄┄┄┄┄┄┄┄┄┄┄┄┄┄┄┄┄┄┄┄┄┄┄┄┄┄┄┄┄┄┄┄┄┄┄┄┄┄┄┄┄┄┄┄┄┄┄┄┄┄┄┄┄┄┄┄┄┄┄┄┄┄┄┄┄┄┄┄┄┄┄┄┄┄┄┄┄┄┄┄┄┄┄┄┄┄┄┄┄┄┄┄┄┄

00:01 +10: /Users/mr42/code/flutter/tmp/filler/test/integration/page_state_transitions_test.dart: BLoC State Transitions - All Pages Canvas BLoC - New Canvas State Transitions                        
┌───────────────────────────────────────────────────────────────────────────────────────────────────────────────────────
│ {key: height, value: 10}
├┄┄┄┄┄┄┄┄┄┄┄┄┄┄┄┄┄┄┄┄┄┄┄┄┄┄┄┄┄┄┄┄┄┄┄┄┄┄┄┄┄┄┄┄┄┄┄┄┄┄┄┄┄┄┄┄┄┄┄┄┄┄┄┄┄┄┄┄┄┄┄┄┄┄┄┄┄┄┄┄┄┄┄┄┄┄┄┄┄┄┄┄┄┄┄┄┄┄┄┄┄┄┄┄┄┄┄┄┄┄┄┄┄┄┄┄┄┄┄
│ #0   AppLogger.preferences (package:filler/core/logging.dart:64:13)
│ #1   PreferencesRepository._ensureDefaults (package:filler/domain/repositories.dart:519:19)
│ #2   <asynchronous suspension>
│ #3   PreferencesRepository.get (package:filler/domain/repositories.dart:454:7)
│ #4   <asynchronous suspension>
│ #5   new CanvasBloc.<anonymous closure> (package:filler/features/canvas/presentation/canvas_bloc.dart:113:19)
│ #6   <asynchronous suspension>
│ #7   Bloc.on.<anonymous closure>.handleEvent (package:bloc/src/bloc.dart:226:13)
├┄┄┄┄┄┄┄┄┄┄┄┄┄┄┄┄┄┄┄┄┄┄┄┄┄┄┄┄┄┄┄┄┄┄┄┄┄┄┄┄┄┄┄┄┄┄┄┄┄┄┄┄┄┄┄┄┄┄┄┄┄┄┄┄┄┄┄┄┄┄┄┄┄┄┄┄┄┄┄┄┄┄┄┄┄┄┄┄┄┄┄┄┄┄┄┄┄┄┄┄┄┄┄┄┄┄┄┄┄┄┄┄┄┄┄┄┄┄┄
│ 07:38:47.962 (+0:00:00.158324)
├┄┄┄┄┄┄┄┄┄┄┄┄┄┄┄┄┄┄┄┄┄┄┄┄┄┄┄┄┄┄┄┄┄┄┄┄┄┄┄┄┄┄┄┄┄┄┄┄┄┄┄┄┄┄┄┄┄┄┄┄┄┄┄┄┄┄┄┄┄┄┄┄┄┄┄┄┄┄┄┄┄┄┄┄┄┄┄┄┄┄┄┄┄┄┄┄┄┄┄┄┄┄┄┄┄┄┄┄┄┄┄┄┄┄┄┄┄┄┄

00:01 +10: /Users/mr42/code/flutter/tmp/filler/test/integration/app_flow_test.dart: App Flow Integration Tests preferences management flow                                                             
│ 🐛 ⚙️ Preferences: Constructed preferences model
└───────────────────────────────────────────────────────────────────────────────────────────────────────────────────────

00:01 +10: /Users/mr42/code/flutter/tmp/filler/test/integration/page_state_transitions_test.dart: BLoC State Transitions - All Pages Canvas BLoC - New Canvas State Transitions                        
│ 🐛 ⚙️ Preferences: Creating missing default preference
└───────────────────────────────────────────────────────────────────────────────────────────────────────────────────────
┌───────────────────────────────────────────────────────────────────────────────────────────────────────────────────────
│ {key: height, value: 10, type: int}
├┄┄┄┄┄┄┄┄┄┄┄┄┄┄┄┄┄┄┄┄┄┄┄┄┄┄┄┄┄┄┄┄┄┄┄┄┄┄┄┄┄┄┄┄┄┄┄┄┄┄┄┄┄┄┄┄┄┄┄┄┄┄┄┄┄┄┄┄┄┄┄┄┄┄┄┄┄┄┄┄┄┄┄┄┄┄┄┄┄┄┄┄┄┄┄┄┄┄┄┄┄┄┄┄┄┄┄┄┄┄┄┄┄┄┄┄┄┄┄

00:01 +10: /Users/mr42/code/flutter/tmp/filler/test/integration/app_flow_test.dart: App Flow Integration Tests preferences management flow                                                             
┌───────────────────────────────────────────────────────────────────────────────────────────────────────────────────────

00:01 +10: /Users/mr42/code/flutter/tmp/filler/test/integration/page_state_transitions_test.dart: BLoC State Transitions - All Pages Canvas BLoC - New Canvas State Transitions                        
│ #0   AppLogger.database (package:filler/core/logging.dart:49:13)
│ #1   AppDatabase.setPreferenceValue (package:filler/data/database.dart:301:15)
│ #2   PreferencesRepository._ensureDefaults (package:filler/domain/repositories.dart:524:19)

00:01 +10: /Users/mr42/code/flutter/tmp/filler/test/integration/app_flow_test.dart: App Flow Integration Tests preferences management flow                                                             
│ {width: 15, height: 12, insets: 2, defaultPattern: 1, themeMode: 2}
├┄┄┄┄┄┄┄┄┄┄┄┄┄┄┄┄┄┄┄┄┄┄┄┄┄┄┄┄┄┄┄┄┄┄┄┄┄┄┄┄┄┄┄┄┄┄┄┄┄┄┄┄┄┄┄┄┄┄┄┄┄┄┄┄┄┄┄┄┄┄┄┄┄┄┄┄┄┄┄┄┄┄┄┄┄┄┄┄┄┄┄┄┄┄┄┄┄┄┄┄┄┄┄┄┄┄┄┄┄┄┄┄┄┄┄┄┄┄┄
│ #0   AppLogger.preferences (package:filler/core/logging.dart:64:13)
│ #1   PreferencesRepository.save (package:filler/domain/repositories.dart:541:15)

00:01 +10: /Users/mr42/code/flutter/tmp/filler/test/integration/page_state_transitions_test.dart: BLoC State Transitions - All Pages Canvas BLoC - New Canvas State Transitions                        
│ #3   <asynchronous suspension>
│ #4   PreferencesRepository.get (package:filler/domain/repositories.dart:454:7)

00:01 +10: /Users/mr42/code/flutter/tmp/filler/test/integration/app_flow_test.dart: App Flow Integration Tests preferences management flow                                                             
│ #2   main.<anonymous closure>.<anonymous closure> (file:///Users/mr42/code/flutter/tmp/filler/test/integration/app_flow_test.dart:64:23)

00:01 +10: /Users/mr42/code/flutter/tmp/filler/test/integration/page_state_transitions_test.dart: BLoC State Transitions - All Pages Canvas BLoC - New Canvas State Transitions                        
│ #5   <asynchronous suspension>
│ #6   new CanvasBloc.<anonymous closure> (package:filler/features/canvas/presentation/canvas_bloc.dart:113:19)
│ #7   <asynchronous suspension>
├┄┄┄┄┄┄┄┄┄┄┄┄┄┄┄┄┄┄┄┄┄┄┄┄┄┄┄┄┄┄┄┄┄┄┄┄┄┄┄┄┄┄┄┄┄┄┄┄┄┄┄┄┄┄┄┄┄┄┄┄┄┄┄┄┄┄┄┄┄┄┄┄┄┄┄┄┄┄┄┄┄┄┄┄┄┄┄┄┄┄┄┄┄┄┄┄┄┄┄┄┄┄┄┄┄┄┄┄┄┄┄┄┄┄┄┄┄┄┄
│ 07:38:47.964 (+0:00:00.160005)

00:01 +10: /Users/mr42/code/flutter/tmp/filler/test/integration/app_flow_test.dart: App Flow Integration Tests preferences management flow                                                             
│ #3   <asynchronous suspension>
│ #4   Declarer.test.<anonymous closure>.<anonymous closure> (package:test_api/src/backend/declarer.dart:242:9)
│ #5   <asynchronous suspension>
│ #6   Declarer.test.<anonymous closure> (package:test_api/src/backend/declarer.dart:240:7)
│ #7   <asynchronous suspension>
├┄┄┄┄┄┄┄┄┄┄┄┄┄┄┄┄┄┄┄┄┄┄┄┄┄┄┄┄┄┄┄┄┄┄┄┄┄┄┄┄┄┄┄┄┄┄┄┄┄┄┄┄┄┄┄┄┄┄┄┄┄┄┄┄┄┄┄┄┄┄┄┄┄┄┄┄┄┄┄┄┄┄┄┄┄┄┄┄┄┄┄┄┄┄┄┄┄┄┄┄┄┄┄┄┄┄┄┄┄┄┄┄┄┄┄┄┄┄┄
│ 07:38:47.964 (+0:00:00.221421)
├┄┄┄┄┄┄┄┄┄┄┄┄┄┄┄┄┄┄┄┄┄┄┄┄┄┄┄┄┄┄┄┄┄┄┄┄┄┄┄┄┄┄┄┄┄┄┄┄┄┄┄┄┄┄┄┄┄┄┄┄┄┄┄┄┄┄┄┄┄┄┄┄┄┄┄┄┄┄┄┄┄┄┄┄┄┄┄┄┄┄┄┄┄┄┄┄┄┄┄┄┄┄┄┄┄┄┄┄┄┄┄┄┄┄┄┄┄┄┄

00:01 +10: /Users/mr42/code/flutter/tmp/filler/test/integration/page_state_transitions_test.dart: BLoC State Transitions - All Pages Canvas BLoC - New Canvas State Transitions                        
├┄┄┄┄┄┄┄┄┄┄┄┄┄┄┄┄┄┄┄┄┄┄┄┄┄┄┄┄┄┄┄┄┄┄┄┄┄┄┄┄┄┄┄┄┄┄┄┄┄┄┄┄┄┄┄┄┄┄┄┄┄┄┄┄┄┄┄┄┄┄┄┄┄┄┄┄┄┄┄┄┄┄┄┄┄┄┄┄┄┄┄┄┄┄┄┄┄┄┄┄┄┄┄┄┄┄┄┄┄┄┄┄┄┄┄┄┄┄┄
│ 🐛 💾 Database: Setting preference value
└───────────────────────────────────────────────────────────────────────────────────────────────────────────────────────

00:01 +10: /Users/mr42/code/flutter/tmp/filler/test/integration/app_flow_test.dart: App Flow Integration Tests preferences management flow                                                             
│ 🐛 ⚙️ Preferences: Saving preferences to key-value store
└───────────────────────────────────────────────────────────────────────────────────────────────────────────────────────
┌───────────────────────────────────────────────────────────────────────────────────────────────────────────────────────
│ {key: width, value: 15, type: int}
├┄┄┄┄┄┄┄┄┄┄┄┄┄┄┄┄┄┄┄┄┄┄┄┄┄┄┄┄┄┄┄┄┄┄┄┄┄┄┄┄┄┄┄┄┄┄┄┄┄┄┄┄┄┄┄┄┄┄┄┄┄┄┄┄┄┄┄┄┄┄┄┄┄┄┄┄┄┄┄┄┄┄┄┄┄┄┄┄┄┄┄┄┄┄┄┄┄┄┄┄┄┄┄┄┄┄┄┄┄┄┄┄┄┄┄┄┄┄┄
│ #0   AppLogger.database (package:filler/core/logging.dart:49:13)
│ #1   AppDatabase.setPreferenceValue (package:filler/data/database.dart:301:15)

00:01 +10: /Users/mr42/code/flutter/tmp/filler/test/integration/page_state_transitions_test.dart: BLoC State Transitions - All Pages Canvas BLoC - New Canvas State Transitions                        
┌───────────────────────────────────────────────────────────────────────────────────────────────────────────────────────
│ {key: height, value: 10}
├┄┄┄┄┄┄┄┄┄┄┄┄┄┄┄┄┄┄┄┄┄┄┄┄┄┄┄┄┄┄┄┄┄┄┄┄┄┄┄┄┄┄┄┄┄┄┄┄┄┄┄┄┄┄┄┄┄┄┄┄┄┄┄┄┄┄┄┄┄┄┄┄┄┄┄┄┄┄┄┄┄┄┄┄┄┄┄┄┄┄┄┄┄┄┄┄┄┄┄┄┄┄┄┄┄┄┄┄┄┄┄┄┄┄┄┄┄┄┄

00:01 +10: /Users/mr42/code/flutter/tmp/filler/test/integration/app_flow_test.dart: App Flow Integration Tests preferences management flow                                                             
│ #2   PreferencesRepository.save (package:filler/domain/repositories.dart:557:13)

00:01 +10: /Users/mr42/code/flutter/tmp/filler/test/integration/page_state_transitions_test.dart: BLoC State Transitions - All Pages Canvas BLoC - New Canvas State Transitions                        
│ #0   AppLogger.database (package:filler/core/logging.dart:49:13)

00:01 +10: /Users/mr42/code/flutter/tmp/filler/test/integration/app_flow_test.dart: App Flow Integration Tests preferences management flow                                                             
│ #3   main.<anonymous closure>.<anonymous closure> (file:///Users/mr42/code/flutter/tmp/filler/test/integration/app_flow_test.dart:64:23)
│ #4   <asynchronous suspension>
│ #5   Declarer.test.<anonymous closure>.<anonymous closure> (package:test_api/src/backend/declarer.dart:242:9)
│ #6   <asynchronous suspension>
│ #7   Declarer.test.<anonymous closure> (package:test_api/src/backend/declarer.dart:240:7)

00:01 +10: /Users/mr42/code/flutter/tmp/filler/test/integration/page_state_transitions_test.dart: BLoC State Transitions - All Pages Canvas BLoC - New Canvas State Transitions                        
│ #1   AppDatabase.setPreferenceValue (package:filler/data/database.dart:337:17)
│ #2   <asynchronous suspension>
│ #3   PreferencesRepository._ensureDefaults (package:filler/domain/repositories.dart:524:9)
│ #4   <asynchronous suspension>
│ #5   PreferencesRepository.get (package:filler/domain/repositories.dart:454:7)
│ #6   <asynchronous suspension>

00:01 +10: /Users/mr42/code/flutter/tmp/filler/test/integration/app_flow_test.dart: App Flow Integration Tests preferences management flow                                                             
├┄┄┄┄┄┄┄┄┄┄┄┄┄┄┄┄┄┄┄┄┄┄┄┄┄┄┄┄┄┄┄┄┄┄┄┄┄┄┄┄┄┄┄┄┄┄┄┄┄┄┄┄┄┄┄┄┄┄┄┄┄┄┄┄┄┄┄┄┄┄┄┄┄┄┄┄┄┄┄┄┄┄┄┄┄┄┄┄┄┄┄┄┄┄┄┄┄┄┄┄┄┄┄┄┄┄┄┄┄┄┄┄┄┄┄┄┄┄┄

00:01 +10: /Users/mr42/code/flutter/tmp/filler/test/integration/page_state_transitions_test.dart: BLoC State Transitions - All Pages Canvas BLoC - New Canvas State Transitions                        
│ #7   new CanvasBloc.<anonymous closure> (package:filler/features/canvas/presentation/canvas_bloc.dart:113:19)

00:01 +10: /Users/mr42/code/flutter/tmp/filler/test/integration/app_flow_test.dart: App Flow Integration Tests preferences management flow                                                             
│ 07:38:47.966 (+0:00:00.223284)

00:01 +10: /Users/mr42/code/flutter/tmp/filler/test/integration/page_state_transitions_test.dart: BLoC State Transitions - All Pages Canvas BLoC - New Canvas State Transitions                        
├┄┄┄┄┄┄┄┄┄┄┄┄┄┄┄┄┄┄┄┄┄┄┄┄┄┄┄┄┄┄┄┄┄┄┄┄┄┄┄┄┄┄┄┄┄┄┄┄┄┄┄┄┄┄┄┄┄┄┄┄┄┄┄┄┄┄┄┄┄┄┄┄┄┄┄┄┄┄┄┄┄┄┄┄┄┄┄┄┄┄┄┄┄┄┄┄┄┄┄┄┄┄┄┄┄┄┄┄┄┄┄┄┄┄┄┄┄┄┄

00:01 +10: /Users/mr42/code/flutter/tmp/filler/test/integration/app_flow_test.dart: App Flow Integration Tests preferences management flow                                                             
├┄┄┄┄┄┄┄┄┄┄┄┄┄┄┄┄┄┄┄┄┄┄┄┄┄┄┄┄┄┄┄┄┄┄┄┄┄┄┄┄┄┄┄┄┄┄┄┄┄┄┄┄┄┄┄┄┄┄┄┄┄┄┄┄┄┄┄┄┄┄┄┄┄┄┄┄┄┄┄┄┄┄┄┄┄┄┄┄┄┄┄┄┄┄┄┄┄┄┄┄┄┄┄┄┄┄┄┄┄┄┄┄┄┄┄┄┄┄┄

00:01 +10: /Users/mr42/code/flutter/tmp/filler/test/integration/page_state_transitions_test.dart: BLoC State Transitions - All Pages Canvas BLoC - New Canvas State Transitions                        
│ 07:38:47.966 (+0:00:00.162365)
├┄┄┄┄┄┄┄┄┄┄┄┄┄┄┄┄┄┄┄┄┄┄┄┄┄┄┄┄┄┄┄┄┄┄┄┄┄┄┄┄┄┄┄┄┄┄┄┄┄┄┄┄┄┄┄┄┄┄┄┄┄┄┄┄┄┄┄┄┄┄┄┄┄┄┄┄┄┄┄┄┄┄┄┄┄┄┄┄┄┄┄┄┄┄┄┄┄┄┄┄┄┄┄┄┄┄┄┄┄┄┄┄┄┄┄┄┄┄┄

00:01 +10: /Users/mr42/code/flutter/tmp/filler/test/integration/app_flow_test.dart: App Flow Integration Tests preferences management flow                                                             
│ 🐛 💾 Database: Setting preference value
└───────────────────────────────────────────────────────────────────────────────────────────────────────────────────────

00:01 +10: /Users/mr42/code/flutter/tmp/filler/test/integration/page_state_transitions_test.dart: BLoC State Transitions - All Pages Canvas BLoC - New Canvas State Transitions                        
│ 🐛 💾 Database: Preference value saved
└───────────────────────────────────────────────────────────────────────────────────────────────────────────────────────

00:01 +10: /Users/mr42/code/flutter/tmp/filler/test/integration/app_flow_test.dart: App Flow Integration Tests preferences management flow                                                             
┌───────────────────────────────────────────────────────────────────────────────────────────────────────────────────────
│ {key: height, value: 12, type: int}

00:01 +10: /Users/mr42/code/flutter/tmp/filler/test/integration/page_state_transitions_test.dart: BLoC State Transitions - All Pages Canvas BLoC - New Canvas State Transitions                        
┌───────────────────────────────────────────────────────────────────────────────────────────────────────────────────────
│ {key: insets, value: 0}
├┄┄┄┄┄┄┄┄┄┄┄┄┄┄┄┄┄┄┄┄┄┄┄┄┄┄┄┄┄┄┄┄┄┄┄┄┄┄┄┄┄┄┄┄┄┄┄┄┄┄┄┄┄┄┄┄┄┄┄┄┄┄┄┄┄┄┄┄┄┄┄┄┄┄┄┄┄┄┄┄┄┄┄┄┄┄┄┄┄┄┄┄┄┄┄┄┄┄┄┄┄┄┄┄┄┄┄┄┄┄┄┄┄┄┄┄┄┄┄
│ #0   AppLogger.preferences (package:filler/core/logging.dart:64:13)

00:01 +10: /Users/mr42/code/flutter/tmp/filler/test/integration/app_flow_test.dart: App Flow Integration Tests preferences management flow                                                             
├┄┄┄┄┄┄┄┄┄┄┄┄┄┄┄┄┄┄┄┄┄┄┄┄┄┄┄┄┄┄┄┄┄┄┄┄┄┄┄┄┄┄┄┄┄┄┄┄┄┄┄┄┄┄┄┄┄┄┄┄┄┄┄┄┄┄┄┄┄┄┄┄┄┄┄┄┄┄┄┄┄┄┄┄┄┄┄┄┄┄┄┄┄┄┄┄┄┄┄┄┄┄┄┄┄┄┄┄┄┄┄┄┄┄┄┄┄┄┄
│ #0   AppLogger.database (package:filler/core/logging.dart:49:13)
│ #1   AppDatabase.setPreferenceValue (package:filler/data/database.dart:301:15)
│ #2   PreferencesRepository.save (package:filler/domain/repositories.dart:558:13)

00:01 +10: /Users/mr42/code/flutter/tmp/filler/test/integration/page_state_transitions_test.dart: BLoC State Transitions - All Pages Canvas BLoC - New Canvas State Transitions                        
│ #1   PreferencesRepository._ensureDefaults (package:filler/domain/repositories.dart:519:19)
│ #2   <asynchronous suspension>
│ #3   PreferencesRepository.get (package:filler/domain/repositories.dart:454:7)

00:01 +10: /Users/mr42/code/flutter/tmp/filler/test/integration/app_flow_test.dart: App Flow Integration Tests preferences management flow                                                             
│ #3   main.<anonymous closure>.<anonymous closure> (file:///Users/mr42/code/flutter/tmp/filler/test/integration/app_flow_test.dart:64:23)

00:01 +10: /Users/mr42/code/flutter/tmp/filler/test/integration/page_state_transitions_test.dart: BLoC State Transitions - All Pages Canvas BLoC - New Canvas State Transitions                        
│ #4   <asynchronous suspension>

00:01 +10: /Users/mr42/code/flutter/tmp/filler/test/integration/app_flow_test.dart: App Flow Integration Tests preferences management flow                                                             
│ #4   <asynchronous suspension>
│ #5   Declarer.test.<anonymous closure>.<anonymous closure> (package:test_api/src/backend/declarer.dart:242:9)

00:01 +10: /Users/mr42/code/flutter/tmp/filler/test/integration/page_state_transitions_test.dart: BLoC State Transitions - All Pages Canvas BLoC - New Canvas State Transitions                        
│ #5   new CanvasBloc.<anonymous closure> (package:filler/features/canvas/presentation/canvas_bloc.dart:113:19)
│ #6   <asynchronous suspension>
│ #7   Bloc.on.<anonymous closure>.handleEvent (package:bloc/src/bloc.dart:226:13)
├┄┄┄┄┄┄┄┄┄┄┄┄┄┄┄┄┄┄┄┄┄┄┄┄┄┄┄┄┄┄┄┄┄┄┄┄┄┄┄┄┄┄┄┄┄┄┄┄┄┄┄┄┄┄┄┄┄┄┄┄┄┄┄┄┄┄┄┄┄┄┄┄┄┄┄┄┄┄┄┄┄┄┄┄┄┄┄┄┄┄┄┄┄┄┄┄┄┄┄┄┄┄┄┄┄┄┄┄┄┄┄┄┄┄┄┄┄┄┄
│ 07:38:47.968 (+0:00:00.164135)
├┄┄┄┄┄┄┄┄┄┄┄┄┄┄┄┄┄┄┄┄┄┄┄┄┄┄┄┄┄┄┄┄┄┄┄┄┄┄┄┄┄┄┄┄┄┄┄┄┄┄┄┄┄┄┄┄┄┄┄┄┄┄┄┄┄┄┄┄┄┄┄┄┄┄┄┄┄┄┄┄┄┄┄┄┄┄┄┄┄┄┄┄┄┄┄┄┄┄┄┄┄┄┄┄┄┄┄┄┄┄┄┄┄┄┄┄┄┄┄

00:01 +10: /Users/mr42/code/flutter/tmp/filler/test/integration/app_flow_test.dart: App Flow Integration Tests preferences management flow                                                             
│ #6   <asynchronous suspension>
│ #7   Declarer.test.<anonymous closure> (package:test_api/src/backend/declarer.dart:240:7)
├┄┄┄┄┄┄┄┄┄┄┄┄┄┄┄┄┄┄┄┄┄┄┄┄┄┄┄┄┄┄┄┄┄┄┄┄┄┄┄┄┄┄┄┄┄┄┄┄┄┄┄┄┄┄┄┄┄┄┄┄┄┄┄┄┄┄┄┄┄┄┄┄┄┄┄┄┄┄┄┄┄┄┄┄┄┄┄┄┄┄┄┄┄┄┄┄┄┄┄┄┄┄┄┄┄┄┄┄┄┄┄┄┄┄┄┄┄┄┄
│ 07:38:47.968 (+0:00:00.225267)
├┄┄┄┄┄┄┄┄┄┄┄┄┄┄┄┄┄┄┄┄┄┄┄┄┄┄┄┄┄┄┄┄┄┄┄┄┄┄┄┄┄┄┄┄┄┄┄┄┄┄┄┄┄┄┄┄┄┄┄┄┄┄┄┄┄┄┄┄┄┄┄┄┄┄┄┄┄┄┄┄┄┄┄┄┄┄┄┄┄┄┄┄┄┄┄┄┄┄┄┄┄┄┄┄┄┄┄┄┄┄┄┄┄┄┄┄┄┄┄

00:01 +10: /Users/mr42/code/flutter/tmp/filler/test/features/prefs/presentation/preferences_bloc_test.dart: PreferencesBloc PreferencesEvent.save saves preferences when ready                         
┌───────────────────────────────────────────────────────────────────────────────────────────────────────────────────────

00:01 +10: /Users/mr42/code/flutter/tmp/filler/test/integration/app_flow_test.dart: App Flow Integration Tests preferences management flow                                                             
│ 🐛 💾 Database: Setting preference value

00:01 +10: /Users/mr42/code/flutter/tmp/filler/test/features/prefs/presentation/preferences_bloc_test.dart: PreferencesBloc PreferencesEvent.save saves preferences when ready                         
│ #0   AppLogger.preferences (package:filler/core/logging.dart:64:13)

00:01 +10: /Users/mr42/code/flutter/tmp/filler/test/integration/page_state_transitions_test.dart: BLoC State Transitions - All Pages Canvas BLoC - New Canvas State Transitions                        
│ 🐛 ⚙️ Preferences: Creating missing default preference

00:01 +10: /Users/mr42/code/flutter/tmp/filler/test/integration/app_flow_test.dart: App Flow Integration Tests preferences management flow                                                             
└───────────────────────────────────────────────────────────────────────────────────────────────────────────────────────

00:01 +10: /Users/mr42/code/flutter/tmp/filler/test/features/prefs/presentation/preferences_bloc_test.dart: PreferencesBloc PreferencesEvent.save saves preferences when ready                         
│ #1   new PreferencesBloc.<anonymous closure> (package:filler/features/prefs/presentation/preferences_bloc.dart:241:17)

00:01 +10: /Users/mr42/code/flutter/tmp/filler/test/integration/page_state_transitions_test.dart: BLoC State Transitions - All Pages Canvas BLoC - New Canvas State Transitions                        
└───────────────────────────────────────────────────────────────────────────────────────────────────────────────────────

00:01 +10: /Users/mr42/code/flutter/tmp/filler/test/features/prefs/presentation/preferences_bloc_test.dart: PreferencesBloc PreferencesEvent.save saves preferences when ready                         
├┄┄┄┄┄┄┄┄┄┄┄┄┄┄┄┄┄┄┄┄┄┄┄┄┄┄┄┄┄┄┄┄┄┄┄┄┄┄┄┄┄┄┄┄┄┄┄┄┄┄┄┄┄┄┄┄┄┄┄┄┄┄┄┄┄┄┄┄┄┄┄┄┄┄┄┄┄┄┄┄┄┄┄┄┄┄┄┄┄┄┄┄┄┄┄┄┄┄┄┄┄┄┄┄┄┄┄┄┄┄┄┄┄┄┄┄┄┄┄
│ 07:38:47.969 (+0:00:00.120884)
├┄┄┄┄┄┄┄┄┄┄┄┄┄┄┄┄┄┄┄┄┄┄┄┄┄┄┄┄┄┄┄┄┄┄┄┄┄┄┄┄┄┄┄┄┄┄┄┄┄┄┄┄┄┄┄┄┄┄┄┄┄┄┄┄┄┄┄┄┄┄┄┄┄┄┄┄┄┄┄┄┄┄┄┄┄┄┄┄┄┄┄┄┄┄┄┄┄┄┄┄┄┄┄┄┄┄┄┄┄┄┄┄┄┄┄┄┄┄┄

00:01 +10: /Users/mr42/code/flutter/tmp/filler/test/integration/page_state_transitions_test.dart: BLoC State Transitions - All Pages Canvas BLoC - New Canvas State Transitions                        
┌───────────────────────────────────────────────────────────────────────────────────────────────────────────────────────

00:01 +10: /Users/mr42/code/flutter/tmp/filler/test/features/prefs/presentation/preferences_bloc_test.dart: PreferencesBloc PreferencesEvent.save saves preferences when ready                         
│ 🐛 ⚙️ Preferences: Save requested

00:01 +10: /Users/mr42/code/flutter/tmp/filler/test/integration/app_flow_test.dart: App Flow Integration Tests preferences management flow                                                             
┌───────────────────────────────────────────────────────────────────────────────────────────────────────────────────────

00:01 +10: /Users/mr42/code/flutter/tmp/filler/test/features/prefs/presentation/preferences_bloc_test.dart: PreferencesBloc PreferencesEvent.save saves preferences when ready                         
└───────────────────────────────────────────────────────────────────────────────────────────────────────────────────────

00:01 +10: /Users/mr42/code/flutter/tmp/filler/test/integration/page_state_transitions_test.dart: BLoC State Transitions - All Pages Canvas BLoC - New Canvas State Transitions                        
│ {key: insets, value: 0, type: int}

00:01 +10: /Users/mr42/code/flutter/tmp/filler/test/integration/app_flow_test.dart: App Flow Integration Tests preferences management flow                                                             
│ {key: insets, value: 2, type: int}
├┄┄┄┄┄┄┄┄┄┄┄┄┄┄┄┄┄┄┄┄┄┄┄┄┄┄┄┄┄┄┄┄┄┄┄┄┄┄┄┄┄┄┄┄┄┄┄┄┄┄┄┄┄┄┄┄┄┄┄┄┄┄┄┄┄┄┄┄┄┄┄┄┄┄┄┄┄┄┄┄┄┄┄┄┄┄┄┄┄┄┄┄┄┄┄┄┄┄┄┄┄┄┄┄┄┄┄┄┄┄┄┄┄┄┄┄┄┄┄

00:01 +10: /Users/mr42/code/flutter/tmp/filler/test/integration/page_state_transitions_test.dart: BLoC State Transitions - All Pages Canvas BLoC - New Canvas State Transitions                        
├┄┄┄┄┄┄┄┄┄┄┄┄┄┄┄┄┄┄┄┄┄┄┄┄┄┄┄┄┄┄┄┄┄┄┄┄┄┄┄┄┄┄┄┄┄┄┄┄┄┄┄┄┄┄┄┄┄┄┄┄┄┄┄┄┄┄┄┄┄┄┄┄┄┄┄┄┄┄┄┄┄┄┄┄┄┄┄┄┄┄┄┄┄┄┄┄┄┄┄┄┄┄┄┄┄┄┄┄┄┄┄┄┄┄┄┄┄┄┄
│ #0   AppLogger.database (package:filler/core/logging.dart:49:13)

00:01 +10: /Users/mr42/code/flutter/tmp/filler/test/integration/app_flow_test.dart: App Flow Integration Tests preferences management flow                                                             
│ #0   AppLogger.database (package:filler/core/logging.dart:49:13)

00:01 +10: /Users/mr42/code/flutter/tmp/filler/test/integration/page_state_transitions_test.dart: BLoC State Transitions - All Pages Canvas BLoC - New Canvas State Transitions                        
│ #1   AppDatabase.setPreferenceValue (package:filler/data/database.dart:301:15)

00:01 +10: /Users/mr42/code/flutter/tmp/filler/test/integration/app_flow_test.dart: App Flow Integration Tests preferences management flow                                                             
│ #1   AppDatabase.setPreferenceValue (package:filler/data/database.dart:301:15)

00:01 +10: /Users/mr42/code/flutter/tmp/filler/test/integration/page_state_transitions_test.dart: BLoC State Transitions - All Pages Canvas BLoC - New Canvas State Transitions                        
│ #2   PreferencesRepository._ensureDefaults (package:filler/domain/repositories.dart:524:19)
│ #3   <asynchronous suspension>

00:01 +10: /Users/mr42/code/flutter/tmp/filler/test/integration/app_flow_test.dart: App Flow Integration Tests preferences management flow                                                             
│ #2   PreferencesRepository.save (package:filler/domain/repositories.dart:559:13)
│ #3   main.<anonymous closure>.<anonymous closure> (file:///Users/mr42/code/flutter/tmp/filler/test/integration/app_flow_test.dart:64:23)
│ #4   <asynchronous suspension>
│ #5   Declarer.test.<anonymous closure>.<anonymous closure> (package:test_api/src/backend/declarer.dart:242:9)

00:01 +10: /Users/mr42/code/flutter/tmp/filler/test/features/prefs/presentation/preferences_bloc_test.dart: PreferencesBloc PreferencesEvent.save saves preferences when ready                         
┌───────────────────────────────────────────────────────────────────────────────────────────────────────────────────────
│ {width: 15, height: 20, insets: 3, defaultPattern: 2, themeMode: 2}

00:01 +10: /Users/mr42/code/flutter/tmp/filler/test/integration/page_state_transitions_test.dart: BLoC State Transitions - All Pages Canvas BLoC - New Canvas State Transitions                        
│ #4   PreferencesRepository.get (package:filler/domain/repositories.dart:454:7)
│ #5   <asynchronous suspension>
│ #6   new CanvasBloc.<anonymous closure> (package:filler/features/canvas/presentation/canvas_bloc.dart:113:19)

00:01 +10: /Users/mr42/code/flutter/tmp/filler/test/integration/app_flow_test.dart: App Flow Integration Tests preferences management flow                                                             
│ #6   <asynchronous suspension>
│ #7   Declarer.test.<anonymous closure> (package:test_api/src/backend/declarer.dart:240:7)

00:01 +10: /Users/mr42/code/flutter/tmp/filler/test/integration/page_state_transitions_test.dart: BLoC State Transitions - All Pages Canvas BLoC - New Canvas State Transitions                        
│ #7   <asynchronous suspension>

00:01 +10: /Users/mr42/code/flutter/tmp/filler/test/features/prefs/presentation/preferences_bloc_test.dart: PreferencesBloc PreferencesEvent.save saves preferences when ready                         
├┄┄┄┄┄┄┄┄┄┄┄┄┄┄┄┄┄┄┄┄┄┄┄┄┄┄┄┄┄┄┄┄┄┄┄┄┄┄┄┄┄┄┄┄┄┄┄┄┄┄┄┄┄┄┄┄┄┄┄┄┄┄┄┄┄┄┄┄┄┄┄┄┄┄┄┄┄┄┄┄┄┄┄┄┄┄┄┄┄┄┄┄┄┄┄┄┄┄┄┄┄┄┄┄┄┄┄┄┄┄┄┄┄┄┄┄┄┄┄
│ #0   AppLogger.preferences (package:filler/core/logging.dart:64:13)

00:01 +10: /Users/mr42/code/flutter/tmp/filler/test/integration/app_flow_test.dart: App Flow Integration Tests preferences management flow                                                             
├┄┄┄┄┄┄┄┄┄┄┄┄┄┄┄┄┄┄┄┄┄┄┄┄┄┄┄┄┄┄┄┄┄┄┄┄┄┄┄┄┄┄┄┄┄┄┄┄┄┄┄┄┄┄┄┄┄┄┄┄┄┄┄┄┄┄┄┄┄┄┄┄┄┄┄┄┄┄┄┄┄┄┄┄┄┄┄┄┄┄┄┄┄┄┄┄┄┄┄┄┄┄┄┄┄┄┄┄┄┄┄┄┄┄┄┄┄┄┄

00:01 +10: /Users/mr42/code/flutter/tmp/filler/test/integration/page_state_transitions_test.dart: BLoC State Transitions - All Pages Canvas BLoC - New Canvas State Transitions                        
├┄┄┄┄┄┄┄┄┄┄┄┄┄┄┄┄┄┄┄┄┄┄┄┄┄┄┄┄┄┄┄┄┄┄┄┄┄┄┄┄┄┄┄┄┄┄┄┄┄┄┄┄┄┄┄┄┄┄┄┄┄┄┄┄┄┄┄┄┄┄┄┄┄┄┄┄┄┄┄┄┄┄┄┄┄┄┄┄┄┄┄┄┄┄┄┄┄┄┄┄┄┄┄┄┄┄┄┄┄┄┄┄┄┄┄┄┄┄┄
│ 07:38:47.970 (+0:00:00.165939)

00:01 +10: /Users/mr42/code/flutter/tmp/filler/test/integration/app_flow_test.dart: App Flow Integration Tests preferences management flow                                                             
│ 07:38:47.970 (+0:00:00.227212)
├┄┄┄┄┄┄┄┄┄┄┄┄┄┄┄┄┄┄┄┄┄┄┄┄┄┄┄┄┄┄┄┄┄┄┄┄┄┄┄┄┄┄┄┄┄┄┄┄┄┄┄┄┄┄┄┄┄┄┄┄┄┄┄┄┄┄┄┄┄┄┄┄┄┄┄┄┄┄┄┄┄┄┄┄┄┄┄┄┄┄┄┄┄┄┄┄┄┄┄┄┄┄┄┄┄┄┄┄┄┄┄┄┄┄┄┄┄┄┄

00:01 +10: /Users/mr42/code/flutter/tmp/filler/test/features/prefs/presentation/preferences_bloc_test.dart: PreferencesBloc PreferencesEvent.save saves preferences when ready                         
│ #1   new PreferencesBloc.<anonymous closure>.<anonymous closure> (package:filler/features/prefs/presentation/preferences_bloc.dart:248:23)
│ #2   _$ReadyImpl.maybeWhen (package:filler/features/prefs/presentation/preferences_bloc.freezed.dart:1770:19)
│ #3   new PreferencesBloc.<anonymous closure> (package:filler/features/prefs/presentation/preferences_bloc.dart:243:19)

00:01 +10: /Users/mr42/code/flutter/tmp/filler/test/integration/page_state_transitions_test.dart: BLoC State Transitions - All Pages Canvas BLoC - New Canvas State Transitions                        
├┄┄┄┄┄┄┄┄┄┄┄┄┄┄┄┄┄┄┄┄┄┄┄┄┄┄┄┄┄┄┄┄┄┄┄┄┄┄┄┄┄┄┄┄┄┄┄┄┄┄┄┄┄┄┄┄┄┄┄┄┄┄┄┄┄┄┄┄┄┄┄┄┄┄┄┄┄┄┄┄┄┄┄┄┄┄┄┄┄┄┄┄┄┄┄┄┄┄┄┄┄┄┄┄┄┄┄┄┄┄┄┄┄┄┄┄┄┄┄
│ 🐛 💾 Database: Setting preference value

00:01 +10: /Users/mr42/code/flutter/tmp/filler/test/features/prefs/presentation/preferences_bloc_test.dart: PreferencesBloc PreferencesEvent.save saves preferences when ready                         
│ #4   Bloc.on.<anonymous closure>.handleEvent (package:bloc/src/bloc.dart:226:26)

00:01 +10: /Users/mr42/code/flutter/tmp/filler/test/integration/app_flow_test.dart: App Flow Integration Tests preferences management flow                                                             
│ 🐛 💾 Database: Setting preference value
└───────────────────────────────────────────────────────────────────────────────────────────────────────────────────────

00:01 +10: /Users/mr42/code/flutter/tmp/filler/test/integration/page_state_transitions_test.dart: BLoC State Transitions - All Pages Canvas BLoC - New Canvas State Transitions                        
└───────────────────────────────────────────────────────────────────────────────────────────────────────────────────────

00:01 +10: /Users/mr42/code/flutter/tmp/filler/test/features/prefs/presentation/preferences_bloc_test.dart: PreferencesBloc PreferencesEvent.save saves preferences when ready                         
│ #5   Bloc.on.<anonymous closure> (package:bloc/src/bloc.dart:235:9)
│ #6   _MapStream._handleData (dart:async/stream_pipe.dart:247:31)

00:01 +10: /Users/mr42/code/flutter/tmp/filler/test/integration/app_flow_test.dart: App Flow Integration Tests preferences management flow                                                             
┌───────────────────────────────────────────────────────────────────────────────────────────────────────────────────────

00:01 +10: /Users/mr42/code/flutter/tmp/filler/test/features/prefs/presentation/preferences_bloc_test.dart: PreferencesBloc PreferencesEvent.save saves preferences when ready                         
│ #7   _ForwardingStreamSubscription._handleData (dart:async/stream_pipe.dart:184:13)

00:01 +10: /Users/mr42/code/flutter/tmp/filler/test/integration/app_flow_test.dart: App Flow Integration Tests preferences management flow                                                             
│ {key: defaultPattern, value: 1, type: int}

00:01 +10: /Users/mr42/code/flutter/tmp/filler/test/features/prefs/presentation/preferences_bloc_test.dart: PreferencesBloc PreferencesEvent.save saves preferences when ready                         
├┄┄┄┄┄┄┄┄┄┄┄┄┄┄┄┄┄┄┄┄┄┄┄┄┄┄┄┄┄┄┄┄┄┄┄┄┄┄┄┄┄┄┄┄┄┄┄┄┄┄┄┄┄┄┄┄┄┄┄┄┄┄┄┄┄┄┄┄┄┄┄┄┄┄┄┄┄┄┄┄┄┄┄┄┄┄┄┄┄┄┄┄┄┄┄┄┄┄┄┄┄┄┄┄┄┄┄┄┄┄┄┄┄┄┄┄┄┄┄

00:01 +10: /Users/mr42/code/flutter/tmp/filler/test/integration/app_flow_test.dart: App Flow Integration Tests preferences management flow                                                             
├┄┄┄┄┄┄┄┄┄┄┄┄┄┄┄┄┄┄┄┄┄┄┄┄┄┄┄┄┄┄┄┄┄┄┄┄┄┄┄┄┄┄┄┄┄┄┄┄┄┄┄┄┄┄┄┄┄┄┄┄┄┄┄┄┄┄┄┄┄┄┄┄┄┄┄┄┄┄┄┄┄┄┄┄┄┄┄┄┄┄┄┄┄┄┄┄┄┄┄┄┄┄┄┄┄┄┄┄┄┄┄┄┄┄┄┄┄┄┄
│ #0   AppLogger.database (package:filler/core/logging.dart:49:13)

00:01 +10: /Users/mr42/code/flutter/tmp/filler/test/features/prefs/presentation/preferences_bloc_test.dart: PreferencesBloc PreferencesEvent.save saves preferences when ready                         
│ 07:38:47.970 (+0:00:00.122205)

00:01 +10: /Users/mr42/code/flutter/tmp/filler/test/integration/app_flow_test.dart: App Flow Integration Tests preferences management flow                                                             
│ #1   AppDatabase.setPreferenceValue (package:filler/data/database.dart:301:15)

00:01 +10: /Users/mr42/code/flutter/tmp/filler/test/features/prefs/presentation/preferences_bloc_test.dart: PreferencesBloc PreferencesEvent.save saves preferences when ready                         
├┄┄┄┄┄┄┄┄┄┄┄┄┄┄┄┄┄┄┄┄┄┄┄┄┄┄┄┄┄┄┄┄┄┄┄┄┄┄┄┄┄┄┄┄┄┄┄┄┄┄┄┄┄┄┄┄┄┄┄┄┄┄┄┄┄┄┄┄┄┄┄┄┄┄┄┄┄┄┄┄┄┄┄┄┄┄┄┄┄┄┄┄┄┄┄┄┄┄┄┄┄┄┄┄┄┄┄┄┄┄┄┄┄┄┄┄┄┄┄

00:01 +10: /Users/mr42/code/flutter/tmp/filler/test/integration/app_flow_test.dart: App Flow Integration Tests preferences management flow                                                             
│ #2   PreferencesRepository.save (package:filler/domain/repositories.dart:560:13)

00:01 +10: /Users/mr42/code/flutter/tmp/filler/test/features/prefs/presentation/preferences_bloc_test.dart: PreferencesBloc PreferencesEvent.save saves preferences when ready                         
│ 🐛 ⚙️ Preferences: Saving preferences to database

00:01 +10: /Users/mr42/code/flutter/tmp/filler/test/integration/page_state_transitions_test.dart: BLoC State Transitions - All Pages Canvas BLoC - New Canvas State Transitions                        
┌───────────────────────────────────────────────────────────────────────────────────────────────────────────────────────

00:01 +10: /Users/mr42/code/flutter/tmp/filler/test/integration/app_flow_test.dart: App Flow Integration Tests preferences management flow                                                             
│ #3   main.<anonymous closure>.<anonymous closure> (file:///Users/mr42/code/flutter/tmp/filler/test/integration/app_flow_test.dart:64:23)

00:01 +10: /Users/mr42/code/flutter/tmp/filler/test/features/prefs/presentation/preferences_bloc_test.dart: PreferencesBloc PreferencesEvent.save saves preferences when ready                         
└───────────────────────────────────────────────────────────────────────────────────────────────────────────────────────

00:01 +10: /Users/mr42/code/flutter/tmp/filler/test/integration/app_flow_test.dart: App Flow Integration Tests preferences management flow                                                             
│ #4   <asynchronous suspension>

00:01 +10: /Users/mr42/code/flutter/tmp/filler/test/integration/page_state_transitions_test.dart: BLoC State Transitions - All Pages Canvas BLoC - New Canvas State Transitions                        
│ {key: insets, value: 0}

00:01 +10: /Users/mr42/code/flutter/tmp/filler/test/integration/app_flow_test.dart: App Flow Integration Tests preferences management flow                                                             
│ #5   Declarer.test.<anonymous closure>.<anonymous closure> (package:test_api/src/backend/declarer.dart:242:9)

00:01 +10: /Users/mr42/code/flutter/tmp/filler/test/integration/page_state_transitions_test.dart: BLoC State Transitions - All Pages Canvas BLoC - New Canvas State Transitions                        
├┄┄┄┄┄┄┄┄┄┄┄┄┄┄┄┄┄┄┄┄┄┄┄┄┄┄┄┄┄┄┄┄┄┄┄┄┄┄┄┄┄┄┄┄┄┄┄┄┄┄┄┄┄┄┄┄┄┄┄┄┄┄┄┄┄┄┄┄┄┄┄┄┄┄┄┄┄┄┄┄┄┄┄┄┄┄┄┄┄┄┄┄┄┄┄┄┄┄┄┄┄┄┄┄┄┄┄┄┄┄┄┄┄┄┄┄┄┄┄
│ #0   AppLogger.database (package:filler/core/logging.dart:49:13)
│ #1   AppDatabase.setPreferenceValue (package:filler/data/database.dart:337:17)

00:01 +10: /Users/mr42/code/flutter/tmp/filler/test/integration/app_flow_test.dart: App Flow Integration Tests preferences management flow                                                             
│ #6   <asynchronous suspension>
│ #7   Declarer.test.<anonymous closure> (package:test_api/src/backend/declarer.dart:240:7)
├┄┄┄┄┄┄┄┄┄┄┄┄┄┄┄┄┄┄┄┄┄┄┄┄┄┄┄┄┄┄┄┄┄┄┄┄┄┄┄┄┄┄┄┄┄┄┄┄┄┄┄┄┄┄┄┄┄┄┄┄┄┄┄┄┄┄┄┄┄┄┄┄┄┄┄┄┄┄┄┄┄┄┄┄┄┄┄┄┄┄┄┄┄┄┄┄┄┄┄┄┄┄┄┄┄┄┄┄┄┄┄┄┄┄┄┄┄┄┄

00:01 +10: /Users/mr42/code/flutter/tmp/filler/test/integration/page_state_transitions_test.dart: BLoC State Transitions - All Pages Canvas BLoC - New Canvas State Transitions                        
│ #2   <asynchronous suspension>
│ #3   PreferencesRepository._ensureDefaults (package:filler/domain/repositories.dart:524:9)
│ #4   <asynchronous suspension>

00:01 +10: /Users/mr42/code/flutter/tmp/filler/test/integration/app_flow_test.dart: App Flow Integration Tests preferences management flow                                                             
│ 07:38:47.971 (+0:00:00.228924)
├┄┄┄┄┄┄┄┄┄┄┄┄┄┄┄┄┄┄┄┄┄┄┄┄┄┄┄┄┄┄┄┄┄┄┄┄┄┄┄┄┄┄┄┄┄┄┄┄┄┄┄┄┄┄┄┄┄┄┄┄┄┄┄┄┄┄┄┄┄┄┄┄┄┄┄┄┄┄┄┄┄┄┄┄┄┄┄┄┄┄┄┄┄┄┄┄┄┄┄┄┄┄┄┄┄┄┄┄┄┄┄┄┄┄┄┄┄┄┄
│ 🐛 💾 Database: Setting preference value

00:01 +10: /Users/mr42/code/flutter/tmp/filler/test/integration/page_state_transitions_test.dart: BLoC State Transitions - All Pages Canvas BLoC - New Canvas State Transitions                        
│ #5   PreferencesRepository.get (package:filler/domain/repositories.dart:454:7)
│ #6   <asynchronous suspension>

00:01 +10: /Users/mr42/code/flutter/tmp/filler/test/integration/app_flow_test.dart: App Flow Integration Tests preferences management flow                                                             
└───────────────────────────────────────────────────────────────────────────────────────────────────────────────────────

00:01 +10: /Users/mr42/code/flutter/tmp/filler/test/integration/page_state_transitions_test.dart: BLoC State Transitions - All Pages Canvas BLoC - New Canvas State Transitions                        
│ #7   new CanvasBloc.<anonymous closure> (package:filler/features/canvas/presentation/canvas_bloc.dart:113:19)
├┄┄┄┄┄┄┄┄┄┄┄┄┄┄┄┄┄┄┄┄┄┄┄┄┄┄┄┄┄┄┄┄┄┄┄┄┄┄┄┄┄┄┄┄┄┄┄┄┄┄┄┄┄┄┄┄┄┄┄┄┄┄┄┄┄┄┄┄┄┄┄┄┄┄┄┄┄┄┄┄┄┄┄┄┄┄┄┄┄┄┄┄┄┄┄┄┄┄┄┄┄┄┄┄┄┄┄┄┄┄┄┄┄┄┄┄┄┄┄
│ 07:38:47.972 (+0:00:00.168344)
├┄┄┄┄┄┄┄┄┄┄┄┄┄┄┄┄┄┄┄┄┄┄┄┄┄┄┄┄┄┄┄┄┄┄┄┄┄┄┄┄┄┄┄┄┄┄┄┄┄┄┄┄┄┄┄┄┄┄┄┄┄┄┄┄┄┄┄┄┄┄┄┄┄┄┄┄┄┄┄┄┄┄┄┄┄┄┄┄┄┄┄┄┄┄┄┄┄┄┄┄┄┄┄┄┄┄┄┄┄┄┄┄┄┄┄┄┄┄┄

00:01 +10: /Users/mr42/code/flutter/tmp/filler/test/integration/app_flow_test.dart: App Flow Integration Tests preferences management flow                                                             
┌───────────────────────────────────────────────────────────────────────────────────────────────────────────────────────

00:01 +10: /Users/mr42/code/flutter/tmp/filler/test/integration/page_state_transitions_test.dart: BLoC State Transitions - All Pages Canvas BLoC - New Canvas State Transitions                        
│ 🐛 💾 Database: Preference value saved

00:01 +10: /Users/mr42/code/flutter/tmp/filler/test/integration/app_flow_test.dart: App Flow Integration Tests preferences management flow                                                             
│ {key: themeMode, value: 2, type: int}

00:01 +10: /Users/mr42/code/flutter/tmp/filler/test/features/prefs/presentation/preferences_bloc_test.dart: PreferencesBloc PreferencesEvent.save saves preferences when ready                         
[38;5;12m┌───────────────────────────────────────────────────────────────────────────────────────────────────────────────────────[0m

00:01 +10: /Users/mr42/code/flutter/tmp/filler/test/integration/page_state_transitions_test.dart: BLoC State Transitions - All Pages Canvas BLoC - New Canvas State Transitions                        
└───────────────────────────────────────────────────────────────────────────────────────────────────────────────────────

00:01 +10: /Users/mr42/code/flutter/tmp/filler/test/integration/app_flow_test.dart: App Flow Integration Tests preferences management flow                                                             
├┄┄┄┄┄┄┄┄┄┄┄┄┄┄┄┄┄┄┄┄┄┄┄┄┄┄┄┄┄┄┄┄┄┄┄┄┄┄┄┄┄┄┄┄┄┄┄┄┄┄┄┄┄┄┄┄┄┄┄┄┄┄┄┄┄┄┄┄┄┄┄┄┄┄┄┄┄┄┄┄┄┄┄┄┄┄┄┄┄┄┄┄┄┄┄┄┄┄┄┄┄┄┄┄┄┄┄┄┄┄┄┄┄┄┄┄┄┄┄

00:01 +10: /Users/mr42/code/flutter/tmp/filler/test/features/prefs/presentation/preferences_bloc_test.dart: PreferencesBloc PreferencesEvent.save saves preferences when ready                         
[38;5;12m│ #0   AppLogger.performance (package:filler/core/logging.dart:131:13)[0m
[38;5;12m│ #1   new PreferencesBloc.<anonymous closure>.<anonymous closure> (package:filler/features/prefs/presentation/preferences_bloc.dart:268:23)[0m

00:01 +10: /Users/mr42/code/flutter/tmp/filler/test/integration/app_flow_test.dart: App Flow Integration Tests preferences management flow                                                             
│ #0   AppLogger.database (package:filler/core/logging.dart:49:13)
│ #1   AppDatabase.setPreferenceValue (package:filler/data/database.dart:301:15)
│ #2   PreferencesRepository.save (package:filler/domain/repositories.dart:565:13)

00:01 +10: /Users/mr42/code/flutter/tmp/filler/test/integration/page_state_transitions_test.dart: BLoC State Transitions - All Pages Canvas BLoC - New Canvas State Transitions                        
┌───────────────────────────────────────────────────────────────────────────────────────────────────────────────────────

00:01 +10: /Users/mr42/code/flutter/tmp/filler/test/features/prefs/presentation/preferences_bloc_test.dart: PreferencesBloc PreferencesEvent.save saves preferences when ready                         
[38;5;12m├┄┄┄┄┄┄┄┄┄┄┄┄┄┄┄┄┄┄┄┄┄┄┄┄┄┄┄┄┄┄┄┄┄┄┄┄┄┄┄┄┄┄┄┄┄┄┄┄┄┄┄┄┄┄┄┄┄┄┄┄┄┄┄┄┄┄┄┄┄┄┄┄┄┄┄┄┄┄┄┄┄┄┄┄┄┄┄┄┄┄┄┄┄┄┄┄┄┄┄┄┄┄┄┄┄┄┄┄┄┄┄┄┄┄┄┄┄┄┄[0m

00:01 +10: /Users/mr42/code/flutter/tmp/filler/test/integration/app_flow_test.dart: App Flow Integration Tests preferences management flow                                                             
│ #3   main.<anonymous closure>.<anonymous closure> (file:///Users/mr42/code/flutter/tmp/filler/test/integration/app_flow_test.dart:64:23)

00:01 +10: /Users/mr42/code/flutter/tmp/filler/test/integration/page_state_transitions_test.dart: BLoC State Transitions - All Pages Canvas BLoC - New Canvas State Transitions                        
│ {key: defaultPattern, value: 1}

00:01 +10: /Users/mr42/code/flutter/tmp/filler/test/features/prefs/presentation/preferences_bloc_test.dart: PreferencesBloc PreferencesEvent.save saves preferences when ready                         
[38;5;12m│ 07:38:47.973 (+0:00:00.125326)[0m

00:01 +10: /Users/mr42/code/flutter/tmp/filler/test/integration/app_flow_test.dart: App Flow Integration Tests preferences management flow                                                             
│ #4   <asynchronous suspension>

00:01 +10: /Users/mr42/code/flutter/tmp/filler/test/features/prefs/presentation/preferences_bloc_test.dart: PreferencesBloc PreferencesEvent.save saves preferences when ready                         
[38;5;12m├┄┄┄┄┄┄┄┄┄┄┄┄┄┄┄┄┄┄┄┄┄┄┄┄┄┄┄┄┄┄┄┄┄┄┄┄┄┄┄┄┄┄┄┄┄┄┄┄┄┄┄┄┄┄┄┄┄┄┄┄┄┄┄┄┄┄┄┄┄┄┄┄┄┄┄┄┄┄┄┄┄┄┄┄┄┄┄┄┄┄┄┄┄┄┄┄┄┄┄┄┄┄┄┄┄┄┄┄┄┄┄┄┄┄┄┄┄┄┄[0m

00:01 +10: /Users/mr42/code/flutter/tmp/filler/test/integration/app_flow_test.dart: App Flow Integration Tests preferences management flow                                                             
│ #5   Declarer.test.<anonymous closure>.<anonymous closure> (package:test_api/src/backend/declarer.dart:242:9)

00:01 +10: /Users/mr42/code/flutter/tmp/filler/test/features/prefs/presentation/preferences_bloc_test.dart: PreferencesBloc PreferencesEvent.save saves preferences when ready                         
[38;5;12m│ 💡 ⏱️ Performance: Preferences save took 3ms[0m
[38;5;12m└───────────────────────────────────────────────────────────────────────────────────────────────────────────────────────[0m
┌───────────────────────────────────────────────────────────────────────────────────────────────────────────────────────

00:01 +10: /Users/mr42/code/flutter/tmp/filler/test/integration/page_state_transitions_test.dart: BLoC State Transitions - All Pages Canvas BLoC - New Canvas State Transitions                        
├┄┄┄┄┄┄┄┄┄┄┄┄┄┄┄┄┄┄┄┄┄┄┄┄┄┄┄┄┄┄┄┄┄┄┄┄┄┄┄┄┄┄┄┄┄┄┄┄┄┄┄┄┄┄┄┄┄┄┄┄┄┄┄┄┄┄┄┄┄┄┄┄┄┄┄┄┄┄┄┄┄┄┄┄┄┄┄┄┄┄┄┄┄┄┄┄┄┄┄┄┄┄┄┄┄┄┄┄┄┄┄┄┄┄┄┄┄┄┄
│ #0   AppLogger.preferences (package:filler/core/logging.dart:64:13)
│ #1   PreferencesRepository._ensureDefaults (package:filler/domain/repositories.dart:519:19)
│ #2   <asynchronous suspension>
│ #3   PreferencesRepository.get (package:filler/domain/repositories.dart:454:7)

00:01 +10: /Users/mr42/code/flutter/tmp/filler/test/integration/app_flow_test.dart: App Flow Integration Tests preferences management flow                                                             
│ #6   <asynchronous suspension>
│ #7   Declarer.test.<anonymous closure> (package:test_api/src/backend/declarer.dart:240:7)
├┄┄┄┄┄┄┄┄┄┄┄┄┄┄┄┄┄┄┄┄┄┄┄┄┄┄┄┄┄┄┄┄┄┄┄┄┄┄┄┄┄┄┄┄┄┄┄┄┄┄┄┄┄┄┄┄┄┄┄┄┄┄┄┄┄┄┄┄┄┄┄┄┄┄┄┄┄┄┄┄┄┄┄┄┄┄┄┄┄┄┄┄┄┄┄┄┄┄┄┄┄┄┄┄┄┄┄┄┄┄┄┄┄┄┄┄┄┄┄
│ 07:38:47.973 (+0:00:00.230694)
├┄┄┄┄┄┄┄┄┄┄┄┄┄┄┄┄┄┄┄┄┄┄┄┄┄┄┄┄┄┄┄┄┄┄┄┄┄┄┄┄┄┄┄┄┄┄┄┄┄┄┄┄┄┄┄┄┄┄┄┄┄┄┄┄┄┄┄┄┄┄┄┄┄┄┄┄┄┄┄┄┄┄┄┄┄┄┄┄┄┄┄┄┄┄┄┄┄┄┄┄┄┄┄┄┄┄┄┄┄┄┄┄┄┄┄┄┄┄┄

00:01 +10: /Users/mr42/code/flutter/tmp/filler/test/integration/page_state_transitions_test.dart: BLoC State Transitions - All Pages Canvas BLoC - New Canvas State Transitions                        
│ #4   <asynchronous suspension>
│ #5   new CanvasBloc.<anonymous closure> (package:filler/features/canvas/presentation/canvas_bloc.dart:113:19)

00:01 +10: /Users/mr42/code/flutter/tmp/filler/test/features/prefs/presentation/preferences_bloc_test.dart: PreferencesBloc PreferencesEvent.save saves preferences when ready                         
│ {width: 15, height: 20, insets: 3, defaultPattern: 2, themeMode: 2}
├┄┄┄┄┄┄┄┄┄┄┄┄┄┄┄┄┄┄┄┄┄┄┄┄┄┄┄┄┄┄┄┄┄┄┄┄┄┄┄┄┄┄┄┄┄┄┄┄┄┄┄┄┄┄┄┄┄┄┄┄┄┄┄┄┄┄┄┄┄┄┄┄┄┄┄┄┄┄┄┄┄┄┄┄┄┄┄┄┄┄┄┄┄┄┄┄┄┄┄┄┄┄┄┄┄┄┄┄┄┄┄┄┄┄┄┄┄┄┄
│ #0   AppLogger.preferences (package:filler/core/logging.dart:64:13)
│ #1   new PreferencesBloc.<anonymous closure>.<anonymous closure> (package:filler/features/prefs/presentation/preferences_bloc.dart:269:23)

00:01 +10: /Users/mr42/code/flutter/tmp/filler/test/integration/app_flow_test.dart: App Flow Integration Tests preferences management flow                                                             
│ 🐛 💾 Database: Setting preference value
└───────────────────────────────────────────────────────────────────────────────────────────────────────────────────────

00:01 +10: /Users/mr42/code/flutter/tmp/filler/test/integration/page_state_transitions_test.dart: BLoC State Transitions - All Pages Canvas BLoC - New Canvas State Transitions                        
│ #6   <asynchronous suspension>

00:01 +10: /Users/mr42/code/flutter/tmp/filler/test/features/prefs/presentation/preferences_bloc_test.dart: PreferencesBloc PreferencesEvent.save saves preferences when ready                         
│ #2   <asynchronous suspension>
│ #3   new PreferencesBloc.<anonymous closure> (package:filler/features/prefs/presentation/preferences_bloc.dart:243:7)
│ #4   <asynchronous suspension>
│ #5   Bloc.on.<anonymous closure>.handleEvent (package:bloc/src/bloc.dart:226:13)

00:01 +10: /Users/mr42/code/flutter/tmp/filler/test/integration/page_state_transitions_test.dart: BLoC State Transitions - All Pages Canvas BLoC - New Canvas State Transitions                        
│ #7   Bloc.on.<anonymous closure>.handleEvent (package:bloc/src/bloc.dart:226:13)

00:01 +10: /Users/mr42/code/flutter/tmp/filler/test/features/prefs/presentation/preferences_bloc_test.dart: PreferencesBloc PreferencesEvent.save saves preferences when ready                         
│ #6   <asynchronous suspension>

00:01 +10: /Users/mr42/code/flutter/tmp/filler/test/integration/page_state_transitions_test.dart: BLoC State Transitions - All Pages Canvas BLoC - New Canvas State Transitions                        
├┄┄┄┄┄┄┄┄┄┄┄┄┄┄┄┄┄┄┄┄┄┄┄┄┄┄┄┄┄┄┄┄┄┄┄┄┄┄┄┄┄┄┄┄┄┄┄┄┄┄┄┄┄┄┄┄┄┄┄┄┄┄┄┄┄┄┄┄┄┄┄┄┄┄┄┄┄┄┄┄┄┄┄┄┄┄┄┄┄┄┄┄┄┄┄┄┄┄┄┄┄┄┄┄┄┄┄┄┄┄┄┄┄┄┄┄┄┄┄

00:01 +10: /Users/mr42/code/flutter/tmp/filler/test/features/prefs/presentation/preferences_bloc_test.dart: PreferencesBloc PreferencesEvent.save saves preferences when ready                         
├┄┄┄┄┄┄┄┄┄┄┄┄┄┄┄┄┄┄┄┄┄┄┄┄┄┄┄┄┄┄┄┄┄┄┄┄┄┄┄┄┄┄┄┄┄┄┄┄┄┄┄┄┄┄┄┄┄┄┄┄┄┄┄┄┄┄┄┄┄┄┄┄┄┄┄┄┄┄┄┄┄┄┄┄┄┄┄┄┄┄┄┄┄┄┄┄┄┄┄┄┄┄┄┄┄┄┄┄┄┄┄┄┄┄┄┄┄┄┄

00:01 +10: /Users/mr42/code/flutter/tmp/filler/test/integration/page_state_transitions_test.dart: BLoC State Transitions - All Pages Canvas BLoC - New Canvas State Transitions                        
│ 07:38:47.974 (+0:00:00.170001)

00:01 +10: /Users/mr42/code/flutter/tmp/filler/test/features/prefs/presentation/preferences_bloc_test.dart: PreferencesBloc PreferencesEvent.save saves preferences when ready                         
│ 07:38:47.974 (+0:00:00.126403)

00:01 +10: /Users/mr42/code/flutter/tmp/filler/test/integration/page_state_transitions_test.dart: BLoC State Transitions - All Pages Canvas BLoC - New Canvas State Transitions                        
├┄┄┄┄┄┄┄┄┄┄┄┄┄┄┄┄┄┄┄┄┄┄┄┄┄┄┄┄┄┄┄┄┄┄┄┄┄┄┄┄┄┄┄┄┄┄┄┄┄┄┄┄┄┄┄┄┄┄┄┄┄┄┄┄┄┄┄┄┄┄┄┄┄┄┄┄┄┄┄┄┄┄┄┄┄┄┄┄┄┄┄┄┄┄┄┄┄┄┄┄┄┄┄┄┄┄┄┄┄┄┄┄┄┄┄┄┄┄┄
│ 🐛 ⚙️ Preferences: Creating missing default preference
└───────────────────────────────────────────────────────────────────────────────────────────────────────────────────────

00:01 +10: /Users/mr42/code/flutter/tmp/filler/test/features/prefs/presentation/preferences_bloc_test.dart: PreferencesBloc PreferencesEvent.save saves preferences when ready                         
├┄┄┄┄┄┄┄┄┄┄┄┄┄┄┄┄┄┄┄┄┄┄┄┄┄┄┄┄┄┄┄┄┄┄┄┄┄┄┄┄┄┄┄┄┄┄┄┄┄┄┄┄┄┄┄┄┄┄┄┄┄┄┄┄┄┄┄┄┄┄┄┄┄┄┄┄┄┄┄┄┄┄┄┄┄┄┄┄┄┄┄┄┄┄┄┄┄┄┄┄┄┄┄┄┄┄┄┄┄┄┄┄┄┄┄┄┄┄┄
│ 🐛 ⚙️ Preferences: Preferences saved successfully
└───────────────────────────────────────────────────────────────────────────────────────────────────────────────────────

00:01 +10: /Users/mr42/code/flutter/tmp/filler/test/integration/page_state_transitions_test.dart: BLoC State Transitions - All Pages Canvas BLoC - New Canvas State Transitions                        
┌───────────────────────────────────────────────────────────────────────────────────────────────────────────────────────
│ {key: defaultPattern, value: 1, type: int}
├┄┄┄┄┄┄┄┄┄┄┄┄┄┄┄┄┄┄┄┄┄┄┄┄┄┄┄┄┄┄┄┄┄┄┄┄┄┄┄┄┄┄┄┄┄┄┄┄┄┄┄┄┄┄┄┄┄┄┄┄┄┄┄┄┄┄┄┄┄┄┄┄┄┄┄┄┄┄┄┄┄┄┄┄┄┄┄┄┄┄┄┄┄┄┄┄┄┄┄┄┄┄┄┄┄┄┄┄┄┄┄┄┄┄┄┄┄┄┄
│ #0   AppLogger.database (package:filler/core/logging.dart:49:13)
│ #1   AppDatabase.setPreferenceValue (package:filler/data/database.dart:301:15)
│ #2   PreferencesRepository._ensureDefaults (package:filler/domain/repositories.dart:524:19)
│ #3   <asynchronous suspension>
│ #4   PreferencesRepository.get (package:filler/domain/repositories.dart:454:7)
│ #5   <asynchronous suspension>
│ #6   new CanvasBloc.<anonymous closure> (package:filler/features/canvas/presentation/canvas_bloc.dart:113:19)
│ #7   <asynchronous suspension>
├┄┄┄┄┄┄┄┄┄┄┄┄┄┄┄┄┄┄┄┄┄┄┄┄┄┄┄┄┄┄┄┄┄┄┄┄┄┄┄┄┄┄┄┄┄┄┄┄┄┄┄┄┄┄┄┄┄┄┄┄┄┄┄┄┄┄┄┄┄┄┄┄┄┄┄┄┄┄┄┄┄┄┄┄┄┄┄┄┄┄┄┄┄┄┄┄┄┄┄┄┄┄┄┄┄┄┄┄┄┄┄┄┄┄┄┄┄┄┄
│ 07:38:47.976 (+0:00:00.172224)
├┄┄┄┄┄┄┄┄┄┄┄┄┄┄┄┄┄┄┄┄┄┄┄┄┄┄┄┄┄┄┄┄┄┄┄┄┄┄┄┄┄┄┄┄┄┄┄┄┄┄┄┄┄┄┄┄┄┄┄┄┄┄┄┄┄┄┄┄┄┄┄┄┄┄┄┄┄┄┄┄┄┄┄┄┄┄┄┄┄┄┄┄┄┄┄┄┄┄┄┄┄┄┄┄┄┄┄┄┄┄┄┄┄┄┄┄┄┄┄
│ 🐛 💾 Database: Setting preference value
└───────────────────────────────────────────────────────────────────────────────────────────────────────────────────────

00:01 +11: /Users/mr42/code/flutter/tmp/filler/test/integration/platform_specific_test.dart: Platform-Specific Database Integration Preferences Persistence Works Cross-Platform                       
00:01 +11: /Users/mr42/code/flutter/tmp/filler/test/integration/page_state_transitions_test.dart: BLoC State Transitions - All Pages Canvas BLoC - New Canvas State Transitions                        
┌───────────────────────────────────────────────────────────────────────────────────────────────────────────────────────
│ {key: defaultPattern, value: 1}
├┄┄┄┄┄┄┄┄┄┄┄┄┄┄┄┄┄┄┄┄┄┄┄┄┄┄┄┄┄┄┄┄┄┄┄┄┄┄┄┄┄┄┄┄┄┄┄┄┄┄┄┄┄┄┄┄┄┄┄┄┄┄┄┄┄┄┄┄┄┄┄┄┄┄┄┄┄┄┄┄┄┄┄┄┄┄┄┄┄┄┄┄┄┄┄┄┄┄┄┄┄┄┄┄┄┄┄┄┄┄┄┄┄┄┄┄┄┄┄
│ #0   AppLogger.database (package:filler/core/logging.dart:49:13)
│ #1   AppDatabase.setPreferenceValue (package:filler/data/database.dart:337:17)
│ #2   <asynchronous suspension>
│ #3   PreferencesRepository._ensureDefaults (package:filler/domain/repositories.dart:524:9)

00:01 +11: /Users/mr42/code/flutter/tmp/filler/test/features/prefs/presentation/preferences_bloc_test.dart: PreferencesBloc PreferencesEvent.save ignores save when not ready                          
┌───────────────────────────────────────────────────────────────────────────────────────────────────────────────────────

00:01 +11: /Users/mr42/code/flutter/tmp/filler/test/integration/page_state_transitions_test.dart: BLoC State Transitions - All Pages Canvas BLoC - New Canvas State Transitions                        
│ #4   <asynchronous suspension>

00:01 +11: /Users/mr42/code/flutter/tmp/filler/test/features/prefs/presentation/preferences_bloc_test.dart: PreferencesBloc PreferencesEvent.save ignores save when not ready                          
│ #0   AppLogger.bloc (package:filler/core/logging.dart:44:13)

00:01 +11: /Users/mr42/code/flutter/tmp/filler/test/integration/page_state_transitions_test.dart: BLoC State Transitions - All Pages Canvas BLoC - New Canvas State Transitions                        
│ #5   PreferencesRepository.get (package:filler/domain/repositories.dart:454:7)

00:01 +11: /Users/mr42/code/flutter/tmp/filler/test/features/prefs/presentation/preferences_bloc_test.dart: PreferencesBloc PreferencesEvent.save ignores save when not ready                          
│ #1   new PreferencesBloc (package:filler/features/prefs/presentation/preferences_bloc.dart:77:15)

00:01 +11: /Users/mr42/code/flutter/tmp/filler/test/integration/page_state_transitions_test.dart: BLoC State Transitions - All Pages Canvas BLoC - New Canvas State Transitions                        
│ #6   <asynchronous suspension>
│ #7   new CanvasBloc.<anonymous closure> (package:filler/features/canvas/presentation/canvas_bloc.dart:113:19)

00:01 +11: /Users/mr42/code/flutter/tmp/filler/test/features/prefs/presentation/preferences_bloc_test.dart: PreferencesBloc PreferencesEvent.save ignores save when not ready                          
├┄┄┄┄┄┄┄┄┄┄┄┄┄┄┄┄┄┄┄┄┄┄┄┄┄┄┄┄┄┄┄┄┄┄┄┄┄┄┄┄┄┄┄┄┄┄┄┄┄┄┄┄┄┄┄┄┄┄┄┄┄┄┄┄┄┄┄┄┄┄┄┄┄┄┄┄┄┄┄┄┄┄┄┄┄┄┄┄┄┄┄┄┄┄┄┄┄┄┄┄┄┄┄┄┄┄┄┄┄┄┄┄┄┄┄┄┄┄┄

00:01 +11: /Users/mr42/code/flutter/tmp/filler/test/integration/page_state_transitions_test.dart: BLoC State Transitions - All Pages Canvas BLoC - New Canvas State Transitions                        
├┄┄┄┄┄┄┄┄┄┄┄┄┄┄┄┄┄┄┄┄┄┄┄┄┄┄┄┄┄┄┄┄┄┄┄┄┄┄┄┄┄┄┄┄┄┄┄┄┄┄┄┄┄┄┄┄┄┄┄┄┄┄┄┄┄┄┄┄┄┄┄┄┄┄┄┄┄┄┄┄┄┄┄┄┄┄┄┄┄┄┄┄┄┄┄┄┄┄┄┄┄┄┄┄┄┄┄┄┄┄┄┄┄┄┄┄┄┄┄
│ 07:38:47.979 (+0:00:00.174831)

00:01 +11: /Users/mr42/code/flutter/tmp/filler/test/features/prefs/presentation/preferences_bloc_test.dart: PreferencesBloc PreferencesEvent.save ignores save when not ready                          
│ 07:38:47.979 (+0:00:00.131044)

00:01 +11: /Users/mr42/code/flutter/tmp/filler/test/integration/page_state_transitions_test.dart: BLoC State Transitions - All Pages Canvas BLoC - New Canvas State Transitions                        
├┄┄┄┄┄┄┄┄┄┄┄┄┄┄┄┄┄┄┄┄┄┄┄┄┄┄┄┄┄┄┄┄┄┄┄┄┄┄┄┄┄┄┄┄┄┄┄┄┄┄┄┄┄┄┄┄┄┄┄┄┄┄┄┄┄┄┄┄┄┄┄┄┄┄┄┄┄┄┄┄┄┄┄┄┄┄┄┄┄┄┄┄┄┄┄┄┄┄┄┄┄┄┄┄┄┄┄┄┄┄┄┄┄┄┄┄┄┄┄

00:01 +11: /Users/mr42/code/flutter/tmp/filler/test/integration/app_flow_test.dart: App Flow Integration Tests preferences management flow                                                             
┌───────────────────────────────────────────────────────────────────────────────────────────────────────────────────────

00:01 +11: /Users/mr42/code/flutter/tmp/filler/test/features/prefs/presentation/preferences_bloc_test.dart: PreferencesBloc PreferencesEvent.save ignores save when not ready                          
├┄┄┄┄┄┄┄┄┄┄┄┄┄┄┄┄┄┄┄┄┄┄┄┄┄┄┄┄┄┄┄┄┄┄┄┄┄┄┄┄┄┄┄┄┄┄┄┄┄┄┄┄┄┄┄┄┄┄┄┄┄┄┄┄┄┄┄┄┄┄┄┄┄┄┄┄┄┄┄┄┄┄┄┄┄┄┄┄┄┄┄┄┄┄┄┄┄┄┄┄┄┄┄┄┄┄┄┄┄┄┄┄┄┄┄┄┄┄┄

00:01 +11: /Users/mr42/code/flutter/tmp/filler/test/integration/app_flow_test.dart: App Flow Integration Tests preferences management flow                                                             
│ {key: width, value: 15}
├┄┄┄┄┄┄┄┄┄┄┄┄┄┄┄┄┄┄┄┄┄┄┄┄┄┄┄┄┄┄┄┄┄┄┄┄┄┄┄┄┄┄┄┄┄┄┄┄┄┄┄┄┄┄┄┄┄┄┄┄┄┄┄┄┄┄┄┄┄┄┄┄┄┄┄┄┄┄┄┄┄┄┄┄┄┄┄┄┄┄┄┄┄┄┄┄┄┄┄┄┄┄┄┄┄┄┄┄┄┄┄┄┄┄┄┄┄┄┄

00:01 +11: /Users/mr42/code/flutter/tmp/filler/test/integration/page_state_transitions_test.dart: BLoC State Transitions - All Pages Canvas BLoC - New Canvas State Transitions                        
│ 🐛 💾 Database: Preference value saved

00:01 +11: /Users/mr42/code/flutter/tmp/filler/test/integration/app_flow_test.dart: App Flow Integration Tests preferences management flow                                                             
│ #0   AppLogger.database (package:filler/core/logging.dart:49:13)

00:01 +11: /Users/mr42/code/flutter/tmp/filler/test/features/prefs/presentation/preferences_bloc_test.dart: PreferencesBloc PreferencesEvent.save ignores save when not ready                          
│ 🐛 🔄 BLoC[Preferences]: BLoC Created | null → initial
└───────────────────────────────────────────────────────────────────────────────────────────────────────────────────────

00:01 +11: /Users/mr42/code/flutter/tmp/filler/test/integration/app_flow_test.dart: App Flow Integration Tests preferences management flow                                                             
│ #1   AppDatabase.setPreferenceValue (package:filler/data/database.dart:337:17)

00:01 +11: /Users/mr42/code/flutter/tmp/filler/test/integration/page_state_transitions_test.dart: BLoC State Transitions - All Pages Canvas BLoC - New Canvas State Transitions                        
└───────────────────────────────────────────────────────────────────────────────────────────────────────────────────────

00:01 +11: /Users/mr42/code/flutter/tmp/filler/test/integration/app_flow_test.dart: App Flow Integration Tests preferences management flow                                                             
│ #2   <asynchronous suspension>
│ #3   Future.wait.<anonymous closure> (dart:async/future.dart:525:21)
│ #4   <asynchronous suspension>
│ #5   PreferencesRepository.save (package:filler/domain/repositories.dart:556:7)
│ #6   <asynchronous suspension>
│ #7   main.<anonymous closure>.<anonymous closure> (file:///Users/mr42/code/flutter/tmp/filler/test/integration/app_flow_test.dart:64:7)

00:01 +11: /Users/mr42/code/flutter/tmp/filler/test/integration/page_state_transitions_test.dart: BLoC State Transitions - All Pages Canvas BLoC - New Canvas State Transitions                        
┌───────────────────────────────────────────────────────────────────────────────────────────────────────────────────────
│ {key: themeMode, value: 2}
├┄┄┄┄┄┄┄┄┄┄┄┄┄┄┄┄┄┄┄┄┄┄┄┄┄┄┄┄┄┄┄┄┄┄┄┄┄┄┄┄┄┄┄┄┄┄┄┄┄┄┄┄┄┄┄┄┄┄┄┄┄┄┄┄┄┄┄┄┄┄┄┄┄┄┄┄┄┄┄┄┄┄┄┄┄┄┄┄┄┄┄┄┄┄┄┄┄┄┄┄┄┄┄┄┄┄┄┄┄┄┄┄┄┄┄┄┄┄┄

00:01 +11: /Users/mr42/code/flutter/tmp/filler/test/integration/app_flow_test.dart: App Flow Integration Tests preferences management flow                                                             
├┄┄┄┄┄┄┄┄┄┄┄┄┄┄┄┄┄┄┄┄┄┄┄┄┄┄┄┄┄┄┄┄┄┄┄┄┄┄┄┄┄┄┄┄┄┄┄┄┄┄┄┄┄┄┄┄┄┄┄┄┄┄┄┄┄┄┄┄┄┄┄┄┄┄┄┄┄┄┄┄┄┄┄┄┄┄┄┄┄┄┄┄┄┄┄┄┄┄┄┄┄┄┄┄┄┄┄┄┄┄┄┄┄┄┄┄┄┄┄
│ 07:38:47.980 (+0:00:00.237103)
├┄┄┄┄┄┄┄┄┄┄┄┄┄┄┄┄┄┄┄┄┄┄┄┄┄┄┄┄┄┄┄┄┄┄┄┄┄┄┄┄┄┄┄┄┄┄┄┄┄┄┄┄┄┄┄┄┄┄┄┄┄┄┄┄┄┄┄┄┄┄┄┄┄┄┄┄┄┄┄┄┄┄┄┄┄┄┄┄┄┄┄┄┄┄┄┄┄┄┄┄┄┄┄┄┄┄┄┄┄┄┄┄┄┄┄┄┄┄┄
│ 🐛 💾 Database: Preference value saved

00:01 +11: /Users/mr42/code/flutter/tmp/filler/test/integration/page_state_transitions_test.dart: BLoC State Transitions - All Pages Canvas BLoC - New Canvas State Transitions                        
│ #0   AppLogger.preferences (package:filler/core/logging.dart:64:13)
│ #1   PreferencesRepository._ensureDefaults (package:filler/domain/repositories.dart:519:19)
│ #2   <asynchronous suspension>

00:01 +11: /Users/mr42/code/flutter/tmp/filler/test/integration/app_flow_test.dart: App Flow Integration Tests preferences management flow                                                             
└───────────────────────────────────────────────────────────────────────────────────────────────────────────────────────
┌───────────────────────────────────────────────────────────────────────────────────────────────────────────────────────
│ {key: height, value: 12}
├┄┄┄┄┄┄┄┄┄┄┄┄┄┄┄┄┄┄┄┄┄┄┄┄┄┄┄┄┄┄┄┄┄┄┄┄┄┄┄┄┄┄┄┄┄┄┄┄┄┄┄┄┄┄┄┄┄┄┄┄┄┄┄┄┄┄┄┄┄┄┄┄┄┄┄┄┄┄┄┄┄┄┄┄┄┄┄┄┄┄┄┄┄┄┄┄┄┄┄┄┄┄┄┄┄┄┄┄┄┄┄┄┄┄┄┄┄┄┄
│ #0   AppLogger.database (package:filler/core/logging.dart:49:13)
│ #1   AppDatabase.setPreferenceValue (package:filler/data/database.dart:337:17)
│ #2   <asynchronous suspension>
│ #3   Future.wait.<anonymous closure> (dart:async/future.dart:525:21)

00:01 +11: /Users/mr42/code/flutter/tmp/filler/test/integration/page_state_transitions_test.dart: BLoC State Transitions - All Pages Canvas BLoC - New Canvas State Transitions                        
│ #3   PreferencesRepository.get (package:filler/domain/repositories.dart:454:7)
│ #4   <asynchronous suspension>
│ #5   new CanvasBloc.<anonymous closure> (package:filler/features/canvas/presentation/canvas_bloc.dart:113:19)
│ #6   <asynchronous suspension>
│ #7   Bloc.on.<anonymous closure>.handleEvent (package:bloc/src/bloc.dart:226:13)
├┄┄┄┄┄┄┄┄┄┄┄┄┄┄┄┄┄┄┄┄┄┄┄┄┄┄┄┄┄┄┄┄┄┄┄┄┄┄┄┄┄┄┄┄┄┄┄┄┄┄┄┄┄┄┄┄┄┄┄┄┄┄┄┄┄┄┄┄┄┄┄┄┄┄┄┄┄┄┄┄┄┄┄┄┄┄┄┄┄┄┄┄┄┄┄┄┄┄┄┄┄┄┄┄┄┄┄┄┄┄┄┄┄┄┄┄┄┄┄
│ 07:38:47.981 (+0:00:00.176864)
├┄┄┄┄┄┄┄┄┄┄┄┄┄┄┄┄┄┄┄┄┄┄┄┄┄┄┄┄┄┄┄┄┄┄┄┄┄┄┄┄┄┄┄┄┄┄┄┄┄┄┄┄┄┄┄┄┄┄┄┄┄┄┄┄┄┄┄┄┄┄┄┄┄┄┄┄┄┄┄┄┄┄┄┄┄┄┄┄┄┄┄┄┄┄┄┄┄┄┄┄┄┄┄┄┄┄┄┄┄┄┄┄┄┄┄┄┄┄┄
│ 🐛 ⚙️ Preferences: Creating missing default preference
└───────────────────────────────────────────────────────────────────────────────────────────────────────────────────────
┌───────────────────────────────────────────────────────────────────────────────────────────────────────────────────────
│ {key: themeMode, value: 2, type: int}

00:01 +11: /Users/mr42/code/flutter/tmp/filler/test/integration/app_flow_test.dart: App Flow Integration Tests preferences management flow                                                             
│ #4   <asynchronous suspension>
│ #5   PreferencesRepository.save (package:filler/domain/repositories.dart:556:7)
│ #6   <asynchronous suspension>
│ #7   main.<anonymous closure>.<anonymous closure> (file:///Users/mr42/code/flutter/tmp/filler/test/integration/app_flow_test.dart:64:7)

00:01 +11: /Users/mr42/code/flutter/tmp/filler/test/integration/page_state_transitions_test.dart: BLoC State Transitions - All Pages Canvas BLoC - New Canvas State Transitions                        
├┄┄┄┄┄┄┄┄┄┄┄┄┄┄┄┄┄┄┄┄┄┄┄┄┄┄┄┄┄┄┄┄┄┄┄┄┄┄┄┄┄┄┄┄┄┄┄┄┄┄┄┄┄┄┄┄┄┄┄┄┄┄┄┄┄┄┄┄┄┄┄┄┄┄┄┄┄┄┄┄┄┄┄┄┄┄┄┄┄┄┄┄┄┄┄┄┄┄┄┄┄┄┄┄┄┄┄┄┄┄┄┄┄┄┄┄┄┄┄

00:01 +11: /Users/mr42/code/flutter/tmp/filler/test/integration/app_flow_test.dart: App Flow Integration Tests preferences management flow                                                             
├┄┄┄┄┄┄┄┄┄┄┄┄┄┄┄┄┄┄┄┄┄┄┄┄┄┄┄┄┄┄┄┄┄┄┄┄┄┄┄┄┄┄┄┄┄┄┄┄┄┄┄┄┄┄┄┄┄┄┄┄┄┄┄┄┄┄┄┄┄┄┄┄┄┄┄┄┄┄┄┄┄┄┄┄┄┄┄┄┄┄┄┄┄┄┄┄┄┄┄┄┄┄┄┄┄┄┄┄┄┄┄┄┄┄┄┄┄┄┄

00:01 +11: /Users/mr42/code/flutter/tmp/filler/test/features/prefs/presentation/preferences_bloc_test.dart: PreferencesBloc PreferencesEvent.save ignores save when not ready                          
┌───────────────────────────────────────────────────────────────────────────────────────────────────────────────────────
│ #0   AppLogger.preferences (package:filler/core/logging.dart:64:13)
│ #1   new PreferencesBloc.<anonymous closure> (package:filler/features/prefs/presentation/preferences_bloc.dart:241:17)
├┄┄┄┄┄┄┄┄┄┄┄┄┄┄┄┄┄┄┄┄┄┄┄┄┄┄┄┄┄┄┄┄┄┄┄┄┄┄┄┄┄┄┄┄┄┄┄┄┄┄┄┄┄┄┄┄┄┄┄┄┄┄┄┄┄┄┄┄┄┄┄┄┄┄┄┄┄┄┄┄┄┄┄┄┄┄┄┄┄┄┄┄┄┄┄┄┄┄┄┄┄┄┄┄┄┄┄┄┄┄┄┄┄┄┄┄┄┄┄
│ 07:38:47.982 (+0:00:00.133575)
├┄┄┄┄┄┄┄┄┄┄┄┄┄┄┄┄┄┄┄┄┄┄┄┄┄┄┄┄┄┄┄┄┄┄┄┄┄┄┄┄┄┄┄┄┄┄┄┄┄┄┄┄┄┄┄┄┄┄┄┄┄┄┄┄┄┄┄┄┄┄┄┄┄┄┄┄┄┄┄┄┄┄┄┄┄┄┄┄┄┄┄┄┄┄┄┄┄┄┄┄┄┄┄┄┄┄┄┄┄┄┄┄┄┄┄┄┄┄┄
│ 🐛 ⚙️ Preferences: Save requested
└───────────────────────────────────────────────────────────────────────────────────────────────────────────────────────

00:01 +11: /Users/mr42/code/flutter/tmp/filler/test/integration/app_flow_test.dart: App Flow Integration Tests preferences management flow                                                             
│ 07:38:47.982 (+0:00:00.239435)
├┄┄┄┄┄┄┄┄┄┄┄┄┄┄┄┄┄┄┄┄┄┄┄┄┄┄┄┄┄┄┄┄┄┄┄┄┄┄┄┄┄┄┄┄┄┄┄┄┄┄┄┄┄┄┄┄┄┄┄┄┄┄┄┄┄┄┄┄┄┄┄┄┄┄┄┄┄┄┄┄┄┄┄┄┄┄┄┄┄┄┄┄┄┄┄┄┄┄┄┄┄┄┄┄┄┄┄┄┄┄┄┄┄┄┄┄┄┄┄
│ 🐛 💾 Database: Preference value saved

00:01 +11: /Users/mr42/code/flutter/tmp/filler/test/features/prefs/presentation/preferences_bloc_test.dart: PreferencesBloc PreferencesEvent.save ignores save when not ready                          
[38;5;208m┌───────────────────────────────────────────────────────────────────────────────────────────────────────────────────────[0m

00:01 +11: /Users/mr42/code/flutter/tmp/filler/test/integration/app_flow_test.dart: App Flow Integration Tests preferences management flow                                                             
└───────────────────────────────────────────────────────────────────────────────────────────────────────────────────────

00:01 +11: /Users/mr42/code/flutter/tmp/filler/test/features/prefs/presentation/preferences_bloc_test.dart: PreferencesBloc PreferencesEvent.save ignores save when not ready                          
[38;5;208m│ #0   AppLogger.warning (package:filler/core/logging.dart:122:13)[0m
[38;5;208m│ #1   new PreferencesBloc.<anonymous closure>.<anonymous closure> (package:filler/features/prefs/presentation/preferences_bloc.dart:295:21)[0m

00:01 +11: /Users/mr42/code/flutter/tmp/filler/test/integration/page_state_transitions_test.dart: BLoC State Transitions - All Pages Canvas BLoC - New Canvas State Transitions                        
│ #0   AppLogger.database (package:filler/core/logging.dart:49:13)
│ #1   AppDatabase.setPreferenceValue (package:filler/data/database.dart:301:15)

00:01 +11: /Users/mr42/code/flutter/tmp/filler/test/features/prefs/presentation/preferences_bloc_test.dart: PreferencesBloc PreferencesEvent.save ignores save when not ready                          
[38;5;208m├┄┄┄┄┄┄┄┄┄┄┄┄┄┄┄┄┄┄┄┄┄┄┄┄┄┄┄┄┄┄┄┄┄┄┄┄┄┄┄┄┄┄┄┄┄┄┄┄┄┄┄┄┄┄┄┄┄┄┄┄┄┄┄┄┄┄┄┄┄┄┄┄┄┄┄┄┄┄┄┄┄┄┄┄┄┄┄┄┄┄┄┄┄┄┄┄┄┄┄┄┄┄┄┄┄┄┄┄┄┄┄┄┄┄┄┄┄┄┄[0m

00:01 +11: /Users/mr42/code/flutter/tmp/filler/test/integration/page_state_transitions_test.dart: BLoC State Transitions - All Pages Canvas BLoC - New Canvas State Transitions                        
│ #2   PreferencesRepository._ensureDefaults (package:filler/domain/repositories.dart:524:19)
│ #3   <asynchronous suspension>

00:01 +11: /Users/mr42/code/flutter/tmp/filler/test/features/prefs/presentation/preferences_bloc_test.dart: PreferencesBloc PreferencesEvent.save ignores save when not ready                          
[38;5;208m│ 07:38:47.983 (+0:00:00.135220)[0m

00:01 +11: /Users/mr42/code/flutter/tmp/filler/test/integration/page_state_transitions_test.dart: BLoC State Transitions - All Pages Canvas BLoC - New Canvas State Transitions                        
│ #4   PreferencesRepository.get (package:filler/domain/repositories.dart:454:7)

00:01 +11: /Users/mr42/code/flutter/tmp/filler/test/features/prefs/presentation/preferences_bloc_test.dart: PreferencesBloc PreferencesEvent.save ignores save when not ready                          
[38;5;208m├┄┄┄┄┄┄┄┄┄┄┄┄┄┄┄┄┄┄┄┄┄┄┄┄┄┄┄┄┄┄┄┄┄┄┄┄┄┄┄┄┄┄┄┄┄┄┄┄┄┄┄┄┄┄┄┄┄┄┄┄┄┄┄┄┄┄┄┄┄┄┄┄┄┄┄┄┄┄┄┄┄┄┄┄┄┄┄┄┄┄┄┄┄┄┄┄┄┄┄┄┄┄┄┄┄┄┄┄┄┄┄┄┄┄┄┄┄┄┄[0m
[38;5;208m│ ⚠️ ⚠️ Warning: Save called but preferences not ready[0m

00:01 +11: /Users/mr42/code/flutter/tmp/filler/test/integration/page_state_transitions_test.dart: BLoC State Transitions - All Pages Canvas BLoC - New Canvas State Transitions                        
│ #5   <asynchronous suspension>
│ #6   new CanvasBloc.<anonymous closure> (package:filler/features/canvas/presentation/canvas_bloc.dart:113:19)
│ #7   <asynchronous suspension>
├┄┄┄┄┄┄┄┄┄┄┄┄┄┄┄┄┄┄┄┄┄┄┄┄┄┄┄┄┄┄┄┄┄┄┄┄┄┄┄┄┄┄┄┄┄┄┄┄┄┄┄┄┄┄┄┄┄┄┄┄┄┄┄┄┄┄┄┄┄┄┄┄┄┄┄┄┄┄┄┄┄┄┄┄┄┄┄┄┄┄┄┄┄┄┄┄┄┄┄┄┄┄┄┄┄┄┄┄┄┄┄┄┄┄┄┄┄┄┄

00:01 +11: /Users/mr42/code/flutter/tmp/filler/test/features/prefs/presentation/preferences_bloc_test.dart: PreferencesBloc PreferencesEvent.save ignores save when not ready                          
[38;5;208m└───────────────────────────────────────────────────────────────────────────────────────────────────────────────────────[0m

00:01 +11: /Users/mr42/code/flutter/tmp/filler/test/integration/app_flow_test.dart: App Flow Integration Tests preferences management flow                                                             
┌───────────────────────────────────────────────────────────────────────────────────────────────────────────────────────
│ {key: insets, value: 2}
├┄┄┄┄┄┄┄┄┄┄┄┄┄┄┄┄┄┄┄┄┄┄┄┄┄┄┄┄┄┄┄┄┄┄┄┄┄┄┄┄┄┄┄┄┄┄┄┄┄┄┄┄┄┄┄┄┄┄┄┄┄┄┄┄┄┄┄┄┄┄┄┄┄┄┄┄┄┄┄┄┄┄┄┄┄┄┄┄┄┄┄┄┄┄┄┄┄┄┄┄┄┄┄┄┄┄┄┄┄┄┄┄┄┄┄┄┄┄┄
│ #0   AppLogger.database (package:filler/core/logging.dart:49:13)
│ #1   AppDatabase.setPreferenceValue (package:filler/data/database.dart:337:17)
│ #2   <asynchronous suspension>

00:01 +11: /Users/mr42/code/flutter/tmp/filler/test/integration/page_state_transitions_test.dart: BLoC State Transitions - All Pages Canvas BLoC - New Canvas State Transitions                        
│ 07:38:47.982 (+0:00:00.178799)
├┄┄┄┄┄┄┄┄┄┄┄┄┄┄┄┄┄┄┄┄┄┄┄┄┄┄┄┄┄┄┄┄┄┄┄┄┄┄┄┄┄┄┄┄┄┄┄┄┄┄┄┄┄┄┄┄┄┄┄┄┄┄┄┄┄┄┄┄┄┄┄┄┄┄┄┄┄┄┄┄┄┄┄┄┄┄┄┄┄┄┄┄┄┄┄┄┄┄┄┄┄┄┄┄┄┄┄┄┄┄┄┄┄┄┄┄┄┄┄

00:01 +11: /Users/mr42/code/flutter/tmp/filler/test/integration/app_flow_test.dart: App Flow Integration Tests preferences management flow                                                             
│ #3   Future.wait.<anonymous closure> (dart:async/future.dart:525:21)
│ #4   <asynchronous suspension>
│ #5   PreferencesRepository.save (package:filler/domain/repositories.dart:556:7)

00:01 +11: /Users/mr42/code/flutter/tmp/filler/test/integration/page_state_transitions_test.dart: BLoC State Transitions - All Pages Canvas BLoC - New Canvas State Transitions                        
│ 🐛 💾 Database: Setting preference value
└───────────────────────────────────────────────────────────────────────────────────────────────────────────────────────

00:01 +11: /Users/mr42/code/flutter/tmp/filler/test/integration/app_flow_test.dart: App Flow Integration Tests preferences management flow                                                             
│ #6   <asynchronous suspension>
│ #7   main.<anonymous closure>.<anonymous closure> (file:///Users/mr42/code/flutter/tmp/filler/test/integration/app_flow_test.dart:64:7)
├┄┄┄┄┄┄┄┄┄┄┄┄┄┄┄┄┄┄┄┄┄┄┄┄┄┄┄┄┄┄┄┄┄┄┄┄┄┄┄┄┄┄┄┄┄┄┄┄┄┄┄┄┄┄┄┄┄┄┄┄┄┄┄┄┄┄┄┄┄┄┄┄┄┄┄┄┄┄┄┄┄┄┄┄┄┄┄┄┄┄┄┄┄┄┄┄┄┄┄┄┄┄┄┄┄┄┄┄┄┄┄┄┄┄┄┄┄┄┄
│ 07:38:47.984 (+0:00:00.241908)
├┄┄┄┄┄┄┄┄┄┄┄┄┄┄┄┄┄┄┄┄┄┄┄┄┄┄┄┄┄┄┄┄┄┄┄┄┄┄┄┄┄┄┄┄┄┄┄┄┄┄┄┄┄┄┄┄┄┄┄┄┄┄┄┄┄┄┄┄┄┄┄┄┄┄┄┄┄┄┄┄┄┄┄┄┄┄┄┄┄┄┄┄┄┄┄┄┄┄┄┄┄┄┄┄┄┄┄┄┄┄┄┄┄┄┄┄┄┄┄
│ 🐛 💾 Database: Preference value saved
└───────────────────────────────────────────────────────────────────────────────────────────────────────────────────────

00:01 +12: /Users/mr42/code/flutter/tmp/filler/test/integration/platform_specific_test.dart: Platform-Specific Database Integration Preferences Persistence Works Cross-Platform                       
00:01 +12: /Users/mr42/code/flutter/tmp/filler/test/integration/page_state_transitions_test.dart: BLoC State Transitions - All Pages Canvas BLoC - New Canvas State Transitions                        
┌───────────────────────────────────────────────────────────────────────────────────────────────────────────────────────
│ {key: themeMode, value: 2}
├┄┄┄┄┄┄┄┄┄┄┄┄┄┄┄┄┄┄┄┄┄┄┄┄┄┄┄┄┄┄┄┄┄┄┄┄┄┄┄┄┄┄┄┄┄┄┄┄┄┄┄┄┄┄┄┄┄┄┄┄┄┄┄┄┄┄┄┄┄┄┄┄┄┄┄┄┄┄┄┄┄┄┄┄┄┄┄┄┄┄┄┄┄┄┄┄┄┄┄┄┄┄┄┄┄┄┄┄┄┄┄┄┄┄┄┄┄┄┄

00:01 +12: /Users/mr42/code/flutter/tmp/filler/test/integration/app_flow_test.dart: App Flow Integration Tests preferences management flow                                                             
┌───────────────────────────────────────────────────────────────────────────────────────────────────────────────────────
│ {key: defaultPattern, value: 1}
├┄┄┄┄┄┄┄┄┄┄┄┄┄┄┄┄┄┄┄┄┄┄┄┄┄┄┄┄┄┄┄┄┄┄┄┄┄┄┄┄┄┄┄┄┄┄┄┄┄┄┄┄┄┄┄┄┄┄┄┄┄┄┄┄┄┄┄┄┄┄┄┄┄┄┄┄┄┄┄┄┄┄┄┄┄┄┄┄┄┄┄┄┄┄┄┄┄┄┄┄┄┄┄┄┄┄┄┄┄┄┄┄┄┄┄┄┄┄┄
│ #0   AppLogger.database (package:filler/core/logging.dart:49:13)
│ #1   AppDatabase.setPreferenceValue (package:filler/data/database.dart:337:17)
│ #2   <asynchronous suspension>

00:01 +12: /Users/mr42/code/flutter/tmp/filler/test/integration/page_state_transitions_test.dart: BLoC State Transitions - All Pages Canvas BLoC - New Canvas State Transitions                        
│ #0   AppLogger.database (package:filler/core/logging.dart:49:13)
│ #1   AppDatabase.setPreferenceValue (package:filler/data/database.dart:337:17)
│ #2   <asynchronous suspension>
│ #3   PreferencesRepository._ensureDefaults (package:filler/domain/repositories.dart:524:9)

00:01 +12: /Users/mr42/code/flutter/tmp/filler/test/integration/app_flow_test.dart: App Flow Integration Tests preferences management flow                                                             
│ #3   Future.wait.<anonymous closure> (dart:async/future.dart:525:21)
│ #4   <asynchronous suspension>
│ #5   PreferencesRepository.save (package:filler/domain/repositories.dart:556:7)

00:01 +12: /Users/mr42/code/flutter/tmp/filler/test/integration/page_state_transitions_test.dart: BLoC State Transitions - All Pages Canvas BLoC - New Canvas State Transitions                        
│ #4   <asynchronous suspension>

00:01 +12: /Users/mr42/code/flutter/tmp/filler/test/integration/app_flow_test.dart: App Flow Integration Tests preferences management flow                                                             
│ #6   <asynchronous suspension>

00:01 +12: /Users/mr42/code/flutter/tmp/filler/test/integration/page_state_transitions_test.dart: BLoC State Transitions - All Pages Canvas BLoC - New Canvas State Transitions                        
│ #5   PreferencesRepository.get (package:filler/domain/repositories.dart:454:7)

00:01 +12: /Users/mr42/code/flutter/tmp/filler/test/integration/app_flow_test.dart: App Flow Integration Tests preferences management flow                                                             
│ #7   main.<anonymous closure>.<anonymous closure> (file:///Users/mr42/code/flutter/tmp/filler/test/integration/app_flow_test.dart:64:7)
├┄┄┄┄┄┄┄┄┄┄┄┄┄┄┄┄┄┄┄┄┄┄┄┄┄┄┄┄┄┄┄┄┄┄┄┄┄┄┄┄┄┄┄┄┄┄┄┄┄┄┄┄┄┄┄┄┄┄┄┄┄┄┄┄┄┄┄┄┄┄┄┄┄┄┄┄┄┄┄┄┄┄┄┄┄┄┄┄┄┄┄┄┄┄┄┄┄┄┄┄┄┄┄┄┄┄┄┄┄┄┄┄┄┄┄┄┄┄┄
│ 07:38:47.986 (+0:00:00.243881)
├┄┄┄┄┄┄┄┄┄┄┄┄┄┄┄┄┄┄┄┄┄┄┄┄┄┄┄┄┄┄┄┄┄┄┄┄┄┄┄┄┄┄┄┄┄┄┄┄┄┄┄┄┄┄┄┄┄┄┄┄┄┄┄┄┄┄┄┄┄┄┄┄┄┄┄┄┄┄┄┄┄┄┄┄┄┄┄┄┄┄┄┄┄┄┄┄┄┄┄┄┄┄┄┄┄┄┄┄┄┄┄┄┄┄┄┄┄┄┄
│ 🐛 💾 Database: Preference value saved
└───────────────────────────────────────────────────────────────────────────────────────────────────────────────────────

00:01 +12: /Users/mr42/code/flutter/tmp/filler/test/integration/page_state_transitions_test.dart: BLoC State Transitions - All Pages Canvas BLoC - New Canvas State Transitions                        
│ #6   <asynchronous suspension>
│ #7   new CanvasBloc.<anonymous closure> (package:filler/features/canvas/presentation/canvas_bloc.dart:113:19)
├┄┄┄┄┄┄┄┄┄┄┄┄┄┄┄┄┄┄┄┄┄┄┄┄┄┄┄┄┄┄┄┄┄┄┄┄┄┄┄┄┄┄┄┄┄┄┄┄┄┄┄┄┄┄┄┄┄┄┄┄┄┄┄┄┄┄┄┄┄┄┄┄┄┄┄┄┄┄┄┄┄┄┄┄┄┄┄┄┄┄┄┄┄┄┄┄┄┄┄┄┄┄┄┄┄┄┄┄┄┄┄┄┄┄┄┄┄┄┄
│ 07:38:47.986 (+0:00:00.182642)
├┄┄┄┄┄┄┄┄┄┄┄┄┄┄┄┄┄┄┄┄┄┄┄┄┄┄┄┄┄┄┄┄┄┄┄┄┄┄┄┄┄┄┄┄┄┄┄┄┄┄┄┄┄┄┄┄┄┄┄┄┄┄┄┄┄┄┄┄┄┄┄┄┄┄┄┄┄┄┄┄┄┄┄┄┄┄┄┄┄┄┄┄┄┄┄┄┄┄┄┄┄┄┄┄┄┄┄┄┄┄┄┄┄┄┄┄┄┄┄
│ 🐛 💾 Database: Preference value saved
└───────────────────────────────────────────────────────────────────────────────────────────────────────────────────────

00:01 +12: /Users/mr42/code/flutter/tmp/filler/test/integration/app_flow_test.dart: App Flow Integration Tests preferences management flow                                                             
┌───────────────────────────────────────────────────────────────────────────────────────────────────────────────────────
│ {key: themeMode, value: 2}
├┄┄┄┄┄┄┄┄┄┄┄┄┄┄┄┄┄┄┄┄┄┄┄┄┄┄┄┄┄┄┄┄┄┄┄┄┄┄┄┄┄┄┄┄┄┄┄┄┄┄┄┄┄┄┄┄┄┄┄┄┄┄┄┄┄┄┄┄┄┄┄┄┄┄┄┄┄┄┄┄┄┄┄┄┄┄┄┄┄┄┄┄┄┄┄┄┄┄┄┄┄┄┄┄┄┄┄┄┄┄┄┄┄┄┄┄┄┄┄

00:01 +12: /Users/mr42/code/flutter/tmp/filler/test/integration/page_state_transitions_test.dart: BLoC State Transitions - All Pages Canvas BLoC - New Canvas State Transitions                        
┌───────────────────────────────────────────────────────────────────────────────────────────────────────────────────────
│ {width: 10, height: 10, insets: 0, defaultPattern: 1, themeMode: 2, fetchTime: 55ms, keysFromDb: 0}
├┄┄┄┄┄┄┄┄┄┄┄┄┄┄┄┄┄┄┄┄┄┄┄┄┄┄┄┄┄┄┄┄┄┄┄┄┄┄┄┄┄┄┄┄┄┄┄┄┄┄┄┄┄┄┄┄┄┄┄┄┄┄┄┄┄┄┄┄┄┄┄┄┄┄┄┄┄┄┄┄┄┄┄┄┄┄┄┄┄┄┄┄┄┄┄┄┄┄┄┄┄┄┄┄┄┄┄┄┄┄┄┄┄┄┄┄┄┄┄
│ #0   AppLogger.preferences (package:filler/core/logging.dart:64:13)
│ #1   PreferencesRepository.get (package:filler/domain/repositories.dart:464:17)

00:01 +12: /Users/mr42/code/flutter/tmp/filler/test/features/prefs/presentation/preferences_bloc_test.dart: PreferencesBloc PreferencesEvent.save handles save errors gracefully                       
┌───────────────────────────────────────────────────────────────────────────────────────────────────────────────────────
│ #0   AppLogger.bloc (package:filler/core/logging.dart:44:13)

00:01 +12: /Users/mr42/code/flutter/tmp/filler/test/integration/app_flow_test.dart: App Flow Integration Tests preferences management flow                                                             
│ #0   AppLogger.database (package:filler/core/logging.dart:49:13)
│ #1   AppDatabase.setPreferenceValue (package:filler/data/database.dart:337:17)
│ #2   <asynchronous suspension>
│ #3   Future.wait.<anonymous closure> (dart:async/future.dart:525:21)
│ #4   <asynchronous suspension>
│ #5   PreferencesRepository.save (package:filler/domain/repositories.dart:556:7)
│ #6   <asynchronous suspension>

00:01 +12: /Users/mr42/code/flutter/tmp/filler/test/integration/page_state_transitions_test.dart: BLoC State Transitions - All Pages Canvas BLoC - New Canvas State Transitions                        
│ #2   <asynchronous suspension>
│ #3   new CanvasBloc.<anonymous closure> (package:filler/features/canvas/presentation/canvas_bloc.dart:113:19)

00:01 +12: /Users/mr42/code/flutter/tmp/filler/test/integration/app_flow_test.dart: App Flow Integration Tests preferences management flow                                                             
│ #7   main.<anonymous closure>.<anonymous closure> (file:///Users/mr42/code/flutter/tmp/filler/test/integration/app_flow_test.dart:64:7)

00:01 +12: /Users/mr42/code/flutter/tmp/filler/test/integration/page_state_transitions_test.dart: BLoC State Transitions - All Pages Canvas BLoC - New Canvas State Transitions                        
│ #4   <asynchronous suspension>

00:01 +12: /Users/mr42/code/flutter/tmp/filler/test/features/prefs/presentation/preferences_bloc_test.dart: PreferencesBloc PreferencesEvent.save handles save errors gracefully                       
│ #1   new PreferencesBloc (package:filler/features/prefs/presentation/preferences_bloc.dart:77:15)
├┄┄┄┄┄┄┄┄┄┄┄┄┄┄┄┄┄┄┄┄┄┄┄┄┄┄┄┄┄┄┄┄┄┄┄┄┄┄┄┄┄┄┄┄┄┄┄┄┄┄┄┄┄┄┄┄┄┄┄┄┄┄┄┄┄┄┄┄┄┄┄┄┄┄┄┄┄┄┄┄┄┄┄┄┄┄┄┄┄┄┄┄┄┄┄┄┄┄┄┄┄┄┄┄┄┄┄┄┄┄┄┄┄┄┄┄┄┄┄

00:01 +12: /Users/mr42/code/flutter/tmp/filler/test/integration/app_flow_test.dart: App Flow Integration Tests preferences management flow                                                             
├┄┄┄┄┄┄┄┄┄┄┄┄┄┄┄┄┄┄┄┄┄┄┄┄┄┄┄┄┄┄┄┄┄┄┄┄┄┄┄┄┄┄┄┄┄┄┄┄┄┄┄┄┄┄┄┄┄┄┄┄┄┄┄┄┄┄┄┄┄┄┄┄┄┄┄┄┄┄┄┄┄┄┄┄┄┄┄┄┄┄┄┄┄┄┄┄┄┄┄┄┄┄┄┄┄┄┄┄┄┄┄┄┄┄┄┄┄┄┄
│ 07:38:47.989 (+0:00:00.246123)

00:01 +12: /Users/mr42/code/flutter/tmp/filler/test/integration/page_state_transitions_test.dart: BLoC State Transitions - All Pages Canvas BLoC - New Canvas State Transitions                        
│ #5   Bloc.on.<anonymous closure>.handleEvent (package:bloc/src/bloc.dart:226:13)
│ #6   <asynchronous suspension>
├┄┄┄┄┄┄┄┄┄┄┄┄┄┄┄┄┄┄┄┄┄┄┄┄┄┄┄┄┄┄┄┄┄┄┄┄┄┄┄┄┄┄┄┄┄┄┄┄┄┄┄┄┄┄┄┄┄┄┄┄┄┄┄┄┄┄┄┄┄┄┄┄┄┄┄┄┄┄┄┄┄┄┄┄┄┄┄┄┄┄┄┄┄┄┄┄┄┄┄┄┄┄┄┄┄┄┄┄┄┄┄┄┄┄┄┄┄┄┄

00:01 +12: /Users/mr42/code/flutter/tmp/filler/test/features/prefs/presentation/preferences_bloc_test.dart: PreferencesBloc PreferencesEvent.save handles save errors gracefully                       
│ 07:38:47.989 (+0:00:00.141246)
├┄┄┄┄┄┄┄┄┄┄┄┄┄┄┄┄┄┄┄┄┄┄┄┄┄┄┄┄┄┄┄┄┄┄┄┄┄┄┄┄┄┄┄┄┄┄┄┄┄┄┄┄┄┄┄┄┄┄┄┄┄┄┄┄┄┄┄┄┄┄┄┄┄┄┄┄┄┄┄┄┄┄┄┄┄┄┄┄┄┄┄┄┄┄┄┄┄┄┄┄┄┄┄┄┄┄┄┄┄┄┄┄┄┄┄┄┄┄┄
│ 🐛 🔄 BLoC[Preferences]: BLoC Created | null → initial
└───────────────────────────────────────────────────────────────────────────────────────────────────────────────────────

00:01 +12: /Users/mr42/code/flutter/tmp/filler/test/integration/page_state_transitions_test.dart: BLoC State Transitions - All Pages Canvas BLoC - New Canvas State Transitions                        
│ 07:38:47.989 (+0:00:00.185037)
├┄┄┄┄┄┄┄┄┄┄┄┄┄┄┄┄┄┄┄┄┄┄┄┄┄┄┄┄┄┄┄┄┄┄┄┄┄┄┄┄┄┄┄┄┄┄┄┄┄┄┄┄┄┄┄┄┄┄┄┄┄┄┄┄┄┄┄┄┄┄┄┄┄┄┄┄┄┄┄┄┄┄┄┄┄┄┄┄┄┄┄┄┄┄┄┄┄┄┄┄┄┄┄┄┄┄┄┄┄┄┄┄┄┄┄┄┄┄┄
│ 🐛 ⚙️ Preferences: Constructed preferences model

00:01 +12: /Users/mr42/code/flutter/tmp/filler/test/integration/app_flow_test.dart: App Flow Integration Tests preferences management flow                                                             
├┄┄┄┄┄┄┄┄┄┄┄┄┄┄┄┄┄┄┄┄┄┄┄┄┄┄┄┄┄┄┄┄┄┄┄┄┄┄┄┄┄┄┄┄┄┄┄┄┄┄┄┄┄┄┄┄┄┄┄┄┄┄┄┄┄┄┄┄┄┄┄┄┄┄┄┄┄┄┄┄┄┄┄┄┄┄┄┄┄┄┄┄┄┄┄┄┄┄┄┄┄┄┄┄┄┄┄┄┄┄┄┄┄┄┄┄┄┄┄
│ 🐛 💾 Database: Preference value saved
└───────────────────────────────────────────────────────────────────────────────────────────────────────────────────────
┌───────────────────────────────────────────────────────────────────────────────────────────────────────────────────────
│ {saveTime: 25ms, keysUpdated: [width, height, insets, defaultPattern, themeMode]}
├┄┄┄┄┄┄┄┄┄┄┄┄┄┄┄┄┄┄┄┄┄┄┄┄┄┄┄┄┄┄┄┄┄┄┄┄┄┄┄┄┄┄┄┄┄┄┄┄┄┄┄┄┄┄┄┄┄┄┄┄┄┄┄┄┄┄┄┄┄┄┄┄┄┄┄┄┄┄┄┄┄┄┄┄┄┄┄┄┄┄┄┄┄┄┄┄┄┄┄┄┄┄┄┄┄┄┄┄┄┄┄┄┄┄┄┄┄┄┄
│ #0   AppLogger.preferences (package:filler/core/logging.dart:64:13)
│ #1   PreferencesRepository.save (package:filler/domain/repositories.dart:570:17)
│ #2   <asynchronous suspension>
│ #3   main.<anonymous closure>.<anonymous closure> (file:///Users/mr42/code/flutter/tmp/filler/test/integration/app_flow_test.dart:64:7)
│ #4   <asynchronous suspension>
│ #5   Declarer.test.<anonymous closure>.<anonymous closure> (package:test_api/src/backend/declarer.dart:242:9)
│ #6   <asynchronous suspension>
│ #7   Declarer.test.<anonymous closure> (package:test_api/src/backend/declarer.dart:240:7)
├┄┄┄┄┄┄┄┄┄┄┄┄┄┄┄┄┄┄┄┄┄┄┄┄┄┄┄┄┄┄┄┄┄┄┄┄┄┄┄┄┄┄┄┄┄┄┄┄┄┄┄┄┄┄┄┄┄┄┄┄┄┄┄┄┄┄┄┄┄┄┄┄┄┄┄┄┄┄┄┄┄┄┄┄┄┄┄┄┄┄┄┄┄┄┄┄┄┄┄┄┄┄┄┄┄┄┄┄┄┄┄┄┄┄┄┄┄┄┄
│ 07:38:47.991 (+0:00:00.248806)
├┄┄┄┄┄┄┄┄┄┄┄┄┄┄┄┄┄┄┄┄┄┄┄┄┄┄┄┄┄┄┄┄┄┄┄┄┄┄┄┄┄┄┄┄┄┄┄┄┄┄┄┄┄┄┄┄┄┄┄┄┄┄┄┄┄┄┄┄┄┄┄┄┄┄┄┄┄┄┄┄┄┄┄┄┄┄┄┄┄┄┄┄┄┄┄┄┄┄┄┄┄┄┄┄┄┄┄┄┄┄┄┄┄┄┄┄┄┄┄

00:01 +12: /Users/mr42/code/flutter/tmp/filler/test/integration/page_state_transitions_test.dart: BLoC State Transitions - All Pages Canvas BLoC - New Canvas State Transitions                        
└───────────────────────────────────────────────────────────────────────────────────────────────────────────────────────
┌───────────────────────────────────────────────────────────────────────────────────────────────────────────────────────
│ {width: 10, height: 10, insets: 0, defaultPattern: 1}
├┄┄┄┄┄┄┄┄┄┄┄┄┄┄┄┄┄┄┄┄┄┄┄┄┄┄┄┄┄┄┄┄┄┄┄┄┄┄┄┄┄┄┄┄┄┄┄┄┄┄┄┄┄┄┄┄┄┄┄┄┄┄┄┄┄┄┄┄┄┄┄┄┄┄┄┄┄┄┄┄┄┄┄┄┄┄┄┄┄┄┄┄┄┄┄┄┄┄┄┄┄┄┄┄┄┄┄┄┄┄┄┄┄┄┄┄┄┄┄
│ #0   AppLogger.preferences (package:filler/core/logging.dart:64:13)
│ #1   new CanvasBloc.<anonymous closure> (package:filler/features/canvas/presentation/canvas_bloc.dart:116:19)
│ #2   <asynchronous suspension>
│ #3   Bloc.on.<anonymous closure>.handleEvent (package:bloc/src/bloc.dart:226:13)
│ #4   <asynchronous suspension>
├┄┄┄┄┄┄┄┄┄┄┄┄┄┄┄┄┄┄┄┄┄┄┄┄┄┄┄┄┄┄┄┄┄┄┄┄┄┄┄┄┄┄┄┄┄┄┄┄┄┄┄┄┄┄┄┄┄┄┄┄┄┄┄┄┄┄┄┄┄┄┄┄┄┄┄┄┄┄┄┄┄┄┄┄┄┄┄┄┄┄┄┄┄┄┄┄┄┄┄┄┄┄┄┄┄┄┄┄┄┄┄┄┄┄┄┄┄┄┄
│ 07:38:47.992 (+0:00:00.188461)
├┄┄┄┄┄┄┄┄┄┄┄┄┄┄┄┄┄┄┄┄┄┄┄┄┄┄┄┄┄┄┄┄┄┄┄┄┄┄┄┄┄┄┄┄┄┄┄┄┄┄┄┄┄┄┄┄┄┄┄┄┄┄┄┄┄┄┄┄┄┄┄┄┄┄┄┄┄┄┄┄┄┄┄┄┄┄┄┄┄┄┄┄┄┄┄┄┄┄┄┄┄┄┄┄┄┄┄┄┄┄┄┄┄┄┄┄┄┄┄
│ 🐛 ⚙️ Preferences: Loaded preferences from key-value store
└───────────────────────────────────────────────────────────────────────────────────────────────────────────────────────

00:01 +12: /Users/mr42/code/flutter/tmp/filler/test/features/prefs/presentation/preferences_bloc_test.dart: PreferencesBloc PreferencesEvent.save handles save errors gracefully                       
┌───────────────────────────────────────────────────────────────────────────────────────────────────────────────────────

00:01 +12: /Users/mr42/code/flutter/tmp/filler/test/integration/app_flow_test.dart: App Flow Integration Tests preferences management flow                                                             
│ 🐛 ⚙️ Preferences: All preferences saved successfully
└───────────────────────────────────────────────────────────────────────────────────────────────────────────────────────
┌───────────────────────────────────────────────────────────────────────────────────────────────────────────────────────
│ #0   AppLogger.preferences (package:filler/core/logging.dart:64:13)

00:01 +12: /Users/mr42/code/flutter/tmp/filler/test/features/prefs/presentation/preferences_bloc_test.dart: PreferencesBloc PreferencesEvent.save handles save errors gracefully                       
│ #0   AppLogger.preferences (package:filler/core/logging.dart:64:13)
│ #1   new PreferencesBloc.<anonymous closure> (package:filler/features/prefs/presentation/preferences_bloc.dart:241:17)
├┄┄┄┄┄┄┄┄┄┄┄┄┄┄┄┄┄┄┄┄┄┄┄┄┄┄┄┄┄┄┄┄┄┄┄┄┄┄┄┄┄┄┄┄┄┄┄┄┄┄┄┄┄┄┄┄┄┄┄┄┄┄┄┄┄┄┄┄┄┄┄┄┄┄┄┄┄┄┄┄┄┄┄┄┄┄┄┄┄┄┄┄┄┄┄┄┄┄┄┄┄┄┄┄┄┄┄┄┄┄┄┄┄┄┄┄┄┄┄
│ 07:38:47.994 (+0:00:00.145601)
├┄┄┄┄┄┄┄┄┄┄┄┄┄┄┄┄┄┄┄┄┄┄┄┄┄┄┄┄┄┄┄┄┄┄┄┄┄┄┄┄┄┄┄┄┄┄┄┄┄┄┄┄┄┄┄┄┄┄┄┄┄┄┄┄┄┄┄┄┄┄┄┄┄┄┄┄┄┄┄┄┄┄┄┄┄┄┄┄┄┄┄┄┄┄┄┄┄┄┄┄┄┄┄┄┄┄┄┄┄┄┄┄┄┄┄┄┄┄┄
│ 🐛 ⚙️ Preferences: Save requested

00:01 +12: /Users/mr42/code/flutter/tmp/filler/test/integration/app_flow_test.dart: App Flow Integration Tests preferences management flow                                                             
│ #1   PreferencesRepository.get (package:filler/domain/repositories.dart:423:15)
├┄┄┄┄┄┄┄┄┄┄┄┄┄┄┄┄┄┄┄┄┄┄┄┄┄┄┄┄┄┄┄┄┄┄┄┄┄┄┄┄┄┄┄┄┄┄┄┄┄┄┄┄┄┄┄┄┄┄┄┄┄┄┄┄┄┄┄┄┄┄┄┄┄┄┄┄┄┄┄┄┄┄┄┄┄┄┄┄┄┄┄┄┄┄┄┄┄┄┄┄┄┄┄┄┄┄┄┄┄┄┄┄┄┄┄┄┄┄┄
│ 07:38:47.993 (+0:00:00.250892)

00:01 +12: /Users/mr42/code/flutter/tmp/filler/test/integration/page_state_transitions_test.dart: BLoC State Transitions - All Pages Canvas BLoC - New Canvas State Transitions                        
[38;5;12m┌───────────────────────────────────────────────────────────────────────────────────────────────────────────────────────[0m
[38;5;12m│ #0   AppLogger.performance (package:filler/core/logging.dart:131:13)[0m
[38;5;12m│ #1   new CanvasBloc.<anonymous closure> (package:filler/features/canvas/presentation/canvas_bloc.dart:125:19)[0m
[38;5;12m├┄┄┄┄┄┄┄┄┄┄┄┄┄┄┄┄┄┄┄┄┄┄┄┄┄┄┄┄┄┄┄┄┄┄┄┄┄┄┄┄┄┄┄┄┄┄┄┄┄┄┄┄┄┄┄┄┄┄┄┄┄┄┄┄┄┄┄┄┄┄┄┄┄┄┄┄┄┄┄┄┄┄┄┄┄┄┄┄┄┄┄┄┄┄┄┄┄┄┄┄┄┄┄┄┄┄┄┄┄┄┄┄┄┄┄┄┄┄┄[0m
[38;5;12m│ 07:38:47.994 (+0:00:00.190264)[0m
[38;5;12m├┄┄┄┄┄┄┄┄┄┄┄┄┄┄┄┄┄┄┄┄┄┄┄┄┄┄┄┄┄┄┄┄┄┄┄┄┄┄┄┄┄┄┄┄┄┄┄┄┄┄┄┄┄┄┄┄┄┄┄┄┄┄┄┄┄┄┄┄┄┄┄┄┄┄┄┄┄┄┄┄┄┄┄┄┄┄┄┄┄┄┄┄┄┄┄┄┄┄┄┄┄┄┄┄┄┄┄┄┄┄┄┄┄┄┄┄┄┄┄[0m
[38;5;12m│ 💡 ⏱️ Performance: Preferences fetch took 124ms[0m

00:01 +12: /Users/mr42/code/flutter/tmp/filler/test/integration/app_flow_test.dart: App Flow Integration Tests preferences management flow                                                             
├┄┄┄┄┄┄┄┄┄┄┄┄┄┄┄┄┄┄┄┄┄┄┄┄┄┄┄┄┄┄┄┄┄┄┄┄┄┄┄┄┄┄┄┄┄┄┄┄┄┄┄┄┄┄┄┄┄┄┄┄┄┄┄┄┄┄┄┄┄┄┄┄┄┄┄┄┄┄┄┄┄┄┄┄┄┄┄┄┄┄┄┄┄┄┄┄┄┄┄┄┄┄┄┄┄┄┄┄┄┄┄┄┄┄┄┄┄┄┄
│ 🐛 ⚙️ Preferences: Fetching preferences from key-value store
└───────────────────────────────────────────────────────────────────────────────────────────────────────────────────────

00:01 +12: /Users/mr42/code/flutter/tmp/filler/test/integration/page_state_transitions_test.dart: BLoC State Transitions - All Pages Canvas BLoC - New Canvas State Transitions                        
[38;5;12m└───────────────────────────────────────────────────────────────────────────────────────────────────────────────────────[0m

00:01 +12: /Users/mr42/code/flutter/tmp/filler/test/features/prefs/presentation/preferences_bloc_test.dart: PreferencesBloc PreferencesEvent.save handles save errors gracefully                       
└───────────────────────────────────────────────────────────────────────────────────────────────────────────────────────
┌───────────────────────────────────────────────────────────────────────────────────────────────────────────────────────
│ {width: 10, height: 10, insets: 0, defaultPattern: 1, themeMode: 2}
├┄┄┄┄┄┄┄┄┄┄┄┄┄┄┄┄┄┄┄┄┄┄┄┄┄┄┄┄┄┄┄┄┄┄┄┄┄┄┄┄┄┄┄┄┄┄┄┄┄┄┄┄┄┄┄┄┄┄┄┄┄┄┄┄┄┄┄┄┄┄┄┄┄┄┄┄┄┄┄┄┄┄┄┄┄┄┄┄┄┄┄┄┄┄┄┄┄┄┄┄┄┄┄┄┄┄┄┄┄┄┄┄┄┄┄┄┄┄┄

00:01 +12: /Users/mr42/code/flutter/tmp/filler/test/integration/app_flow_test.dart: App Flow Integration Tests preferences management flow                                                             
┌───────────────────────────────────────────────────────────────────────────────────────────────────────────────────────

00:01 +12: /Users/mr42/code/flutter/tmp/filler/test/features/prefs/presentation/preferences_bloc_test.dart: PreferencesBloc PreferencesEvent.save handles save errors gracefully                       
│ #0   AppLogger.preferences (package:filler/core/logging.dart:64:13)

00:01 +12: /Users/mr42/code/flutter/tmp/filler/test/integration/app_flow_test.dart: App Flow Integration Tests preferences management flow                                                             
│ #0   AppLogger.database (package:filler/core/logging.dart:49:13)

00:01 +12: /Users/mr42/code/flutter/tmp/filler/test/features/prefs/presentation/preferences_bloc_test.dart: PreferencesBloc PreferencesEvent.save handles save errors gracefully                       
│ #1   new PreferencesBloc.<anonymous closure>.<anonymous closure> (package:filler/features/prefs/presentation/preferences_bloc.dart:248:23)
│ #2   _$ReadyImpl.maybeWhen (package:filler/features/prefs/presentation/preferences_bloc.freezed.dart:1770:19)

00:01 +12: /Users/mr42/code/flutter/tmp/filler/test/integration/app_flow_test.dart: App Flow Integration Tests preferences management flow                                                             
│ #1   AppDatabase.getAllPreferences (package:filler/data/database.dart:354:15)

00:01 +12: /Users/mr42/code/flutter/tmp/filler/test/integration/page_state_transitions_test.dart: BLoC State Transitions - All Pages Canvas BLoC - New Canvas State Transitions                        
┌───────────────────────────────────────────────────────────────────────────────────────────────────────────────────────

00:01 +12: /Users/mr42/code/flutter/tmp/filler/test/features/prefs/presentation/preferences_bloc_test.dart: PreferencesBloc PreferencesEvent.save handles save errors gracefully                       
│ #3   new PreferencesBloc.<anonymous closure> (package:filler/features/prefs/presentation/preferences_bloc.dart:243:19)

00:01 +12: /Users/mr42/code/flutter/tmp/filler/test/integration/app_flow_test.dart: App Flow Integration Tests preferences management flow                                                             
├┄┄┄┄┄┄┄┄┄┄┄┄┄┄┄┄┄┄┄┄┄┄┄┄┄┄┄┄┄┄┄┄┄┄┄┄┄┄┄┄┄┄┄┄┄┄┄┄┄┄┄┄┄┄┄┄┄┄┄┄┄┄┄┄┄┄┄┄┄┄┄┄┄┄┄┄┄┄┄┄┄┄┄┄┄┄┄┄┄┄┄┄┄┄┄┄┄┄┄┄┄┄┄┄┄┄┄┄┄┄┄┄┄┄┄┄┄┄┄

00:01 +12: /Users/mr42/code/flutter/tmp/filler/test/features/prefs/presentation/preferences_bloc_test.dart: PreferencesBloc PreferencesEvent.save handles save errors gracefully                       
│ #4   Bloc.on.<anonymous closure>.handleEvent (package:bloc/src/bloc.dart:226:26)
│ #5   Bloc.on.<anonymous closure> (package:bloc/src/bloc.dart:235:9)

00:01 +12: /Users/mr42/code/flutter/tmp/filler/test/integration/app_flow_test.dart: App Flow Integration Tests preferences management flow                                                             
│ 07:38:47.995 (+0:00:00.252607)

00:01 +12: /Users/mr42/code/flutter/tmp/filler/test/integration/page_state_transitions_test.dart: BLoC State Transitions - All Pages Canvas BLoC - New Canvas State Transitions                        
│ {dimensions: 10x10, pixelCount: 100, insets: 0, defaultPattern: 1}
├┄┄┄┄┄┄┄┄┄┄┄┄┄┄┄┄┄┄┄┄┄┄┄┄┄┄┄┄┄┄┄┄┄┄┄┄┄┄┄┄┄┄┄┄┄┄┄┄┄┄┄┄┄┄┄┄┄┄┄┄┄┄┄┄┄┄┄┄┄┄┄┄┄┄┄┄┄┄┄┄┄┄┄┄┄┄┄┄┄┄┄┄┄┄┄┄┄┄┄┄┄┄┄┄┄┄┄┄┄┄┄┄┄┄┄┄┄┄┄
│ #0   AppLogger.canvas (package:filler/core/logging.dart:59:13)

00:01 +12: /Users/mr42/code/flutter/tmp/filler/test/features/prefs/presentation/preferences_bloc_test.dart: PreferencesBloc PreferencesEvent.save handles save errors gracefully                       
│ #6   _MapStream._handleData (dart:async/stream_pipe.dart:247:31)
│ #7   _ForwardingStreamSubscription._handleData (dart:async/stream_pipe.dart:184:13)

00:01 +12: /Users/mr42/code/flutter/tmp/filler/test/integration/page_state_transitions_test.dart: BLoC State Transitions - All Pages Canvas BLoC - New Canvas State Transitions                        
│ #1   new CanvasBloc.<anonymous closure> (package:filler/features/canvas/presentation/canvas_bloc.dart:133:19)

00:01 +12: /Users/mr42/code/flutter/tmp/filler/test/features/prefs/presentation/preferences_bloc_test.dart: PreferencesBloc PreferencesEvent.save handles save errors gracefully                       
├┄┄┄┄┄┄┄┄┄┄┄┄┄┄┄┄┄┄┄┄┄┄┄┄┄┄┄┄┄┄┄┄┄┄┄┄┄┄┄┄┄┄┄┄┄┄┄┄┄┄┄┄┄┄┄┄┄┄┄┄┄┄┄┄┄┄┄┄┄┄┄┄┄┄┄┄┄┄┄┄┄┄┄┄┄┄┄┄┄┄┄┄┄┄┄┄┄┄┄┄┄┄┄┄┄┄┄┄┄┄┄┄┄┄┄┄┄┄┄

00:01 +12: /Users/mr42/code/flutter/tmp/filler/test/integration/page_state_transitions_test.dart: BLoC State Transitions - All Pages Canvas BLoC - New Canvas State Transitions                        
│ #2   <asynchronous suspension>

00:01 +12: /Users/mr42/code/flutter/tmp/filler/test/integration/app_flow_test.dart: App Flow Integration Tests preferences management flow                                                             
├┄┄┄┄┄┄┄┄┄┄┄┄┄┄┄┄┄┄┄┄┄┄┄┄┄┄┄┄┄┄┄┄┄┄┄┄┄┄┄┄┄┄┄┄┄┄┄┄┄┄┄┄┄┄┄┄┄┄┄┄┄┄┄┄┄┄┄┄┄┄┄┄┄┄┄┄┄┄┄┄┄┄┄┄┄┄┄┄┄┄┄┄┄┄┄┄┄┄┄┄┄┄┄┄┄┄┄┄┄┄┄┄┄┄┄┄┄┄┄

00:01 +12: /Users/mr42/code/flutter/tmp/filler/test/integration/page_state_transitions_test.dart: BLoC State Transitions - All Pages Canvas BLoC - New Canvas State Transitions                        
│ #3   Bloc.on.<anonymous closure>.handleEvent (package:bloc/src/bloc.dart:226:13)
│ #4   <asynchronous suspension>
├┄┄┄┄┄┄┄┄┄┄┄┄┄┄┄┄┄┄┄┄┄┄┄┄┄┄┄┄┄┄┄┄┄┄┄┄┄┄┄┄┄┄┄┄┄┄┄┄┄┄┄┄┄┄┄┄┄┄┄┄┄┄┄┄┄┄┄┄┄┄┄┄┄┄┄┄┄┄┄┄┄┄┄┄┄┄┄┄┄┄┄┄┄┄┄┄┄┄┄┄┄┄┄┄┄┄┄┄┄┄┄┄┄┄┄┄┄┄┄

00:01 +12: /Users/mr42/code/flutter/tmp/filler/test/integration/app_flow_test.dart: App Flow Integration Tests preferences management flow                                                             
│ 🐛 💾 Database: Fetching all preferences

00:01 +12: /Users/mr42/code/flutter/tmp/filler/test/integration/page_state_transitions_test.dart: BLoC State Transitions - All Pages Canvas BLoC - New Canvas State Transitions                        
│ 07:38:47.996 (+0:00:00.191854)

00:01 +12: /Users/mr42/code/flutter/tmp/filler/test/features/prefs/presentation/preferences_bloc_test.dart: PreferencesBloc PreferencesEvent.save handles save errors gracefully                       
│ 07:38:47.995 (+0:00:00.146757)
├┄┄┄┄┄┄┄┄┄┄┄┄┄┄┄┄┄┄┄┄┄┄┄┄┄┄┄┄┄┄┄┄┄┄┄┄┄┄┄┄┄┄┄┄┄┄┄┄┄┄┄┄┄┄┄┄┄┄┄┄┄┄┄┄┄┄┄┄┄┄┄┄┄┄┄┄┄┄┄┄┄┄┄┄┄┄┄┄┄┄┄┄┄┄┄┄┄┄┄┄┄┄┄┄┄┄┄┄┄┄┄┄┄┄┄┄┄┄┄
│ 🐛 ⚙️ Preferences: Saving preferences to database

00:01 +12: /Users/mr42/code/flutter/tmp/filler/test/integration/app_flow_test.dart: App Flow Integration Tests preferences management flow                                                             
└───────────────────────────────────────────────────────────────────────────────────────────────────────────────────────

00:01 +12: /Users/mr42/code/flutter/tmp/filler/test/integration/page_state_transitions_test.dart: BLoC State Transitions - All Pages Canvas BLoC - New Canvas State Transitions                        
├┄┄┄┄┄┄┄┄┄┄┄┄┄┄┄┄┄┄┄┄┄┄┄┄┄┄┄┄┄┄┄┄┄┄┄┄┄┄┄┄┄┄┄┄┄┄┄┄┄┄┄┄┄┄┄┄┄┄┄┄┄┄┄┄┄┄┄┄┄┄┄┄┄┄┄┄┄┄┄┄┄┄┄┄┄┄┄┄┄┄┄┄┄┄┄┄┄┄┄┄┄┄┄┄┄┄┄┄┄┄┄┄┄┄┄┄┄┄┄
│ 🐛 🎨 Canvas: Initialized canvas
└───────────────────────────────────────────────────────────────────────────────────────────────────────────────────────
┌───────────────────────────────────────────────────────────────────────────────────────────────────────────────────────
│ #0   AppLogger.bloc (package:filler/core/logging.dart:44:13)

00:01 +12: /Users/mr42/code/flutter/tmp/filler/test/features/prefs/presentation/preferences_bloc_test.dart: PreferencesBloc PreferencesEvent.save handles save errors gracefully                       
└───────────────────────────────────────────────────────────────────────────────────────────────────────────────────────
[38;5;196m┌───────────────────────────────────────────────────────────────────────────────────────────────────────────────────────[0m
[38;5;196m│ Exception: Database error[0m
[38;5;196m├┄┄┄┄┄┄┄┄┄┄┄┄┄┄┄┄┄┄┄┄┄┄┄┄┄┄┄┄┄┄┄┄┄┄┄┄┄┄┄┄┄┄┄┄┄┄┄┄┄┄┄┄┄┄┄┄┄┄┄┄┄┄┄┄┄┄┄┄┄┄┄┄┄┄┄┄┄┄┄┄┄┄┄┄┄┄┄┄┄┄┄┄┄┄┄┄┄┄┄┄┄┄┄┄┄┄┄┄┄┄┄┄┄┄┄┄┄┄┄[0m
[38;5;196m│ #0   When.thenThrow.<anonymous closure> (package:mocktail/src/mocktail.dart:249:7)[0m

00:01 +12: /Users/mr42/code/flutter/tmp/filler/test/integration/page_state_transitions_test.dart: BLoC State Transitions - All Pages Canvas BLoC - New Canvas State Transitions                        
│ #1   new CanvasBloc.<anonymous closure> (package:filler/features/canvas/presentation/canvas_bloc.dart:156:19)

00:01 +12: /Users/mr42/code/flutter/tmp/filler/test/features/prefs/presentation/preferences_bloc_test.dart: PreferencesBloc PreferencesEvent.save handles save errors gracefully                       
[38;5;196m│ #1   Mock.noSuchMethod (package:mocktail/src/mocktail.dart:131:37)[0m
[38;5;196m│ #2   MockPreferencesRepository.save (file:///Users/mr42/code/flutter/tmp/filler/test/features/prefs/presentation/preferences_bloc_test.dart:11:7)[0m

00:01 +12: /Users/mr42/code/flutter/tmp/filler/test/integration/app_flow_test.dart: App Flow Integration Tests preferences management flow                                                             
┌───────────────────────────────────────────────────────────────────────────────────────────────────────────────────────
│ {count: 5, keys: [width, height, insets, defaultPattern, themeMode]}
├┄┄┄┄┄┄┄┄┄┄┄┄┄┄┄┄┄┄┄┄┄┄┄┄┄┄┄┄┄┄┄┄┄┄┄┄┄┄┄┄┄┄┄┄┄┄┄┄┄┄┄┄┄┄┄┄┄┄┄┄┄┄┄┄┄┄┄┄┄┄┄┄┄┄┄┄┄┄┄┄┄┄┄┄┄┄┄┄┄┄┄┄┄┄┄┄┄┄┄┄┄┄┄┄┄┄┄┄┄┄┄┄┄┄┄┄┄┄┄
│ #0   AppLogger.database (package:filler/core/logging.dart:49:13)
│ #1   AppDatabase.getAllPreferences (package:filler/data/database.dart:364:17)

00:01 +12: /Users/mr42/code/flutter/tmp/filler/test/features/prefs/presentation/preferences_bloc_test.dart: PreferencesBloc PreferencesEvent.save handles save errors gracefully                       
[38;5;196m│ #3   new PreferencesBloc.<anonymous closure>.<anonymous closure> (package:filler/features/prefs/presentation/preferences_bloc.dart:259:24)[0m

00:01 +12: /Users/mr42/code/flutter/tmp/filler/test/integration/page_state_transitions_test.dart: BLoC State Transitions - All Pages Canvas BLoC - New Canvas State Transitions                        
├┄┄┄┄┄┄┄┄┄┄┄┄┄┄┄┄┄┄┄┄┄┄┄┄┄┄┄┄┄┄┄┄┄┄┄┄┄┄┄┄┄┄┄┄┄┄┄┄┄┄┄┄┄┄┄┄┄┄┄┄┄┄┄┄┄┄┄┄┄┄┄┄┄┄┄┄┄┄┄┄┄┄┄┄┄┄┄┄┄┄┄┄┄┄┄┄┄┄┄┄┄┄┄┄┄┄┄┄┄┄┄┄┄┄┄┄┄┄┄
│ 07:38:47.997 (+0:00:00.193804)
├┄┄┄┄┄┄┄┄┄┄┄┄┄┄┄┄┄┄┄┄┄┄┄┄┄┄┄┄┄┄┄┄┄┄┄┄┄┄┄┄┄┄┄┄┄┄┄┄┄┄┄┄┄┄┄┄┄┄┄┄┄┄┄┄┄┄┄┄┄┄┄┄┄┄┄┄┄┄┄┄┄┄┄┄┄┄┄┄┄┄┄┄┄┄┄┄┄┄┄┄┄┄┄┄┄┄┄┄┄┄┄┄┄┄┄┄┄┄┄

00:01 +12: /Users/mr42/code/flutter/tmp/filler/test/integration/app_flow_test.dart: App Flow Integration Tests preferences management flow                                                             
│ #2   <asynchronous suspension>
│ #3   PreferencesRepository.get (package:filler/domain/repositories.dart:427:24)

00:01 +12: /Users/mr42/code/flutter/tmp/filler/test/integration/page_state_transitions_test.dart: BLoC State Transitions - All Pages Canvas BLoC - New Canvas State Transitions                        
│ 🐛 🔄 BLoC[Canvas]: Init Complete | loading → ready

00:01 +12: /Users/mr42/code/flutter/tmp/filler/test/integration/app_flow_test.dart: App Flow Integration Tests preferences management flow                                                             
│ #4   <asynchronous suspension>

00:01 +12: /Users/mr42/code/flutter/tmp/filler/test/features/prefs/presentation/preferences_bloc_test.dart: PreferencesBloc PreferencesEvent.save handles save errors gracefully                       
[38;5;196m│ #4   _$ReadyImpl.maybeWhen (package:filler/features/prefs/presentation/preferences_bloc.freezed.dart:1770:19)[0m

00:01 +12: /Users/mr42/code/flutter/tmp/filler/test/integration/page_state_transitions_test.dart: BLoC State Transitions - All Pages Canvas BLoC - New Canvas State Transitions                        
└───────────────────────────────────────────────────────────────────────────────────────────────────────────────────────

00:01 +12: /Users/mr42/code/flutter/tmp/filler/test/features/prefs/presentation/preferences_bloc_test.dart: PreferencesBloc PreferencesEvent.save handles save errors gracefully                       
[38;5;196m│ #5   new PreferencesBloc.<anonymous closure> (package:filler/features/prefs/presentation/preferences_bloc.dart:243:19)[0m
[38;5;196m│ #6   Bloc.on.<anonymous closure>.handleEvent (package:bloc/src/bloc.dart:226:26)[0m

00:01 +12: /Users/mr42/code/flutter/tmp/filler/test/integration/app_flow_test.dart: App Flow Integration Tests preferences management flow                                                             
│ #5   main.<anonymous closure>.<anonymous closure> (file:///Users/mr42/code/flutter/tmp/filler/test/integration/app_flow_test.dart:73:26)
│ #6   <asynchronous suspension>
│ #7   Declarer.test.<anonymous closure>.<anonymous closure> (package:test_api/src/backend/declarer.dart:242:9)

00:01 +12: /Users/mr42/code/flutter/tmp/filler/test/features/prefs/presentation/preferences_bloc_test.dart: PreferencesBloc PreferencesEvent.save handles save errors gracefully                       
[38;5;196m│ #7   Bloc.on.<anonymous closure> (package:bloc/src/bloc.dart:235:9)[0m

00:01 +12: /Users/mr42/code/flutter/tmp/filler/test/integration/app_flow_test.dart: App Flow Integration Tests preferences management flow                                                             
├┄┄┄┄┄┄┄┄┄┄┄┄┄┄┄┄┄┄┄┄┄┄┄┄┄┄┄┄┄┄┄┄┄┄┄┄┄┄┄┄┄┄┄┄┄┄┄┄┄┄┄┄┄┄┄┄┄┄┄┄┄┄┄┄┄┄┄┄┄┄┄┄┄┄┄┄┄┄┄┄┄┄┄┄┄┄┄┄┄┄┄┄┄┄┄┄┄┄┄┄┄┄┄┄┄┄┄┄┄┄┄┄┄┄┄┄┄┄┄
│ 07:38:47.997 (+0:00:00.254922)
├┄┄┄┄┄┄┄┄┄┄┄┄┄┄┄┄┄┄┄┄┄┄┄┄┄┄┄┄┄┄┄┄┄┄┄┄┄┄┄┄┄┄┄┄┄┄┄┄┄┄┄┄┄┄┄┄┄┄┄┄┄┄┄┄┄┄┄┄┄┄┄┄┄┄┄┄┄┄┄┄┄┄┄┄┄┄┄┄┄┄┄┄┄┄┄┄┄┄┄┄┄┄┄┄┄┄┄┄┄┄┄┄┄┄┄┄┄┄┄

00:01 +12: /Users/mr42/code/flutter/tmp/filler/test/features/prefs/presentation/preferences_bloc_test.dart: PreferencesBloc PreferencesEvent.save handles save errors gracefully                       
[38;5;196m├┄┄┄┄┄┄┄┄┄┄┄┄┄┄┄┄┄┄┄┄┄┄┄┄┄┄┄┄┄┄┄┄┄┄┄┄┄┄┄┄┄┄┄┄┄┄┄┄┄┄┄┄┄┄┄┄┄┄┄┄┄┄┄┄┄┄┄┄┄┄┄┄┄┄┄┄┄┄┄┄┄┄┄┄┄┄┄┄┄┄┄┄┄┄┄┄┄┄┄┄┄┄┄┄┄┄┄┄┄┄┄┄┄┄┄┄┄┄┄[0m

00:01 +12: /Users/mr42/code/flutter/tmp/filler/test/integration/app_flow_test.dart: App Flow Integration Tests preferences management flow                                                             
│ 🐛 💾 Database: Retrieved all preferences
└───────────────────────────────────────────────────────────────────────────────────────────────────────────────────────

00:01 +12: /Users/mr42/code/flutter/tmp/filler/test/features/prefs/presentation/preferences_bloc_test.dart: PreferencesBloc PreferencesEvent.save handles save errors gracefully                       
[38;5;196m│ 07:38:47.997 (+0:00:00.149222)[0m
[38;5;196m├┄┄┄┄┄┄┄┄┄┄┄┄┄┄┄┄┄┄┄┄┄┄┄┄┄┄┄┄┄┄┄┄┄┄┄┄┄┄┄┄┄┄┄┄┄┄┄┄┄┄┄┄┄┄┄┄┄┄┄┄┄┄┄┄┄┄┄┄┄┄┄┄┄┄┄┄┄┄┄┄┄┄┄┄┄┄┄┄┄┄┄┄┄┄┄┄┄┄┄┄┄┄┄┄┄┄┄┄┄┄┄┄┄┄┄┄┄┄┄[0m
[38;5;196m│ ⛔ ❌ Error: Failed to save preferences[0m
[38;5;196m└───────────────────────────────────────────────────────────────────────────────────────────────────────────────────────[0m

00:01 +12: /Users/mr42/code/flutter/tmp/filler/test/integration/app_flow_test.dart: App Flow Integration Tests preferences management flow                                                             
┌───────────────────────────────────────────────────────────────────────────────────────────────────────────────────────
│ {width: 15, height: 12, insets: 2, defaultPattern: 1, themeMode: 2, fetchTime: 4ms, keysFromDb: 5}
├┄┄┄┄┄┄┄┄┄┄┄┄┄┄┄┄┄┄┄┄┄┄┄┄┄┄┄┄┄┄┄┄┄┄┄┄┄┄┄┄┄┄┄┄┄┄┄┄┄┄┄┄┄┄┄┄┄┄┄┄┄┄┄┄┄┄┄┄┄┄┄┄┄┄┄┄┄┄┄┄┄┄┄┄┄┄┄┄┄┄┄┄┄┄┄┄┄┄┄┄┄┄┄┄┄┄┄┄┄┄┄┄┄┄┄┄┄┄┄
│ #0   AppLogger.preferences (package:filler/core/logging.dart:64:13)

00:01 +12: /Users/mr42/code/flutter/tmp/filler/test/features/prefs/presentation/preferences_bloc_test.dart: PreferencesBloc PreferencesEvent.save handles save errors gracefully                       
[38;5;196m┌───────────────────────────────────────────────────────────────────────────────────────────────────────────────────────[0m

00:01 +12: /Users/mr42/code/flutter/tmp/filler/test/integration/app_flow_test.dart: App Flow Integration Tests preferences management flow                                                             
│ #1   PreferencesRepository.get (package:filler/domain/repositories.dart:464:17)

00:01 +12: /Users/mr42/code/flutter/tmp/filler/test/features/prefs/presentation/preferences_bloc_test.dart: PreferencesBloc PreferencesEvent.save handles save errors gracefully                       
[38;5;196m│ #0   AppLogger.error (package:filler/core/logging.dart:116:15)[0m

00:01 +12: /Users/mr42/code/flutter/tmp/filler/test/integration/app_flow_test.dart: App Flow Integration Tests preferences management flow                                                             
│ #2   <asynchronous suspension>

00:01 +12: /Users/mr42/code/flutter/tmp/filler/test/features/prefs/presentation/preferences_bloc_test.dart: PreferencesBloc PreferencesEvent.save handles save errors gracefully                       
[38;5;196m│ #1   new PreferencesBloc.<anonymous closure>.<anonymous closure> (package:filler/features/prefs/presentation/preferences_bloc.dart:280:23)[0m

00:01 +12: /Users/mr42/code/flutter/tmp/filler/test/integration/app_flow_test.dart: App Flow Integration Tests preferences management flow                                                             
│ #3   main.<anonymous closure>.<anonymous closure> (file:///Users/mr42/code/flutter/tmp/filler/test/integration/app_flow_test.dart:73:26)

00:01 +12: /Users/mr42/code/flutter/tmp/filler/test/features/prefs/presentation/preferences_bloc_test.dart: PreferencesBloc PreferencesEvent.save handles save errors gracefully                       
[38;5;196m├┄┄┄┄┄┄┄┄┄┄┄┄┄┄┄┄┄┄┄┄┄┄┄┄┄┄┄┄┄┄┄┄┄┄┄┄┄┄┄┄┄┄┄┄┄┄┄┄┄┄┄┄┄┄┄┄┄┄┄┄┄┄┄┄┄┄┄┄┄┄┄┄┄┄┄┄┄┄┄┄┄┄┄┄┄┄┄┄┄┄┄┄┄┄┄┄┄┄┄┄┄┄┄┄┄┄┄┄┄┄┄┄┄┄┄┄┄┄┄[0m

00:01 +12: /Users/mr42/code/flutter/tmp/filler/test/integration/app_flow_test.dart: App Flow Integration Tests preferences management flow                                                             
│ #4   <asynchronous suspension>

00:01 +12: /Users/mr42/code/flutter/tmp/filler/test/features/prefs/presentation/preferences_bloc_test.dart: PreferencesBloc PreferencesEvent.save handles save errors gracefully                       
[38;5;196m│ 07:38:47.999 (+0:00:00.151305)[0m

00:01 +12: /Users/mr42/code/flutter/tmp/filler/test/integration/app_flow_test.dart: App Flow Integration Tests preferences management flow                                                             
│ #5   Declarer.test.<anonymous closure>.<anonymous closure> (package:test_api/src/backend/declarer.dart:242:9)

00:01 +12: /Users/mr42/code/flutter/tmp/filler/test/features/prefs/presentation/preferences_bloc_test.dart: PreferencesBloc PreferencesEvent.save handles save errors gracefully                       
[38;5;196m├┄┄┄┄┄┄┄┄┄┄┄┄┄┄┄┄┄┄┄┄┄┄┄┄┄┄┄┄┄┄┄┄┄┄┄┄┄┄┄┄┄┄┄┄┄┄┄┄┄┄┄┄┄┄┄┄┄┄┄┄┄┄┄┄┄┄┄┄┄┄┄┄┄┄┄┄┄┄┄┄┄┄┄┄┄┄┄┄┄┄┄┄┄┄┄┄┄┄┄┄┄┄┄┄┄┄┄┄┄┄┄┄┄┄┄┄┄┄┄[0m

00:01 +12: /Users/mr42/code/flutter/tmp/filler/test/integration/app_flow_test.dart: App Flow Integration Tests preferences management flow                                                             
│ #6   <asynchronous suspension>

00:01 +12: /Users/mr42/code/flutter/tmp/filler/test/features/prefs/presentation/preferences_bloc_test.dart: PreferencesBloc PreferencesEvent.save handles save errors gracefully                       
[38;5;196m│ ⛔ Context: {width: 10, height: 10, insets: 0, defaultPattern: 1, themeMode: 2}[0m

00:01 +12: /Users/mr42/code/flutter/tmp/filler/test/integration/app_flow_test.dart: App Flow Integration Tests preferences management flow                                                             
│ #7   Declarer.test.<anonymous closure> (package:test_api/src/backend/declarer.dart:240:7)

00:01 +12: /Users/mr42/code/flutter/tmp/filler/test/features/prefs/presentation/preferences_bloc_test.dart: PreferencesBloc PreferencesEvent.save handles save errors gracefully                       
[38;5;196m└───────────────────────────────────────────────────────────────────────────────────────────────────────────────────────[0m

00:01 +12: /Users/mr42/code/flutter/tmp/filler/test/integration/app_flow_test.dart: App Flow Integration Tests preferences management flow                                                             
├┄┄┄┄┄┄┄┄┄┄┄┄┄┄┄┄┄┄┄┄┄┄┄┄┄┄┄┄┄┄┄┄┄┄┄┄┄┄┄┄┄┄┄┄┄┄┄┄┄┄┄┄┄┄┄┄┄┄┄┄┄┄┄┄┄┄┄┄┄┄┄┄┄┄┄┄┄┄┄┄┄┄┄┄┄┄┄┄┄┄┄┄┄┄┄┄┄┄┄┄┄┄┄┄┄┄┄┄┄┄┄┄┄┄┄┄┄┄┄
│ 07:38:47.999 (+0:00:00.256703)
├┄┄┄┄┄┄┄┄┄┄┄┄┄┄┄┄┄┄┄┄┄┄┄┄┄┄┄┄┄┄┄┄┄┄┄┄┄┄┄┄┄┄┄┄┄┄┄┄┄┄┄┄┄┄┄┄┄┄┄┄┄┄┄┄┄┄┄┄┄┄┄┄┄┄┄┄┄┄┄┄┄┄┄┄┄┄┄┄┄┄┄┄┄┄┄┄┄┄┄┄┄┄┄┄┄┄┄┄┄┄┄┄┄┄┄┄┄┄┄
│ 🐛 ⚙️ Preferences: Constructed preferences model
└───────────────────────────────────────────────────────────────────────────────────────────────────────────────────────
┌───────────────────────────────────────────────────────────────────────────────────────────────────────────────────────
│ #0   TestHelpers.cleanup (file:///Users/mr42/code/flutter/tmp/filler/test/helpers/test_helpers.dart:152:24)
│ #1   main.<anonymous closure> (file:///Users/mr42/code/flutter/tmp/filler/test/integration/app_flow_test.dart:21:23)
├┄┄┄┄┄┄┄┄┄┄┄┄┄┄┄┄┄┄┄┄┄┄┄┄┄┄┄┄┄┄┄┄┄┄┄┄┄┄┄┄┄┄┄┄┄┄┄┄┄┄┄┄┄┄┄┄┄┄┄┄┄┄┄┄┄┄┄┄┄┄┄┄┄┄┄┄┄┄┄┄┄┄┄┄┄┄┄┄┄┄┄┄┄┄┄┄┄┄┄┄┄┄┄┄┄┄┄┄┄┄┄┄┄┄┄┄┄┄┄
│ 07:38:48.001 (+0:00:00.258305)
├┄┄┄┄┄┄┄┄┄┄┄┄┄┄┄┄┄┄┄┄┄┄┄┄┄┄┄┄┄┄┄┄┄┄┄┄┄┄┄┄┄┄┄┄┄┄┄┄┄┄┄┄┄┄┄┄┄┄┄┄┄┄┄┄┄┄┄┄┄┄┄┄┄┄┄┄┄┄┄┄┄┄┄┄┄┄┄┄┄┄┄┄┄┄┄┄┄┄┄┄┄┄┄┄┄┄┄┄┄┄┄┄┄┄┄┄┄┄┄
│ 🐛 🧹 Cleaning up test environment

00:01 +13: /Users/mr42/code/flutter/tmp/filler/test/integration/platform_specific_test.dart: Platform-Specific Database Integration Preferences Persistence Works Cross-Platform                       
00:01 +13: /Users/mr42/code/flutter/tmp/filler/test/integration/app_flow_test.dart: App Flow Integration Tests preferences management flow                                                             
└───────────────────────────────────────────────────────────────────────────────────────────────────────────────────────

00:01 +13: /Users/mr42/code/flutter/tmp/filler/test/features/prefs/presentation/preferences_bloc_test.dart: PreferencesBloc Multiple Events handles multiple preference updates correctly              
┌───────────────────────────────────────────────────────────────────────────────────────────────────────────────────────
│ #0   AppLogger.bloc (package:filler/core/logging.dart:44:13)
│ #1   new PreferencesBloc (package:filler/features/prefs/presentation/preferences_bloc.dart:77:15)
├┄┄┄┄┄┄┄┄┄┄┄┄┄┄┄┄┄┄┄┄┄┄┄┄┄┄┄┄┄┄┄┄┄┄┄┄┄┄┄┄┄┄┄┄┄┄┄┄┄┄┄┄┄┄┄┄┄┄┄┄┄┄┄┄┄┄┄┄┄┄┄┄┄┄┄┄┄┄┄┄┄┄┄┄┄┄┄┄┄┄┄┄┄┄┄┄┄┄┄┄┄┄┄┄┄┄┄┄┄┄┄┄┄┄┄┄┄┄┄
│ 07:38:48.002 (+0:00:00.154300)
├┄┄┄┄┄┄┄┄┄┄┄┄┄┄┄┄┄┄┄┄┄┄┄┄┄┄┄┄┄┄┄┄┄┄┄┄┄┄┄┄┄┄┄┄┄┄┄┄┄┄┄┄┄┄┄┄┄┄┄┄┄┄┄┄┄┄┄┄┄┄┄┄┄┄┄┄┄┄┄┄┄┄┄┄┄┄┄┄┄┄┄┄┄┄┄┄┄┄┄┄┄┄┄┄┄┄┄┄┄┄┄┄┄┄┄┄┄┄┄
│ 🐛 🔄 BLoC[Preferences]: BLoC Created | null → initial
└───────────────────────────────────────────────────────────────────────────────────────────────────────────────────────

00:01 +13: /Users/mr42/code/flutter/tmp/filler/test/integration/app_flow_test.dart: App Flow Integration Tests preferences management flow                                                             
┌───────────────────────────────────────────────────────────────────────────────────────────────────────────────────────
│ #0   TestHelpers.cleanup (file:///Users/mr42/code/flutter/tmp/filler/test/helpers/test_helpers.dart:166:26)
│ #1   main.<anonymous closure> (file:///Users/mr42/code/flutter/tmp/filler/test/integration/app_flow_test.dart:21:23)
├┄┄┄┄┄┄┄┄┄┄┄┄┄┄┄┄┄┄┄┄┄┄┄┄┄┄┄┄┄┄┄┄┄┄┄┄┄┄┄┄┄┄┄┄┄┄┄┄┄┄┄┄┄┄┄┄┄┄┄┄┄┄┄┄┄┄┄┄┄┄┄┄┄┄┄┄┄┄┄┄┄┄┄┄┄┄┄┄┄┄┄┄┄┄┄┄┄┄┄┄┄┄┄┄┄┄┄┄┄┄┄┄┄┄┄┄┄┄┄
│ 07:38:48.004 (+0:00:00.261300)

00:01 +13: /Users/mr42/code/flutter/tmp/filler/test/features/prefs/presentation/preferences_bloc_test.dart: PreferencesBloc Multiple Events handles multiple preference updates correctly              
┌───────────────────────────────────────────────────────────────────────────────────────────────────────────────────────

00:01 +13: /Users/mr42/code/flutter/tmp/filler/test/integration/app_flow_test.dart: App Flow Integration Tests preferences management flow                                                             
├┄┄┄┄┄┄┄┄┄┄┄┄┄┄┄┄┄┄┄┄┄┄┄┄┄┄┄┄┄┄┄┄┄┄┄┄┄┄┄┄┄┄┄┄┄┄┄┄┄┄┄┄┄┄┄┄┄┄┄┄┄┄┄┄┄┄┄┄┄┄┄┄┄┄┄┄┄┄┄┄┄┄┄┄┄┄┄┄┄┄┄┄┄┄┄┄┄┄┄┄┄┄┄┄┄┄┄┄┄┄┄┄┄┄┄┄┄┄┄
│ 🐛 ✅ Test cleanup completed

00:01 +13: /Users/mr42/code/flutter/tmp/filler/test/features/prefs/presentation/preferences_bloc_test.dart: PreferencesBloc Multiple Events handles multiple preference updates correctly              
│ {newValue: 15, currentState: _$ReadyImpl}
├┄┄┄┄┄┄┄┄┄┄┄┄┄┄┄┄┄┄┄┄┄┄┄┄┄┄┄┄┄┄┄┄┄┄┄┄┄┄┄┄┄┄┄┄┄┄┄┄┄┄┄┄┄┄┄┄┄┄┄┄┄┄┄┄┄┄┄┄┄┄┄┄┄┄┄┄┄┄┄┄┄┄┄┄┄┄┄┄┄┄┄┄┄┄┄┄┄┄┄┄┄┄┄┄┄┄┄┄┄┄┄┄┄┄┄┄┄┄┄

00:01 +13: /Users/mr42/code/flutter/tmp/filler/test/integration/app_flow_test.dart: App Flow Integration Tests preferences management flow                                                             
└───────────────────────────────────────────────────────────────────────────────────────────────────────────────────────

00:01 +13: /Users/mr42/code/flutter/tmp/filler/test/features/prefs/presentation/preferences_bloc_test.dart: PreferencesBloc Multiple Events handles multiple preference updates correctly              
│ #0   AppLogger.preferences (package:filler/core/logging.dart:64:13)
│ #1   new PreferencesBloc.<anonymous closure> (package:filler/features/prefs/presentation/preferences_bloc.dart:119:17)

00:01 +14: /Users/mr42/code/flutter/tmp/filler/test/integration/platform_specific_test.dart: Platform-Specific Database Integration Preferences Persistence Works Cross-Platform                       
00:01 +14: /Users/mr42/code/flutter/tmp/filler/test/features/prefs/presentation/preferences_bloc_test.dart: PreferencesBloc Multiple Events handles multiple preference updates correctly              
│ #2   Bloc.on.<anonymous closure>.handleEvent (package:bloc/src/bloc.dart:226:26)
│ #3   Bloc.on.<anonymous closure> (package:bloc/src/bloc.dart:235:9)
│ #4   _MapStream._handleData (dart:async/stream_pipe.dart:247:31)
│ #5   _ForwardingStreamSubscription._handleData (dart:async/stream_pipe.dart:184:13)
│ #6   StackZoneSpecification._registerUnaryCallback.<anonymous closure>.<anonymous closure> (package:stack_trace/src/stack_zone_specification.dart:127:36)
│ #7   StackZoneSpecification._run (package:stack_trace/src/stack_zone_specification.dart:207:15)
├┄┄┄┄┄┄┄┄┄┄┄┄┄┄┄┄┄┄┄┄┄┄┄┄┄┄┄┄┄┄┄┄┄┄┄┄┄┄┄┄┄┄┄┄┄┄┄┄┄┄┄┄┄┄┄┄┄┄┄┄┄┄┄┄┄┄┄┄┄┄┄┄┄┄┄┄┄┄┄┄┄┄┄┄┄┄┄┄┄┄┄┄┄┄┄┄┄┄┄┄┄┄┄┄┄┄┄┄┄┄┄┄┄┄┄┄┄┄┄
│ 07:38:48.004 (+0:00:00.156060)
├┄┄┄┄┄┄┄┄┄┄┄┄┄┄┄┄┄┄┄┄┄┄┄┄┄┄┄┄┄┄┄┄┄┄┄┄┄┄┄┄┄┄┄┄┄┄┄┄┄┄┄┄┄┄┄┄┄┄┄┄┄┄┄┄┄┄┄┄┄┄┄┄┄┄┄┄┄┄┄┄┄┄┄┄┄┄┄┄┄┄┄┄┄┄┄┄┄┄┄┄┄┄┄┄┄┄┄┄┄┄┄┄┄┄┄┄┄┄┄
│ 🐛 ⚙️ Preferences: Width change requested
└───────────────────────────────────────────────────────────────────────────────────────────────────────────────────────

00:01 +14: /Users/mr42/code/flutter/tmp/filler/test/integration/app_flow_test.dart: App Flow Integration Tests key-value preference storage                                                            
┌───────────────────────────────────────────────────────────────────────────────────────────────────────────────────────
│ #0   TestHelpers.createTestDatabase (file:///Users/mr42/code/flutter/tmp/filler/test/helpers/test_helpers.dart:30:24)

00:01 +14: /Users/mr42/code/flutter/tmp/filler/test/features/prefs/presentation/preferences_bloc_test.dart: PreferencesBloc Multiple Events handles multiple preference updates correctly              
┌───────────────────────────────────────────────────────────────────────────────────────────────────────────────────────

00:01 +14: /Users/mr42/code/flutter/tmp/filler/test/integration/app_flow_test.dart: App Flow Integration Tests key-value preference storage                                                            
│ #1   main.<anonymous closure> (file:///Users/mr42/code/flutter/tmp/filler/test/integration/app_flow_test.dart:15:28)
├┄┄┄┄┄┄┄┄┄┄┄┄┄┄┄┄┄┄┄┄┄┄┄┄┄┄┄┄┄┄┄┄┄┄┄┄┄┄┄┄┄┄┄┄┄┄┄┄┄┄┄┄┄┄┄┄┄┄┄┄┄┄┄┄┄┄┄┄┄┄┄┄┄┄┄┄┄┄┄┄┄┄┄┄┄┄┄┄┄┄┄┄┄┄┄┄┄┄┄┄┄┄┄┄┄┄┄┄┄┄┄┄┄┄┄┄┄┄┄

00:01 +14: /Users/mr42/code/flutter/tmp/filler/test/features/prefs/presentation/preferences_bloc_test.dart: PreferencesBloc Multiple Events handles multiple preference updates correctly              
│ {from: 10, to: 15}

00:01 +14: /Users/mr42/code/flutter/tmp/filler/test/integration/app_flow_test.dart: App Flow Integration Tests key-value preference storage                                                            
│ 07:38:48.006 (+0:00:00.263133)

00:01 +14: /Users/mr42/code/flutter/tmp/filler/test/features/prefs/presentation/preferences_bloc_test.dart: PreferencesBloc Multiple Events handles multiple preference updates correctly              
├┄┄┄┄┄┄┄┄┄┄┄┄┄┄┄┄┄┄┄┄┄┄┄┄┄┄┄┄┄┄┄┄┄┄┄┄┄┄┄┄┄┄┄┄┄┄┄┄┄┄┄┄┄┄┄┄┄┄┄┄┄┄┄┄┄┄┄┄┄┄┄┄┄┄┄┄┄┄┄┄┄┄┄┄┄┄┄┄┄┄┄┄┄┄┄┄┄┄┄┄┄┄┄┄┄┄┄┄┄┄┄┄┄┄┄┄┄┄┄

00:01 +14: /Users/mr42/code/flutter/tmp/filler/test/integration/app_flow_test.dart: App Flow Integration Tests key-value preference storage                                                            
├┄┄┄┄┄┄┄┄┄┄┄┄┄┄┄┄┄┄┄┄┄┄┄┄┄┄┄┄┄┄┄┄┄┄┄┄┄┄┄┄┄┄┄┄┄┄┄┄┄┄┄┄┄┄┄┄┄┄┄┄┄┄┄┄┄┄┄┄┄┄┄┄┄┄┄┄┄┄┄┄┄┄┄┄┄┄┄┄┄┄┄┄┄┄┄┄┄┄┄┄┄┄┄┄┄┄┄┄┄┄┄┄┄┄┄┄┄┄┄

00:01 +14: /Users/mr42/code/flutter/tmp/filler/test/features/prefs/presentation/preferences_bloc_test.dart: PreferencesBloc Multiple Events handles multiple preference updates correctly              
│ #0   AppLogger.preferences (package:filler/core/logging.dart:64:13)

00:01 +14: /Users/mr42/code/flutter/tmp/filler/test/integration/app_flow_test.dart: App Flow Integration Tests key-value preference storage                                                            
│ 🐛 🗄️ Creating test database
└───────────────────────────────────────────────────────────────────────────────────────────────────────────────────────

00:01 +14: /Users/mr42/code/flutter/tmp/filler/test/features/prefs/presentation/preferences_bloc_test.dart: PreferencesBloc Multiple Events handles multiple preference updates correctly              
│ #1   new PreferencesBloc.<anonymous closure>.<anonymous closure> (package:filler/features/prefs/presentation/preferences_bloc.dart:129:21)
│ #2   _$ReadyImpl.maybeWhen (package:filler/features/prefs/presentation/preferences_bloc.freezed.dart:1770:19)

00:01 +14: /Users/mr42/code/flutter/tmp/filler/test/integration/app_flow_test.dart: App Flow Integration Tests key-value preference storage                                                            
WARNING (drift): It looks like you've created the database class AppDatabase multiple times. When these two databases use the same QueryExecutor, race conditions will occur and might corrupt the database. 

00:01 +14: /Users/mr42/code/flutter/tmp/filler/test/features/prefs/presentation/preferences_bloc_test.dart: PreferencesBloc Multiple Events handles multiple preference updates correctly              
│ #3   new PreferencesBloc.<anonymous closure> (package:filler/features/prefs/presentation/preferences_bloc.dart:127:13)

00:01 +14: /Users/mr42/code/flutter/tmp/filler/test/integration/app_flow_test.dart: App Flow Integration Tests key-value preference storage                                                            
Try to follow the advice at https://drift.simonbinder.eu/faq/#using-the-database or, if you know what you're doing, set driftRuntimeOptions.dontWarnAboutMultipleDatabases = true

00:01 +14: /Users/mr42/code/flutter/tmp/filler/test/features/prefs/presentation/preferences_bloc_test.dart: PreferencesBloc Multiple Events handles multiple preference updates correctly              
│ #4   Bloc.on.<anonymous closure>.handleEvent (package:bloc/src/bloc.dart:226:26)
│ #5   Bloc.on.<anonymous closure> (package:bloc/src/bloc.dart:235:9)

00:01 +14: /Users/mr42/code/flutter/tmp/filler/test/integration/app_flow_test.dart: App Flow Integration Tests key-value preference storage                                                            
Here is the stacktrace from when the database was opened a second time:

00:01 +14: /Users/mr42/code/flutter/tmp/filler/test/features/prefs/presentation/preferences_bloc_test.dart: PreferencesBloc Multiple Events handles multiple preference updates correctly              
│ #6   _MapStream._handleData (dart:async/stream_pipe.dart:247:31)

00:01 +14: /Users/mr42/code/flutter/tmp/filler/test/integration/app_flow_test.dart: App Flow Integration Tests key-value preference storage                                                            
#0      GeneratedDatabase._handleInstantiated (package:drift/src/runtime/api/db_base.dart:96:30)

00:01 +14: /Users/mr42/code/flutter/tmp/filler/test/features/prefs/presentation/preferences_bloc_test.dart: PreferencesBloc Multiple Events handles multiple preference updates correctly              
│ #7   _ForwardingStreamSubscription._handleData (dart:async/stream_pipe.dart:184:13)

00:01 +14: /Users/mr42/code/flutter/tmp/filler/test/integration/app_flow_test.dart: App Flow Integration Tests key-value preference storage                                                            
#1      GeneratedDatabase._whenConstructed (package:drift/src/runtime/api/db_base.dart:73:12)

00:01 +14: /Users/mr42/code/flutter/tmp/filler/test/features/prefs/presentation/preferences_bloc_test.dart: PreferencesBloc Multiple Events handles multiple preference updates correctly              
├┄┄┄┄┄┄┄┄┄┄┄┄┄┄┄┄┄┄┄┄┄┄┄┄┄┄┄┄┄┄┄┄┄┄┄┄┄┄┄┄┄┄┄┄┄┄┄┄┄┄┄┄┄┄┄┄┄┄┄┄┄┄┄┄┄┄┄┄┄┄┄┄┄┄┄┄┄┄┄┄┄┄┄┄┄┄┄┄┄┄┄┄┄┄┄┄┄┄┄┄┄┄┄┄┄┄┄┄┄┄┄┄┄┄┄┄┄┄┄

00:01 +14: /Users/mr42/code/flutter/tmp/filler/test/integration/app_flow_test.dart: App Flow Integration Tests key-value preference storage                                                            
#2      new GeneratedDatabase (package:drift/src/runtime/api/db_base.dart:64:5)

00:01 +14: /Users/mr42/code/flutter/tmp/filler/test/features/prefs/presentation/preferences_bloc_test.dart: PreferencesBloc Multiple Events handles multiple preference updates correctly              
│ 07:38:48.006 (+0:00:00.157658)

00:01 +14: /Users/mr42/code/flutter/tmp/filler/test/integration/app_flow_test.dart: App Flow Integration Tests key-value preference storage                                                            
#3      new _$AppDatabase (package:filler/data/database.g.dart:991:36)

00:01 +14: /Users/mr42/code/flutter/tmp/filler/test/features/prefs/presentation/preferences_bloc_test.dart: PreferencesBloc Multiple Events handles multiple preference updates correctly              
├┄┄┄┄┄┄┄┄┄┄┄┄┄┄┄┄┄┄┄┄┄┄┄┄┄┄┄┄┄┄┄┄┄┄┄┄┄┄┄┄┄┄┄┄┄┄┄┄┄┄┄┄┄┄┄┄┄┄┄┄┄┄┄┄┄┄┄┄┄┄┄┄┄┄┄┄┄┄┄┄┄┄┄┄┄┄┄┄┄┄┄┄┄┄┄┄┄┄┄┄┄┄┄┄┄┄┄┄┄┄┄┄┄┄┄┄┄┄┄

00:01 +14: /Users/mr42/code/flutter/tmp/filler/test/integration/app_flow_test.dart: App Flow Integration Tests key-value preference storage                                                            
#4      new AppDatabase.test (package:filler/data/database.dart:90:24)

00:01 +14: /Users/mr42/code/flutter/tmp/filler/test/features/prefs/presentation/preferences_bloc_test.dart: PreferencesBloc Multiple Events handles multiple preference updates correctly              
│ 🐛 ⚙️ Preferences: Updating width

00:01 +14: /Users/mr42/code/flutter/tmp/filler/test/integration/app_flow_test.dart: App Flow Integration Tests key-value preference storage                                                            
#5      TestHelpers.createTestDatabase (file:///Users/mr42/code/flutter/tmp/filler/test/helpers/test_helpers.dart:31:24)

00:01 +14: /Users/mr42/code/flutter/tmp/filler/test/features/prefs/presentation/preferences_bloc_test.dart: PreferencesBloc Multiple Events handles multiple preference updates correctly              
└───────────────────────────────────────────────────────────────────────────────────────────────────────────────────────

00:01 +14: /Users/mr42/code/flutter/tmp/filler/test/integration/app_flow_test.dart: App Flow Integration Tests key-value preference storage                                                            
#6      main.<anonymous closure> (file:///Users/mr42/code/flutter/tmp/filler/test/integration/app_flow_test.dart:15:28)
#7      Declarer._runSetUps.<anonymous closure> (package:test_api/src/backend/declarer.dart:403:61)
#8      Future.forEach.<anonymous closure> (dart:async/future.dart:653:26)
#9      Future.doWhile.<anonymous closure> (dart:async/future.dart:710:26)
#10     StackZoneSpecification._registerUnaryCallback.<anonymous closure>.<anonymous closure> (package:stack_trace/src/stack_zone_specification.dart:127:36)

00:01 +14: /Users/mr42/code/flutter/tmp/filler/test/features/prefs/presentation/preferences_bloc_test.dart: PreferencesBloc Multiple Events handles multiple preference updates correctly              
┌───────────────────────────────────────────────────────────────────────────────────────────────────────────────────────

00:01 +14: /Users/mr42/code/flutter/tmp/filler/test/integration/app_flow_test.dart: App Flow Integration Tests key-value preference storage                                                            
#11     StackZoneSpecification._run (package:stack_trace/src/stack_zone_specification.dart:207:15)

00:01 +14: /Users/mr42/code/flutter/tmp/filler/test/features/prefs/presentation/preferences_bloc_test.dart: PreferencesBloc Multiple Events handles multiple preference updates correctly              
│ #0   AppLogger.bloc (package:filler/core/logging.dart:44:13)

00:01 +14: /Users/mr42/code/flutter/tmp/filler/test/integration/app_flow_test.dart: App Flow Integration Tests key-value preference storage                                                            
#12     StackZoneSpecification._registerUnaryCallback.<anonymous closure> (package:stack_trace/src/stack_zone_specification.dart:127:24)

00:01 +14: /Users/mr42/code/flutter/tmp/filler/test/features/prefs/presentation/preferences_bloc_test.dart: PreferencesBloc Multiple Events handles multiple preference updates correctly              
│ #1   new PreferencesBloc.<anonymous closure>.<anonymous closure> (package:filler/features/prefs/presentation/preferences_bloc.dart:144:21)

00:01 +14: /Users/mr42/code/flutter/tmp/filler/test/integration/app_flow_test.dart: App Flow Integration Tests key-value preference storage                                                            
#13     _rootRunUnary (dart:async/zone.dart:1538:47)

00:01 +14: /Users/mr42/code/flutter/tmp/filler/test/features/prefs/presentation/preferences_bloc_test.dart: PreferencesBloc Multiple Events handles multiple preference updates correctly              
├┄┄┄┄┄┄┄┄┄┄┄┄┄┄┄┄┄┄┄┄┄┄┄┄┄┄┄┄┄┄┄┄┄┄┄┄┄┄┄┄┄┄┄┄┄┄┄┄┄┄┄┄┄┄┄┄┄┄┄┄┄┄┄┄┄┄┄┄┄┄┄┄┄┄┄┄┄┄┄┄┄┄┄┄┄┄┄┄┄┄┄┄┄┄┄┄┄┄┄┄┄┄┄┄┄┄┄┄┄┄┄┄┄┄┄┄┄┄┄

00:01 +14: /Users/mr42/code/flutter/tmp/filler/test/integration/app_flow_test.dart: App Flow Integration Tests key-value preference storage                                                            
#14     _CustomZone.runUnary (dart:async/zone.dart:1429:19)

00:01 +14: /Users/mr42/code/flutter/tmp/filler/test/features/prefs/presentation/preferences_bloc_test.dart: PreferencesBloc Multiple Events handles multiple preference updates correctly              
│ 07:38:48.007 (+0:00:00.159390)

00:01 +14: /Users/mr42/code/flutter/tmp/filler/test/integration/app_flow_test.dart: App Flow Integration Tests key-value preference storage                                                            
#15     _CustomZone.runUnaryGuarded (dart:async/zone.dart:1329:7)

00:01 +14: /Users/mr42/code/flutter/tmp/filler/test/features/prefs/presentation/preferences_bloc_test.dart: PreferencesBloc Multiple Events handles multiple preference updates correctly              
├┄┄┄┄┄┄┄┄┄┄┄┄┄┄┄┄┄┄┄┄┄┄┄┄┄┄┄┄┄┄┄┄┄┄┄┄┄┄┄┄┄┄┄┄┄┄┄┄┄┄┄┄┄┄┄┄┄┄┄┄┄┄┄┄┄┄┄┄┄┄┄┄┄┄┄┄┄┄┄┄┄┄┄┄┄┄┄┄┄┄┄┄┄┄┄┄┄┄┄┄┄┄┄┄┄┄┄┄┄┄┄┄┄┄┄┄┄┄┄

00:01 +14: /Users/mr42/code/flutter/tmp/filler/test/integration/app_flow_test.dart: App Flow Integration Tests key-value preference storage                                                            
#16     _CustomZone.bindUnaryCallbackGuarded.<anonymous closure> (dart:async/zone.dart:1367:26)

00:01 +14: /Users/mr42/code/flutter/tmp/filler/test/features/prefs/presentation/preferences_bloc_test.dart: PreferencesBloc Multiple Events handles multiple preference updates correctly              
│ 🐛 🔄 BLoC[Preferences]: SetWidth | ready → ready

00:01 +14: /Users/mr42/code/flutter/tmp/filler/test/integration/app_flow_test.dart: App Flow Integration Tests key-value preference storage                                                            
#17     Future.doWhile (dart:async/future.dart:727:18)

00:01 +14: /Users/mr42/code/flutter/tmp/filler/test/features/prefs/presentation/preferences_bloc_test.dart: PreferencesBloc Multiple Events handles multiple preference updates correctly              
└───────────────────────────────────────────────────────────────────────────────────────────────────────────────────────

00:01 +14: /Users/mr42/code/flutter/tmp/filler/test/integration/app_flow_test.dart: App Flow Integration Tests key-value preference storage                                                            
#18     Future.forEach (dart:async/future.dart:651:12)
#19     Declarer._runSetUps (package:test_api/src/backend/declarer.dart:403:18)
#20     Declarer._runSetUps (package:test_api/src/backend/declarer.dart:401:40)
#21     Declarer.test.<anonymous closure>.<anonymous closure> (package:test_api/src/backend/declarer.dart:241:15)
#22     _rootRun (dart:async/zone.dart:1525:13)
#23     _CustomZone.run (dart:async/zone.dart:1422:19)
#24     _runZoned (dart:async/zone.dart:2034:6)
#25     runZoned (dart:async/zone.dart:1960:10)
#26     Declarer.test.<anonymous closure> (package:test_api/src/backend/declarer.dart:240:13)
#27     Invoker._waitForOutstandingCallbacks.<anonymous closure> (package:test_api/src/backend/invoker.dart:282:17)
#28     _rootRun (dart:async/zone.dart:1525:13)
#29     _CustomZone.run (dart:async/zone.dart:1422:19)
#30     _runZoned (dart:async/zone.dart:2034:6)
#31     runZoned (dart:async/zone.dart:1960:10)
#32     Invoker._waitForOutstandingCallbacks (package:test_api/src/backend/invoker.dart:278:5)

00:01 +15: /Users/mr42/code/flutter/tmp/filler/test/integration/platform_specific_test.dart: Platform-Specific Database Integration Preferences Persistence Works Cross-Platform                       
00:01 +15: /Users/mr42/code/flutter/tmp/filler/test/integration/app_flow_test.dart: App Flow Integration Tests key-value preference storage                                                            
#33     Invoker._onRun.<anonymous closure>.<anonymous closure>.<anonymous closure> (package:test_api/src/backend/invoker.dart:418:17)
<asynchronous suspension>
This warning will only appear on debug builds.
┌───────────────────────────────────────────────────────────────────────────────────────────────────────────────────────

00:01 +15: /Users/mr42/code/flutter/tmp/filler/test/features/prefs/presentation/preferences_bloc_test.dart: PreferencesBloc Multiple Events handles load and save sequence correctly                   
┌───────────────────────────────────────────────────────────────────────────────────────────────────────────────────────

00:01 +15: /Users/mr42/code/flutter/tmp/filler/test/integration/app_flow_test.dart: App Flow Integration Tests key-value preference storage                                                            
│ {key: theme, value: dark, type: string}

00:01 +15: /Users/mr42/code/flutter/tmp/filler/test/features/prefs/presentation/preferences_bloc_test.dart: PreferencesBloc Multiple Events handles load and save sequence correctly                   
│ #0   AppLogger.bloc (package:filler/core/logging.dart:44:13)

00:01 +15: /Users/mr42/code/flutter/tmp/filler/test/integration/app_flow_test.dart: App Flow Integration Tests key-value preference storage                                                            
├┄┄┄┄┄┄┄┄┄┄┄┄┄┄┄┄┄┄┄┄┄┄┄┄┄┄┄┄┄┄┄┄┄┄┄┄┄┄┄┄┄┄┄┄┄┄┄┄┄┄┄┄┄┄┄┄┄┄┄┄┄┄┄┄┄┄┄┄┄┄┄┄┄┄┄┄┄┄┄┄┄┄┄┄┄┄┄┄┄┄┄┄┄┄┄┄┄┄┄┄┄┄┄┄┄┄┄┄┄┄┄┄┄┄┄┄┄┄┄

00:01 +15: /Users/mr42/code/flutter/tmp/filler/test/features/prefs/presentation/preferences_bloc_test.dart: PreferencesBloc Multiple Events handles load and save sequence correctly                   
│ #1   new PreferencesBloc (package:filler/features/prefs/presentation/preferences_bloc.dart:77:15)

00:01 +15: /Users/mr42/code/flutter/tmp/filler/test/integration/app_flow_test.dart: App Flow Integration Tests key-value preference storage                                                            
│ #0   AppLogger.preferences (package:filler/core/logging.dart:64:13)

00:01 +15: /Users/mr42/code/flutter/tmp/filler/test/features/prefs/presentation/preferences_bloc_test.dart: PreferencesBloc Multiple Events handles load and save sequence correctly                   
├┄┄┄┄┄┄┄┄┄┄┄┄┄┄┄┄┄┄┄┄┄┄┄┄┄┄┄┄┄┄┄┄┄┄┄┄┄┄┄┄┄┄┄┄┄┄┄┄┄┄┄┄┄┄┄┄┄┄┄┄┄┄┄┄┄┄┄┄┄┄┄┄┄┄┄┄┄┄┄┄┄┄┄┄┄┄┄┄┄┄┄┄┄┄┄┄┄┄┄┄┄┄┄┄┄┄┄┄┄┄┄┄┄┄┄┄┄┄┄

00:01 +15: /Users/mr42/code/flutter/tmp/filler/test/integration/app_flow_test.dart: App Flow Integration Tests key-value preference storage                                                            
│ #1   PreferencesRepository.setPreference (package:filler/domain/repositories.dart:608:15)

00:01 +15: /Users/mr42/code/flutter/tmp/filler/test/features/prefs/presentation/preferences_bloc_test.dart: PreferencesBloc Multiple Events handles load and save sequence correctly                   
│ 07:38:48.010 (+0:00:00.162214)

00:01 +15: /Users/mr42/code/flutter/tmp/filler/test/integration/app_flow_test.dart: App Flow Integration Tests key-value preference storage                                                            
│ #2   main.<anonymous closure>.<anonymous closure> (file:///Users/mr42/code/flutter/tmp/filler/test/integration/app_flow_test.dart:82:23)
│ #3   Declarer.test.<anonymous closure>.<anonymous closure> (package:test_api/src/backend/declarer.dart:242:19)

00:01 +15: /Users/mr42/code/flutter/tmp/filler/test/features/prefs/presentation/preferences_bloc_test.dart: PreferencesBloc Multiple Events handles load and save sequence correctly                   
├┄┄┄┄┄┄┄┄┄┄┄┄┄┄┄┄┄┄┄┄┄┄┄┄┄┄┄┄┄┄┄┄┄┄┄┄┄┄┄┄┄┄┄┄┄┄┄┄┄┄┄┄┄┄┄┄┄┄┄┄┄┄┄┄┄┄┄┄┄┄┄┄┄┄┄┄┄┄┄┄┄┄┄┄┄┄┄┄┄┄┄┄┄┄┄┄┄┄┄┄┄┄┄┄┄┄┄┄┄┄┄┄┄┄┄┄┄┄┄

00:01 +15: /Users/mr42/code/flutter/tmp/filler/test/integration/app_flow_test.dart: App Flow Integration Tests key-value preference storage                                                            
│ #4   <asynchronous suspension>

00:01 +15: /Users/mr42/code/flutter/tmp/filler/test/features/prefs/presentation/preferences_bloc_test.dart: PreferencesBloc Multiple Events handles load and save sequence correctly                   
│ 🐛 🔄 BLoC[Preferences]: BLoC Created | null → initial

00:01 +15: /Users/mr42/code/flutter/tmp/filler/test/integration/app_flow_test.dart: App Flow Integration Tests key-value preference storage                                                            
│ #5   Declarer.test.<anonymous closure> (package:test_api/src/backend/declarer.dart:240:7)

00:01 +15: /Users/mr42/code/flutter/tmp/filler/test/features/prefs/presentation/preferences_bloc_test.dart: PreferencesBloc Multiple Events handles load and save sequence correctly                   
└───────────────────────────────────────────────────────────────────────────────────────────────────────────────────────

00:01 +15: /Users/mr42/code/flutter/tmp/filler/test/integration/app_flow_test.dart: App Flow Integration Tests key-value preference storage                                                            
│ #6   <asynchronous suspension>
│ #7   Invoker._waitForOutstandingCallbacks.<anonymous closure> (package:test_api/src/backend/invoker.dart:282:9)
├┄┄┄┄┄┄┄┄┄┄┄┄┄┄┄┄┄┄┄┄┄┄┄┄┄┄┄┄┄┄┄┄┄┄┄┄┄┄┄┄┄┄┄┄┄┄┄┄┄┄┄┄┄┄┄┄┄┄┄┄┄┄┄┄┄┄┄┄┄┄┄┄┄┄┄┄┄┄┄┄┄┄┄┄┄┄┄┄┄┄┄┄┄┄┄┄┄┄┄┄┄┄┄┄┄┄┄┄┄┄┄┄┄┄┄┄┄┄┄
│ 07:38:48.010 (+0:00:00.267728)
├┄┄┄┄┄┄┄┄┄┄┄┄┄┄┄┄┄┄┄┄┄┄┄┄┄┄┄┄┄┄┄┄┄┄┄┄┄┄┄┄┄┄┄┄┄┄┄┄┄┄┄┄┄┄┄┄┄┄┄┄┄┄┄┄┄┄┄┄┄┄┄┄┄┄┄┄┄┄┄┄┄┄┄┄┄┄┄┄┄┄┄┄┄┄┄┄┄┄┄┄┄┄┄┄┄┄┄┄┄┄┄┄┄┄┄┄┄┄┄
│ 🐛 ⚙️ Preferences: Setting individual preference
└───────────────────────────────────────────────────────────────────────────────────────────────────────────────────────
┌───────────────────────────────────────────────────────────────────────────────────────────────────────────────────────
│ {key: theme, value: dark, type: string}
├┄┄┄┄┄┄┄┄┄┄┄┄┄┄┄┄┄┄┄┄┄┄┄┄┄┄┄┄┄┄┄┄┄┄┄┄┄┄┄┄┄┄┄┄┄┄┄┄┄┄┄┄┄┄┄┄┄┄┄┄┄┄┄┄┄┄┄┄┄┄┄┄┄┄┄┄┄┄┄┄┄┄┄┄┄┄┄┄┄┄┄┄┄┄┄┄┄┄┄┄┄┄┄┄┄┄┄┄┄┄┄┄┄┄┄┄┄┄┄
│ #0   AppLogger.database (package:filler/core/logging.dart:49:13)
│ #1   AppDatabase.setPreferenceValue (package:filler/data/database.dart:301:15)
│ #2   PreferencesRepository.setPreference (package:filler/domain/repositories.dart:613:15)
│ #3   main.<anonymous closure>.<anonymous closure> (file:///Users/mr42/code/flutter/tmp/filler/test/integration/app_flow_test.dart:82:23)
│ #4   Declarer.test.<anonymous closure>.<anonymous closure> (package:test_api/src/backend/declarer.dart:242:19)
│ #5   <asynchronous suspension>
│ #6   Declarer.test.<anonymous closure> (package:test_api/src/backend/declarer.dart:240:7)
│ #7   <asynchronous suspension>
├┄┄┄┄┄┄┄┄┄┄┄┄┄┄┄┄┄┄┄┄┄┄┄┄┄┄┄┄┄┄┄┄┄┄┄┄┄┄┄┄┄┄┄┄┄┄┄┄┄┄┄┄┄┄┄┄┄┄┄┄┄┄┄┄┄┄┄┄┄┄┄┄┄┄┄┄┄┄┄┄┄┄┄┄┄┄┄┄┄┄┄┄┄┄┄┄┄┄┄┄┄┄┄┄┄┄┄┄┄┄┄┄┄┄┄┄┄┄┄

00:01 +15: /Users/mr42/code/flutter/tmp/filler/test/features/prefs/presentation/preferences_bloc_test.dart: PreferencesBloc Multiple Events handles load and save sequence correctly                   
┌───────────────────────────────────────────────────────────────────────────────────────────────────────────────────────

00:01 +15: /Users/mr42/code/flutter/tmp/filler/test/integration/app_flow_test.dart: App Flow Integration Tests key-value preference storage                                                            
│ 07:38:48.012 (+0:00:00.269207)
├┄┄┄┄┄┄┄┄┄┄┄┄┄┄┄┄┄┄┄┄┄┄┄┄┄┄┄┄┄┄┄┄┄┄┄┄┄┄┄┄┄┄┄┄┄┄┄┄┄┄┄┄┄┄┄┄┄┄┄┄┄┄┄┄┄┄┄┄┄┄┄┄┄┄┄┄┄┄┄┄┄┄┄┄┄┄┄┄┄┄┄┄┄┄┄┄┄┄┄┄┄┄┄┄┄┄┄┄┄┄┄┄┄┄┄┄┄┄┄

00:01 +15: /Users/mr42/code/flutter/tmp/filler/test/features/prefs/presentation/preferences_bloc_test.dart: PreferencesBloc Multiple Events handles load and save sequence correctly                   
│ #0   AppLogger.bloc (package:filler/core/logging.dart:44:13)

00:01 +15: /Users/mr42/code/flutter/tmp/filler/test/integration/app_flow_test.dart: App Flow Integration Tests key-value preference storage                                                            
│ 🐛 💾 Database: Setting preference value

00:01 +15: /Users/mr42/code/flutter/tmp/filler/test/features/prefs/presentation/preferences_bloc_test.dart: PreferencesBloc Multiple Events handles load and save sequence correctly                   
│ #1   new PreferencesBloc.<anonymous closure> (package:filler/features/prefs/presentation/preferences_bloc.dart:79:17)

00:01 +15: /Users/mr42/code/flutter/tmp/filler/test/integration/app_flow_test.dart: App Flow Integration Tests key-value preference storage                                                            
└───────────────────────────────────────────────────────────────────────────────────────────────────────────────────────

00:01 +15: /Users/mr42/code/flutter/tmp/filler/test/features/prefs/presentation/preferences_bloc_test.dart: PreferencesBloc Multiple Events handles load and save sequence correctly                   
├┄┄┄┄┄┄┄┄┄┄┄┄┄┄┄┄┄┄┄┄┄┄┄┄┄┄┄┄┄┄┄┄┄┄┄┄┄┄┄┄┄┄┄┄┄┄┄┄┄┄┄┄┄┄┄┄┄┄┄┄┄┄┄┄┄┄┄┄┄┄┄┄┄┄┄┄┄┄┄┄┄┄┄┄┄┄┄┄┄┄┄┄┄┄┄┄┄┄┄┄┄┄┄┄┄┄┄┄┄┄┄┄┄┄┄┄┄┄┄
│ 07:38:48.013 (+0:00:00.164449)
├┄┄┄┄┄┄┄┄┄┄┄┄┄┄┄┄┄┄┄┄┄┄┄┄┄┄┄┄┄┄┄┄┄┄┄┄┄┄┄┄┄┄┄┄┄┄┄┄┄┄┄┄┄┄┄┄┄┄┄┄┄┄┄┄┄┄┄┄┄┄┄┄┄┄┄┄┄┄┄┄┄┄┄┄┄┄┄┄┄┄┄┄┄┄┄┄┄┄┄┄┄┄┄┄┄┄┄┄┄┄┄┄┄┄┄┄┄┄┄

00:01 +15: /Users/mr42/code/flutter/tmp/filler/test/integration/app_flow_test.dart: App Flow Integration Tests key-value preference storage                                                            
┌───────────────────────────────────────────────────────────────────────────────────────────────────────────────────────

00:01 +15: /Users/mr42/code/flutter/tmp/filler/test/features/prefs/presentation/preferences_bloc_test.dart: PreferencesBloc Multiple Events handles load and save sequence correctly                   
│ 🐛 🔄 BLoC[Preferences]: Load Event | initial → loading

00:01 +15: /Users/mr42/code/flutter/tmp/filler/test/integration/app_flow_test.dart: App Flow Integration Tests key-value preference storage                                                            
│ #0   AppLogger.database (package:filler/core/logging.dart:49:13)

00:01 +15: /Users/mr42/code/flutter/tmp/filler/test/features/prefs/presentation/preferences_bloc_test.dart: PreferencesBloc Multiple Events handles load and save sequence correctly                   
└───────────────────────────────────────────────────────────────────────────────────────────────────────────────────────

00:01 +15: /Users/mr42/code/flutter/tmp/filler/test/integration/app_flow_test.dart: App Flow Integration Tests key-value preference storage                                                            
│ #1   createTestDatabaseConnection.<anonymous closure> (package:filler/data/database_connection.dart:22:15)
├┄┄┄┄┄┄┄┄┄┄┄┄┄┄┄┄┄┄┄┄┄┄┄┄┄┄┄┄┄┄┄┄┄┄┄┄┄┄┄┄┄┄┄┄┄┄┄┄┄┄┄┄┄┄┄┄┄┄┄┄┄┄┄┄┄┄┄┄┄┄┄┄┄┄┄┄┄┄┄┄┄┄┄┄┄┄┄┄┄┄┄┄┄┄┄┄┄┄┄┄┄┄┄┄┄┄┄┄┄┄┄┄┄┄┄┄┄┄┄
│ 07:38:48.013 (+0:00:00.270536)
├┄┄┄┄┄┄┄┄┄┄┄┄┄┄┄┄┄┄┄┄┄┄┄┄┄┄┄┄┄┄┄┄┄┄┄┄┄┄┄┄┄┄┄┄┄┄┄┄┄┄┄┄┄┄┄┄┄┄┄┄┄┄┄┄┄┄┄┄┄┄┄┄┄┄┄┄┄┄┄┄┄┄┄┄┄┄┄┄┄┄┄┄┄┄┄┄┄┄┄┄┄┄┄┄┄┄┄┄┄┄┄┄┄┄┄┄┄┄┄
│ 🐛 💾 Database: Test AppDatabase instance created (in-memory)
└───────────────────────────────────────────────────────────────────────────────────────────────────────────────────────

00:01 +15: /Users/mr42/code/flutter/tmp/filler/test/features/prefs/presentation/preferences_bloc_test.dart: PreferencesBloc Multiple Events handles load and save sequence correctly                   
┌───────────────────────────────────────────────────────────────────────────────────────────────────────────────────────
│ {width: 10, height: 10, insets: 0, defaultPattern: 1, themeMode: 2, loadTime: 0ms}
├┄┄┄┄┄┄┄┄┄┄┄┄┄┄┄┄┄┄┄┄┄┄┄┄┄┄┄┄┄┄┄┄┄┄┄┄┄┄┄┄┄┄┄┄┄┄┄┄┄┄┄┄┄┄┄┄┄┄┄┄┄┄┄┄┄┄┄┄┄┄┄┄┄┄┄┄┄┄┄┄┄┄┄┄┄┄┄┄┄┄┄┄┄┄┄┄┄┄┄┄┄┄┄┄┄┄┄┄┄┄┄┄┄┄┄┄┄┄┄
│ #0   AppLogger.preferences (package:filler/core/logging.dart:64:13)
│ #1   new PreferencesBloc.<anonymous closure> (package:filler/features/prefs/presentation/preferences_bloc.dart:87:19)
│ #2   <asynchronous suspension>
│ #3   Bloc.on.<anonymous closure>.handleEvent (package:bloc/src/bloc.dart:226:13)
│ #4   <asynchronous suspension>
├┄┄┄┄┄┄┄┄┄┄┄┄┄┄┄┄┄┄┄┄┄┄┄┄┄┄┄┄┄┄┄┄┄┄┄┄┄┄┄┄┄┄┄┄┄┄┄┄┄┄┄┄┄┄┄┄┄┄┄┄┄┄┄┄┄┄┄┄┄┄┄┄┄┄┄┄┄┄┄┄┄┄┄┄┄┄┄┄┄┄┄┄┄┄┄┄┄┄┄┄┄┄┄┄┄┄┄┄┄┄┄┄┄┄┄┄┄┄┄
│ 07:38:48.014 (+0:00:00.165599)
├┄┄┄┄┄┄┄┄┄┄┄┄┄┄┄┄┄┄┄┄┄┄┄┄┄┄┄┄┄┄┄┄┄┄┄┄┄┄┄┄┄┄┄┄┄┄┄┄┄┄┄┄┄┄┄┄┄┄┄┄┄┄┄┄┄┄┄┄┄┄┄┄┄┄┄┄┄┄┄┄┄┄┄┄┄┄┄┄┄┄┄┄┄┄┄┄┄┄┄┄┄┄┄┄┄┄┄┄┄┄┄┄┄┄┄┄┄┄┄
│ 🐛 ⚙️ Preferences: Loaded preferences from key-value store
└───────────────────────────────────────────────────────────────────────────────────────────────────────────────────────

00:01 +15: /Users/mr42/code/flutter/tmp/filler/test/integration/app_flow_test.dart: App Flow Integration Tests key-value preference storage                                                            
┌───────────────────────────────────────────────────────────────────────────────────────────────────────────────────────
│ {version: 4, wasCreated: true, hadUpgrade: false}

00:01 +15: /Users/mr42/code/flutter/tmp/filler/test/features/prefs/presentation/preferences_bloc_test.dart: PreferencesBloc Multiple Events handles load and save sequence correctly                   
┌───────────────────────────────────────────────────────────────────────────────────────────────────────────────────────

00:01 +15: /Users/mr42/code/flutter/tmp/filler/test/integration/app_flow_test.dart: App Flow Integration Tests key-value preference storage                                                            
├┄┄┄┄┄┄┄┄┄┄┄┄┄┄┄┄┄┄┄┄┄┄┄┄┄┄┄┄┄┄┄┄┄┄┄┄┄┄┄┄┄┄┄┄┄┄┄┄┄┄┄┄┄┄┄┄┄┄┄┄┄┄┄┄┄┄┄┄┄┄┄┄┄┄┄┄┄┄┄┄┄┄┄┄┄┄┄┄┄┄┄┄┄┄┄┄┄┄┄┄┄┄┄┄┄┄┄┄┄┄┄┄┄┄┄┄┄┄┄

00:01 +15: /Users/mr42/code/flutter/tmp/filler/test/features/prefs/presentation/preferences_bloc_test.dart: PreferencesBloc Multiple Events handles load and save sequence correctly                   
│ #0   AppLogger.bloc (package:filler/core/logging.dart:44:13)

00:01 +15: /Users/mr42/code/flutter/tmp/filler/test/integration/app_flow_test.dart: App Flow Integration Tests key-value preference storage                                                            
│ #0   AppLogger.database (package:filler/core/logging.dart:49:13)

00:01 +15: /Users/mr42/code/flutter/tmp/filler/test/features/prefs/presentation/preferences_bloc_test.dart: PreferencesBloc Multiple Events handles load and save sequence correctly                   
│ #1   new PreferencesBloc.<anonymous closure> (package:filler/features/prefs/presentation/preferences_bloc.dart:109:19)

00:01 +15: /Users/mr42/code/flutter/tmp/filler/test/integration/app_flow_test.dart: App Flow Integration Tests key-value preference storage                                                            
│ #1   AppDatabase.migration.<anonymous closure> (package:filler/data/database.dart:211:17)

00:01 +15: /Users/mr42/code/flutter/tmp/filler/test/features/prefs/presentation/preferences_bloc_test.dart: PreferencesBloc Multiple Events handles load and save sequence correctly                   
├┄┄┄┄┄┄┄┄┄┄┄┄┄┄┄┄┄┄┄┄┄┄┄┄┄┄┄┄┄┄┄┄┄┄┄┄┄┄┄┄┄┄┄┄┄┄┄┄┄┄┄┄┄┄┄┄┄┄┄┄┄┄┄┄┄┄┄┄┄┄┄┄┄┄┄┄┄┄┄┄┄┄┄┄┄┄┄┄┄┄┄┄┄┄┄┄┄┄┄┄┄┄┄┄┄┄┄┄┄┄┄┄┄┄┄┄┄┄┄

00:01 +15: /Users/mr42/code/flutter/tmp/filler/test/integration/app_flow_test.dart: App Flow Integration Tests key-value preference storage                                                            
│ #2   GeneratedDatabase.beforeOpen.<anonymous closure> (package:drift/src/runtime/api/db_base.dart:137:44)

00:01 +15: /Users/mr42/code/flutter/tmp/filler/test/features/prefs/presentation/preferences_bloc_test.dart: PreferencesBloc Multiple Events handles load and save sequence correctly                   
│ 07:38:48.015 (+0:00:00.166765)

00:01 +15: /Users/mr42/code/flutter/tmp/filler/test/integration/app_flow_test.dart: App Flow Integration Tests key-value preference storage                                                            
│ #3   <asynchronous suspension>

00:01 +15: /Users/mr42/code/flutter/tmp/filler/test/features/prefs/presentation/preferences_bloc_test.dart: PreferencesBloc Multiple Events handles load and save sequence correctly                   
├┄┄┄┄┄┄┄┄┄┄┄┄┄┄┄┄┄┄┄┄┄┄┄┄┄┄┄┄┄┄┄┄┄┄┄┄┄┄┄┄┄┄┄┄┄┄┄┄┄┄┄┄┄┄┄┄┄┄┄┄┄┄┄┄┄┄┄┄┄┄┄┄┄┄┄┄┄┄┄┄┄┄┄┄┄┄┄┄┄┄┄┄┄┄┄┄┄┄┄┄┄┄┄┄┄┄┄┄┄┄┄┄┄┄┄┄┄┄┄

00:01 +15: /Users/mr42/code/flutter/tmp/filler/test/integration/app_flow_test.dart: App Flow Integration Tests key-value preference storage                                                            
│ #4   DelegatedDatabase._runMigrations (package:drift/src/runtime/executor/helpers/engines.dart:512:5)

00:01 +15: /Users/mr42/code/flutter/tmp/filler/test/features/prefs/presentation/preferences_bloc_test.dart: PreferencesBloc Multiple Events handles load and save sequence correctly                   
│ 🐛 🔄 BLoC[Preferences]: Load Complete | loading → ready

00:01 +15: /Users/mr42/code/flutter/tmp/filler/test/integration/app_flow_test.dart: App Flow Integration Tests key-value preference storage                                                            
│ #5   <asynchronous suspension>

00:01 +15: /Users/mr42/code/flutter/tmp/filler/test/features/prefs/presentation/preferences_bloc_test.dart: PreferencesBloc Multiple Events handles load and save sequence correctly                   
└───────────────────────────────────────────────────────────────────────────────────────────────────────────────────────

00:01 +15: /Users/mr42/code/flutter/tmp/filler/test/integration/app_flow_test.dart: App Flow Integration Tests key-value preference storage                                                            
│ #6   DelegatedDatabase.ensureOpen.<anonymous closure> (package:drift/src/runtime/executor/helpers/engines.dart:476:9)
│ #7   <asynchronous suspension>
├┄┄┄┄┄┄┄┄┄┄┄┄┄┄┄┄┄┄┄┄┄┄┄┄┄┄┄┄┄┄┄┄┄┄┄┄┄┄┄┄┄┄┄┄┄┄┄┄┄┄┄┄┄┄┄┄┄┄┄┄┄┄┄┄┄┄┄┄┄┄┄┄┄┄┄┄┄┄┄┄┄┄┄┄┄┄┄┄┄┄┄┄┄┄┄┄┄┄┄┄┄┄┄┄┄┄┄┄┄┄┄┄┄┄┄┄┄┄┄
│ 07:38:48.015 (+0:00:00.272168)

00:01 +15: /Users/mr42/code/flutter/tmp/filler/test/features/prefs/presentation/preferences_bloc_test.dart: PreferencesBloc Multiple Events handles load and save sequence correctly                   
┌───────────────────────────────────────────────────────────────────────────────────────────────────────────────────────

00:01 +15: /Users/mr42/code/flutter/tmp/filler/test/integration/app_flow_test.dart: App Flow Integration Tests key-value preference storage                                                            
├┄┄┄┄┄┄┄┄┄┄┄┄┄┄┄┄┄┄┄┄┄┄┄┄┄┄┄┄┄┄┄┄┄┄┄┄┄┄┄┄┄┄┄┄┄┄┄┄┄┄┄┄┄┄┄┄┄┄┄┄┄┄┄┄┄┄┄┄┄┄┄┄┄┄┄┄┄┄┄┄┄┄┄┄┄┄┄┄┄┄┄┄┄┄┄┄┄┄┄┄┄┄┄┄┄┄┄┄┄┄┄┄┄┄┄┄┄┄┄
│ 🐛 💾 Database: Database opened

00:01 +15: /Users/mr42/code/flutter/tmp/filler/test/features/prefs/presentation/preferences_bloc_test.dart: PreferencesBloc Multiple Events handles load and save sequence correctly                   
│ {newValue: 15, currentState: _$ReadyImpl}

00:01 +15: /Users/mr42/code/flutter/tmp/filler/test/integration/app_flow_test.dart: App Flow Integration Tests key-value preference storage                                                            
└───────────────────────────────────────────────────────────────────────────────────────────────────────────────────────

00:01 +15: /Users/mr42/code/flutter/tmp/filler/test/features/prefs/presentation/preferences_bloc_test.dart: PreferencesBloc Multiple Events handles load and save sequence correctly                   
├┄┄┄┄┄┄┄┄┄┄┄┄┄┄┄┄┄┄┄┄┄┄┄┄┄┄┄┄┄┄┄┄┄┄┄┄┄┄┄┄┄┄┄┄┄┄┄┄┄┄┄┄┄┄┄┄┄┄┄┄┄┄┄┄┄┄┄┄┄┄┄┄┄┄┄┄┄┄┄┄┄┄┄┄┄┄┄┄┄┄┄┄┄┄┄┄┄┄┄┄┄┄┄┄┄┄┄┄┄┄┄┄┄┄┄┄┄┄┄
│ #0   AppLogger.preferences (package:filler/core/logging.dart:64:13)
│ #1   new PreferencesBloc.<anonymous closure> (package:filler/features/prefs/presentation/preferences_bloc.dart:119:17)
│ #2   Bloc.on.<anonymous closure>.handleEvent (package:bloc/src/bloc.dart:226:26)
│ #3   Bloc.on.<anonymous closure> (package:bloc/src/bloc.dart:235:9)
│ #4   _MapStream._handleData (dart:async/stream_pipe.dart:247:31)
│ #5   _ForwardingStreamSubscription._handleData (dart:async/stream_pipe.dart:184:13)

00:01 +15: /Users/mr42/code/flutter/tmp/filler/test/integration/app_flow_test.dart: App Flow Integration Tests key-value preference storage                                                            
┌───────────────────────────────────────────────────────────────────────────────────────────────────────────────────────

00:01 +15: /Users/mr42/code/flutter/tmp/filler/test/features/prefs/presentation/preferences_bloc_test.dart: PreferencesBloc Multiple Events handles load and save sequence correctly                   
│ #6   StackZoneSpecification._registerUnaryCallback.<anonymous closure>.<anonymous closure> (package:stack_trace/src/stack_zone_specification.dart:127:36)

00:01 +15: /Users/mr42/code/flutter/tmp/filler/test/integration/app_flow_test.dart: App Flow Integration Tests key-value preference storage                                                            
│ {key: theme, value: dark}

00:01 +15: /Users/mr42/code/flutter/tmp/filler/test/features/prefs/presentation/preferences_bloc_test.dart: PreferencesBloc Multiple Events handles load and save sequence correctly                   
│ #7   StackZoneSpecification._run (package:stack_trace/src/stack_zone_specification.dart:207:15)

00:01 +15: /Users/mr42/code/flutter/tmp/filler/test/integration/app_flow_test.dart: App Flow Integration Tests key-value preference storage                                                            
├┄┄┄┄┄┄┄┄┄┄┄┄┄┄┄┄┄┄┄┄┄┄┄┄┄┄┄┄┄┄┄┄┄┄┄┄┄┄┄┄┄┄┄┄┄┄┄┄┄┄┄┄┄┄┄┄┄┄┄┄┄┄┄┄┄┄┄┄┄┄┄┄┄┄┄┄┄┄┄┄┄┄┄┄┄┄┄┄┄┄┄┄┄┄┄┄┄┄┄┄┄┄┄┄┄┄┄┄┄┄┄┄┄┄┄┄┄┄┄

00:01 +15: /Users/mr42/code/flutter/tmp/filler/test/features/prefs/presentation/preferences_bloc_test.dart: PreferencesBloc Multiple Events handles load and save sequence correctly                   
├┄┄┄┄┄┄┄┄┄┄┄┄┄┄┄┄┄┄┄┄┄┄┄┄┄┄┄┄┄┄┄┄┄┄┄┄┄┄┄┄┄┄┄┄┄┄┄┄┄┄┄┄┄┄┄┄┄┄┄┄┄┄┄┄┄┄┄┄┄┄┄┄┄┄┄┄┄┄┄┄┄┄┄┄┄┄┄┄┄┄┄┄┄┄┄┄┄┄┄┄┄┄┄┄┄┄┄┄┄┄┄┄┄┄┄┄┄┄┄

00:01 +15: /Users/mr42/code/flutter/tmp/filler/test/integration/app_flow_test.dart: App Flow Integration Tests key-value preference storage                                                            
│ #0   AppLogger.database (package:filler/core/logging.dart:49:13)

00:01 +15: /Users/mr42/code/flutter/tmp/filler/test/features/prefs/presentation/preferences_bloc_test.dart: PreferencesBloc Multiple Events handles load and save sequence correctly                   
│ 07:38:48.016 (+0:00:00.167547)

00:01 +15: /Users/mr42/code/flutter/tmp/filler/test/integration/app_flow_test.dart: App Flow Integration Tests key-value preference storage                                                            
│ #1   AppDatabase.setPreferenceValue (package:filler/data/database.dart:337:17)

00:01 +15: /Users/mr42/code/flutter/tmp/filler/test/features/prefs/presentation/preferences_bloc_test.dart: PreferencesBloc Multiple Events handles load and save sequence correctly                   
├┄┄┄┄┄┄┄┄┄┄┄┄┄┄┄┄┄┄┄┄┄┄┄┄┄┄┄┄┄┄┄┄┄┄┄┄┄┄┄┄┄┄┄┄┄┄┄┄┄┄┄┄┄┄┄┄┄┄┄┄┄┄┄┄┄┄┄┄┄┄┄┄┄┄┄┄┄┄┄┄┄┄┄┄┄┄┄┄┄┄┄┄┄┄┄┄┄┄┄┄┄┄┄┄┄┄┄┄┄┄┄┄┄┄┄┄┄┄┄

00:01 +15: /Users/mr42/code/flutter/tmp/filler/test/integration/app_flow_test.dart: App Flow Integration Tests key-value preference storage                                                            
│ #2   <asynchronous suspension>

00:01 +15: /Users/mr42/code/flutter/tmp/filler/test/features/prefs/presentation/preferences_bloc_test.dart: PreferencesBloc Multiple Events handles load and save sequence correctly                   
│ 🐛 ⚙️ Preferences: Width change requested
└───────────────────────────────────────────────────────────────────────────────────────────────────────────────────────

00:01 +15: /Users/mr42/code/flutter/tmp/filler/test/integration/app_flow_test.dart: App Flow Integration Tests key-value preference storage                                                            
│ #3   PreferencesRepository.setPreference (package:filler/domain/repositories.dart:613:5)
│ #4   <asynchronous suspension>
│ #5   main.<anonymous closure>.<anonymous closure> (file:///Users/mr42/code/flutter/tmp/filler/test/integration/app_flow_test.dart:82:7)
│ #6   <asynchronous suspension>

00:01 +15: /Users/mr42/code/flutter/tmp/filler/test/features/prefs/presentation/preferences_bloc_test.dart: PreferencesBloc Multiple Events handles load and save sequence correctly                   
┌───────────────────────────────────────────────────────────────────────────────────────────────────────────────────────

00:01 +15: /Users/mr42/code/flutter/tmp/filler/test/integration/app_flow_test.dart: App Flow Integration Tests key-value preference storage                                                            
│ #7   Declarer.test.<anonymous closure>.<anonymous closure> (package:test_api/src/backend/declarer.dart:242:9)
├┄┄┄┄┄┄┄┄┄┄┄┄┄┄┄┄┄┄┄┄┄┄┄┄┄┄┄┄┄┄┄┄┄┄┄┄┄┄┄┄┄┄┄┄┄┄┄┄┄┄┄┄┄┄┄┄┄┄┄┄┄┄┄┄┄┄┄┄┄┄┄┄┄┄┄┄┄┄┄┄┄┄┄┄┄┄┄┄┄┄┄┄┄┄┄┄┄┄┄┄┄┄┄┄┄┄┄┄┄┄┄┄┄┄┄┄┄┄┄

00:01 +15: /Users/mr42/code/flutter/tmp/filler/test/features/prefs/presentation/preferences_bloc_test.dart: PreferencesBloc Multiple Events handles load and save sequence correctly                   
│ {from: 10, to: 15}

00:01 +15: /Users/mr42/code/flutter/tmp/filler/test/integration/app_flow_test.dart: App Flow Integration Tests key-value preference storage                                                            
│ 07:38:48.016 (+0:00:00.273892)

00:01 +15: /Users/mr42/code/flutter/tmp/filler/test/features/prefs/presentation/preferences_bloc_test.dart: PreferencesBloc Multiple Events handles load and save sequence correctly                   
├┄┄┄┄┄┄┄┄┄┄┄┄┄┄┄┄┄┄┄┄┄┄┄┄┄┄┄┄┄┄┄┄┄┄┄┄┄┄┄┄┄┄┄┄┄┄┄┄┄┄┄┄┄┄┄┄┄┄┄┄┄┄┄┄┄┄┄┄┄┄┄┄┄┄┄┄┄┄┄┄┄┄┄┄┄┄┄┄┄┄┄┄┄┄┄┄┄┄┄┄┄┄┄┄┄┄┄┄┄┄┄┄┄┄┄┄┄┄┄

00:01 +15: /Users/mr42/code/flutter/tmp/filler/test/integration/app_flow_test.dart: App Flow Integration Tests key-value preference storage                                                            
├┄┄┄┄┄┄┄┄┄┄┄┄┄┄┄┄┄┄┄┄┄┄┄┄┄┄┄┄┄┄┄┄┄┄┄┄┄┄┄┄┄┄┄┄┄┄┄┄┄┄┄┄┄┄┄┄┄┄┄┄┄┄┄┄┄┄┄┄┄┄┄┄┄┄┄┄┄┄┄┄┄┄┄┄┄┄┄┄┄┄┄┄┄┄┄┄┄┄┄┄┄┄┄┄┄┄┄┄┄┄┄┄┄┄┄┄┄┄┄

00:01 +15: /Users/mr42/code/flutter/tmp/filler/test/features/prefs/presentation/preferences_bloc_test.dart: PreferencesBloc Multiple Events handles load and save sequence correctly                   
│ #0   AppLogger.preferences (package:filler/core/logging.dart:64:13)
│ #1   new PreferencesBloc.<anonymous closure>.<anonymous closure> (package:filler/features/prefs/presentation/preferences_bloc.dart:129:21)

00:01 +15: /Users/mr42/code/flutter/tmp/filler/test/integration/app_flow_test.dart: App Flow Integration Tests key-value preference storage                                                            
│ 🐛 💾 Database: Preference value saved
└───────────────────────────────────────────────────────────────────────────────────────────────────────────────────────

00:01 +15: /Users/mr42/code/flutter/tmp/filler/test/features/prefs/presentation/preferences_bloc_test.dart: PreferencesBloc Multiple Events handles load and save sequence correctly                   
│ #2   _$ReadyImpl.maybeWhen (package:filler/features/prefs/presentation/preferences_bloc.freezed.dart:1770:19)
│ #3   new PreferencesBloc.<anonymous closure> (package:filler/features/prefs/presentation/preferences_bloc.dart:127:13)
│ #4   Bloc.on.<anonymous closure>.handleEvent (package:bloc/src/bloc.dart:226:26)

00:01 +15: /Users/mr42/code/flutter/tmp/filler/test/integration/app_flow_test.dart: App Flow Integration Tests key-value preference storage                                                            
┌───────────────────────────────────────────────────────────────────────────────────────────────────────────────────────

00:01 +15: /Users/mr42/code/flutter/tmp/filler/test/features/prefs/presentation/preferences_bloc_test.dart: PreferencesBloc Multiple Events handles load and save sequence correctly                   
│ #5   Bloc.on.<anonymous closure> (package:bloc/src/bloc.dart:235:9)

00:01 +15: /Users/mr42/code/flutter/tmp/filler/test/integration/app_flow_test.dart: App Flow Integration Tests key-value preference storage                                                            
│ {key: autoSave, value: true, type: bool}

00:01 +15: /Users/mr42/code/flutter/tmp/filler/test/features/prefs/presentation/preferences_bloc_test.dart: PreferencesBloc Multiple Events handles load and save sequence correctly                   
│ #6   _MapStream._handleData (dart:async/stream_pipe.dart:247:31)

00:01 +15: /Users/mr42/code/flutter/tmp/filler/test/integration/app_flow_test.dart: App Flow Integration Tests key-value preference storage                                                            
├┄┄┄┄┄┄┄┄┄┄┄┄┄┄┄┄┄┄┄┄┄┄┄┄┄┄┄┄┄┄┄┄┄┄┄┄┄┄┄┄┄┄┄┄┄┄┄┄┄┄┄┄┄┄┄┄┄┄┄┄┄┄┄┄┄┄┄┄┄┄┄┄┄┄┄┄┄┄┄┄┄┄┄┄┄┄┄┄┄┄┄┄┄┄┄┄┄┄┄┄┄┄┄┄┄┄┄┄┄┄┄┄┄┄┄┄┄┄┄

00:01 +15: /Users/mr42/code/flutter/tmp/filler/test/features/prefs/presentation/preferences_bloc_test.dart: PreferencesBloc Multiple Events handles load and save sequence correctly                   
│ #7   _ForwardingStreamSubscription._handleData (dart:async/stream_pipe.dart:184:13)

00:01 +15: /Users/mr42/code/flutter/tmp/filler/test/integration/app_flow_test.dart: App Flow Integration Tests key-value preference storage                                                            
│ #0   AppLogger.preferences (package:filler/core/logging.dart:64:13)

00:01 +15: /Users/mr42/code/flutter/tmp/filler/test/features/prefs/presentation/preferences_bloc_test.dart: PreferencesBloc Multiple Events handles load and save sequence correctly                   
├┄┄┄┄┄┄┄┄┄┄┄┄┄┄┄┄┄┄┄┄┄┄┄┄┄┄┄┄┄┄┄┄┄┄┄┄┄┄┄┄┄┄┄┄┄┄┄┄┄┄┄┄┄┄┄┄┄┄┄┄┄┄┄┄┄┄┄┄┄┄┄┄┄┄┄┄┄┄┄┄┄┄┄┄┄┄┄┄┄┄┄┄┄┄┄┄┄┄┄┄┄┄┄┄┄┄┄┄┄┄┄┄┄┄┄┄┄┄┄

00:01 +15: /Users/mr42/code/flutter/tmp/filler/test/integration/app_flow_test.dart: App Flow Integration Tests key-value preference storage                                                            
│ #1   PreferencesRepository.setPreference (package:filler/domain/repositories.dart:608:15)

00:01 +15: /Users/mr42/code/flutter/tmp/filler/test/features/prefs/presentation/preferences_bloc_test.dart: PreferencesBloc Multiple Events handles load and save sequence correctly                   
│ 07:38:48.017 (+0:00:00.169047)

00:01 +15: /Users/mr42/code/flutter/tmp/filler/test/integration/app_flow_test.dart: App Flow Integration Tests key-value preference storage                                                            
│ #2   main.<anonymous closure>.<anonymous closure> (file:///Users/mr42/code/flutter/tmp/filler/test/integration/app_flow_test.dart:83:23)

00:01 +15: /Users/mr42/code/flutter/tmp/filler/test/features/prefs/presentation/preferences_bloc_test.dart: PreferencesBloc Multiple Events handles load and save sequence correctly                   
├┄┄┄┄┄┄┄┄┄┄┄┄┄┄┄┄┄┄┄┄┄┄┄┄┄┄┄┄┄┄┄┄┄┄┄┄┄┄┄┄┄┄┄┄┄┄┄┄┄┄┄┄┄┄┄┄┄┄┄┄┄┄┄┄┄┄┄┄┄┄┄┄┄┄┄┄┄┄┄┄┄┄┄┄┄┄┄┄┄┄┄┄┄┄┄┄┄┄┄┄┄┄┄┄┄┄┄┄┄┄┄┄┄┄┄┄┄┄┄

00:01 +15: /Users/mr42/code/flutter/tmp/filler/test/integration/app_flow_test.dart: App Flow Integration Tests key-value preference storage                                                            
│ #3   <asynchronous suspension>
│ #4   Declarer.test.<anonymous closure>.<anonymous closure> (package:test_api/src/backend/declarer.dart:242:9)

00:01 +15: /Users/mr42/code/flutter/tmp/filler/test/features/prefs/presentation/preferences_bloc_test.dart: PreferencesBloc Multiple Events handles load and save sequence correctly                   
│ 🐛 ⚙️ Preferences: Updating width
└───────────────────────────────────────────────────────────────────────────────────────────────────────────────────────

00:01 +15: /Users/mr42/code/flutter/tmp/filler/test/integration/app_flow_test.dart: App Flow Integration Tests key-value preference storage                                                            
│ #5   <asynchronous suspension>
│ #6   Declarer.test.<anonymous closure> (package:test_api/src/backend/declarer.dart:240:7)
│ #7   <asynchronous suspension>
├┄┄┄┄┄┄┄┄┄┄┄┄┄┄┄┄┄┄┄┄┄┄┄┄┄┄┄┄┄┄┄┄┄┄┄┄┄┄┄┄┄┄┄┄┄┄┄┄┄┄┄┄┄┄┄┄┄┄┄┄┄┄┄┄┄┄┄┄┄┄┄┄┄┄┄┄┄┄┄┄┄┄┄┄┄┄┄┄┄┄┄┄┄┄┄┄┄┄┄┄┄┄┄┄┄┄┄┄┄┄┄┄┄┄┄┄┄┄┄
│ 07:38:48.018 (+0:00:00.275345)

00:01 +15: /Users/mr42/code/flutter/tmp/filler/test/features/prefs/presentation/preferences_bloc_test.dart: PreferencesBloc Multiple Events handles load and save sequence correctly                   
┌───────────────────────────────────────────────────────────────────────────────────────────────────────────────────────

00:01 +15: /Users/mr42/code/flutter/tmp/filler/test/integration/app_flow_test.dart: App Flow Integration Tests key-value preference storage                                                            
├┄┄┄┄┄┄┄┄┄┄┄┄┄┄┄┄┄┄┄┄┄┄┄┄┄┄┄┄┄┄┄┄┄┄┄┄┄┄┄┄┄┄┄┄┄┄┄┄┄┄┄┄┄┄┄┄┄┄┄┄┄┄┄┄┄┄┄┄┄┄┄┄┄┄┄┄┄┄┄┄┄┄┄┄┄┄┄┄┄┄┄┄┄┄┄┄┄┄┄┄┄┄┄┄┄┄┄┄┄┄┄┄┄┄┄┄┄┄┄

00:01 +15: /Users/mr42/code/flutter/tmp/filler/test/features/prefs/presentation/preferences_bloc_test.dart: PreferencesBloc Multiple Events handles load and save sequence correctly                   
│ #0   AppLogger.bloc (package:filler/core/logging.dart:44:13)

00:01 +15: /Users/mr42/code/flutter/tmp/filler/test/integration/app_flow_test.dart: App Flow Integration Tests key-value preference storage                                                            
│ 🐛 ⚙️ Preferences: Setting individual preference

00:01 +15: /Users/mr42/code/flutter/tmp/filler/test/features/prefs/presentation/preferences_bloc_test.dart: PreferencesBloc Multiple Events handles load and save sequence correctly                   
│ #1   new PreferencesBloc.<anonymous closure>.<anonymous closure> (package:filler/features/prefs/presentation/preferences_bloc.dart:144:21)

00:01 +15: /Users/mr42/code/flutter/tmp/filler/test/integration/app_flow_test.dart: App Flow Integration Tests key-value preference storage                                                            
└───────────────────────────────────────────────────────────────────────────────────────────────────────────────────────

00:01 +15: /Users/mr42/code/flutter/tmp/filler/test/features/prefs/presentation/preferences_bloc_test.dart: PreferencesBloc Multiple Events handles load and save sequence correctly                   
├┄┄┄┄┄┄┄┄┄┄┄┄┄┄┄┄┄┄┄┄┄┄┄┄┄┄┄┄┄┄┄┄┄┄┄┄┄┄┄┄┄┄┄┄┄┄┄┄┄┄┄┄┄┄┄┄┄┄┄┄┄┄┄┄┄┄┄┄┄┄┄┄┄┄┄┄┄┄┄┄┄┄┄┄┄┄┄┄┄┄┄┄┄┄┄┄┄┄┄┄┄┄┄┄┄┄┄┄┄┄┄┄┄┄┄┄┄┄┄

00:01 +15: /Users/mr42/code/flutter/tmp/filler/test/integration/app_flow_test.dart: App Flow Integration Tests key-value preference storage                                                            
┌───────────────────────────────────────────────────────────────────────────────────────────────────────────────────────

00:01 +15: /Users/mr42/code/flutter/tmp/filler/test/features/prefs/presentation/preferences_bloc_test.dart: PreferencesBloc Multiple Events handles load and save sequence correctly                   
│ 07:38:48.019 (+0:00:00.170655)

00:01 +15: /Users/mr42/code/flutter/tmp/filler/test/integration/app_flow_test.dart: App Flow Integration Tests key-value preference storage                                                            
│ {key: autoSave, value: true, type: bool}

00:01 +15: /Users/mr42/code/flutter/tmp/filler/test/features/prefs/presentation/preferences_bloc_test.dart: PreferencesBloc Multiple Events handles load and save sequence correctly                   
├┄┄┄┄┄┄┄┄┄┄┄┄┄┄┄┄┄┄┄┄┄┄┄┄┄┄┄┄┄┄┄┄┄┄┄┄┄┄┄┄┄┄┄┄┄┄┄┄┄┄┄┄┄┄┄┄┄┄┄┄┄┄┄┄┄┄┄┄┄┄┄┄┄┄┄┄┄┄┄┄┄┄┄┄┄┄┄┄┄┄┄┄┄┄┄┄┄┄┄┄┄┄┄┄┄┄┄┄┄┄┄┄┄┄┄┄┄┄┄

00:01 +15: /Users/mr42/code/flutter/tmp/filler/test/integration/app_flow_test.dart: App Flow Integration Tests key-value preference storage                                                            
├┄┄┄┄┄┄┄┄┄┄┄┄┄┄┄┄┄┄┄┄┄┄┄┄┄┄┄┄┄┄┄┄┄┄┄┄┄┄┄┄┄┄┄┄┄┄┄┄┄┄┄┄┄┄┄┄┄┄┄┄┄┄┄┄┄┄┄┄┄┄┄┄┄┄┄┄┄┄┄┄┄┄┄┄┄┄┄┄┄┄┄┄┄┄┄┄┄┄┄┄┄┄┄┄┄┄┄┄┄┄┄┄┄┄┄┄┄┄┄
│ #0   AppLogger.database (package:filler/core/logging.dart:49:13)

00:01 +15: /Users/mr42/code/flutter/tmp/filler/test/features/prefs/presentation/preferences_bloc_test.dart: PreferencesBloc Multiple Events handles load and save sequence correctly                   
│ 🐛 🔄 BLoC[Preferences]: SetWidth | ready → ready
└───────────────────────────────────────────────────────────────────────────────────────────────────────────────────────

00:01 +15: /Users/mr42/code/flutter/tmp/filler/test/integration/app_flow_test.dart: App Flow Integration Tests key-value preference storage                                                            
│ #1   AppDatabase.setPreferenceValue (package:filler/data/database.dart:301:15)
│ #2   PreferencesRepository.setPreference (package:filler/domain/repositories.dart:613:15)
│ #3   main.<anonymous closure>.<anonymous closure> (file:///Users/mr42/code/flutter/tmp/filler/test/integration/app_flow_test.dart:83:23)
│ #4   <asynchronous suspension>
│ #5   Declarer.test.<anonymous closure>.<anonymous closure> (package:test_api/src/backend/declarer.dart:242:9)
│ #6   <asynchronous suspension>

00:01 +15: /Users/mr42/code/flutter/tmp/filler/test/features/prefs/presentation/preferences_bloc_test.dart: PreferencesBloc Multiple Events handles load and save sequence correctly                   
┌───────────────────────────────────────────────────────────────────────────────────────────────────────────────────────

00:01 +15: /Users/mr42/code/flutter/tmp/filler/test/integration/app_flow_test.dart: App Flow Integration Tests key-value preference storage                                                            
│ #7   Declarer.test.<anonymous closure> (package:test_api/src/backend/declarer.dart:240:7)
├┄┄┄┄┄┄┄┄┄┄┄┄┄┄┄┄┄┄┄┄┄┄┄┄┄┄┄┄┄┄┄┄┄┄┄┄┄┄┄┄┄┄┄┄┄┄┄┄┄┄┄┄┄┄┄┄┄┄┄┄┄┄┄┄┄┄┄┄┄┄┄┄┄┄┄┄┄┄┄┄┄┄┄┄┄┄┄┄┄┄┄┄┄┄┄┄┄┄┄┄┄┄┄┄┄┄┄┄┄┄┄┄┄┄┄┄┄┄┄

00:01 +15: /Users/mr42/code/flutter/tmp/filler/test/features/prefs/presentation/preferences_bloc_test.dart: PreferencesBloc Multiple Events handles load and save sequence correctly                   
│ #0   AppLogger.preferences (package:filler/core/logging.dart:64:13)

00:01 +15: /Users/mr42/code/flutter/tmp/filler/test/integration/app_flow_test.dart: App Flow Integration Tests key-value preference storage                                                            
│ 07:38:48.019 (+0:00:00.276632)

00:01 +15: /Users/mr42/code/flutter/tmp/filler/test/features/prefs/presentation/preferences_bloc_test.dart: PreferencesBloc Multiple Events handles load and save sequence correctly                   
│ #1   new PreferencesBloc.<anonymous closure> (package:filler/features/prefs/presentation/preferences_bloc.dart:241:17)

00:01 +15: /Users/mr42/code/flutter/tmp/filler/test/integration/app_flow_test.dart: App Flow Integration Tests key-value preference storage                                                            
├┄┄┄┄┄┄┄┄┄┄┄┄┄┄┄┄┄┄┄┄┄┄┄┄┄┄┄┄┄┄┄┄┄┄┄┄┄┄┄┄┄┄┄┄┄┄┄┄┄┄┄┄┄┄┄┄┄┄┄┄┄┄┄┄┄┄┄┄┄┄┄┄┄┄┄┄┄┄┄┄┄┄┄┄┄┄┄┄┄┄┄┄┄┄┄┄┄┄┄┄┄┄┄┄┄┄┄┄┄┄┄┄┄┄┄┄┄┄┄

00:01 +15: /Users/mr42/code/flutter/tmp/filler/test/features/prefs/presentation/preferences_bloc_test.dart: PreferencesBloc Multiple Events handles load and save sequence correctly                   
├┄┄┄┄┄┄┄┄┄┄┄┄┄┄┄┄┄┄┄┄┄┄┄┄┄┄┄┄┄┄┄┄┄┄┄┄┄┄┄┄┄┄┄┄┄┄┄┄┄┄┄┄┄┄┄┄┄┄┄┄┄┄┄┄┄┄┄┄┄┄┄┄┄┄┄┄┄┄┄┄┄┄┄┄┄┄┄┄┄┄┄┄┄┄┄┄┄┄┄┄┄┄┄┄┄┄┄┄┄┄┄┄┄┄┄┄┄┄┄

00:01 +15: /Users/mr42/code/flutter/tmp/filler/test/integration/app_flow_test.dart: App Flow Integration Tests key-value preference storage                                                            
│ 🐛 💾 Database: Setting preference value

00:01 +15: /Users/mr42/code/flutter/tmp/filler/test/features/prefs/presentation/preferences_bloc_test.dart: PreferencesBloc Multiple Events handles load and save sequence correctly                   
│ 07:38:48.020 (+0:00:00.171685)

00:01 +15: /Users/mr42/code/flutter/tmp/filler/test/integration/app_flow_test.dart: App Flow Integration Tests key-value preference storage                                                            
└───────────────────────────────────────────────────────────────────────────────────────────────────────────────────────

00:01 +15: /Users/mr42/code/flutter/tmp/filler/test/features/prefs/presentation/preferences_bloc_test.dart: PreferencesBloc Multiple Events handles load and save sequence correctly                   
├┄┄┄┄┄┄┄┄┄┄┄┄┄┄┄┄┄┄┄┄┄┄┄┄┄┄┄┄┄┄┄┄┄┄┄┄┄┄┄┄┄┄┄┄┄┄┄┄┄┄┄┄┄┄┄┄┄┄┄┄┄┄┄┄┄┄┄┄┄┄┄┄┄┄┄┄┄┄┄┄┄┄┄┄┄┄┄┄┄┄┄┄┄┄┄┄┄┄┄┄┄┄┄┄┄┄┄┄┄┄┄┄┄┄┄┄┄┄┄
│ 🐛 ⚙️ Preferences: Save requested
└───────────────────────────────────────────────────────────────────────────────────────────────────────────────────────
┌───────────────────────────────────────────────────────────────────────────────────────────────────────────────────────

00:01 +15: /Users/mr42/code/flutter/tmp/filler/test/integration/app_flow_test.dart: App Flow Integration Tests key-value preference storage                                                            
┌───────────────────────────────────────────────────────────────────────────────────────────────────────────────────────

00:01 +15: /Users/mr42/code/flutter/tmp/filler/test/features/prefs/presentation/preferences_bloc_test.dart: PreferencesBloc Multiple Events handles load and save sequence correctly                   
│ {width: 15, height: 10, insets: 0, defaultPattern: 1, themeMode: 2}

00:01 +15: /Users/mr42/code/flutter/tmp/filler/test/integration/app_flow_test.dart: App Flow Integration Tests key-value preference storage                                                            
│ {key: autoSave, value: true}

00:01 +15: /Users/mr42/code/flutter/tmp/filler/test/features/prefs/presentation/preferences_bloc_test.dart: PreferencesBloc Multiple Events handles load and save sequence correctly                   
├┄┄┄┄┄┄┄┄┄┄┄┄┄┄┄┄┄┄┄┄┄┄┄┄┄┄┄┄┄┄┄┄┄┄┄┄┄┄┄┄┄┄┄┄┄┄┄┄┄┄┄┄┄┄┄┄┄┄┄┄┄┄┄┄┄┄┄┄┄┄┄┄┄┄┄┄┄┄┄┄┄┄┄┄┄┄┄┄┄┄┄┄┄┄┄┄┄┄┄┄┄┄┄┄┄┄┄┄┄┄┄┄┄┄┄┄┄┄┄
│ #0   AppLogger.preferences (package:filler/core/logging.dart:64:13)

00:01 +15: /Users/mr42/code/flutter/tmp/filler/test/integration/app_flow_test.dart: App Flow Integration Tests key-value preference storage                                                            
├┄┄┄┄┄┄┄┄┄┄┄┄┄┄┄┄┄┄┄┄┄┄┄┄┄┄┄┄┄┄┄┄┄┄┄┄┄┄┄┄┄┄┄┄┄┄┄┄┄┄┄┄┄┄┄┄┄┄┄┄┄┄┄┄┄┄┄┄┄┄┄┄┄┄┄┄┄┄┄┄┄┄┄┄┄┄┄┄┄┄┄┄┄┄┄┄┄┄┄┄┄┄┄┄┄┄┄┄┄┄┄┄┄┄┄┄┄┄┄
│ #0   AppLogger.database (package:filler/core/logging.dart:49:13)

00:01 +15: /Users/mr42/code/flutter/tmp/filler/test/features/prefs/presentation/preferences_bloc_test.dart: PreferencesBloc Multiple Events handles load and save sequence correctly                   
│ #1   new PreferencesBloc.<anonymous closure>.<anonymous closure> (package:filler/features/prefs/presentation/preferences_bloc.dart:248:23)
│ #2   _$ReadyImpl.maybeWhen (package:filler/features/prefs/presentation/preferences_bloc.freezed.dart:1770:19)

00:01 +15: /Users/mr42/code/flutter/tmp/filler/test/integration/app_flow_test.dart: App Flow Integration Tests key-value preference storage                                                            
│ #1   AppDatabase.setPreferenceValue (package:filler/data/database.dart:337:17)
│ #2   <asynchronous suspension>
│ #3   PreferencesRepository.setPreference (package:filler/domain/repositories.dart:613:5)
│ #4   <asynchronous suspension>
│ #5   main.<anonymous closure>.<anonymous closure> (file:///Users/mr42/code/flutter/tmp/filler/test/integration/app_flow_test.dart:83:7)
│ #6   <asynchronous suspension>
│ #7   Declarer.test.<anonymous closure>.<anonymous closure> (package:test_api/src/backend/declarer.dart:242:9)
├┄┄┄┄┄┄┄┄┄┄┄┄┄┄┄┄┄┄┄┄┄┄┄┄┄┄┄┄┄┄┄┄┄┄┄┄┄┄┄┄┄┄┄┄┄┄┄┄┄┄┄┄┄┄┄┄┄┄┄┄┄┄┄┄┄┄┄┄┄┄┄┄┄┄┄┄┄┄┄┄┄┄┄┄┄┄┄┄┄┄┄┄┄┄┄┄┄┄┄┄┄┄┄┄┄┄┄┄┄┄┄┄┄┄┄┄┄┄┄

00:01 +15: /Users/mr42/code/flutter/tmp/filler/test/features/prefs/presentation/preferences_bloc_test.dart: PreferencesBloc Multiple Events handles load and save sequence correctly                   
│ #3   new PreferencesBloc.<anonymous closure> (package:filler/features/prefs/presentation/preferences_bloc.dart:243:19)
│ #4   Bloc.on.<anonymous closure>.handleEvent (package:bloc/src/bloc.dart:226:26)
│ #5   Bloc.on.<anonymous closure> (package:bloc/src/bloc.dart:235:9)
│ #6   _MapStream._handleData (dart:async/stream_pipe.dart:247:31)
│ #7   _ForwardingStreamSubscription._handleData (dart:async/stream_pipe.dart:184:13)

00:01 +15: /Users/mr42/code/flutter/tmp/filler/test/integration/app_flow_test.dart: App Flow Integration Tests key-value preference storage                                                            
│ 07:38:48.021 (+0:00:00.278275)
├┄┄┄┄┄┄┄┄┄┄┄┄┄┄┄┄┄┄┄┄┄┄┄┄┄┄┄┄┄┄┄┄┄┄┄┄┄┄┄┄┄┄┄┄┄┄┄┄┄┄┄┄┄┄┄┄┄┄┄┄┄┄┄┄┄┄┄┄┄┄┄┄┄┄┄┄┄┄┄┄┄┄┄┄┄┄┄┄┄┄┄┄┄┄┄┄┄┄┄┄┄┄┄┄┄┄┄┄┄┄┄┄┄┄┄┄┄┄┄

00:01 +15: /Users/mr42/code/flutter/tmp/filler/test/features/prefs/presentation/preferences_bloc_test.dart: PreferencesBloc Multiple Events handles load and save sequence correctly                   
├┄┄┄┄┄┄┄┄┄┄┄┄┄┄┄┄┄┄┄┄┄┄┄┄┄┄┄┄┄┄┄┄┄┄┄┄┄┄┄┄┄┄┄┄┄┄┄┄┄┄┄┄┄┄┄┄┄┄┄┄┄┄┄┄┄┄┄┄┄┄┄┄┄┄┄┄┄┄┄┄┄┄┄┄┄┄┄┄┄┄┄┄┄┄┄┄┄┄┄┄┄┄┄┄┄┄┄┄┄┄┄┄┄┄┄┄┄┄┄
│ 07:38:48.021 (+0:00:00.172572)

00:01 +15: /Users/mr42/code/flutter/tmp/filler/test/integration/app_flow_test.dart: App Flow Integration Tests key-value preference storage                                                            
│ 🐛 💾 Database: Preference value saved

00:01 +15: /Users/mr42/code/flutter/tmp/filler/test/features/prefs/presentation/preferences_bloc_test.dart: PreferencesBloc Multiple Events handles load and save sequence correctly                   
├┄┄┄┄┄┄┄┄┄┄┄┄┄┄┄┄┄┄┄┄┄┄┄┄┄┄┄┄┄┄┄┄┄┄┄┄┄┄┄┄┄┄┄┄┄┄┄┄┄┄┄┄┄┄┄┄┄┄┄┄┄┄┄┄┄┄┄┄┄┄┄┄┄┄┄┄┄┄┄┄┄┄┄┄┄┄┄┄┄┄┄┄┄┄┄┄┄┄┄┄┄┄┄┄┄┄┄┄┄┄┄┄┄┄┄┄┄┄┄

00:01 +15: /Users/mr42/code/flutter/tmp/filler/test/integration/app_flow_test.dart: App Flow Integration Tests key-value preference storage                                                            
└───────────────────────────────────────────────────────────────────────────────────────────────────────────────────────

00:01 +15: /Users/mr42/code/flutter/tmp/filler/test/features/prefs/presentation/preferences_bloc_test.dart: PreferencesBloc Multiple Events handles load and save sequence correctly                   
│ 🐛 ⚙️ Preferences: Saving preferences to database
└───────────────────────────────────────────────────────────────────────────────────────────────────────────────────────

00:01 +15: /Users/mr42/code/flutter/tmp/filler/test/integration/app_flow_test.dart: App Flow Integration Tests key-value preference storage                                                            
┌───────────────────────────────────────────────────────────────────────────────────────────────────────────────────────
│ {key: gridLines, value: false, type: bool}
├┄┄┄┄┄┄┄┄┄┄┄┄┄┄┄┄┄┄┄┄┄┄┄┄┄┄┄┄┄┄┄┄┄┄┄┄┄┄┄┄┄┄┄┄┄┄┄┄┄┄┄┄┄┄┄┄┄┄┄┄┄┄┄┄┄┄┄┄┄┄┄┄┄┄┄┄┄┄┄┄┄┄┄┄┄┄┄┄┄┄┄┄┄┄┄┄┄┄┄┄┄┄┄┄┄┄┄┄┄┄┄┄┄┄┄┄┄┄┄
│ #0   AppLogger.preferences (package:filler/core/logging.dart:64:13)
│ #1   PreferencesRepository.setPreference (package:filler/domain/repositories.dart:608:15)

00:01 +15: /Users/mr42/code/flutter/tmp/filler/test/features/prefs/presentation/preferences_bloc_test.dart: PreferencesBloc Multiple Events handles load and save sequence correctly                   
[38;5;12m┌───────────────────────────────────────────────────────────────────────────────────────────────────────────────────────[0m

00:01 +15: /Users/mr42/code/flutter/tmp/filler/test/integration/app_flow_test.dart: App Flow Integration Tests key-value preference storage                                                            
│ #2   main.<anonymous closure>.<anonymous closure> (file:///Users/mr42/code/flutter/tmp/filler/test/integration/app_flow_test.dart:84:23)
│ #3   <asynchronous suspension>

00:01 +15: /Users/mr42/code/flutter/tmp/filler/test/features/prefs/presentation/preferences_bloc_test.dart: PreferencesBloc Multiple Events handles load and save sequence correctly                   
[38;5;12m│ #0   AppLogger.performance (package:filler/core/logging.dart:131:13)[0m

00:01 +15: /Users/mr42/code/flutter/tmp/filler/test/integration/app_flow_test.dart: App Flow Integration Tests key-value preference storage                                                            
│ #4   Declarer.test.<anonymous closure>.<anonymous closure> (package:test_api/src/backend/declarer.dart:242:9)

00:01 +15: /Users/mr42/code/flutter/tmp/filler/test/features/prefs/presentation/preferences_bloc_test.dart: PreferencesBloc Multiple Events handles load and save sequence correctly                   
[38;5;12m│ #1   new PreferencesBloc.<anonymous closure>.<anonymous closure> (package:filler/features/prefs/presentation/preferences_bloc.dart:268:23)[0m

00:01 +15: /Users/mr42/code/flutter/tmp/filler/test/integration/app_flow_test.dart: App Flow Integration Tests key-value preference storage                                                            
│ #5   <asynchronous suspension>

00:01 +15: /Users/mr42/code/flutter/tmp/filler/test/features/prefs/presentation/preferences_bloc_test.dart: PreferencesBloc Multiple Events handles load and save sequence correctly                   
[38;5;12m├┄┄┄┄┄┄┄┄┄┄┄┄┄┄┄┄┄┄┄┄┄┄┄┄┄┄┄┄┄┄┄┄┄┄┄┄┄┄┄┄┄┄┄┄┄┄┄┄┄┄┄┄┄┄┄┄┄┄┄┄┄┄┄┄┄┄┄┄┄┄┄┄┄┄┄┄┄┄┄┄┄┄┄┄┄┄┄┄┄┄┄┄┄┄┄┄┄┄┄┄┄┄┄┄┄┄┄┄┄┄┄┄┄┄┄┄┄┄┄[0m

00:01 +15: /Users/mr42/code/flutter/tmp/filler/test/integration/app_flow_test.dart: App Flow Integration Tests key-value preference storage                                                            
│ #6   Declarer.test.<anonymous closure> (package:test_api/src/backend/declarer.dart:240:7)

00:01 +15: /Users/mr42/code/flutter/tmp/filler/test/features/prefs/presentation/preferences_bloc_test.dart: PreferencesBloc Multiple Events handles load and save sequence correctly                   
[38;5;12m│ 07:38:48.023 (+0:00:00.174467)[0m

00:01 +15: /Users/mr42/code/flutter/tmp/filler/test/integration/app_flow_test.dart: App Flow Integration Tests key-value preference storage                                                            
│ #7   <asynchronous suspension>
├┄┄┄┄┄┄┄┄┄┄┄┄┄┄┄┄┄┄┄┄┄┄┄┄┄┄┄┄┄┄┄┄┄┄┄┄┄┄┄┄┄┄┄┄┄┄┄┄┄┄┄┄┄┄┄┄┄┄┄┄┄┄┄┄┄┄┄┄┄┄┄┄┄┄┄┄┄┄┄┄┄┄┄┄┄┄┄┄┄┄┄┄┄┄┄┄┄┄┄┄┄┄┄┄┄┄┄┄┄┄┄┄┄┄┄┄┄┄┄

00:01 +15: /Users/mr42/code/flutter/tmp/filler/test/features/prefs/presentation/preferences_bloc_test.dart: PreferencesBloc Multiple Events handles load and save sequence correctly                   
[38;5;12m├┄┄┄┄┄┄┄┄┄┄┄┄┄┄┄┄┄┄┄┄┄┄┄┄┄┄┄┄┄┄┄┄┄┄┄┄┄┄┄┄┄┄┄┄┄┄┄┄┄┄┄┄┄┄┄┄┄┄┄┄┄┄┄┄┄┄┄┄┄┄┄┄┄┄┄┄┄┄┄┄┄┄┄┄┄┄┄┄┄┄┄┄┄┄┄┄┄┄┄┄┄┄┄┄┄┄┄┄┄┄┄┄┄┄┄┄┄┄┄[0m

00:01 +15: /Users/mr42/code/flutter/tmp/filler/test/integration/app_flow_test.dart: App Flow Integration Tests key-value preference storage                                                            
│ 07:38:48.022 (+0:00:00.279676)
├┄┄┄┄┄┄┄┄┄┄┄┄┄┄┄┄┄┄┄┄┄┄┄┄┄┄┄┄┄┄┄┄┄┄┄┄┄┄┄┄┄┄┄┄┄┄┄┄┄┄┄┄┄┄┄┄┄┄┄┄┄┄┄┄┄┄┄┄┄┄┄┄┄┄┄┄┄┄┄┄┄┄┄┄┄┄┄┄┄┄┄┄┄┄┄┄┄┄┄┄┄┄┄┄┄┄┄┄┄┄┄┄┄┄┄┄┄┄┄

00:01 +15: /Users/mr42/code/flutter/tmp/filler/test/features/prefs/presentation/preferences_bloc_test.dart: PreferencesBloc Multiple Events handles load and save sequence correctly                   
[38;5;12m│ 💡 ⏱️ Performance: Preferences save took 1ms[0m
[38;5;12m└───────────────────────────────────────────────────────────────────────────────────────────────────────────────────────[0m

00:01 +15: /Users/mr42/code/flutter/tmp/filler/test/integration/app_flow_test.dart: App Flow Integration Tests key-value preference storage                                                            
│ 🐛 ⚙️ Preferences: Setting individual preference
└───────────────────────────────────────────────────────────────────────────────────────────────────────────────────────

00:01 +15: /Users/mr42/code/flutter/tmp/filler/test/features/prefs/presentation/preferences_bloc_test.dart: PreferencesBloc Multiple Events handles load and save sequence correctly                   
┌───────────────────────────────────────────────────────────────────────────────────────────────────────────────────────
│ {width: 15, height: 10, insets: 0, defaultPattern: 1, themeMode: 2}

00:01 +15: /Users/mr42/code/flutter/tmp/filler/test/integration/app_flow_test.dart: App Flow Integration Tests key-value preference storage                                                            
┌───────────────────────────────────────────────────────────────────────────────────────────────────────────────────────
│ {key: gridLines, value: false, type: bool}

00:01 +15: /Users/mr42/code/flutter/tmp/filler/test/features/prefs/presentation/preferences_bloc_test.dart: PreferencesBloc Multiple Events handles load and save sequence correctly                   
├┄┄┄┄┄┄┄┄┄┄┄┄┄┄┄┄┄┄┄┄┄┄┄┄┄┄┄┄┄┄┄┄┄┄┄┄┄┄┄┄┄┄┄┄┄┄┄┄┄┄┄┄┄┄┄┄┄┄┄┄┄┄┄┄┄┄┄┄┄┄┄┄┄┄┄┄┄┄┄┄┄┄┄┄┄┄┄┄┄┄┄┄┄┄┄┄┄┄┄┄┄┄┄┄┄┄┄┄┄┄┄┄┄┄┄┄┄┄┄

00:01 +15: /Users/mr42/code/flutter/tmp/filler/test/integration/app_flow_test.dart: App Flow Integration Tests key-value preference storage                                                            
├┄┄┄┄┄┄┄┄┄┄┄┄┄┄┄┄┄┄┄┄┄┄┄┄┄┄┄┄┄┄┄┄┄┄┄┄┄┄┄┄┄┄┄┄┄┄┄┄┄┄┄┄┄┄┄┄┄┄┄┄┄┄┄┄┄┄┄┄┄┄┄┄┄┄┄┄┄┄┄┄┄┄┄┄┄┄┄┄┄┄┄┄┄┄┄┄┄┄┄┄┄┄┄┄┄┄┄┄┄┄┄┄┄┄┄┄┄┄┄

00:01 +15: /Users/mr42/code/flutter/tmp/filler/test/features/prefs/presentation/preferences_bloc_test.dart: PreferencesBloc Multiple Events handles load and save sequence correctly                   
│ #0   AppLogger.preferences (package:filler/core/logging.dart:64:13)
│ #1   new PreferencesBloc.<anonymous closure>.<anonymous closure> (package:filler/features/prefs/presentation/preferences_bloc.dart:269:23)

00:01 +15: /Users/mr42/code/flutter/tmp/filler/test/integration/app_flow_test.dart: App Flow Integration Tests key-value preference storage                                                            
│ #0   AppLogger.database (package:filler/core/logging.dart:49:13)
│ #1   AppDatabase.setPreferenceValue (package:filler/data/database.dart:301:15)

00:01 +15: /Users/mr42/code/flutter/tmp/filler/test/features/prefs/presentation/preferences_bloc_test.dart: PreferencesBloc Multiple Events handles load and save sequence correctly                   
│ #2   <asynchronous suspension>

00:01 +15: /Users/mr42/code/flutter/tmp/filler/test/integration/app_flow_test.dart: App Flow Integration Tests key-value preference storage                                                            
│ #2   PreferencesRepository.setPreference (package:filler/domain/repositories.dart:613:15)
│ #3   main.<anonymous closure>.<anonymous closure> (file:///Users/mr42/code/flutter/tmp/filler/test/integration/app_flow_test.dart:84:23)

00:01 +15: /Users/mr42/code/flutter/tmp/filler/test/features/prefs/presentation/preferences_bloc_test.dart: PreferencesBloc Multiple Events handles load and save sequence correctly                   
│ #3   new PreferencesBloc.<anonymous closure> (package:filler/features/prefs/presentation/preferences_bloc.dart:243:7)

00:01 +15: /Users/mr42/code/flutter/tmp/filler/test/integration/app_flow_test.dart: App Flow Integration Tests key-value preference storage                                                            
│ #4   <asynchronous suspension>

00:01 +15: /Users/mr42/code/flutter/tmp/filler/test/features/prefs/presentation/preferences_bloc_test.dart: PreferencesBloc Multiple Events handles load and save sequence correctly                   
│ #4   <asynchronous suspension>

00:01 +15: /Users/mr42/code/flutter/tmp/filler/test/integration/app_flow_test.dart: App Flow Integration Tests key-value preference storage                                                            
│ #5   Declarer.test.<anonymous closure>.<anonymous closure> (package:test_api/src/backend/declarer.dart:242:9)

00:01 +15: /Users/mr42/code/flutter/tmp/filler/test/features/prefs/presentation/preferences_bloc_test.dart: PreferencesBloc Multiple Events handles load and save sequence correctly                   
│ #5   Bloc.on.<anonymous closure>.handleEvent (package:bloc/src/bloc.dart:226:13)

00:01 +15: /Users/mr42/code/flutter/tmp/filler/test/integration/app_flow_test.dart: App Flow Integration Tests key-value preference storage                                                            
│ #6   <asynchronous suspension>

00:01 +15: /Users/mr42/code/flutter/tmp/filler/test/features/prefs/presentation/preferences_bloc_test.dart: PreferencesBloc Multiple Events handles load and save sequence correctly                   
│ #6   <asynchronous suspension>

00:01 +15: /Users/mr42/code/flutter/tmp/filler/test/integration/app_flow_test.dart: App Flow Integration Tests key-value preference storage                                                            
│ #7   Declarer.test.<anonymous closure> (package:test_api/src/backend/declarer.dart:240:7)
├┄┄┄┄┄┄┄┄┄┄┄┄┄┄┄┄┄┄┄┄┄┄┄┄┄┄┄┄┄┄┄┄┄┄┄┄┄┄┄┄┄┄┄┄┄┄┄┄┄┄┄┄┄┄┄┄┄┄┄┄┄┄┄┄┄┄┄┄┄┄┄┄┄┄┄┄┄┄┄┄┄┄┄┄┄┄┄┄┄┄┄┄┄┄┄┄┄┄┄┄┄┄┄┄┄┄┄┄┄┄┄┄┄┄┄┄┄┄┄

00:01 +15: /Users/mr42/code/flutter/tmp/filler/test/features/prefs/presentation/preferences_bloc_test.dart: PreferencesBloc Multiple Events handles load and save sequence correctly                   
├┄┄┄┄┄┄┄┄┄┄┄┄┄┄┄┄┄┄┄┄┄┄┄┄┄┄┄┄┄┄┄┄┄┄┄┄┄┄┄┄┄┄┄┄┄┄┄┄┄┄┄┄┄┄┄┄┄┄┄┄┄┄┄┄┄┄┄┄┄┄┄┄┄┄┄┄┄┄┄┄┄┄┄┄┄┄┄┄┄┄┄┄┄┄┄┄┄┄┄┄┄┄┄┄┄┄┄┄┄┄┄┄┄┄┄┄┄┄┄
│ 07:38:48.023 (+0:00:00.175401)

00:01 +15: /Users/mr42/code/flutter/tmp/filler/test/integration/app_flow_test.dart: App Flow Integration Tests key-value preference storage                                                            
│ 07:38:48.024 (+0:00:00.281026)
├┄┄┄┄┄┄┄┄┄┄┄┄┄┄┄┄┄┄┄┄┄┄┄┄┄┄┄┄┄┄┄┄┄┄┄┄┄┄┄┄┄┄┄┄┄┄┄┄┄┄┄┄┄┄┄┄┄┄┄┄┄┄┄┄┄┄┄┄┄┄┄┄┄┄┄┄┄┄┄┄┄┄┄┄┄┄┄┄┄┄┄┄┄┄┄┄┄┄┄┄┄┄┄┄┄┄┄┄┄┄┄┄┄┄┄┄┄┄┄

00:01 +15: /Users/mr42/code/flutter/tmp/filler/test/features/prefs/presentation/preferences_bloc_test.dart: PreferencesBloc Multiple Events handles load and save sequence correctly                   
├┄┄┄┄┄┄┄┄┄┄┄┄┄┄┄┄┄┄┄┄┄┄┄┄┄┄┄┄┄┄┄┄┄┄┄┄┄┄┄┄┄┄┄┄┄┄┄┄┄┄┄┄┄┄┄┄┄┄┄┄┄┄┄┄┄┄┄┄┄┄┄┄┄┄┄┄┄┄┄┄┄┄┄┄┄┄┄┄┄┄┄┄┄┄┄┄┄┄┄┄┄┄┄┄┄┄┄┄┄┄┄┄┄┄┄┄┄┄┄
│ 🐛 ⚙️ Preferences: Preferences saved successfully

00:01 +15: /Users/mr42/code/flutter/tmp/filler/test/integration/app_flow_test.dart: App Flow Integration Tests key-value preference storage                                                            
│ 🐛 💾 Database: Setting preference value

00:01 +15: /Users/mr42/code/flutter/tmp/filler/test/features/prefs/presentation/preferences_bloc_test.dart: PreferencesBloc Multiple Events handles load and save sequence correctly                   
└───────────────────────────────────────────────────────────────────────────────────────────────────────────────────────

00:01 +15: /Users/mr42/code/flutter/tmp/filler/test/integration/app_flow_test.dart: App Flow Integration Tests key-value preference storage                                                            
└───────────────────────────────────────────────────────────────────────────────────────────────────────────────────────
┌───────────────────────────────────────────────────────────────────────────────────────────────────────────────────────
│ {key: gridLines, value: false}
├┄┄┄┄┄┄┄┄┄┄┄┄┄┄┄┄┄┄┄┄┄┄┄┄┄┄┄┄┄┄┄┄┄┄┄┄┄┄┄┄┄┄┄┄┄┄┄┄┄┄┄┄┄┄┄┄┄┄┄┄┄┄┄┄┄┄┄┄┄┄┄┄┄┄┄┄┄┄┄┄┄┄┄┄┄┄┄┄┄┄┄┄┄┄┄┄┄┄┄┄┄┄┄┄┄┄┄┄┄┄┄┄┄┄┄┄┄┄┄
│ #0   AppLogger.database (package:filler/core/logging.dart:49:13)
│ #1   AppDatabase.setPreferenceValue (package:filler/data/database.dart:337:17)
│ #2   <asynchronous suspension>
│ #3   PreferencesRepository.setPreference (package:filler/domain/repositories.dart:613:5)
│ #4   <asynchronous suspension>
│ #5   main.<anonymous closure>.<anonymous closure> (file:///Users/mr42/code/flutter/tmp/filler/test/integration/app_flow_test.dart:84:7)

00:01 +16: /Users/mr42/code/flutter/tmp/filler/test/integration/platform_specific_test.dart: Platform-Specific Database Integration Preferences Persistence Works Cross-Platform                       
00:01 +16: /Users/mr42/code/flutter/tmp/filler/test/integration/app_flow_test.dart: App Flow Integration Tests key-value preference storage                                                            
│ #6   <asynchronous suspension>
│ #7   Declarer.test.<anonymous closure>.<anonymous closure> (package:test_api/src/backend/declarer.dart:242:9)
├┄┄┄┄┄┄┄┄┄┄┄┄┄┄┄┄┄┄┄┄┄┄┄┄┄┄┄┄┄┄┄┄┄┄┄┄┄┄┄┄┄┄┄┄┄┄┄┄┄┄┄┄┄┄┄┄┄┄┄┄┄┄┄┄┄┄┄┄┄┄┄┄┄┄┄┄┄┄┄┄┄┄┄┄┄┄┄┄┄┄┄┄┄┄┄┄┄┄┄┄┄┄┄┄┄┄┄┄┄┄┄┄┄┄┄┄┄┄┄
│ 07:38:48.025 (+0:00:00.282700)
├┄┄┄┄┄┄┄┄┄┄┄┄┄┄┄┄┄┄┄┄┄┄┄┄┄┄┄┄┄┄┄┄┄┄┄┄┄┄┄┄┄┄┄┄┄┄┄┄┄┄┄┄┄┄┄┄┄┄┄┄┄┄┄┄┄┄┄┄┄┄┄┄┄┄┄┄┄┄┄┄┄┄┄┄┄┄┄┄┄┄┄┄┄┄┄┄┄┄┄┄┄┄┄┄┄┄┄┄┄┄┄┄┄┄┄┄┄┄┄
│ 🐛 💾 Database: Preference value saved
└───────────────────────────────────────────────────────────────────────────────────────────────────────────────────────
┌───────────────────────────────────────────────────────────────────────────────────────────────────────────────────────
│ {key: brushSize, value: 3, type: int}
├┄┄┄┄┄┄┄┄┄┄┄┄┄┄┄┄┄┄┄┄┄┄┄┄┄┄┄┄┄┄┄┄┄┄┄┄┄┄┄┄┄┄┄┄┄┄┄┄┄┄┄┄┄┄┄┄┄┄┄┄┄┄┄┄┄┄┄┄┄┄┄┄┄┄┄┄┄┄┄┄┄┄┄┄┄┄┄┄┄┄┄┄┄┄┄┄┄┄┄┄┄┄┄┄┄┄┄┄┄┄┄┄┄┄┄┄┄┄┄
│ #0   AppLogger.preferences (package:filler/core/logging.dart:64:13)
│ #1   PreferencesRepository.setPreference (package:filler/domain/repositories.dart:608:15)
│ #2   main.<anonymous closure>.<anonymous closure> (file:///Users/mr42/code/flutter/tmp/filler/test/integration/app_flow_test.dart:85:23)
│ #3   <asynchronous suspension>
│ #4   Declarer.test.<anonymous closure>.<anonymous closure> (package:test_api/src/backend/declarer.dart:242:9)
│ #5   <asynchronous suspension>
│ #6   Declarer.test.<anonymous closure> (package:test_api/src/backend/declarer.dart:240:7)

00:01 +16: /Users/mr42/code/flutter/tmp/filler/test/integration/platform_specific_test.dart: Platform-Specific Database Integration Preferences Persistence Works Cross-Platform                       
00:01 +16: /Users/mr42/code/flutter/tmp/filler/test/integration/app_flow_test.dart: App Flow Integration Tests key-value preference storage                                                            
│ #7   <asynchronous suspension>
├┄┄┄┄┄┄┄┄┄┄┄┄┄┄┄┄┄┄┄┄┄┄┄┄┄┄┄┄┄┄┄┄┄┄┄┄┄┄┄┄┄┄┄┄┄┄┄┄┄┄┄┄┄┄┄┄┄┄┄┄┄┄┄┄┄┄┄┄┄┄┄┄┄┄┄┄┄┄┄┄┄┄┄┄┄┄┄┄┄┄┄┄┄┄┄┄┄┄┄┄┄┄┄┄┄┄┄┄┄┄┄┄┄┄┄┄┄┄┄
│ 07:38:48.027 (+0:00:00.283979)
├┄┄┄┄┄┄┄┄┄┄┄┄┄┄┄┄┄┄┄┄┄┄┄┄┄┄┄┄┄┄┄┄┄┄┄┄┄┄┄┄┄┄┄┄┄┄┄┄┄┄┄┄┄┄┄┄┄┄┄┄┄┄┄┄┄┄┄┄┄┄┄┄┄┄┄┄┄┄┄┄┄┄┄┄┄┄┄┄┄┄┄┄┄┄┄┄┄┄┄┄┄┄┄┄┄┄┄┄┄┄┄┄┄┄┄┄┄┄┄
│ 🐛 ⚙️ Preferences: Setting individual preference
└───────────────────────────────────────────────────────────────────────────────────────────────────────────────────────
┌───────────────────────────────────────────────────────────────────────────────────────────────────────────────────────
│ {key: brushSize, value: 3, type: int}
├┄┄┄┄┄┄┄┄┄┄┄┄┄┄┄┄┄┄┄┄┄┄┄┄┄┄┄┄┄┄┄┄┄┄┄┄┄┄┄┄┄┄┄┄┄┄┄┄┄┄┄┄┄┄┄┄┄┄┄┄┄┄┄┄┄┄┄┄┄┄┄┄┄┄┄┄┄┄┄┄┄┄┄┄┄┄┄┄┄┄┄┄┄┄┄┄┄┄┄┄┄┄┄┄┄┄┄┄┄┄┄┄┄┄┄┄┄┄┄
│ #0   AppLogger.database (package:filler/core/logging.dart:49:13)
│ #1   AppDatabase.setPreferenceValue (package:filler/data/database.dart:301:15)
│ #2   PreferencesRepository.setPreference (package:filler/domain/repositories.dart:613:15)
│ #3   main.<anonymous closure>.<anonymous closure> (file:///Users/mr42/code/flutter/tmp/filler/test/integration/app_flow_test.dart:85:23)
│ #4   <asynchronous suspension>
│ #5   Declarer.test.<anonymous closure>.<anonymous closure> (package:test_api/src/backend/declarer.dart:242:9)
│ #6   <asynchronous suspension>
│ #7   Declarer.test.<anonymous closure> (package:test_api/src/backend/declarer.dart:240:7)
├┄┄┄┄┄┄┄┄┄┄┄┄┄┄┄┄┄┄┄┄┄┄┄┄┄┄┄┄┄┄┄┄┄┄┄┄┄┄┄┄┄┄┄┄┄┄┄┄┄┄┄┄┄┄┄┄┄┄┄┄┄┄┄┄┄┄┄┄┄┄┄┄┄┄┄┄┄┄┄┄┄┄┄┄┄┄┄┄┄┄┄┄┄┄┄┄┄┄┄┄┄┄┄┄┄┄┄┄┄┄┄┄┄┄┄┄┄┄┄
│ 07:38:48.028 (+0:00:00.285436)
├┄┄┄┄┄┄┄┄┄┄┄┄┄┄┄┄┄┄┄┄┄┄┄┄┄┄┄┄┄┄┄┄┄┄┄┄┄┄┄┄┄┄┄┄┄┄┄┄┄┄┄┄┄┄┄┄┄┄┄┄┄┄┄┄┄┄┄┄┄┄┄┄┄┄┄┄┄┄┄┄┄┄┄┄┄┄┄┄┄┄┄┄┄┄┄┄┄┄┄┄┄┄┄┄┄┄┄┄┄┄┄┄┄┄┄┄┄┄┄
│ 🐛 💾 Database: Setting preference value
└───────────────────────────────────────────────────────────────────────────────────────────────────────────────────────
┌───────────────────────────────────────────────────────────────────────────────────────────────────────────────────────
│ {key: brushSize, value: 3}
├┄┄┄┄┄┄┄┄┄┄┄┄┄┄┄┄┄┄┄┄┄┄┄┄┄┄┄┄┄┄┄┄┄┄┄┄┄┄┄┄┄┄┄┄┄┄┄┄┄┄┄┄┄┄┄┄┄┄┄┄┄┄┄┄┄┄┄┄┄┄┄┄┄┄┄┄┄┄┄┄┄┄┄┄┄┄┄┄┄┄┄┄┄┄┄┄┄┄┄┄┄┄┄┄┄┄┄┄┄┄┄┄┄┄┄┄┄┄┄
│ #0   AppLogger.database (package:filler/core/logging.dart:49:13)
│ #1   AppDatabase.setPreferenceValue (package:filler/data/database.dart:337:17)
│ #2   <asynchronous suspension>
│ #3   PreferencesRepository.setPreference (package:filler/domain/repositories.dart:613:5)
│ #4   <asynchronous suspension>
│ #5   main.<anonymous closure>.<anonymous closure> (file:///Users/mr42/code/flutter/tmp/filler/test/integration/app_flow_test.dart:85:7)
│ #6   <asynchronous suspension>
│ #7   Declarer.test.<anonymous closure>.<anonymous closure> (package:test_api/src/backend/declarer.dart:242:9)
├┄┄┄┄┄┄┄┄┄┄┄┄┄┄┄┄┄┄┄┄┄┄┄┄┄┄┄┄┄┄┄┄┄┄┄┄┄┄┄┄┄┄┄┄┄┄┄┄┄┄┄┄┄┄┄┄┄┄┄┄┄┄┄┄┄┄┄┄┄┄┄┄┄┄┄┄┄┄┄┄┄┄┄┄┄┄┄┄┄┄┄┄┄┄┄┄┄┄┄┄┄┄┄┄┄┄┄┄┄┄┄┄┄┄┄┄┄┄┄
│ 07:38:48.030 (+0:00:00.287315)
├┄┄┄┄┄┄┄┄┄┄┄┄┄┄┄┄┄┄┄┄┄┄┄┄┄┄┄┄┄┄┄┄┄┄┄┄┄┄┄┄┄┄┄┄┄┄┄┄┄┄┄┄┄┄┄┄┄┄┄┄┄┄┄┄┄┄┄┄┄┄┄┄┄┄┄┄┄┄┄┄┄┄┄┄┄┄┄┄┄┄┄┄┄┄┄┄┄┄┄┄┄┄┄┄┄┄┄┄┄┄┄┄┄┄┄┄┄┄┄
│ 🐛 💾 Database: Preference value saved
└───────────────────────────────────────────────────────────────────────────────────────────────────────────────────────
┌───────────────────────────────────────────────────────────────────────────────────────────────────────────────────────
│ {width: 12, height: 8, insets: 1, defaultPattern: 1, themeMode: 2}
├┄┄┄┄┄┄┄┄┄┄┄┄┄┄┄┄┄┄┄┄┄┄┄┄┄┄┄┄┄┄┄┄┄┄┄┄┄┄┄┄┄┄┄┄┄┄┄┄┄┄┄┄┄┄┄┄┄┄┄┄┄┄┄┄┄┄┄┄┄┄┄┄┄┄┄┄┄┄┄┄┄┄┄┄┄┄┄┄┄┄┄┄┄┄┄┄┄┄┄┄┄┄┄┄┄┄┄┄┄┄┄┄┄┄┄┄┄┄┄
│ #0   AppLogger.preferences (package:filler/core/logging.dart:64:13)
│ #1   PreferencesRepository.save (package:filler/domain/repositories.dart:541:15)
│ #2   main.<anonymous closure>.<anonymous closure> (file:///Users/mr42/code/flutter/tmp/filler/test/integration/app_flow_test.dart:88:23)
│ #3   <asynchronous suspension>
│ #4   Declarer.test.<anonymous closure>.<anonymous closure> (package:test_api/src/backend/declarer.dart:242:9)
│ #5   <asynchronous suspension>
│ #6   Declarer.test.<anonymous closure> (package:test_api/src/backend/declarer.dart:240:7)
│ #7   <asynchronous suspension>
├┄┄┄┄┄┄┄┄┄┄┄┄┄┄┄┄┄┄┄┄┄┄┄┄┄┄┄┄┄┄┄┄┄┄┄┄┄┄┄┄┄┄┄┄┄┄┄┄┄┄┄┄┄┄┄┄┄┄┄┄┄┄┄┄┄┄┄┄┄┄┄┄┄┄┄┄┄┄┄┄┄┄┄┄┄┄┄┄┄┄┄┄┄┄┄┄┄┄┄┄┄┄┄┄┄┄┄┄┄┄┄┄┄┄┄┄┄┄┄
│ 07:38:48.031 (+0:00:00.288582)
├┄┄┄┄┄┄┄┄┄┄┄┄┄┄┄┄┄┄┄┄┄┄┄┄┄┄┄┄┄┄┄┄┄┄┄┄┄┄┄┄┄┄┄┄┄┄┄┄┄┄┄┄┄┄┄┄┄┄┄┄┄┄┄┄┄┄┄┄┄┄┄┄┄┄┄┄┄┄┄┄┄┄┄┄┄┄┄┄┄┄┄┄┄┄┄┄┄┄┄┄┄┄┄┄┄┄┄┄┄┄┄┄┄┄┄┄┄┄┄
│ 🐛 ⚙️ Preferences: Saving preferences to key-value store
└───────────────────────────────────────────────────────────────────────────────────────────────────────────────────────
┌───────────────────────────────────────────────────────────────────────────────────────────────────────────────────────
│ {key: width, value: 12, type: int}
├┄┄┄┄┄┄┄┄┄┄┄┄┄┄┄┄┄┄┄┄┄┄┄┄┄┄┄┄┄┄┄┄┄┄┄┄┄┄┄┄┄┄┄┄┄┄┄┄┄┄┄┄┄┄┄┄┄┄┄┄┄┄┄┄┄┄┄┄┄┄┄┄┄┄┄┄┄┄┄┄┄┄┄┄┄┄┄┄┄┄┄┄┄┄┄┄┄┄┄┄┄┄┄┄┄┄┄┄┄┄┄┄┄┄┄┄┄┄┄
│ #0   AppLogger.database (package:filler/core/logging.dart:49:13)
│ #1   AppDatabase.setPreferenceValue (package:filler/data/database.dart:301:15)
│ #2   PreferencesRepository.save (package:filler/domain/repositories.dart:557:13)
│ #3   main.<anonymous closure>.<anonymous closure> (file:///Users/mr42/code/flutter/tmp/filler/test/integration/app_flow_test.dart:88:23)
│ #4   <asynchronous suspension>
│ #5   Declarer.test.<anonymous closure>.<anonymous closure> (package:test_api/src/backend/declarer.dart:242:9)
│ #6   <asynchronous suspension>
│ #7   Declarer.test.<anonymous closure> (package:test_api/src/backend/declarer.dart:240:7)
├┄┄┄┄┄┄┄┄┄┄┄┄┄┄┄┄┄┄┄┄┄┄┄┄┄┄┄┄┄┄┄┄┄┄┄┄┄┄┄┄┄┄┄┄┄┄┄┄┄┄┄┄┄┄┄┄┄┄┄┄┄┄┄┄┄┄┄┄┄┄┄┄┄┄┄┄┄┄┄┄┄┄┄┄┄┄┄┄┄┄┄┄┄┄┄┄┄┄┄┄┄┄┄┄┄┄┄┄┄┄┄┄┄┄┄┄┄┄┄
│ 07:38:48.032 (+0:00:00.289950)
├┄┄┄┄┄┄┄┄┄┄┄┄┄┄┄┄┄┄┄┄┄┄┄┄┄┄┄┄┄┄┄┄┄┄┄┄┄┄┄┄┄┄┄┄┄┄┄┄┄┄┄┄┄┄┄┄┄┄┄┄┄┄┄┄┄┄┄┄┄┄┄┄┄┄┄┄┄┄┄┄┄┄┄┄┄┄┄┄┄┄┄┄┄┄┄┄┄┄┄┄┄┄┄┄┄┄┄┄┄┄┄┄┄┄┄┄┄┄┄
│ 🐛 💾 Database: Setting preference value
└───────────────────────────────────────────────────────────────────────────────────────────────────────────────────────
┌───────────────────────────────────────────────────────────────────────────────────────────────────────────────────────
│ {key: height, value: 8, type: int}
├┄┄┄┄┄┄┄┄┄┄┄┄┄┄┄┄┄┄┄┄┄┄┄┄┄┄┄┄┄┄┄┄┄┄┄┄┄┄┄┄┄┄┄┄┄┄┄┄┄┄┄┄┄┄┄┄┄┄┄┄┄┄┄┄┄┄┄┄┄┄┄┄┄┄┄┄┄┄┄┄┄┄┄┄┄┄┄┄┄┄┄┄┄┄┄┄┄┄┄┄┄┄┄┄┄┄┄┄┄┄┄┄┄┄┄┄┄┄┄
│ #0   AppLogger.database (package:filler/core/logging.dart:49:13)
│ #1   AppDatabase.setPreferenceValue (package:filler/data/database.dart:301:15)
│ #2   PreferencesRepository.save (package:filler/domain/repositories.dart:558:13)
│ #3   main.<anonymous closure>.<anonymous closure> (file:///Users/mr42/code/flutter/tmp/filler/test/integration/app_flow_test.dart:88:23)
│ #4   <asynchronous suspension>
│ #5   Declarer.test.<anonymous closure>.<anonymous closure> (package:test_api/src/backend/declarer.dart:242:9)
│ #6   <asynchronous suspension>
│ #7   Declarer.test.<anonymous closure> (package:test_api/src/backend/declarer.dart:240:7)
├┄┄┄┄┄┄┄┄┄┄┄┄┄┄┄┄┄┄┄┄┄┄┄┄┄┄┄┄┄┄┄┄┄┄┄┄┄┄┄┄┄┄┄┄┄┄┄┄┄┄┄┄┄┄┄┄┄┄┄┄┄┄┄┄┄┄┄┄┄┄┄┄┄┄┄┄┄┄┄┄┄┄┄┄┄┄┄┄┄┄┄┄┄┄┄┄┄┄┄┄┄┄┄┄┄┄┄┄┄┄┄┄┄┄┄┄┄┄┄
│ 07:38:48.034 (+0:00:00.291262)
├┄┄┄┄┄┄┄┄┄┄┄┄┄┄┄┄┄┄┄┄┄┄┄┄┄┄┄┄┄┄┄┄┄┄┄┄┄┄┄┄┄┄┄┄┄┄┄┄┄┄┄┄┄┄┄┄┄┄┄┄┄┄┄┄┄┄┄┄┄┄┄┄┄┄┄┄┄┄┄┄┄┄┄┄┄┄┄┄┄┄┄┄┄┄┄┄┄┄┄┄┄┄┄┄┄┄┄┄┄┄┄┄┄┄┄┄┄┄┄
│ 🐛 💾 Database: Setting preference value
└───────────────────────────────────────────────────────────────────────────────────────────────────────────────────────
┌───────────────────────────────────────────────────────────────────────────────────────────────────────────────────────
│ {key: insets, value: 1, type: int}
├┄┄┄┄┄┄┄┄┄┄┄┄┄┄┄┄┄┄┄┄┄┄┄┄┄┄┄┄┄┄┄┄┄┄┄┄┄┄┄┄┄┄┄┄┄┄┄┄┄┄┄┄┄┄┄┄┄┄┄┄┄┄┄┄┄┄┄┄┄┄┄┄┄┄┄┄┄┄┄┄┄┄┄┄┄┄┄┄┄┄┄┄┄┄┄┄┄┄┄┄┄┄┄┄┄┄┄┄┄┄┄┄┄┄┄┄┄┄┄
│ #0   AppLogger.database (package:filler/core/logging.dart:49:13)
│ #1   AppDatabase.setPreferenceValue (package:filler/data/database.dart:301:15)
│ #2   PreferencesRepository.save (package:filler/domain/repositories.dart:559:13)
│ #3   main.<anonymous closure>.<anonymous closure> (file:///Users/mr42/code/flutter/tmp/filler/test/integration/app_flow_test.dart:88:23)
│ #4   <asynchronous suspension>
│ #5   Declarer.test.<anonymous closure>.<anonymous closure> (package:test_api/src/backend/declarer.dart:242:9)
│ #6   <asynchronous suspension>
│ #7   Declarer.test.<anonymous closure> (package:test_api/src/backend/declarer.dart:240:7)
├┄┄┄┄┄┄┄┄┄┄┄┄┄┄┄┄┄┄┄┄┄┄┄┄┄┄┄┄┄┄┄┄┄┄┄┄┄┄┄┄┄┄┄┄┄┄┄┄┄┄┄┄┄┄┄┄┄┄┄┄┄┄┄┄┄┄┄┄┄┄┄┄┄┄┄┄┄┄┄┄┄┄┄┄┄┄┄┄┄┄┄┄┄┄┄┄┄┄┄┄┄┄┄┄┄┄┄┄┄┄┄┄┄┄┄┄┄┄┄
│ 07:38:48.035 (+0:00:00.292593)
├┄┄┄┄┄┄┄┄┄┄┄┄┄┄┄┄┄┄┄┄┄┄┄┄┄┄┄┄┄┄┄┄┄┄┄┄┄┄┄┄┄┄┄┄┄┄┄┄┄┄┄┄┄┄┄┄┄┄┄┄┄┄┄┄┄┄┄┄┄┄┄┄┄┄┄┄┄┄┄┄┄┄┄┄┄┄┄┄┄┄┄┄┄┄┄┄┄┄┄┄┄┄┄┄┄┄┄┄┄┄┄┄┄┄┄┄┄┄┄
│ 🐛 💾 Database: Setting preference value
└───────────────────────────────────────────────────────────────────────────────────────────────────────────────────────
┌───────────────────────────────────────────────────────────────────────────────────────────────────────────────────────
│ {key: defaultPattern, value: 1, type: int}
├┄┄┄┄┄┄┄┄┄┄┄┄┄┄┄┄┄┄┄┄┄┄┄┄┄┄┄┄┄┄┄┄┄┄┄┄┄┄┄┄┄┄┄┄┄┄┄┄┄┄┄┄┄┄┄┄┄┄┄┄┄┄┄┄┄┄┄┄┄┄┄┄┄┄┄┄┄┄┄┄┄┄┄┄┄┄┄┄┄┄┄┄┄┄┄┄┄┄┄┄┄┄┄┄┄┄┄┄┄┄┄┄┄┄┄┄┄┄┄
│ #0   AppLogger.database (package:filler/core/logging.dart:49:13)
│ #1   AppDatabase.setPreferenceValue (package:filler/data/database.dart:301:15)
│ #2   PreferencesRepository.save (package:filler/domain/repositories.dart:560:13)
│ #3   main.<anonymous closure>.<anonymous closure> (file:///Users/mr42/code/flutter/tmp/filler/test/integration/app_flow_test.dart:88:23)
│ #4   <asynchronous suspension>
│ #5   Declarer.test.<anonymous closure>.<anonymous closure> (package:test_api/src/backend/declarer.dart:242:9)
│ #6   <asynchronous suspension>
│ #7   Declarer.test.<anonymous closure> (package:test_api/src/backend/declarer.dart:240:7)
├┄┄┄┄┄┄┄┄┄┄┄┄┄┄┄┄┄┄┄┄┄┄┄┄┄┄┄┄┄┄┄┄┄┄┄┄┄┄┄┄┄┄┄┄┄┄┄┄┄┄┄┄┄┄┄┄┄┄┄┄┄┄┄┄┄┄┄┄┄┄┄┄┄┄┄┄┄┄┄┄┄┄┄┄┄┄┄┄┄┄┄┄┄┄┄┄┄┄┄┄┄┄┄┄┄┄┄┄┄┄┄┄┄┄┄┄┄┄┄
│ 07:38:48.036 (+0:00:00.293736)
├┄┄┄┄┄┄┄┄┄┄┄┄┄┄┄┄┄┄┄┄┄┄┄┄┄┄┄┄┄┄┄┄┄┄┄┄┄┄┄┄┄┄┄┄┄┄┄┄┄┄┄┄┄┄┄┄┄┄┄┄┄┄┄┄┄┄┄┄┄┄┄┄┄┄┄┄┄┄┄┄┄┄┄┄┄┄┄┄┄┄┄┄┄┄┄┄┄┄┄┄┄┄┄┄┄┄┄┄┄┄┄┄┄┄┄┄┄┄┄
│ 🐛 💾 Database: Setting preference value
└───────────────────────────────────────────────────────────────────────────────────────────────────────────────────────
┌───────────────────────────────────────────────────────────────────────────────────────────────────────────────────────
│ {key: themeMode, value: 2, type: int}
├┄┄┄┄┄┄┄┄┄┄┄┄┄┄┄┄┄┄┄┄┄┄┄┄┄┄┄┄┄┄┄┄┄┄┄┄┄┄┄┄┄┄┄┄┄┄┄┄┄┄┄┄┄┄┄┄┄┄┄┄┄┄┄┄┄┄┄┄┄┄┄┄┄┄┄┄┄┄┄┄┄┄┄┄┄┄┄┄┄┄┄┄┄┄┄┄┄┄┄┄┄┄┄┄┄┄┄┄┄┄┄┄┄┄┄┄┄┄┄
│ #0   AppLogger.database (package:filler/core/logging.dart:49:13)
│ #1   AppDatabase.setPreferenceValue (package:filler/data/database.dart:301:15)
│ #2   PreferencesRepository.save (package:filler/domain/repositories.dart:565:13)
│ #3   main.<anonymous closure>.<anonymous closure> (file:///Users/mr42/code/flutter/tmp/filler/test/integration/app_flow_test.dart:88:23)
│ #4   <asynchronous suspension>
│ #5   Declarer.test.<anonymous closure>.<anonymous closure> (package:test_api/src/backend/declarer.dart:242:9)
│ #6   <asynchronous suspension>
│ #7   Declarer.test.<anonymous closure> (package:test_api/src/backend/declarer.dart:240:7)
├┄┄┄┄┄┄┄┄┄┄┄┄┄┄┄┄┄┄┄┄┄┄┄┄┄┄┄┄┄┄┄┄┄┄┄┄┄┄┄┄┄┄┄┄┄┄┄┄┄┄┄┄┄┄┄┄┄┄┄┄┄┄┄┄┄┄┄┄┄┄┄┄┄┄┄┄┄┄┄┄┄┄┄┄┄┄┄┄┄┄┄┄┄┄┄┄┄┄┄┄┄┄┄┄┄┄┄┄┄┄┄┄┄┄┄┄┄┄┄
│ 07:38:48.037 (+0:00:00.294879)
├┄┄┄┄┄┄┄┄┄┄┄┄┄┄┄┄┄┄┄┄┄┄┄┄┄┄┄┄┄┄┄┄┄┄┄┄┄┄┄┄┄┄┄┄┄┄┄┄┄┄┄┄┄┄┄┄┄┄┄┄┄┄┄┄┄┄┄┄┄┄┄┄┄┄┄┄┄┄┄┄┄┄┄┄┄┄┄┄┄┄┄┄┄┄┄┄┄┄┄┄┄┄┄┄┄┄┄┄┄┄┄┄┄┄┄┄┄┄┄
│ 🐛 💾 Database: Setting preference value
└───────────────────────────────────────────────────────────────────────────────────────────────────────────────────────
┌───────────────────────────────────────────────────────────────────────────────────────────────────────────────────────
│ {key: width, value: 12}
├┄┄┄┄┄┄┄┄┄┄┄┄┄┄┄┄┄┄┄┄┄┄┄┄┄┄┄┄┄┄┄┄┄┄┄┄┄┄┄┄┄┄┄┄┄┄┄┄┄┄┄┄┄┄┄┄┄┄┄┄┄┄┄┄┄┄┄┄┄┄┄┄┄┄┄┄┄┄┄┄┄┄┄┄┄┄┄┄┄┄┄┄┄┄┄┄┄┄┄┄┄┄┄┄┄┄┄┄┄┄┄┄┄┄┄┄┄┄┄
│ #0   AppLogger.database (package:filler/core/logging.dart:49:13)
│ #1   AppDatabase.setPreferenceValue (package:filler/data/database.dart:337:17)
│ #2   <asynchronous suspension>
│ #3   Future.wait.<anonymous closure> (dart:async/future.dart:525:21)
│ #4   <asynchronous suspension>
│ #5   PreferencesRepository.save (package:filler/domain/repositories.dart:556:7)
│ #6   <asynchronous suspension>
│ #7   main.<anonymous closure>.<anonymous closure> (file:///Users/mr42/code/flutter/tmp/filler/test/integration/app_flow_test.dart:88:7)
├┄┄┄┄┄┄┄┄┄┄┄┄┄┄┄┄┄┄┄┄┄┄┄┄┄┄┄┄┄┄┄┄┄┄┄┄┄┄┄┄┄┄┄┄┄┄┄┄┄┄┄┄┄┄┄┄┄┄┄┄┄┄┄┄┄┄┄┄┄┄┄┄┄┄┄┄┄┄┄┄┄┄┄┄┄┄┄┄┄┄┄┄┄┄┄┄┄┄┄┄┄┄┄┄┄┄┄┄┄┄┄┄┄┄┄┄┄┄┄
│ 07:38:48.040 (+0:00:00.297141)
├┄┄┄┄┄┄┄┄┄┄┄┄┄┄┄┄┄┄┄┄┄┄┄┄┄┄┄┄┄┄┄┄┄┄┄┄┄┄┄┄┄┄┄┄┄┄┄┄┄┄┄┄┄┄┄┄┄┄┄┄┄┄┄┄┄┄┄┄┄┄┄┄┄┄┄┄┄┄┄┄┄┄┄┄┄┄┄┄┄┄┄┄┄┄┄┄┄┄┄┄┄┄┄┄┄┄┄┄┄┄┄┄┄┄┄┄┄┄┄
│ 🐛 💾 Database: Preference value saved
└───────────────────────────────────────────────────────────────────────────────────────────────────────────────────────
┌───────────────────────────────────────────────────────────────────────────────────────────────────────────────────────
│ {key: height, value: 8}
├┄┄┄┄┄┄┄┄┄┄┄┄┄┄┄┄┄┄┄┄┄┄┄┄┄┄┄┄┄┄┄┄┄┄┄┄┄┄┄┄┄┄┄┄┄┄┄┄┄┄┄┄┄┄┄┄┄┄┄┄┄┄┄┄┄┄┄┄┄┄┄┄┄┄┄┄┄┄┄┄┄┄┄┄┄┄┄┄┄┄┄┄┄┄┄┄┄┄┄┄┄┄┄┄┄┄┄┄┄┄┄┄┄┄┄┄┄┄┄
│ #0   AppLogger.database (package:filler/core/logging.dart:49:13)
│ #1   AppDatabase.setPreferenceValue (package:filler/data/database.dart:337:17)
│ #2   <asynchronous suspension>
│ #3   Future.wait.<anonymous closure> (dart:async/future.dart:525:21)
│ #4   <asynchronous suspension>
│ #5   PreferencesRepository.save (package:filler/domain/repositories.dart:556:7)
│ #6   <asynchronous suspension>
│ #7   main.<anonymous closure>.<anonymous closure> (file:///Users/mr42/code/flutter/tmp/filler/test/integration/app_flow_test.dart:88:7)
├┄┄┄┄┄┄┄┄┄┄┄┄┄┄┄┄┄┄┄┄┄┄┄┄┄┄┄┄┄┄┄┄┄┄┄┄┄┄┄┄┄┄┄┄┄┄┄┄┄┄┄┄┄┄┄┄┄┄┄┄┄┄┄┄┄┄┄┄┄┄┄┄┄┄┄┄┄┄┄┄┄┄┄┄┄┄┄┄┄┄┄┄┄┄┄┄┄┄┄┄┄┄┄┄┄┄┄┄┄┄┄┄┄┄┄┄┄┄┄
│ 07:38:48.041 (+0:00:00.298484)
├┄┄┄┄┄┄┄┄┄┄┄┄┄┄┄┄┄┄┄┄┄┄┄┄┄┄┄┄┄┄┄┄┄┄┄┄┄┄┄┄┄┄┄┄┄┄┄┄┄┄┄┄┄┄┄┄┄┄┄┄┄┄┄┄┄┄┄┄┄┄┄┄┄┄┄┄┄┄┄┄┄┄┄┄┄┄┄┄┄┄┄┄┄┄┄┄┄┄┄┄┄┄┄┄┄┄┄┄┄┄┄┄┄┄┄┄┄┄┄
│ 🐛 💾 Database: Preference value saved
└───────────────────────────────────────────────────────────────────────────────────────────────────────────────────────
┌───────────────────────────────────────────────────────────────────────────────────────────────────────────────────────
│ {key: insets, value: 1}
├┄┄┄┄┄┄┄┄┄┄┄┄┄┄┄┄┄┄┄┄┄┄┄┄┄┄┄┄┄┄┄┄┄┄┄┄┄┄┄┄┄┄┄┄┄┄┄┄┄┄┄┄┄┄┄┄┄┄┄┄┄┄┄┄┄┄┄┄┄┄┄┄┄┄┄┄┄┄┄┄┄┄┄┄┄┄┄┄┄┄┄┄┄┄┄┄┄┄┄┄┄┄┄┄┄┄┄┄┄┄┄┄┄┄┄┄┄┄┄
│ #0   AppLogger.database (package:filler/core/logging.dart:49:13)
│ #1   AppDatabase.setPreferenceValue (package:filler/data/database.dart:337:17)
│ #2   <asynchronous suspension>
│ #3   Future.wait.<anonymous closure> (dart:async/future.dart:525:21)
│ #4   <asynchronous suspension>
│ #5   PreferencesRepository.save (package:filler/domain/repositories.dart:556:7)
│ #6   <asynchronous suspension>
│ #7   main.<anonymous closure>.<anonymous closure> (file:///Users/mr42/code/flutter/tmp/filler/test/integration/app_flow_test.dart:88:7)
├┄┄┄┄┄┄┄┄┄┄┄┄┄┄┄┄┄┄┄┄┄┄┄┄┄┄┄┄┄┄┄┄┄┄┄┄┄┄┄┄┄┄┄┄┄┄┄┄┄┄┄┄┄┄┄┄┄┄┄┄┄┄┄┄┄┄┄┄┄┄┄┄┄┄┄┄┄┄┄┄┄┄┄┄┄┄┄┄┄┄┄┄┄┄┄┄┄┄┄┄┄┄┄┄┄┄┄┄┄┄┄┄┄┄┄┄┄┄┄
│ 07:38:48.042 (+0:00:00.299732)
├┄┄┄┄┄┄┄┄┄┄┄┄┄┄┄┄┄┄┄┄┄┄┄┄┄┄┄┄┄┄┄┄┄┄┄┄┄┄┄┄┄┄┄┄┄┄┄┄┄┄┄┄┄┄┄┄┄┄┄┄┄┄┄┄┄┄┄┄┄┄┄┄┄┄┄┄┄┄┄┄┄┄┄┄┄┄┄┄┄┄┄┄┄┄┄┄┄┄┄┄┄┄┄┄┄┄┄┄┄┄┄┄┄┄┄┄┄┄┄
│ 🐛 💾 Database: Preference value saved
└───────────────────────────────────────────────────────────────────────────────────────────────────────────────────────
┌───────────────────────────────────────────────────────────────────────────────────────────────────────────────────────
│ {key: defaultPattern, value: 1}
├┄┄┄┄┄┄┄┄┄┄┄┄┄┄┄┄┄┄┄┄┄┄┄┄┄┄┄┄┄┄┄┄┄┄┄┄┄┄┄┄┄┄┄┄┄┄┄┄┄┄┄┄┄┄┄┄┄┄┄┄┄┄┄┄┄┄┄┄┄┄┄┄┄┄┄┄┄┄┄┄┄┄┄┄┄┄┄┄┄┄┄┄┄┄┄┄┄┄┄┄┄┄┄┄┄┄┄┄┄┄┄┄┄┄┄┄┄┄┄
│ #0   AppLogger.database (package:filler/core/logging.dart:49:13)
│ #1   AppDatabase.setPreferenceValue (package:filler/data/database.dart:337:17)
│ #2   <asynchronous suspension>
│ #3   Future.wait.<anonymous closure> (dart:async/future.dart:525:21)
│ #4   <asynchronous suspension>
│ #5   PreferencesRepository.save (package:filler/domain/repositories.dart:556:7)
│ #6   <asynchronous suspension>
│ #7   main.<anonymous closure>.<anonymous closure> (file:///Users/mr42/code/flutter/tmp/filler/test/integration/app_flow_test.dart:88:7)
├┄┄┄┄┄┄┄┄┄┄┄┄┄┄┄┄┄┄┄┄┄┄┄┄┄┄┄┄┄┄┄┄┄┄┄┄┄┄┄┄┄┄┄┄┄┄┄┄┄┄┄┄┄┄┄┄┄┄┄┄┄┄┄┄┄┄┄┄┄┄┄┄┄┄┄┄┄┄┄┄┄┄┄┄┄┄┄┄┄┄┄┄┄┄┄┄┄┄┄┄┄┄┄┄┄┄┄┄┄┄┄┄┄┄┄┄┄┄┄
│ 07:38:48.044 (+0:00:00.301164)
├┄┄┄┄┄┄┄┄┄┄┄┄┄┄┄┄┄┄┄┄┄┄┄┄┄┄┄┄┄┄┄┄┄┄┄┄┄┄┄┄┄┄┄┄┄┄┄┄┄┄┄┄┄┄┄┄┄┄┄┄┄┄┄┄┄┄┄┄┄┄┄┄┄┄┄┄┄┄┄┄┄┄┄┄┄┄┄┄┄┄┄┄┄┄┄┄┄┄┄┄┄┄┄┄┄┄┄┄┄┄┄┄┄┄┄┄┄┄┄
│ 🐛 💾 Database: Preference value saved
└───────────────────────────────────────────────────────────────────────────────────────────────────────────────────────
┌───────────────────────────────────────────────────────────────────────────────────────────────────────────────────────
│ {key: themeMode, value: 2}
├┄┄┄┄┄┄┄┄┄┄┄┄┄┄┄┄┄┄┄┄┄┄┄┄┄┄┄┄┄┄┄┄┄┄┄┄┄┄┄┄┄┄┄┄┄┄┄┄┄┄┄┄┄┄┄┄┄┄┄┄┄┄┄┄┄┄┄┄┄┄┄┄┄┄┄┄┄┄┄┄┄┄┄┄┄┄┄┄┄┄┄┄┄┄┄┄┄┄┄┄┄┄┄┄┄┄┄┄┄┄┄┄┄┄┄┄┄┄┄
│ #0   AppLogger.database (package:filler/core/logging.dart:49:13)
│ #1   AppDatabase.setPreferenceValue (package:filler/data/database.dart:337:17)
│ #2   <asynchronous suspension>
│ #3   Future.wait.<anonymous closure> (dart:async/future.dart:525:21)
│ #4   <asynchronous suspension>
│ #5   PreferencesRepository.save (package:filler/domain/repositories.dart:556:7)
│ #6   <asynchronous suspension>
│ #7   main.<anonymous closure>.<anonymous closure> (file:///Users/mr42/code/flutter/tmp/filler/test/integration/app_flow_test.dart:88:7)
├┄┄┄┄┄┄┄┄┄┄┄┄┄┄┄┄┄┄┄┄┄┄┄┄┄┄┄┄┄┄┄┄┄┄┄┄┄┄┄┄┄┄┄┄┄┄┄┄┄┄┄┄┄┄┄┄┄┄┄┄┄┄┄┄┄┄┄┄┄┄┄┄┄┄┄┄┄┄┄┄┄┄┄┄┄┄┄┄┄┄┄┄┄┄┄┄┄┄┄┄┄┄┄┄┄┄┄┄┄┄┄┄┄┄┄┄┄┄┄
│ 07:38:48.045 (+0:00:00.302576)
├┄┄┄┄┄┄┄┄┄┄┄┄┄┄┄┄┄┄┄┄┄┄┄┄┄┄┄┄┄┄┄┄┄┄┄┄┄┄┄┄┄┄┄┄┄┄┄┄┄┄┄┄┄┄┄┄┄┄┄┄┄┄┄┄┄┄┄┄┄┄┄┄┄┄┄┄┄┄┄┄┄┄┄┄┄┄┄┄┄┄┄┄┄┄┄┄┄┄┄┄┄┄┄┄┄┄┄┄┄┄┄┄┄┄┄┄┄┄┄
│ 🐛 💾 Database: Preference value saved
└───────────────────────────────────────────────────────────────────────────────────────────────────────────────────────
┌───────────────────────────────────────────────────────────────────────────────────────────────────────────────────────
│ {saveTime: 13ms, keysUpdated: [width, height, insets, defaultPattern, themeMode]}
├┄┄┄┄┄┄┄┄┄┄┄┄┄┄┄┄┄┄┄┄┄┄┄┄┄┄┄┄┄┄┄┄┄┄┄┄┄┄┄┄┄┄┄┄┄┄┄┄┄┄┄┄┄┄┄┄┄┄┄┄┄┄┄┄┄┄┄┄┄┄┄┄┄┄┄┄┄┄┄┄┄┄┄┄┄┄┄┄┄┄┄┄┄┄┄┄┄┄┄┄┄┄┄┄┄┄┄┄┄┄┄┄┄┄┄┄┄┄┄
│ #0   AppLogger.preferences (package:filler/core/logging.dart:64:13)
│ #1   PreferencesRepository.save (package:filler/domain/repositories.dart:570:17)
│ #2   <asynchronous suspension>
│ #3   main.<anonymous closure>.<anonymous closure> (file:///Users/mr42/code/flutter/tmp/filler/test/integration/app_flow_test.dart:88:7)
│ #4   <asynchronous suspension>
│ #5   Declarer.test.<anonymous closure>.<anonymous closure> (package:test_api/src/backend/declarer.dart:242:9)
│ #6   <asynchronous suspension>
│ #7   Declarer.test.<anonymous closure> (package:test_api/src/backend/declarer.dart:240:7)
├┄┄┄┄┄┄┄┄┄┄┄┄┄┄┄┄┄┄┄┄┄┄┄┄┄┄┄┄┄┄┄┄┄┄┄┄┄┄┄┄┄┄┄┄┄┄┄┄┄┄┄┄┄┄┄┄┄┄┄┄┄┄┄┄┄┄┄┄┄┄┄┄┄┄┄┄┄┄┄┄┄┄┄┄┄┄┄┄┄┄┄┄┄┄┄┄┄┄┄┄┄┄┄┄┄┄┄┄┄┄┄┄┄┄┄┄┄┄┄
│ 07:38:48.046 (+0:00:00.303818)
├┄┄┄┄┄┄┄┄┄┄┄┄┄┄┄┄┄┄┄┄┄┄┄┄┄┄┄┄┄┄┄┄┄┄┄┄┄┄┄┄┄┄┄┄┄┄┄┄┄┄┄┄┄┄┄┄┄┄┄┄┄┄┄┄┄┄┄┄┄┄┄┄┄┄┄┄┄┄┄┄┄┄┄┄┄┄┄┄┄┄┄┄┄┄┄┄┄┄┄┄┄┄┄┄┄┄┄┄┄┄┄┄┄┄┄┄┄┄┄
│ 🐛 ⚙️ Preferences: All preferences saved successfully
└───────────────────────────────────────────────────────────────────────────────────────────────────────────────────────
┌───────────────────────────────────────────────────────────────────────────────────────────────────────────────────────
│ #0   AppLogger.preferences (package:filler/core/logging.dart:64:13)
│ #1   PreferencesRepository.get (package:filler/domain/repositories.dart:423:15)
├┄┄┄┄┄┄┄┄┄┄┄┄┄┄┄┄┄┄┄┄┄┄┄┄┄┄┄┄┄┄┄┄┄┄┄┄┄┄┄┄┄┄┄┄┄┄┄┄┄┄┄┄┄┄┄┄┄┄┄┄┄┄┄┄┄┄┄┄┄┄┄┄┄┄┄┄┄┄┄┄┄┄┄┄┄┄┄┄┄┄┄┄┄┄┄┄┄┄┄┄┄┄┄┄┄┄┄┄┄┄┄┄┄┄┄┄┄┄┄
│ 07:38:48.048 (+0:00:00.305021)
├┄┄┄┄┄┄┄┄┄┄┄┄┄┄┄┄┄┄┄┄┄┄┄┄┄┄┄┄┄┄┄┄┄┄┄┄┄┄┄┄┄┄┄┄┄┄┄┄┄┄┄┄┄┄┄┄┄┄┄┄┄┄┄┄┄┄┄┄┄┄┄┄┄┄┄┄┄┄┄┄┄┄┄┄┄┄┄┄┄┄┄┄┄┄┄┄┄┄┄┄┄┄┄┄┄┄┄┄┄┄┄┄┄┄┄┄┄┄┄
│ 🐛 ⚙️ Preferences: Fetching preferences from key-value store
└───────────────────────────────────────────────────────────────────────────────────────────────────────────────────────
┌───────────────────────────────────────────────────────────────────────────────────────────────────────────────────────
│ #0   AppLogger.database (package:filler/core/logging.dart:49:13)
│ #1   AppDatabase.getAllPreferences (package:filler/data/database.dart:354:15)
├┄┄┄┄┄┄┄┄┄┄┄┄┄┄┄┄┄┄┄┄┄┄┄┄┄┄┄┄┄┄┄┄┄┄┄┄┄┄┄┄┄┄┄┄┄┄┄┄┄┄┄┄┄┄┄┄┄┄┄┄┄┄┄┄┄┄┄┄┄┄┄┄┄┄┄┄┄┄┄┄┄┄┄┄┄┄┄┄┄┄┄┄┄┄┄┄┄┄┄┄┄┄┄┄┄┄┄┄┄┄┄┄┄┄┄┄┄┄┄
│ 07:38:48.048 (+0:00:00.305709)
├┄┄┄┄┄┄┄┄┄┄┄┄┄┄┄┄┄┄┄┄┄┄┄┄┄┄┄┄┄┄┄┄┄┄┄┄┄┄┄┄┄┄┄┄┄┄┄┄┄┄┄┄┄┄┄┄┄┄┄┄┄┄┄┄┄┄┄┄┄┄┄┄┄┄┄┄┄┄┄┄┄┄┄┄┄┄┄┄┄┄┄┄┄┄┄┄┄┄┄┄┄┄┄┄┄┄┄┄┄┄┄┄┄┄┄┄┄┄┄
│ 🐛 💾 Database: Fetching all preferences
└───────────────────────────────────────────────────────────────────────────────────────────────────────────────────────
┌───────────────────────────────────────────────────────────────────────────────────────────────────────────────────────
│ {count: 9, keys: [theme, autoSave, gridLines, brushSize, width, height, insets, defaultPattern, themeMode]}
├┄┄┄┄┄┄┄┄┄┄┄┄┄┄┄┄┄┄┄┄┄┄┄┄┄┄┄┄┄┄┄┄┄┄┄┄┄┄┄┄┄┄┄┄┄┄┄┄┄┄┄┄┄┄┄┄┄┄┄┄┄┄┄┄┄┄┄┄┄┄┄┄┄┄┄┄┄┄┄┄┄┄┄┄┄┄┄┄┄┄┄┄┄┄┄┄┄┄┄┄┄┄┄┄┄┄┄┄┄┄┄┄┄┄┄┄┄┄┄
│ #0   AppLogger.database (package:filler/core/logging.dart:49:13)
│ #1   AppDatabase.getAllPreferences (package:filler/data/database.dart:364:17)
│ #2   <asynchronous suspension>
│ #3   PreferencesRepository.get (package:filler/domain/repositories.dart:427:24)
│ #4   <asynchronous suspension>
│ #5   main.<anonymous closure>.<anonymous closure> (file:///Users/mr42/code/flutter/tmp/filler/test/integration/app_flow_test.dart:96:29)
│ #6   <asynchronous suspension>
│ #7   Declarer.test.<anonymous closure>.<anonymous closure> (package:test_api/src/backend/declarer.dart:242:9)
├┄┄┄┄┄┄┄┄┄┄┄┄┄┄┄┄┄┄┄┄┄┄┄┄┄┄┄┄┄┄┄┄┄┄┄┄┄┄┄┄┄┄┄┄┄┄┄┄┄┄┄┄┄┄┄┄┄┄┄┄┄┄┄┄┄┄┄┄┄┄┄┄┄┄┄┄┄┄┄┄┄┄┄┄┄┄┄┄┄┄┄┄┄┄┄┄┄┄┄┄┄┄┄┄┄┄┄┄┄┄┄┄┄┄┄┄┄┄┄
│ 07:38:48.050 (+0:00:00.307061)
├┄┄┄┄┄┄┄┄┄┄┄┄┄┄┄┄┄┄┄┄┄┄┄┄┄┄┄┄┄┄┄┄┄┄┄┄┄┄┄┄┄┄┄┄┄┄┄┄┄┄┄┄┄┄┄┄┄┄┄┄┄┄┄┄┄┄┄┄┄┄┄┄┄┄┄┄┄┄┄┄┄┄┄┄┄┄┄┄┄┄┄┄┄┄┄┄┄┄┄┄┄┄┄┄┄┄┄┄┄┄┄┄┄┄┄┄┄┄┄
│ 🐛 💾 Database: Retrieved all preferences
└───────────────────────────────────────────────────────────────────────────────────────────────────────────────────────
┌───────────────────────────────────────────────────────────────────────────────────────────────────────────────────────
│ {width: 12, height: 8, insets: 1, defaultPattern: 1, themeMode: 2, fetchTime: 2ms, keysFromDb: 9}
├┄┄┄┄┄┄┄┄┄┄┄┄┄┄┄┄┄┄┄┄┄┄┄┄┄┄┄┄┄┄┄┄┄┄┄┄┄┄┄┄┄┄┄┄┄┄┄┄┄┄┄┄┄┄┄┄┄┄┄┄┄┄┄┄┄┄┄┄┄┄┄┄┄┄┄┄┄┄┄┄┄┄┄┄┄┄┄┄┄┄┄┄┄┄┄┄┄┄┄┄┄┄┄┄┄┄┄┄┄┄┄┄┄┄┄┄┄┄┄
│ #0   AppLogger.preferences (package:filler/core/logging.dart:64:13)
│ #1   PreferencesRepository.get (package:filler/domain/repositories.dart:464:17)
│ #2   <asynchronous suspension>
│ #3   main.<anonymous closure>.<anonymous closure> (file:///Users/mr42/code/flutter/tmp/filler/test/integration/app_flow_test.dart:96:29)
│ #4   <asynchronous suspension>
│ #5   Declarer.test.<anonymous closure>.<anonymous closure> (package:test_api/src/backend/declarer.dart:242:9)
│ #6   <asynchronous suspension>
│ #7   Declarer.test.<anonymous closure> (package:test_api/src/backend/declarer.dart:240:7)
├┄┄┄┄┄┄┄┄┄┄┄┄┄┄┄┄┄┄┄┄┄┄┄┄┄┄┄┄┄┄┄┄┄┄┄┄┄┄┄┄┄┄┄┄┄┄┄┄┄┄┄┄┄┄┄┄┄┄┄┄┄┄┄┄┄┄┄┄┄┄┄┄┄┄┄┄┄┄┄┄┄┄┄┄┄┄┄┄┄┄┄┄┄┄┄┄┄┄┄┄┄┄┄┄┄┄┄┄┄┄┄┄┄┄┄┄┄┄┄
│ 07:38:48.051 (+0:00:00.308394)
├┄┄┄┄┄┄┄┄┄┄┄┄┄┄┄┄┄┄┄┄┄┄┄┄┄┄┄┄┄┄┄┄┄┄┄┄┄┄┄┄┄┄┄┄┄┄┄┄┄┄┄┄┄┄┄┄┄┄┄┄┄┄┄┄┄┄┄┄┄┄┄┄┄┄┄┄┄┄┄┄┄┄┄┄┄┄┄┄┄┄┄┄┄┄┄┄┄┄┄┄┄┄┄┄┄┄┄┄┄┄┄┄┄┄┄┄┄┄┄
│ 🐛 ⚙️ Preferences: Constructed preferences model
└───────────────────────────────────────────────────────────────────────────────────────────────────────────────────────
┌───────────────────────────────────────────────────────────────────────────────────────────────────────────────────────
│ {key: theme, defaultValue: light}
├┄┄┄┄┄┄┄┄┄┄┄┄┄┄┄┄┄┄┄┄┄┄┄┄┄┄┄┄┄┄┄┄┄┄┄┄┄┄┄┄┄┄┄┄┄┄┄┄┄┄┄┄┄┄┄┄┄┄┄┄┄┄┄┄┄┄┄┄┄┄┄┄┄┄┄┄┄┄┄┄┄┄┄┄┄┄┄┄┄┄┄┄┄┄┄┄┄┄┄┄┄┄┄┄┄┄┄┄┄┄┄┄┄┄┄┄┄┄┄
│ #0   AppLogger.database (package:filler/core/logging.dart:49:13)
│ #1   AppDatabase.getPreferenceValue (package:filler/data/database.dart:277:15)
│ #2   PreferencesRepository.getPreference (package:filler/domain/repositories.dart:618:35)
│ #3   main.<anonymous closure>.<anonymous closure> (file:///Users/mr42/code/flutter/tmp/filler/test/integration/app_flow_test.dart:101:37)
│ #4   <asynchronous suspension>
│ #5   Declarer.test.<anonymous closure>.<anonymous closure> (package:test_api/src/backend/declarer.dart:242:9)
│ #6   <asynchronous suspension>
│ #7   Declarer.test.<anonymous closure> (package:test_api/src/backend/declarer.dart:240:7)
├┄┄┄┄┄┄┄┄┄┄┄┄┄┄┄┄┄┄┄┄┄┄┄┄┄┄┄┄┄┄┄┄┄┄┄┄┄┄┄┄┄┄┄┄┄┄┄┄┄┄┄┄┄┄┄┄┄┄┄┄┄┄┄┄┄┄┄┄┄┄┄┄┄┄┄┄┄┄┄┄┄┄┄┄┄┄┄┄┄┄┄┄┄┄┄┄┄┄┄┄┄┄┄┄┄┄┄┄┄┄┄┄┄┄┄┄┄┄┄
│ 07:38:48.053 (+0:00:00.310009)
├┄┄┄┄┄┄┄┄┄┄┄┄┄┄┄┄┄┄┄┄┄┄┄┄┄┄┄┄┄┄┄┄┄┄┄┄┄┄┄┄┄┄┄┄┄┄┄┄┄┄┄┄┄┄┄┄┄┄┄┄┄┄┄┄┄┄┄┄┄┄┄┄┄┄┄┄┄┄┄┄┄┄┄┄┄┄┄┄┄┄┄┄┄┄┄┄┄┄┄┄┄┄┄┄┄┄┄┄┄┄┄┄┄┄┄┄┄┄┄
│ 🐛 💾 Database: Getting preference value
└───────────────────────────────────────────────────────────────────────────────────────────────────────────────────────
┌───────────────────────────────────────────────────────────────────────────────────────────────────────────────────────
│ {key: theme, value: dark, wasDefault: false}
├┄┄┄┄┄┄┄┄┄┄┄┄┄┄┄┄┄┄┄┄┄┄┄┄┄┄┄┄┄┄┄┄┄┄┄┄┄┄┄┄┄┄┄┄┄┄┄┄┄┄┄┄┄┄┄┄┄┄┄┄┄┄┄┄┄┄┄┄┄┄┄┄┄┄┄┄┄┄┄┄┄┄┄┄┄┄┄┄┄┄┄┄┄┄┄┄┄┄┄┄┄┄┄┄┄┄┄┄┄┄┄┄┄┄┄┄┄┄┄
│ #0   AppLogger.database (package:filler/core/logging.dart:49:13)
│ #1   AppDatabase.getPreferenceValue (package:filler/data/database.dart:287:15)
│ #2   <asynchronous suspension>
│ #3   PreferencesRepository.getPreference (package:filler/domain/repositories.dart:618:25)
│ #4   <asynchronous suspension>
│ #5   main.<anonymous closure>.<anonymous closure> (file:///Users/mr42/code/flutter/tmp/filler/test/integration/app_flow_test.dart:101:21)
│ #6   <asynchronous suspension>
│ #7   Declarer.test.<anonymous closure>.<anonymous closure> (package:test_api/src/backend/declarer.dart:242:9)
├┄┄┄┄┄┄┄┄┄┄┄┄┄┄┄┄┄┄┄┄┄┄┄┄┄┄┄┄┄┄┄┄┄┄┄┄┄┄┄┄┄┄┄┄┄┄┄┄┄┄┄┄┄┄┄┄┄┄┄┄┄┄┄┄┄┄┄┄┄┄┄┄┄┄┄┄┄┄┄┄┄┄┄┄┄┄┄┄┄┄┄┄┄┄┄┄┄┄┄┄┄┄┄┄┄┄┄┄┄┄┄┄┄┄┄┄┄┄┄
│ 07:38:48.054 (+0:00:00.311615)
├┄┄┄┄┄┄┄┄┄┄┄┄┄┄┄┄┄┄┄┄┄┄┄┄┄┄┄┄┄┄┄┄┄┄┄┄┄┄┄┄┄┄┄┄┄┄┄┄┄┄┄┄┄┄┄┄┄┄┄┄┄┄┄┄┄┄┄┄┄┄┄┄┄┄┄┄┄┄┄┄┄┄┄┄┄┄┄┄┄┄┄┄┄┄┄┄┄┄┄┄┄┄┄┄┄┄┄┄┄┄┄┄┄┄┄┄┄┄┄
│ 🐛 💾 Database: Retrieved preference
└───────────────────────────────────────────────────────────────────────────────────────────────────────────────────────
┌───────────────────────────────────────────────────────────────────────────────────────────────────────────────────────
│ {key: autoSave, defaultValue: false}
├┄┄┄┄┄┄┄┄┄┄┄┄┄┄┄┄┄┄┄┄┄┄┄┄┄┄┄┄┄┄┄┄┄┄┄┄┄┄┄┄┄┄┄┄┄┄┄┄┄┄┄┄┄┄┄┄┄┄┄┄┄┄┄┄┄┄┄┄┄┄┄┄┄┄┄┄┄┄┄┄┄┄┄┄┄┄┄┄┄┄┄┄┄┄┄┄┄┄┄┄┄┄┄┄┄┄┄┄┄┄┄┄┄┄┄┄┄┄┄
│ #0   AppLogger.database (package:filler/core/logging.dart:49:13)
│ #1   AppDatabase.getPreferenceValue (package:filler/data/database.dart:277:15)
│ #2   PreferencesRepository.getPreference (package:filler/domain/repositories.dart:618:35)
│ #3   main.<anonymous closure>.<anonymous closure> (file:///Users/mr42/code/flutter/tmp/filler/test/integration/app_flow_test.dart:102:40)
│ #4   <asynchronous suspension>
│ #5   Declarer.test.<anonymous closure>.<anonymous closure> (package:test_api/src/backend/declarer.dart:242:9)
│ #6   <asynchronous suspension>
│ #7   Declarer.test.<anonymous closure> (package:test_api/src/backend/declarer.dart:240:7)
├┄┄┄┄┄┄┄┄┄┄┄┄┄┄┄┄┄┄┄┄┄┄┄┄┄┄┄┄┄┄┄┄┄┄┄┄┄┄┄┄┄┄┄┄┄┄┄┄┄┄┄┄┄┄┄┄┄┄┄┄┄┄┄┄┄┄┄┄┄┄┄┄┄┄┄┄┄┄┄┄┄┄┄┄┄┄┄┄┄┄┄┄┄┄┄┄┄┄┄┄┄┄┄┄┄┄┄┄┄┄┄┄┄┄┄┄┄┄┄
│ 07:38:48.055 (+0:00:00.312865)
├┄┄┄┄┄┄┄┄┄┄┄┄┄┄┄┄┄┄┄┄┄┄┄┄┄┄┄┄┄┄┄┄┄┄┄┄┄┄┄┄┄┄┄┄┄┄┄┄┄┄┄┄┄┄┄┄┄┄┄┄┄┄┄┄┄┄┄┄┄┄┄┄┄┄┄┄┄┄┄┄┄┄┄┄┄┄┄┄┄┄┄┄┄┄┄┄┄┄┄┄┄┄┄┄┄┄┄┄┄┄┄┄┄┄┄┄┄┄┄
│ 🐛 💾 Database: Getting preference value
└───────────────────────────────────────────────────────────────────────────────────────────────────────────────────────
┌───────────────────────────────────────────────────────────────────────────────────────────────────────────────────────
│ {key: autoSave, value: true, wasDefault: false}
├┄┄┄┄┄┄┄┄┄┄┄┄┄┄┄┄┄┄┄┄┄┄┄┄┄┄┄┄┄┄┄┄┄┄┄┄┄┄┄┄┄┄┄┄┄┄┄┄┄┄┄┄┄┄┄┄┄┄┄┄┄┄┄┄┄┄┄┄┄┄┄┄┄┄┄┄┄┄┄┄┄┄┄┄┄┄┄┄┄┄┄┄┄┄┄┄┄┄┄┄┄┄┄┄┄┄┄┄┄┄┄┄┄┄┄┄┄┄┄
│ #0   AppLogger.database (package:filler/core/logging.dart:49:13)
│ #1   AppDatabase.getPreferenceValue (package:filler/data/database.dart:287:15)
│ #2   <asynchronous suspension>
│ #3   PreferencesRepository.getPreference (package:filler/domain/repositories.dart:618:25)
│ #4   <asynchronous suspension>
│ #5   main.<anonymous closure>.<anonymous closure> (file:///Users/mr42/code/flutter/tmp/filler/test/integration/app_flow_test.dart:102:24)
│ #6   <asynchronous suspension>
│ #7   Declarer.test.<anonymous closure>.<anonymous closure> (package:test_api/src/backend/declarer.dart:242:9)
├┄┄┄┄┄┄┄┄┄┄┄┄┄┄┄┄┄┄┄┄┄┄┄┄┄┄┄┄┄┄┄┄┄┄┄┄┄┄┄┄┄┄┄┄┄┄┄┄┄┄┄┄┄┄┄┄┄┄┄┄┄┄┄┄┄┄┄┄┄┄┄┄┄┄┄┄┄┄┄┄┄┄┄┄┄┄┄┄┄┄┄┄┄┄┄┄┄┄┄┄┄┄┄┄┄┄┄┄┄┄┄┄┄┄┄┄┄┄┄
│ 07:38:48.057 (+0:00:00.314269)
├┄┄┄┄┄┄┄┄┄┄┄┄┄┄┄┄┄┄┄┄┄┄┄┄┄┄┄┄┄┄┄┄┄┄┄┄┄┄┄┄┄┄┄┄┄┄┄┄┄┄┄┄┄┄┄┄┄┄┄┄┄┄┄┄┄┄┄┄┄┄┄┄┄┄┄┄┄┄┄┄┄┄┄┄┄┄┄┄┄┄┄┄┄┄┄┄┄┄┄┄┄┄┄┄┄┄┄┄┄┄┄┄┄┄┄┄┄┄┄
│ 🐛 💾 Database: Retrieved preference
└───────────────────────────────────────────────────────────────────────────────────────────────────────────────────────
┌───────────────────────────────────────────────────────────────────────────────────────────────────────────────────────
│ {key: gridLines, defaultValue: true}
├┄┄┄┄┄┄┄┄┄┄┄┄┄┄┄┄┄┄┄┄┄┄┄┄┄┄┄┄┄┄┄┄┄┄┄┄┄┄┄┄┄┄┄┄┄┄┄┄┄┄┄┄┄┄┄┄┄┄┄┄┄┄┄┄┄┄┄┄┄┄┄┄┄┄┄┄┄┄┄┄┄┄┄┄┄┄┄┄┄┄┄┄┄┄┄┄┄┄┄┄┄┄┄┄┄┄┄┄┄┄┄┄┄┄┄┄┄┄┄
│ #0   AppLogger.database (package:filler/core/logging.dart:49:13)
│ #1   AppDatabase.getPreferenceValue (package:filler/data/database.dart:277:15)
│ #2   PreferencesRepository.getPreference (package:filler/domain/repositories.dart:618:35)
│ #3   main.<anonymous closure>.<anonymous closure> (file:///Users/mr42/code/flutter/tmp/filler/test/integration/app_flow_test.dart:103:41)
│ #4   <asynchronous suspension>
│ #5   Declarer.test.<anonymous closure>.<anonymous closure> (package:test_api/src/backend/declarer.dart:242:9)
│ #6   <asynchronous suspension>
│ #7   Declarer.test.<anonymous closure> (package:test_api/src/backend/declarer.dart:240:7)
├┄┄┄┄┄┄┄┄┄┄┄┄┄┄┄┄┄┄┄┄┄┄┄┄┄┄┄┄┄┄┄┄┄┄┄┄┄┄┄┄┄┄┄┄┄┄┄┄┄┄┄┄┄┄┄┄┄┄┄┄┄┄┄┄┄┄┄┄┄┄┄┄┄┄┄┄┄┄┄┄┄┄┄┄┄┄┄┄┄┄┄┄┄┄┄┄┄┄┄┄┄┄┄┄┄┄┄┄┄┄┄┄┄┄┄┄┄┄┄
│ 07:38:48.058 (+0:00:00.315496)
├┄┄┄┄┄┄┄┄┄┄┄┄┄┄┄┄┄┄┄┄┄┄┄┄┄┄┄┄┄┄┄┄┄┄┄┄┄┄┄┄┄┄┄┄┄┄┄┄┄┄┄┄┄┄┄┄┄┄┄┄┄┄┄┄┄┄┄┄┄┄┄┄┄┄┄┄┄┄┄┄┄┄┄┄┄┄┄┄┄┄┄┄┄┄┄┄┄┄┄┄┄┄┄┄┄┄┄┄┄┄┄┄┄┄┄┄┄┄┄
│ 🐛 💾 Database: Getting preference value
└───────────────────────────────────────────────────────────────────────────────────────────────────────────────────────
┌───────────────────────────────────────────────────────────────────────────────────────────────────────────────────────
│ {key: gridLines, value: false, wasDefault: false}
├┄┄┄┄┄┄┄┄┄┄┄┄┄┄┄┄┄┄┄┄┄┄┄┄┄┄┄┄┄┄┄┄┄┄┄┄┄┄┄┄┄┄┄┄┄┄┄┄┄┄┄┄┄┄┄┄┄┄┄┄┄┄┄┄┄┄┄┄┄┄┄┄┄┄┄┄┄┄┄┄┄┄┄┄┄┄┄┄┄┄┄┄┄┄┄┄┄┄┄┄┄┄┄┄┄┄┄┄┄┄┄┄┄┄┄┄┄┄┄
│ #0   AppLogger.database (package:filler/core/logging.dart:49:13)
│ #1   AppDatabase.getPreferenceValue (package:filler/data/database.dart:287:15)
│ #2   <asynchronous suspension>
│ #3   PreferencesRepository.getPreference (package:filler/domain/repositories.dart:618:25)
│ #4   <asynchronous suspension>
│ #5   main.<anonymous closure>.<anonymous closure> (file:///Users/mr42/code/flutter/tmp/filler/test/integration/app_flow_test.dart:103:25)
│ #6   <asynchronous suspension>
│ #7   Declarer.test.<anonymous closure>.<anonymous closure> (package:test_api/src/backend/declarer.dart:242:9)
├┄┄┄┄┄┄┄┄┄┄┄┄┄┄┄┄┄┄┄┄┄┄┄┄┄┄┄┄┄┄┄┄┄┄┄┄┄┄┄┄┄┄┄┄┄┄┄┄┄┄┄┄┄┄┄┄┄┄┄┄┄┄┄┄┄┄┄┄┄┄┄┄┄┄┄┄┄┄┄┄┄┄┄┄┄┄┄┄┄┄┄┄┄┄┄┄┄┄┄┄┄┄┄┄┄┄┄┄┄┄┄┄┄┄┄┄┄┄┄
│ 07:38:48.059 (+0:00:00.316875)
├┄┄┄┄┄┄┄┄┄┄┄┄┄┄┄┄┄┄┄┄┄┄┄┄┄┄┄┄┄┄┄┄┄┄┄┄┄┄┄┄┄┄┄┄┄┄┄┄┄┄┄┄┄┄┄┄┄┄┄┄┄┄┄┄┄┄┄┄┄┄┄┄┄┄┄┄┄┄┄┄┄┄┄┄┄┄┄┄┄┄┄┄┄┄┄┄┄┄┄┄┄┄┄┄┄┄┄┄┄┄┄┄┄┄┄┄┄┄┄
│ 🐛 💾 Database: Retrieved preference
└───────────────────────────────────────────────────────────────────────────────────────────────────────────────────────
┌───────────────────────────────────────────────────────────────────────────────────────────────────────────────────────
│ {key: brushSize, defaultValue: 1}
├┄┄┄┄┄┄┄┄┄┄┄┄┄┄┄┄┄┄┄┄┄┄┄┄┄┄┄┄┄┄┄┄┄┄┄┄┄┄┄┄┄┄┄┄┄┄┄┄┄┄┄┄┄┄┄┄┄┄┄┄┄┄┄┄┄┄┄┄┄┄┄┄┄┄┄┄┄┄┄┄┄┄┄┄┄┄┄┄┄┄┄┄┄┄┄┄┄┄┄┄┄┄┄┄┄┄┄┄┄┄┄┄┄┄┄┄┄┄┄
│ #0   AppLogger.database (package:filler/core/logging.dart:49:13)
│ #1   AppDatabase.getPreferenceValue (package:filler/data/database.dart:277:15)
│ #2   PreferencesRepository.getPreference (package:filler/domain/repositories.dart:618:35)
│ #3   main.<anonymous closure>.<anonymous closure> (file:///Users/mr42/code/flutter/tmp/filler/test/integration/app_flow_test.dart:104:41)
│ #4   <asynchronous suspension>
│ #5   Declarer.test.<anonymous closure>.<anonymous closure> (package:test_api/src/backend/declarer.dart:242:9)
│ #6   <asynchronous suspension>
│ #7   Declarer.test.<anonymous closure> (package:test_api/src/backend/declarer.dart:240:7)
├┄┄┄┄┄┄┄┄┄┄┄┄┄┄┄┄┄┄┄┄┄┄┄┄┄┄┄┄┄┄┄┄┄┄┄┄┄┄┄┄┄┄┄┄┄┄┄┄┄┄┄┄┄┄┄┄┄┄┄┄┄┄┄┄┄┄┄┄┄┄┄┄┄┄┄┄┄┄┄┄┄┄┄┄┄┄┄┄┄┄┄┄┄┄┄┄┄┄┄┄┄┄┄┄┄┄┄┄┄┄┄┄┄┄┄┄┄┄┄
│ 07:38:48.061 (+0:00:00.318131)
├┄┄┄┄┄┄┄┄┄┄┄┄┄┄┄┄┄┄┄┄┄┄┄┄┄┄┄┄┄┄┄┄┄┄┄┄┄┄┄┄┄┄┄┄┄┄┄┄┄┄┄┄┄┄┄┄┄┄┄┄┄┄┄┄┄┄┄┄┄┄┄┄┄┄┄┄┄┄┄┄┄┄┄┄┄┄┄┄┄┄┄┄┄┄┄┄┄┄┄┄┄┄┄┄┄┄┄┄┄┄┄┄┄┄┄┄┄┄┄
│ 🐛 💾 Database: Getting preference value
└───────────────────────────────────────────────────────────────────────────────────────────────────────────────────────
┌───────────────────────────────────────────────────────────────────────────────────────────────────────────────────────
│ {key: brushSize, value: 3, wasDefault: false}
├┄┄┄┄┄┄┄┄┄┄┄┄┄┄┄┄┄┄┄┄┄┄┄┄┄┄┄┄┄┄┄┄┄┄┄┄┄┄┄┄┄┄┄┄┄┄┄┄┄┄┄┄┄┄┄┄┄┄┄┄┄┄┄┄┄┄┄┄┄┄┄┄┄┄┄┄┄┄┄┄┄┄┄┄┄┄┄┄┄┄┄┄┄┄┄┄┄┄┄┄┄┄┄┄┄┄┄┄┄┄┄┄┄┄┄┄┄┄┄
│ #0   AppLogger.database (package:filler/core/logging.dart:49:13)
│ #1   AppDatabase.getPreferenceValue (package:filler/data/database.dart:287:15)
│ #2   <asynchronous suspension>
│ #3   PreferencesRepository.getPreference (package:filler/domain/repositories.dart:618:25)
│ #4   <asynchronous suspension>
│ #5   main.<anonymous closure>.<anonymous closure> (file:///Users/mr42/code/flutter/tmp/filler/test/integration/app_flow_test.dart:104:25)
│ #6   <asynchronous suspension>
│ #7   Declarer.test.<anonymous closure>.<anonymous closure> (package:test_api/src/backend/declarer.dart:242:9)
├┄┄┄┄┄┄┄┄┄┄┄┄┄┄┄┄┄┄┄┄┄┄┄┄┄┄┄┄┄┄┄┄┄┄┄┄┄┄┄┄┄┄┄┄┄┄┄┄┄┄┄┄┄┄┄┄┄┄┄┄┄┄┄┄┄┄┄┄┄┄┄┄┄┄┄┄┄┄┄┄┄┄┄┄┄┄┄┄┄┄┄┄┄┄┄┄┄┄┄┄┄┄┄┄┄┄┄┄┄┄┄┄┄┄┄┄┄┄┄
│ 07:38:48.062 (+0:00:00.319574)
├┄┄┄┄┄┄┄┄┄┄┄┄┄┄┄┄┄┄┄┄┄┄┄┄┄┄┄┄┄┄┄┄┄┄┄┄┄┄┄┄┄┄┄┄┄┄┄┄┄┄┄┄┄┄┄┄┄┄┄┄┄┄┄┄┄┄┄┄┄┄┄┄┄┄┄┄┄┄┄┄┄┄┄┄┄┄┄┄┄┄┄┄┄┄┄┄┄┄┄┄┄┄┄┄┄┄┄┄┄┄┄┄┄┄┄┄┄┄┄
│ 🐛 💾 Database: Retrieved preference
└───────────────────────────────────────────────────────────────────────────────────────────────────────────────────────
┌───────────────────────────────────────────────────────────────────────────────────────────────────────────────────────
│ #0   AppLogger.database (package:filler/core/logging.dart:49:13)
│ #1   AppDatabase.getAllPreferences (package:filler/data/database.dart:354:15)
├┄┄┄┄┄┄┄┄┄┄┄┄┄┄┄┄┄┄┄┄┄┄┄┄┄┄┄┄┄┄┄┄┄┄┄┄┄┄┄┄┄┄┄┄┄┄┄┄┄┄┄┄┄┄┄┄┄┄┄┄┄┄┄┄┄┄┄┄┄┄┄┄┄┄┄┄┄┄┄┄┄┄┄┄┄┄┄┄┄┄┄┄┄┄┄┄┄┄┄┄┄┄┄┄┄┄┄┄┄┄┄┄┄┄┄┄┄┄┄
│ 07:38:48.064 (+0:00:00.321033)
├┄┄┄┄┄┄┄┄┄┄┄┄┄┄┄┄┄┄┄┄┄┄┄┄┄┄┄┄┄┄┄┄┄┄┄┄┄┄┄┄┄┄┄┄┄┄┄┄┄┄┄┄┄┄┄┄┄┄┄┄┄┄┄┄┄┄┄┄┄┄┄┄┄┄┄┄┄┄┄┄┄┄┄┄┄┄┄┄┄┄┄┄┄┄┄┄┄┄┄┄┄┄┄┄┄┄┄┄┄┄┄┄┄┄┄┄┄┄┄
│ 🐛 💾 Database: Fetching all preferences
└───────────────────────────────────────────────────────────────────────────────────────────────────────────────────────
┌───────────────────────────────────────────────────────────────────────────────────────────────────────────────────────
│ {count: 9, keys: [theme, autoSave, gridLines, brushSize, width, height, insets, defaultPattern, themeMode]}
├┄┄┄┄┄┄┄┄┄┄┄┄┄┄┄┄┄┄┄┄┄┄┄┄┄┄┄┄┄┄┄┄┄┄┄┄┄┄┄┄┄┄┄┄┄┄┄┄┄┄┄┄┄┄┄┄┄┄┄┄┄┄┄┄┄┄┄┄┄┄┄┄┄┄┄┄┄┄┄┄┄┄┄┄┄┄┄┄┄┄┄┄┄┄┄┄┄┄┄┄┄┄┄┄┄┄┄┄┄┄┄┄┄┄┄┄┄┄┄
│ #0   AppLogger.database (package:filler/core/logging.dart:49:13)
│ #1   AppDatabase.getAllPreferences (package:filler/data/database.dart:364:17)
│ #2   <asynchronous suspension>
│ #3   main.<anonymous closure>.<anonymous closure> (file:///Users/mr42/code/flutter/tmp/filler/test/integration/app_flow_test.dart:112:24)
│ #4   <asynchronous suspension>
│ #5   Declarer.test.<anonymous closure>.<anonymous closure> (package:test_api/src/backend/declarer.dart:242:9)
│ #6   <asynchronous suspension>
│ #7   Declarer.test.<anonymous closure> (package:test_api/src/backend/declarer.dart:240:7)
├┄┄┄┄┄┄┄┄┄┄┄┄┄┄┄┄┄┄┄┄┄┄┄┄┄┄┄┄┄┄┄┄┄┄┄┄┄┄┄┄┄┄┄┄┄┄┄┄┄┄┄┄┄┄┄┄┄┄┄┄┄┄┄┄┄┄┄┄┄┄┄┄┄┄┄┄┄┄┄┄┄┄┄┄┄┄┄┄┄┄┄┄┄┄┄┄┄┄┄┄┄┄┄┄┄┄┄┄┄┄┄┄┄┄┄┄┄┄┄
│ 07:38:48.065 (+0:00:00.322237)
├┄┄┄┄┄┄┄┄┄┄┄┄┄┄┄┄┄┄┄┄┄┄┄┄┄┄┄┄┄┄┄┄┄┄┄┄┄┄┄┄┄┄┄┄┄┄┄┄┄┄┄┄┄┄┄┄┄┄┄┄┄┄┄┄┄┄┄┄┄┄┄┄┄┄┄┄┄┄┄┄┄┄┄┄┄┄┄┄┄┄┄┄┄┄┄┄┄┄┄┄┄┄┄┄┄┄┄┄┄┄┄┄┄┄┄┄┄┄┄
│ 🐛 💾 Database: Retrieved all preferences
└───────────────────────────────────────────────────────────────────────────────────────────────────────────────────────
┌───────────────────────────────────────────────────────────────────────────────────────────────────────────────────────
│ #0   TestHelpers.cleanup (file:///Users/mr42/code/flutter/tmp/filler/test/helpers/test_helpers.dart:152:24)
│ #1   main.<anonymous closure> (file:///Users/mr42/code/flutter/tmp/filler/test/integration/app_flow_test.dart:21:23)
├┄┄┄┄┄┄┄┄┄┄┄┄┄┄┄┄┄┄┄┄┄┄┄┄┄┄┄┄┄┄┄┄┄┄┄┄┄┄┄┄┄┄┄┄┄┄┄┄┄┄┄┄┄┄┄┄┄┄┄┄┄┄┄┄┄┄┄┄┄┄┄┄┄┄┄┄┄┄┄┄┄┄┄┄┄┄┄┄┄┄┄┄┄┄┄┄┄┄┄┄┄┄┄┄┄┄┄┄┄┄┄┄┄┄┄┄┄┄┄
│ 07:38:48.066 (+0:00:00.323884)
├┄┄┄┄┄┄┄┄┄┄┄┄┄┄┄┄┄┄┄┄┄┄┄┄┄┄┄┄┄┄┄┄┄┄┄┄┄┄┄┄┄┄┄┄┄┄┄┄┄┄┄┄┄┄┄┄┄┄┄┄┄┄┄┄┄┄┄┄┄┄┄┄┄┄┄┄┄┄┄┄┄┄┄┄┄┄┄┄┄┄┄┄┄┄┄┄┄┄┄┄┄┄┄┄┄┄┄┄┄┄┄┄┄┄┄┄┄┄┄
│ 🐛 🧹 Cleaning up test environment
└───────────────────────────────────────────────────────────────────────────────────────────────────────────────────────
┌───────────────────────────────────────────────────────────────────────────────────────────────────────────────────────
│ #0   TestHelpers.cleanup (file:///Users/mr42/code/flutter/tmp/filler/test/helpers/test_helpers.dart:166:26)
│ #1   main.<anonymous closure> (file:///Users/mr42/code/flutter/tmp/filler/test/integration/app_flow_test.dart:21:23)
├┄┄┄┄┄┄┄┄┄┄┄┄┄┄┄┄┄┄┄┄┄┄┄┄┄┄┄┄┄┄┄┄┄┄┄┄┄┄┄┄┄┄┄┄┄┄┄┄┄┄┄┄┄┄┄┄┄┄┄┄┄┄┄┄┄┄┄┄┄┄┄┄┄┄┄┄┄┄┄┄┄┄┄┄┄┄┄┄┄┄┄┄┄┄┄┄┄┄┄┄┄┄┄┄┄┄┄┄┄┄┄┄┄┄┄┄┄┄┄
│ 07:38:48.070 (+0:00:00.327341)
├┄┄┄┄┄┄┄┄┄┄┄┄┄┄┄┄┄┄┄┄┄┄┄┄┄┄┄┄┄┄┄┄┄┄┄┄┄┄┄┄┄┄┄┄┄┄┄┄┄┄┄┄┄┄┄┄┄┄┄┄┄┄┄┄┄┄┄┄┄┄┄┄┄┄┄┄┄┄┄┄┄┄┄┄┄┄┄┄┄┄┄┄┄┄┄┄┄┄┄┄┄┄┄┄┄┄┄┄┄┄┄┄┄┄┄┄┄┄┄
│ 🐛 ✅ Test cleanup completed
└───────────────────────────────────────────────────────────────────────────────────────────────────────────────────────

00:01 +17: /Users/mr42/code/flutter/tmp/filler/test/integration/platform_specific_test.dart: Platform-Specific Database Integration Preferences Persistence Works Cross-Platform                       
00:01 +17: /Users/mr42/code/flutter/tmp/filler/test/integration/app_flow_test.dart: App Flow Integration Tests error handling across all layers                                                        
┌───────────────────────────────────────────────────────────────────────────────────────────────────────────────────────
│ #0   TestHelpers.createTestDatabase (file:///Users/mr42/code/flutter/tmp/filler/test/helpers/test_helpers.dart:30:24)
│ #1   main.<anonymous closure> (file:///Users/mr42/code/flutter/tmp/filler/test/integration/app_flow_test.dart:15:28)
├┄┄┄┄┄┄┄┄┄┄┄┄┄┄┄┄┄┄┄┄┄┄┄┄┄┄┄┄┄┄┄┄┄┄┄┄┄┄┄┄┄┄┄┄┄┄┄┄┄┄┄┄┄┄┄┄┄┄┄┄┄┄┄┄┄┄┄┄┄┄┄┄┄┄┄┄┄┄┄┄┄┄┄┄┄┄┄┄┄┄┄┄┄┄┄┄┄┄┄┄┄┄┄┄┄┄┄┄┄┄┄┄┄┄┄┄┄┄┄
│ 07:38:48.072 (+0:00:00.329110)
├┄┄┄┄┄┄┄┄┄┄┄┄┄┄┄┄┄┄┄┄┄┄┄┄┄┄┄┄┄┄┄┄┄┄┄┄┄┄┄┄┄┄┄┄┄┄┄┄┄┄┄┄┄┄┄┄┄┄┄┄┄┄┄┄┄┄┄┄┄┄┄┄┄┄┄┄┄┄┄┄┄┄┄┄┄┄┄┄┄┄┄┄┄┄┄┄┄┄┄┄┄┄┄┄┄┄┄┄┄┄┄┄┄┄┄┄┄┄┄
│ 🐛 🗄️ Creating test database
└───────────────────────────────────────────────────────────────────────────────────────────────────────────────────────
WARNING (drift): It looks like you've created the database class AppDatabase multiple times. When these two databases use the same QueryExecutor, race conditions will occur and might corrupt the database. 
Try to follow the advice at https://drift.simonbinder.eu/faq/#using-the-database or, if you know what you're doing, set driftRuntimeOptions.dontWarnAboutMultipleDatabases = true
Here is the stacktrace from when the database was opened a second time:
#0      GeneratedDatabase._handleInstantiated (package:drift/src/runtime/api/db_base.dart:96:30)
#1      GeneratedDatabase._whenConstructed (package:drift/src/runtime/api/db_base.dart:73:12)
#2      new GeneratedDatabase (package:drift/src/runtime/api/db_base.dart:64:5)
#3      new _$AppDatabase (package:filler/data/database.g.dart:991:36)
#4      new AppDatabase.test (package:filler/data/database.dart:90:24)
#5      TestHelpers.createTestDatabase (file:///Users/mr42/code/flutter/tmp/filler/test/helpers/test_helpers.dart:31:24)
#6      main.<anonymous closure> (file:///Users/mr42/code/flutter/tmp/filler/test/integration/app_flow_test.dart:15:28)
#7      Declarer._runSetUps.<anonymous closure> (package:test_api/src/backend/declarer.dart:403:61)
#8      Future.forEach.<anonymous closure> (dart:async/future.dart:653:26)
#9      Future.doWhile.<anonymous closure> (dart:async/future.dart:710:26)
#10     StackZoneSpecification._registerUnaryCallback.<anonymous closure>.<anonymous closure> (package:stack_trace/src/stack_zone_specification.dart:127:36)
#11     StackZoneSpecification._run (package:stack_trace/src/stack_zone_specification.dart:207:15)
#12     StackZoneSpecification._registerUnaryCallback.<anonymous closure> (package:stack_trace/src/stack_zone_specification.dart:127:24)
#13     _rootRunUnary (dart:async/zone.dart:1538:47)
#14     _CustomZone.runUnary (dart:async/zone.dart:1429:19)
#15     _CustomZone.runUnaryGuarded (dart:async/zone.dart:1329:7)
#16     _CustomZone.bindUnaryCallbackGuarded.<anonymous closure> (dart:async/zone.dart:1367:26)
#17     Future.doWhile (dart:async/future.dart:727:18)
#18     Future.forEach (dart:async/future.dart:651:12)
#19     Declarer._runSetUps (package:test_api/src/backend/declarer.dart:403:18)
#20     Declarer._runSetUps (package:test_api/src/backend/declarer.dart:401:40)
#21     Declarer.test.<anonymous closure>.<anonymous closure> (package:test_api/src/backend/declarer.dart:241:15)
#22     _rootRun (dart:async/zone.dart:1525:13)
#23     _CustomZone.run (dart:async/zone.dart:1422:19)
#24     _runZoned (dart:async/zone.dart:2034:6)
#25     runZoned (dart:async/zone.dart:1960:10)
#26     Declarer.test.<anonymous closure> (package:test_api/src/backend/declarer.dart:240:13)
#27     Invoker._waitForOutstandingCallbacks.<anonymous closure> (package:test_api/src/backend/invoker.dart:282:17)
#28     _rootRun (dart:async/zone.dart:1525:13)
#29     _CustomZone.run (dart:async/zone.dart:1422:19)
#30     _runZoned (dart:async/zone.dart:2034:6)
#31     runZoned (dart:async/zone.dart:1960:10)
#32     Invoker._waitForOutstandingCallbacks (package:test_api/src/backend/invoker.dart:278:5)
#33     Invoker._onRun.<anonymous closure>.<anonymous closure>.<anonymous closure> (package:test_api/src/backend/invoker.dart:418:17)
<asynchronous suspension>
This warning will only appear on debug builds.
┌───────────────────────────────────────────────────────────────────────────────────────────────────────────────────────
│ {title: Test Canvas, dimensions: 2x2, insets: 0, dataSize: 117 chars}
├┄┄┄┄┄┄┄┄┄┄┄┄┄┄┄┄┄┄┄┄┄┄┄┄┄┄┄┄┄┄┄┄┄┄┄┄┄┄┄┄┄┄┄┄┄┄┄┄┄┄┄┄┄┄┄┄┄┄┄┄┄┄┄┄┄┄┄┄┄┄┄┄┄┄┄┄┄┄┄┄┄┄┄┄┄┄┄┄┄┄┄┄┄┄┄┄┄┄┄┄┄┄┄┄┄┄┄┄┄┄┄┄┄┄┄┄┄┄┄
│ #0   AppLogger.database (package:filler/core/logging.dart:49:13)
│ #1   CanvasRepository.add (package:filler/domain/repositories.dart:78:15)
│ #2   main.<anonymous closure>.<anonymous closure> (file:///Users/mr42/code/flutter/tmp/filler/test/integration/app_flow_test.dart:126:41)
│ #3   Declarer.test.<anonymous closure>.<anonymous closure> (package:test_api/src/backend/declarer.dart:242:19)
│ #4   <asynchronous suspension>
│ #5   Declarer.test.<anonymous closure> (package:test_api/src/backend/declarer.dart:240:7)
│ #6   <asynchronous suspension>
│ #7   Invoker._waitForOutstandingCallbacks.<anonymous closure> (package:test_api/src/backend/invoker.dart:282:9)
├┄┄┄┄┄┄┄┄┄┄┄┄┄┄┄┄┄┄┄┄┄┄┄┄┄┄┄┄┄┄┄┄┄┄┄┄┄┄┄┄┄┄┄┄┄┄┄┄┄┄┄┄┄┄┄┄┄┄┄┄┄┄┄┄┄┄┄┄┄┄┄┄┄┄┄┄┄┄┄┄┄┄┄┄┄┄┄┄┄┄┄┄┄┄┄┄┄┄┄┄┄┄┄┄┄┄┄┄┄┄┄┄┄┄┄┄┄┄┄
│ 07:38:48.076 (+0:00:00.333403)
├┄┄┄┄┄┄┄┄┄┄┄┄┄┄┄┄┄┄┄┄┄┄┄┄┄┄┄┄┄┄┄┄┄┄┄┄┄┄┄┄┄┄┄┄┄┄┄┄┄┄┄┄┄┄┄┄┄┄┄┄┄┄┄┄┄┄┄┄┄┄┄┄┄┄┄┄┄┄┄┄┄┄┄┄┄┄┄┄┄┄┄┄┄┄┄┄┄┄┄┄┄┄┄┄┄┄┄┄┄┄┄┄┄┄┄┄┄┄┄
│ 🐛 💾 Database: Creating new canvas
└───────────────────────────────────────────────────────────────────────────────────────────────────────────────────────
┌───────────────────────────────────────────────────────────────────────────────────────────────────────────────────────
│ {title: Test Canvas, dimensions: 2x2}
├┄┄┄┄┄┄┄┄┄┄┄┄┄┄┄┄┄┄┄┄┄┄┄┄┄┄┄┄┄┄┄┄┄┄┄┄┄┄┄┄┄┄┄┄┄┄┄┄┄┄┄┄┄┄┄┄┄┄┄┄┄┄┄┄┄┄┄┄┄┄┄┄┄┄┄┄┄┄┄┄┄┄┄┄┄┄┄┄┄┄┄┄┄┄┄┄┄┄┄┄┄┄┄┄┄┄┄┄┄┄┄┄┄┄┄┄┄┄┄
│ #0   AppLogger.database (package:filler/core/logging.dart:49:13)
│ #1   AppDatabase.insertCanvas (package:filler/data/database.dart:225:15)
│ #2   CanvasRepository.add (package:filler/domain/repositories.dart:90:34)
│ #3   main.<anonymous closure>.<anonymous closure> (file:///Users/mr42/code/flutter/tmp/filler/test/integration/app_flow_test.dart:126:41)
│ #4   Declarer.test.<anonymous closure>.<anonymous closure> (package:test_api/src/backend/declarer.dart:242:19)
│ #5   <asynchronous suspension>
│ #6   Declarer.test.<anonymous closure> (package:test_api/src/backend/declarer.dart:240:7)
│ #7   <asynchronous suspension>
├┄┄┄┄┄┄┄┄┄┄┄┄┄┄┄┄┄┄┄┄┄┄┄┄┄┄┄┄┄┄┄┄┄┄┄┄┄┄┄┄┄┄┄┄┄┄┄┄┄┄┄┄┄┄┄┄┄┄┄┄┄┄┄┄┄┄┄┄┄┄┄┄┄┄┄┄┄┄┄┄┄┄┄┄┄┄┄┄┄┄┄┄┄┄┄┄┄┄┄┄┄┄┄┄┄┄┄┄┄┄┄┄┄┄┄┄┄┄┄
│ 07:38:48.077 (+0:00:00.334735)
├┄┄┄┄┄┄┄┄┄┄┄┄┄┄┄┄┄┄┄┄┄┄┄┄┄┄┄┄┄┄┄┄┄┄┄┄┄┄┄┄┄┄┄┄┄┄┄┄┄┄┄┄┄┄┄┄┄┄┄┄┄┄┄┄┄┄┄┄┄┄┄┄┄┄┄┄┄┄┄┄┄┄┄┄┄┄┄┄┄┄┄┄┄┄┄┄┄┄┄┄┄┄┄┄┄┄┄┄┄┄┄┄┄┄┄┄┄┄┄
│ 🐛 💾 Database: Inserting canvas
└───────────────────────────────────────────────────────────────────────────────────────────────────────────────────────
┌───────────────────────────────────────────────────────────────────────────────────────────────────────────────────────
│ #0   AppLogger.database (package:filler/core/logging.dart:49:13)
│ #1   createTestDatabaseConnection.<anonymous closure> (package:filler/data/database_connection.dart:22:15)
├┄┄┄┄┄┄┄┄┄┄┄┄┄┄┄┄┄┄┄┄┄┄┄┄┄┄┄┄┄┄┄┄┄┄┄┄┄┄┄┄┄┄┄┄┄┄┄┄┄┄┄┄┄┄┄┄┄┄┄┄┄┄┄┄┄┄┄┄┄┄┄┄┄┄┄┄┄┄┄┄┄┄┄┄┄┄┄┄┄┄┄┄┄┄┄┄┄┄┄┄┄┄┄┄┄┄┄┄┄┄┄┄┄┄┄┄┄┄┄
│ 07:38:48.079 (+0:00:00.336112)
├┄┄┄┄┄┄┄┄┄┄┄┄┄┄┄┄┄┄┄┄┄┄┄┄┄┄┄┄┄┄┄┄┄┄┄┄┄┄┄┄┄┄┄┄┄┄┄┄┄┄┄┄┄┄┄┄┄┄┄┄┄┄┄┄┄┄┄┄┄┄┄┄┄┄┄┄┄┄┄┄┄┄┄┄┄┄┄┄┄┄┄┄┄┄┄┄┄┄┄┄┄┄┄┄┄┄┄┄┄┄┄┄┄┄┄┄┄┄┄
│ 🐛 💾 Database: Test AppDatabase instance created (in-memory)
└───────────────────────────────────────────────────────────────────────────────────────────────────────────────────────
┌───────────────────────────────────────────────────────────────────────────────────────────────────────────────────────
│ {version: 4, wasCreated: true, hadUpgrade: false}
├┄┄┄┄┄┄┄┄┄┄┄┄┄┄┄┄┄┄┄┄┄┄┄┄┄┄┄┄┄┄┄┄┄┄┄┄┄┄┄┄┄┄┄┄┄┄┄┄┄┄┄┄┄┄┄┄┄┄┄┄┄┄┄┄┄┄┄┄┄┄┄┄┄┄┄┄┄┄┄┄┄┄┄┄┄┄┄┄┄┄┄┄┄┄┄┄┄┄┄┄┄┄┄┄┄┄┄┄┄┄┄┄┄┄┄┄┄┄┄
│ #0   AppLogger.database (package:filler/core/logging.dart:49:13)
│ #1   AppDatabase.migration.<anonymous closure> (package:filler/data/database.dart:211:17)
│ #2   GeneratedDatabase.beforeOpen.<anonymous closure> (package:drift/src/runtime/api/db_base.dart:137:44)
│ #3   <asynchronous suspension>
│ #4   DelegatedDatabase._runMigrations (package:drift/src/runtime/executor/helpers/engines.dart:512:5)
│ #5   <asynchronous suspension>
│ #6   DelegatedDatabase.ensureOpen.<anonymous closure> (package:drift/src/runtime/executor/helpers/engines.dart:476:9)
│ #7   <asynchronous suspension>
├┄┄┄┄┄┄┄┄┄┄┄┄┄┄┄┄┄┄┄┄┄┄┄┄┄┄┄┄┄┄┄┄┄┄┄┄┄┄┄┄┄┄┄┄┄┄┄┄┄┄┄┄┄┄┄┄┄┄┄┄┄┄┄┄┄┄┄┄┄┄┄┄┄┄┄┄┄┄┄┄┄┄┄┄┄┄┄┄┄┄┄┄┄┄┄┄┄┄┄┄┄┄┄┄┄┄┄┄┄┄┄┄┄┄┄┄┄┄┄
│ 07:38:48.080 (+0:00:00.337831)
├┄┄┄┄┄┄┄┄┄┄┄┄┄┄┄┄┄┄┄┄┄┄┄┄┄┄┄┄┄┄┄┄┄┄┄┄┄┄┄┄┄┄┄┄┄┄┄┄┄┄┄┄┄┄┄┄┄┄┄┄┄┄┄┄┄┄┄┄┄┄┄┄┄┄┄┄┄┄┄┄┄┄┄┄┄┄┄┄┄┄┄┄┄┄┄┄┄┄┄┄┄┄┄┄┄┄┄┄┄┄┄┄┄┄┄┄┄┄┄
│ 🐛 💾 Database: Database opened
└───────────────────────────────────────────────────────────────────────────────────────────────────────────────────────
┌───────────────────────────────────────────────────────────────────────────────────────────────────────────────────────
│ {id: 1}
├┄┄┄┄┄┄┄┄┄┄┄┄┄┄┄┄┄┄┄┄┄┄┄┄┄┄┄┄┄┄┄┄┄┄┄┄┄┄┄┄┄┄┄┄┄┄┄┄┄┄┄┄┄┄┄┄┄┄┄┄┄┄┄┄┄┄┄┄┄┄┄┄┄┄┄┄┄┄┄┄┄┄┄┄┄┄┄┄┄┄┄┄┄┄┄┄┄┄┄┄┄┄┄┄┄┄┄┄┄┄┄┄┄┄┄┄┄┄┄
│ #0   AppLogger.database (package:filler/core/logging.dart:49:13)
│ #1   AppDatabase.insertCanvas (package:filler/data/database.dart:234:17)
│ #2   <asynchronous suspension>
│ #3   CanvasRepository.add (package:filler/domain/repositories.dart:90:24)
│ #4   <asynchronous suspension>
│ #5   main.<anonymous closure>.<anonymous closure> (file:///Users/mr42/code/flutter/tmp/filler/test/integration/app_flow_test.dart:126:24)
│ #6   <asynchronous suspension>
│ #7   Declarer.test.<anonymous closure>.<anonymous closure> (package:test_api/src/backend/declarer.dart:242:9)
├┄┄┄┄┄┄┄┄┄┄┄┄┄┄┄┄┄┄┄┄┄┄┄┄┄┄┄┄┄┄┄┄┄┄┄┄┄┄┄┄┄┄┄┄┄┄┄┄┄┄┄┄┄┄┄┄┄┄┄┄┄┄┄┄┄┄┄┄┄┄┄┄┄┄┄┄┄┄┄┄┄┄┄┄┄┄┄┄┄┄┄┄┄┄┄┄┄┄┄┄┄┄┄┄┄┄┄┄┄┄┄┄┄┄┄┄┄┄┄
│ 07:38:48.082 (+0:00:00.339702)
├┄┄┄┄┄┄┄┄┄┄┄┄┄┄┄┄┄┄┄┄┄┄┄┄┄┄┄┄┄┄┄┄┄┄┄┄┄┄┄┄┄┄┄┄┄┄┄┄┄┄┄┄┄┄┄┄┄┄┄┄┄┄┄┄┄┄┄┄┄┄┄┄┄┄┄┄┄┄┄┄┄┄┄┄┄┄┄┄┄┄┄┄┄┄┄┄┄┄┄┄┄┄┄┄┄┄┄┄┄┄┄┄┄┄┄┄┄┄┄
│ 🐛 💾 Database: Canvas inserted with ID
└───────────────────────────────────────────────────────────────────────────────────────────────────────────────────────
┌───────────────────────────────────────────────────────────────────────────────────────────────────────────────────────
│ {id: 1, title: Test Canvas, insertTime: 6ms}
├┄┄┄┄┄┄┄┄┄┄┄┄┄┄┄┄┄┄┄┄┄┄┄┄┄┄┄┄┄┄┄┄┄┄┄┄┄┄┄┄┄┄┄┄┄┄┄┄┄┄┄┄┄┄┄┄┄┄┄┄┄┄┄┄┄┄┄┄┄┄┄┄┄┄┄┄┄┄┄┄┄┄┄┄┄┄┄┄┄┄┄┄┄┄┄┄┄┄┄┄┄┄┄┄┄┄┄┄┄┄┄┄┄┄┄┄┄┄┄
│ #0   AppLogger.database (package:filler/core/logging.dart:49:13)
│ #1   CanvasRepository.add (package:filler/domain/repositories.dart:103:17)
│ #2   <asynchronous suspension>
│ #3   main.<anonymous closure>.<anonymous closure> (file:///Users/mr42/code/flutter/tmp/filler/test/integration/app_flow_test.dart:126:24)
│ #4   <asynchronous suspension>
│ #5   Declarer.test.<anonymous closure>.<anonymous closure> (package:test_api/src/backend/declarer.dart:242:9)
│ #6   <asynchronous suspension>
│ #7   Declarer.test.<anonymous closure> (package:test_api/src/backend/declarer.dart:240:7)
├┄┄┄┄┄┄┄┄┄┄┄┄┄┄┄┄┄┄┄┄┄┄┄┄┄┄┄┄┄┄┄┄┄┄┄┄┄┄┄┄┄┄┄┄┄┄┄┄┄┄┄┄┄┄┄┄┄┄┄┄┄┄┄┄┄┄┄┄┄┄┄┄┄┄┄┄┄┄┄┄┄┄┄┄┄┄┄┄┄┄┄┄┄┄┄┄┄┄┄┄┄┄┄┄┄┄┄┄┄┄┄┄┄┄┄┄┄┄┄
│ 07:38:48.083 (+0:00:00.340961)
├┄┄┄┄┄┄┄┄┄┄┄┄┄┄┄┄┄┄┄┄┄┄┄┄┄┄┄┄┄┄┄┄┄┄┄┄┄┄┄┄┄┄┄┄┄┄┄┄┄┄┄┄┄┄┄┄┄┄┄┄┄┄┄┄┄┄┄┄┄┄┄┄┄┄┄┄┄┄┄┄┄┄┄┄┄┄┄┄┄┄┄┄┄┄┄┄┄┄┄┄┄┄┄┄┄┄┄┄┄┄┄┄┄┄┄┄┄┄┄
│ 🐛 💾 Database: Canvas created successfully
└───────────────────────────────────────────────────────────────────────────────────────────────────────────────────────
┌───────────────────────────────────────────────────────────────────────────────────────────────────────────────────────
│ {width: 2, height: 2, insets: 0, defaultPattern: 1, themeMode: 2}
├┄┄┄┄┄┄┄┄┄┄┄┄┄┄┄┄┄┄┄┄┄┄┄┄┄┄┄┄┄┄┄┄┄┄┄┄┄┄┄┄┄┄┄┄┄┄┄┄┄┄┄┄┄┄┄┄┄┄┄┄┄┄┄┄┄┄┄┄┄┄┄┄┄┄┄┄┄┄┄┄┄┄┄┄┄┄┄┄┄┄┄┄┄┄┄┄┄┄┄┄┄┄┄┄┄┄┄┄┄┄┄┄┄┄┄┄┄┄┄
│ #0   AppLogger.preferences (package:filler/core/logging.dart:64:13)
│ #1   PreferencesRepository.save (package:filler/domain/repositories.dart:541:15)
│ #2   main.<anonymous closure>.<anonymous closure> (file:///Users/mr42/code/flutter/tmp/filler/test/integration/app_flow_test.dart:141:23)
│ #3   <asynchronous suspension>
│ #4   Declarer.test.<anonymous closure>.<anonymous closure> (package:test_api/src/backend/declarer.dart:242:9)
│ #5   <asynchronous suspension>
│ #6   Declarer.test.<anonymous closure> (package:test_api/src/backend/declarer.dart:240:7)
│ #7   <asynchronous suspension>
├┄┄┄┄┄┄┄┄┄┄┄┄┄┄┄┄┄┄┄┄┄┄┄┄┄┄┄┄┄┄┄┄┄┄┄┄┄┄┄┄┄┄┄┄┄┄┄┄┄┄┄┄┄┄┄┄┄┄┄┄┄┄┄┄┄┄┄┄┄┄┄┄┄┄┄┄┄┄┄┄┄┄┄┄┄┄┄┄┄┄┄┄┄┄┄┄┄┄┄┄┄┄┄┄┄┄┄┄┄┄┄┄┄┄┄┄┄┄┄
│ 07:38:48.085 (+0:00:00.342236)
├┄┄┄┄┄┄┄┄┄┄┄┄┄┄┄┄┄┄┄┄┄┄┄┄┄┄┄┄┄┄┄┄┄┄┄┄┄┄┄┄┄┄┄┄┄┄┄┄┄┄┄┄┄┄┄┄┄┄┄┄┄┄┄┄┄┄┄┄┄┄┄┄┄┄┄┄┄┄┄┄┄┄┄┄┄┄┄┄┄┄┄┄┄┄┄┄┄┄┄┄┄┄┄┄┄┄┄┄┄┄┄┄┄┄┄┄┄┄┄
│ 🐛 ⚙️ Preferences: Saving preferences to key-value store
└───────────────────────────────────────────────────────────────────────────────────────────────────────────────────────
┌───────────────────────────────────────────────────────────────────────────────────────────────────────────────────────
│ {key: width, value: 2, type: int}
├┄┄┄┄┄┄┄┄┄┄┄┄┄┄┄┄┄┄┄┄┄┄┄┄┄┄┄┄┄┄┄┄┄┄┄┄┄┄┄┄┄┄┄┄┄┄┄┄┄┄┄┄┄┄┄┄┄┄┄┄┄┄┄┄┄┄┄┄┄┄┄┄┄┄┄┄┄┄┄┄┄┄┄┄┄┄┄┄┄┄┄┄┄┄┄┄┄┄┄┄┄┄┄┄┄┄┄┄┄┄┄┄┄┄┄┄┄┄┄
│ #0   AppLogger.database (package:filler/core/logging.dart:49:13)
│ #1   AppDatabase.setPreferenceValue (package:filler/data/database.dart:301:15)
│ #2   PreferencesRepository.save (package:filler/domain/repositories.dart:557:13)
│ #3   main.<anonymous closure>.<anonymous closure> (file:///Users/mr42/code/flutter/tmp/filler/test/integration/app_flow_test.dart:141:23)
│ #4   <asynchronous suspension>
│ #5   Declarer.test.<anonymous closure>.<anonymous closure> (package:test_api/src/backend/declarer.dart:242:9)
│ #6   <asynchronous suspension>
│ #7   Declarer.test.<anonymous closure> (package:test_api/src/backend/declarer.dart:240:7)
├┄┄┄┄┄┄┄┄┄┄┄┄┄┄┄┄┄┄┄┄┄┄┄┄┄┄┄┄┄┄┄┄┄┄┄┄┄┄┄┄┄┄┄┄┄┄┄┄┄┄┄┄┄┄┄┄┄┄┄┄┄┄┄┄┄┄┄┄┄┄┄┄┄┄┄┄┄┄┄┄┄┄┄┄┄┄┄┄┄┄┄┄┄┄┄┄┄┄┄┄┄┄┄┄┄┄┄┄┄┄┄┄┄┄┄┄┄┄┄
│ 07:38:48.086 (+0:00:00.343425)
├┄┄┄┄┄┄┄┄┄┄┄┄┄┄┄┄┄┄┄┄┄┄┄┄┄┄┄┄┄┄┄┄┄┄┄┄┄┄┄┄┄┄┄┄┄┄┄┄┄┄┄┄┄┄┄┄┄┄┄┄┄┄┄┄┄┄┄┄┄┄┄┄┄┄┄┄┄┄┄┄┄┄┄┄┄┄┄┄┄┄┄┄┄┄┄┄┄┄┄┄┄┄┄┄┄┄┄┄┄┄┄┄┄┄┄┄┄┄┄
│ 🐛 💾 Database: Setting preference value
└───────────────────────────────────────────────────────────────────────────────────────────────────────────────────────
┌───────────────────────────────────────────────────────────────────────────────────────────────────────────────────────
│ {key: height, value: 2, type: int}
├┄┄┄┄┄┄┄┄┄┄┄┄┄┄┄┄┄┄┄┄┄┄┄┄┄┄┄┄┄┄┄┄┄┄┄┄┄┄┄┄┄┄┄┄┄┄┄┄┄┄┄┄┄┄┄┄┄┄┄┄┄┄┄┄┄┄┄┄┄┄┄┄┄┄┄┄┄┄┄┄┄┄┄┄┄┄┄┄┄┄┄┄┄┄┄┄┄┄┄┄┄┄┄┄┄┄┄┄┄┄┄┄┄┄┄┄┄┄┄
│ #0   AppLogger.database (package:filler/core/logging.dart:49:13)
│ #1   AppDatabase.setPreferenceValue (package:filler/data/database.dart:301:15)
│ #2   PreferencesRepository.save (package:filler/domain/repositories.dart:558:13)
│ #3   main.<anonymous closure>.<anonymous closure> (file:///Users/mr42/code/flutter/tmp/filler/test/integration/app_flow_test.dart:141:23)
│ #4   <asynchronous suspension>
│ #5   Declarer.test.<anonymous closure>.<anonymous closure> (package:test_api/src/backend/declarer.dart:242:9)
│ #6   <asynchronous suspension>
│ #7   Declarer.test.<anonymous closure> (package:test_api/src/backend/declarer.dart:240:7)
├┄┄┄┄┄┄┄┄┄┄┄┄┄┄┄┄┄┄┄┄┄┄┄┄┄┄┄┄┄┄┄┄┄┄┄┄┄┄┄┄┄┄┄┄┄┄┄┄┄┄┄┄┄┄┄┄┄┄┄┄┄┄┄┄┄┄┄┄┄┄┄┄┄┄┄┄┄┄┄┄┄┄┄┄┄┄┄┄┄┄┄┄┄┄┄┄┄┄┄┄┄┄┄┄┄┄┄┄┄┄┄┄┄┄┄┄┄┄┄
│ 07:38:48.087 (+0:00:00.344698)
├┄┄┄┄┄┄┄┄┄┄┄┄┄┄┄┄┄┄┄┄┄┄┄┄┄┄┄┄┄┄┄┄┄┄┄┄┄┄┄┄┄┄┄┄┄┄┄┄┄┄┄┄┄┄┄┄┄┄┄┄┄┄┄┄┄┄┄┄┄┄┄┄┄┄┄┄┄┄┄┄┄┄┄┄┄┄┄┄┄┄┄┄┄┄┄┄┄┄┄┄┄┄┄┄┄┄┄┄┄┄┄┄┄┄┄┄┄┄┄
│ 🐛 💾 Database: Setting preference value
└───────────────────────────────────────────────────────────────────────────────────────────────────────────────────────
┌───────────────────────────────────────────────────────────────────────────────────────────────────────────────────────
│ {key: insets, value: 0, type: int}
├┄┄┄┄┄┄┄┄┄┄┄┄┄┄┄┄┄┄┄┄┄┄┄┄┄┄┄┄┄┄┄┄┄┄┄┄┄┄┄┄┄┄┄┄┄┄┄┄┄┄┄┄┄┄┄┄┄┄┄┄┄┄┄┄┄┄┄┄┄┄┄┄┄┄┄┄┄┄┄┄┄┄┄┄┄┄┄┄┄┄┄┄┄┄┄┄┄┄┄┄┄┄┄┄┄┄┄┄┄┄┄┄┄┄┄┄┄┄┄
│ #0   AppLogger.database (package:filler/core/logging.dart:49:13)
│ #1   AppDatabase.setPreferenceValue (package:filler/data/database.dart:301:15)
│ #2   PreferencesRepository.save (package:filler/domain/repositories.dart:559:13)
│ #3   main.<anonymous closure>.<anonymous closure> (file:///Users/mr42/code/flutter/tmp/filler/test/integration/app_flow_test.dart:141:23)
│ #4   <asynchronous suspension>
│ #5   Declarer.test.<anonymous closure>.<anonymous closure> (package:test_api/src/backend/declarer.dart:242:9)
│ #6   <asynchronous suspension>
│ #7   Declarer.test.<anonymous closure> (package:test_api/src/backend/declarer.dart:240:7)
├┄┄┄┄┄┄┄┄┄┄┄┄┄┄┄┄┄┄┄┄┄┄┄┄┄┄┄┄┄┄┄┄┄┄┄┄┄┄┄┄┄┄┄┄┄┄┄┄┄┄┄┄┄┄┄┄┄┄┄┄┄┄┄┄┄┄┄┄┄┄┄┄┄┄┄┄┄┄┄┄┄┄┄┄┄┄┄┄┄┄┄┄┄┄┄┄┄┄┄┄┄┄┄┄┄┄┄┄┄┄┄┄┄┄┄┄┄┄┄
│ 07:38:48.088 (+0:00:00.345908)
├┄┄┄┄┄┄┄┄┄┄┄┄┄┄┄┄┄┄┄┄┄┄┄┄┄┄┄┄┄┄┄┄┄┄┄┄┄┄┄┄┄┄┄┄┄┄┄┄┄┄┄┄┄┄┄┄┄┄┄┄┄┄┄┄┄┄┄┄┄┄┄┄┄┄┄┄┄┄┄┄┄┄┄┄┄┄┄┄┄┄┄┄┄┄┄┄┄┄┄┄┄┄┄┄┄┄┄┄┄┄┄┄┄┄┄┄┄┄┄
│ 🐛 💾 Database: Setting preference value
└───────────────────────────────────────────────────────────────────────────────────────────────────────────────────────
┌───────────────────────────────────────────────────────────────────────────────────────────────────────────────────────
│ {key: defaultPattern, value: 1, type: int}
├┄┄┄┄┄┄┄┄┄┄┄┄┄┄┄┄┄┄┄┄┄┄┄┄┄┄┄┄┄┄┄┄┄┄┄┄┄┄┄┄┄┄┄┄┄┄┄┄┄┄┄┄┄┄┄┄┄┄┄┄┄┄┄┄┄┄┄┄┄┄┄┄┄┄┄┄┄┄┄┄┄┄┄┄┄┄┄┄┄┄┄┄┄┄┄┄┄┄┄┄┄┄┄┄┄┄┄┄┄┄┄┄┄┄┄┄┄┄┄
│ #0   AppLogger.database (package:filler/core/logging.dart:49:13)
│ #1   AppDatabase.setPreferenceValue (package:filler/data/database.dart:301:15)
│ #2   PreferencesRepository.save (package:filler/domain/repositories.dart:560:13)
│ #3   main.<anonymous closure>.<anonymous closure> (file:///Users/mr42/code/flutter/tmp/filler/test/integration/app_flow_test.dart:141:23)
│ #4   <asynchronous suspension>
│ #5   Declarer.test.<anonymous closure>.<anonymous closure> (package:test_api/src/backend/declarer.dart:242:9)
│ #6   <asynchronous suspension>
│ #7   Declarer.test.<anonymous closure> (package:test_api/src/backend/declarer.dart:240:7)
├┄┄┄┄┄┄┄┄┄┄┄┄┄┄┄┄┄┄┄┄┄┄┄┄┄┄┄┄┄┄┄┄┄┄┄┄┄┄┄┄┄┄┄┄┄┄┄┄┄┄┄┄┄┄┄┄┄┄┄┄┄┄┄┄┄┄┄┄┄┄┄┄┄┄┄┄┄┄┄┄┄┄┄┄┄┄┄┄┄┄┄┄┄┄┄┄┄┄┄┄┄┄┄┄┄┄┄┄┄┄┄┄┄┄┄┄┄┄┄
│ 07:38:48.090 (+0:00:00.347079)
├┄┄┄┄┄┄┄┄┄┄┄┄┄┄┄┄┄┄┄┄┄┄┄┄┄┄┄┄┄┄┄┄┄┄┄┄┄┄┄┄┄┄┄┄┄┄┄┄┄┄┄┄┄┄┄┄┄┄┄┄┄┄┄┄┄┄┄┄┄┄┄┄┄┄┄┄┄┄┄┄┄┄┄┄┄┄┄┄┄┄┄┄┄┄┄┄┄┄┄┄┄┄┄┄┄┄┄┄┄┄┄┄┄┄┄┄┄┄┄
│ 🐛 💾 Database: Setting preference value
└───────────────────────────────────────────────────────────────────────────────────────────────────────────────────────
┌───────────────────────────────────────────────────────────────────────────────────────────────────────────────────────
│ {key: themeMode, value: 2, type: int}
├┄┄┄┄┄┄┄┄┄┄┄┄┄┄┄┄┄┄┄┄┄┄┄┄┄┄┄┄┄┄┄┄┄┄┄┄┄┄┄┄┄┄┄┄┄┄┄┄┄┄┄┄┄┄┄┄┄┄┄┄┄┄┄┄┄┄┄┄┄┄┄┄┄┄┄┄┄┄┄┄┄┄┄┄┄┄┄┄┄┄┄┄┄┄┄┄┄┄┄┄┄┄┄┄┄┄┄┄┄┄┄┄┄┄┄┄┄┄┄
│ #0   AppLogger.database (package:filler/core/logging.dart:49:13)
│ #1   AppDatabase.setPreferenceValue (package:filler/data/database.dart:301:15)
│ #2   PreferencesRepository.save (package:filler/domain/repositories.dart:565:13)
│ #3   main.<anonymous closure>.<anonymous closure> (file:///Users/mr42/code/flutter/tmp/filler/test/integration/app_flow_test.dart:141:23)
│ #4   <asynchronous suspension>
│ #5   Declarer.test.<anonymous closure>.<anonymous closure> (package:test_api/src/backend/declarer.dart:242:9)
│ #6   <asynchronous suspension>
│ #7   Declarer.test.<anonymous closure> (package:test_api/src/backend/declarer.dart:240:7)
├┄┄┄┄┄┄┄┄┄┄┄┄┄┄┄┄┄┄┄┄┄┄┄┄┄┄┄┄┄┄┄┄┄┄┄┄┄┄┄┄┄┄┄┄┄┄┄┄┄┄┄┄┄┄┄┄┄┄┄┄┄┄┄┄┄┄┄┄┄┄┄┄┄┄┄┄┄┄┄┄┄┄┄┄┄┄┄┄┄┄┄┄┄┄┄┄┄┄┄┄┄┄┄┄┄┄┄┄┄┄┄┄┄┄┄┄┄┄┄
│ 07:38:48.091 (+0:00:00.348273)
├┄┄┄┄┄┄┄┄┄┄┄┄┄┄┄┄┄┄┄┄┄┄┄┄┄┄┄┄┄┄┄┄┄┄┄┄┄┄┄┄┄┄┄┄┄┄┄┄┄┄┄┄┄┄┄┄┄┄┄┄┄┄┄┄┄┄┄┄┄┄┄┄┄┄┄┄┄┄┄┄┄┄┄┄┄┄┄┄┄┄┄┄┄┄┄┄┄┄┄┄┄┄┄┄┄┄┄┄┄┄┄┄┄┄┄┄┄┄┄
│ 🐛 💾 Database: Setting preference value
└───────────────────────────────────────────────────────────────────────────────────────────────────────────────────────
┌───────────────────────────────────────────────────────────────────────────────────────────────────────────────────────
│ {key: width, value: 2}
├┄┄┄┄┄┄┄┄┄┄┄┄┄┄┄┄┄┄┄┄┄┄┄┄┄┄┄┄┄┄┄┄┄┄┄┄┄┄┄┄┄┄┄┄┄┄┄┄┄┄┄┄┄┄┄┄┄┄┄┄┄┄┄┄┄┄┄┄┄┄┄┄┄┄┄┄┄┄┄┄┄┄┄┄┄┄┄┄┄┄┄┄┄┄┄┄┄┄┄┄┄┄┄┄┄┄┄┄┄┄┄┄┄┄┄┄┄┄┄
│ #0   AppLogger.database (package:filler/core/logging.dart:49:13)
│ #1   AppDatabase.setPreferenceValue (package:filler/data/database.dart:337:17)
│ #2   <asynchronous suspension>
│ #3   Future.wait.<anonymous closure> (dart:async/future.dart:525:21)
│ #4   <asynchronous suspension>
│ #5   PreferencesRepository.save (package:filler/domain/repositories.dart:556:7)
│ #6   <asynchronous suspension>
│ #7   main.<anonymous closure>.<anonymous closure> (file:///Users/mr42/code/flutter/tmp/filler/test/integration/app_flow_test.dart:141:7)
├┄┄┄┄┄┄┄┄┄┄┄┄┄┄┄┄┄┄┄┄┄┄┄┄┄┄┄┄┄┄┄┄┄┄┄┄┄┄┄┄┄┄┄┄┄┄┄┄┄┄┄┄┄┄┄┄┄┄┄┄┄┄┄┄┄┄┄┄┄┄┄┄┄┄┄┄┄┄┄┄┄┄┄┄┄┄┄┄┄┄┄┄┄┄┄┄┄┄┄┄┄┄┄┄┄┄┄┄┄┄┄┄┄┄┄┄┄┄┄
│ 07:38:48.094 (+0:00:00.351130)
├┄┄┄┄┄┄┄┄┄┄┄┄┄┄┄┄┄┄┄┄┄┄┄┄┄┄┄┄┄┄┄┄┄┄┄┄┄┄┄┄┄┄┄┄┄┄┄┄┄┄┄┄┄┄┄┄┄┄┄┄┄┄┄┄┄┄┄┄┄┄┄┄┄┄┄┄┄┄┄┄┄┄┄┄┄┄┄┄┄┄┄┄┄┄┄┄┄┄┄┄┄┄┄┄┄┄┄┄┄┄┄┄┄┄┄┄┄┄┄
│ 🐛 💾 Database: Preference value saved
└───────────────────────────────────────────────────────────────────────────────────────────────────────────────────────
┌───────────────────────────────────────────────────────────────────────────────────────────────────────────────────────
│ {key: height, value: 2}
├┄┄┄┄┄┄┄┄┄┄┄┄┄┄┄┄┄┄┄┄┄┄┄┄┄┄┄┄┄┄┄┄┄┄┄┄┄┄┄┄┄┄┄┄┄┄┄┄┄┄┄┄┄┄┄┄┄┄┄┄┄┄┄┄┄┄┄┄┄┄┄┄┄┄┄┄┄┄┄┄┄┄┄┄┄┄┄┄┄┄┄┄┄┄┄┄┄┄┄┄┄┄┄┄┄┄┄┄┄┄┄┄┄┄┄┄┄┄┄
│ #0   AppLogger.database (package:filler/core/logging.dart:49:13)
│ #1   AppDatabase.setPreferenceValue (package:filler/data/database.dart:337:17)
│ #2   <asynchronous suspension>
│ #3   Future.wait.<anonymous closure> (dart:async/future.dart:525:21)
│ #4   <asynchronous suspension>
│ #5   PreferencesRepository.save (package:filler/domain/repositories.dart:556:7)
│ #6   <asynchronous suspension>
│ #7   main.<anonymous closure>.<anonymous closure> (file:///Users/mr42/code/flutter/tmp/filler/test/integration/app_flow_test.dart:141:7)
├┄┄┄┄┄┄┄┄┄┄┄┄┄┄┄┄┄┄┄┄┄┄┄┄┄┄┄┄┄┄┄┄┄┄┄┄┄┄┄┄┄┄┄┄┄┄┄┄┄┄┄┄┄┄┄┄┄┄┄┄┄┄┄┄┄┄┄┄┄┄┄┄┄┄┄┄┄┄┄┄┄┄┄┄┄┄┄┄┄┄┄┄┄┄┄┄┄┄┄┄┄┄┄┄┄┄┄┄┄┄┄┄┄┄┄┄┄┄┄
│ 07:38:48.095 (+0:00:00.352671)
├┄┄┄┄┄┄┄┄┄┄┄┄┄┄┄┄┄┄┄┄┄┄┄┄┄┄┄┄┄┄┄┄┄┄┄┄┄┄┄┄┄┄┄┄┄┄┄┄┄┄┄┄┄┄┄┄┄┄┄┄┄┄┄┄┄┄┄┄┄┄┄┄┄┄┄┄┄┄┄┄┄┄┄┄┄┄┄┄┄┄┄┄┄┄┄┄┄┄┄┄┄┄┄┄┄┄┄┄┄┄┄┄┄┄┄┄┄┄┄
│ 🐛 💾 Database: Preference value saved
└───────────────────────────────────────────────────────────────────────────────────────────────────────────────────────
┌───────────────────────────────────────────────────────────────────────────────────────────────────────────────────────
│ {key: insets, value: 0}
├┄┄┄┄┄┄┄┄┄┄┄┄┄┄┄┄┄┄┄┄┄┄┄┄┄┄┄┄┄┄┄┄┄┄┄┄┄┄┄┄┄┄┄┄┄┄┄┄┄┄┄┄┄┄┄┄┄┄┄┄┄┄┄┄┄┄┄┄┄┄┄┄┄┄┄┄┄┄┄┄┄┄┄┄┄┄┄┄┄┄┄┄┄┄┄┄┄┄┄┄┄┄┄┄┄┄┄┄┄┄┄┄┄┄┄┄┄┄┄
│ #0   AppLogger.database (package:filler/core/logging.dart:49:13)
│ #1   AppDatabase.setPreferenceValue (package:filler/data/database.dart:337:17)
│ #2   <asynchronous suspension>
│ #3   Future.wait.<anonymous closure> (dart:async/future.dart:525:21)
│ #4   <asynchronous suspension>
│ #5   PreferencesRepository.save (package:filler/domain/repositories.dart:556:7)
│ #6   <asynchronous suspension>
│ #7   main.<anonymous closure>.<anonymous closure> (file:///Users/mr42/code/flutter/tmp/filler/test/integration/app_flow_test.dart:141:7)
├┄┄┄┄┄┄┄┄┄┄┄┄┄┄┄┄┄┄┄┄┄┄┄┄┄┄┄┄┄┄┄┄┄┄┄┄┄┄┄┄┄┄┄┄┄┄┄┄┄┄┄┄┄┄┄┄┄┄┄┄┄┄┄┄┄┄┄┄┄┄┄┄┄┄┄┄┄┄┄┄┄┄┄┄┄┄┄┄┄┄┄┄┄┄┄┄┄┄┄┄┄┄┄┄┄┄┄┄┄┄┄┄┄┄┄┄┄┄┄
│ 07:38:48.097 (+0:00:00.354241)
├┄┄┄┄┄┄┄┄┄┄┄┄┄┄┄┄┄┄┄┄┄┄┄┄┄┄┄┄┄┄┄┄┄┄┄┄┄┄┄┄┄┄┄┄┄┄┄┄┄┄┄┄┄┄┄┄┄┄┄┄┄┄┄┄┄┄┄┄┄┄┄┄┄┄┄┄┄┄┄┄┄┄┄┄┄┄┄┄┄┄┄┄┄┄┄┄┄┄┄┄┄┄┄┄┄┄┄┄┄┄┄┄┄┄┄┄┄┄┄
│ 🐛 💾 Database: Preference value saved
└───────────────────────────────────────────────────────────────────────────────────────────────────────────────────────
┌───────────────────────────────────────────────────────────────────────────────────────────────────────────────────────
│ {key: defaultPattern, value: 1}
├┄┄┄┄┄┄┄┄┄┄┄┄┄┄┄┄┄┄┄┄┄┄┄┄┄┄┄┄┄┄┄┄┄┄┄┄┄┄┄┄┄┄┄┄┄┄┄┄┄┄┄┄┄┄┄┄┄┄┄┄┄┄┄┄┄┄┄┄┄┄┄┄┄┄┄┄┄┄┄┄┄┄┄┄┄┄┄┄┄┄┄┄┄┄┄┄┄┄┄┄┄┄┄┄┄┄┄┄┄┄┄┄┄┄┄┄┄┄┄
│ #0   AppLogger.database (package:filler/core/logging.dart:49:13)
│ #1   AppDatabase.setPreferenceValue (package:filler/data/database.dart:337:17)
│ #2   <asynchronous suspension>
│ #3   Future.wait.<anonymous closure> (dart:async/future.dart:525:21)
│ #4   <asynchronous suspension>
│ #5   PreferencesRepository.save (package:filler/domain/repositories.dart:556:7)
│ #6   <asynchronous suspension>
│ #7   main.<anonymous closure>.<anonymous closure> (file:///Users/mr42/code/flutter/tmp/filler/test/integration/app_flow_test.dart:141:7)
├┄┄┄┄┄┄┄┄┄┄┄┄┄┄┄┄┄┄┄┄┄┄┄┄┄┄┄┄┄┄┄┄┄┄┄┄┄┄┄┄┄┄┄┄┄┄┄┄┄┄┄┄┄┄┄┄┄┄┄┄┄┄┄┄┄┄┄┄┄┄┄┄┄┄┄┄┄┄┄┄┄┄┄┄┄┄┄┄┄┄┄┄┄┄┄┄┄┄┄┄┄┄┄┄┄┄┄┄┄┄┄┄┄┄┄┄┄┄┄
│ 07:38:48.098 (+0:00:00.355543)
├┄┄┄┄┄┄┄┄┄┄┄┄┄┄┄┄┄┄┄┄┄┄┄┄┄┄┄┄┄┄┄┄┄┄┄┄┄┄┄┄┄┄┄┄┄┄┄┄┄┄┄┄┄┄┄┄┄┄┄┄┄┄┄┄┄┄┄┄┄┄┄┄┄┄┄┄┄┄┄┄┄┄┄┄┄┄┄┄┄┄┄┄┄┄┄┄┄┄┄┄┄┄┄┄┄┄┄┄┄┄┄┄┄┄┄┄┄┄┄
│ 🐛 💾 Database: Preference value saved
└───────────────────────────────────────────────────────────────────────────────────────────────────────────────────────
┌───────────────────────────────────────────────────────────────────────────────────────────────────────────────────────
│ {key: themeMode, value: 2}
├┄┄┄┄┄┄┄┄┄┄┄┄┄┄┄┄┄┄┄┄┄┄┄┄┄┄┄┄┄┄┄┄┄┄┄┄┄┄┄┄┄┄┄┄┄┄┄┄┄┄┄┄┄┄┄┄┄┄┄┄┄┄┄┄┄┄┄┄┄┄┄┄┄┄┄┄┄┄┄┄┄┄┄┄┄┄┄┄┄┄┄┄┄┄┄┄┄┄┄┄┄┄┄┄┄┄┄┄┄┄┄┄┄┄┄┄┄┄┄
│ #0   AppLogger.database (package:filler/core/logging.dart:49:13)
│ #1   AppDatabase.setPreferenceValue (package:filler/data/database.dart:337:17)
│ #2   <asynchronous suspension>
│ #3   Future.wait.<anonymous closure> (dart:async/future.dart:525:21)
│ #4   <asynchronous suspension>
│ #5   PreferencesRepository.save (package:filler/domain/repositories.dart:556:7)
│ #6   <asynchronous suspension>
│ #7   main.<anonymous closure>.<anonymous closure> (file:///Users/mr42/code/flutter/tmp/filler/test/integration/app_flow_test.dart:141:7)
├┄┄┄┄┄┄┄┄┄┄┄┄┄┄┄┄┄┄┄┄┄┄┄┄┄┄┄┄┄┄┄┄┄┄┄┄┄┄┄┄┄┄┄┄┄┄┄┄┄┄┄┄┄┄┄┄┄┄┄┄┄┄┄┄┄┄┄┄┄┄┄┄┄┄┄┄┄┄┄┄┄┄┄┄┄┄┄┄┄┄┄┄┄┄┄┄┄┄┄┄┄┄┄┄┄┄┄┄┄┄┄┄┄┄┄┄┄┄┄
│ 07:38:48.099 (+0:00:00.356809)
├┄┄┄┄┄┄┄┄┄┄┄┄┄┄┄┄┄┄┄┄┄┄┄┄┄┄┄┄┄┄┄┄┄┄┄┄┄┄┄┄┄┄┄┄┄┄┄┄┄┄┄┄┄┄┄┄┄┄┄┄┄┄┄┄┄┄┄┄┄┄┄┄┄┄┄┄┄┄┄┄┄┄┄┄┄┄┄┄┄┄┄┄┄┄┄┄┄┄┄┄┄┄┄┄┄┄┄┄┄┄┄┄┄┄┄┄┄┄┄
│ 🐛 💾 Database: Preference value saved
└───────────────────────────────────────────────────────────────────────────────────────────────────────────────────────
┌───────────────────────────────────────────────────────────────────────────────────────────────────────────────────────
│ {saveTime: 14ms, keysUpdated: [width, height, insets, defaultPattern, themeMode]}
├┄┄┄┄┄┄┄┄┄┄┄┄┄┄┄┄┄┄┄┄┄┄┄┄┄┄┄┄┄┄┄┄┄┄┄┄┄┄┄┄┄┄┄┄┄┄┄┄┄┄┄┄┄┄┄┄┄┄┄┄┄┄┄┄┄┄┄┄┄┄┄┄┄┄┄┄┄┄┄┄┄┄┄┄┄┄┄┄┄┄┄┄┄┄┄┄┄┄┄┄┄┄┄┄┄┄┄┄┄┄┄┄┄┄┄┄┄┄┄
│ #0   AppLogger.preferences (package:filler/core/logging.dart:64:13)
│ #1   PreferencesRepository.save (package:filler/domain/repositories.dart:570:17)
│ #2   <asynchronous suspension>
│ #3   main.<anonymous closure>.<anonymous closure> (file:///Users/mr42/code/flutter/tmp/filler/test/integration/app_flow_test.dart:141:7)
│ #4   <asynchronous suspension>
│ #5   Declarer.test.<anonymous closure>.<anonymous closure> (package:test_api/src/backend/declarer.dart:242:9)
│ #6   <asynchronous suspension>
│ #7   Declarer.test.<anonymous closure> (package:test_api/src/backend/declarer.dart:240:7)
├┄┄┄┄┄┄┄┄┄┄┄┄┄┄┄┄┄┄┄┄┄┄┄┄┄┄┄┄┄┄┄┄┄┄┄┄┄┄┄┄┄┄┄┄┄┄┄┄┄┄┄┄┄┄┄┄┄┄┄┄┄┄┄┄┄┄┄┄┄┄┄┄┄┄┄┄┄┄┄┄┄┄┄┄┄┄┄┄┄┄┄┄┄┄┄┄┄┄┄┄┄┄┄┄┄┄┄┄┄┄┄┄┄┄┄┄┄┄┄
│ 07:38:48.101 (+0:00:00.357973)
├┄┄┄┄┄┄┄┄┄┄┄┄┄┄┄┄┄┄┄┄┄┄┄┄┄┄┄┄┄┄┄┄┄┄┄┄┄┄┄┄┄┄┄┄┄┄┄┄┄┄┄┄┄┄┄┄┄┄┄┄┄┄┄┄┄┄┄┄┄┄┄┄┄┄┄┄┄┄┄┄┄┄┄┄┄┄┄┄┄┄┄┄┄┄┄┄┄┄┄┄┄┄┄┄┄┄┄┄┄┄┄┄┄┄┄┄┄┄┄
│ 🐛 ⚙️ Preferences: All preferences saved successfully
└───────────────────────────────────────────────────────────────────────────────────────────────────────────────────────
┌───────────────────────────────────────────────────────────────────────────────────────────────────────────────────────
│ #0   AppLogger.preferences (package:filler/core/logging.dart:64:13)
│ #1   PreferencesRepository.get (package:filler/domain/repositories.dart:423:15)
├┄┄┄┄┄┄┄┄┄┄┄┄┄┄┄┄┄┄┄┄┄┄┄┄┄┄┄┄┄┄┄┄┄┄┄┄┄┄┄┄┄┄┄┄┄┄┄┄┄┄┄┄┄┄┄┄┄┄┄┄┄┄┄┄┄┄┄┄┄┄┄┄┄┄┄┄┄┄┄┄┄┄┄┄┄┄┄┄┄┄┄┄┄┄┄┄┄┄┄┄┄┄┄┄┄┄┄┄┄┄┄┄┄┄┄┄┄┄┄
│ 07:38:48.102 (+0:00:00.359139)
├┄┄┄┄┄┄┄┄┄┄┄┄┄┄┄┄┄┄┄┄┄┄┄┄┄┄┄┄┄┄┄┄┄┄┄┄┄┄┄┄┄┄┄┄┄┄┄┄┄┄┄┄┄┄┄┄┄┄┄┄┄┄┄┄┄┄┄┄┄┄┄┄┄┄┄┄┄┄┄┄┄┄┄┄┄┄┄┄┄┄┄┄┄┄┄┄┄┄┄┄┄┄┄┄┄┄┄┄┄┄┄┄┄┄┄┄┄┄┄
│ 🐛 ⚙️ Preferences: Fetching preferences from key-value store
└───────────────────────────────────────────────────────────────────────────────────────────────────────────────────────
┌───────────────────────────────────────────────────────────────────────────────────────────────────────────────────────
│ #0   AppLogger.database (package:filler/core/logging.dart:49:13)
│ #1   AppDatabase.getAllPreferences (package:filler/data/database.dart:354:15)
├┄┄┄┄┄┄┄┄┄┄┄┄┄┄┄┄┄┄┄┄┄┄┄┄┄┄┄┄┄┄┄┄┄┄┄┄┄┄┄┄┄┄┄┄┄┄┄┄┄┄┄┄┄┄┄┄┄┄┄┄┄┄┄┄┄┄┄┄┄┄┄┄┄┄┄┄┄┄┄┄┄┄┄┄┄┄┄┄┄┄┄┄┄┄┄┄┄┄┄┄┄┄┄┄┄┄┄┄┄┄┄┄┄┄┄┄┄┄┄
│ 07:38:48.102 (+0:00:00.359927)
├┄┄┄┄┄┄┄┄┄┄┄┄┄┄┄┄┄┄┄┄┄┄┄┄┄┄┄┄┄┄┄┄┄┄┄┄┄┄┄┄┄┄┄┄┄┄┄┄┄┄┄┄┄┄┄┄┄┄┄┄┄┄┄┄┄┄┄┄┄┄┄┄┄┄┄┄┄┄┄┄┄┄┄┄┄┄┄┄┄┄┄┄┄┄┄┄┄┄┄┄┄┄┄┄┄┄┄┄┄┄┄┄┄┄┄┄┄┄┄
│ 🐛 💾 Database: Fetching all preferences
└───────────────────────────────────────────────────────────────────────────────────────────────────────────────────────
┌───────────────────────────────────────────────────────────────────────────────────────────────────────────────────────
│ {count: 5, keys: [width, height, insets, defaultPattern, themeMode]}
├┄┄┄┄┄┄┄┄┄┄┄┄┄┄┄┄┄┄┄┄┄┄┄┄┄┄┄┄┄┄┄┄┄┄┄┄┄┄┄┄┄┄┄┄┄┄┄┄┄┄┄┄┄┄┄┄┄┄┄┄┄┄┄┄┄┄┄┄┄┄┄┄┄┄┄┄┄┄┄┄┄┄┄┄┄┄┄┄┄┄┄┄┄┄┄┄┄┄┄┄┄┄┄┄┄┄┄┄┄┄┄┄┄┄┄┄┄┄┄
│ #0   AppLogger.database (package:filler/core/logging.dart:49:13)
│ #1   AppDatabase.getAllPreferences (package:filler/data/database.dart:364:17)
│ #2   <asynchronous suspension>
│ #3   PreferencesRepository.get (package:filler/domain/repositories.dart:427:24)
│ #4   <asynchronous suspension>
│ #5   main.<anonymous closure>.<anonymous closure> (file:///Users/mr42/code/flutter/tmp/filler/test/integration/app_flow_test.dart:150:21)
│ #6   <asynchronous suspension>
│ #7   Declarer.test.<anonymous closure>.<anonymous closure> (package:test_api/src/backend/declarer.dart:242:9)
├┄┄┄┄┄┄┄┄┄┄┄┄┄┄┄┄┄┄┄┄┄┄┄┄┄┄┄┄┄┄┄┄┄┄┄┄┄┄┄┄┄┄┄┄┄┄┄┄┄┄┄┄┄┄┄┄┄┄┄┄┄┄┄┄┄┄┄┄┄┄┄┄┄┄┄┄┄┄┄┄┄┄┄┄┄┄┄┄┄┄┄┄┄┄┄┄┄┄┄┄┄┄┄┄┄┄┄┄┄┄┄┄┄┄┄┄┄┄┄
│ 07:38:48.104 (+0:00:00.361505)
├┄┄┄┄┄┄┄┄┄┄┄┄┄┄┄┄┄┄┄┄┄┄┄┄┄┄┄┄┄┄┄┄┄┄┄┄┄┄┄┄┄┄┄┄┄┄┄┄┄┄┄┄┄┄┄┄┄┄┄┄┄┄┄┄┄┄┄┄┄┄┄┄┄┄┄┄┄┄┄┄┄┄┄┄┄┄┄┄┄┄┄┄┄┄┄┄┄┄┄┄┄┄┄┄┄┄┄┄┄┄┄┄┄┄┄┄┄┄┄
│ 🐛 💾 Database: Retrieved all preferences
└───────────────────────────────────────────────────────────────────────────────────────────────────────────────────────
┌───────────────────────────────────────────────────────────────────────────────────────────────────────────────────────
│ {width: 2, height: 2, insets: 0, defaultPattern: 1, themeMode: 2, fetchTime: 2ms, keysFromDb: 5}
├┄┄┄┄┄┄┄┄┄┄┄┄┄┄┄┄┄┄┄┄┄┄┄┄┄┄┄┄┄┄┄┄┄┄┄┄┄┄┄┄┄┄┄┄┄┄┄┄┄┄┄┄┄┄┄┄┄┄┄┄┄┄┄┄┄┄┄┄┄┄┄┄┄┄┄┄┄┄┄┄┄┄┄┄┄┄┄┄┄┄┄┄┄┄┄┄┄┄┄┄┄┄┄┄┄┄┄┄┄┄┄┄┄┄┄┄┄┄┄
│ #0   AppLogger.preferences (package:filler/core/logging.dart:64:13)
│ #1   PreferencesRepository.get (package:filler/domain/repositories.dart:464:17)
│ #2   <asynchronous suspension>
│ #3   main.<anonymous closure>.<anonymous closure> (file:///Users/mr42/code/flutter/tmp/filler/test/integration/app_flow_test.dart:150:21)
│ #4   <asynchronous suspension>
│ #5   Declarer.test.<anonymous closure>.<anonymous closure> (package:test_api/src/backend/declarer.dart:242:9)
│ #6   <asynchronous suspension>
│ #7   Declarer.test.<anonymous closure> (package:test_api/src/backend/declarer.dart:240:7)
├┄┄┄┄┄┄┄┄┄┄┄┄┄┄┄┄┄┄┄┄┄┄┄┄┄┄┄┄┄┄┄┄┄┄┄┄┄┄┄┄┄┄┄┄┄┄┄┄┄┄┄┄┄┄┄┄┄┄┄┄┄┄┄┄┄┄┄┄┄┄┄┄┄┄┄┄┄┄┄┄┄┄┄┄┄┄┄┄┄┄┄┄┄┄┄┄┄┄┄┄┄┄┄┄┄┄┄┄┄┄┄┄┄┄┄┄┄┄┄
│ 07:38:48.105 (+0:00:00.362714)
├┄┄┄┄┄┄┄┄┄┄┄┄┄┄┄┄┄┄┄┄┄┄┄┄┄┄┄┄┄┄┄┄┄┄┄┄┄┄┄┄┄┄┄┄┄┄┄┄┄┄┄┄┄┄┄┄┄┄┄┄┄┄┄┄┄┄┄┄┄┄┄┄┄┄┄┄┄┄┄┄┄┄┄┄┄┄┄┄┄┄┄┄┄┄┄┄┄┄┄┄┄┄┄┄┄┄┄┄┄┄┄┄┄┄┄┄┄┄┄
│ 🐛 ⚙️ Preferences: Constructed preferences model
└───────────────────────────────────────────────────────────────────────────────────────────────────────────────────────
┌───────────────────────────────────────────────────────────────────────────────────────────────────────────────────────
│ #0   TestHelpers.cleanup (file:///Users/mr42/code/flutter/tmp/filler/test/helpers/test_helpers.dart:152:24)
│ #1   main.<anonymous closure> (file:///Users/mr42/code/flutter/tmp/filler/test/integration/app_flow_test.dart:21:23)
├┄┄┄┄┄┄┄┄┄┄┄┄┄┄┄┄┄┄┄┄┄┄┄┄┄┄┄┄┄┄┄┄┄┄┄┄┄┄┄┄┄┄┄┄┄┄┄┄┄┄┄┄┄┄┄┄┄┄┄┄┄┄┄┄┄┄┄┄┄┄┄┄┄┄┄┄┄┄┄┄┄┄┄┄┄┄┄┄┄┄┄┄┄┄┄┄┄┄┄┄┄┄┄┄┄┄┄┄┄┄┄┄┄┄┄┄┄┄┄
│ 07:38:48.107 (+0:00:00.364375)
├┄┄┄┄┄┄┄┄┄┄┄┄┄┄┄┄┄┄┄┄┄┄┄┄┄┄┄┄┄┄┄┄┄┄┄┄┄┄┄┄┄┄┄┄┄┄┄┄┄┄┄┄┄┄┄┄┄┄┄┄┄┄┄┄┄┄┄┄┄┄┄┄┄┄┄┄┄┄┄┄┄┄┄┄┄┄┄┄┄┄┄┄┄┄┄┄┄┄┄┄┄┄┄┄┄┄┄┄┄┄┄┄┄┄┄┄┄┄┄
│ 🐛 🧹 Cleaning up test environment
└───────────────────────────────────────────────────────────────────────────────────────────────────────────────────────
┌───────────────────────────────────────────────────────────────────────────────────────────────────────────────────────
│ #0   TestHelpers.cleanup (file:///Users/mr42/code/flutter/tmp/filler/test/helpers/test_helpers.dart:166:26)
│ #1   main.<anonymous closure> (file:///Users/mr42/code/flutter/tmp/filler/test/integration/app_flow_test.dart:21:23)
├┄┄┄┄┄┄┄┄┄┄┄┄┄┄┄┄┄┄┄┄┄┄┄┄┄┄┄┄┄┄┄┄┄┄┄┄┄┄┄┄┄┄┄┄┄┄┄┄┄┄┄┄┄┄┄┄┄┄┄┄┄┄┄┄┄┄┄┄┄┄┄┄┄┄┄┄┄┄┄┄┄┄┄┄┄┄┄┄┄┄┄┄┄┄┄┄┄┄┄┄┄┄┄┄┄┄┄┄┄┄┄┄┄┄┄┄┄┄┄
│ 07:38:48.110 (+0:00:00.367618)
├┄┄┄┄┄┄┄┄┄┄┄┄┄┄┄┄┄┄┄┄┄┄┄┄┄┄┄┄┄┄┄┄┄┄┄┄┄┄┄┄┄┄┄┄┄┄┄┄┄┄┄┄┄┄┄┄┄┄┄┄┄┄┄┄┄┄┄┄┄┄┄┄┄┄┄┄┄┄┄┄┄┄┄┄┄┄┄┄┄┄┄┄┄┄┄┄┄┄┄┄┄┄┄┄┄┄┄┄┄┄┄┄┄┄┄┄┄┄┄
│ 🐛 ✅ Test cleanup completed
└───────────────────────────────────────────────────────────────────────────────────────────────────────────────────────

00:02 +18: /Users/mr42/code/flutter/tmp/filler/test/integration/platform_specific_test.dart: Platform-Specific Database Integration Preferences Persistence Works Cross-Platform                       
00:02 +18: /Users/mr42/code/flutter/tmp/filler/test/integration/app_flow_test.dart: App Flow Integration Tests concurrent operations handling                                                          
┌───────────────────────────────────────────────────────────────────────────────────────────────────────────────────────
│ #0   TestHelpers.createTestDatabase (file:///Users/mr42/code/flutter/tmp/filler/test/helpers/test_helpers.dart:30:24)
│ #1   main.<anonymous closure> (file:///Users/mr42/code/flutter/tmp/filler/test/integration/app_flow_test.dart:15:28)
├┄┄┄┄┄┄┄┄┄┄┄┄┄┄┄┄┄┄┄┄┄┄┄┄┄┄┄┄┄┄┄┄┄┄┄┄┄┄┄┄┄┄┄┄┄┄┄┄┄┄┄┄┄┄┄┄┄┄┄┄┄┄┄┄┄┄┄┄┄┄┄┄┄┄┄┄┄┄┄┄┄┄┄┄┄┄┄┄┄┄┄┄┄┄┄┄┄┄┄┄┄┄┄┄┄┄┄┄┄┄┄┄┄┄┄┄┄┄┄
│ 07:38:48.112 (+0:00:00.369831)
├┄┄┄┄┄┄┄┄┄┄┄┄┄┄┄┄┄┄┄┄┄┄┄┄┄┄┄┄┄┄┄┄┄┄┄┄┄┄┄┄┄┄┄┄┄┄┄┄┄┄┄┄┄┄┄┄┄┄┄┄┄┄┄┄┄┄┄┄┄┄┄┄┄┄┄┄┄┄┄┄┄┄┄┄┄┄┄┄┄┄┄┄┄┄┄┄┄┄┄┄┄┄┄┄┄┄┄┄┄┄┄┄┄┄┄┄┄┄┄
│ 🐛 🗄️ Creating test database
└───────────────────────────────────────────────────────────────────────────────────────────────────────────────────────
WARNING (drift): It looks like you've created the database class AppDatabase multiple times. When these two databases use the same QueryExecutor, race conditions will occur and might corrupt the database. 
Try to follow the advice at https://drift.simonbinder.eu/faq/#using-the-database or, if you know what you're doing, set driftRuntimeOptions.dontWarnAboutMultipleDatabases = true
Here is the stacktrace from when the database was opened a second time:
#0      GeneratedDatabase._handleInstantiated (package:drift/src/runtime/api/db_base.dart:96:30)
#1      GeneratedDatabase._whenConstructed (package:drift/src/runtime/api/db_base.dart:73:12)
#2      new GeneratedDatabase (package:drift/src/runtime/api/db_base.dart:64:5)
#3      new _$AppDatabase (package:filler/data/database.g.dart:991:36)
#4      new AppDatabase.test (package:filler/data/database.dart:90:24)
#5      TestHelpers.createTestDatabase (file:///Users/mr42/code/flutter/tmp/filler/test/helpers/test_helpers.dart:31:24)
#6      main.<anonymous closure> (file:///Users/mr42/code/flutter/tmp/filler/test/integration/app_flow_test.dart:15:28)
#7      Declarer._runSetUps.<anonymous closure> (package:test_api/src/backend/declarer.dart:403:61)
#8      Future.forEach.<anonymous closure> (dart:async/future.dart:653:26)
#9      Future.doWhile.<anonymous closure> (dart:async/future.dart:710:26)
#10     StackZoneSpecification._registerUnaryCallback.<anonymous closure>.<anonymous closure> (package:stack_trace/src/stack_zone_specification.dart:127:36)
#11     StackZoneSpecification._run (package:stack_trace/src/stack_zone_specification.dart:207:15)
#12     StackZoneSpecification._registerUnaryCallback.<anonymous closure> (package:stack_trace/src/stack_zone_specification.dart:127:24)
#13     _rootRunUnary (dart:async/zone.dart:1538:47)
#14     _CustomZone.runUnary (dart:async/zone.dart:1429:19)
#15     _CustomZone.runUnaryGuarded (dart:async/zone.dart:1329:7)
#16     _CustomZone.bindUnaryCallbackGuarded.<anonymous closure> (dart:async/zone.dart:1367:26)
#17     Future.doWhile (dart:async/future.dart:727:18)
#18     Future.forEach (dart:async/future.dart:651:12)
#19     Declarer._runSetUps (package:test_api/src/backend/declarer.dart:403:18)
#20     Declarer._runSetUps (package:test_api/src/backend/declarer.dart:401:40)
#21     Declarer.test.<anonymous closure>.<anonymous closure> (package:test_api/src/backend/declarer.dart:241:15)
#22     _rootRun (dart:async/zone.dart:1525:13)
#23     _CustomZone.run (dart:async/zone.dart:1422:19)
#24     _runZoned (dart:async/zone.dart:2034:6)
#25     runZoned (dart:async/zone.dart:1960:10)
#26     Declarer.test.<anonymous closure> (package:test_api/src/backend/declarer.dart:240:13)
#27     Invoker._waitForOutstandingCallbacks.<anonymous closure> (package:test_api/src/backend/invoker.dart:282:17)
#28     _rootRun (dart:async/zone.dart:1525:13)
#29     _CustomZone.run (dart:async/zone.dart:1422:19)
#30     _runZoned (dart:async/zone.dart:2034:6)
#31     runZoned (dart:async/zone.dart:1960:10)
#32     Invoker._waitForOutstandingCallbacks (package:test_api/src/backend/invoker.dart:278:5)
#33     Invoker._onRun.<anonymous closure>.<anonymous closure>.<anonymous closure> (package:test_api/src/backend/invoker.dart:418:17)
<asynchronous suspension>
This warning will only appear on debug builds.
┌───────────────────────────────────────────────────────────────────────────────────────────────────────────────────────
│ {title: Concurrent Canvas 0, dimensions: 2x2, insets: 0, dataSize: 117 chars}
├┄┄┄┄┄┄┄┄┄┄┄┄┄┄┄┄┄┄┄┄┄┄┄┄┄┄┄┄┄┄┄┄┄┄┄┄┄┄┄┄┄┄┄┄┄┄┄┄┄┄┄┄┄┄┄┄┄┄┄┄┄┄┄┄┄┄┄┄┄┄┄┄┄┄┄┄┄┄┄┄┄┄┄┄┄┄┄┄┄┄┄┄┄┄┄┄┄┄┄┄┄┄┄┄┄┄┄┄┄┄┄┄┄┄┄┄┄┄┄
│ #0   AppLogger.database (package:filler/core/logging.dart:49:13)
│ #1   CanvasRepository.add (package:filler/domain/repositories.dart:78:15)
│ #2   main.<anonymous closure>.<anonymous closure> (file:///Users/mr42/code/flutter/tmp/filler/test/integration/app_flow_test.dart:165:22)
│ #3   Declarer.test.<anonymous closure>.<anonymous closure> (package:test_api/src/backend/declarer.dart:242:19)
│ #4   <asynchronous suspension>
│ #5   Declarer.test.<anonymous closure> (package:test_api/src/backend/declarer.dart:240:7)
│ #6   <asynchronous suspension>
│ #7   Invoker._waitForOutstandingCallbacks.<anonymous closure> (package:test_api/src/backend/invoker.dart:282:9)
├┄┄┄┄┄┄┄┄┄┄┄┄┄┄┄┄┄┄┄┄┄┄┄┄┄┄┄┄┄┄┄┄┄┄┄┄┄┄┄┄┄┄┄┄┄┄┄┄┄┄┄┄┄┄┄┄┄┄┄┄┄┄┄┄┄┄┄┄┄┄┄┄┄┄┄┄┄┄┄┄┄┄┄┄┄┄┄┄┄┄┄┄┄┄┄┄┄┄┄┄┄┄┄┄┄┄┄┄┄┄┄┄┄┄┄┄┄┄┄
│ 07:38:48.117 (+0:00:00.374801)
├┄┄┄┄┄┄┄┄┄┄┄┄┄┄┄┄┄┄┄┄┄┄┄┄┄┄┄┄┄┄┄┄┄┄┄┄┄┄┄┄┄┄┄┄┄┄┄┄┄┄┄┄┄┄┄┄┄┄┄┄┄┄┄┄┄┄┄┄┄┄┄┄┄┄┄┄┄┄┄┄┄┄┄┄┄┄┄┄┄┄┄┄┄┄┄┄┄┄┄┄┄┄┄┄┄┄┄┄┄┄┄┄┄┄┄┄┄┄┄
│ 🐛 💾 Database: Creating new canvas
└───────────────────────────────────────────────────────────────────────────────────────────────────────────────────────
┌───────────────────────────────────────────────────────────────────────────────────────────────────────────────────────
│ {title: Concurrent Canvas 0, dimensions: 2x2}
├┄┄┄┄┄┄┄┄┄┄┄┄┄┄┄┄┄┄┄┄┄┄┄┄┄┄┄┄┄┄┄┄┄┄┄┄┄┄┄┄┄┄┄┄┄┄┄┄┄┄┄┄┄┄┄┄┄┄┄┄┄┄┄┄┄┄┄┄┄┄┄┄┄┄┄┄┄┄┄┄┄┄┄┄┄┄┄┄┄┄┄┄┄┄┄┄┄┄┄┄┄┄┄┄┄┄┄┄┄┄┄┄┄┄┄┄┄┄┄
│ #0   AppLogger.database (package:filler/core/logging.dart:49:13)
│ #1   AppDatabase.insertCanvas (package:filler/data/database.dart:225:15)
│ #2   CanvasRepository.add (package:filler/domain/repositories.dart:90:34)
│ #3   main.<anonymous closure>.<anonymous closure> (file:///Users/mr42/code/flutter/tmp/filler/test/integration/app_flow_test.dart:165:22)
│ #4   Declarer.test.<anonymous closure>.<anonymous closure> (package:test_api/src/backend/declarer.dart:242:19)
│ #5   <asynchronous suspension>
│ #6   Declarer.test.<anonymous closure> (package:test_api/src/backend/declarer.dart:240:7)
│ #7   <asynchronous suspension>
├┄┄┄┄┄┄┄┄┄┄┄┄┄┄┄┄┄┄┄┄┄┄┄┄┄┄┄┄┄┄┄┄┄┄┄┄┄┄┄┄┄┄┄┄┄┄┄┄┄┄┄┄┄┄┄┄┄┄┄┄┄┄┄┄┄┄┄┄┄┄┄┄┄┄┄┄┄┄┄┄┄┄┄┄┄┄┄┄┄┄┄┄┄┄┄┄┄┄┄┄┄┄┄┄┄┄┄┄┄┄┄┄┄┄┄┄┄┄┄
│ 07:38:48.119 (+0:00:00.376306)
├┄┄┄┄┄┄┄┄┄┄┄┄┄┄┄┄┄┄┄┄┄┄┄┄┄┄┄┄┄┄┄┄┄┄┄┄┄┄┄┄┄┄┄┄┄┄┄┄┄┄┄┄┄┄┄┄┄┄┄┄┄┄┄┄┄┄┄┄┄┄┄┄┄┄┄┄┄┄┄┄┄┄┄┄┄┄┄┄┄┄┄┄┄┄┄┄┄┄┄┄┄┄┄┄┄┄┄┄┄┄┄┄┄┄┄┄┄┄┄
│ 🐛 💾 Database: Inserting canvas
└───────────────────────────────────────────────────────────────────────────────────────────────────────────────────────
┌───────────────────────────────────────────────────────────────────────────────────────────────────────────────────────
│ #0   AppLogger.database (package:filler/core/logging.dart:49:13)
│ #1   createTestDatabaseConnection.<anonymous closure> (package:filler/data/database_connection.dart:22:15)
├┄┄┄┄┄┄┄┄┄┄┄┄┄┄┄┄┄┄┄┄┄┄┄┄┄┄┄┄┄┄┄┄┄┄┄┄┄┄┄┄┄┄┄┄┄┄┄┄┄┄┄┄┄┄┄┄┄┄┄┄┄┄┄┄┄┄┄┄┄┄┄┄┄┄┄┄┄┄┄┄┄┄┄┄┄┄┄┄┄┄┄┄┄┄┄┄┄┄┄┄┄┄┄┄┄┄┄┄┄┄┄┄┄┄┄┄┄┄┄
│ 07:38:48.120 (+0:00:00.377769)
├┄┄┄┄┄┄┄┄┄┄┄┄┄┄┄┄┄┄┄┄┄┄┄┄┄┄┄┄┄┄┄┄┄┄┄┄┄┄┄┄┄┄┄┄┄┄┄┄┄┄┄┄┄┄┄┄┄┄┄┄┄┄┄┄┄┄┄┄┄┄┄┄┄┄┄┄┄┄┄┄┄┄┄┄┄┄┄┄┄┄┄┄┄┄┄┄┄┄┄┄┄┄┄┄┄┄┄┄┄┄┄┄┄┄┄┄┄┄┄
│ 🐛 💾 Database: Test AppDatabase instance created (in-memory)
└───────────────────────────────────────────────────────────────────────────────────────────────────────────────────────
┌───────────────────────────────────────────────────────────────────────────────────────────────────────────────────────
│ {title: Concurrent Canvas 1, dimensions: 2x2, insets: 0, dataSize: 117 chars}
├┄┄┄┄┄┄┄┄┄┄┄┄┄┄┄┄┄┄┄┄┄┄┄┄┄┄┄┄┄┄┄┄┄┄┄┄┄┄┄┄┄┄┄┄┄┄┄┄┄┄┄┄┄┄┄┄┄┄┄┄┄┄┄┄┄┄┄┄┄┄┄┄┄┄┄┄┄┄┄┄┄┄┄┄┄┄┄┄┄┄┄┄┄┄┄┄┄┄┄┄┄┄┄┄┄┄┄┄┄┄┄┄┄┄┄┄┄┄┄
│ #0   AppLogger.database (package:filler/core/logging.dart:49:13)
│ #1   CanvasRepository.add (package:filler/domain/repositories.dart:78:15)
│ #2   main.<anonymous closure>.<anonymous closure> (file:///Users/mr42/code/flutter/tmp/filler/test/integration/app_flow_test.dart:165:22)
│ #3   Declarer.test.<anonymous closure>.<anonymous closure> (package:test_api/src/backend/declarer.dart:242:19)
│ #4   <asynchronous suspension>
│ #5   Declarer.test.<anonymous closure> (package:test_api/src/backend/declarer.dart:240:7)
│ #6   <asynchronous suspension>
│ #7   Invoker._waitForOutstandingCallbacks.<anonymous closure> (package:test_api/src/backend/invoker.dart:282:9)
├┄┄┄┄┄┄┄┄┄┄┄┄┄┄┄┄┄┄┄┄┄┄┄┄┄┄┄┄┄┄┄┄┄┄┄┄┄┄┄┄┄┄┄┄┄┄┄┄┄┄┄┄┄┄┄┄┄┄┄┄┄┄┄┄┄┄┄┄┄┄┄┄┄┄┄┄┄┄┄┄┄┄┄┄┄┄┄┄┄┄┄┄┄┄┄┄┄┄┄┄┄┄┄┄┄┄┄┄┄┄┄┄┄┄┄┄┄┄┄
│ 07:38:48.121 (+0:00:00.378821)
├┄┄┄┄┄┄┄┄┄┄┄┄┄┄┄┄┄┄┄┄┄┄┄┄┄┄┄┄┄┄┄┄┄┄┄┄┄┄┄┄┄┄┄┄┄┄┄┄┄┄┄┄┄┄┄┄┄┄┄┄┄┄┄┄┄┄┄┄┄┄┄┄┄┄┄┄┄┄┄┄┄┄┄┄┄┄┄┄┄┄┄┄┄┄┄┄┄┄┄┄┄┄┄┄┄┄┄┄┄┄┄┄┄┄┄┄┄┄┄
│ 🐛 💾 Database: Creating new canvas
└───────────────────────────────────────────────────────────────────────────────────────────────────────────────────────
┌───────────────────────────────────────────────────────────────────────────────────────────────────────────────────────
│ {title: Concurrent Canvas 1, dimensions: 2x2}
├┄┄┄┄┄┄┄┄┄┄┄┄┄┄┄┄┄┄┄┄┄┄┄┄┄┄┄┄┄┄┄┄┄┄┄┄┄┄┄┄┄┄┄┄┄┄┄┄┄┄┄┄┄┄┄┄┄┄┄┄┄┄┄┄┄┄┄┄┄┄┄┄┄┄┄┄┄┄┄┄┄┄┄┄┄┄┄┄┄┄┄┄┄┄┄┄┄┄┄┄┄┄┄┄┄┄┄┄┄┄┄┄┄┄┄┄┄┄┄
│ #0   AppLogger.database (package:filler/core/logging.dart:49:13)
│ #1   AppDatabase.insertCanvas (package:filler/data/database.dart:225:15)
│ #2   CanvasRepository.add (package:filler/domain/repositories.dart:90:34)
│ #3   main.<anonymous closure>.<anonymous closure> (file:///Users/mr42/code/flutter/tmp/filler/test/integration/app_flow_test.dart:165:22)
│ #4   Declarer.test.<anonymous closure>.<anonymous closure> (package:test_api/src/backend/declarer.dart:242:19)
│ #5   <asynchronous suspension>
│ #6   Declarer.test.<anonymous closure> (package:test_api/src/backend/declarer.dart:240:7)
│ #7   <asynchronous suspension>
├┄┄┄┄┄┄┄┄┄┄┄┄┄┄┄┄┄┄┄┄┄┄┄┄┄┄┄┄┄┄┄┄┄┄┄┄┄┄┄┄┄┄┄┄┄┄┄┄┄┄┄┄┄┄┄┄┄┄┄┄┄┄┄┄┄┄┄┄┄┄┄┄┄┄┄┄┄┄┄┄┄┄┄┄┄┄┄┄┄┄┄┄┄┄┄┄┄┄┄┄┄┄┄┄┄┄┄┄┄┄┄┄┄┄┄┄┄┄┄
│ 07:38:48.123 (+0:00:00.380379)
├┄┄┄┄┄┄┄┄┄┄┄┄┄┄┄┄┄┄┄┄┄┄┄┄┄┄┄┄┄┄┄┄┄┄┄┄┄┄┄┄┄┄┄┄┄┄┄┄┄┄┄┄┄┄┄┄┄┄┄┄┄┄┄┄┄┄┄┄┄┄┄┄┄┄┄┄┄┄┄┄┄┄┄┄┄┄┄┄┄┄┄┄┄┄┄┄┄┄┄┄┄┄┄┄┄┄┄┄┄┄┄┄┄┄┄┄┄┄┄
│ 🐛 💾 Database: Inserting canvas
└───────────────────────────────────────────────────────────────────────────────────────────────────────────────────────
┌───────────────────────────────────────────────────────────────────────────────────────────────────────────────────────
│ {title: Concurrent Canvas 2, dimensions: 2x2, insets: 0, dataSize: 117 chars}
├┄┄┄┄┄┄┄┄┄┄┄┄┄┄┄┄┄┄┄┄┄┄┄┄┄┄┄┄┄┄┄┄┄┄┄┄┄┄┄┄┄┄┄┄┄┄┄┄┄┄┄┄┄┄┄┄┄┄┄┄┄┄┄┄┄┄┄┄┄┄┄┄┄┄┄┄┄┄┄┄┄┄┄┄┄┄┄┄┄┄┄┄┄┄┄┄┄┄┄┄┄┄┄┄┄┄┄┄┄┄┄┄┄┄┄┄┄┄┄
│ #0   AppLogger.database (package:filler/core/logging.dart:49:13)
│ #1   CanvasRepository.add (package:filler/domain/repositories.dart:78:15)
│ #2   main.<anonymous closure>.<anonymous closure> (file:///Users/mr42/code/flutter/tmp/filler/test/integration/app_flow_test.dart:165:22)
│ #3   Declarer.test.<anonymous closure>.<anonymous closure> (package:test_api/src/backend/declarer.dart:242:19)
│ #4   <asynchronous suspension>
│ #5   Declarer.test.<anonymous closure> (package:test_api/src/backend/declarer.dart:240:7)
│ #6   <asynchronous suspension>
│ #7   Invoker._waitForOutstandingCallbacks.<anonymous closure> (package:test_api/src/backend/invoker.dart:282:9)
├┄┄┄┄┄┄┄┄┄┄┄┄┄┄┄┄┄┄┄┄┄┄┄┄┄┄┄┄┄┄┄┄┄┄┄┄┄┄┄┄┄┄┄┄┄┄┄┄┄┄┄┄┄┄┄┄┄┄┄┄┄┄┄┄┄┄┄┄┄┄┄┄┄┄┄┄┄┄┄┄┄┄┄┄┄┄┄┄┄┄┄┄┄┄┄┄┄┄┄┄┄┄┄┄┄┄┄┄┄┄┄┄┄┄┄┄┄┄┄
│ 07:38:48.125 (+0:00:00.382286)
├┄┄┄┄┄┄┄┄┄┄┄┄┄┄┄┄┄┄┄┄┄┄┄┄┄┄┄┄┄┄┄┄┄┄┄┄┄┄┄┄┄┄┄┄┄┄┄┄┄┄┄┄┄┄┄┄┄┄┄┄┄┄┄┄┄┄┄┄┄┄┄┄┄┄┄┄┄┄┄┄┄┄┄┄┄┄┄┄┄┄┄┄┄┄┄┄┄┄┄┄┄┄┄┄┄┄┄┄┄┄┄┄┄┄┄┄┄┄┄
│ 🐛 💾 Database: Creating new canvas
└───────────────────────────────────────────────────────────────────────────────────────────────────────────────────────
┌───────────────────────────────────────────────────────────────────────────────────────────────────────────────────────
│ {title: Concurrent Canvas 2, dimensions: 2x2}
├┄┄┄┄┄┄┄┄┄┄┄┄┄┄┄┄┄┄┄┄┄┄┄┄┄┄┄┄┄┄┄┄┄┄┄┄┄┄┄┄┄┄┄┄┄┄┄┄┄┄┄┄┄┄┄┄┄┄┄┄┄┄┄┄┄┄┄┄┄┄┄┄┄┄┄┄┄┄┄┄┄┄┄┄┄┄┄┄┄┄┄┄┄┄┄┄┄┄┄┄┄┄┄┄┄┄┄┄┄┄┄┄┄┄┄┄┄┄┄
│ #0   AppLogger.database (package:filler/core/logging.dart:49:13)
│ #1   AppDatabase.insertCanvas (package:filler/data/database.dart:225:15)
│ #2   CanvasRepository.add (package:filler/domain/repositories.dart:90:34)
│ #3   main.<anonymous closure>.<anonymous closure> (file:///Users/mr42/code/flutter/tmp/filler/test/integration/app_flow_test.dart:165:22)
│ #4   Declarer.test.<anonymous closure>.<anonymous closure> (package:test_api/src/backend/declarer.dart:242:19)
│ #5   <asynchronous suspension>
│ #6   Declarer.test.<anonymous closure> (package:test_api/src/backend/declarer.dart:240:7)
│ #7   <asynchronous suspension>
├┄┄┄┄┄┄┄┄┄┄┄┄┄┄┄┄┄┄┄┄┄┄┄┄┄┄┄┄┄┄┄┄┄┄┄┄┄┄┄┄┄┄┄┄┄┄┄┄┄┄┄┄┄┄┄┄┄┄┄┄┄┄┄┄┄┄┄┄┄┄┄┄┄┄┄┄┄┄┄┄┄┄┄┄┄┄┄┄┄┄┄┄┄┄┄┄┄┄┄┄┄┄┄┄┄┄┄┄┄┄┄┄┄┄┄┄┄┄┄
│ 07:38:48.126 (+0:00:00.383696)
├┄┄┄┄┄┄┄┄┄┄┄┄┄┄┄┄┄┄┄┄┄┄┄┄┄┄┄┄┄┄┄┄┄┄┄┄┄┄┄┄┄┄┄┄┄┄┄┄┄┄┄┄┄┄┄┄┄┄┄┄┄┄┄┄┄┄┄┄┄┄┄┄┄┄┄┄┄┄┄┄┄┄┄┄┄┄┄┄┄┄┄┄┄┄┄┄┄┄┄┄┄┄┄┄┄┄┄┄┄┄┄┄┄┄┄┄┄┄┄
│ 🐛 💾 Database: Inserting canvas
└───────────────────────────────────────────────────────────────────────────────────────────────────────────────────────
┌───────────────────────────────────────────────────────────────────────────────────────────────────────────────────────
│ {title: Concurrent Canvas 3, dimensions: 2x2, insets: 0, dataSize: 117 chars}
├┄┄┄┄┄┄┄┄┄┄┄┄┄┄┄┄┄┄┄┄┄┄┄┄┄┄┄┄┄┄┄┄┄┄┄┄┄┄┄┄┄┄┄┄┄┄┄┄┄┄┄┄┄┄┄┄┄┄┄┄┄┄┄┄┄┄┄┄┄┄┄┄┄┄┄┄┄┄┄┄┄┄┄┄┄┄┄┄┄┄┄┄┄┄┄┄┄┄┄┄┄┄┄┄┄┄┄┄┄┄┄┄┄┄┄┄┄┄┄
│ #0   AppLogger.database (package:filler/core/logging.dart:49:13)
│ #1   CanvasRepository.add (package:filler/domain/repositories.dart:78:15)
│ #2   main.<anonymous closure>.<anonymous closure> (file:///Users/mr42/code/flutter/tmp/filler/test/integration/app_flow_test.dart:165:22)
│ #3   Declarer.test.<anonymous closure>.<anonymous closure> (package:test_api/src/backend/declarer.dart:242:19)
│ #4   <asynchronous suspension>
│ #5   Declarer.test.<anonymous closure> (package:test_api/src/backend/declarer.dart:240:7)
│ #6   <asynchronous suspension>
│ #7   Invoker._waitForOutstandingCallbacks.<anonymous closure> (package:test_api/src/backend/invoker.dart:282:9)
├┄┄┄┄┄┄┄┄┄┄┄┄┄┄┄┄┄┄┄┄┄┄┄┄┄┄┄┄┄┄┄┄┄┄┄┄┄┄┄┄┄┄┄┄┄┄┄┄┄┄┄┄┄┄┄┄┄┄┄┄┄┄┄┄┄┄┄┄┄┄┄┄┄┄┄┄┄┄┄┄┄┄┄┄┄┄┄┄┄┄┄┄┄┄┄┄┄┄┄┄┄┄┄┄┄┄┄┄┄┄┄┄┄┄┄┄┄┄┄
│ 07:38:48.128 (+0:00:00.385044)
├┄┄┄┄┄┄┄┄┄┄┄┄┄┄┄┄┄┄┄┄┄┄┄┄┄┄┄┄┄┄┄┄┄┄┄┄┄┄┄┄┄┄┄┄┄┄┄┄┄┄┄┄┄┄┄┄┄┄┄┄┄┄┄┄┄┄┄┄┄┄┄┄┄┄┄┄┄┄┄┄┄┄┄┄┄┄┄┄┄┄┄┄┄┄┄┄┄┄┄┄┄┄┄┄┄┄┄┄┄┄┄┄┄┄┄┄┄┄┄
│ 🐛 💾 Database: Creating new canvas
└───────────────────────────────────────────────────────────────────────────────────────────────────────────────────────
┌───────────────────────────────────────────────────────────────────────────────────────────────────────────────────────
│ {title: Concurrent Canvas 3, dimensions: 2x2}
├┄┄┄┄┄┄┄┄┄┄┄┄┄┄┄┄┄┄┄┄┄┄┄┄┄┄┄┄┄┄┄┄┄┄┄┄┄┄┄┄┄┄┄┄┄┄┄┄┄┄┄┄┄┄┄┄┄┄┄┄┄┄┄┄┄┄┄┄┄┄┄┄┄┄┄┄┄┄┄┄┄┄┄┄┄┄┄┄┄┄┄┄┄┄┄┄┄┄┄┄┄┄┄┄┄┄┄┄┄┄┄┄┄┄┄┄┄┄┄
│ #0   AppLogger.database (package:filler/core/logging.dart:49:13)
│ #1   AppDatabase.insertCanvas (package:filler/data/database.dart:225:15)
│ #2   CanvasRepository.add (package:filler/domain/repositories.dart:90:34)
│ #3   main.<anonymous closure>.<anonymous closure> (file:///Users/mr42/code/flutter/tmp/filler/test/integration/app_flow_test.dart:165:22)
│ #4   Declarer.test.<anonymous closure>.<anonymous closure> (package:test_api/src/backend/declarer.dart:242:19)
│ #5   <asynchronous suspension>
│ #6   Declarer.test.<anonymous closure> (package:test_api/src/backend/declarer.dart:240:7)
│ #7   <asynchronous suspension>
├┄┄┄┄┄┄┄┄┄┄┄┄┄┄┄┄┄┄┄┄┄┄┄┄┄┄┄┄┄┄┄┄┄┄┄┄┄┄┄┄┄┄┄┄┄┄┄┄┄┄┄┄┄┄┄┄┄┄┄┄┄┄┄┄┄┄┄┄┄┄┄┄┄┄┄┄┄┄┄┄┄┄┄┄┄┄┄┄┄┄┄┄┄┄┄┄┄┄┄┄┄┄┄┄┄┄┄┄┄┄┄┄┄┄┄┄┄┄┄
│ 07:38:48.129 (+0:00:00.386473)
├┄┄┄┄┄┄┄┄┄┄┄┄┄┄┄┄┄┄┄┄┄┄┄┄┄┄┄┄┄┄┄┄┄┄┄┄┄┄┄┄┄┄┄┄┄┄┄┄┄┄┄┄┄┄┄┄┄┄┄┄┄┄┄┄┄┄┄┄┄┄┄┄┄┄┄┄┄┄┄┄┄┄┄┄┄┄┄┄┄┄┄┄┄┄┄┄┄┄┄┄┄┄┄┄┄┄┄┄┄┄┄┄┄┄┄┄┄┄┄
│ 🐛 💾 Database: Inserting canvas
└───────────────────────────────────────────────────────────────────────────────────────────────────────────────────────
┌───────────────────────────────────────────────────────────────────────────────────────────────────────────────────────
│ {title: Concurrent Canvas 4, dimensions: 2x2, insets: 0, dataSize: 117 chars}
├┄┄┄┄┄┄┄┄┄┄┄┄┄┄┄┄┄┄┄┄┄┄┄┄┄┄┄┄┄┄┄┄┄┄┄┄┄┄┄┄┄┄┄┄┄┄┄┄┄┄┄┄┄┄┄┄┄┄┄┄┄┄┄┄┄┄┄┄┄┄┄┄┄┄┄┄┄┄┄┄┄┄┄┄┄┄┄┄┄┄┄┄┄┄┄┄┄┄┄┄┄┄┄┄┄┄┄┄┄┄┄┄┄┄┄┄┄┄┄
│ #0   AppLogger.database (package:filler/core/logging.dart:49:13)
│ #1   CanvasRepository.add (package:filler/domain/repositories.dart:78:15)
│ #2   main.<anonymous closure>.<anonymous closure> (file:///Users/mr42/code/flutter/tmp/filler/test/integration/app_flow_test.dart:165:22)
│ #3   Declarer.test.<anonymous closure>.<anonymous closure> (package:test_api/src/backend/declarer.dart:242:19)
│ #4   <asynchronous suspension>
│ #5   Declarer.test.<anonymous closure> (package:test_api/src/backend/declarer.dart:240:7)
│ #6   <asynchronous suspension>
│ #7   Invoker._waitForOutstandingCallbacks.<anonymous closure> (package:test_api/src/backend/invoker.dart:282:9)
├┄┄┄┄┄┄┄┄┄┄┄┄┄┄┄┄┄┄┄┄┄┄┄┄┄┄┄┄┄┄┄┄┄┄┄┄┄┄┄┄┄┄┄┄┄┄┄┄┄┄┄┄┄┄┄┄┄┄┄┄┄┄┄┄┄┄┄┄┄┄┄┄┄┄┄┄┄┄┄┄┄┄┄┄┄┄┄┄┄┄┄┄┄┄┄┄┄┄┄┄┄┄┄┄┄┄┄┄┄┄┄┄┄┄┄┄┄┄┄
│ 07:38:48.131 (+0:00:00.387982)
├┄┄┄┄┄┄┄┄┄┄┄┄┄┄┄┄┄┄┄┄┄┄┄┄┄┄┄┄┄┄┄┄┄┄┄┄┄┄┄┄┄┄┄┄┄┄┄┄┄┄┄┄┄┄┄┄┄┄┄┄┄┄┄┄┄┄┄┄┄┄┄┄┄┄┄┄┄┄┄┄┄┄┄┄┄┄┄┄┄┄┄┄┄┄┄┄┄┄┄┄┄┄┄┄┄┄┄┄┄┄┄┄┄┄┄┄┄┄┄
│ 🐛 💾 Database: Creating new canvas
└───────────────────────────────────────────────────────────────────────────────────────────────────────────────────────
┌───────────────────────────────────────────────────────────────────────────────────────────────────────────────────────
│ {title: Concurrent Canvas 4, dimensions: 2x2}
├┄┄┄┄┄┄┄┄┄┄┄┄┄┄┄┄┄┄┄┄┄┄┄┄┄┄┄┄┄┄┄┄┄┄┄┄┄┄┄┄┄┄┄┄┄┄┄┄┄┄┄┄┄┄┄┄┄┄┄┄┄┄┄┄┄┄┄┄┄┄┄┄┄┄┄┄┄┄┄┄┄┄┄┄┄┄┄┄┄┄┄┄┄┄┄┄┄┄┄┄┄┄┄┄┄┄┄┄┄┄┄┄┄┄┄┄┄┄┄
│ #0   AppLogger.database (package:filler/core/logging.dart:49:13)
│ #1   AppDatabase.insertCanvas (package:filler/data/database.dart:225:15)
│ #2   CanvasRepository.add (package:filler/domain/repositories.dart:90:34)
│ #3   main.<anonymous closure>.<anonymous closure> (file:///Users/mr42/code/flutter/tmp/filler/test/integration/app_flow_test.dart:165:22)
│ #4   Declarer.test.<anonymous closure>.<anonymous closure> (package:test_api/src/backend/declarer.dart:242:19)
│ #5   <asynchronous suspension>
│ #6   Declarer.test.<anonymous closure> (package:test_api/src/backend/declarer.dart:240:7)
│ #7   <asynchronous suspension>
├┄┄┄┄┄┄┄┄┄┄┄┄┄┄┄┄┄┄┄┄┄┄┄┄┄┄┄┄┄┄┄┄┄┄┄┄┄┄┄┄┄┄┄┄┄┄┄┄┄┄┄┄┄┄┄┄┄┄┄┄┄┄┄┄┄┄┄┄┄┄┄┄┄┄┄┄┄┄┄┄┄┄┄┄┄┄┄┄┄┄┄┄┄┄┄┄┄┄┄┄┄┄┄┄┄┄┄┄┄┄┄┄┄┄┄┄┄┄┄
│ 07:38:48.132 (+0:00:00.389363)
├┄┄┄┄┄┄┄┄┄┄┄┄┄┄┄┄┄┄┄┄┄┄┄┄┄┄┄┄┄┄┄┄┄┄┄┄┄┄┄┄┄┄┄┄┄┄┄┄┄┄┄┄┄┄┄┄┄┄┄┄┄┄┄┄┄┄┄┄┄┄┄┄┄┄┄┄┄┄┄┄┄┄┄┄┄┄┄┄┄┄┄┄┄┄┄┄┄┄┄┄┄┄┄┄┄┄┄┄┄┄┄┄┄┄┄┄┄┄┄
│ 🐛 💾 Database: Inserting canvas
└───────────────────────────────────────────────────────────────────────────────────────────────────────────────────────
┌───────────────────────────────────────────────────────────────────────────────────────────────────────────────────────
│ {version: 4, wasCreated: true, hadUpgrade: false}
├┄┄┄┄┄┄┄┄┄┄┄┄┄┄┄┄┄┄┄┄┄┄┄┄┄┄┄┄┄┄┄┄┄┄┄┄┄┄┄┄┄┄┄┄┄┄┄┄┄┄┄┄┄┄┄┄┄┄┄┄┄┄┄┄┄┄┄┄┄┄┄┄┄┄┄┄┄┄┄┄┄┄┄┄┄┄┄┄┄┄┄┄┄┄┄┄┄┄┄┄┄┄┄┄┄┄┄┄┄┄┄┄┄┄┄┄┄┄┄
│ #0   AppLogger.database (package:filler/core/logging.dart:49:13)
│ #1   AppDatabase.migration.<anonymous closure> (package:filler/data/database.dart:211:17)
│ #2   GeneratedDatabase.beforeOpen.<anonymous closure> (package:drift/src/runtime/api/db_base.dart:137:44)
│ #3   <asynchronous suspension>
│ #4   DelegatedDatabase._runMigrations (package:drift/src/runtime/executor/helpers/engines.dart:512:5)
│ #5   <asynchronous suspension>
│ #6   DelegatedDatabase.ensureOpen.<anonymous closure> (package:drift/src/runtime/executor/helpers/engines.dart:476:9)
│ #7   <asynchronous suspension>
├┄┄┄┄┄┄┄┄┄┄┄┄┄┄┄┄┄┄┄┄┄┄┄┄┄┄┄┄┄┄┄┄┄┄┄┄┄┄┄┄┄┄┄┄┄┄┄┄┄┄┄┄┄┄┄┄┄┄┄┄┄┄┄┄┄┄┄┄┄┄┄┄┄┄┄┄┄┄┄┄┄┄┄┄┄┄┄┄┄┄┄┄┄┄┄┄┄┄┄┄┄┄┄┄┄┄┄┄┄┄┄┄┄┄┄┄┄┄┄
│ 07:38:48.134 (+0:00:00.391584)
├┄┄┄┄┄┄┄┄┄┄┄┄┄┄┄┄┄┄┄┄┄┄┄┄┄┄┄┄┄┄┄┄┄┄┄┄┄┄┄┄┄┄┄┄┄┄┄┄┄┄┄┄┄┄┄┄┄┄┄┄┄┄┄┄┄┄┄┄┄┄┄┄┄┄┄┄┄┄┄┄┄┄┄┄┄┄┄┄┄┄┄┄┄┄┄┄┄┄┄┄┄┄┄┄┄┄┄┄┄┄┄┄┄┄┄┄┄┄┄
│ 🐛 💾 Database: Database opened
└───────────────────────────────────────────────────────────────────────────────────────────────────────────────────────
┌───────────────────────────────────────────────────────────────────────────────────────────────────────────────────────
│ {id: 1}
├┄┄┄┄┄┄┄┄┄┄┄┄┄┄┄┄┄┄┄┄┄┄┄┄┄┄┄┄┄┄┄┄┄┄┄┄┄┄┄┄┄┄┄┄┄┄┄┄┄┄┄┄┄┄┄┄┄┄┄┄┄┄┄┄┄┄┄┄┄┄┄┄┄┄┄┄┄┄┄┄┄┄┄┄┄┄┄┄┄┄┄┄┄┄┄┄┄┄┄┄┄┄┄┄┄┄┄┄┄┄┄┄┄┄┄┄┄┄┄
│ #0   AppLogger.database (package:filler/core/logging.dart:49:13)
│ #1   AppDatabase.insertCanvas (package:filler/data/database.dart:234:17)
│ #2   <asynchronous suspension>
│ #3   CanvasRepository.add (package:filler/domain/repositories.dart:90:24)
│ #4   <asynchronous suspension>
│ #5   Future.wait.<anonymous closure> (dart:async/future.dart:525:21)
│ #6   <asynchronous suspension>
│ #7   main.<anonymous closure>.<anonymous closure> (file:///Users/mr42/code/flutter/tmp/filler/test/integration/app_flow_test.dart:179:19)
├┄┄┄┄┄┄┄┄┄┄┄┄┄┄┄┄┄┄┄┄┄┄┄┄┄┄┄┄┄┄┄┄┄┄┄┄┄┄┄┄┄┄┄┄┄┄┄┄┄┄┄┄┄┄┄┄┄┄┄┄┄┄┄┄┄┄┄┄┄┄┄┄┄┄┄┄┄┄┄┄┄┄┄┄┄┄┄┄┄┄┄┄┄┄┄┄┄┄┄┄┄┄┄┄┄┄┄┄┄┄┄┄┄┄┄┄┄┄┄
│ 07:38:48.136 (+0:00:00.393045)
├┄┄┄┄┄┄┄┄┄┄┄┄┄┄┄┄┄┄┄┄┄┄┄┄┄┄┄┄┄┄┄┄┄┄┄┄┄┄┄┄┄┄┄┄┄┄┄┄┄┄┄┄┄┄┄┄┄┄┄┄┄┄┄┄┄┄┄┄┄┄┄┄┄┄┄┄┄┄┄┄┄┄┄┄┄┄┄┄┄┄┄┄┄┄┄┄┄┄┄┄┄┄┄┄┄┄┄┄┄┄┄┄┄┄┄┄┄┄┄
│ 🐛 💾 Database: Canvas inserted with ID
└───────────────────────────────────────────────────────────────────────────────────────────────────────────────────────
┌───────────────────────────────────────────────────────────────────────────────────────────────────────────────────────
│ {id: 1, title: Concurrent Canvas 0, insertTime: 17ms}
├┄┄┄┄┄┄┄┄┄┄┄┄┄┄┄┄┄┄┄┄┄┄┄┄┄┄┄┄┄┄┄┄┄┄┄┄┄┄┄┄┄┄┄┄┄┄┄┄┄┄┄┄┄┄┄┄┄┄┄┄┄┄┄┄┄┄┄┄┄┄┄┄┄┄┄┄┄┄┄┄┄┄┄┄┄┄┄┄┄┄┄┄┄┄┄┄┄┄┄┄┄┄┄┄┄┄┄┄┄┄┄┄┄┄┄┄┄┄┄
│ #0   AppLogger.database (package:filler/core/logging.dart:49:13)
│ #1   CanvasRepository.add (package:filler/domain/repositories.dart:103:17)
│ #2   <asynchronous suspension>
│ #3   Future.wait.<anonymous closure> (dart:async/future.dart:525:21)
│ #4   <asynchronous suspension>
│ #5   main.<anonymous closure>.<anonymous closure> (file:///Users/mr42/code/flutter/tmp/filler/test/integration/app_flow_test.dart:179:19)
│ #6   <asynchronous suspension>
│ #7   Declarer.test.<anonymous closure>.<anonymous closure> (package:test_api/src/backend/declarer.dart:242:9)
├┄┄┄┄┄┄┄┄┄┄┄┄┄┄┄┄┄┄┄┄┄┄┄┄┄┄┄┄┄┄┄┄┄┄┄┄┄┄┄┄┄┄┄┄┄┄┄┄┄┄┄┄┄┄┄┄┄┄┄┄┄┄┄┄┄┄┄┄┄┄┄┄┄┄┄┄┄┄┄┄┄┄┄┄┄┄┄┄┄┄┄┄┄┄┄┄┄┄┄┄┄┄┄┄┄┄┄┄┄┄┄┄┄┄┄┄┄┄┄
│ 07:38:48.137 (+0:00:00.394227)
├┄┄┄┄┄┄┄┄┄┄┄┄┄┄┄┄┄┄┄┄┄┄┄┄┄┄┄┄┄┄┄┄┄┄┄┄┄┄┄┄┄┄┄┄┄┄┄┄┄┄┄┄┄┄┄┄┄┄┄┄┄┄┄┄┄┄┄┄┄┄┄┄┄┄┄┄┄┄┄┄┄┄┄┄┄┄┄┄┄┄┄┄┄┄┄┄┄┄┄┄┄┄┄┄┄┄┄┄┄┄┄┄┄┄┄┄┄┄┄
│ 🐛 💾 Database: Canvas created successfully
└───────────────────────────────────────────────────────────────────────────────────────────────────────────────────────
┌───────────────────────────────────────────────────────────────────────────────────────────────────────────────────────
│ {id: 2}
├┄┄┄┄┄┄┄┄┄┄┄┄┄┄┄┄┄┄┄┄┄┄┄┄┄┄┄┄┄┄┄┄┄┄┄┄┄┄┄┄┄┄┄┄┄┄┄┄┄┄┄┄┄┄┄┄┄┄┄┄┄┄┄┄┄┄┄┄┄┄┄┄┄┄┄┄┄┄┄┄┄┄┄┄┄┄┄┄┄┄┄┄┄┄┄┄┄┄┄┄┄┄┄┄┄┄┄┄┄┄┄┄┄┄┄┄┄┄┄
│ #0   AppLogger.database (package:filler/core/logging.dart:49:13)
│ #1   AppDatabase.insertCanvas (package:filler/data/database.dart:234:17)
│ #2   <asynchronous suspension>
│ #3   CanvasRepository.add (package:filler/domain/repositories.dart:90:24)
│ #4   <asynchronous suspension>
│ #5   Future.wait.<anonymous closure> (dart:async/future.dart:525:21)
│ #6   <asynchronous suspension>
│ #7   main.<anonymous closure>.<anonymous closure> (file:///Users/mr42/code/flutter/tmp/filler/test/integration/app_flow_test.dart:179:19)
├┄┄┄┄┄┄┄┄┄┄┄┄┄┄┄┄┄┄┄┄┄┄┄┄┄┄┄┄┄┄┄┄┄┄┄┄┄┄┄┄┄┄┄┄┄┄┄┄┄┄┄┄┄┄┄┄┄┄┄┄┄┄┄┄┄┄┄┄┄┄┄┄┄┄┄┄┄┄┄┄┄┄┄┄┄┄┄┄┄┄┄┄┄┄┄┄┄┄┄┄┄┄┄┄┄┄┄┄┄┄┄┄┄┄┄┄┄┄┄
│ 07:38:48.138 (+0:00:00.395517)
├┄┄┄┄┄┄┄┄┄┄┄┄┄┄┄┄┄┄┄┄┄┄┄┄┄┄┄┄┄┄┄┄┄┄┄┄┄┄┄┄┄┄┄┄┄┄┄┄┄┄┄┄┄┄┄┄┄┄┄┄┄┄┄┄┄┄┄┄┄┄┄┄┄┄┄┄┄┄┄┄┄┄┄┄┄┄┄┄┄┄┄┄┄┄┄┄┄┄┄┄┄┄┄┄┄┄┄┄┄┄┄┄┄┄┄┄┄┄┄
│ 🐛 💾 Database: Canvas inserted with ID
└───────────────────────────────────────────────────────────────────────────────────────────────────────────────────────
┌───────────────────────────────────────────────────────────────────────────────────────────────────────────────────────
│ {id: 2, title: Concurrent Canvas 1, insertTime: 16ms}
├┄┄┄┄┄┄┄┄┄┄┄┄┄┄┄┄┄┄┄┄┄┄┄┄┄┄┄┄┄┄┄┄┄┄┄┄┄┄┄┄┄┄┄┄┄┄┄┄┄┄┄┄┄┄┄┄┄┄┄┄┄┄┄┄┄┄┄┄┄┄┄┄┄┄┄┄┄┄┄┄┄┄┄┄┄┄┄┄┄┄┄┄┄┄┄┄┄┄┄┄┄┄┄┄┄┄┄┄┄┄┄┄┄┄┄┄┄┄┄
│ #0   AppLogger.database (package:filler/core/logging.dart:49:13)
│ #1   CanvasRepository.add (package:filler/domain/repositories.dart:103:17)
│ #2   <asynchronous suspension>
│ #3   Future.wait.<anonymous closure> (dart:async/future.dart:525:21)
│ #4   <asynchronous suspension>
│ #5   main.<anonymous closure>.<anonymous closure> (file:///Users/mr42/code/flutter/tmp/filler/test/integration/app_flow_test.dart:179:19)
│ #6   <asynchronous suspension>
│ #7   Declarer.test.<anonymous closure>.<anonymous closure> (package:test_api/src/backend/declarer.dart:242:9)
├┄┄┄┄┄┄┄┄┄┄┄┄┄┄┄┄┄┄┄┄┄┄┄┄┄┄┄┄┄┄┄┄┄┄┄┄┄┄┄┄┄┄┄┄┄┄┄┄┄┄┄┄┄┄┄┄┄┄┄┄┄┄┄┄┄┄┄┄┄┄┄┄┄┄┄┄┄┄┄┄┄┄┄┄┄┄┄┄┄┄┄┄┄┄┄┄┄┄┄┄┄┄┄┄┄┄┄┄┄┄┄┄┄┄┄┄┄┄┄
│ 07:38:48.139 (+0:00:00.396662)
├┄┄┄┄┄┄┄┄┄┄┄┄┄┄┄┄┄┄┄┄┄┄┄┄┄┄┄┄┄┄┄┄┄┄┄┄┄┄┄┄┄┄┄┄┄┄┄┄┄┄┄┄┄┄┄┄┄┄┄┄┄┄┄┄┄┄┄┄┄┄┄┄┄┄┄┄┄┄┄┄┄┄┄┄┄┄┄┄┄┄┄┄┄┄┄┄┄┄┄┄┄┄┄┄┄┄┄┄┄┄┄┄┄┄┄┄┄┄┄
│ 🐛 💾 Database: Canvas created successfully
└───────────────────────────────────────────────────────────────────────────────────────────────────────────────────────
┌───────────────────────────────────────────────────────────────────────────────────────────────────────────────────────
│ {id: 3}
├┄┄┄┄┄┄┄┄┄┄┄┄┄┄┄┄┄┄┄┄┄┄┄┄┄┄┄┄┄┄┄┄┄┄┄┄┄┄┄┄┄┄┄┄┄┄┄┄┄┄┄┄┄┄┄┄┄┄┄┄┄┄┄┄┄┄┄┄┄┄┄┄┄┄┄┄┄┄┄┄┄┄┄┄┄┄┄┄┄┄┄┄┄┄┄┄┄┄┄┄┄┄┄┄┄┄┄┄┄┄┄┄┄┄┄┄┄┄┄
│ #0   AppLogger.database (package:filler/core/logging.dart:49:13)
│ #1   AppDatabase.insertCanvas (package:filler/data/database.dart:234:17)
│ #2   <asynchronous suspension>
│ #3   CanvasRepository.add (package:filler/domain/repositories.dart:90:24)
│ #4   <asynchronous suspension>
│ #5   Future.wait.<anonymous closure> (dart:async/future.dart:525:21)
│ #6   <asynchronous suspension>
│ #7   main.<anonymous closure>.<anonymous closure> (file:///Users/mr42/code/flutter/tmp/filler/test/integration/app_flow_test.dart:179:19)
├┄┄┄┄┄┄┄┄┄┄┄┄┄┄┄┄┄┄┄┄┄┄┄┄┄┄┄┄┄┄┄┄┄┄┄┄┄┄┄┄┄┄┄┄┄┄┄┄┄┄┄┄┄┄┄┄┄┄┄┄┄┄┄┄┄┄┄┄┄┄┄┄┄┄┄┄┄┄┄┄┄┄┄┄┄┄┄┄┄┄┄┄┄┄┄┄┄┄┄┄┄┄┄┄┄┄┄┄┄┄┄┄┄┄┄┄┄┄┄
│ 07:38:48.140 (+0:00:00.397897)
├┄┄┄┄┄┄┄┄┄┄┄┄┄┄┄┄┄┄┄┄┄┄┄┄┄┄┄┄┄┄┄┄┄┄┄┄┄┄┄┄┄┄┄┄┄┄┄┄┄┄┄┄┄┄┄┄┄┄┄┄┄┄┄┄┄┄┄┄┄┄┄┄┄┄┄┄┄┄┄┄┄┄┄┄┄┄┄┄┄┄┄┄┄┄┄┄┄┄┄┄┄┄┄┄┄┄┄┄┄┄┄┄┄┄┄┄┄┄┄
│ 🐛 💾 Database: Canvas inserted with ID
└───────────────────────────────────────────────────────────────────────────────────────────────────────────────────────
┌───────────────────────────────────────────────────────────────────────────────────────────────────────────────────────
│ {id: 3, title: Concurrent Canvas 2, insertTime: 15ms}
├┄┄┄┄┄┄┄┄┄┄┄┄┄┄┄┄┄┄┄┄┄┄┄┄┄┄┄┄┄┄┄┄┄┄┄┄┄┄┄┄┄┄┄┄┄┄┄┄┄┄┄┄┄┄┄┄┄┄┄┄┄┄┄┄┄┄┄┄┄┄┄┄┄┄┄┄┄┄┄┄┄┄┄┄┄┄┄┄┄┄┄┄┄┄┄┄┄┄┄┄┄┄┄┄┄┄┄┄┄┄┄┄┄┄┄┄┄┄┄
│ #0   AppLogger.database (package:filler/core/logging.dart:49:13)
│ #1   CanvasRepository.add (package:filler/domain/repositories.dart:103:17)
│ #2   <asynchronous suspension>
│ #3   Future.wait.<anonymous closure> (dart:async/future.dart:525:21)
│ #4   <asynchronous suspension>
│ #5   main.<anonymous closure>.<anonymous closure> (file:///Users/mr42/code/flutter/tmp/filler/test/integration/app_flow_test.dart:179:19)
│ #6   <asynchronous suspension>
│ #7   Declarer.test.<anonymous closure>.<anonymous closure> (package:test_api/src/backend/declarer.dart:242:9)
├┄┄┄┄┄┄┄┄┄┄┄┄┄┄┄┄┄┄┄┄┄┄┄┄┄┄┄┄┄┄┄┄┄┄┄┄┄┄┄┄┄┄┄┄┄┄┄┄┄┄┄┄┄┄┄┄┄┄┄┄┄┄┄┄┄┄┄┄┄┄┄┄┄┄┄┄┄┄┄┄┄┄┄┄┄┄┄┄┄┄┄┄┄┄┄┄┄┄┄┄┄┄┄┄┄┄┄┄┄┄┄┄┄┄┄┄┄┄┄
│ 07:38:48.142 (+0:00:00.399156)
├┄┄┄┄┄┄┄┄┄┄┄┄┄┄┄┄┄┄┄┄┄┄┄┄┄┄┄┄┄┄┄┄┄┄┄┄┄┄┄┄┄┄┄┄┄┄┄┄┄┄┄┄┄┄┄┄┄┄┄┄┄┄┄┄┄┄┄┄┄┄┄┄┄┄┄┄┄┄┄┄┄┄┄┄┄┄┄┄┄┄┄┄┄┄┄┄┄┄┄┄┄┄┄┄┄┄┄┄┄┄┄┄┄┄┄┄┄┄┄
│ 🐛 💾 Database: Canvas created successfully
└───────────────────────────────────────────────────────────────────────────────────────────────────────────────────────
┌───────────────────────────────────────────────────────────────────────────────────────────────────────────────────────
│ {id: 4}
├┄┄┄┄┄┄┄┄┄┄┄┄┄┄┄┄┄┄┄┄┄┄┄┄┄┄┄┄┄┄┄┄┄┄┄┄┄┄┄┄┄┄┄┄┄┄┄┄┄┄┄┄┄┄┄┄┄┄┄┄┄┄┄┄┄┄┄┄┄┄┄┄┄┄┄┄┄┄┄┄┄┄┄┄┄┄┄┄┄┄┄┄┄┄┄┄┄┄┄┄┄┄┄┄┄┄┄┄┄┄┄┄┄┄┄┄┄┄┄
│ #0   AppLogger.database (package:filler/core/logging.dart:49:13)
│ #1   AppDatabase.insertCanvas (package:filler/data/database.dart:234:17)
│ #2   <asynchronous suspension>
│ #3   CanvasRepository.add (package:filler/domain/repositories.dart:90:24)
│ #4   <asynchronous suspension>
│ #5   Future.wait.<anonymous closure> (dart:async/future.dart:525:21)
│ #6   <asynchronous suspension>
│ #7   main.<anonymous closure>.<anonymous closure> (file:///Users/mr42/code/flutter/tmp/filler/test/integration/app_flow_test.dart:179:19)
├┄┄┄┄┄┄┄┄┄┄┄┄┄┄┄┄┄┄┄┄┄┄┄┄┄┄┄┄┄┄┄┄┄┄┄┄┄┄┄┄┄┄┄┄┄┄┄┄┄┄┄┄┄┄┄┄┄┄┄┄┄┄┄┄┄┄┄┄┄┄┄┄┄┄┄┄┄┄┄┄┄┄┄┄┄┄┄┄┄┄┄┄┄┄┄┄┄┄┄┄┄┄┄┄┄┄┄┄┄┄┄┄┄┄┄┄┄┄┄
│ 07:38:48.143 (+0:00:00.400555)
├┄┄┄┄┄┄┄┄┄┄┄┄┄┄┄┄┄┄┄┄┄┄┄┄┄┄┄┄┄┄┄┄┄┄┄┄┄┄┄┄┄┄┄┄┄┄┄┄┄┄┄┄┄┄┄┄┄┄┄┄┄┄┄┄┄┄┄┄┄┄┄┄┄┄┄┄┄┄┄┄┄┄┄┄┄┄┄┄┄┄┄┄┄┄┄┄┄┄┄┄┄┄┄┄┄┄┄┄┄┄┄┄┄┄┄┄┄┄┄
│ 🐛 💾 Database: Canvas inserted with ID
└───────────────────────────────────────────────────────────────────────────────────────────────────────────────────────
┌───────────────────────────────────────────────────────────────────────────────────────────────────────────────────────
│ {id: 4, title: Concurrent Canvas 3, insertTime: 15ms}
├┄┄┄┄┄┄┄┄┄┄┄┄┄┄┄┄┄┄┄┄┄┄┄┄┄┄┄┄┄┄┄┄┄┄┄┄┄┄┄┄┄┄┄┄┄┄┄┄┄┄┄┄┄┄┄┄┄┄┄┄┄┄┄┄┄┄┄┄┄┄┄┄┄┄┄┄┄┄┄┄┄┄┄┄┄┄┄┄┄┄┄┄┄┄┄┄┄┄┄┄┄┄┄┄┄┄┄┄┄┄┄┄┄┄┄┄┄┄┄
│ #0   AppLogger.database (package:filler/core/logging.dart:49:13)
│ #1   CanvasRepository.add (package:filler/domain/repositories.dart:103:17)
│ #2   <asynchronous suspension>
│ #3   Future.wait.<anonymous closure> (dart:async/future.dart:525:21)
│ #4   <asynchronous suspension>
│ #5   main.<anonymous closure>.<anonymous closure> (file:///Users/mr42/code/flutter/tmp/filler/test/integration/app_flow_test.dart:179:19)
│ #6   <asynchronous suspension>
│ #7   Declarer.test.<anonymous closure>.<anonymous closure> (package:test_api/src/backend/declarer.dart:242:9)
├┄┄┄┄┄┄┄┄┄┄┄┄┄┄┄┄┄┄┄┄┄┄┄┄┄┄┄┄┄┄┄┄┄┄┄┄┄┄┄┄┄┄┄┄┄┄┄┄┄┄┄┄┄┄┄┄┄┄┄┄┄┄┄┄┄┄┄┄┄┄┄┄┄┄┄┄┄┄┄┄┄┄┄┄┄┄┄┄┄┄┄┄┄┄┄┄┄┄┄┄┄┄┄┄┄┄┄┄┄┄┄┄┄┄┄┄┄┄┄
│ 07:38:48.144 (+0:00:00.401707)
├┄┄┄┄┄┄┄┄┄┄┄┄┄┄┄┄┄┄┄┄┄┄┄┄┄┄┄┄┄┄┄┄┄┄┄┄┄┄┄┄┄┄┄┄┄┄┄┄┄┄┄┄┄┄┄┄┄┄┄┄┄┄┄┄┄┄┄┄┄┄┄┄┄┄┄┄┄┄┄┄┄┄┄┄┄┄┄┄┄┄┄┄┄┄┄┄┄┄┄┄┄┄┄┄┄┄┄┄┄┄┄┄┄┄┄┄┄┄┄
│ 🐛 💾 Database: Canvas created successfully
└───────────────────────────────────────────────────────────────────────────────────────────────────────────────────────
┌───────────────────────────────────────────────────────────────────────────────────────────────────────────────────────
│ {id: 5}
├┄┄┄┄┄┄┄┄┄┄┄┄┄┄┄┄┄┄┄┄┄┄┄┄┄┄┄┄┄┄┄┄┄┄┄┄┄┄┄┄┄┄┄┄┄┄┄┄┄┄┄┄┄┄┄┄┄┄┄┄┄┄┄┄┄┄┄┄┄┄┄┄┄┄┄┄┄┄┄┄┄┄┄┄┄┄┄┄┄┄┄┄┄┄┄┄┄┄┄┄┄┄┄┄┄┄┄┄┄┄┄┄┄┄┄┄┄┄┄
│ #0   AppLogger.database (package:filler/core/logging.dart:49:13)
│ #1   AppDatabase.insertCanvas (package:filler/data/database.dart:234:17)
│ #2   <asynchronous suspension>
│ #3   CanvasRepository.add (package:filler/domain/repositories.dart:90:24)
│ #4   <asynchronous suspension>
│ #5   Future.wait.<anonymous closure> (dart:async/future.dart:525:21)
│ #6   <asynchronous suspension>
│ #7   main.<anonymous closure>.<anonymous closure> (file:///Users/mr42/code/flutter/tmp/filler/test/integration/app_flow_test.dart:179:19)
├┄┄┄┄┄┄┄┄┄┄┄┄┄┄┄┄┄┄┄┄┄┄┄┄┄┄┄┄┄┄┄┄┄┄┄┄┄┄┄┄┄┄┄┄┄┄┄┄┄┄┄┄┄┄┄┄┄┄┄┄┄┄┄┄┄┄┄┄┄┄┄┄┄┄┄┄┄┄┄┄┄┄┄┄┄┄┄┄┄┄┄┄┄┄┄┄┄┄┄┄┄┄┄┄┄┄┄┄┄┄┄┄┄┄┄┄┄┄┄
│ 07:38:48.146 (+0:00:00.403004)
├┄┄┄┄┄┄┄┄┄┄┄┄┄┄┄┄┄┄┄┄┄┄┄┄┄┄┄┄┄┄┄┄┄┄┄┄┄┄┄┄┄┄┄┄┄┄┄┄┄┄┄┄┄┄┄┄┄┄┄┄┄┄┄┄┄┄┄┄┄┄┄┄┄┄┄┄┄┄┄┄┄┄┄┄┄┄┄┄┄┄┄┄┄┄┄┄┄┄┄┄┄┄┄┄┄┄┄┄┄┄┄┄┄┄┄┄┄┄┄
│ 🐛 💾 Database: Canvas inserted with ID
└───────────────────────────────────────────────────────────────────────────────────────────────────────────────────────
┌───────────────────────────────────────────────────────────────────────────────────────────────────────────────────────
│ {id: 5, title: Concurrent Canvas 4, insertTime: 14ms}
├┄┄┄┄┄┄┄┄┄┄┄┄┄┄┄┄┄┄┄┄┄┄┄┄┄┄┄┄┄┄┄┄┄┄┄┄┄┄┄┄┄┄┄┄┄┄┄┄┄┄┄┄┄┄┄┄┄┄┄┄┄┄┄┄┄┄┄┄┄┄┄┄┄┄┄┄┄┄┄┄┄┄┄┄┄┄┄┄┄┄┄┄┄┄┄┄┄┄┄┄┄┄┄┄┄┄┄┄┄┄┄┄┄┄┄┄┄┄┄
│ #0   AppLogger.database (package:filler/core/logging.dart:49:13)
│ #1   CanvasRepository.add (package:filler/domain/repositories.dart:103:17)
│ #2   <asynchronous suspension>
│ #3   Future.wait.<anonymous closure> (dart:async/future.dart:525:21)
│ #4   <asynchronous suspension>
│ #5   main.<anonymous closure>.<anonymous closure> (file:///Users/mr42/code/flutter/tmp/filler/test/integration/app_flow_test.dart:179:19)
│ #6   <asynchronous suspension>
│ #7   Declarer.test.<anonymous closure>.<anonymous closure> (package:test_api/src/backend/declarer.dart:242:9)
├┄┄┄┄┄┄┄┄┄┄┄┄┄┄┄┄┄┄┄┄┄┄┄┄┄┄┄┄┄┄┄┄┄┄┄┄┄┄┄┄┄┄┄┄┄┄┄┄┄┄┄┄┄┄┄┄┄┄┄┄┄┄┄┄┄┄┄┄┄┄┄┄┄┄┄┄┄┄┄┄┄┄┄┄┄┄┄┄┄┄┄┄┄┄┄┄┄┄┄┄┄┄┄┄┄┄┄┄┄┄┄┄┄┄┄┄┄┄┄
│ 07:38:48.147 (+0:00:00.404149)
├┄┄┄┄┄┄┄┄┄┄┄┄┄┄┄┄┄┄┄┄┄┄┄┄┄┄┄┄┄┄┄┄┄┄┄┄┄┄┄┄┄┄┄┄┄┄┄┄┄┄┄┄┄┄┄┄┄┄┄┄┄┄┄┄┄┄┄┄┄┄┄┄┄┄┄┄┄┄┄┄┄┄┄┄┄┄┄┄┄┄┄┄┄┄┄┄┄┄┄┄┄┄┄┄┄┄┄┄┄┄┄┄┄┄┄┄┄┄┄
│ 🐛 💾 Database: Canvas created successfully
└───────────────────────────────────────────────────────────────────────────────────────────────────────────────────────
┌───────────────────────────────────────────────────────────────────────────────────────────────────────────────────────
│ #0   AppLogger.database (package:filler/core/logging.dart:49:13)
│ #1   CanvasRepository.getAll (package:filler/domain/repositories.dart:23:15)
├┄┄┄┄┄┄┄┄┄┄┄┄┄┄┄┄┄┄┄┄┄┄┄┄┄┄┄┄┄┄┄┄┄┄┄┄┄┄┄┄┄┄┄┄┄┄┄┄┄┄┄┄┄┄┄┄┄┄┄┄┄┄┄┄┄┄┄┄┄┄┄┄┄┄┄┄┄┄┄┄┄┄┄┄┄┄┄┄┄┄┄┄┄┄┄┄┄┄┄┄┄┄┄┄┄┄┄┄┄┄┄┄┄┄┄┄┄┄┄
│ 07:38:48.149 (+0:00:00.406501)
├┄┄┄┄┄┄┄┄┄┄┄┄┄┄┄┄┄┄┄┄┄┄┄┄┄┄┄┄┄┄┄┄┄┄┄┄┄┄┄┄┄┄┄┄┄┄┄┄┄┄┄┄┄┄┄┄┄┄┄┄┄┄┄┄┄┄┄┄┄┄┄┄┄┄┄┄┄┄┄┄┄┄┄┄┄┄┄┄┄┄┄┄┄┄┄┄┄┄┄┄┄┄┄┄┄┄┄┄┄┄┄┄┄┄┄┄┄┄┄
│ 🐛 💾 Database: Fetching all canvases
└───────────────────────────────────────────────────────────────────────────────────────────────────────────────────────
┌───────────────────────────────────────────────────────────────────────────────────────────────────────────────────────
│ #0   AppLogger.database (package:filler/core/logging.dart:49:13)
│ #1   AppDatabase.getAllCanvases (package:filler/data/database.dart:248:15)
├┄┄┄┄┄┄┄┄┄┄┄┄┄┄┄┄┄┄┄┄┄┄┄┄┄┄┄┄┄┄┄┄┄┄┄┄┄┄┄┄┄┄┄┄┄┄┄┄┄┄┄┄┄┄┄┄┄┄┄┄┄┄┄┄┄┄┄┄┄┄┄┄┄┄┄┄┄┄┄┄┄┄┄┄┄┄┄┄┄┄┄┄┄┄┄┄┄┄┄┄┄┄┄┄┄┄┄┄┄┄┄┄┄┄┄┄┄┄┄
│ 07:38:48.150 (+0:00:00.407256)
├┄┄┄┄┄┄┄┄┄┄┄┄┄┄┄┄┄┄┄┄┄┄┄┄┄┄┄┄┄┄┄┄┄┄┄┄┄┄┄┄┄┄┄┄┄┄┄┄┄┄┄┄┄┄┄┄┄┄┄┄┄┄┄┄┄┄┄┄┄┄┄┄┄┄┄┄┄┄┄┄┄┄┄┄┄┄┄┄┄┄┄┄┄┄┄┄┄┄┄┄┄┄┄┄┄┄┄┄┄┄┄┄┄┄┄┄┄┄┄
│ 🐛 💾 Database: Querying all canvases
└───────────────────────────────────────────────────────────────────────────────────────────────────────────────────────
┌───────────────────────────────────────────────────────────────────────────────────────────────────────────────────────
│ {count: 5}
├┄┄┄┄┄┄┄┄┄┄┄┄┄┄┄┄┄┄┄┄┄┄┄┄┄┄┄┄┄┄┄┄┄┄┄┄┄┄┄┄┄┄┄┄┄┄┄┄┄┄┄┄┄┄┄┄┄┄┄┄┄┄┄┄┄┄┄┄┄┄┄┄┄┄┄┄┄┄┄┄┄┄┄┄┄┄┄┄┄┄┄┄┄┄┄┄┄┄┄┄┄┄┄┄┄┄┄┄┄┄┄┄┄┄┄┄┄┄┄
│ #0   AppLogger.database (package:filler/core/logging.dart:49:13)
│ #1   AppDatabase.getAllCanvases (package:filler/data/database.dart:251:17)
│ #2   <asynchronous suspension>
│ #3   CanvasRepository.getAll (package:filler/domain/repositories.dart:26:24)
│ #4   <asynchronous suspension>
│ #5   main.<anonymous closure>.<anonymous closure> (file:///Users/mr42/code/flutter/tmp/filler/test/integration/app_flow_test.dart:186:27)
│ #6   <asynchronous suspension>
│ #7   Declarer.test.<anonymous closure>.<anonymous closure> (package:test_api/src/backend/declarer.dart:242:9)
├┄┄┄┄┄┄┄┄┄┄┄┄┄┄┄┄┄┄┄┄┄┄┄┄┄┄┄┄┄┄┄┄┄┄┄┄┄┄┄┄┄┄┄┄┄┄┄┄┄┄┄┄┄┄┄┄┄┄┄┄┄┄┄┄┄┄┄┄┄┄┄┄┄┄┄┄┄┄┄┄┄┄┄┄┄┄┄┄┄┄┄┄┄┄┄┄┄┄┄┄┄┄┄┄┄┄┄┄┄┄┄┄┄┄┄┄┄┄┄
│ 07:38:48.151 (+0:00:00.408294)
├┄┄┄┄┄┄┄┄┄┄┄┄┄┄┄┄┄┄┄┄┄┄┄┄┄┄┄┄┄┄┄┄┄┄┄┄┄┄┄┄┄┄┄┄┄┄┄┄┄┄┄┄┄┄┄┄┄┄┄┄┄┄┄┄┄┄┄┄┄┄┄┄┄┄┄┄┄┄┄┄┄┄┄┄┄┄┄┄┄┄┄┄┄┄┄┄┄┄┄┄┄┄┄┄┄┄┄┄┄┄┄┄┄┄┄┄┄┄┄
│ 🐛 💾 Database: Query completed
└───────────────────────────────────────────────────────────────────────────────────────────────────────────────────────
┌───────────────────────────────────────────────────────────────────────────────────────────────────────────────────────
│ {count: 5, queryTime: 2ms}
├┄┄┄┄┄┄┄┄┄┄┄┄┄┄┄┄┄┄┄┄┄┄┄┄┄┄┄┄┄┄┄┄┄┄┄┄┄┄┄┄┄┄┄┄┄┄┄┄┄┄┄┄┄┄┄┄┄┄┄┄┄┄┄┄┄┄┄┄┄┄┄┄┄┄┄┄┄┄┄┄┄┄┄┄┄┄┄┄┄┄┄┄┄┄┄┄┄┄┄┄┄┄┄┄┄┄┄┄┄┄┄┄┄┄┄┄┄┄┄
│ #0   AppLogger.database (package:filler/core/logging.dart:49:13)
│ #1   CanvasRepository.getAll (package:filler/domain/repositories.dart:28:17)
│ #2   <asynchronous suspension>
│ #3   main.<anonymous closure>.<anonymous closure> (file:///Users/mr42/code/flutter/tmp/filler/test/integration/app_flow_test.dart:186:27)
│ #4   <asynchronous suspension>
│ #5   Declarer.test.<anonymous closure>.<anonymous closure> (package:test_api/src/backend/declarer.dart:242:9)
│ #6   <asynchronous suspension>
│ #7   Declarer.test.<anonymous closure> (package:test_api/src/backend/declarer.dart:240:7)
├┄┄┄┄┄┄┄┄┄┄┄┄┄┄┄┄┄┄┄┄┄┄┄┄┄┄┄┄┄┄┄┄┄┄┄┄┄┄┄┄┄┄┄┄┄┄┄┄┄┄┄┄┄┄┄┄┄┄┄┄┄┄┄┄┄┄┄┄┄┄┄┄┄┄┄┄┄┄┄┄┄┄┄┄┄┄┄┄┄┄┄┄┄┄┄┄┄┄┄┄┄┄┄┄┄┄┄┄┄┄┄┄┄┄┄┄┄┄┄
│ 07:38:48.152 (+0:00:00.409416)
├┄┄┄┄┄┄┄┄┄┄┄┄┄┄┄┄┄┄┄┄┄┄┄┄┄┄┄┄┄┄┄┄┄┄┄┄┄┄┄┄┄┄┄┄┄┄┄┄┄┄┄┄┄┄┄┄┄┄┄┄┄┄┄┄┄┄┄┄┄┄┄┄┄┄┄┄┄┄┄┄┄┄┄┄┄┄┄┄┄┄┄┄┄┄┄┄┄┄┄┄┄┄┄┄┄┄┄┄┄┄┄┄┄┄┄┄┄┄┄
│ 🐛 💾 Database: Retrieved canvases
└───────────────────────────────────────────────────────────────────────────────────────────────────────────────────────
┌───────────────────────────────────────────────────────────────────────────────────────────────────────────────────────
│ #0   TestHelpers.cleanup (file:///Users/mr42/code/flutter/tmp/filler/test/helpers/test_helpers.dart:152:24)
│ #1   main.<anonymous closure> (file:///Users/mr42/code/flutter/tmp/filler/test/integration/app_flow_test.dart:21:23)
├┄┄┄┄┄┄┄┄┄┄┄┄┄┄┄┄┄┄┄┄┄┄┄┄┄┄┄┄┄┄┄┄┄┄┄┄┄┄┄┄┄┄┄┄┄┄┄┄┄┄┄┄┄┄┄┄┄┄┄┄┄┄┄┄┄┄┄┄┄┄┄┄┄┄┄┄┄┄┄┄┄┄┄┄┄┄┄┄┄┄┄┄┄┄┄┄┄┄┄┄┄┄┄┄┄┄┄┄┄┄┄┄┄┄┄┄┄┄┄
│ 07:38:48.153 (+0:00:00.410671)
├┄┄┄┄┄┄┄┄┄┄┄┄┄┄┄┄┄┄┄┄┄┄┄┄┄┄┄┄┄┄┄┄┄┄┄┄┄┄┄┄┄┄┄┄┄┄┄┄┄┄┄┄┄┄┄┄┄┄┄┄┄┄┄┄┄┄┄┄┄┄┄┄┄┄┄┄┄┄┄┄┄┄┄┄┄┄┄┄┄┄┄┄┄┄┄┄┄┄┄┄┄┄┄┄┄┄┄┄┄┄┄┄┄┄┄┄┄┄┄
│ 🐛 🧹 Cleaning up test environment
└───────────────────────────────────────────────────────────────────────────────────────────────────────────────────────
┌───────────────────────────────────────────────────────────────────────────────────────────────────────────────────────
│ #0   TestHelpers.cleanup (file:///Users/mr42/code/flutter/tmp/filler/test/helpers/test_helpers.dart:166:26)
│ #1   main.<anonymous closure> (file:///Users/mr42/code/flutter/tmp/filler/test/integration/app_flow_test.dart:21:23)
├┄┄┄┄┄┄┄┄┄┄┄┄┄┄┄┄┄┄┄┄┄┄┄┄┄┄┄┄┄┄┄┄┄┄┄┄┄┄┄┄┄┄┄┄┄┄┄┄┄┄┄┄┄┄┄┄┄┄┄┄┄┄┄┄┄┄┄┄┄┄┄┄┄┄┄┄┄┄┄┄┄┄┄┄┄┄┄┄┄┄┄┄┄┄┄┄┄┄┄┄┄┄┄┄┄┄┄┄┄┄┄┄┄┄┄┄┄┄┄
│ 07:38:48.156 (+0:00:00.413215)
├┄┄┄┄┄┄┄┄┄┄┄┄┄┄┄┄┄┄┄┄┄┄┄┄┄┄┄┄┄┄┄┄┄┄┄┄┄┄┄┄┄┄┄┄┄┄┄┄┄┄┄┄┄┄┄┄┄┄┄┄┄┄┄┄┄┄┄┄┄┄┄┄┄┄┄┄┄┄┄┄┄┄┄┄┄┄┄┄┄┄┄┄┄┄┄┄┄┄┄┄┄┄┄┄┄┄┄┄┄┄┄┄┄┄┄┄┄┄┄
│ 🐛 ✅ Test cleanup completed
└───────────────────────────────────────────────────────────────────────────────────────────────────────────────────────

00:02 +19: /Users/mr42/code/flutter/tmp/filler/test/integration/platform_specific_test.dart: Platform-Specific Database Integration Preferences Persistence Works Cross-Platform                       
00:02 +19 -1: /Users/mr42/code/flutter/tmp/filler/test/integration/platform_specific_test.dart: Platform-Specific Database Integration Preferences Persistence Works Cross-Platform [E]                
  Expected: <4293212469>
    Actual: <1>
  
  package:matcher                                                               expect
  package:flutter_test/src/widget_tester.dart 473:18                            expect
  test/integration/platform_specific_test.dart 97:11                            main.<fn>.<fn>.<fn>
  package:filler/features/canvas/presentation/canvas_bloc.freezed.dart 2714:19  _$ReadyImpl.maybeWhen
  test/integration/platform_specific_test.dart 92:24                            main.<fn>.<fn>
  
┌───────────────────────────────────────────────────────────────────────────────────────────────────────────────────────
│ #0   TestHelpers.cleanup (file:///Users/mr42/code/flutter/tmp/filler/test/helpers/test_helpers.dart:152:24)
│ #1   main.<anonymous closure> (file:///Users/mr42/code/flutter/tmp/filler/test/integration/platform_specific_test.dart:35:23)
├┄┄┄┄┄┄┄┄┄┄┄┄┄┄┄┄┄┄┄┄┄┄┄┄┄┄┄┄┄┄┄┄┄┄┄┄┄┄┄┄┄┄┄┄┄┄┄┄┄┄┄┄┄┄┄┄┄┄┄┄┄┄┄┄┄┄┄┄┄┄┄┄┄┄┄┄┄┄┄┄┄┄┄┄┄┄┄┄┄┄┄┄┄┄┄┄┄┄┄┄┄┄┄┄┄┄┄┄┄┄┄┄┄┄┄┄┄┄┄
│ 07:38:48.366 (+0:00:00.771396)
├┄┄┄┄┄┄┄┄┄┄┄┄┄┄┄┄┄┄┄┄┄┄┄┄┄┄┄┄┄┄┄┄┄┄┄┄┄┄┄┄┄┄┄┄┄┄┄┄┄┄┄┄┄┄┄┄┄┄┄┄┄┄┄┄┄┄┄┄┄┄┄┄┄┄┄┄┄┄┄┄┄┄┄┄┄┄┄┄┄┄┄┄┄┄┄┄┄┄┄┄┄┄┄┄┄┄┄┄┄┄┄┄┄┄┄┄┄┄┄
│ 🐛 🧹 Cleaning up test environment
└───────────────────────────────────────────────────────────────────────────────────────────────────────────────────────
┌───────────────────────────────────────────────────────────────────────────────────────────────────────────────────────
│ #0   TestHelpers.cleanup (file:///Users/mr42/code/flutter/tmp/filler/test/helpers/test_helpers.dart:166:26)
│ #1   main.<anonymous closure> (file:///Users/mr42/code/flutter/tmp/filler/test/integration/platform_specific_test.dart:35:23)
├┄┄┄┄┄┄┄┄┄┄┄┄┄┄┄┄┄┄┄┄┄┄┄┄┄┄┄┄┄┄┄┄┄┄┄┄┄┄┄┄┄┄┄┄┄┄┄┄┄┄┄┄┄┄┄┄┄┄┄┄┄┄┄┄┄┄┄┄┄┄┄┄┄┄┄┄┄┄┄┄┄┄┄┄┄┄┄┄┄┄┄┄┄┄┄┄┄┄┄┄┄┄┄┄┄┄┄┄┄┄┄┄┄┄┄┄┄┄┄
│ 07:38:48.373 (+0:00:00.777780)
├┄┄┄┄┄┄┄┄┄┄┄┄┄┄┄┄┄┄┄┄┄┄┄┄┄┄┄┄┄┄┄┄┄┄┄┄┄┄┄┄┄┄┄┄┄┄┄┄┄┄┄┄┄┄┄┄┄┄┄┄┄┄┄┄┄┄┄┄┄┄┄┄┄┄┄┄┄┄┄┄┄┄┄┄┄┄┄┄┄┄┄┄┄┄┄┄┄┄┄┄┄┄┄┄┄┄┄┄┄┄┄┄┄┄┄┄┄┄┄
│ 🐛 ✅ Test cleanup completed
└───────────────────────────────────────────────────────────────────────────────────────────────────────────────────────

To run this test again: /Users/mr42/bin/flutter/bin/cache/dart-sdk/bin/dart test /Users/mr42/code/flutter/tmp/filler/test/integration/platform_specific_test.dart -p vm --plain-name 'Platform-Specific Database Integration Preferences Persistence Works Cross-Platform'

00:02 +19 -1: /Users/mr42/code/flutter/tmp/filler/test/integration/page_state_transitions_test.dart: BLoC State Transitions - All Pages Canvas BLoC - New Canvas State Transitions                     
┌───────────────────────────────────────────────────────────────────────────────────────────────────────────────────────
│ #0   TestHelpers.cleanup (file:///Users/mr42/code/flutter/tmp/filler/test/helpers/test_helpers.dart:152:24)
│ #1   main.<anonymous closure> (file:///Users/mr42/code/flutter/tmp/filler/test/integration/page_state_transitions_test.dart:35:23)
├┄┄┄┄┄┄┄┄┄┄┄┄┄┄┄┄┄┄┄┄┄┄┄┄┄┄┄┄┄┄┄┄┄┄┄┄┄┄┄┄┄┄┄┄┄┄┄┄┄┄┄┄┄┄┄┄┄┄┄┄┄┄┄┄┄┄┄┄┄┄┄┄┄┄┄┄┄┄┄┄┄┄┄┄┄┄┄┄┄┄┄┄┄┄┄┄┄┄┄┄┄┄┄┄┄┄┄┄┄┄┄┄┄┄┄┄┄┄┄
│ 07:38:48.376 (+0:00:00.572041)
├┄┄┄┄┄┄┄┄┄┄┄┄┄┄┄┄┄┄┄┄┄┄┄┄┄┄┄┄┄┄┄┄┄┄┄┄┄┄┄┄┄┄┄┄┄┄┄┄┄┄┄┄┄┄┄┄┄┄┄┄┄┄┄┄┄┄┄┄┄┄┄┄┄┄┄┄┄┄┄┄┄┄┄┄┄┄┄┄┄┄┄┄┄┄┄┄┄┄┄┄┄┄┄┄┄┄┄┄┄┄┄┄┄┄┄┄┄┄┄
│ 🐛 🧹 Cleaning up test environment
└───────────────────────────────────────────────────────────────────────────────────────────────────────────────────────
┌───────────────────────────────────────────────────────────────────────────────────────────────────────────────────────
│ #0   TestHelpers.cleanup (file:///Users/mr42/code/flutter/tmp/filler/test/helpers/test_helpers.dart:166:26)
│ #1   main.<anonymous closure> (file:///Users/mr42/code/flutter/tmp/filler/test/integration/page_state_transitions_test.dart:35:23)
├┄┄┄┄┄┄┄┄┄┄┄┄┄┄┄┄┄┄┄┄┄┄┄┄┄┄┄┄┄┄┄┄┄┄┄┄┄┄┄┄┄┄┄┄┄┄┄┄┄┄┄┄┄┄┄┄┄┄┄┄┄┄┄┄┄┄┄┄┄┄┄┄┄┄┄┄┄┄┄┄┄┄┄┄┄┄┄┄┄┄┄┄┄┄┄┄┄┄┄┄┄┄┄┄┄┄┄┄┄┄┄┄┄┄┄┄┄┄┄
│ 07:38:48.381 (+0:00:00.577618)
├┄┄┄┄┄┄┄┄┄┄┄┄┄┄┄┄┄┄┄┄┄┄┄┄┄┄┄┄┄┄┄┄┄┄┄┄┄┄┄┄┄┄┄┄┄┄┄┄┄┄┄┄┄┄┄┄┄┄┄┄┄┄┄┄┄┄┄┄┄┄┄┄┄┄┄┄┄┄┄┄┄┄┄┄┄┄┄┄┄┄┄┄┄┄┄┄┄┄┄┄┄┄┄┄┄┄┄┄┄┄┄┄┄┄┄┄┄┄┄
│ 🐛 ✅ Test cleanup completed
└───────────────────────────────────────────────────────────────────────────────────────────────────────────────────────

00:02 +20 -1: /Users/mr42/code/flutter/tmp/filler/test/integration/page_state_transitions_test.dart: BLoC State Transitions - All Pages Canvas BLoC - New Canvas State Transitions                     
00:02 +20 -1: /Users/mr42/code/flutter/tmp/filler/test/integration/platform_specific_test.dart: Platform-Specific Database Integration Canvas Operations Work Cross-Platform                           
00:02 +20 -1: /Users/mr42/code/flutter/tmp/filler/test/integration/platform_specific_test.dart: Platform-Specific Database Integration Canvas Operations Work Cross-Platform                           
┌───────────────────────────────────────────────────────────────────────────────────────────────────────────────────────
│ #0   TestHelpers.createTestDatabase (file:///Users/mr42/code/flutter/tmp/filler/test/helpers/test_helpers.dart:30:24)
│ #1   main.<anonymous closure> (file:///Users/mr42/code/flutter/tmp/filler/test/integration/platform_specific_test.dart:22:28)
├┄┄┄┄┄┄┄┄┄┄┄┄┄┄┄┄┄┄┄┄┄┄┄┄┄┄┄┄┄┄┄┄┄┄┄┄┄┄┄┄┄┄┄┄┄┄┄┄┄┄┄┄┄┄┄┄┄┄┄┄┄┄┄┄┄┄┄┄┄┄┄┄┄┄┄┄┄┄┄┄┄┄┄┄┄┄┄┄┄┄┄┄┄┄┄┄┄┄┄┄┄┄┄┄┄┄┄┄┄┄┄┄┄┄┄┄┄┄┄
│ 07:38:48.477 (+0:00:00.882225)
├┄┄┄┄┄┄┄┄┄┄┄┄┄┄┄┄┄┄┄┄┄┄┄┄┄┄┄┄┄┄┄┄┄┄┄┄┄┄┄┄┄┄┄┄┄┄┄┄┄┄┄┄┄┄┄┄┄┄┄┄┄┄┄┄┄┄┄┄┄┄┄┄┄┄┄┄┄┄┄┄┄┄┄┄┄┄┄┄┄┄┄┄┄┄┄┄┄┄┄┄┄┄┄┄┄┄┄┄┄┄┄┄┄┄┄┄┄┄┄

00:02 +20 -1: /Users/mr42/code/flutter/tmp/filler/test/integration/page_state_transitions_test.dart: BLoC State Transitions - All Pages Canvas BLoC - Load Existing Canvas State Transitions           
┌───────────────────────────────────────────────────────────────────────────────────────────────────────────────────────
│ #0   TestHelpers.createTestDatabase (file:///Users/mr42/code/flutter/tmp/filler/test/helpers/test_helpers.dart:30:24)
│ #1   main.<anonymous closure> (file:///Users/mr42/code/flutter/tmp/filler/test/integration/page_state_transitions_test.dart:22:28)
├┄┄┄┄┄┄┄┄┄┄┄┄┄┄┄┄┄┄┄┄┄┄┄┄┄┄┄┄┄┄┄┄┄┄┄┄┄┄┄┄┄┄┄┄┄┄┄┄┄┄┄┄┄┄┄┄┄┄┄┄┄┄┄┄┄┄┄┄┄┄┄┄┄┄┄┄┄┄┄┄┄┄┄┄┄┄┄┄┄┄┄┄┄┄┄┄┄┄┄┄┄┄┄┄┄┄┄┄┄┄┄┄┄┄┄┄┄┄┄
│ 07:38:48.477 (+0:00:00.673643)
├┄┄┄┄┄┄┄┄┄┄┄┄┄┄┄┄┄┄┄┄┄┄┄┄┄┄┄┄┄┄┄┄┄┄┄┄┄┄┄┄┄┄┄┄┄┄┄┄┄┄┄┄┄┄┄┄┄┄┄┄┄┄┄┄┄┄┄┄┄┄┄┄┄┄┄┄┄┄┄┄┄┄┄┄┄┄┄┄┄┄┄┄┄┄┄┄┄┄┄┄┄┄┄┄┄┄┄┄┄┄┄┄┄┄┄┄┄┄┄

00:02 +20 -1: /Users/mr42/code/flutter/tmp/filler/test/integration/platform_specific_test.dart: Platform-Specific Database Integration Canvas Operations Work Cross-Platform                           
│ 🐛 🗄️ Creating test database

00:02 +20 -1: /Users/mr42/code/flutter/tmp/filler/test/integration/page_state_transitions_test.dart: BLoC State Transitions - All Pages Canvas BLoC - Load Existing Canvas State Transitions           
│ 🐛 🗄️ Creating test database

00:02 +20 -1: /Users/mr42/code/flutter/tmp/filler/test/integration/platform_specific_test.dart: Platform-Specific Database Integration Canvas Operations Work Cross-Platform                           
└───────────────────────────────────────────────────────────────────────────────────────────────────────────────────────

00:02 +20 -1: /Users/mr42/code/flutter/tmp/filler/test/integration/page_state_transitions_test.dart: BLoC State Transitions - All Pages Canvas BLoC - Load Existing Canvas State Transitions           
└───────────────────────────────────────────────────────────────────────────────────────────────────────────────────────

00:02 +20 -1: /Users/mr42/code/flutter/tmp/filler/test/integration/platform_specific_test.dart: Platform-Specific Database Integration Canvas Operations Work Cross-Platform                           
┌───────────────────────────────────────────────────────────────────────────────────────────────────────────────────────
│ #0   AppLogger.bloc (package:filler/core/logging.dart:44:13)
│ #1   new CanvasBloc (package:filler/features/canvas/presentation/canvas_bloc.dart:106:15)
├┄┄┄┄┄┄┄┄┄┄┄┄┄┄┄┄┄┄┄┄┄┄┄┄┄┄┄┄┄┄┄┄┄┄┄┄┄┄┄┄┄┄┄┄┄┄┄┄┄┄┄┄┄┄┄┄┄┄┄┄┄┄┄┄┄┄┄┄┄┄┄┄┄┄┄┄┄┄┄┄┄┄┄┄┄┄┄┄┄┄┄┄┄┄┄┄┄┄┄┄┄┄┄┄┄┄┄┄┄┄┄┄┄┄┄┄┄┄┄
│ 07:38:48.479 (+0:00:00.883515)

00:02 +20 -1: /Users/mr42/code/flutter/tmp/filler/test/integration/page_state_transitions_test.dart: BLoC State Transitions - All Pages Canvas BLoC - Load Existing Canvas State Transitions           
┌───────────────────────────────────────────────────────────────────────────────────────────────────────────────────────
│ #0   AppLogger.bloc (package:filler/core/logging.dart:44:13)

00:02 +20 -1: /Users/mr42/code/flutter/tmp/filler/test/integration/platform_specific_test.dart: Platform-Specific Database Integration Canvas Operations Work Cross-Platform                           
├┄┄┄┄┄┄┄┄┄┄┄┄┄┄┄┄┄┄┄┄┄┄┄┄┄┄┄┄┄┄┄┄┄┄┄┄┄┄┄┄┄┄┄┄┄┄┄┄┄┄┄┄┄┄┄┄┄┄┄┄┄┄┄┄┄┄┄┄┄┄┄┄┄┄┄┄┄┄┄┄┄┄┄┄┄┄┄┄┄┄┄┄┄┄┄┄┄┄┄┄┄┄┄┄┄┄┄┄┄┄┄┄┄┄┄┄┄┄┄
│ 🐛 🔄 BLoC[Canvas]: BLoC Created | null → initial
└───────────────────────────────────────────────────────────────────────────────────────────────────────────────────────

00:02 +20 -1: /Users/mr42/code/flutter/tmp/filler/test/integration/page_state_transitions_test.dart: BLoC State Transitions - All Pages Canvas BLoC - Load Existing Canvas State Transitions           
│ #1   new CanvasBloc (package:filler/features/canvas/presentation/canvas_bloc.dart:106:15)
├┄┄┄┄┄┄┄┄┄┄┄┄┄┄┄┄┄┄┄┄┄┄┄┄┄┄┄┄┄┄┄┄┄┄┄┄┄┄┄┄┄┄┄┄┄┄┄┄┄┄┄┄┄┄┄┄┄┄┄┄┄┄┄┄┄┄┄┄┄┄┄┄┄┄┄┄┄┄┄┄┄┄┄┄┄┄┄┄┄┄┄┄┄┄┄┄┄┄┄┄┄┄┄┄┄┄┄┄┄┄┄┄┄┄┄┄┄┄┄
│ 07:38:48.479 (+0:00:00.675144)
├┄┄┄┄┄┄┄┄┄┄┄┄┄┄┄┄┄┄┄┄┄┄┄┄┄┄┄┄┄┄┄┄┄┄┄┄┄┄┄┄┄┄┄┄┄┄┄┄┄┄┄┄┄┄┄┄┄┄┄┄┄┄┄┄┄┄┄┄┄┄┄┄┄┄┄┄┄┄┄┄┄┄┄┄┄┄┄┄┄┄┄┄┄┄┄┄┄┄┄┄┄┄┄┄┄┄┄┄┄┄┄┄┄┄┄┄┄┄┄
│ 🐛 🔄 BLoC[Canvas]: BLoC Created | null → initial
└───────────────────────────────────────────────────────────────────────────────────────────────────────────────────────

00:02 +20 -1: /Users/mr42/code/flutter/tmp/filler/test/integration/platform_specific_test.dart: Platform-Specific Database Integration Canvas Operations Work Cross-Platform                           
┌───────────────────────────────────────────────────────────────────────────────────────────────────────────────────────
│ #0   AppLogger.bloc (package:filler/core/logging.dart:44:13)

00:02 +20 -1: /Users/mr42/code/flutter/tmp/filler/test/integration/page_state_transitions_test.dart: BLoC State Transitions - All Pages Canvas BLoC - Load Existing Canvas State Transitions           
┌───────────────────────────────────────────────────────────────────────────────────────────────────────────────────────
│ #0   AppLogger.bloc (package:filler/core/logging.dart:44:13)
│ #1   new GalleryBloc (package:filler/features/gallery/presentation/gallery_bloc.dart:77:15)
├┄┄┄┄┄┄┄┄┄┄┄┄┄┄┄┄┄┄┄┄┄┄┄┄┄┄┄┄┄┄┄┄┄┄┄┄┄┄┄┄┄┄┄┄┄┄┄┄┄┄┄┄┄┄┄┄┄┄┄┄┄┄┄┄┄┄┄┄┄┄┄┄┄┄┄┄┄┄┄┄┄┄┄┄┄┄┄┄┄┄┄┄┄┄┄┄┄┄┄┄┄┄┄┄┄┄┄┄┄┄┄┄┄┄┄┄┄┄┄
│ 07:38:48.482 (+0:00:00.677838)

00:02 +20 -1: /Users/mr42/code/flutter/tmp/filler/test/integration/platform_specific_test.dart: Platform-Specific Database Integration Canvas Operations Work Cross-Platform                           
│ #1   new GalleryBloc (package:filler/features/gallery/presentation/gallery_bloc.dart:77:15)
├┄┄┄┄┄┄┄┄┄┄┄┄┄┄┄┄┄┄┄┄┄┄┄┄┄┄┄┄┄┄┄┄┄┄┄┄┄┄┄┄┄┄┄┄┄┄┄┄┄┄┄┄┄┄┄┄┄┄┄┄┄┄┄┄┄┄┄┄┄┄┄┄┄┄┄┄┄┄┄┄┄┄┄┄┄┄┄┄┄┄┄┄┄┄┄┄┄┄┄┄┄┄┄┄┄┄┄┄┄┄┄┄┄┄┄┄┄┄┄

00:02 +20 -1: /Users/mr42/code/flutter/tmp/filler/test/integration/page_state_transitions_test.dart: BLoC State Transitions - All Pages Canvas BLoC - Load Existing Canvas State Transitions           
├┄┄┄┄┄┄┄┄┄┄┄┄┄┄┄┄┄┄┄┄┄┄┄┄┄┄┄┄┄┄┄┄┄┄┄┄┄┄┄┄┄┄┄┄┄┄┄┄┄┄┄┄┄┄┄┄┄┄┄┄┄┄┄┄┄┄┄┄┄┄┄┄┄┄┄┄┄┄┄┄┄┄┄┄┄┄┄┄┄┄┄┄┄┄┄┄┄┄┄┄┄┄┄┄┄┄┄┄┄┄┄┄┄┄┄┄┄┄┄

00:02 +20 -1: /Users/mr42/code/flutter/tmp/filler/test/integration/platform_specific_test.dart: Platform-Specific Database Integration Canvas Operations Work Cross-Platform                           
│ 07:38:48.481 (+0:00:00.885558)

00:02 +20 -1: /Users/mr42/code/flutter/tmp/filler/test/integration/page_state_transitions_test.dart: BLoC State Transitions - All Pages Canvas BLoC - Load Existing Canvas State Transitions           
│ 🐛 🔄 BLoC[Gallery]: BLoC Created | null → initial

00:02 +20 -1: /Users/mr42/code/flutter/tmp/filler/test/integration/platform_specific_test.dart: Platform-Specific Database Integration Canvas Operations Work Cross-Platform                           
├┄┄┄┄┄┄┄┄┄┄┄┄┄┄┄┄┄┄┄┄┄┄┄┄┄┄┄┄┄┄┄┄┄┄┄┄┄┄┄┄┄┄┄┄┄┄┄┄┄┄┄┄┄┄┄┄┄┄┄┄┄┄┄┄┄┄┄┄┄┄┄┄┄┄┄┄┄┄┄┄┄┄┄┄┄┄┄┄┄┄┄┄┄┄┄┄┄┄┄┄┄┄┄┄┄┄┄┄┄┄┄┄┄┄┄┄┄┄┄
│ 🐛 🔄 BLoC[Gallery]: BLoC Created | null → initial

00:02 +20 -1: /Users/mr42/code/flutter/tmp/filler/test/integration/page_state_transitions_test.dart: BLoC State Transitions - All Pages Canvas BLoC - Load Existing Canvas State Transitions           
└───────────────────────────────────────────────────────────────────────────────────────────────────────────────────────

00:02 +20 -1: /Users/mr42/code/flutter/tmp/filler/test/integration/platform_specific_test.dart: Platform-Specific Database Integration Canvas Operations Work Cross-Platform                           
└───────────────────────────────────────────────────────────────────────────────────────────────────────────────────────

00:02 +20 -1: /Users/mr42/code/flutter/tmp/filler/test/integration/page_state_transitions_test.dart: BLoC State Transitions - All Pages Canvas BLoC - Load Existing Canvas State Transitions           
┌───────────────────────────────────────────────────────────────────────────────────────────────────────────────────────
│ #0   AppLogger.bloc (package:filler/core/logging.dart:44:13)
│ #1   new PreferencesBloc (package:filler/features/prefs/presentation/preferences_bloc.dart:77:15)

00:02 +20 -1: /Users/mr42/code/flutter/tmp/filler/test/integration/platform_specific_test.dart: Platform-Specific Database Integration Canvas Operations Work Cross-Platform                           
┌───────────────────────────────────────────────────────────────────────────────────────────────────────────────────────
│ #0   AppLogger.bloc (package:filler/core/logging.dart:44:13)

00:02 +20 -1: /Users/mr42/code/flutter/tmp/filler/test/integration/page_state_transitions_test.dart: BLoC State Transitions - All Pages Canvas BLoC - Load Existing Canvas State Transitions           
├┄┄┄┄┄┄┄┄┄┄┄┄┄┄┄┄┄┄┄┄┄┄┄┄┄┄┄┄┄┄┄┄┄┄┄┄┄┄┄┄┄┄┄┄┄┄┄┄┄┄┄┄┄┄┄┄┄┄┄┄┄┄┄┄┄┄┄┄┄┄┄┄┄┄┄┄┄┄┄┄┄┄┄┄┄┄┄┄┄┄┄┄┄┄┄┄┄┄┄┄┄┄┄┄┄┄┄┄┄┄┄┄┄┄┄┄┄┄┄
│ 07:38:48.483 (+0:00:00.679258)

00:02 +20 -1: /Users/mr42/code/flutter/tmp/filler/test/integration/platform_specific_test.dart: Platform-Specific Database Integration Canvas Operations Work Cross-Platform                           
│ #1   new PreferencesBloc (package:filler/features/prefs/presentation/preferences_bloc.dart:77:15)

00:02 +20 -1: /Users/mr42/code/flutter/tmp/filler/test/integration/page_state_transitions_test.dart: BLoC State Transitions - All Pages Canvas BLoC - Load Existing Canvas State Transitions           
├┄┄┄┄┄┄┄┄┄┄┄┄┄┄┄┄┄┄┄┄┄┄┄┄┄┄┄┄┄┄┄┄┄┄┄┄┄┄┄┄┄┄┄┄┄┄┄┄┄┄┄┄┄┄┄┄┄┄┄┄┄┄┄┄┄┄┄┄┄┄┄┄┄┄┄┄┄┄┄┄┄┄┄┄┄┄┄┄┄┄┄┄┄┄┄┄┄┄┄┄┄┄┄┄┄┄┄┄┄┄┄┄┄┄┄┄┄┄┄

00:02 +20 -1: /Users/mr42/code/flutter/tmp/filler/test/integration/platform_specific_test.dart: Platform-Specific Database Integration Canvas Operations Work Cross-Platform                           
├┄┄┄┄┄┄┄┄┄┄┄┄┄┄┄┄┄┄┄┄┄┄┄┄┄┄┄┄┄┄┄┄┄┄┄┄┄┄┄┄┄┄┄┄┄┄┄┄┄┄┄┄┄┄┄┄┄┄┄┄┄┄┄┄┄┄┄┄┄┄┄┄┄┄┄┄┄┄┄┄┄┄┄┄┄┄┄┄┄┄┄┄┄┄┄┄┄┄┄┄┄┄┄┄┄┄┄┄┄┄┄┄┄┄┄┄┄┄┄

00:02 +20 -1: /Users/mr42/code/flutter/tmp/filler/test/integration/page_state_transitions_test.dart: BLoC State Transitions - All Pages Canvas BLoC - Load Existing Canvas State Transitions           
│ 🐛 🔄 BLoC[Preferences]: BLoC Created | null → initial

00:02 +20 -1: /Users/mr42/code/flutter/tmp/filler/test/integration/platform_specific_test.dart: Platform-Specific Database Integration Canvas Operations Work Cross-Platform                           
│ 07:38:48.483 (+0:00:00.888107)
├┄┄┄┄┄┄┄┄┄┄┄┄┄┄┄┄┄┄┄┄┄┄┄┄┄┄┄┄┄┄┄┄┄┄┄┄┄┄┄┄┄┄┄┄┄┄┄┄┄┄┄┄┄┄┄┄┄┄┄┄┄┄┄┄┄┄┄┄┄┄┄┄┄┄┄┄┄┄┄┄┄┄┄┄┄┄┄┄┄┄┄┄┄┄┄┄┄┄┄┄┄┄┄┄┄┄┄┄┄┄┄┄┄┄┄┄┄┄┄

00:02 +20 -1: /Users/mr42/code/flutter/tmp/filler/test/integration/page_state_transitions_test.dart: BLoC State Transitions - All Pages Canvas BLoC - Load Existing Canvas State Transitions           
└───────────────────────────────────────────────────────────────────────────────────────────────────────────────────────

00:02 +20 -1: /Users/mr42/code/flutter/tmp/filler/test/integration/platform_specific_test.dart: Platform-Specific Database Integration Canvas Operations Work Cross-Platform                           
│ 🐛 🔄 BLoC[Preferences]: BLoC Created | null → initial
└───────────────────────────────────────────────────────────────────────────────────────────────────────────────────────

00:02 +20 -1: /Users/mr42/code/flutter/tmp/filler/test/integration/page_state_transitions_test.dart: BLoC State Transitions - All Pages Canvas BLoC - Load Existing Canvas State Transitions           
┌───────────────────────────────────────────────────────────────────────────────────────────────────────────────────────
│ {title: Test Canvas, dimensions: 8x6, insets: 2, dataSize: 1393 chars}
├┄┄┄┄┄┄┄┄┄┄┄┄┄┄┄┄┄┄┄┄┄┄┄┄┄┄┄┄┄┄┄┄┄┄┄┄┄┄┄┄┄┄┄┄┄┄┄┄┄┄┄┄┄┄┄┄┄┄┄┄┄┄┄┄┄┄┄┄┄┄┄┄┄┄┄┄┄┄┄┄┄┄┄┄┄┄┄┄┄┄┄┄┄┄┄┄┄┄┄┄┄┄┄┄┄┄┄┄┄┄┄┄┄┄┄┄┄┄┄
│ #0   AppLogger.database (package:filler/core/logging.dart:49:13)

00:02 +20 -1: /Users/mr42/code/flutter/tmp/filler/test/integration/platform_specific_test.dart: Platform-Specific Database Integration Canvas Operations Work Cross-Platform                           
┌───────────────────────────────────────────────────────────────────────────────────────────────────────────────────────
│ #0   AppLogger.bloc (package:filler/core/logging.dart:44:13)
│ #1   new CanvasBloc.<anonymous closure> (package:filler/features/canvas/presentation/canvas_bloc.dart:108:17)
├┄┄┄┄┄┄┄┄┄┄┄┄┄┄┄┄┄┄┄┄┄┄┄┄┄┄┄┄┄┄┄┄┄┄┄┄┄┄┄┄┄┄┄┄┄┄┄┄┄┄┄┄┄┄┄┄┄┄┄┄┄┄┄┄┄┄┄┄┄┄┄┄┄┄┄┄┄┄┄┄┄┄┄┄┄┄┄┄┄┄┄┄┄┄┄┄┄┄┄┄┄┄┄┄┄┄┄┄┄┄┄┄┄┄┄┄┄┄┄
│ 07:38:48.486 (+0:00:00.890969)
├┄┄┄┄┄┄┄┄┄┄┄┄┄┄┄┄┄┄┄┄┄┄┄┄┄┄┄┄┄┄┄┄┄┄┄┄┄┄┄┄┄┄┄┄┄┄┄┄┄┄┄┄┄┄┄┄┄┄┄┄┄┄┄┄┄┄┄┄┄┄┄┄┄┄┄┄┄┄┄┄┄┄┄┄┄┄┄┄┄┄┄┄┄┄┄┄┄┄┄┄┄┄┄┄┄┄┄┄┄┄┄┄┄┄┄┄┄┄┄

00:02 +20 -1: /Users/mr42/code/flutter/tmp/filler/test/integration/page_state_transitions_test.dart: BLoC State Transitions - All Pages Canvas BLoC - Load Existing Canvas State Transitions           
│ #1   CanvasRepository.add (package:filler/domain/repositories.dart:78:15)
│ #2   main.<anonymous closure>.<anonymous closure> (file:///Users/mr42/code/flutter/tmp/filler/test/integration/page_state_transitions_test.dart:71:41)
│ #3   Declarer.test.<anonymous closure>.<anonymous closure> (package:test_api/src/backend/declarer.dart:242:19)
│ #4   <asynchronous suspension>
│ #5   Declarer.test.<anonymous closure> (package:test_api/src/backend/declarer.dart:240:7)
│ #6   <asynchronous suspension>
│ #7   Invoker._waitForOutstandingCallbacks.<anonymous closure> (package:test_api/src/backend/invoker.dart:282:9)
├┄┄┄┄┄┄┄┄┄┄┄┄┄┄┄┄┄┄┄┄┄┄┄┄┄┄┄┄┄┄┄┄┄┄┄┄┄┄┄┄┄┄┄┄┄┄┄┄┄┄┄┄┄┄┄┄┄┄┄┄┄┄┄┄┄┄┄┄┄┄┄┄┄┄┄┄┄┄┄┄┄┄┄┄┄┄┄┄┄┄┄┄┄┄┄┄┄┄┄┄┄┄┄┄┄┄┄┄┄┄┄┄┄┄┄┄┄┄┄
│ 07:38:48.486 (+0:00:00.682044)
├┄┄┄┄┄┄┄┄┄┄┄┄┄┄┄┄┄┄┄┄┄┄┄┄┄┄┄┄┄┄┄┄┄┄┄┄┄┄┄┄┄┄┄┄┄┄┄┄┄┄┄┄┄┄┄┄┄┄┄┄┄┄┄┄┄┄┄┄┄┄┄┄┄┄┄┄┄┄┄┄┄┄┄┄┄┄┄┄┄┄┄┄┄┄┄┄┄┄┄┄┄┄┄┄┄┄┄┄┄┄┄┄┄┄┄┄┄┄┄
│ 🐛 💾 Database: Creating new canvas

00:02 +20 -1: /Users/mr42/code/flutter/tmp/filler/test/integration/platform_specific_test.dart: Platform-Specific Database Integration Canvas Operations Work Cross-Platform                           
│ 🐛 🔄 BLoC[Canvas]: Init Event | initial → loading
└───────────────────────────────────────────────────────────────────────────────────────────────────────────────────────
┌───────────────────────────────────────────────────────────────────────────────────────────────────────────────────────

00:02 +20 -1: /Users/mr42/code/flutter/tmp/filler/test/integration/page_state_transitions_test.dart: BLoC State Transitions - All Pages Canvas BLoC - Load Existing Canvas State Transitions           
└───────────────────────────────────────────────────────────────────────────────────────────────────────────────────────

00:02 +20 -1: /Users/mr42/code/flutter/tmp/filler/test/integration/platform_specific_test.dart: Platform-Specific Database Integration Canvas Operations Work Cross-Platform                           
│ #0   AppLogger.preferences (package:filler/core/logging.dart:64:13)
│ #1   PreferencesRepository.get (package:filler/domain/repositories.dart:423:15)
├┄┄┄┄┄┄┄┄┄┄┄┄┄┄┄┄┄┄┄┄┄┄┄┄┄┄┄┄┄┄┄┄┄┄┄┄┄┄┄┄┄┄┄┄┄┄┄┄┄┄┄┄┄┄┄┄┄┄┄┄┄┄┄┄┄┄┄┄┄┄┄┄┄┄┄┄┄┄┄┄┄┄┄┄┄┄┄┄┄┄┄┄┄┄┄┄┄┄┄┄┄┄┄┄┄┄┄┄┄┄┄┄┄┄┄┄┄┄┄
│ 07:38:48.488 (+0:00:00.892931)
├┄┄┄┄┄┄┄┄┄┄┄┄┄┄┄┄┄┄┄┄┄┄┄┄┄┄┄┄┄┄┄┄┄┄┄┄┄┄┄┄┄┄┄┄┄┄┄┄┄┄┄┄┄┄┄┄┄┄┄┄┄┄┄┄┄┄┄┄┄┄┄┄┄┄┄┄┄┄┄┄┄┄┄┄┄┄┄┄┄┄┄┄┄┄┄┄┄┄┄┄┄┄┄┄┄┄┄┄┄┄┄┄┄┄┄┄┄┄┄

00:02 +20 -1: /Users/mr42/code/flutter/tmp/filler/test/integration/page_state_transitions_test.dart: BLoC State Transitions - All Pages Canvas BLoC - Load Existing Canvas State Transitions           
┌───────────────────────────────────────────────────────────────────────────────────────────────────────────────────────

00:02 +20 -1: /Users/mr42/code/flutter/tmp/filler/test/integration/platform_specific_test.dart: Platform-Specific Database Integration Canvas Operations Work Cross-Platform                           
│ 🐛 ⚙️ Preferences: Fetching preferences from key-value store

00:02 +20 -1: /Users/mr42/code/flutter/tmp/filler/test/integration/page_state_transitions_test.dart: BLoC State Transitions - All Pages Canvas BLoC - Load Existing Canvas State Transitions           
│ {title: Test Canvas, dimensions: 8x6}

00:02 +20 -1: /Users/mr42/code/flutter/tmp/filler/test/integration/platform_specific_test.dart: Platform-Specific Database Integration Canvas Operations Work Cross-Platform                           
└───────────────────────────────────────────────────────────────────────────────────────────────────────────────────────

00:02 +20 -1: /Users/mr42/code/flutter/tmp/filler/test/integration/page_state_transitions_test.dart: BLoC State Transitions - All Pages Canvas BLoC - Load Existing Canvas State Transitions           
├┄┄┄┄┄┄┄┄┄┄┄┄┄┄┄┄┄┄┄┄┄┄┄┄┄┄┄┄┄┄┄┄┄┄┄┄┄┄┄┄┄┄┄┄┄┄┄┄┄┄┄┄┄┄┄┄┄┄┄┄┄┄┄┄┄┄┄┄┄┄┄┄┄┄┄┄┄┄┄┄┄┄┄┄┄┄┄┄┄┄┄┄┄┄┄┄┄┄┄┄┄┄┄┄┄┄┄┄┄┄┄┄┄┄┄┄┄┄┄
│ #0   AppLogger.database (package:filler/core/logging.dart:49:13)
│ #1   AppDatabase.insertCanvas (package:filler/data/database.dart:225:15)

00:02 +20 -1: /Users/mr42/code/flutter/tmp/filler/test/integration/platform_specific_test.dart: Platform-Specific Database Integration Canvas Operations Work Cross-Platform                           
┌───────────────────────────────────────────────────────────────────────────────────────────────────────────────────────

00:02 +20 -1: /Users/mr42/code/flutter/tmp/filler/test/integration/page_state_transitions_test.dart: BLoC State Transitions - All Pages Canvas BLoC - Load Existing Canvas State Transitions           
│ #2   CanvasRepository.add (package:filler/domain/repositories.dart:90:34)

00:02 +20 -1: /Users/mr42/code/flutter/tmp/filler/test/integration/platform_specific_test.dart: Platform-Specific Database Integration Canvas Operations Work Cross-Platform                           
│ #0   AppLogger.database (package:filler/core/logging.dart:49:13)

00:02 +20 -1: /Users/mr42/code/flutter/tmp/filler/test/integration/page_state_transitions_test.dart: BLoC State Transitions - All Pages Canvas BLoC - Load Existing Canvas State Transitions           
│ #3   main.<anonymous closure>.<anonymous closure> (file:///Users/mr42/code/flutter/tmp/filler/test/integration/page_state_transitions_test.dart:71:41)

00:02 +20 -1: /Users/mr42/code/flutter/tmp/filler/test/integration/platform_specific_test.dart: Platform-Specific Database Integration Canvas Operations Work Cross-Platform                           
│ #1   AppDatabase.getAllPreferences (package:filler/data/database.dart:354:15)

00:02 +20 -1: /Users/mr42/code/flutter/tmp/filler/test/integration/page_state_transitions_test.dart: BLoC State Transitions - All Pages Canvas BLoC - Load Existing Canvas State Transitions           
│ #4   Declarer.test.<anonymous closure>.<anonymous closure> (package:test_api/src/backend/declarer.dart:242:19)

00:02 +20 -1: /Users/mr42/code/flutter/tmp/filler/test/integration/platform_specific_test.dart: Platform-Specific Database Integration Canvas Operations Work Cross-Platform                           
├┄┄┄┄┄┄┄┄┄┄┄┄┄┄┄┄┄┄┄┄┄┄┄┄┄┄┄┄┄┄┄┄┄┄┄┄┄┄┄┄┄┄┄┄┄┄┄┄┄┄┄┄┄┄┄┄┄┄┄┄┄┄┄┄┄┄┄┄┄┄┄┄┄┄┄┄┄┄┄┄┄┄┄┄┄┄┄┄┄┄┄┄┄┄┄┄┄┄┄┄┄┄┄┄┄┄┄┄┄┄┄┄┄┄┄┄┄┄┄

00:02 +20 -1: /Users/mr42/code/flutter/tmp/filler/test/integration/page_state_transitions_test.dart: BLoC State Transitions - All Pages Canvas BLoC - Load Existing Canvas State Transitions           
│ #5   <asynchronous suspension>

00:02 +20 -1: /Users/mr42/code/flutter/tmp/filler/test/integration/platform_specific_test.dart: Platform-Specific Database Integration Canvas Operations Work Cross-Platform                           
│ 07:38:48.489 (+0:00:00.894096)

00:02 +20 -1: /Users/mr42/code/flutter/tmp/filler/test/integration/page_state_transitions_test.dart: BLoC State Transitions - All Pages Canvas BLoC - Load Existing Canvas State Transitions           
│ #6   Declarer.test.<anonymous closure> (package:test_api/src/backend/declarer.dart:240:7)

00:02 +20 -1: /Users/mr42/code/flutter/tmp/filler/test/integration/platform_specific_test.dart: Platform-Specific Database Integration Canvas Operations Work Cross-Platform                           
├┄┄┄┄┄┄┄┄┄┄┄┄┄┄┄┄┄┄┄┄┄┄┄┄┄┄┄┄┄┄┄┄┄┄┄┄┄┄┄┄┄┄┄┄┄┄┄┄┄┄┄┄┄┄┄┄┄┄┄┄┄┄┄┄┄┄┄┄┄┄┄┄┄┄┄┄┄┄┄┄┄┄┄┄┄┄┄┄┄┄┄┄┄┄┄┄┄┄┄┄┄┄┄┄┄┄┄┄┄┄┄┄┄┄┄┄┄┄┄

00:02 +20 -1: /Users/mr42/code/flutter/tmp/filler/test/integration/page_state_transitions_test.dart: BLoC State Transitions - All Pages Canvas BLoC - Load Existing Canvas State Transitions           
│ #7   <asynchronous suspension>

00:02 +20 -1: /Users/mr42/code/flutter/tmp/filler/test/integration/platform_specific_test.dart: Platform-Specific Database Integration Canvas Operations Work Cross-Platform                           
│ 🐛 💾 Database: Fetching all preferences

00:02 +20 -1: /Users/mr42/code/flutter/tmp/filler/test/integration/page_state_transitions_test.dart: BLoC State Transitions - All Pages Canvas BLoC - Load Existing Canvas State Transitions           
├┄┄┄┄┄┄┄┄┄┄┄┄┄┄┄┄┄┄┄┄┄┄┄┄┄┄┄┄┄┄┄┄┄┄┄┄┄┄┄┄┄┄┄┄┄┄┄┄┄┄┄┄┄┄┄┄┄┄┄┄┄┄┄┄┄┄┄┄┄┄┄┄┄┄┄┄┄┄┄┄┄┄┄┄┄┄┄┄┄┄┄┄┄┄┄┄┄┄┄┄┄┄┄┄┄┄┄┄┄┄┄┄┄┄┄┄┄┄┄

00:02 +20 -1: /Users/mr42/code/flutter/tmp/filler/test/integration/platform_specific_test.dart: Platform-Specific Database Integration Canvas Operations Work Cross-Platform                           
└───────────────────────────────────────────────────────────────────────────────────────────────────────────────────────

00:02 +20 -1: /Users/mr42/code/flutter/tmp/filler/test/integration/page_state_transitions_test.dart: BLoC State Transitions - All Pages Canvas BLoC - Load Existing Canvas State Transitions           
│ 07:38:48.489 (+0:00:00.684950)
├┄┄┄┄┄┄┄┄┄┄┄┄┄┄┄┄┄┄┄┄┄┄┄┄┄┄┄┄┄┄┄┄┄┄┄┄┄┄┄┄┄┄┄┄┄┄┄┄┄┄┄┄┄┄┄┄┄┄┄┄┄┄┄┄┄┄┄┄┄┄┄┄┄┄┄┄┄┄┄┄┄┄┄┄┄┄┄┄┄┄┄┄┄┄┄┄┄┄┄┄┄┄┄┄┄┄┄┄┄┄┄┄┄┄┄┄┄┄┄
│ 🐛 💾 Database: Inserting canvas
└───────────────────────────────────────────────────────────────────────────────────────────────────────────────────────

00:02 +20 -1: /Users/mr42/code/flutter/tmp/filler/test/integration/platform_specific_test.dart: Platform-Specific Database Integration Canvas Operations Work Cross-Platform                           
┌───────────────────────────────────────────────────────────────────────────────────────────────────────────────────────
│ #0   AppLogger.database (package:filler/core/logging.dart:49:13)
│ #1   createTestDatabaseConnection.<anonymous closure> (package:filler/data/database_connection.dart:22:15)
├┄┄┄┄┄┄┄┄┄┄┄┄┄┄┄┄┄┄┄┄┄┄┄┄┄┄┄┄┄┄┄┄┄┄┄┄┄┄┄┄┄┄┄┄┄┄┄┄┄┄┄┄┄┄┄┄┄┄┄┄┄┄┄┄┄┄┄┄┄┄┄┄┄┄┄┄┄┄┄┄┄┄┄┄┄┄┄┄┄┄┄┄┄┄┄┄┄┄┄┄┄┄┄┄┄┄┄┄┄┄┄┄┄┄┄┄┄┄┄
│ 07:38:48.490 (+0:00:00.895032)
├┄┄┄┄┄┄┄┄┄┄┄┄┄┄┄┄┄┄┄┄┄┄┄┄┄┄┄┄┄┄┄┄┄┄┄┄┄┄┄┄┄┄┄┄┄┄┄┄┄┄┄┄┄┄┄┄┄┄┄┄┄┄┄┄┄┄┄┄┄┄┄┄┄┄┄┄┄┄┄┄┄┄┄┄┄┄┄┄┄┄┄┄┄┄┄┄┄┄┄┄┄┄┄┄┄┄┄┄┄┄┄┄┄┄┄┄┄┄┄
│ 🐛 💾 Database: Test AppDatabase instance created (in-memory)
└───────────────────────────────────────────────────────────────────────────────────────────────────────────────────────

00:02 +20 -1: /Users/mr42/code/flutter/tmp/filler/test/integration/page_state_transitions_test.dart: BLoC State Transitions - All Pages Canvas BLoC - Load Existing Canvas State Transitions           
┌───────────────────────────────────────────────────────────────────────────────────────────────────────────────────────
│ #0   AppLogger.database (package:filler/core/logging.dart:49:13)
│ #1   createTestDatabaseConnection.<anonymous closure> (package:filler/data/database_connection.dart:22:15)
├┄┄┄┄┄┄┄┄┄┄┄┄┄┄┄┄┄┄┄┄┄┄┄┄┄┄┄┄┄┄┄┄┄┄┄┄┄┄┄┄┄┄┄┄┄┄┄┄┄┄┄┄┄┄┄┄┄┄┄┄┄┄┄┄┄┄┄┄┄┄┄┄┄┄┄┄┄┄┄┄┄┄┄┄┄┄┄┄┄┄┄┄┄┄┄┄┄┄┄┄┄┄┄┄┄┄┄┄┄┄┄┄┄┄┄┄┄┄┄
│ 07:38:48.491 (+0:00:00.687507)
├┄┄┄┄┄┄┄┄┄┄┄┄┄┄┄┄┄┄┄┄┄┄┄┄┄┄┄┄┄┄┄┄┄┄┄┄┄┄┄┄┄┄┄┄┄┄┄┄┄┄┄┄┄┄┄┄┄┄┄┄┄┄┄┄┄┄┄┄┄┄┄┄┄┄┄┄┄┄┄┄┄┄┄┄┄┄┄┄┄┄┄┄┄┄┄┄┄┄┄┄┄┄┄┄┄┄┄┄┄┄┄┄┄┄┄┄┄┄┄
│ 🐛 💾 Database: Test AppDatabase instance created (in-memory)
└───────────────────────────────────────────────────────────────────────────────────────────────────────────────────────

00:02 +20 -1: /Users/mr42/code/flutter/tmp/filler/test/integration/platform_specific_test.dart: Platform-Specific Database Integration Canvas Operations Work Cross-Platform                           
┌───────────────────────────────────────────────────────────────────────────────────────────────────────────────────────
│ {version: 4, wasCreated: true, hadUpgrade: false}
├┄┄┄┄┄┄┄┄┄┄┄┄┄┄┄┄┄┄┄┄┄┄┄┄┄┄┄┄┄┄┄┄┄┄┄┄┄┄┄┄┄┄┄┄┄┄┄┄┄┄┄┄┄┄┄┄┄┄┄┄┄┄┄┄┄┄┄┄┄┄┄┄┄┄┄┄┄┄┄┄┄┄┄┄┄┄┄┄┄┄┄┄┄┄┄┄┄┄┄┄┄┄┄┄┄┄┄┄┄┄┄┄┄┄┄┄┄┄┄
│ #0   AppLogger.database (package:filler/core/logging.dart:49:13)
│ #1   AppDatabase.migration.<anonymous closure> (package:filler/data/database.dart:211:17)
│ #2   GeneratedDatabase.beforeOpen.<anonymous closure> (package:drift/src/runtime/api/db_base.dart:137:44)
│ #3   <asynchronous suspension>
│ #4   DelegatedDatabase._runMigrations (package:drift/src/runtime/executor/helpers/engines.dart:512:5)
│ #5   <asynchronous suspension>
│ #6   DelegatedDatabase.ensureOpen.<anonymous closure> (package:drift/src/runtime/executor/helpers/engines.dart:476:9)
│ #7   <asynchronous suspension>
├┄┄┄┄┄┄┄┄┄┄┄┄┄┄┄┄┄┄┄┄┄┄┄┄┄┄┄┄┄┄┄┄┄┄┄┄┄┄┄┄┄┄┄┄┄┄┄┄┄┄┄┄┄┄┄┄┄┄┄┄┄┄┄┄┄┄┄┄┄┄┄┄┄┄┄┄┄┄┄┄┄┄┄┄┄┄┄┄┄┄┄┄┄┄┄┄┄┄┄┄┄┄┄┄┄┄┄┄┄┄┄┄┄┄┄┄┄┄┄

00:02 +20 -1: /Users/mr42/code/flutter/tmp/filler/test/integration/page_state_transitions_test.dart: BLoC State Transitions - All Pages Canvas BLoC - Load Existing Canvas State Transitions           
┌───────────────────────────────────────────────────────────────────────────────────────────────────────────────────────

00:02 +20 -1: /Users/mr42/code/flutter/tmp/filler/test/integration/platform_specific_test.dart: Platform-Specific Database Integration Canvas Operations Work Cross-Platform                           
│ 07:38:48.492 (+0:00:00.897322)

00:02 +20 -1: /Users/mr42/code/flutter/tmp/filler/test/integration/page_state_transitions_test.dart: BLoC State Transitions - All Pages Canvas BLoC - Load Existing Canvas State Transitions           
│ {version: 4, wasCreated: true, hadUpgrade: false}

00:02 +20 -1: /Users/mr42/code/flutter/tmp/filler/test/integration/platform_specific_test.dart: Platform-Specific Database Integration Canvas Operations Work Cross-Platform                           
├┄┄┄┄┄┄┄┄┄┄┄┄┄┄┄┄┄┄┄┄┄┄┄┄┄┄┄┄┄┄┄┄┄┄┄┄┄┄┄┄┄┄┄┄┄┄┄┄┄┄┄┄┄┄┄┄┄┄┄┄┄┄┄┄┄┄┄┄┄┄┄┄┄┄┄┄┄┄┄┄┄┄┄┄┄┄┄┄┄┄┄┄┄┄┄┄┄┄┄┄┄┄┄┄┄┄┄┄┄┄┄┄┄┄┄┄┄┄┄

00:02 +20 -1: /Users/mr42/code/flutter/tmp/filler/test/integration/page_state_transitions_test.dart: BLoC State Transitions - All Pages Canvas BLoC - Load Existing Canvas State Transitions           
├┄┄┄┄┄┄┄┄┄┄┄┄┄┄┄┄┄┄┄┄┄┄┄┄┄┄┄┄┄┄┄┄┄┄┄┄┄┄┄┄┄┄┄┄┄┄┄┄┄┄┄┄┄┄┄┄┄┄┄┄┄┄┄┄┄┄┄┄┄┄┄┄┄┄┄┄┄┄┄┄┄┄┄┄┄┄┄┄┄┄┄┄┄┄┄┄┄┄┄┄┄┄┄┄┄┄┄┄┄┄┄┄┄┄┄┄┄┄┄

00:02 +20 -1: /Users/mr42/code/flutter/tmp/filler/test/integration/platform_specific_test.dart: Platform-Specific Database Integration Canvas Operations Work Cross-Platform                           
│ 🐛 💾 Database: Database opened

00:02 +20 -1: /Users/mr42/code/flutter/tmp/filler/test/integration/page_state_transitions_test.dart: BLoC State Transitions - All Pages Canvas BLoC - Load Existing Canvas State Transitions           
│ #0   AppLogger.database (package:filler/core/logging.dart:49:13)

00:02 +20 -1: /Users/mr42/code/flutter/tmp/filler/test/integration/platform_specific_test.dart: Platform-Specific Database Integration Canvas Operations Work Cross-Platform                           
└───────────────────────────────────────────────────────────────────────────────────────────────────────────────────────

00:02 +20 -1: /Users/mr42/code/flutter/tmp/filler/test/integration/page_state_transitions_test.dart: BLoC State Transitions - All Pages Canvas BLoC - Load Existing Canvas State Transitions           
│ #1   AppDatabase.migration.<anonymous closure> (package:filler/data/database.dart:211:17)
│ #2   GeneratedDatabase.beforeOpen.<anonymous closure> (package:drift/src/runtime/api/db_base.dart:137:44)
│ #3   <asynchronous suspension>
│ #4   DelegatedDatabase._runMigrations (package:drift/src/runtime/executor/helpers/engines.dart:512:5)
│ #5   <asynchronous suspension>
│ #6   DelegatedDatabase.ensureOpen.<anonymous closure> (package:drift/src/runtime/executor/helpers/engines.dart:476:9)
│ #7   <asynchronous suspension>

00:02 +20 -1: /Users/mr42/code/flutter/tmp/filler/test/integration/platform_specific_test.dart: Platform-Specific Database Integration Canvas Operations Work Cross-Platform                           
┌───────────────────────────────────────────────────────────────────────────────────────────────────────────────────────

00:02 +20 -1: /Users/mr42/code/flutter/tmp/filler/test/integration/page_state_transitions_test.dart: BLoC State Transitions - All Pages Canvas BLoC - Load Existing Canvas State Transitions           
├┄┄┄┄┄┄┄┄┄┄┄┄┄┄┄┄┄┄┄┄┄┄┄┄┄┄┄┄┄┄┄┄┄┄┄┄┄┄┄┄┄┄┄┄┄┄┄┄┄┄┄┄┄┄┄┄┄┄┄┄┄┄┄┄┄┄┄┄┄┄┄┄┄┄┄┄┄┄┄┄┄┄┄┄┄┄┄┄┄┄┄┄┄┄┄┄┄┄┄┄┄┄┄┄┄┄┄┄┄┄┄┄┄┄┄┄┄┄┄
│ 07:38:48.494 (+0:00:00.690022)

00:02 +20 -1: /Users/mr42/code/flutter/tmp/filler/test/integration/platform_specific_test.dart: Platform-Specific Database Integration Canvas Operations Work Cross-Platform                           
│ {count: 0, keys: []}

00:02 +20 -1: /Users/mr42/code/flutter/tmp/filler/test/integration/page_state_transitions_test.dart: BLoC State Transitions - All Pages Canvas BLoC - Load Existing Canvas State Transitions           
├┄┄┄┄┄┄┄┄┄┄┄┄┄┄┄┄┄┄┄┄┄┄┄┄┄┄┄┄┄┄┄┄┄┄┄┄┄┄┄┄┄┄┄┄┄┄┄┄┄┄┄┄┄┄┄┄┄┄┄┄┄┄┄┄┄┄┄┄┄┄┄┄┄┄┄┄┄┄┄┄┄┄┄┄┄┄┄┄┄┄┄┄┄┄┄┄┄┄┄┄┄┄┄┄┄┄┄┄┄┄┄┄┄┄┄┄┄┄┄

00:02 +20 -1: /Users/mr42/code/flutter/tmp/filler/test/integration/platform_specific_test.dart: Platform-Specific Database Integration Canvas Operations Work Cross-Platform                           
├┄┄┄┄┄┄┄┄┄┄┄┄┄┄┄┄┄┄┄┄┄┄┄┄┄┄┄┄┄┄┄┄┄┄┄┄┄┄┄┄┄┄┄┄┄┄┄┄┄┄┄┄┄┄┄┄┄┄┄┄┄┄┄┄┄┄┄┄┄┄┄┄┄┄┄┄┄┄┄┄┄┄┄┄┄┄┄┄┄┄┄┄┄┄┄┄┄┄┄┄┄┄┄┄┄┄┄┄┄┄┄┄┄┄┄┄┄┄┄

00:02 +20 -1: /Users/mr42/code/flutter/tmp/filler/test/integration/page_state_transitions_test.dart: BLoC State Transitions - All Pages Canvas BLoC - Load Existing Canvas State Transitions           
│ 🐛 💾 Database: Database opened
└───────────────────────────────────────────────────────────────────────────────────────────────────────────────────────

00:02 +20 -1: /Users/mr42/code/flutter/tmp/filler/test/integration/platform_specific_test.dart: Platform-Specific Database Integration Canvas Operations Work Cross-Platform                           
│ #0   AppLogger.database (package:filler/core/logging.dart:49:13)
│ #1   AppDatabase.getAllPreferences (package:filler/data/database.dart:364:17)
│ #2   <asynchronous suspension>
│ #3   PreferencesRepository.get (package:filler/domain/repositories.dart:427:24)
│ #4   <asynchronous suspension>
│ #5   new CanvasBloc.<anonymous closure> (package:filler/features/canvas/presentation/canvas_bloc.dart:113:19)
│ #6   <asynchronous suspension>
│ #7   Bloc.on.<anonymous closure>.handleEvent (package:bloc/src/bloc.dart:226:13)
├┄┄┄┄┄┄┄┄┄┄┄┄┄┄┄┄┄┄┄┄┄┄┄┄┄┄┄┄┄┄┄┄┄┄┄┄┄┄┄┄┄┄┄┄┄┄┄┄┄┄┄┄┄┄┄┄┄┄┄┄┄┄┄┄┄┄┄┄┄┄┄┄┄┄┄┄┄┄┄┄┄┄┄┄┄┄┄┄┄┄┄┄┄┄┄┄┄┄┄┄┄┄┄┄┄┄┄┄┄┄┄┄┄┄┄┄┄┄┄
│ 07:38:48.495 (+0:00:00.899887)

00:02 +20 -1: /Users/mr42/code/flutter/tmp/filler/test/integration/page_state_transitions_test.dart: BLoC State Transitions - All Pages Canvas BLoC - Load Existing Canvas State Transitions           
┌───────────────────────────────────────────────────────────────────────────────────────────────────────────────────────
│ {id: 1}
├┄┄┄┄┄┄┄┄┄┄┄┄┄┄┄┄┄┄┄┄┄┄┄┄┄┄┄┄┄┄┄┄┄┄┄┄┄┄┄┄┄┄┄┄┄┄┄┄┄┄┄┄┄┄┄┄┄┄┄┄┄┄┄┄┄┄┄┄┄┄┄┄┄┄┄┄┄┄┄┄┄┄┄┄┄┄┄┄┄┄┄┄┄┄┄┄┄┄┄┄┄┄┄┄┄┄┄┄┄┄┄┄┄┄┄┄┄┄┄

00:02 +20 -1: /Users/mr42/code/flutter/tmp/filler/test/integration/platform_specific_test.dart: Platform-Specific Database Integration Canvas Operations Work Cross-Platform                           
├┄┄┄┄┄┄┄┄┄┄┄┄┄┄┄┄┄┄┄┄┄┄┄┄┄┄┄┄┄┄┄┄┄┄┄┄┄┄┄┄┄┄┄┄┄┄┄┄┄┄┄┄┄┄┄┄┄┄┄┄┄┄┄┄┄┄┄┄┄┄┄┄┄┄┄┄┄┄┄┄┄┄┄┄┄┄┄┄┄┄┄┄┄┄┄┄┄┄┄┄┄┄┄┄┄┄┄┄┄┄┄┄┄┄┄┄┄┄┄
│ 🐛 💾 Database: Retrieved all preferences
└───────────────────────────────────────────────────────────────────────────────────────────────────────────────────────

00:02 +20 -1: /Users/mr42/code/flutter/tmp/filler/test/integration/page_state_transitions_test.dart: BLoC State Transitions - All Pages Canvas BLoC - Load Existing Canvas State Transitions           
│ #0   AppLogger.database (package:filler/core/logging.dart:49:13)

00:02 +20 -1: /Users/mr42/code/flutter/tmp/filler/test/integration/platform_specific_test.dart: Platform-Specific Database Integration Canvas Operations Work Cross-Platform                           
┌───────────────────────────────────────────────────────────────────────────────────────────────────────────────────────

00:02 +20 -1: /Users/mr42/code/flutter/tmp/filler/test/integration/page_state_transitions_test.dart: BLoC State Transitions - All Pages Canvas BLoC - Load Existing Canvas State Transitions           
│ #1   AppDatabase.insertCanvas (package:filler/data/database.dart:234:17)
│ #2   <asynchronous suspension>

00:02 +20 -1: /Users/mr42/code/flutter/tmp/filler/test/integration/platform_specific_test.dart: Platform-Specific Database Integration Canvas Operations Work Cross-Platform                           
│ {key: width, defaultValue: 10}

00:02 +20 -1: /Users/mr42/code/flutter/tmp/filler/test/integration/page_state_transitions_test.dart: BLoC State Transitions - All Pages Canvas BLoC - Load Existing Canvas State Transitions           
│ #3   CanvasRepository.add (package:filler/domain/repositories.dart:90:24)

00:02 +20 -1: /Users/mr42/code/flutter/tmp/filler/test/integration/platform_specific_test.dart: Platform-Specific Database Integration Canvas Operations Work Cross-Platform                           
├┄┄┄┄┄┄┄┄┄┄┄┄┄┄┄┄┄┄┄┄┄┄┄┄┄┄┄┄┄┄┄┄┄┄┄┄┄┄┄┄┄┄┄┄┄┄┄┄┄┄┄┄┄┄┄┄┄┄┄┄┄┄┄┄┄┄┄┄┄┄┄┄┄┄┄┄┄┄┄┄┄┄┄┄┄┄┄┄┄┄┄┄┄┄┄┄┄┄┄┄┄┄┄┄┄┄┄┄┄┄┄┄┄┄┄┄┄┄┄
│ #0   AppLogger.preferences (package:filler/core/logging.dart:64:13)
│ #1   PreferencesRepository._getIntValue (package:filler/domain/repositories.dart:493:17)

00:02 +20 -1: /Users/mr42/code/flutter/tmp/filler/test/integration/page_state_transitions_test.dart: BLoC State Transitions - All Pages Canvas BLoC - Load Existing Canvas State Transitions           
│ #4   <asynchronous suspension>

00:02 +20 -1: /Users/mr42/code/flutter/tmp/filler/test/integration/platform_specific_test.dart: Platform-Specific Database Integration Canvas Operations Work Cross-Platform                           
│ #2   PreferencesRepository.get (package:filler/domain/repositories.dart:431:21)

00:02 +20 -1: /Users/mr42/code/flutter/tmp/filler/test/integration/page_state_transitions_test.dart: BLoC State Transitions - All Pages Canvas BLoC - Load Existing Canvas State Transitions           
│ #5   main.<anonymous closure>.<anonymous closure> (file:///Users/mr42/code/flutter/tmp/filler/test/integration/page_state_transitions_test.dart:71:24)

00:02 +20 -1: /Users/mr42/code/flutter/tmp/filler/test/integration/platform_specific_test.dart: Platform-Specific Database Integration Canvas Operations Work Cross-Platform                           
│ #3   <asynchronous suspension>

00:02 +20 -1: /Users/mr42/code/flutter/tmp/filler/test/integration/page_state_transitions_test.dart: BLoC State Transitions - All Pages Canvas BLoC - Load Existing Canvas State Transitions           
│ #6   <asynchronous suspension>
│ #7   Declarer.test.<anonymous closure>.<anonymous closure> (package:test_api/src/backend/declarer.dart:242:9)

00:02 +20 -1: /Users/mr42/code/flutter/tmp/filler/test/integration/platform_specific_test.dart: Platform-Specific Database Integration Canvas Operations Work Cross-Platform                           
│ #4   new CanvasBloc.<anonymous closure> (package:filler/features/canvas/presentation/canvas_bloc.dart:113:19)

00:02 +20 -1: /Users/mr42/code/flutter/tmp/filler/test/integration/page_state_transitions_test.dart: BLoC State Transitions - All Pages Canvas BLoC - Load Existing Canvas State Transitions           
├┄┄┄┄┄┄┄┄┄┄┄┄┄┄┄┄┄┄┄┄┄┄┄┄┄┄┄┄┄┄┄┄┄┄┄┄┄┄┄┄┄┄┄┄┄┄┄┄┄┄┄┄┄┄┄┄┄┄┄┄┄┄┄┄┄┄┄┄┄┄┄┄┄┄┄┄┄┄┄┄┄┄┄┄┄┄┄┄┄┄┄┄┄┄┄┄┄┄┄┄┄┄┄┄┄┄┄┄┄┄┄┄┄┄┄┄┄┄┄

00:02 +20 -1: /Users/mr42/code/flutter/tmp/filler/test/integration/platform_specific_test.dart: Platform-Specific Database Integration Canvas Operations Work Cross-Platform                           
│ #5   <asynchronous suspension>

00:02 +20 -1: /Users/mr42/code/flutter/tmp/filler/test/integration/page_state_transitions_test.dart: BLoC State Transitions - All Pages Canvas BLoC - Load Existing Canvas State Transitions           
│ 07:38:48.496 (+0:00:00.692428)
├┄┄┄┄┄┄┄┄┄┄┄┄┄┄┄┄┄┄┄┄┄┄┄┄┄┄┄┄┄┄┄┄┄┄┄┄┄┄┄┄┄┄┄┄┄┄┄┄┄┄┄┄┄┄┄┄┄┄┄┄┄┄┄┄┄┄┄┄┄┄┄┄┄┄┄┄┄┄┄┄┄┄┄┄┄┄┄┄┄┄┄┄┄┄┄┄┄┄┄┄┄┄┄┄┄┄┄┄┄┄┄┄┄┄┄┄┄┄┄

00:02 +20 -1: /Users/mr42/code/flutter/tmp/filler/test/integration/platform_specific_test.dart: Platform-Specific Database Integration Canvas Operations Work Cross-Platform                           
│ #6   Bloc.on.<anonymous closure>.handleEvent (package:bloc/src/bloc.dart:226:13)
│ #7   <asynchronous suspension>

00:02 +20 -1: /Users/mr42/code/flutter/tmp/filler/test/integration/page_state_transitions_test.dart: BLoC State Transitions - All Pages Canvas BLoC - Load Existing Canvas State Transitions           
│ 🐛 💾 Database: Canvas inserted with ID
└───────────────────────────────────────────────────────────────────────────────────────────────────────────────────────

00:02 +20 -1: /Users/mr42/code/flutter/tmp/filler/test/integration/platform_specific_test.dart: Platform-Specific Database Integration Canvas Operations Work Cross-Platform                           
├┄┄┄┄┄┄┄┄┄┄┄┄┄┄┄┄┄┄┄┄┄┄┄┄┄┄┄┄┄┄┄┄┄┄┄┄┄┄┄┄┄┄┄┄┄┄┄┄┄┄┄┄┄┄┄┄┄┄┄┄┄┄┄┄┄┄┄┄┄┄┄┄┄┄┄┄┄┄┄┄┄┄┄┄┄┄┄┄┄┄┄┄┄┄┄┄┄┄┄┄┄┄┄┄┄┄┄┄┄┄┄┄┄┄┄┄┄┄┄
│ 07:38:48.497 (+0:00:00.901673)
├┄┄┄┄┄┄┄┄┄┄┄┄┄┄┄┄┄┄┄┄┄┄┄┄┄┄┄┄┄┄┄┄┄┄┄┄┄┄┄┄┄┄┄┄┄┄┄┄┄┄┄┄┄┄┄┄┄┄┄┄┄┄┄┄┄┄┄┄┄┄┄┄┄┄┄┄┄┄┄┄┄┄┄┄┄┄┄┄┄┄┄┄┄┄┄┄┄┄┄┄┄┄┄┄┄┄┄┄┄┄┄┄┄┄┄┄┄┄┄
│ 🐛 ⚙️ Preferences: Using default for missing key
└───────────────────────────────────────────────────────────────────────────────────────────────────────────────────────

00:02 +20 -1: /Users/mr42/code/flutter/tmp/filler/test/integration/page_state_transitions_test.dart: BLoC State Transitions - All Pages Canvas BLoC - Load Existing Canvas State Transitions           
┌───────────────────────────────────────────────────────────────────────────────────────────────────────────────────────
│ {id: 1, title: Test Canvas, insertTime: 10ms}
├┄┄┄┄┄┄┄┄┄┄┄┄┄┄┄┄┄┄┄┄┄┄┄┄┄┄┄┄┄┄┄┄┄┄┄┄┄┄┄┄┄┄┄┄┄┄┄┄┄┄┄┄┄┄┄┄┄┄┄┄┄┄┄┄┄┄┄┄┄┄┄┄┄┄┄┄┄┄┄┄┄┄┄┄┄┄┄┄┄┄┄┄┄┄┄┄┄┄┄┄┄┄┄┄┄┄┄┄┄┄┄┄┄┄┄┄┄┄┄
│ #0   AppLogger.database (package:filler/core/logging.dart:49:13)
│ #1   CanvasRepository.add (package:filler/domain/repositories.dart:103:17)

00:02 +20 -1: /Users/mr42/code/flutter/tmp/filler/test/integration/platform_specific_test.dart: Platform-Specific Database Integration Canvas Operations Work Cross-Platform                           
┌───────────────────────────────────────────────────────────────────────────────────────────────────────────────────────

00:02 +20 -1: /Users/mr42/code/flutter/tmp/filler/test/integration/page_state_transitions_test.dart: BLoC State Transitions - All Pages Canvas BLoC - Load Existing Canvas State Transitions           
│ #2   <asynchronous suspension>

00:02 +20 -1: /Users/mr42/code/flutter/tmp/filler/test/integration/platform_specific_test.dart: Platform-Specific Database Integration Canvas Operations Work Cross-Platform                           
│ {key: height, defaultValue: 10}
├┄┄┄┄┄┄┄┄┄┄┄┄┄┄┄┄┄┄┄┄┄┄┄┄┄┄┄┄┄┄┄┄┄┄┄┄┄┄┄┄┄┄┄┄┄┄┄┄┄┄┄┄┄┄┄┄┄┄┄┄┄┄┄┄┄┄┄┄┄┄┄┄┄┄┄┄┄┄┄┄┄┄┄┄┄┄┄┄┄┄┄┄┄┄┄┄┄┄┄┄┄┄┄┄┄┄┄┄┄┄┄┄┄┄┄┄┄┄┄

00:02 +20 -1: /Users/mr42/code/flutter/tmp/filler/test/integration/page_state_transitions_test.dart: BLoC State Transitions - All Pages Canvas BLoC - Load Existing Canvas State Transitions           
│ #3   main.<anonymous closure>.<anonymous closure> (file:///Users/mr42/code/flutter/tmp/filler/test/integration/page_state_transitions_test.dart:71:24)

00:02 +20 -1: /Users/mr42/code/flutter/tmp/filler/test/integration/platform_specific_test.dart: Platform-Specific Database Integration Canvas Operations Work Cross-Platform                           
│ #0   AppLogger.preferences (package:filler/core/logging.dart:64:13)

00:02 +20 -1: /Users/mr42/code/flutter/tmp/filler/test/integration/page_state_transitions_test.dart: BLoC State Transitions - All Pages Canvas BLoC - Load Existing Canvas State Transitions           
│ #4   <asynchronous suspension>

00:02 +20 -1: /Users/mr42/code/flutter/tmp/filler/test/integration/platform_specific_test.dart: Platform-Specific Database Integration Canvas Operations Work Cross-Platform                           
│ #1   PreferencesRepository._getIntValue (package:filler/domain/repositories.dart:493:17)

00:02 +20 -1: /Users/mr42/code/flutter/tmp/filler/test/integration/page_state_transitions_test.dart: BLoC State Transitions - All Pages Canvas BLoC - Load Existing Canvas State Transitions           
│ #5   Declarer.test.<anonymous closure>.<anonymous closure> (package:test_api/src/backend/declarer.dart:242:9)

00:02 +20 -1: /Users/mr42/code/flutter/tmp/filler/test/integration/platform_specific_test.dart: Platform-Specific Database Integration Canvas Operations Work Cross-Platform                           
│ #2   PreferencesRepository.get (package:filler/domain/repositories.dart:432:22)

00:02 +20 -1: /Users/mr42/code/flutter/tmp/filler/test/integration/page_state_transitions_test.dart: BLoC State Transitions - All Pages Canvas BLoC - Load Existing Canvas State Transitions           
│ #6   <asynchronous suspension>

00:02 +20 -1: /Users/mr42/code/flutter/tmp/filler/test/integration/platform_specific_test.dart: Platform-Specific Database Integration Canvas Operations Work Cross-Platform                           
│ #3   <asynchronous suspension>

00:02 +20 -1: /Users/mr42/code/flutter/tmp/filler/test/integration/page_state_transitions_test.dart: BLoC State Transitions - All Pages Canvas BLoC - Load Existing Canvas State Transitions           
│ #7   Declarer.test.<anonymous closure> (package:test_api/src/backend/declarer.dart:240:7)

00:02 +20 -1: /Users/mr42/code/flutter/tmp/filler/test/integration/platform_specific_test.dart: Platform-Specific Database Integration Canvas Operations Work Cross-Platform                           
│ #4   new CanvasBloc.<anonymous closure> (package:filler/features/canvas/presentation/canvas_bloc.dart:113:19)

00:02 +20 -1: /Users/mr42/code/flutter/tmp/filler/test/integration/page_state_transitions_test.dart: BLoC State Transitions - All Pages Canvas BLoC - Load Existing Canvas State Transitions           
├┄┄┄┄┄┄┄┄┄┄┄┄┄┄┄┄┄┄┄┄┄┄┄┄┄┄┄┄┄┄┄┄┄┄┄┄┄┄┄┄┄┄┄┄┄┄┄┄┄┄┄┄┄┄┄┄┄┄┄┄┄┄┄┄┄┄┄┄┄┄┄┄┄┄┄┄┄┄┄┄┄┄┄┄┄┄┄┄┄┄┄┄┄┄┄┄┄┄┄┄┄┄┄┄┄┄┄┄┄┄┄┄┄┄┄┄┄┄┄

00:02 +20 -1: /Users/mr42/code/flutter/tmp/filler/test/integration/platform_specific_test.dart: Platform-Specific Database Integration Canvas Operations Work Cross-Platform                           
│ #5   <asynchronous suspension>

00:02 +20 -1: /Users/mr42/code/flutter/tmp/filler/test/integration/page_state_transitions_test.dart: BLoC State Transitions - All Pages Canvas BLoC - Load Existing Canvas State Transitions           
│ 07:38:48.498 (+0:00:00.694562)

00:02 +20 -1: /Users/mr42/code/flutter/tmp/filler/test/integration/platform_specific_test.dart: Platform-Specific Database Integration Canvas Operations Work Cross-Platform                           
│ #6   Bloc.on.<anonymous closure>.handleEvent (package:bloc/src/bloc.dart:226:13)

00:02 +20 -1: /Users/mr42/code/flutter/tmp/filler/test/integration/page_state_transitions_test.dart: BLoC State Transitions - All Pages Canvas BLoC - Load Existing Canvas State Transitions           
├┄┄┄┄┄┄┄┄┄┄┄┄┄┄┄┄┄┄┄┄┄┄┄┄┄┄┄┄┄┄┄┄┄┄┄┄┄┄┄┄┄┄┄┄┄┄┄┄┄┄┄┄┄┄┄┄┄┄┄┄┄┄┄┄┄┄┄┄┄┄┄┄┄┄┄┄┄┄┄┄┄┄┄┄┄┄┄┄┄┄┄┄┄┄┄┄┄┄┄┄┄┄┄┄┄┄┄┄┄┄┄┄┄┄┄┄┄┄┄

00:02 +20 -1: /Users/mr42/code/flutter/tmp/filler/test/integration/platform_specific_test.dart: Platform-Specific Database Integration Canvas Operations Work Cross-Platform                           
│ #7   <asynchronous suspension>

00:02 +20 -1: /Users/mr42/code/flutter/tmp/filler/test/integration/page_state_transitions_test.dart: BLoC State Transitions - All Pages Canvas BLoC - Load Existing Canvas State Transitions           
│ 🐛 💾 Database: Canvas created successfully

00:02 +20 -1: /Users/mr42/code/flutter/tmp/filler/test/integration/platform_specific_test.dart: Platform-Specific Database Integration Canvas Operations Work Cross-Platform                           
├┄┄┄┄┄┄┄┄┄┄┄┄┄┄┄┄┄┄┄┄┄┄┄┄┄┄┄┄┄┄┄┄┄┄┄┄┄┄┄┄┄┄┄┄┄┄┄┄┄┄┄┄┄┄┄┄┄┄┄┄┄┄┄┄┄┄┄┄┄┄┄┄┄┄┄┄┄┄┄┄┄┄┄┄┄┄┄┄┄┄┄┄┄┄┄┄┄┄┄┄┄┄┄┄┄┄┄┄┄┄┄┄┄┄┄┄┄┄┄

00:02 +20 -1: /Users/mr42/code/flutter/tmp/filler/test/integration/page_state_transitions_test.dart: BLoC State Transitions - All Pages Canvas BLoC - Load Existing Canvas State Transitions           
└───────────────────────────────────────────────────────────────────────────────────────────────────────────────────────

00:02 +20 -1: /Users/mr42/code/flutter/tmp/filler/test/integration/platform_specific_test.dart: Platform-Specific Database Integration Canvas Operations Work Cross-Platform                           
│ 07:38:48.499 (+0:00:00.903578)
├┄┄┄┄┄┄┄┄┄┄┄┄┄┄┄┄┄┄┄┄┄┄┄┄┄┄┄┄┄┄┄┄┄┄┄┄┄┄┄┄┄┄┄┄┄┄┄┄┄┄┄┄┄┄┄┄┄┄┄┄┄┄┄┄┄┄┄┄┄┄┄┄┄┄┄┄┄┄┄┄┄┄┄┄┄┄┄┄┄┄┄┄┄┄┄┄┄┄┄┄┄┄┄┄┄┄┄┄┄┄┄┄┄┄┄┄┄┄┄
│ 🐛 ⚙️ Preferences: Using default for missing key
└───────────────────────────────────────────────────────────────────────────────────────────────────────────────────────
┌───────────────────────────────────────────────────────────────────────────────────────────────────────────────────────
│ {key: insets, defaultValue: 0}
├┄┄┄┄┄┄┄┄┄┄┄┄┄┄┄┄┄┄┄┄┄┄┄┄┄┄┄┄┄┄┄┄┄┄┄┄┄┄┄┄┄┄┄┄┄┄┄┄┄┄┄┄┄┄┄┄┄┄┄┄┄┄┄┄┄┄┄┄┄┄┄┄┄┄┄┄┄┄┄┄┄┄┄┄┄┄┄┄┄┄┄┄┄┄┄┄┄┄┄┄┄┄┄┄┄┄┄┄┄┄┄┄┄┄┄┄┄┄┄
│ #0   AppLogger.preferences (package:filler/core/logging.dart:64:13)
│ #1   PreferencesRepository._getIntValue (package:filler/domain/repositories.dart:493:17)
│ #2   PreferencesRepository.get (package:filler/domain/repositories.dart:437:22)
│ #3   <asynchronous suspension>
│ #4   new CanvasBloc.<anonymous closure> (package:filler/features/canvas/presentation/canvas_bloc.dart:113:19)
│ #5   <asynchronous suspension>
│ #6   Bloc.on.<anonymous closure>.handleEvent (package:bloc/src/bloc.dart:226:13)
│ #7   <asynchronous suspension>
├┄┄┄┄┄┄┄┄┄┄┄┄┄┄┄┄┄┄┄┄┄┄┄┄┄┄┄┄┄┄┄┄┄┄┄┄┄┄┄┄┄┄┄┄┄┄┄┄┄┄┄┄┄┄┄┄┄┄┄┄┄┄┄┄┄┄┄┄┄┄┄┄┄┄┄┄┄┄┄┄┄┄┄┄┄┄┄┄┄┄┄┄┄┄┄┄┄┄┄┄┄┄┄┄┄┄┄┄┄┄┄┄┄┄┄┄┄┄┄
│ 07:38:48.500 (+0:00:00.905203)
├┄┄┄┄┄┄┄┄┄┄┄┄┄┄┄┄┄┄┄┄┄┄┄┄┄┄┄┄┄┄┄┄┄┄┄┄┄┄┄┄┄┄┄┄┄┄┄┄┄┄┄┄┄┄┄┄┄┄┄┄┄┄┄┄┄┄┄┄┄┄┄┄┄┄┄┄┄┄┄┄┄┄┄┄┄┄┄┄┄┄┄┄┄┄┄┄┄┄┄┄┄┄┄┄┄┄┄┄┄┄┄┄┄┄┄┄┄┄┄
│ 🐛 ⚙️ Preferences: Using default for missing key
└───────────────────────────────────────────────────────────────────────────────────────────────────────────────────────
┌───────────────────────────────────────────────────────────────────────────────────────────────────────────────────────
│ {key: defaultPattern, defaultValue: 1}
├┄┄┄┄┄┄┄┄┄┄┄┄┄┄┄┄┄┄┄┄┄┄┄┄┄┄┄┄┄┄┄┄┄┄┄┄┄┄┄┄┄┄┄┄┄┄┄┄┄┄┄┄┄┄┄┄┄┄┄┄┄┄┄┄┄┄┄┄┄┄┄┄┄┄┄┄┄┄┄┄┄┄┄┄┄┄┄┄┄┄┄┄┄┄┄┄┄┄┄┄┄┄┄┄┄┄┄┄┄┄┄┄┄┄┄┄┄┄┄
│ #0   AppLogger.preferences (package:filler/core/logging.dart:64:13)
│ #1   PreferencesRepository._getIntValue (package:filler/domain/repositories.dart:493:17)
│ #2   PreferencesRepository.get (package:filler/domain/repositories.dart:442:30)
│ #3   <asynchronous suspension>
│ #4   new CanvasBloc.<anonymous closure> (package:filler/features/canvas/presentation/canvas_bloc.dart:113:19)
│ #5   <asynchronous suspension>
│ #6   Bloc.on.<anonymous closure>.handleEvent (package:bloc/src/bloc.dart:226:13)
│ #7   <asynchronous suspension>
├┄┄┄┄┄┄┄┄┄┄┄┄┄┄┄┄┄┄┄┄┄┄┄┄┄┄┄┄┄┄┄┄┄┄┄┄┄┄┄┄┄┄┄┄┄┄┄┄┄┄┄┄┄┄┄┄┄┄┄┄┄┄┄┄┄┄┄┄┄┄┄┄┄┄┄┄┄┄┄┄┄┄┄┄┄┄┄┄┄┄┄┄┄┄┄┄┄┄┄┄┄┄┄┄┄┄┄┄┄┄┄┄┄┄┄┄┄┄┄
│ 07:38:48.502 (+0:00:00.907041)
├┄┄┄┄┄┄┄┄┄┄┄┄┄┄┄┄┄┄┄┄┄┄┄┄┄┄┄┄┄┄┄┄┄┄┄┄┄┄┄┄┄┄┄┄┄┄┄┄┄┄┄┄┄┄┄┄┄┄┄┄┄┄┄┄┄┄┄┄┄┄┄┄┄┄┄┄┄┄┄┄┄┄┄┄┄┄┄┄┄┄┄┄┄┄┄┄┄┄┄┄┄┄┄┄┄┄┄┄┄┄┄┄┄┄┄┄┄┄┄
│ 🐛 ⚙️ Preferences: Using default for missing key
└───────────────────────────────────────────────────────────────────────────────────────────────────────────────────────
┌───────────────────────────────────────────────────────────────────────────────────────────────────────────────────────
│ {key: themeMode, defaultValue: 2}
├┄┄┄┄┄┄┄┄┄┄┄┄┄┄┄┄┄┄┄┄┄┄┄┄┄┄┄┄┄┄┄┄┄┄┄┄┄┄┄┄┄┄┄┄┄┄┄┄┄┄┄┄┄┄┄┄┄┄┄┄┄┄┄┄┄┄┄┄┄┄┄┄┄┄┄┄┄┄┄┄┄┄┄┄┄┄┄┄┄┄┄┄┄┄┄┄┄┄┄┄┄┄┄┄┄┄┄┄┄┄┄┄┄┄┄┄┄┄┄
│ #0   AppLogger.preferences (package:filler/core/logging.dart:64:13)
│ #1   PreferencesRepository._getIntValue (package:filler/domain/repositories.dart:493:17)
│ #2   PreferencesRepository.get (package:filler/domain/repositories.dart:447:25)
│ #3   <asynchronous suspension>
│ #4   new CanvasBloc.<anonymous closure> (package:filler/features/canvas/presentation/canvas_bloc.dart:113:19)
│ #5   <asynchronous suspension>
│ #6   Bloc.on.<anonymous closure>.handleEvent (package:bloc/src/bloc.dart:226:13)
│ #7   <asynchronous suspension>
├┄┄┄┄┄┄┄┄┄┄┄┄┄┄┄┄┄┄┄┄┄┄┄┄┄┄┄┄┄┄┄┄┄┄┄┄┄┄┄┄┄┄┄┄┄┄┄┄┄┄┄┄┄┄┄┄┄┄┄┄┄┄┄┄┄┄┄┄┄┄┄┄┄┄┄┄┄┄┄┄┄┄┄┄┄┄┄┄┄┄┄┄┄┄┄┄┄┄┄┄┄┄┄┄┄┄┄┄┄┄┄┄┄┄┄┄┄┄┄
│ 07:38:48.504 (+0:00:00.908850)
├┄┄┄┄┄┄┄┄┄┄┄┄┄┄┄┄┄┄┄┄┄┄┄┄┄┄┄┄┄┄┄┄┄┄┄┄┄┄┄┄┄┄┄┄┄┄┄┄┄┄┄┄┄┄┄┄┄┄┄┄┄┄┄┄┄┄┄┄┄┄┄┄┄┄┄┄┄┄┄┄┄┄┄┄┄┄┄┄┄┄┄┄┄┄┄┄┄┄┄┄┄┄┄┄┄┄┄┄┄┄┄┄┄┄┄┄┄┄┄
│ 🐛 ⚙️ Preferences: Using default for missing key
└───────────────────────────────────────────────────────────────────────────────────────────────────────────────────────
┌───────────────────────────────────────────────────────────────────────────────────────────────────────────────────────
│ {key: width, value: 10}
├┄┄┄┄┄┄┄┄┄┄┄┄┄┄┄┄┄┄┄┄┄┄┄┄┄┄┄┄┄┄┄┄┄┄┄┄┄┄┄┄┄┄┄┄┄┄┄┄┄┄┄┄┄┄┄┄┄┄┄┄┄┄┄┄┄┄┄┄┄┄┄┄┄┄┄┄┄┄┄┄┄┄┄┄┄┄┄┄┄┄┄┄┄┄┄┄┄┄┄┄┄┄┄┄┄┄┄┄┄┄┄┄┄┄┄┄┄┄┄
│ #0   AppLogger.preferences (package:filler/core/logging.dart:64:13)
│ #1   PreferencesRepository._ensureDefaults (package:filler/domain/repositories.dart:519:19)
│ #2   PreferencesRepository.get (package:filler/domain/repositories.dart:454:13)
│ #3   <asynchronous suspension>
│ #4   new CanvasBloc.<anonymous closure> (package:filler/features/canvas/presentation/canvas_bloc.dart:113:19)
│ #5   <asynchronous suspension>
│ #6   Bloc.on.<anonymous closure>.handleEvent (package:bloc/src/bloc.dart:226:13)
│ #7   <asynchronous suspension>
├┄┄┄┄┄┄┄┄┄┄┄┄┄┄┄┄┄┄┄┄┄┄┄┄┄┄┄┄┄┄┄┄┄┄┄┄┄┄┄┄┄┄┄┄┄┄┄┄┄┄┄┄┄┄┄┄┄┄┄┄┄┄┄┄┄┄┄┄┄┄┄┄┄┄┄┄┄┄┄┄┄┄┄┄┄┄┄┄┄┄┄┄┄┄┄┄┄┄┄┄┄┄┄┄┄┄┄┄┄┄┄┄┄┄┄┄┄┄┄
│ 07:38:48.505 (+0:00:00.910243)
├┄┄┄┄┄┄┄┄┄┄┄┄┄┄┄┄┄┄┄┄┄┄┄┄┄┄┄┄┄┄┄┄┄┄┄┄┄┄┄┄┄┄┄┄┄┄┄┄┄┄┄┄┄┄┄┄┄┄┄┄┄┄┄┄┄┄┄┄┄┄┄┄┄┄┄┄┄┄┄┄┄┄┄┄┄┄┄┄┄┄┄┄┄┄┄┄┄┄┄┄┄┄┄┄┄┄┄┄┄┄┄┄┄┄┄┄┄┄┄
│ 🐛 ⚙️ Preferences: Creating missing default preference
└───────────────────────────────────────────────────────────────────────────────────────────────────────────────────────
┌───────────────────────────────────────────────────────────────────────────────────────────────────────────────────────
│ {key: width, value: 10, type: int}

00:02 +20 -1: /Users/mr42/code/flutter/tmp/filler/test/integration/page_state_transitions_test.dart: BLoC State Transitions - All Pages Canvas BLoC - Load Existing Canvas State Transitions           
┌───────────────────────────────────────────────────────────────────────────────────────────────────────────────────────
│ #0   AppLogger.bloc (package:filler/core/logging.dart:44:13)
│ #1   new CanvasBloc.<anonymous closure> (package:filler/features/canvas/presentation/canvas_bloc.dart:167:17)
├┄┄┄┄┄┄┄┄┄┄┄┄┄┄┄┄┄┄┄┄┄┄┄┄┄┄┄┄┄┄┄┄┄┄┄┄┄┄┄┄┄┄┄┄┄┄┄┄┄┄┄┄┄┄┄┄┄┄┄┄┄┄┄┄┄┄┄┄┄┄┄┄┄┄┄┄┄┄┄┄┄┄┄┄┄┄┄┄┄┄┄┄┄┄┄┄┄┄┄┄┄┄┄┄┄┄┄┄┄┄┄┄┄┄┄┄┄┄┄
│ 07:38:48.501 (+0:00:00.697012)
├┄┄┄┄┄┄┄┄┄┄┄┄┄┄┄┄┄┄┄┄┄┄┄┄┄┄┄┄┄┄┄┄┄┄┄┄┄┄┄┄┄┄┄┄┄┄┄┄┄┄┄┄┄┄┄┄┄┄┄┄┄┄┄┄┄┄┄┄┄┄┄┄┄┄┄┄┄┄┄┄┄┄┄┄┄┄┄┄┄┄┄┄┄┄┄┄┄┄┄┄┄┄┄┄┄┄┄┄┄┄┄┄┄┄┄┄┄┄┄
│ 🐛 🔄 BLoC[Canvas]: Load Event | initial → loading
└───────────────────────────────────────────────────────────────────────────────────────────────────────────────────────
┌───────────────────────────────────────────────────────────────────────────────────────────────────────────────────────
│ {id: 1}
├┄┄┄┄┄┄┄┄┄┄┄┄┄┄┄┄┄┄┄┄┄┄┄┄┄┄┄┄┄┄┄┄┄┄┄┄┄┄┄┄┄┄┄┄┄┄┄┄┄┄┄┄┄┄┄┄┄┄┄┄┄┄┄┄┄┄┄┄┄┄┄┄┄┄┄┄┄┄┄┄┄┄┄┄┄┄┄┄┄┄┄┄┄┄┄┄┄┄┄┄┄┄┄┄┄┄┄┄┄┄┄┄┄┄┄┄┄┄┄
│ #0   AppLogger.database (package:filler/core/logging.dart:49:13)
│ #1   CanvasRepository.getModelById (package:filler/domain/repositories.dart:279:15)
│ #2   new CanvasBloc.<anonymous closure> (package:filler/features/canvas/presentation/canvas_bloc.dart:172:35)
│ #3   Bloc.on.<anonymous closure>.handleEvent (package:bloc/src/bloc.dart:226:26)
│ #4   Bloc.on.<anonymous closure> (package:bloc/src/bloc.dart:235:9)
│ #5   _MapStream._handleData (dart:async/stream_pipe.dart:247:31)
│ #6   _ForwardingStreamSubscription._handleData (dart:async/stream_pipe.dart:184:13)
│ #7   StackZoneSpecification._registerUnaryCallback.<anonymous closure>.<anonymous closure> (package:stack_trace/src/stack_zone_specification.dart:127:36)
├┄┄┄┄┄┄┄┄┄┄┄┄┄┄┄┄┄┄┄┄┄┄┄┄┄┄┄┄┄┄┄┄┄┄┄┄┄┄┄┄┄┄┄┄┄┄┄┄┄┄┄┄┄┄┄┄┄┄┄┄┄┄┄┄┄┄┄┄┄┄┄┄┄┄┄┄┄┄┄┄┄┄┄┄┄┄┄┄┄┄┄┄┄┄┄┄┄┄┄┄┄┄┄┄┄┄┄┄┄┄┄┄┄┄┄┄┄┄┄
│ 07:38:48.503 (+0:00:00.699589)
├┄┄┄┄┄┄┄┄┄┄┄┄┄┄┄┄┄┄┄┄┄┄┄┄┄┄┄┄┄┄┄┄┄┄┄┄┄┄┄┄┄┄┄┄┄┄┄┄┄┄┄┄┄┄┄┄┄┄┄┄┄┄┄┄┄┄┄┄┄┄┄┄┄┄┄┄┄┄┄┄┄┄┄┄┄┄┄┄┄┄┄┄┄┄┄┄┄┄┄┄┄┄┄┄┄┄┄┄┄┄┄┄┄┄┄┄┄┄┄
│ 🐛 💾 Database: Fetching canvas model by ID
└───────────────────────────────────────────────────────────────────────────────────────────────────────────────────────

00:02 +20 -1: /Users/mr42/code/flutter/tmp/filler/test/integration/platform_specific_test.dart: Platform-Specific Database Integration Canvas Operations Work Cross-Platform                           
├┄┄┄┄┄┄┄┄┄┄┄┄┄┄┄┄┄┄┄┄┄┄┄┄┄┄┄┄┄┄┄┄┄┄┄┄┄┄┄┄┄┄┄┄┄┄┄┄┄┄┄┄┄┄┄┄┄┄┄┄┄┄┄┄┄┄┄┄┄┄┄┄┄┄┄┄┄┄┄┄┄┄┄┄┄┄┄┄┄┄┄┄┄┄┄┄┄┄┄┄┄┄┄┄┄┄┄┄┄┄┄┄┄┄┄┄┄┄┄
│ #0   AppLogger.database (package:filler/core/logging.dart:49:13)
│ #1   AppDatabase.setPreferenceValue (package:filler/data/database.dart:301:15)
│ #2   PreferencesRepository._ensureDefaults (package:filler/domain/repositories.dart:524:19)
│ #3   PreferencesRepository.get (package:filler/domain/repositories.dart:454:13)
│ #4   <asynchronous suspension>
│ #5   new CanvasBloc.<anonymous closure> (package:filler/features/canvas/presentation/canvas_bloc.dart:113:19)
│ #6   <asynchronous suspension>
│ #7   Bloc.on.<anonymous closure>.handleEvent (package:bloc/src/bloc.dart:226:13)
├┄┄┄┄┄┄┄┄┄┄┄┄┄┄┄┄┄┄┄┄┄┄┄┄┄┄┄┄┄┄┄┄┄┄┄┄┄┄┄┄┄┄┄┄┄┄┄┄┄┄┄┄┄┄┄┄┄┄┄┄┄┄┄┄┄┄┄┄┄┄┄┄┄┄┄┄┄┄┄┄┄┄┄┄┄┄┄┄┄┄┄┄┄┄┄┄┄┄┄┄┄┄┄┄┄┄┄┄┄┄┄┄┄┄┄┄┄┄┄
│ 07:38:48.507 (+0:00:00.911890)
├┄┄┄┄┄┄┄┄┄┄┄┄┄┄┄┄┄┄┄┄┄┄┄┄┄┄┄┄┄┄┄┄┄┄┄┄┄┄┄┄┄┄┄┄┄┄┄┄┄┄┄┄┄┄┄┄┄┄┄┄┄┄┄┄┄┄┄┄┄┄┄┄┄┄┄┄┄┄┄┄┄┄┄┄┄┄┄┄┄┄┄┄┄┄┄┄┄┄┄┄┄┄┄┄┄┄┄┄┄┄┄┄┄┄┄┄┄┄┄
│ 🐛 💾 Database: Setting preference value
└───────────────────────────────────────────────────────────────────────────────────────────────────────────────────────
┌───────────────────────────────────────────────────────────────────────────────────────────────────────────────────────
│ {key: width, value: 10}
├┄┄┄┄┄┄┄┄┄┄┄┄┄┄┄┄┄┄┄┄┄┄┄┄┄┄┄┄┄┄┄┄┄┄┄┄┄┄┄┄┄┄┄┄┄┄┄┄┄┄┄┄┄┄┄┄┄┄┄┄┄┄┄┄┄┄┄┄┄┄┄┄┄┄┄┄┄┄┄┄┄┄┄┄┄┄┄┄┄┄┄┄┄┄┄┄┄┄┄┄┄┄┄┄┄┄┄┄┄┄┄┄┄┄┄┄┄┄┄
│ #0   AppLogger.database (package:filler/core/logging.dart:49:13)
│ #1   AppDatabase.setPreferenceValue (package:filler/data/database.dart:337:17)
│ #2   <asynchronous suspension>
│ #3   PreferencesRepository._ensureDefaults (package:filler/domain/repositories.dart:524:9)
│ #4   <asynchronous suspension>
│ #5   PreferencesRepository.get (package:filler/domain/repositories.dart:454:7)
│ #6   <asynchronous suspension>
│ #7   new CanvasBloc.<anonymous closure> (package:filler/features/canvas/presentation/canvas_bloc.dart:113:19)
├┄┄┄┄┄┄┄┄┄┄┄┄┄┄┄┄┄┄┄┄┄┄┄┄┄┄┄┄┄┄┄┄┄┄┄┄┄┄┄┄┄┄┄┄┄┄┄┄┄┄┄┄┄┄┄┄┄┄┄┄┄┄┄┄┄┄┄┄┄┄┄┄┄┄┄┄┄┄┄┄┄┄┄┄┄┄┄┄┄┄┄┄┄┄┄┄┄┄┄┄┄┄┄┄┄┄┄┄┄┄┄┄┄┄┄┄┄┄┄
│ 07:38:48.509 (+0:00:00.913817)
├┄┄┄┄┄┄┄┄┄┄┄┄┄┄┄┄┄┄┄┄┄┄┄┄┄┄┄┄┄┄┄┄┄┄┄┄┄┄┄┄┄┄┄┄┄┄┄┄┄┄┄┄┄┄┄┄┄┄┄┄┄┄┄┄┄┄┄┄┄┄┄┄┄┄┄┄┄┄┄┄┄┄┄┄┄┄┄┄┄┄┄┄┄┄┄┄┄┄┄┄┄┄┄┄┄┄┄┄┄┄┄┄┄┄┄┄┄┄┄
│ 🐛 💾 Database: Preference value saved
└───────────────────────────────────────────────────────────────────────────────────────────────────────────────────────
┌───────────────────────────────────────────────────────────────────────────────────────────────────────────────────────
│ {key: height, value: 10}
├┄┄┄┄┄┄┄┄┄┄┄┄┄┄┄┄┄┄┄┄┄┄┄┄┄┄┄┄┄┄┄┄┄┄┄┄┄┄┄┄┄┄┄┄┄┄┄┄┄┄┄┄┄┄┄┄┄┄┄┄┄┄┄┄┄┄┄┄┄┄┄┄┄┄┄┄┄┄┄┄┄┄┄┄┄┄┄┄┄┄┄┄┄┄┄┄┄┄┄┄┄┄┄┄┄┄┄┄┄┄┄┄┄┄┄┄┄┄┄

00:02 +20 -1: /Users/mr42/code/flutter/tmp/filler/test/integration/page_state_transitions_test.dart: BLoC State Transitions - All Pages Canvas BLoC - Load Existing Canvas State Transitions           
┌───────────────────────────────────────────────────────────────────────────────────────────────────────────────────────
│ {id: 1, found: true, title: Test Canvas}
├┄┄┄┄┄┄┄┄┄┄┄┄┄┄┄┄┄┄┄┄┄┄┄┄┄┄┄┄┄┄┄┄┄┄┄┄┄┄┄┄┄┄┄┄┄┄┄┄┄┄┄┄┄┄┄┄┄┄┄┄┄┄┄┄┄┄┄┄┄┄┄┄┄┄┄┄┄┄┄┄┄┄┄┄┄┄┄┄┄┄┄┄┄┄┄┄┄┄┄┄┄┄┄┄┄┄┄┄┄┄┄┄┄┄┄┄┄┄┄
│ #0   AppLogger.database (package:filler/core/logging.dart:49:13)
│ #1   CanvasRepository.getModelById (package:filler/domain/repositories.dart:285:17)

00:02 +20 -1: /Users/mr42/code/flutter/tmp/filler/test/integration/platform_specific_test.dart: Platform-Specific Database Integration Canvas Operations Work Cross-Platform                           
│ #0   AppLogger.preferences (package:filler/core/logging.dart:64:13)
│ #1   PreferencesRepository._ensureDefaults (package:filler/domain/repositories.dart:519:19)
│ #2   <asynchronous suspension>
│ #3   PreferencesRepository.get (package:filler/domain/repositories.dart:454:7)
│ #4   <asynchronous suspension>
│ #5   new CanvasBloc.<anonymous closure> (package:filler/features/canvas/presentation/canvas_bloc.dart:113:19)

00:02 +20 -1: /Users/mr42/code/flutter/tmp/filler/test/integration/page_state_transitions_test.dart: BLoC State Transitions - All Pages Canvas BLoC - Load Existing Canvas State Transitions           
│ #2   <asynchronous suspension>
│ #3   new CanvasBloc.<anonymous closure> (package:filler/features/canvas/presentation/canvas_bloc.dart:172:24)
│ #4   <asynchronous suspension>

00:02 +20 -1: /Users/mr42/code/flutter/tmp/filler/test/integration/platform_specific_test.dart: Platform-Specific Database Integration Canvas Operations Work Cross-Platform                           
│ #6   <asynchronous suspension>
│ #7   Bloc.on.<anonymous closure>.handleEvent (package:bloc/src/bloc.dart:226:13)
├┄┄┄┄┄┄┄┄┄┄┄┄┄┄┄┄┄┄┄┄┄┄┄┄┄┄┄┄┄┄┄┄┄┄┄┄┄┄┄┄┄┄┄┄┄┄┄┄┄┄┄┄┄┄┄┄┄┄┄┄┄┄┄┄┄┄┄┄┄┄┄┄┄┄┄┄┄┄┄┄┄┄┄┄┄┄┄┄┄┄┄┄┄┄┄┄┄┄┄┄┄┄┄┄┄┄┄┄┄┄┄┄┄┄┄┄┄┄┄

00:02 +20 -1: /Users/mr42/code/flutter/tmp/filler/test/integration/page_state_transitions_test.dart: BLoC State Transitions - All Pages Canvas BLoC - Load Existing Canvas State Transitions           
│ #5   Bloc.on.<anonymous closure>.handleEvent (package:bloc/src/bloc.dart:226:13)

00:02 +20 -1: /Users/mr42/code/flutter/tmp/filler/test/integration/platform_specific_test.dart: Platform-Specific Database Integration Canvas Operations Work Cross-Platform                           
│ 07:38:48.510 (+0:00:00.915406)

00:02 +20 -1: /Users/mr42/code/flutter/tmp/filler/test/integration/page_state_transitions_test.dart: BLoC State Transitions - All Pages Canvas BLoC - Load Existing Canvas State Transitions           
│ #6   <asynchronous suspension>

00:02 +20 -1: /Users/mr42/code/flutter/tmp/filler/test/integration/platform_specific_test.dart: Platform-Specific Database Integration Canvas Operations Work Cross-Platform                           
├┄┄┄┄┄┄┄┄┄┄┄┄┄┄┄┄┄┄┄┄┄┄┄┄┄┄┄┄┄┄┄┄┄┄┄┄┄┄┄┄┄┄┄┄┄┄┄┄┄┄┄┄┄┄┄┄┄┄┄┄┄┄┄┄┄┄┄┄┄┄┄┄┄┄┄┄┄┄┄┄┄┄┄┄┄┄┄┄┄┄┄┄┄┄┄┄┄┄┄┄┄┄┄┄┄┄┄┄┄┄┄┄┄┄┄┄┄┄┄

00:02 +20 -1: /Users/mr42/code/flutter/tmp/filler/test/integration/page_state_transitions_test.dart: BLoC State Transitions - All Pages Canvas BLoC - Load Existing Canvas State Transitions           
├┄┄┄┄┄┄┄┄┄┄┄┄┄┄┄┄┄┄┄┄┄┄┄┄┄┄┄┄┄┄┄┄┄┄┄┄┄┄┄┄┄┄┄┄┄┄┄┄┄┄┄┄┄┄┄┄┄┄┄┄┄┄┄┄┄┄┄┄┄┄┄┄┄┄┄┄┄┄┄┄┄┄┄┄┄┄┄┄┄┄┄┄┄┄┄┄┄┄┄┄┄┄┄┄┄┄┄┄┄┄┄┄┄┄┄┄┄┄┄
│ 07:38:48.510 (+0:00:00.706672)

00:02 +20 -1: /Users/mr42/code/flutter/tmp/filler/test/integration/platform_specific_test.dart: Platform-Specific Database Integration Canvas Operations Work Cross-Platform                           
│ 🐛 ⚙️ Preferences: Creating missing default preference
└───────────────────────────────────────────────────────────────────────────────────────────────────────────────────────

00:02 +20 -1: /Users/mr42/code/flutter/tmp/filler/test/integration/page_state_transitions_test.dart: BLoC State Transitions - All Pages Canvas BLoC - Load Existing Canvas State Transitions           
├┄┄┄┄┄┄┄┄┄┄┄┄┄┄┄┄┄┄┄┄┄┄┄┄┄┄┄┄┄┄┄┄┄┄┄┄┄┄┄┄┄┄┄┄┄┄┄┄┄┄┄┄┄┄┄┄┄┄┄┄┄┄┄┄┄┄┄┄┄┄┄┄┄┄┄┄┄┄┄┄┄┄┄┄┄┄┄┄┄┄┄┄┄┄┄┄┄┄┄┄┄┄┄┄┄┄┄┄┄┄┄┄┄┄┄┄┄┄┄
│ 🐛 💾 Database: Canvas model fetch result
└───────────────────────────────────────────────────────────────────────────────────────────────────────────────────────

00:02 +20 -1: /Users/mr42/code/flutter/tmp/filler/test/integration/platform_specific_test.dart: Platform-Specific Database Integration Canvas Operations Work Cross-Platform                           
┌───────────────────────────────────────────────────────────────────────────────────────────────────────────────────────
│ {key: height, value: 10, type: int}
├┄┄┄┄┄┄┄┄┄┄┄┄┄┄┄┄┄┄┄┄┄┄┄┄┄┄┄┄┄┄┄┄┄┄┄┄┄┄┄┄┄┄┄┄┄┄┄┄┄┄┄┄┄┄┄┄┄┄┄┄┄┄┄┄┄┄┄┄┄┄┄┄┄┄┄┄┄┄┄┄┄┄┄┄┄┄┄┄┄┄┄┄┄┄┄┄┄┄┄┄┄┄┄┄┄┄┄┄┄┄┄┄┄┄┄┄┄┄┄
│ #0   AppLogger.database (package:filler/core/logging.dart:49:13)
│ #1   AppDatabase.setPreferenceValue (package:filler/data/database.dart:301:15)
│ #2   PreferencesRepository._ensureDefaults (package:filler/domain/repositories.dart:524:19)
│ #3   <asynchronous suspension>
│ #4   PreferencesRepository.get (package:filler/domain/repositories.dart:454:7)
│ #5   <asynchronous suspension>
│ #6   new CanvasBloc.<anonymous closure> (package:filler/features/canvas/presentation/canvas_bloc.dart:113:19)
│ #7   <asynchronous suspension>
├┄┄┄┄┄┄┄┄┄┄┄┄┄┄┄┄┄┄┄┄┄┄┄┄┄┄┄┄┄┄┄┄┄┄┄┄┄┄┄┄┄┄┄┄┄┄┄┄┄┄┄┄┄┄┄┄┄┄┄┄┄┄┄┄┄┄┄┄┄┄┄┄┄┄┄┄┄┄┄┄┄┄┄┄┄┄┄┄┄┄┄┄┄┄┄┄┄┄┄┄┄┄┄┄┄┄┄┄┄┄┄┄┄┄┄┄┄┄┄
│ 07:38:48.512 (+0:00:00.916986)

00:02 +20 -1: /Users/mr42/code/flutter/tmp/filler/test/integration/page_state_transitions_test.dart: BLoC State Transitions - All Pages Canvas BLoC - Load Existing Canvas State Transitions           
┌───────────────────────────────────────────────────────────────────────────────────────────────────────────────────────
│ {id: 1, title: Test Canvas, dimensions: 8x6, pixelCount: 48, loadTime: 9ms}

00:02 +20 -1: /Users/mr42/code/flutter/tmp/filler/test/integration/platform_specific_test.dart: Platform-Specific Database Integration Canvas Operations Work Cross-Platform                           
├┄┄┄┄┄┄┄┄┄┄┄┄┄┄┄┄┄┄┄┄┄┄┄┄┄┄┄┄┄┄┄┄┄┄┄┄┄┄┄┄┄┄┄┄┄┄┄┄┄┄┄┄┄┄┄┄┄┄┄┄┄┄┄┄┄┄┄┄┄┄┄┄┄┄┄┄┄┄┄┄┄┄┄┄┄┄┄┄┄┄┄┄┄┄┄┄┄┄┄┄┄┄┄┄┄┄┄┄┄┄┄┄┄┄┄┄┄┄┄
│ 🐛 💾 Database: Setting preference value

00:02 +20 -1: /Users/mr42/code/flutter/tmp/filler/test/integration/page_state_transitions_test.dart: BLoC State Transitions - All Pages Canvas BLoC - Load Existing Canvas State Transitions           
├┄┄┄┄┄┄┄┄┄┄┄┄┄┄┄┄┄┄┄┄┄┄┄┄┄┄┄┄┄┄┄┄┄┄┄┄┄┄┄┄┄┄┄┄┄┄┄┄┄┄┄┄┄┄┄┄┄┄┄┄┄┄┄┄┄┄┄┄┄┄┄┄┄┄┄┄┄┄┄┄┄┄┄┄┄┄┄┄┄┄┄┄┄┄┄┄┄┄┄┄┄┄┄┄┄┄┄┄┄┄┄┄┄┄┄┄┄┄┄

00:02 +20 -1: /Users/mr42/code/flutter/tmp/filler/test/integration/platform_specific_test.dart: Platform-Specific Database Integration Canvas Operations Work Cross-Platform                           
└───────────────────────────────────────────────────────────────────────────────────────────────────────────────────────

00:02 +20 -1: /Users/mr42/code/flutter/tmp/filler/test/integration/page_state_transitions_test.dart: BLoC State Transitions - All Pages Canvas BLoC - Load Existing Canvas State Transitions           
│ #0   AppLogger.canvas (package:filler/core/logging.dart:59:13)
│ #1   new CanvasBloc.<anonymous closure> (package:filler/features/canvas/presentation/canvas_bloc.dart:180:19)
│ #2   <asynchronous suspension>
│ #3   Bloc.on.<anonymous closure>.handleEvent (package:bloc/src/bloc.dart:226:13)
│ #4   <asynchronous suspension>
├┄┄┄┄┄┄┄┄┄┄┄┄┄┄┄┄┄┄┄┄┄┄┄┄┄┄┄┄┄┄┄┄┄┄┄┄┄┄┄┄┄┄┄┄┄┄┄┄┄┄┄┄┄┄┄┄┄┄┄┄┄┄┄┄┄┄┄┄┄┄┄┄┄┄┄┄┄┄┄┄┄┄┄┄┄┄┄┄┄┄┄┄┄┄┄┄┄┄┄┄┄┄┄┄┄┄┄┄┄┄┄┄┄┄┄┄┄┄┄
│ 07:38:48.513 (+0:00:00.708819)
├┄┄┄┄┄┄┄┄┄┄┄┄┄┄┄┄┄┄┄┄┄┄┄┄┄┄┄┄┄┄┄┄┄┄┄┄┄┄┄┄┄┄┄┄┄┄┄┄┄┄┄┄┄┄┄┄┄┄┄┄┄┄┄┄┄┄┄┄┄┄┄┄┄┄┄┄┄┄┄┄┄┄┄┄┄┄┄┄┄┄┄┄┄┄┄┄┄┄┄┄┄┄┄┄┄┄┄┄┄┄┄┄┄┄┄┄┄┄┄
│ 🐛 🎨 Canvas: Loaded canvas from database
└───────────────────────────────────────────────────────────────────────────────────────────────────────────────────────
┌───────────────────────────────────────────────────────────────────────────────────────────────────────────────────────
│ #0   AppLogger.bloc (package:filler/core/logging.dart:44:13)
│ #1   new CanvasBloc.<anonymous closure> (package:filler/features/canvas/presentation/canvas_bloc.dart:204:19)
├┄┄┄┄┄┄┄┄┄┄┄┄┄┄┄┄┄┄┄┄┄┄┄┄┄┄┄┄┄┄┄┄┄┄┄┄┄┄┄┄┄┄┄┄┄┄┄┄┄┄┄┄┄┄┄┄┄┄┄┄┄┄┄┄┄┄┄┄┄┄┄┄┄┄┄┄┄┄┄┄┄┄┄┄┄┄┄┄┄┄┄┄┄┄┄┄┄┄┄┄┄┄┄┄┄┄┄┄┄┄┄┄┄┄┄┄┄┄┄
│ 07:38:48.516 (+0:00:00.712122)

00:02 +20 -1: /Users/mr42/code/flutter/tmp/filler/test/integration/platform_specific_test.dart: Platform-Specific Database Integration Canvas Operations Work Cross-Platform                           
┌───────────────────────────────────────────────────────────────────────────────────────────────────────────────────────
│ {key: height, value: 10}
├┄┄┄┄┄┄┄┄┄┄┄┄┄┄┄┄┄┄┄┄┄┄┄┄┄┄┄┄┄┄┄┄┄┄┄┄┄┄┄┄┄┄┄┄┄┄┄┄┄┄┄┄┄┄┄┄┄┄┄┄┄┄┄┄┄┄┄┄┄┄┄┄┄┄┄┄┄┄┄┄┄┄┄┄┄┄┄┄┄┄┄┄┄┄┄┄┄┄┄┄┄┄┄┄┄┄┄┄┄┄┄┄┄┄┄┄┄┄┄
│ #0   AppLogger.database (package:filler/core/logging.dart:49:13)

00:02 +20 -1: /Users/mr42/code/flutter/tmp/filler/test/integration/page_state_transitions_test.dart: BLoC State Transitions - All Pages Canvas BLoC - Load Existing Canvas State Transitions           
├┄┄┄┄┄┄┄┄┄┄┄┄┄┄┄┄┄┄┄┄┄┄┄┄┄┄┄┄┄┄┄┄┄┄┄┄┄┄┄┄┄┄┄┄┄┄┄┄┄┄┄┄┄┄┄┄┄┄┄┄┄┄┄┄┄┄┄┄┄┄┄┄┄┄┄┄┄┄┄┄┄┄┄┄┄┄┄┄┄┄┄┄┄┄┄┄┄┄┄┄┄┄┄┄┄┄┄┄┄┄┄┄┄┄┄┄┄┄┄

00:02 +20 -1: /Users/mr42/code/flutter/tmp/filler/test/integration/platform_specific_test.dart: Platform-Specific Database Integration Canvas Operations Work Cross-Platform                           
│ #1   AppDatabase.setPreferenceValue (package:filler/data/database.dart:337:17)

00:02 +20 -1: /Users/mr42/code/flutter/tmp/filler/test/integration/page_state_transitions_test.dart: BLoC State Transitions - All Pages Canvas BLoC - Load Existing Canvas State Transitions           
│ 🐛 🔄 BLoC[Canvas]: Load Complete | loading → ready
└───────────────────────────────────────────────────────────────────────────────────────────────────────────────────────

00:02 +20 -1: /Users/mr42/code/flutter/tmp/filler/test/integration/platform_specific_test.dart: Platform-Specific Database Integration Canvas Operations Work Cross-Platform                           
│ #2   <asynchronous suspension>
│ #3   PreferencesRepository._ensureDefaults (package:filler/domain/repositories.dart:524:9)
│ #4   <asynchronous suspension>
│ #5   PreferencesRepository.get (package:filler/domain/repositories.dart:454:7)
│ #6   <asynchronous suspension>
│ #7   new CanvasBloc.<anonymous closure> (package:filler/features/canvas/presentation/canvas_bloc.dart:113:19)
├┄┄┄┄┄┄┄┄┄┄┄┄┄┄┄┄┄┄┄┄┄┄┄┄┄┄┄┄┄┄┄┄┄┄┄┄┄┄┄┄┄┄┄┄┄┄┄┄┄┄┄┄┄┄┄┄┄┄┄┄┄┄┄┄┄┄┄┄┄┄┄┄┄┄┄┄┄┄┄┄┄┄┄┄┄┄┄┄┄┄┄┄┄┄┄┄┄┄┄┄┄┄┄┄┄┄┄┄┄┄┄┄┄┄┄┄┄┄┄
│ 07:38:48.516 (+0:00:00.920937)
├┄┄┄┄┄┄┄┄┄┄┄┄┄┄┄┄┄┄┄┄┄┄┄┄┄┄┄┄┄┄┄┄┄┄┄┄┄┄┄┄┄┄┄┄┄┄┄┄┄┄┄┄┄┄┄┄┄┄┄┄┄┄┄┄┄┄┄┄┄┄┄┄┄┄┄┄┄┄┄┄┄┄┄┄┄┄┄┄┄┄┄┄┄┄┄┄┄┄┄┄┄┄┄┄┄┄┄┄┄┄┄┄┄┄┄┄┄┄┄
│ 🐛 💾 Database: Preference value saved
└───────────────────────────────────────────────────────────────────────────────────────────────────────────────────────
┌───────────────────────────────────────────────────────────────────────────────────────────────────────────────────────
│ {key: insets, value: 0}
├┄┄┄┄┄┄┄┄┄┄┄┄┄┄┄┄┄┄┄┄┄┄┄┄┄┄┄┄┄┄┄┄┄┄┄┄┄┄┄┄┄┄┄┄┄┄┄┄┄┄┄┄┄┄┄┄┄┄┄┄┄┄┄┄┄┄┄┄┄┄┄┄┄┄┄┄┄┄┄┄┄┄┄┄┄┄┄┄┄┄┄┄┄┄┄┄┄┄┄┄┄┄┄┄┄┄┄┄┄┄┄┄┄┄┄┄┄┄┄
│ #0   AppLogger.preferences (package:filler/core/logging.dart:64:13)
│ #1   PreferencesRepository._ensureDefaults (package:filler/domain/repositories.dart:519:19)
│ #2   <asynchronous suspension>
│ #3   PreferencesRepository.get (package:filler/domain/repositories.dart:454:7)
│ #4   <asynchronous suspension>
│ #5   new CanvasBloc.<anonymous closure> (package:filler/features/canvas/presentation/canvas_bloc.dart:113:19)
│ #6   <asynchronous suspension>
│ #7   Bloc.on.<anonymous closure>.handleEvent (package:bloc/src/bloc.dart:226:13)
├┄┄┄┄┄┄┄┄┄┄┄┄┄┄┄┄┄┄┄┄┄┄┄┄┄┄┄┄┄┄┄┄┄┄┄┄┄┄┄┄┄┄┄┄┄┄┄┄┄┄┄┄┄┄┄┄┄┄┄┄┄┄┄┄┄┄┄┄┄┄┄┄┄┄┄┄┄┄┄┄┄┄┄┄┄┄┄┄┄┄┄┄┄┄┄┄┄┄┄┄┄┄┄┄┄┄┄┄┄┄┄┄┄┄┄┄┄┄┄
│ 07:38:48.518 (+0:00:00.923284)
├┄┄┄┄┄┄┄┄┄┄┄┄┄┄┄┄┄┄┄┄┄┄┄┄┄┄┄┄┄┄┄┄┄┄┄┄┄┄┄┄┄┄┄┄┄┄┄┄┄┄┄┄┄┄┄┄┄┄┄┄┄┄┄┄┄┄┄┄┄┄┄┄┄┄┄┄┄┄┄┄┄┄┄┄┄┄┄┄┄┄┄┄┄┄┄┄┄┄┄┄┄┄┄┄┄┄┄┄┄┄┄┄┄┄┄┄┄┄┄
│ 🐛 ⚙️ Preferences: Creating missing default preference
└───────────────────────────────────────────────────────────────────────────────────────────────────────────────────────
┌───────────────────────────────────────────────────────────────────────────────────────────────────────────────────────
│ {key: insets, value: 0, type: int}
├┄┄┄┄┄┄┄┄┄┄┄┄┄┄┄┄┄┄┄┄┄┄┄┄┄┄┄┄┄┄┄┄┄┄┄┄┄┄┄┄┄┄┄┄┄┄┄┄┄┄┄┄┄┄┄┄┄┄┄┄┄┄┄┄┄┄┄┄┄┄┄┄┄┄┄┄┄┄┄┄┄┄┄┄┄┄┄┄┄┄┄┄┄┄┄┄┄┄┄┄┄┄┄┄┄┄┄┄┄┄┄┄┄┄┄┄┄┄┄
│ #0   AppLogger.database (package:filler/core/logging.dart:49:13)
│ #1   AppDatabase.setPreferenceValue (package:filler/data/database.dart:301:15)
│ #2   PreferencesRepository._ensureDefaults (package:filler/domain/repositories.dart:524:19)
│ #3   <asynchronous suspension>
│ #4   PreferencesRepository.get (package:filler/domain/repositories.dart:454:7)
│ #5   <asynchronous suspension>
│ #6   new CanvasBloc.<anonymous closure> (package:filler/features/canvas/presentation/canvas_bloc.dart:113:19)activePatternId
│ #7   <asynchronous suspension>
├┄┄┄┄┄┄┄┄┄┄┄┄┄┄┄┄┄┄┄┄┄┄┄┄┄┄┄┄┄┄┄┄┄┄┄┄┄┄┄┄┄┄┄┄┄┄┄┄┄┄┄┄┄┄┄┄┄┄┄┄┄┄┄┄┄┄┄┄┄┄┄┄┄┄┄┄┄┄┄┄┄┄┄┄┄┄┄┄┄┄┄┄┄┄┄┄┄┄┄┄┄┄┄┄┄┄┄┄┄┄┄┄┄┄┄┄┄┄┄
│ 07:38:48.520 (+0:00:00.924786)
├┄┄┄┄┄┄┄┄┄┄┄┄┄┄┄┄┄┄┄┄┄┄┄┄┄┄┄┄┄┄┄┄┄┄┄┄┄┄┄┄┄┄┄┄┄┄┄┄┄┄┄┄┄┄┄┄┄┄┄┄┄┄┄┄┄┄┄┄┄┄┄┄┄┄┄┄┄┄┄┄┄┄┄┄┄┄┄┄┄┄┄┄┄┄┄┄┄┄┄┄┄┄┄┄┄┄┄┄┄┄┄┄┄┄┄┄┄┄┄
│ 🐛 💾 Database: Setting preference value
└───────────────────────────────────────────────────────────────────────────────────────────────────────────────────────
┌───────────────────────────────────────────────────────────────────────────────────────────────────────────────────────
│ {key: insets, value: 0}
├┄┄┄┄┄┄┄┄┄┄┄┄┄┄┄┄┄┄┄┄┄┄┄┄┄┄┄┄┄┄┄┄┄┄┄┄┄┄┄┄┄┄┄┄┄┄┄┄┄┄┄┄┄┄┄┄┄┄┄┄┄┄┄┄┄┄┄┄┄┄┄┄┄┄┄┄┄┄┄┄┄┄┄┄┄┄┄┄┄┄┄┄┄┄┄┄┄┄┄┄┄┄┄┄┄┄┄┄┄┄┄┄┄┄┄┄┄┄┄
│ #0   AppLogger.database (package:filler/core/logging.dart:49:13)
│ #1   AppDatabase.setPreferenceValue (package:filler/data/database.dart:337:17)
│ #2   <asynchronous suspension>
│ #3   PreferencesRepository._ensureDefaults (package:filler/domain/repositories.dart:524:9)
│ #4   <asynchronous suspension>
│ #5   PreferencesRepository.get (package:filler/domain/repositories.dart:454:7)
│ #6   <asynchronous suspension>
│ #7   new CanvasBloc.<anonymous closure> (package:filler/features/canvas/presentation/canvas_bloc.dart:113:19)
├┄┄┄┄┄┄┄┄┄┄┄┄┄┄┄┄┄┄┄┄┄┄┄┄┄┄┄┄┄┄┄┄┄┄┄┄┄┄┄┄┄┄┄┄┄┄┄┄┄┄┄┄┄┄┄┄┄┄┄┄┄┄┄┄┄┄┄┄┄┄┄┄┄┄┄┄┄┄┄┄┄┄┄┄┄┄┄┄┄┄┄┄┄┄┄┄┄┄┄┄┄┄┄┄┄┄┄┄┄┄┄┄┄┄┄┄┄┄┄
│ 07:38:48.522 (+0:00:00.926702)
├┄┄┄┄┄┄┄┄┄┄┄┄┄┄┄┄┄┄┄┄┄┄┄┄┄┄┄┄┄┄┄┄┄┄┄┄┄┄┄┄┄┄┄┄┄┄┄┄┄┄┄┄┄┄┄┄┄┄┄┄┄┄┄┄┄┄┄┄┄┄┄┄┄┄┄┄┄┄┄┄┄┄┄┄┄┄┄┄┄┄┄┄┄┄┄┄┄┄┄┄┄┄┄┄┄┄┄┄┄┄┄┄┄┄┄┄┄┄┄
│ 🐛 💾 Database: Preference value saved
└───────────────────────────────────────────────────────────────────────────────────────────────────────────────────────
┌───────────────────────────────────────────────────────────────────────────────────────────────────────────────────────
│ {key: defaultPattern, value: 1}
├┄┄┄┄┄┄┄┄┄┄┄┄┄┄┄┄┄┄┄┄┄┄┄┄┄┄┄┄┄┄┄┄┄┄┄┄┄┄┄┄┄┄┄┄┄┄┄┄┄┄┄┄┄┄┄┄┄┄┄┄┄┄┄┄┄┄┄┄┄┄┄┄┄┄┄┄┄┄┄┄┄┄┄┄┄┄┄┄┄┄┄┄┄┄┄┄┄┄┄┄┄┄┄┄┄┄┄┄┄┄┄┄┄┄┄┄┄┄┄
│ #0   AppLogger.preferences (package:filler/core/logging.dart:64:13)
│ #1   PreferencesRepository._ensureDefaults (package:filler/domain/repositories.dart:519:19)
│ #2   <asynchronous suspension>
│ #3   PreferencesRepository.get (package:filler/domain/repositories.dart:454:7)
│ #4   <asynchronous suspension>
│ #5   new CanvasBloc.<anonymous closure> (package:filler/features/canvas/presentation/canvas_bloc.dart:113:19)
│ #6   <asynchronous suspension>
│ #7   Bloc.on.<anonymous closure>.handleEvent (package:bloc/src/bloc.dart:226:13)
├┄┄┄┄┄┄┄┄┄┄┄┄┄┄┄┄┄┄┄┄┄┄┄┄┄┄┄┄┄┄┄┄┄┄┄┄┄┄┄┄┄┄┄┄┄┄┄┄┄┄┄┄┄┄┄┄┄┄┄┄┄┄┄┄┄┄┄┄┄┄┄┄┄┄┄┄┄┄┄┄┄┄┄┄┄┄┄┄┄┄┄┄┄┄┄┄┄┄┄┄┄┄┄┄┄┄┄┄┄┄┄┄┄┄┄┄┄┄┄
│ 07:38:48.523 (+0:00:00.928447)
├┄┄┄┄┄┄┄┄┄┄┄┄┄┄┄┄┄┄┄┄┄┄┄┄┄┄┄┄┄┄┄┄┄┄┄┄┄┄┄┄┄┄┄┄┄┄┄┄┄┄┄┄┄┄┄┄┄┄┄┄┄┄┄┄┄┄┄┄┄┄┄┄┄┄┄┄┄┄┄┄┄┄┄┄┄┄┄┄┄┄┄┄┄┄┄┄┄┄┄┄┄┄┄┄┄┄┄┄┄┄┄┄┄┄┄┄┄┄┄
│ 🐛 ⚙️ Preferences: Creating missing default preference
└───────────────────────────────────────────────────────────────────────────────────────────────────────────────────────
┌───────────────────────────────────────────────────────────────────────────────────────────────────────────────────────
│ {key: defaultPattern, value: 1, type: int}
├┄┄┄┄┄┄┄┄┄┄┄┄┄┄┄┄┄┄┄┄┄┄┄┄┄┄┄┄┄┄┄┄┄┄┄┄┄┄┄┄┄┄┄┄┄┄┄┄┄┄┄┄┄┄┄┄┄┄┄┄┄┄┄┄┄┄┄┄┄┄┄┄┄┄┄┄┄┄┄┄┄┄┄┄┄┄┄┄┄┄┄┄┄┄┄┄┄┄┄┄┄┄┄┄┄┄┄┄┄┄┄┄┄┄┄┄┄┄┄
│ #0   AppLogger.database (package:filler/core/logging.dart:49:13)
│ #1   AppDatabase.setPreferenceValue (package:filler/data/database.dart:301:15)
│ #2   PreferencesRepository._ensureDefaults (package:filler/domain/repositories.dart:524:19)
│ #3   <asynchronous suspension>
│ #4   PreferencesRepository.get (package:filler/domain/repositories.dart:454:7)
│ #5   <asynchronous suspension>
│ #6   new CanvasBloc.<anonymous closure> (package:filler/features/canvas/presentation/canvas_bloc.dart:113:19)
│ #7   <asynchronous suspension>
├┄┄┄┄┄┄┄┄┄┄┄┄┄┄┄┄┄┄┄┄┄┄┄┄┄┄┄┄┄┄┄┄┄┄┄┄┄┄┄┄┄┄┄┄┄┄┄┄┄┄┄┄┄┄┄┄┄┄┄┄┄┄┄┄┄┄┄┄┄┄┄┄┄┄┄┄┄┄┄┄┄┄┄┄┄┄┄┄┄┄┄┄┄┄┄┄┄┄┄┄┄┄┄┄┄┄┄┄┄┄┄┄┄┄┄┄┄┄┄
│ 07:38:48.525 (+0:00:00.929803)
├┄┄┄┄┄┄┄┄┄┄┄┄┄┄┄┄┄┄┄┄┄┄┄┄┄┄┄┄┄┄┄┄┄┄┄┄┄┄┄┄┄┄┄┄┄┄┄┄┄┄┄┄┄┄┄┄┄┄┄┄┄┄┄┄┄┄┄┄┄┄┄┄┄┄┄┄┄┄┄┄┄┄┄┄┄┄┄┄┄┄┄┄┄┄┄┄┄┄┄┄┄┄┄┄┄┄┄┄┄┄┄┄┄┄┄┄┄┄┄
│ 🐛 💾 Database: Setting preference value
└───────────────────────────────────────────────────────────────────────────────────────────────────────────────────────
┌───────────────────────────────────────────────────────────────────────────────────────────────────────────────────────
│ {key: defaultPattern, value: 1}
├┄┄┄┄┄┄┄┄┄┄┄┄┄┄┄┄┄┄┄┄┄┄┄┄┄┄┄┄┄┄┄┄┄┄┄┄┄┄┄┄┄┄┄┄┄┄┄┄┄┄┄┄┄┄┄┄┄┄┄┄┄┄┄┄┄┄┄┄┄┄┄┄┄┄┄┄┄┄┄┄┄┄┄┄┄┄┄┄┄┄┄┄┄┄┄┄┄┄┄┄┄┄┄┄┄┄┄┄┄┄┄┄┄┄┄┄┄┄┄
│ #0   AppLogger.database (package:filler/core/logging.dart:49:13)
│ #1   AppDatabase.setPreferenceValue (package:filler/data/database.dart:337:17)
│ #2   <asynchronous suspension>
│ #3   PreferencesRepository._ensureDefaults (package:filler/domain/repositories.dart:524:9)
│ #4   <asynchronous suspension>
│ #5   PreferencesRepository.get (package:filler/domain/repositories.dart:454:7)
│ #6   <asynchronous suspension>
│ #7   new CanvasBloc.<anonymous closure> (package:filler/features/canvas/presentation/canvas_bloc.dart:113:19)
├┄┄┄┄┄┄┄┄┄┄┄┄┄┄┄┄┄┄┄┄┄┄┄┄┄┄┄┄┄┄┄┄┄┄┄┄┄┄┄┄┄┄┄┄┄┄┄┄┄┄┄┄┄┄┄┄┄┄┄┄┄┄┄┄┄┄┄┄┄┄┄┄┄┄┄┄┄┄┄┄┄┄┄┄┄┄┄┄┄┄┄┄┄┄┄┄┄┄┄┄┄┄┄┄┄┄┄┄┄┄┄┄┄┄┄┄┄┄┄
│ 07:38:48.527 (+0:00:00.931549)
├┄┄┄┄┄┄┄┄┄┄┄┄┄┄┄┄┄┄┄┄┄┄┄┄┄┄┄┄┄┄┄┄┄┄┄┄┄┄┄┄┄┄┄┄┄┄┄┄┄┄┄┄┄┄┄┄┄┄┄┄┄┄┄┄┄┄┄┄┄┄┄┄┄┄┄┄┄┄┄┄┄┄┄┄┄┄┄┄┄┄┄┄┄┄┄┄┄┄┄┄┄┄┄┄┄┄┄┄┄┄┄┄┄┄┄┄┄┄┄
│ 🐛 💾 Database: Preference value saved
└───────────────────────────────────────────────────────────────────────────────────────────────────────────────────────
┌───────────────────────────────────────────────────────────────────────────────────────────────────────────────────────
│ {key: themeMode, value: 2}
├┄┄┄┄┄┄┄┄┄┄┄┄┄┄┄┄┄┄┄┄┄┄┄┄┄┄┄┄┄┄┄┄┄┄┄┄┄┄┄┄┄┄┄┄┄┄┄┄┄┄┄┄┄┄┄┄┄┄┄┄┄┄┄┄┄┄┄┄┄┄┄┄┄┄┄┄┄┄┄┄┄┄┄┄┄┄┄┄┄┄┄┄┄┄┄┄┄┄┄┄┄┄┄┄┄┄┄┄┄┄┄┄┄┄┄┄┄┄┄
│ #0   AppLogger.preferences (package:filler/core/logging.dart:64:13)
│ #1   PreferencesRepository._ensureDefaults (package:filler/domain/repositories.dart:519:19)
│ #2   <asynchronous suspension>
│ #3   PreferencesRepository.get (package:filler/domain/repositories.dart:454:7)
│ #4   <asynchronous suspension>
│ #5   new CanvasBloc.<anonymous closure> (package:filler/features/canvas/presentation/canvas_bloc.dart:113:19)
│ #6   <asynchronous suspension>
│ #7   Bloc.on.<anonymous closure>.handleEvent (package:bloc/src/bloc.dart:226:13)
├┄┄┄┄┄┄┄┄┄┄┄┄┄┄┄┄┄┄┄┄┄┄┄┄┄┄┄┄┄┄┄┄┄┄┄┄┄┄┄┄┄┄┄┄┄┄┄┄┄┄┄┄┄┄┄┄┄┄┄┄┄┄┄┄┄┄┄┄┄┄┄┄┄┄┄┄┄┄┄┄┄┄┄┄┄┄┄┄┄┄┄┄┄┄┄┄┄┄┄┄┄┄┄┄┄┄┄┄┄┄┄┄┄┄┄┄┄┄┄
│ 07:38:48.528 (+0:00:00.932956)
├┄┄┄┄┄┄┄┄┄┄┄┄┄┄┄┄┄┄┄┄┄┄┄┄┄┄┄┄┄┄┄┄┄┄┄┄┄┄┄┄┄┄┄┄┄┄┄┄┄┄┄┄┄┄┄┄┄┄┄┄┄┄┄┄┄┄┄┄┄┄┄┄┄┄┄┄┄┄┄┄┄┄┄┄┄┄┄┄┄┄┄┄┄┄┄┄┄┄┄┄┄┄┄┄┄┄┄┄┄┄┄┄┄┄┄┄┄┄┄
│ 🐛 ⚙️ Preferences: Creating missing default preference
└───────────────────────────────────────────────────────────────────────────────────────────────────────────────────────
┌───────────────────────────────────────────────────────────────────────────────────────────────────────────────────────
│ {key: themeMode, value: 2, type: int}
├┄┄┄┄┄┄┄┄┄┄┄┄┄┄┄┄┄┄┄┄┄┄┄┄┄┄┄┄┄┄┄┄┄┄┄┄┄┄┄┄┄┄┄┄┄┄┄┄┄┄┄┄┄┄┄┄┄┄┄┄┄┄┄┄┄┄┄┄┄┄┄┄┄┄┄┄┄┄┄┄┄┄┄┄┄┄┄┄┄┄┄┄┄┄┄┄┄┄┄┄┄┄┄┄┄┄┄┄┄┄┄┄┄┄┄┄┄┄┄
│ #0   AppLogger.database (package:filler/core/logging.dart:49:13)
│ #1   AppDatabase.setPreferenceValue (package:filler/data/database.dart:301:15)
│ #2   PreferencesRepository._ensureDefaults (package:filler/domain/repositories.dart:524:19)
│ #3   <asynchronous suspension>
│ #4   PreferencesRepository.get (package:filler/domain/repositories.dart:454:7)
│ #5   <asynchronous suspension>
│ #6   new CanvasBloc.<anonymous closure> (package:filler/features/canvas/presentation/canvas_bloc.dart:113:19)
│ #7   <asynchronous suspension>
├┄┄┄┄┄┄┄┄┄┄┄┄┄┄┄┄┄┄┄┄┄┄┄┄┄┄┄┄┄┄┄┄┄┄┄┄┄┄┄┄┄┄┄┄┄┄┄┄┄┄┄┄┄┄┄┄┄┄┄┄┄┄┄┄┄┄┄┄┄┄┄┄┄┄┄┄┄┄┄┄┄┄┄┄┄┄┄┄┄┄┄┄┄┄┄┄┄┄┄┄┄┄┄┄┄┄┄┄┄┄┄┄┄┄┄┄┄┄┄
│ 07:38:48.529 (+0:00:00.934322)
├┄┄┄┄┄┄┄┄┄┄┄┄┄┄┄┄┄┄┄┄┄┄┄┄┄┄┄┄┄┄┄┄┄┄┄┄┄┄┄┄┄┄┄┄┄┄┄┄┄┄┄┄┄┄┄┄┄┄┄┄┄┄┄┄┄┄┄┄┄┄┄┄┄┄┄┄┄┄┄┄┄┄┄┄┄┄┄┄┄┄┄┄┄┄┄┄┄┄┄┄┄┄┄┄┄┄┄┄┄┄┄┄┄┄┄┄┄┄┄
│ 🐛 💾 Database: Setting preference value
└───────────────────────────────────────────────────────────────────────────────────────────────────────────────────────
┌───────────────────────────────────────────────────────────────────────────────────────────────────────────────────────
│ {key: themeMode, value: 2}
├┄┄┄┄┄┄┄┄┄┄┄┄┄┄┄┄┄┄┄┄┄┄┄┄┄┄┄┄┄┄┄┄┄┄┄┄┄┄┄┄┄┄┄┄┄┄┄┄┄┄┄┄┄┄┄┄┄┄┄┄┄┄┄┄┄┄┄┄┄┄┄┄┄┄┄┄┄┄┄┄┄┄┄┄┄┄┄┄┄┄┄┄┄┄┄┄┄┄┄┄┄┄┄┄┄┄┄┄┄┄┄┄┄┄┄┄┄┄┄
│ #0   AppLogger.database (package:filler/core/logging.dart:49:13)
│ #1   AppDatabase.setPreferenceValue (package:filler/data/database.dart:337:17)
│ #2   <asynchronous suspension>
│ #3   PreferencesRepository._ensureDefaults (package:filler/domain/repositories.dart:524:9)
│ #4   <asynchronous suspension>
│ #5   PreferencesRepository.get (package:filler/domain/repositories.dart:454:7)
│ #6   <asynchronous suspension>
│ #7   new CanvasBloc.<anonymous closure> (package:filler/features/canvas/presentation/canvas_bloc.dart:113:19)
├┄┄┄┄┄┄┄┄┄┄┄┄┄┄┄┄┄┄┄┄┄┄┄┄┄┄┄┄┄┄┄┄┄┄┄┄┄┄┄┄┄┄┄┄┄┄┄┄┄┄┄┄┄┄┄┄┄┄┄┄┄┄┄┄┄┄┄┄┄┄┄┄┄┄┄┄┄┄┄┄┄┄┄┄┄┄┄┄┄┄┄┄┄┄┄┄┄┄┄┄┄┄┄┄┄┄┄┄┄┄┄┄┄┄┄┄┄┄┄
│ 07:38:48.531 (+0:00:00.936212)
├┄┄┄┄┄┄┄┄┄┄┄┄┄┄┄┄┄┄┄┄┄┄┄┄┄┄┄┄┄┄┄┄┄┄┄┄┄┄┄┄┄┄┄┄┄┄┄┄┄┄┄┄┄┄┄┄┄┄┄┄┄┄┄┄┄┄┄┄┄┄┄┄┄┄┄┄┄┄┄┄┄┄┄┄┄┄┄┄┄┄┄┄┄┄┄┄┄┄┄┄┄┄┄┄┄┄┄┄┄┄┄┄┄┄┄┄┄┄┄
│ 🐛 💾 Database: Preference value saved
└───────────────────────────────────────────────────────────────────────────────────────────────────────────────────────
┌───────────────────────────────────────────────────────────────────────────────────────────────────────────────────────
│ {width: 10, height: 10, insets: 0, defaultPattern: 1, themeMode: 2, fetchTime: 7ms, keysFromDb: 0}
├┄┄┄┄┄┄┄┄┄┄┄┄┄┄┄┄┄┄┄┄┄┄┄┄┄┄┄┄┄┄┄┄┄┄┄┄┄┄┄┄┄┄┄┄┄┄┄┄┄┄┄┄┄┄┄┄┄┄┄┄┄┄┄┄┄┄┄┄┄┄┄┄┄┄┄┄┄┄┄┄┄┄┄┄┄┄┄┄┄┄┄┄┄┄┄┄┄┄┄┄┄┄┄┄┄┄┄┄┄┄┄┄┄┄┄┄┄┄┄
│ #0   AppLogger.preferences (package:filler/core/logging.dart:64:13)
│ #1   PreferencesRepository.get (package:filler/domain/repositories.dart:464:17)
│ #2   <asynchronous suspension>
│ #3   new CanvasBloc.<anonymous closure> (package:filler/features/canvas/presentation/canvas_bloc.dart:113:19)
│ #4   <asynchronous suspension>
│ #5   Bloc.on.<anonymous closure>.handleEvent (package:bloc/src/bloc.dart:226:13)
│ #6   <asynchronous suspension>
├┄┄┄┄┄┄┄┄┄┄┄┄┄┄┄┄┄┄┄┄┄┄┄┄┄┄┄┄┄┄┄┄┄┄┄┄┄┄┄┄┄┄┄┄┄┄┄┄┄┄┄┄┄┄┄┄┄┄┄┄┄┄┄┄┄┄┄┄┄┄┄┄┄┄┄┄┄┄┄┄┄┄┄┄┄┄┄┄┄┄┄┄┄┄┄┄┄┄┄┄┄┄┄┄┄┄┄┄┄┄┄┄┄┄┄┄┄┄┄
│ 07:38:48.532 (+0:00:00.937477)
├┄┄┄┄┄┄┄┄┄┄┄┄┄┄┄┄┄┄┄┄┄┄┄┄┄┄┄┄┄┄┄┄┄┄┄┄┄┄┄┄┄┄┄┄┄┄┄┄┄┄┄┄┄┄┄┄┄┄┄┄┄┄┄┄┄┄┄┄┄┄┄┄┄┄┄┄┄┄┄┄┄┄┄┄┄┄┄┄┄┄┄┄┄┄┄┄┄┄┄┄┄┄┄┄┄┄┄┄┄┄┄┄┄┄┄┄┄┄┄
│ 🐛 ⚙️ Preferences: Constructed preferences model
└───────────────────────────────────────────────────────────────────────────────────────────────────────────────────────
┌───────────────────────────────────────────────────────────────────────────────────────────────────────────────────────
│ {width: 10, height: 10, insets: 0, defaultPattern: 1}
├┄┄┄┄┄┄┄┄┄┄┄┄┄┄┄┄┄┄┄┄┄┄┄┄┄┄┄┄┄┄┄┄┄┄┄┄┄┄┄┄┄┄┄┄┄┄┄┄┄┄┄┄┄┄┄┄┄┄┄┄┄┄┄┄┄┄┄┄┄┄┄┄┄┄┄┄┄┄┄┄┄┄┄┄┄┄┄┄┄┄┄┄┄┄┄┄┄┄┄┄┄┄┄┄┄┄┄┄┄┄┄┄┄┄┄┄┄┄┄
│ #0   AppLogger.preferences (package:filler/core/logging.dart:64:13)
│ #1   new CanvasBloc.<anonymous closure> (package:filler/features/canvas/presentation/canvas_bloc.dart:116:19)
│ #2   <asynchronous suspension>
│ #3   Bloc.on.<anonymous closure>.handleEvent (package:bloc/src/bloc.dart:226:13)
│ #4   <asynchronous suspension>
├┄┄┄┄┄┄┄┄┄┄┄┄┄┄┄┄┄┄┄┄┄┄┄┄┄┄┄┄┄┄┄┄┄┄┄┄┄┄┄┄┄┄┄┄┄┄┄┄┄┄┄┄┄┄┄┄┄┄┄┄┄┄┄┄┄┄┄┄┄┄┄┄┄┄┄┄┄┄┄┄┄┄┄┄┄┄┄┄┄┄┄┄┄┄┄┄┄┄┄┄┄┄┄┄┄┄┄┄┄┄┄┄┄┄┄┄┄┄┄
│ 07:38:48.534 (+0:00:00.938585)
├┄┄┄┄┄┄┄┄┄┄┄┄┄┄┄┄┄┄┄┄┄┄┄┄┄┄┄┄┄┄┄┄┄┄┄┄┄┄┄┄┄┄┄┄┄┄┄┄┄┄┄┄┄┄┄┄┄┄┄┄┄┄┄┄┄┄┄┄┄┄┄┄┄┄┄┄┄┄┄┄┄┄┄┄┄┄┄┄┄┄┄┄┄┄┄┄┄┄┄┄┄┄┄┄┄┄┄┄┄┄┄┄┄┄┄┄┄┄┄
│ 🐛 ⚙️ Preferences: Loaded preferences from key-value store
└───────────────────────────────────────────────────────────────────────────────────────────────────────────────────────
[38;5;12m┌───────────────────────────────────────────────────────────────────────────────────────────────────────────────────────[0m
[38;5;12m│ #0   AppLogger.performance (package:filler/core/logging.dart:131:13)[0m
[38;5;12m│ #1   new CanvasBloc.<anonymous closure> (package:filler/features/canvas/presentation/canvas_bloc.dart:125:19)[0m
[38;5;12m├┄┄┄┄┄┄┄┄┄┄┄┄┄┄┄┄┄┄┄┄┄┄┄┄┄┄┄┄┄┄┄┄┄┄┄┄┄┄┄┄┄┄┄┄┄┄┄┄┄┄┄┄┄┄┄┄┄┄┄┄┄┄┄┄┄┄┄┄┄┄┄┄┄┄┄┄┄┄┄┄┄┄┄┄┄┄┄┄┄┄┄┄┄┄┄┄┄┄┄┄┄┄┄┄┄┄┄┄┄┄┄┄┄┄┄┄┄┄┄[0m
[38;5;12m│ 07:38:48.535 (+0:00:00.940416)[0m
[38;5;12m├┄┄┄┄┄┄┄┄┄┄┄┄┄┄┄┄┄┄┄┄┄┄┄┄┄┄┄┄┄┄┄┄┄┄┄┄┄┄┄┄┄┄┄┄┄┄┄┄┄┄┄┄┄┄┄┄┄┄┄┄┄┄┄┄┄┄┄┄┄┄┄┄┄┄┄┄┄┄┄┄┄┄┄┄┄┄┄┄┄┄┄┄┄┄┄┄┄┄┄┄┄┄┄┄┄┄┄┄┄┄┄┄┄┄┄┄┄┄┄[0m
[38;5;12m│ 💡 ⏱️ Performance: Preferences fetch took 45ms[0mactivePatternId
[38;5;12m└───────────────────────────────────────────────────────────────────────────────────────────────────────────────────────[0m
┌───────────────────────────────────────────────────────────────────────────activePatternId─────────────────────────────────
│ {dimensions: 10x10, pixelCount: 100, insets: 0, defaultPattern: 1}
├┄┄┄┄┄┄┄┄┄┄┄┄┄┄┄┄┄┄┄┄┄┄┄┄┄┄┄┄┄┄┄┄┄┄┄┄┄┄┄┄┄┄┄┄┄┄┄┄┄┄┄┄┄┄┄┄┄┄┄┄┄┄┄┄┄┄┄┄┄┄┄┄┄┄┄┄┄┄┄┄┄┄┄┄┄┄┄┄┄┄┄┄┄┄┄┄┄┄┄┄┄┄┄┄┄┄┄┄┄┄┄┄┄┄┄┄┄┄┄
│ #0   AppLogger.canvas (package:filler/core/logging.dart:59:13)activePatternId
│ #1   new CanvasBloc.<anonymous closure> (package:filler/features/canvas/presentation/canvas_bloc.dart:133:19)
│ #2   <asynchronous suspension>activePatternIdactivePatternId
│ #3   Bloc.on.<anonymous closure>.handleEvent (package:bloc/src/bloc.dart:226:13)
│ #4   <asynchronous suspension>
├┄┄┄┄┄┄┄┄┄┄┄┄┄┄┄┄┄┄┄┄┄┄┄┄┄┄┄┄┄┄┄┄┄┄┄┄┄┄┄┄┄┄┄┄┄┄┄┄┄┄┄┄┄┄┄┄┄┄┄┄┄┄┄┄┄┄┄┄┄┄┄┄┄┄┄┄┄┄┄┄┄┄┄┄┄┄┄┄┄┄┄┄┄┄┄┄┄┄┄┄┄┄┄┄┄┄┄┄┄┄┄┄┄┄┄┄┄┄┄
│ 07:38:48.536 (+0:00:00.941091)activePatternId
├┄┄┄┄┄┄┄┄┄┄┄┄┄┄┄┄┄┄┄┄┄┄┄┄┄┄┄┄┄┄┄┄┄┄┄┄┄┄┄┄┄┄┄┄┄┄┄┄┄┄┄┄┄┄┄┄┄┄┄┄┄┄┄┄┄┄┄┄┄┄┄┄┄┄┄┄┄┄┄┄┄┄┄┄┄┄┄┄┄┄┄┄┄┄┄┄┄┄┄┄┄┄┄┄┄┄┄┄┄┄┄┄┄┄┄┄┄┄┄
│ 🐛 🎨 Canvas: Initialized canvas
└───────────────────────────────────────────────────────────────────────────────────────────────────────────────────────
┌───────────────────────────────────────────────────────────────────────────────────────────────────────────────────────
│ #0   AppLogger.bloc (package:filler/core/logging.dart:44:13)
│ #1   new CanvasBloc.<anonymous closure> (package:filler/features/canvas/presentation/canvas_bloc.dart:156:19)
├┄┄┄┄┄┄┄┄┄┄┄┄┄┄┄┄┄┄┄┄┄┄┄┄┄┄┄┄┄┄┄┄┄┄┄┄┄┄┄┄┄┄┄┄┄┄┄┄┄┄┄┄┄┄┄┄┄┄┄┄┄┄┄┄┄┄┄┄┄┄┄┄┄┄┄┄┄┄┄┄┄┄┄┄┄┄┄┄┄┄┄┄┄┄┄┄┄┄┄┄┄┄┄┄┄┄┄┄┄┄┄┄┄┄┄┄┄┄┄
│ 07:38:48.537 (+0:00:00.942127)
├┄┄┄┄┄┄┄┄┄┄┄┄┄┄┄┄┄┄┄┄┄┄┄┄┄┄┄┄┄┄┄┄┄┄┄┄┄┄┄┄┄┄┄┄┄┄┄┄┄┄┄┄┄┄┄┄┄┄┄┄┄┄┄┄┄┄┄┄┄┄┄┄┄┄┄┄┄┄┄┄┄┄┄┄┄┄┄┄┄┄┄┄┄┄┄┄┄┄┄┄┄┄┄┄┄┄┄┄┄┄┄┄┄┄┄┄┄┄┄
│ 🐛 🔄 BLoC[Canvas]: Init Complete | loading → ready
└───────────────────────────────────────────────────────────────────────────────────────────────────────────────────────

00:02 +20 -1: /Users/mr42/code/flutter/tmp/filler/test/features/gallery/presentation/gallery_bloc_test.dart: (setUpAll)                                                                                
[38;5;12m┌───────────────────────────────────────────────────────────────────────────────────────────────────────────────────────[0m
[38;5;12m│ #0   AppLogger.initialize (package:filler/core/logging.dart:24:13)[0m
[38;5;12m│ #1   TestHelpers.initializeLogging (file:///Users/mr42/code/flutter/tmp/filler/test/helpers/test_helpers.dart:25:15)[0m
[38;5;12m├┄┄┄┄┄┄┄┄┄┄┄┄┄┄┄┄┄┄┄┄┄┄┄┄┄┄┄┄┄┄┄┄┄┄┄┄┄┄┄┄┄┄┄┄┄┄┄┄┄┄┄┄┄┄┄┄┄┄┄┄┄┄┄┄┄┄┄┄┄┄┄┄┄┄┄┄┄┄┄┄┄┄┄┄┄┄┄┄┄┄┄┄┄┄┄┄┄┄┄┄┄┄┄┄┄┄┄┄┄┄┄┄┄┄┄┄┄┄┄[0mactivePatternId
[38;5;12m│ 07:38:48.807 (+0:00:00.001203)[0mactivePatternId
[38;5;12m├┄┄┄┄┄┄┄┄┄┄┄┄┄┄┄┄┄┄┄┄┄┄┄┄┄┄┄┄┄┄┄┄┄┄┄┄┄┄┄┄┄┄┄┄┄┄┄┄┄┄┄┄┄┄┄┄┄┄┄┄┄┄┄┄┄┄┄┄┄┄┄┄┄┄┄┄┄┄┄┄┄┄┄┄┄┄┄┄┄┄┄┄┄┄┄┄┄┄┄┄┄┄┄┄┄┄┄┄┄┄┄┄┄┄┄┄┄┄┄[0m
[38;5;12m│ 💡 🚀 AppLogger initialized (debug: true)[0m
[38;5;12m└───────────────────────────────────────────────────────────────────────────────────────────────────────────────────────[0m

00:02 +20 -1: /Users/mr42/code/flutter/tmp/filler/test/integration/platform_specific_test.dart: Platform-Specific Database Integration Canvas Operations Work Cross-Platform                           
00:02 +20 -1: /Users/mr42/code/flutter/tmp/filler/test/features/gallery/presentation/gallery_bloc_test.dart: GalleryBloc initial state is GalleryState.initial                                         
┌───────────────────────────────────────────────────────────────────────────────────────────────────────────────────────
│ #0   AppLogger.bloc (package:filler/core/logging.dart:44:13)
│ #1   new GalleryBloc (package:filler/features/gallery/presentation/gallery_bloc.dart:77:15)
├┄┄┄┄┄┄┄┄┄┄┄┄┄┄┄┄┄┄┄┄┄┄┄┄┄┄┄┄┄┄┄┄┄┄┄┄┄┄┄┄┄┄┄┄┄┄┄┄┄┄┄┄┄┄┄┄┄┄┄┄┄┄┄┄┄┄┄┄┄┄┄┄┄┄┄┄┄┄┄┄┄┄┄┄┄┄┄┄┄┄┄┄┄┄┄┄┄┄┄┄┄┄┄┄┄┄┄┄┄┄┄┄┄┄┄┄┄┄┄
│ 07:38:48.820 (+0:00:00.014268)
├┄┄┄┄┄┄┄┄┄┄┄┄┄┄┄┄┄┄┄┄┄┄┄┄┄┄┄┄┄┄┄┄┄┄┄┄┄┄┄┄┄┄┄┄┄┄┄┄┄┄┄┄┄┄┄┄┄┄┄┄┄┄┄┄┄┄┄┄┄┄┄┄┄┄┄┄┄┄┄┄┄┄┄┄┄┄┄┄┄┄┄┄┄┄┄┄┄┄┄┄┄┄┄┄┄┄┄┄┄┄┄┄┄┄┄┄┄┄┄
│ 🐛 🔄 BLoC[Gallery]: BLoC Created | null → initial
└───────────────────────────────────────────────────────────────────────────────────────────────────────────────────────

00:02 +21 -1: /Users/mr42/code/flutter/tmp/filler/test/integration/platform_specific_test.dart: Platform-Specific Database Integration Canvas Operations Work Cross-Platform                           
00:02 +21 -1: /Users/mr42/code/flutter/tmp/filler/test/features/gallery/presentation/gallery_bloc_test.dart: GalleryBloc GalleryEvent.load emits [loading, loaded] when canvases loaded successfully   
┌───────────────────────────────────────────────────────────────────────────────────────────────────────────────────────
│ #0   AppLogger.bloc (package:filler/core/logging.dart:44:13)
│ #1   new GalleryBloc (package:filler/features/gallery/presentation/gallery_bloc.dart:77:15)
├┄┄┄┄┄┄┄┄┄┄┄┄┄┄┄┄┄┄┄┄┄┄┄┄┄┄┄┄┄┄┄┄┄┄┄┄┄┄┄┄┄┄┄┄┄┄┄┄┄┄┄┄┄┄┄┄┄┄┄┄┄┄┄┄┄┄┄┄┄┄┄┄┄┄┄┄┄┄┄┄┄┄┄┄┄┄┄┄┄┄┄┄┄┄┄┄┄┄┄┄┄┄┄┄┄┄┄┄┄┄┄┄┄┄┄┄┄┄┄
│ 07:38:48.830 (+0:00:00.023966)
├┄┄┄┄┄┄┄┄┄┄┄┄┄┄┄┄┄┄┄┄┄┄┄┄┄┄┄┄┄┄┄┄┄┄┄┄┄┄┄┄┄┄┄┄┄┄┄┄┄┄┄┄┄┄┄┄┄┄┄┄┄┄┄┄┄┄┄┄┄┄┄┄┄┄┄┄┄┄┄┄┄┄┄┄┄┄┄┄┄┄┄┄┄┄┄┄┄┄┄┄┄┄┄┄┄┄┄┄┄┄┄┄┄┄┄┄┄┄┄
│ 🐛 🔄 BLoC[Gallery]: BLoC Created | null → initial
└───────────────────────────────────────────────────────────────────────────────────────────────────────────────────────
┌───────────────────────────────────────────────────────────────────────────────────────────────────────────────────────
│ #0   AppLogger.bloc (package:filler/core/logging.dart:44:13)
│ #1   new GalleryBloc.<anonymous closure> (package:filler/features/gallery/presentation/gallery_bloc.dart:79:17)
├┄┄┄┄┄┄┄┄┄┄┄┄┄┄┄┄┄┄┄┄┄┄┄┄┄┄┄┄┄┄┄┄┄┄┄┄┄┄┄┄┄┄┄┄┄┄┄┄┄┄┄┄┄┄┄┄┄┄┄┄┄┄┄┄┄┄┄┄┄┄┄┄┄┄┄┄┄┄┄┄┄┄┄┄┄┄┄┄┄┄┄┄┄┄┄┄┄┄┄┄┄┄┄┄┄┄┄┄┄┄┄┄┄┄┄┄┄┄┄
│ 07:38:48.836 (+0:00:00.029812)
├┄┄┄┄┄┄┄┄┄┄┄┄┄┄┄┄┄┄┄┄┄┄┄┄┄┄┄┄┄┄┄┄┄┄┄┄┄┄┄┄┄┄┄┄┄┄┄┄┄┄┄┄┄┄┄┄┄┄┄┄┄┄┄┄┄┄┄┄┄┄┄┄┄┄┄┄┄┄┄┄┄┄┄┄┄┄┄┄┄┄┄┄┄┄┄┄┄┄┄┄┄┄┄┄┄┄┄┄┄┄┄┄┄┄┄┄┄┄┄
│ 🐛 🔄 BLoC[Gallery]: Load Event | initial → loading
└───────────────────────────────────────────────────────────────────────────────────────────────────────────────────────
┌───────────────────────────────────────────────────────────────────────────────────────────────────────────────────────
│ {count: 2, loadTime: 3ms}
├┄┄┄┄┄┄┄┄┄┄┄┄┄┄┄┄┄┄┄┄┄┄┄┄┄┄┄┄┄┄┄┄┄┄┄┄┄┄┄┄┄┄┄┄┄┄┄┄┄┄┄┄┄┄┄┄┄┄┄┄┄┄┄┄┄┄┄┄┄┄┄┄┄┄┄┄┄┄┄┄┄┄┄┄┄┄┄┄┄┄┄┄┄┄┄┄┄┄┄┄┄┄┄┄┄┄┄┄┄┄┄┄┄┄┄┄┄┄┄
│ #0   AppLogger.database (package:filler/core/logging.dart:49:13)
│ #1   new GalleryBloc.<anonymous closure> (package:filler/features/gallery/presentation/gallery_bloc.dart:87:19)
│ #2   <asynchronous suspension>
│ #3   Bloc.on.<anonymous closure>.handleEvent (package:bloc/src/bloc.dart:226:13)
│ #4   <asynchronous suspension>
├┄┄┄┄┄┄┄┄┄┄┄┄┄┄┄┄┄┄┄┄┄┄┄┄┄┄┄┄┄┄┄┄┄┄┄┄┄┄┄┄┄┄┄┄┄┄┄┄┄┄┄┄┄┄┄┄┄┄┄┄┄┄┄┄┄┄┄┄┄┄┄┄┄┄┄┄┄┄┄┄┄┄┄┄┄┄┄┄┄┄┄┄┄┄┄┄┄┄┄┄┄┄┄┄┄┄┄┄┄┄┄┄┄┄┄┄┄┄┄
│ 07:38:48.842 (+0:00:00.035890)
├┄┄┄┄┄┄┄┄┄┄┄┄┄┄┄┄┄┄┄┄┄┄┄┄┄┄┄┄┄┄┄┄┄┄┄┄┄┄┄┄┄┄┄┄┄┄┄┄┄┄┄┄┄┄┄┄┄┄┄┄┄┄┄┄┄┄┄┄┄┄┄┄┄┄┄┄┄┄┄┄┄┄┄┄┄┄┄┄┄┄┄┄┄┄┄┄┄┄┄┄┄┄┄┄┄┄┄┄┄┄┄┄┄┄┄┄┄┄┄
│ 🐛 💾 Database: Loaded canvases from database
└───────────────────────────────────────────────────────────────────────────────────────────────────────────────────────
┌───────────────────────────────────────────────────────────────────────────────────────────────────────────────────────
│ {id: 1, title: Canvas 1, dimensions: 2x2, pixelCount: 4}
├┄┄┄┄┄┄┄┄┄┄┄┄┄┄┄┄┄┄┄┄┄┄┄┄┄┄┄┄┄┄┄┄┄┄┄┄┄┄┄┄┄┄┄┄┄┄┄┄┄┄┄┄┄┄┄┄┄┄┄┄┄┄┄┄┄┄┄┄┄┄┄┄┄┄┄┄┄┄┄┄┄┄┄┄┄┄┄┄┄┄┄┄┄┄┄┄┄┄┄┄┄┄┄┄┄┄┄┄┄┄┄┄┄┄┄┄┄┄┄
│ #0   AppLogger.canvas (package:filler/core/logging.dart:59:13)
│ #1   new GalleryBloc.<anonymous closure> (package:filler/features/gallery/presentation/gallery_bloc.dart:109:23)
│ #2   <asynchronous suspension>
│ #3   Bloc.on.<anonymous closure>.handleEvent (package:bloc/src/bloc.dart:226:13)
│ #4   <asynchronous suspension>
├┄┄┄┄┄┄┄┄┄┄┄┄┄┄┄┄┄┄┄┄┄┄┄┄┄┄┄┄┄┄┄┄┄┄┄┄┄┄┄┄┄┄┄┄┄┄┄┄┄┄┄┄┄┄┄┄┄┄┄┄┄┄┄┄┄┄┄┄┄┄┄┄┄┄┄┄┄┄┄┄┄┄┄┄┄┄┄┄┄┄┄┄┄┄┄┄┄┄┄┄┄┄┄┄┄┄┄┄┄┄┄┄┄┄┄┄┄┄┄
│ 07:38:48.845 (+0:00:00.038485)
├┄┄┄┄┄┄┄┄┄┄┄┄┄┄┄┄┄┄┄┄┄┄┄┄┄┄┄┄┄┄┄┄┄┄┄┄┄┄┄┄┄┄┄┄┄┄┄┄┄┄┄┄┄┄┄┄┄┄┄┄┄┄┄┄┄┄┄┄┄┄┄┄┄┄┄┄┄┄┄┄┄┄┄┄┄┄┄┄┄┄┄┄┄┄┄┄┄┄┄┄┄┄┄┄┄┄┄┄┄┄┄┄┄┄┄┄┄┄┄
│ 🐛 🎨 Canvas: Processed canvas for gallery
└───────────────────────────────────────────────────────────────────────────────────────────────────────────────────────
┌───────────────────────────────────────────────────────────────────────────────────────────────────────────────────────
│ {id: 2, title: Canvas 2, dimensions: 3x1, pixelCount: 3}
├┄┄┄┄┄┄┄┄┄┄┄┄┄┄┄┄┄┄┄┄┄┄┄┄┄┄┄┄┄┄┄┄┄┄┄┄┄┄┄┄┄┄┄┄┄┄┄┄┄┄┄┄┄┄┄┄┄┄┄┄┄┄┄┄┄┄┄┄┄┄┄┄┄┄┄┄┄┄┄┄┄┄┄┄┄┄┄┄┄┄┄┄┄┄┄┄┄┄┄┄┄┄┄┄┄┄┄┄┄┄┄┄┄┄┄┄┄┄┄
│ #0   AppLogger.canvas (package:filler/core/logging.dart:59:13)
│ #1   new GalleryBloc.<anonymous closure> (package:filler/features/gallery/presentation/gallery_bloc.dart:109:23)
│ #2   <asynchronous suspension>
│ #3   Bloc.on.<anonymous closure>.handleEvent (package:bloc/src/bloc.dart:226:13)
│ #4   <asynchronous suspension>
├┄┄┄┄┄┄┄┄┄┄┄┄┄┄┄┄┄┄┄┄┄┄┄┄┄┄┄┄┄┄┄┄┄┄┄┄┄┄┄┄┄┄┄┄┄┄┄┄┄┄┄┄┄┄┄┄┄┄┄┄┄┄┄┄┄┄┄┄┄┄┄┄┄┄┄┄┄┄┄┄┄┄┄┄┄┄┄┄┄┄┄┄┄┄┄┄┄┄┄┄┄┄┄┄┄┄┄┄┄┄┄┄┄┄┄┄┄┄┄
│ 07:38:48.846 (+0:00:00.039960)
├┄┄┄┄┄┄┄┄┄┄┄┄┄┄┄┄┄┄┄┄┄┄┄┄┄┄┄┄┄┄┄┄┄┄┄┄┄┄┄┄┄┄┄┄┄┄┄┄┄┄┄┄┄┄┄┄┄┄┄┄┄┄┄┄┄┄┄┄┄┄┄┄┄┄┄┄┄┄┄┄┄┄┄┄┄┄┄┄┄┄┄┄┄┄┄┄┄┄┄┄┄┄┄┄┄┄┄┄┄┄┄┄┄┄┄┄┄┄┄
│ 🐛 🎨 Canvas: Processed canvas for gallery
└───────────────────────────────────────────────────────────────────────────────────────────────────────────────────────
┌───────────────────────────────────────────────────────────────────────────────────────────────────────────────────────
│ {totalCanvases: 2, validItems: 2, skippedItems: 0}
├┄┄┄┄┄┄┄┄┄┄┄┄┄┄┄┄┄┄┄┄┄┄┄┄┄┄┄┄┄┄┄┄┄┄┄┄┄┄┄┄┄┄┄┄┄┄┄┄┄┄┄┄┄┄┄┄┄┄┄┄┄┄┄┄┄┄┄┄┄┄┄┄┄┄┄┄┄┄┄┄┄┄┄┄┄┄┄┄┄┄┄┄┄┄┄┄┄┄┄┄┄┄┄┄┄┄┄┄┄┄┄┄┄┄┄┄┄┄┄
│ #0   AppLogger.canvas (package:filler/core/logging.dart:59:13)
│ #1   new GalleryBloc.<anonymous closure> (package:filler/features/gallery/presentation/gallery_bloc.dart:128:19)
│ #2   <asynchronous suspension>
│ #3   Bloc.on.<anonymous closure>.handleEvent (package:bloc/src/bloc.dart:226:13)
│ #4   <asynchronous suspension>
├┄┄┄┄┄┄┄┄┄┄┄┄┄┄┄┄┄┄┄┄┄┄┄┄┄┄┄┄┄┄┄┄┄┄┄┄┄┄┄┄┄┄┄┄┄┄┄┄┄┄┄┄┄┄┄┄┄┄┄┄┄┄┄┄┄┄┄┄┄┄┄┄┄┄┄┄┄┄┄┄┄┄┄┄┄┄┄┄┄┄┄┄┄┄┄┄┄┄┄┄┄┄┄┄┄┄┄┄┄┄┄┄┄┄┄┄┄┄┄
│ 07:38:48.848 (+0:00:00.041449)
├┄┄┄┄┄┄┄┄┄┄┄┄┄┄┄┄┄┄┄┄┄┄┄┄┄┄┄┄┄┄┄┄┄┄┄┄┄┄┄┄┄┄┄┄┄┄┄┄┄┄┄┄┄┄┄┄┄┄┄┄┄┄┄┄┄┄┄┄┄┄┄┄┄┄┄┄┄┄┄┄┄┄┄┄┄┄┄┄┄┄┄┄┄┄┄┄┄┄┄┄┄┄┄┄┄┄┄┄┄┄┄┄┄┄┄┄┄┄┄
│ 🐛 🎨 Canvas: Gallery items prepared
└───────────────────────────────────────────────────────────────────────────────────────────────────────────────────────
┌───────────────────────────────────────────────────────────────────────────────────────────────────────────────────────
│ #0   AppLogger.bloc (package:filler/core/logging.dart:44:13)
│ #1   new GalleryBloc.<anonymous closure> (package:filler/features/gallery/presentation/gallery_bloc.dart:138:19)
├┄┄┄┄┄┄┄┄┄┄┄┄┄┄┄┄┄┄┄┄┄┄┄┄┄┄┄┄┄┄┄┄┄┄┄┄┄┄┄┄┄┄┄┄┄┄┄┄┄┄┄┄┄┄┄┄┄┄┄┄┄┄┄┄┄┄┄┄┄┄┄┄┄┄┄┄┄┄┄┄┄┄┄┄┄┄┄┄┄┄┄┄┄┄┄┄┄┄┄┄┄┄┄┄┄┄┄┄┄┄┄┄┄┄┄┄┄┄┄
│ 07:38:48.849 (+0:00:00.042957)
├┄┄┄┄┄┄┄┄┄┄┄┄┄┄┄┄┄┄┄┄┄┄┄┄┄┄┄┄┄┄┄┄┄┄┄┄┄┄┄┄┄┄┄┄┄┄┄┄┄┄┄┄┄┄┄┄┄┄┄┄┄┄┄┄┄┄┄┄┄┄┄┄┄┄┄┄┄┄┄┄┄┄┄┄┄┄┄┄┄┄┄┄┄┄┄┄┄┄┄┄┄┄┄┄┄┄┄┄┄┄┄┄┄┄┄┄┄┄┄
│ 🐛 🔄 BLoC[Gallery]: Load Complete | loading → loaded
└───────────────────────────────────────────────────────────────────────────────────────────────────────────────────────

00:02 +22 -1: /Users/mr42/code/flutter/tmp/filler/test/integration/platform_specific_test.dart: Platform-Specific Database Integration Canvas Operations Work Cross-Platform                           
00:02 +22 -1: /Users/mr42/code/flutter/tmp/filler/test/features/gallery/presentation/gallery_bloc_test.dart: GalleryBloc GalleryEvent.load emits [loading, loaded] with empty list when no canvases exist
┌───────────────────────────────────────────────────────────────────────────────────────────────────────────────────────
│ #0   AppLogger.bloc (package:filler/core/logging.dart:44:13)
│ #1   new GalleryBloc (package:filler/features/gallery/presentation/gallery_bloc.dart:77:15)
├┄┄┄┄┄┄┄┄┄┄┄┄┄┄┄┄┄┄┄┄┄┄┄┄┄┄┄┄┄┄┄┄┄┄┄┄┄┄┄┄┄┄┄┄┄┄┄┄┄┄┄┄┄┄┄┄┄┄┄┄┄┄┄┄┄┄┄┄┄┄┄┄┄┄┄┄┄┄┄┄┄┄┄┄┄┄┄┄┄┄┄┄┄┄┄┄┄┄┄┄┄┄┄┄┄┄┄┄┄┄┄┄┄┄┄┄┄┄┄
│ 07:38:48.856 (+0:00:00.049337)
├┄┄┄┄┄┄┄┄┄┄┄┄┄┄┄┄┄┄┄┄┄┄┄┄┄┄┄┄┄┄┄┄┄┄┄┄┄┄┄┄┄┄┄┄┄┄┄┄┄┄┄┄┄┄┄┄┄┄┄┄┄┄┄┄┄┄┄┄┄┄┄┄┄┄┄┄┄┄┄┄┄┄┄┄┄┄┄┄┄┄┄┄┄┄┄┄┄┄┄┄┄┄┄┄┄┄┄┄┄┄┄┄┄┄┄┄┄┄┄
│ 🐛 🔄 BLoC[Gallery]: BLoC Created | null → initial
└───────────────────────────────────────────────────────────────────────────────────────────────────────────────────────
┌───────────────────────────────────────────────────────────────────────────────────────────────────────────────────────
│ #0   AppLogger.bloc (package:filler/core/logging.dart:44:13)
│ #1   new GalleryBloc.<anonymous closure> (package:filler/features/gallery/presentation/gallery_bloc.dart:79:17)
├┄┄┄┄┄┄┄┄┄┄┄┄┄┄┄┄┄┄┄┄┄┄┄┄┄┄┄┄┄┄┄┄┄┄┄┄┄┄┄┄┄┄┄┄┄┄┄┄┄┄┄┄┄┄┄┄┄┄┄┄┄┄┄┄┄┄┄┄┄┄┄┄┄┄┄┄┄┄┄┄┄┄┄┄┄┄┄┄┄┄┄┄┄┄┄┄┄┄┄┄┄┄┄┄┄┄┄┄┄┄┄┄┄┄┄┄┄┄┄
│ 07:38:48.857 (+0:00:00.050784)
├┄┄┄┄┄┄┄┄┄┄┄┄┄┄┄┄┄┄┄┄┄┄┄┄┄┄┄┄┄┄┄┄┄┄┄┄┄┄┄┄┄┄┄┄┄┄┄┄┄┄┄┄┄┄┄┄┄┄┄┄┄┄┄┄┄┄┄┄┄┄┄┄┄┄┄┄┄┄┄┄┄┄┄┄┄┄┄┄┄┄┄┄┄┄┄┄┄┄┄┄┄┄┄┄┄┄┄┄┄┄┄┄┄┄┄┄┄┄┄
│ 🐛 🔄 BLoC[Gallery]: Load Event | initial → loading
└───────────────────────────────────────────────────────────────────────────────────────────────────────────────────────
┌───────────────────────────────────────────────────────────────────────────────────────────────────────────────────────
│ {count: 0, loadTime: 0ms}
├┄┄┄┄┄┄┄┄┄┄┄┄┄┄┄┄┄┄┄┄┄┄┄┄┄┄┄┄┄┄┄┄┄┄┄┄┄┄┄┄┄┄┄┄┄┄┄┄┄┄┄┄┄┄┄┄┄┄┄┄┄┄┄┄┄┄┄┄┄┄┄┄┄┄┄┄┄┄┄┄┄┄┄┄┄┄┄┄┄┄┄┄┄┄┄┄┄┄┄┄┄┄┄┄┄┄┄┄┄┄┄┄┄┄┄┄┄┄┄
│ #0   AppLogger.database (package:filler/core/logging.dart:49:13)
│ #1   new GalleryBloc.<anonymous closure> (package:filler/features/gallery/presentation/gallery_bloc.dart:87:19)
│ #2   <asynchronous suspension>
│ #3   Bloc.on.<anonymous closure>.handleEvent (package:bloc/src/bloc.dart:226:13)
│ #4   <asynchronous suspension>
├┄┄┄┄┄┄┄┄┄┄┄┄┄┄┄┄┄┄┄┄┄┄┄┄┄┄┄┄┄┄┄┄┄┄┄┄┄┄┄┄┄┄┄┄┄┄┄┄┄┄┄┄┄┄┄┄┄┄┄┄┄┄┄┄┄┄┄┄┄┄┄┄┄┄┄┄┄┄┄┄┄┄┄┄┄┄┄┄┄┄┄┄┄┄┄┄┄┄┄┄┄┄┄┄┄┄┄┄┄┄┄┄┄┄┄┄┄┄┄
│ 07:38:48.858 (+0:00:00.051907)
├┄┄┄┄┄┄┄┄┄┄┄┄┄┄┄┄┄┄┄┄┄┄┄┄┄┄┄┄┄┄┄┄┄┄┄┄┄┄┄┄┄┄┄┄┄┄┄┄┄┄┄┄┄┄┄┄┄┄┄┄┄┄┄┄┄┄┄┄┄┄┄┄┄┄┄┄┄┄┄┄┄┄┄┄┄┄┄┄┄┄┄┄┄┄┄┄┄┄┄┄┄┄┄┄┄┄┄┄┄┄┄┄┄┄┄┄┄┄┄
│ 🐛 💾 Database: Loaded canvases from database
└───────────────────────────────────────────────────────────────────────────────────────────────────────────────────────
┌───────────────────────────────────────────────────────────────────────────────────────────────────────────────────────
│ {totalCanvases: 0, validItems: 0, skippedItems: 0}
├┄┄┄┄┄┄┄┄┄┄┄┄┄┄┄┄┄┄┄┄┄┄┄┄┄┄┄┄┄┄┄┄┄┄┄┄┄┄┄┄┄┄┄┄┄┄┄┄┄┄┄┄┄┄┄┄┄┄┄┄┄┄┄┄┄┄┄┄┄┄┄┄┄┄┄┄┄┄┄┄┄┄┄┄┄┄┄┄┄┄┄┄┄┄┄┄┄┄┄┄┄┄┄┄┄┄┄┄┄┄┄┄┄┄┄┄┄┄┄
│ #0   AppLogger.canvas (package:filler/core/logging.dart:59:13)
│ #1   new GalleryBloc.<anonymous closure> (package:filler/features/gallery/presentation/gallery_bloc.dart:128:19)
│ #2   <asynchronous suspension>
│ #3   Bloc.on.<anonymous closure>.handleEvent (package:bloc/src/bloc.dart:226:13)
│ #4   <asynchronous suspension>
├┄┄┄┄┄┄┄┄┄┄┄┄┄┄┄┄┄┄┄┄┄┄┄┄┄┄┄┄┄┄┄┄┄┄┄┄┄┄┄┄┄┄┄┄┄┄┄┄┄┄┄┄┄┄┄┄┄┄┄┄┄┄┄┄┄┄┄┄┄┄┄┄┄┄┄┄┄┄┄┄┄┄┄┄┄┄┄┄┄┄┄┄┄┄┄┄┄┄┄┄┄┄┄┄┄┄┄┄┄┄┄┄┄┄┄┄┄┄┄
│ 07:38:48.859 (+0:00:00.053226)
├┄┄┄┄┄┄┄┄┄┄┄┄┄┄┄┄┄┄┄┄┄┄┄┄┄┄┄┄┄┄┄┄┄┄┄┄┄┄┄┄┄┄┄┄┄┄┄┄┄┄┄┄┄┄┄┄┄┄┄┄┄┄┄┄┄┄┄┄┄┄┄┄┄┄┄┄┄┄┄┄┄┄┄┄┄┄┄┄┄┄┄┄┄┄┄┄┄┄┄┄┄┄┄┄┄┄┄┄┄┄┄┄┄┄┄┄┄┄┄
│ 🐛 🎨 Canvas: Gallery items prepared
└───────────────────────────────────────────────────────────────────────────────────────────────────────────────────────
┌───────────────────────────────────────────────────────────────────────────────────────────────────────────────────────
│ #0   AppLogger.bloc (package:filler/core/logging.dart:44:13)
│ #1   new GalleryBloc.<anonymous closure> (package:filler/features/gallery/presentation/gallery_bloc.dart:138:19)
├┄┄┄┄┄┄┄┄┄┄┄┄┄┄┄┄┄┄┄┄┄┄┄┄┄┄┄┄┄┄┄┄┄┄┄┄┄┄┄┄┄┄┄┄┄┄┄┄┄┄┄┄┄┄┄┄┄┄┄┄┄┄┄┄┄┄┄┄┄┄┄┄┄┄┄┄┄┄┄┄┄┄┄┄┄┄┄┄┄┄┄┄┄┄┄┄┄┄┄┄┄┄┄┄┄┄┄┄┄┄┄┄┄┄┄┄┄┄┄
│ 07:38:48.861 (+0:00:00.054577)
├┄┄┄┄┄┄┄┄┄┄┄┄┄┄┄┄┄┄┄┄┄┄┄┄┄┄┄┄┄┄┄┄┄┄┄┄┄┄┄┄┄┄┄┄┄┄┄┄┄┄┄┄┄┄┄┄┄┄┄┄┄┄┄┄┄┄┄┄┄┄┄┄┄┄┄┄┄┄┄┄┄┄┄┄┄┄┄┄┄┄┄┄┄┄┄┄┄┄┄┄┄┄┄┄┄┄┄┄┄┄┄┄┄┄┄┄┄┄┄
│ 🐛 🔄 BLoC[Gallery]: Load Complete | loading → loaded
└───────────────────────────────────────────────────────────────────────────────────────────────────────────────────────

00:02 +23 -1: /Users/mr42/code/flutter/tmp/filler/test/integration/platform_specific_test.dart: Platform-Specific Database Integration Canvas Operations Work Cross-Platform                           
00:02 +23 -1: /Users/mr42/code/flutter/tmp/filler/test/features/gallery/presentation/gallery_bloc_test.dart: GalleryBloc GalleryEvent.load handles repository errors gracefully without state change   
┌───────────────────────────────────────────────────────────────────────────────────────────────────────────────────────
│ #0   AppLogger.bloc (package:filler/core/logging.dart:44:13)
│ #1   new GalleryBloc (package:filler/features/gallery/presentation/gallery_bloc.dart:77:15)
├┄┄┄┄┄┄┄┄┄┄┄┄┄┄┄┄┄┄┄┄┄┄┄┄┄┄┄┄┄┄┄┄┄┄┄┄┄┄┄┄┄┄┄┄┄┄┄┄┄┄┄┄┄┄┄┄┄┄┄┄┄┄┄┄┄┄┄┄┄┄┄┄┄┄┄┄┄┄┄┄┄┄┄┄┄┄┄┄┄┄┄┄┄┄┄┄┄┄┄┄┄┄┄┄┄┄┄┄┄┄┄┄┄┄┄┄┄┄┄
│ 07:38:48.863 (+0:00:00.057086)
├┄┄┄┄┄┄┄┄┄┄┄┄┄┄┄┄┄┄┄┄┄┄┄┄┄┄┄┄┄┄┄┄┄┄┄┄┄┄┄┄┄┄┄┄┄┄┄┄┄┄┄┄┄┄┄┄┄┄┄┄┄┄┄┄┄┄┄┄┄┄┄┄┄┄┄┄┄┄┄┄┄┄┄┄┄┄┄┄┄┄┄┄┄┄┄┄┄┄┄┄┄┄┄┄┄┄┄┄┄┄┄┄┄┄┄┄┄┄┄
│ 🐛 🔄 BLoC[Gallery]: BLoC Created | null → initial
└───────────────────────────────────────────────────────────────────────────────────────────────────────────────────────
┌───────────────────────────────────────────────────────────────────────────────────────────────────────────────────────
│ #0   AppLogger.bloc (package:filler/core/logging.dart:44:13)
│ #1   new GalleryBloc.<anonymous closure> (package:filler/features/gallery/presentation/gallery_bloc.dart:79:17)
├┄┄┄┄┄┄┄┄┄┄┄┄┄┄┄┄┄┄┄┄┄┄┄┄┄┄┄┄┄┄┄┄┄┄┄┄┄┄┄┄┄┄┄┄┄┄┄┄┄┄┄┄┄┄┄┄┄┄┄┄┄┄┄┄┄┄┄┄┄┄┄┄┄┄┄┄┄┄┄┄┄┄┄┄┄┄┄┄┄┄┄┄┄┄┄┄┄┄┄┄┄┄┄┄┄┄┄┄┄┄┄┄┄┄┄┄┄┄┄
│ 07:38:48.865 (+0:00:00.058683)
├┄┄┄┄┄┄┄┄┄┄┄┄┄┄┄┄┄┄┄┄┄┄┄┄┄┄┄┄┄┄┄┄┄┄┄┄┄┄┄┄┄┄┄┄┄┄┄┄┄┄┄┄┄┄┄┄┄┄┄┄┄┄┄┄┄┄┄┄┄┄┄┄┄┄┄┄┄┄┄┄┄┄┄┄┄┄┄┄┄┄┄┄┄┄┄┄┄┄┄┄┄┄┄┄┄┄┄┄┄┄┄┄┄┄┄┄┄┄┄
│ 🐛 🔄 BLoC[Gallery]: Load Event | initial → loading
└───────────────────────────────────────────────────────────────────────────────────────────────────────────────────────
[38;5;196m┌───────────────────────────────────────────────────────────────────────────────────────────────────────────────────────[0m
[38;5;196m│ Exception: Database error[0m
[38;5;196m├┄┄┄┄┄┄┄┄┄┄┄┄┄┄┄┄┄┄┄┄┄┄┄┄┄┄┄┄┄┄┄┄┄┄┄┄┄┄┄┄┄┄┄┄┄┄┄┄┄┄┄┄┄┄┄┄┄┄┄┄┄┄┄┄┄┄┄┄┄┄┄┄┄┄┄┄┄┄┄┄┄┄┄┄┄┄┄┄┄┄┄┄┄┄┄┄┄┄┄┄┄┄┄┄┄┄┄┄┄┄┄┄┄┄┄┄┄┄┄[0m
[38;5;196m│ #0   When.thenThrow.<anonymous closure> (package:mocktail/src/mocktail.dart:249:7)[0m
[38;5;196m│ #1   Mock.noSuchMethod (package:mocktail/src/mocktail.dart:131:37)[0m
[38;5;196m│ #2   MockCanvasRepository.getAllModels (file:///Users/mr42/code/flutter/tmp/filler/test/features/gallery/presentation/gallery_bloc_test.dart:13:7)[0m
[38;5;196m│ #3   new GalleryBloc.<anonymous closure> (package:filler/features/gallery/presentation/gallery_bloc.dart:84:38)[0m
[38;5;196m│ #4   Bloc.on.<anonymous closure>.handleEvent (package:bloc/src/bloc.dart:226:26)[0m
[38;5;196m│ #5   Bloc.on.<anonymous closure> (package:bloc/src/bloc.dart:235:9)[0m
[38;5;196m│ #6   _MapStream._handleData (dart:async/stream_pipe.dart:247:31)[0m
[38;5;196m│ #7   _ForwardingStreamSubscription._handleData (dart:async/stream_pipe.dart:184:13)[0m
[38;5;196m├┄┄┄┄┄┄┄┄┄┄┄┄┄┄┄┄┄┄┄┄┄┄┄┄┄┄┄┄┄┄┄┄┄┄┄┄┄┄┄┄┄┄┄┄┄┄┄┄┄┄┄┄┄┄┄┄┄┄┄┄┄┄┄┄┄┄┄┄┄┄┄┄┄┄┄┄┄┄┄┄┄┄┄┄┄┄┄┄┄┄┄┄┄┄┄┄┄┄┄┄┄┄┄┄┄┄┄┄┄┄┄┄┄┄┄┄┄┄┄[0m
[38;5;196m│ 07:38:48.866 (+0:00:00.059828)[0m
[38;5;196m├┄┄┄┄┄┄┄┄┄┄┄┄┄┄┄┄┄┄┄┄┄┄┄┄┄┄┄┄┄┄┄┄┄┄┄┄┄┄┄┄┄┄┄┄┄┄┄┄┄┄┄┄┄┄┄┄┄┄┄┄┄┄┄┄┄┄┄┄┄┄┄┄┄┄┄┄┄┄┄┄┄┄┄┄┄┄┄┄┄┄┄┄┄┄┄┄┄┄┄┄┄┄┄┄┄┄┄┄┄┄┄┄┄┄┄┄┄┄┄[0m
[38;5;196m│ ⛔ ❌ Error: Failed to load gallery[0m
[38;5;196m└───────────────────────────────────────────────────────────────────────────────────────────────────────────────────────[0m

00:02 +24 -1: /Users/mr42/code/flutter/tmp/filler/test/integration/platform_specific_test.dart: Platform-Specific Database Integration Canvas Operations Work Cross-Platform                           
00:02 +24 -1: /Users/mr42/code/flutter/tmp/filler/test/features/gallery/presentation/gallery_bloc_test.dart: GalleryBloc GalleryEvent.load handles canvas processing errors gracefully                 
┌───────────────────────────────────────────────────────────────────────────────────────────────────────────────────────
│ #0   AppLogger.bloc (package:filler/core/logging.dart:44:13)
│ #1   new GalleryBloc (package:filler/features/gallery/presentation/gallery_bloc.dart:77:15)
├┄┄┄┄┄┄┄┄┄┄┄┄┄┄┄┄┄┄┄┄┄┄┄┄┄┄┄┄┄┄┄┄┄┄┄┄┄┄┄┄┄┄┄┄┄┄┄┄┄┄┄┄┄┄┄┄┄┄┄┄┄┄┄┄┄┄┄┄┄┄┄┄┄┄┄┄┄┄┄┄┄┄┄┄┄┄┄┄┄┄┄┄┄┄┄┄┄┄┄┄┄┄┄┄┄┄┄┄┄┄┄┄┄┄┄┄┄┄┄
│ 07:38:48.870 (+0:00:00.063707)
├┄┄┄┄┄┄┄┄┄┄┄┄┄┄┄┄┄┄┄┄┄┄┄┄┄┄┄┄┄┄┄┄┄┄┄┄┄┄┄┄┄┄┄┄┄┄┄┄┄┄┄┄┄┄┄┄┄┄┄┄┄┄┄┄┄┄┄┄┄┄┄┄┄┄┄┄┄┄┄┄┄┄┄┄┄┄┄┄┄┄┄┄┄┄┄┄┄┄┄┄┄┄┄┄┄┄┄┄┄┄┄┄┄┄┄┄┄┄┄
│ 🐛 🔄 BLoC[Gallery]: BLoC Created | null → initial
└───────────────────────────────────────────────────────────────────────────────────────────────────────────────────────
┌───────────────────────────────────────────────────────────────────────────────────────────────────────────────────────
│ #0   AppLogger.bloc (package:filler/core/logging.dart:44:13)
│ #1   new GalleryBloc.<anonymous closure> (package:filler/features/gallery/presentation/gallery_bloc.dart:79:17)
├┄┄┄┄┄┄┄┄┄┄┄┄┄┄┄┄┄┄┄┄┄┄┄┄┄┄┄┄┄┄┄┄┄┄┄┄┄┄┄┄┄┄┄┄┄┄┄┄┄┄┄┄┄┄┄┄┄┄┄┄┄┄┄┄┄┄┄┄┄┄┄┄┄┄┄┄┄┄┄┄┄┄┄┄┄┄┄┄┄┄┄┄┄┄┄┄┄┄┄┄┄┄┄┄┄┄┄┄┄┄┄┄┄┄┄┄┄┄┄
│ 07:38:48.872 (+0:00:00.065406)
├┄┄┄┄┄┄┄┄┄┄┄┄┄┄┄┄┄┄┄┄┄┄┄┄┄┄┄┄┄┄┄┄┄┄┄┄┄┄┄┄┄┄┄┄┄┄┄┄┄┄┄┄┄┄┄┄┄┄┄┄┄┄┄┄┄┄┄┄┄┄┄┄┄┄┄┄┄┄┄┄┄┄┄┄┄┄┄┄┄┄┄┄┄┄┄┄┄┄┄┄┄┄┄┄┄┄┄┄┄┄┄┄┄┄┄┄┄┄┄
│ 🐛 🔄 BLoC[Gallery]: Load Event | initial → loading
└───────────────────────────────────────────────────────────────────────────────────────────────────────────────────────
┌───────────────────────────────────────────────────────────────────────────────────────────────────────────────────────
│ {count: 2, loadTime: 0ms}
├┄┄┄┄┄┄┄┄┄┄┄┄┄┄┄┄┄┄┄┄┄┄┄┄┄┄┄┄┄┄┄┄┄┄┄┄┄┄┄┄┄┄┄┄┄┄┄┄┄┄┄┄┄┄┄┄┄┄┄┄┄┄┄┄┄┄┄┄┄┄┄┄┄┄┄┄┄┄┄┄┄┄┄┄┄┄┄┄┄┄┄┄┄┄┄┄┄┄┄┄┄┄┄┄┄┄┄┄┄┄┄┄┄┄┄┄┄┄┄
│ #0   AppLogger.database (package:filler/core/logging.dart:49:13)
│ #1   new GalleryBloc.<anonymous closure> (package:filler/features/gallery/presentation/gallery_bloc.dart:87:19)
│ #2   <asynchronous suspension>
│ #3   Bloc.on.<anonymous closure>.handleEvent (package:bloc/src/bloc.dart:226:13)
│ #4   <asynchronous suspension>
├┄┄┄┄┄┄┄┄┄┄┄┄┄┄┄┄┄┄┄┄┄┄┄┄┄┄┄┄┄┄┄┄┄┄┄┄┄┄┄┄┄┄┄┄┄┄┄┄┄┄┄┄┄┄┄┄┄┄┄┄┄┄┄┄┄┄┄┄┄┄┄┄┄┄┄┄┄┄┄┄┄┄┄┄┄┄┄┄┄┄┄┄┄┄┄┄┄┄┄┄┄┄┄┄┄┄┄┄┄┄┄┄┄┄┄┄┄┄┄
│ 07:38:48.873 (+0:00:00.066576)
├┄┄┄┄┄┄┄┄┄┄┄┄┄┄┄┄┄┄┄┄┄┄┄┄┄┄┄┄┄┄┄┄┄┄┄┄┄┄┄┄┄┄┄┄┄┄┄┄┄┄┄┄┄┄┄┄┄┄┄┄┄┄┄┄┄┄┄┄┄┄┄┄┄┄┄┄┄┄┄┄┄┄┄┄┄┄┄┄┄┄┄┄┄┄┄┄┄┄┄┄┄┄┄┄┄┄┄┄┄┄┄┄┄┄┄┄┄┄┄
│ 🐛 💾 Database: Loaded canvases from database
└───────────────────────────────────────────────────────────────────────────────────────────────────────────────────────
┌───────────────────────────────────────────────────────────────────────────────────────────────────────────────────────
│ {id: 1, title: Canvas With Error, dimensions: 2x2, pixelCount: 4}
├┄┄┄┄┄┄┄┄┄┄┄┄┄┄┄┄┄┄┄┄┄┄┄┄┄┄┄┄┄┄┄┄┄┄┄┄┄┄┄┄┄┄┄┄┄┄┄┄┄┄┄┄┄┄┄┄┄┄┄┄┄┄┄┄┄┄┄┄┄┄┄┄┄┄┄┄┄┄┄┄┄┄┄┄┄┄┄┄┄┄┄┄┄┄┄┄┄┄┄┄┄┄┄┄┄┄┄┄┄┄┄┄┄┄┄┄┄┄┄
│ #0   AppLogger.canvas (package:filler/core/logging.dart:59:13)
│ #1   new GalleryBloc.<anonymous closure> (package:filler/features/gallery/presentation/gallery_bloc.dart:109:23)
│ #2   <asynchronous suspension>
│ #3   Bloc.on.<anonymous closure>.handleEvent (package:bloc/src/bloc.dart:226:13)
│ #4   <asynchronous suspension>
├┄┄┄┄┄┄┄┄┄┄┄┄┄┄┄┄┄┄┄┄┄┄┄┄┄┄┄┄┄┄┄┄┄┄┄┄┄┄┄┄┄┄┄┄┄┄┄┄┄┄┄┄┄┄┄┄┄┄┄┄┄┄┄┄┄┄┄┄┄┄┄┄┄┄┄┄┄┄┄┄┄┄┄┄┄┄┄┄┄┄┄┄┄┄┄┄┄┄┄┄┄┄┄┄┄┄┄┄┄┄┄┄┄┄┄┄┄┄┄
│ 07:38:48.874 (+0:00:00.067827)
├┄┄┄┄┄┄┄┄┄┄┄┄┄┄┄┄┄┄┄┄┄┄┄┄┄┄┄┄┄┄┄┄┄┄┄┄┄┄┄┄┄┄┄┄┄┄┄┄┄┄┄┄┄┄┄┄┄┄┄┄┄┄┄┄┄┄┄┄┄┄┄┄┄┄┄┄┄┄┄┄┄┄┄┄┄┄┄┄┄┄┄┄┄┄┄┄┄┄┄┄┄┄┄┄┄┄┄┄┄┄┄┄┄┄┄┄┄┄┄
│ 🐛 🎨 Canvas: Processed canvas for gallery
└───────────────────────────────────────────────────────────────────────────────────────────────────────────────────────
┌───────────────────────────────────────────────────────────────────────────────────────────────────────────────────────
│ {id: 2, title: Valid Canvas, dimensions: 1x1, pixelCount: 1}
├┄┄┄┄┄┄┄┄┄┄┄┄┄┄┄┄┄┄┄┄┄┄┄┄┄┄┄┄┄┄┄┄┄┄┄┄┄┄┄┄┄┄┄┄┄┄┄┄┄┄┄┄┄┄┄┄┄┄┄┄┄┄┄┄┄┄┄┄┄┄┄┄┄┄┄┄┄┄┄┄┄┄┄┄┄┄┄┄┄┄┄┄┄┄┄┄┄┄┄┄┄┄┄┄┄┄┄┄┄┄┄┄┄┄┄┄┄┄┄
│ #0   AppLogger.canvas (package:filler/core/logging.dart:59:13)
│ #1   new GalleryBloc.<anonymous closure> (package:filler/features/gallery/presentation/gallery_bloc.dart:109:23)
│ #2   <asynchronous suspension>
│ #3   Bloc.on.<anonymous closure>.handleEvent (package:bloc/src/bloc.dart:226:13)
│ #4   <asynchronous suspension>
├┄┄┄┄┄┄┄┄┄┄┄┄┄┄┄┄┄┄┄┄┄┄┄┄┄┄┄┄┄┄┄┄┄┄┄┄┄┄┄┄┄┄┄┄┄┄┄┄┄┄┄┄┄┄┄┄┄┄┄┄┄┄┄┄┄┄┄┄┄┄┄┄┄┄┄┄┄┄┄┄┄┄┄┄┄┄┄┄┄┄┄┄┄┄┄┄┄┄┄┄┄┄┄┄┄┄┄┄┄┄┄┄┄┄┄┄┄┄┄
│ 07:38:48.876 (+0:00:00.069525)
├┄┄┄┄┄┄┄┄┄┄┄┄┄┄┄┄┄┄┄┄┄┄┄┄┄┄┄┄┄┄┄┄┄┄┄┄┄┄┄┄┄┄┄┄┄┄┄┄┄┄┄┄┄┄┄┄┄┄┄┄┄┄┄┄┄┄┄┄┄┄┄┄┄┄┄┄┄┄┄┄┄┄┄┄┄┄┄┄┄┄┄┄┄┄┄┄┄┄┄┄┄┄┄┄┄┄┄┄┄┄┄┄┄┄┄┄┄┄┄
│ 🐛 🎨 Canvas: Processed canvas for gallery
└───────────────────────────────────────────────────────────────────────────────────────────────────────────────────────
┌───────────────────────────────────────────────────────────────────────────────────────────────────────────────────────
│ {totalCanvases: 2, validItems: 2, skippedItems: 0}
├┄┄┄┄┄┄┄┄┄┄┄┄┄┄┄┄┄┄┄┄┄┄┄┄┄┄┄┄┄┄┄┄┄┄┄┄┄┄┄┄┄┄┄┄┄┄┄┄┄┄┄┄┄┄┄┄┄┄┄┄┄┄┄┄┄┄┄┄┄┄┄┄┄┄┄┄┄┄┄┄┄┄┄┄┄┄┄┄┄┄┄┄┄┄┄┄┄┄┄┄┄┄┄┄┄┄┄┄┄┄┄┄┄┄┄┄┄┄┄
│ #0   AppLogger.canvas (package:filler/core/logging.dart:59:13)
│ #1   new GalleryBloc.<anonymous closure> (package:filler/features/gallery/presentation/gallery_bloc.dart:128:19)
│ #2   <asynchronous suspension>
│ #3   Bloc.on.<anonymous closure>.handleEvent (package:bloc/src/bloc.dart:226:13)
│ #4   <asynchronous suspension>
├┄┄┄┄┄┄┄┄┄┄┄┄┄┄┄┄┄┄┄┄┄┄┄┄┄┄┄┄┄┄┄┄┄┄┄┄┄┄┄┄┄┄┄┄┄┄┄┄┄┄┄┄┄┄┄┄┄┄┄┄┄┄┄┄┄┄┄┄┄┄┄┄┄┄┄┄┄┄┄┄┄┄┄┄┄┄┄┄┄┄┄┄┄┄┄┄┄┄┄┄┄┄┄┄┄┄┄┄┄┄┄┄┄┄┄┄┄┄┄
│ 07:38:48.877 (+0:00:00.070697)
├┄┄┄┄┄┄┄┄┄┄┄┄┄┄┄┄┄┄┄┄┄┄┄┄┄┄┄┄┄┄┄┄┄┄┄┄┄┄┄┄┄┄┄┄┄┄┄┄┄┄┄┄┄┄┄┄┄┄┄┄┄┄┄┄┄┄┄┄┄┄┄┄┄┄┄┄┄┄┄┄┄┄┄┄┄┄┄┄┄┄┄┄┄┄┄┄┄┄┄┄┄┄┄┄┄┄┄┄┄┄┄┄┄┄┄┄┄┄┄
│ 🐛 🎨 Canvas: Gallery items prepared
└───────────────────────────────────────────────────────────────────────────────────────────────────────────────────────
┌───────────────────────────────────────────────────────────────────────────────────────────────────────────────────────
│ #0   AppLogger.bloc (package:filler/core/logging.dart:44:13)
│ #1   new GalleryBloc.<anonymous closure> (package:filler/features/gallery/presentation/gallery_bloc.dart:138:19)
├┄┄┄┄┄┄┄┄┄┄┄┄┄┄┄┄┄┄┄┄┄┄┄┄┄┄┄┄┄┄┄┄┄┄┄┄┄┄┄┄┄┄┄┄┄┄┄┄┄┄┄┄┄┄┄┄┄┄┄┄┄┄┄┄┄┄┄┄┄┄┄┄┄┄┄┄┄┄┄┄┄┄┄┄┄┄┄┄┄┄┄┄┄┄┄┄┄┄┄┄┄┄┄┄┄┄┄┄┄┄┄┄┄┄┄┄┄┄┄
│ 07:38:48.878 (+0:00:00.071808)
├┄┄┄┄┄┄┄┄┄┄┄┄┄┄┄┄┄┄┄┄┄┄┄┄┄┄┄┄┄┄┄┄┄┄┄┄┄┄┄┄┄┄┄┄┄┄┄┄┄┄┄┄┄┄┄┄┄┄┄┄┄┄┄┄┄┄┄┄┄┄┄┄┄┄┄┄┄┄┄┄┄┄┄┄┄┄┄┄┄┄┄┄┄┄┄┄┄┄┄┄┄┄┄┄┄┄┄┄┄┄┄┄┄┄┄┄┄┄┄
│ 🐛 🔄 BLoC[Gallery]: Load Complete | loading → loaded
└───────────────────────────────────────────────────────────────────────────────────────────────────────────────────────

00:02 +25 -1: /Users/mr42/code/flutter/tmp/filler/test/integration/platform_specific_test.dart: Platform-Specific Database Integration Canvas Operations Work Cross-Platform                           
00:02 +25 -1: /Users/mr42/code/flutter/tmp/filler/test/features/gallery/presentation/gallery_bloc_test.dart: GalleryBloc Multiple Events handles multiple load events correctly                        
┌───────────────────────────────────────────────────────────────────────────────────────────────────────────────────────
│ #0   AppLogger.bloc (package:filler/core/logging.dart:44:13)
│ #1   new GalleryBloc (package:filler/features/gallery/presentation/gallery_bloc.dart:77:15)
├┄┄┄┄┄┄┄┄┄┄┄┄┄┄┄┄┄┄┄┄┄┄┄┄┄┄┄┄┄┄┄┄┄┄┄┄┄┄┄┄┄┄┄┄┄┄┄┄┄┄┄┄┄┄┄┄┄┄┄┄┄┄┄┄┄┄┄┄┄┄┄┄┄┄┄┄┄┄┄┄┄┄┄┄┄┄┄┄┄┄┄┄┄┄┄┄┄┄┄┄┄┄┄┄┄┄┄┄┄┄┄┄┄┄┄┄┄┄┄
│ 07:38:48.881 (+0:00:00.074355)
├┄┄┄┄┄┄┄┄┄┄┄┄┄┄┄┄┄┄┄┄┄┄┄┄┄┄┄┄┄┄┄┄┄┄┄┄┄┄┄┄┄┄┄┄┄┄┄┄┄┄┄┄┄┄┄┄┄┄┄┄┄┄┄┄┄┄┄┄┄┄┄┄┄┄┄┄┄┄┄┄┄┄┄┄┄┄┄┄┄┄┄┄┄┄┄┄┄┄┄┄┄┄┄┄┄┄┄┄┄┄┄┄┄┄┄┄┄┄┄
│ 🐛 🔄 BLoC[Gallery]: BLoC Created | null → initial
└───────────────────────────────────────────────────────────────────────────────────────────────────────────────────────
┌───────────────────────────────────────────────────────────────────────────────────────────────────────────────────────
│ #0   AppLogger.bloc (package:filler/core/logging.dart:44:13)
│ #1   new GalleryBloc.<anonymous closure> (package:filler/features/gallery/presentation/gallery_bloc.dart:79:17)
├┄┄┄┄┄┄┄┄┄┄┄┄┄┄┄┄┄┄┄┄┄┄┄┄┄┄┄┄┄┄┄┄┄┄┄┄┄┄┄┄┄┄┄┄┄┄┄┄┄┄┄┄┄┄┄┄┄┄┄┄┄┄┄┄┄┄┄┄┄┄┄┄┄┄┄┄┄┄┄┄┄┄┄┄┄┄┄┄┄┄┄┄┄┄┄┄┄┄┄┄┄┄┄┄┄┄┄┄┄┄┄┄┄┄┄┄┄┄┄
│ 07:38:48.882 (+0:00:00.075666)
├┄┄┄┄┄┄┄┄┄┄┄┄┄┄┄┄┄┄┄┄┄┄┄┄┄┄┄┄┄┄┄┄┄┄┄┄┄┄┄┄┄┄┄┄┄┄┄┄┄┄┄┄┄┄┄┄┄┄┄┄┄┄┄┄┄┄┄┄┄┄┄┄┄┄┄┄┄┄┄┄┄┄┄┄┄┄┄┄┄┄┄┄┄┄┄┄┄┄┄┄┄┄┄┄┄┄┄┄┄┄┄┄┄┄┄┄┄┄┄
│ 🐛 🔄 BLoC[Gallery]: Load Event | initial → loading
└───────────────────────────────────────────────────────────────────────────────────────────────────────────────────────
┌───────────────────────────────────────────────────────────────────────────────────────────────────────────────────────
│ {count: 0, loadTime: 0ms}
├┄┄┄┄┄┄┄┄┄┄┄┄┄┄┄┄┄┄┄┄┄┄┄┄┄┄┄┄┄┄┄┄┄┄┄┄┄┄┄┄┄┄┄┄┄┄┄┄┄┄┄┄┄┄┄┄┄┄┄┄┄┄┄┄┄┄┄┄┄┄┄┄┄┄┄┄┄┄┄┄┄┄┄┄┄┄┄┄┄┄┄┄┄┄┄┄┄┄┄┄┄┄┄┄┄┄┄┄┄┄┄┄┄┄┄┄┄┄┄
│ #0   AppLogger.database (package:filler/core/logging.dart:49:13)
│ #1   new GalleryBloc.<anonymous closure> (package:filler/features/gallery/presentation/gallery_bloc.dart:87:19)
│ #2   <asynchronous suspension>
│ #3   Bloc.on.<anonymous closure>.handleEvent (package:bloc/src/bloc.dart:226:13)
│ #4   <asynchronous suspension>
├┄┄┄┄┄┄┄┄┄┄┄┄┄┄┄┄┄┄┄┄┄┄┄┄┄┄┄┄┄┄┄┄┄┄┄┄┄┄┄┄┄┄┄┄┄┄┄┄┄┄┄┄┄┄┄┄┄┄┄┄┄┄┄┄┄┄┄┄┄┄┄┄┄┄┄┄┄┄┄┄┄┄┄┄┄┄┄┄┄┄┄┄┄┄┄┄┄┄┄┄┄┄┄┄┄┄┄┄┄┄┄┄┄┄┄┄┄┄┄
│ 07:38:48.883 (+0:00:00.076663)
├┄┄┄┄┄┄┄┄┄┄┄┄┄┄┄┄┄┄┄┄┄┄┄┄┄┄┄┄┄┄┄┄┄┄┄┄┄┄┄┄┄┄┄┄┄┄┄┄┄┄┄┄┄┄┄┄┄┄┄┄┄┄┄┄┄┄┄┄┄┄┄┄┄┄┄┄┄┄┄┄┄┄┄┄┄┄┄┄┄┄┄┄┄┄┄┄┄┄┄┄┄┄┄┄┄┄┄┄┄┄┄┄┄┄┄┄┄┄┄
│ 🐛 💾 Database: Loaded canvases from database
└───────────────────────────────────────────────────────────────────────────────────────────────────────────────────────
┌───────────────────────────────────────────────────────────────────────────────────────────────────────────────────────
│ {totalCanvases: 0, validItems: 0, skippedItems: 0}
├┄┄┄┄┄┄┄┄┄┄┄┄┄┄┄┄┄┄┄┄┄┄┄┄┄┄┄┄┄┄┄┄┄┄┄┄┄┄┄┄┄┄┄┄┄┄┄┄┄┄┄┄┄┄┄┄┄┄┄┄┄┄┄┄┄┄┄┄┄┄┄┄┄┄┄┄┄┄┄┄┄┄┄┄┄┄┄┄┄┄┄┄┄┄┄┄┄┄┄┄┄┄┄┄┄┄┄┄┄┄┄┄┄┄┄┄┄┄┄
│ #0   AppLogger.canvas (package:filler/core/logging.dart:59:13)
│ #1   new GalleryBloc.<anonymous closure> (package:filler/features/gallery/presentation/gallery_bloc.dart:128:19)
│ #2   <asynchronous suspension>
│ #3   Bloc.on.<anonymous closure>.handleEvent (package:bloc/src/bloc.dart:226:13)
│ #4   <asynchronous suspension>
├┄┄┄┄┄┄┄┄┄┄┄┄┄┄┄┄┄┄┄┄┄┄┄┄┄┄┄┄┄┄┄┄┄┄┄┄┄┄┄┄┄┄┄┄┄┄┄┄┄┄┄┄┄┄┄┄┄┄┄┄┄┄┄┄┄┄┄┄┄┄┄┄┄┄┄┄┄┄┄┄┄┄┄┄┄┄┄┄┄┄┄┄┄┄┄┄┄┄┄┄┄┄┄┄┄┄┄┄┄┄┄┄┄┄┄┄┄┄┄
│ 07:38:48.884 (+0:00:00.077899)
├┄┄┄┄┄┄┄┄┄┄┄┄┄┄┄┄┄┄┄┄┄┄┄┄┄┄┄┄┄┄┄┄┄┄┄┄┄┄┄┄┄┄┄┄┄┄┄┄┄┄┄┄┄┄┄┄┄┄┄┄┄┄┄┄┄┄┄┄┄┄┄┄┄┄┄┄┄┄┄┄┄┄┄┄┄┄┄┄┄┄┄┄┄┄┄┄┄┄┄┄┄┄┄┄┄┄┄┄┄┄┄┄┄┄┄┄┄┄┄
│ 🐛 🎨 Canvas: Gallery items prepared
└───────────────────────────────────────────────────────────────────────────────────────────────────────────────────────
┌───────────────────────────────────────────────────────────────────────────────────────────────────────────────────────
│ #0   AppLogger.bloc (package:filler/core/logging.dart:44:13)
│ #1   new GalleryBloc.<anonymous closure> (package:filler/features/gallery/presentation/gallery_bloc.dart:138:19)
├┄┄┄┄┄┄┄┄┄┄┄┄┄┄┄┄┄┄┄┄┄┄┄┄┄┄┄┄┄┄┄┄┄┄┄┄┄┄┄┄┄┄┄┄┄┄┄┄┄┄┄┄┄┄┄┄┄┄┄┄┄┄┄┄┄┄┄┄┄┄┄┄┄┄┄┄┄┄┄┄┄┄┄┄┄┄┄┄┄┄┄┄┄┄┄┄┄┄┄┄┄┄┄┄┄┄┄┄┄┄┄┄┄┄┄┄┄┄┄
│ 07:38:48.885 (+0:00:00.079101)
├┄┄┄┄┄┄┄┄┄┄┄┄┄┄┄┄┄┄┄┄┄┄┄┄┄┄┄┄┄┄┄┄┄┄┄┄┄┄┄┄┄┄┄┄┄┄┄┄┄┄┄┄┄┄┄┄┄┄┄┄┄┄┄┄┄┄┄┄┄┄┄┄┄┄┄┄┄┄┄┄┄┄┄┄┄┄┄┄┄┄┄┄┄┄┄┄┄┄┄┄┄┄┄┄┄┄┄┄┄┄┄┄┄┄┄┄┄┄┄
│ 🐛 🔄 BLoC[Gallery]: Load Complete | loading → loaded
└───────────────────────────────────────────────────────────────────────────────────────────────────────────────────────
┌───────────────────────────────────────────────────────────────────────────────────────────────────────────────────────
│ #0   AppLogger.bloc (package:filler/core/logging.dart:44:13)
│ #1   new GalleryBloc.<anonymous closure> (package:filler/features/gallery/presentation/gallery_bloc.dart:79:17)
├┄┄┄┄┄┄┄┄┄┄┄┄┄┄┄┄┄┄┄┄┄┄┄┄┄┄┄┄┄┄┄┄┄┄┄┄┄┄┄┄┄┄┄┄┄┄┄┄┄┄┄┄┄┄┄┄┄┄┄┄┄┄┄┄┄┄┄┄┄┄┄┄┄┄┄┄┄┄┄┄┄┄┄┄┄┄┄┄┄┄┄┄┄┄┄┄┄┄┄┄┄┄┄┄┄┄┄┄┄┄┄┄┄┄┄┄┄┄┄
│ 07:38:48.886 (+0:00:00.079877)
├┄┄┄┄┄┄┄┄┄┄┄┄┄┄┄┄┄┄┄┄┄┄┄┄┄┄┄┄┄┄┄┄┄┄┄┄┄┄┄┄┄┄┄┄┄┄┄┄┄┄┄┄┄┄┄┄┄┄┄┄┄┄┄┄┄┄┄┄┄┄┄┄┄┄┄┄┄┄┄┄┄┄┄┄┄┄┄┄┄┄┄┄┄┄┄┄┄┄┄┄┄┄┄┄┄┄┄┄┄┄┄┄┄┄┄┄┄┄┄
│ 🐛 🔄 BLoC[Gallery]: Load Event | initial → loading
└───────────────────────────────────────────────────────────────────────────────────────────────────────────────────────
┌───────────────────────────────────────────────────────────────────────────────────────────────────────────────────────
│ {count: 0, loadTime: 0ms}
├┄┄┄┄┄┄┄┄┄┄┄┄┄┄┄┄┄┄┄┄┄┄┄┄┄┄┄┄┄┄┄┄┄┄┄┄┄┄┄┄┄┄┄┄┄┄┄┄┄┄┄┄┄┄┄┄┄┄┄┄┄┄┄┄┄┄┄┄┄┄┄┄┄┄┄┄┄┄┄┄┄┄┄┄┄┄┄┄┄┄┄┄┄┄┄┄┄┄┄┄┄┄┄┄┄┄┄┄┄┄┄┄┄┄┄┄┄┄┄
│ #0   AppLogger.database (package:filler/core/logging.dart:49:13)
│ #1   new GalleryBloc.<anonymous closure> (package:filler/features/gallery/presentation/gallery_bloc.dart:87:19)
│ #2   <asynchronous suspension>
│ #3   Bloc.on.<anonymous closure>.handleEvent (package:bloc/src/bloc.dart:226:13)
│ #4   <asynchronous suspension>
├┄┄┄┄┄┄┄┄┄┄┄┄┄┄┄┄┄┄┄┄┄┄┄┄┄┄┄┄┄┄┄┄┄┄┄┄┄┄┄┄┄┄┄┄┄┄┄┄┄┄┄┄┄┄┄┄┄┄┄┄┄┄┄┄┄┄┄┄┄┄┄┄┄┄┄┄┄┄┄┄┄┄┄┄┄┄┄┄┄┄┄┄┄┄┄┄┄┄┄┄┄┄┄┄┄┄┄┄┄┄┄┄┄┄┄┄┄┄┄
│ 07:38:48.887 (+0:00:00.080864)
├┄┄┄┄┄┄┄┄┄┄┄┄┄┄┄┄┄┄┄┄┄┄┄┄┄┄┄┄┄┄┄┄┄┄┄┄┄┄┄┄┄┄┄┄┄┄┄┄┄┄┄┄┄┄┄┄┄┄┄┄┄┄┄┄┄┄┄┄┄┄┄┄┄┄┄┄┄┄┄┄┄┄┄┄┄┄┄┄┄┄┄┄┄┄┄┄┄┄┄┄┄┄┄┄┄┄┄┄┄┄┄┄┄┄┄┄┄┄┄
│ 🐛 💾 Database: Loaded canvases from database
└───────────────────────────────────────────────────────────────────────────────────────────────────────────────────────
┌───────────────────────────────────────────────────────────────────────────────────────────────────────────────────────
│ {totalCanvases: 0, validItems: 0, skippedItems: 0}
├┄┄┄┄┄┄┄┄┄┄┄┄┄┄┄┄┄┄┄┄┄┄┄┄┄┄┄┄┄┄┄┄┄┄┄┄┄┄┄┄┄┄┄┄┄┄┄┄┄┄┄┄┄┄┄┄┄┄┄┄┄┄┄┄┄┄┄┄┄┄┄┄┄┄┄┄┄┄┄┄┄┄┄┄┄┄┄┄┄┄┄┄┄┄┄┄┄┄┄┄┄┄┄┄┄┄┄┄┄┄┄┄┄┄┄┄┄┄┄
│ #0   AppLogger.canvas (package:filler/core/logging.dart:59:13)
│ #1   new GalleryBloc.<anonymous closure> (package:filler/features/gallery/presentation/gallery_bloc.dart:128:19)
│ #2   <asynchronous suspension>
│ #3   Bloc.on.<anonymous closure>.handleEvent (package:bloc/src/bloc.dart:226:13)
│ #4   <asynchronous suspension>
├┄┄┄┄┄┄┄┄┄┄┄┄┄┄┄┄┄┄┄┄┄┄┄┄┄┄┄┄┄┄┄┄┄┄┄┄┄┄┄┄┄┄┄┄┄┄┄┄┄┄┄┄┄┄┄┄┄┄┄┄┄┄┄┄┄┄┄┄┄┄┄┄┄┄┄┄┄┄┄┄┄┄┄┄┄┄┄┄┄┄┄┄┄┄┄┄┄┄┄┄┄┄┄┄┄┄┄┄┄┄┄┄┄┄┄┄┄┄┄
│ 07:38:48.888 (+0:00:00.082089)
├┄┄┄┄┄┄┄┄┄┄┄┄┄┄┄┄┄┄┄┄┄┄┄┄┄┄┄┄┄┄┄┄┄┄┄┄┄┄┄┄┄┄┄┄┄┄┄┄┄┄┄┄┄┄┄┄┄┄┄┄┄┄┄┄┄┄┄┄┄┄┄┄┄┄┄┄┄┄┄┄┄┄┄┄┄┄┄┄┄┄┄┄┄┄┄┄┄┄┄┄┄┄┄┄┄┄┄┄┄┄┄┄┄┄┄┄┄┄┄
│ 🐛 🎨 Canvas: Gallery items prepared
└───────────────────────────────────────────────────────────────────────────────────────────────────────────────────────
┌───────────────────────────────────────────────────────────────────────────────────────────────────────────────────────
│ #0   AppLogger.bloc (package:filler/core/logging.dart:44:13)
│ #1   new GalleryBloc.<anonymous closure> (package:filler/features/gallery/presentation/gallery_bloc.dart:138:19)
├┄┄┄┄┄┄┄┄┄┄┄┄┄┄┄┄┄┄┄┄┄┄┄┄┄┄┄┄┄┄┄┄┄┄┄┄┄┄┄┄┄┄┄┄┄┄┄┄┄┄┄┄┄┄┄┄┄┄┄┄┄┄┄┄┄┄┄┄┄┄┄┄┄┄┄┄┄┄┄┄┄┄┄┄┄┄┄┄┄┄┄┄┄┄┄┄┄┄┄┄┄┄┄┄┄┄┄┄┄┄┄┄┄┄┄┄┄┄┄
│ 07:38:48.889 (+0:00:00.083246)
├┄┄┄┄┄┄┄┄┄┄┄┄┄┄┄┄┄┄┄┄┄┄┄┄┄┄┄┄┄┄┄┄┄┄┄┄┄┄┄┄┄┄┄┄┄┄┄┄┄┄┄┄┄┄┄┄┄┄┄┄┄┄┄┄┄┄┄┄┄┄┄┄┄┄┄┄┄┄┄┄┄┄┄┄┄┄┄┄┄┄┄┄┄┄┄┄┄┄┄┄┄┄┄┄┄┄┄┄┄┄┄┄┄┄┄┄┄┄┄
│ 🐛 🔄 BLoC[Gallery]: Load Complete | loading → loaded
└───────────────────────────────────────────────────────────────────────────────────────────────────────────────────────

00:02 +26 -1: /Users/mr42/code/flutter/tmp/filler/test/integration/platform_specific_test.dart: Platform-Specific Database Integration Canvas Operations Work Cross-Platform                           
00:02 +26 -1: /Users/mr42/code/flutter/tmp/filler/test/integration/platform_specific_test.dart: Platform-Specific Database Integration Canvas Operations Work Cross-Platform                           
┌───────────────────────────────────────────────────────────────────────────────────────────────────────────────────────
│ {from: 1, to: 2}
├┄┄┄┄┄┄┄┄┄┄┄┄┄┄┄┄┄┄┄┄┄┄┄┄┄┄┄┄┄┄┄┄┄┄┄┄┄┄┄┄┄┄┄┄┄┄┄┄┄┄┄┄┄┄┄┄┄┄┄┄┄┄┄┄┄┄┄┄┄┄┄┄┄┄┄┄┄┄┄┄┄┄┄┄┄┄┄┄┄┄┄┄┄┄┄┄┄┄┄┄┄┄┄┄┄┄┄┄┄┄┄┄┄┄┄┄┄┄┄
│ #0   AppLogger.canvas (package:filler/core/logging.dart:59:13)
│ #1   new CanvasBloc.<anonymous closure>.<anonymous closure> (package:filler/features/canvas/presentation/canvas_bloc.dart:228:25)
│ #2   _$ReadyImpl.maybeWhen (package:filler/features/canvas/presentation/canvas_bloc.freezed.dart:2714:19)
│ #3   new CanvasBloc.<anonymous closure> (package:filler/features/canvas/presentation/canvas_bloc.dart:215:13)
│ #4   Bloc.on.<anonymous closure>.handleEvent (package:bloc/src/bloc.dart:226:26)
│ #5   Bloc.on.<anonymous closure> (package:bloc/src/bloc.dart:235:9)
│ #6   _MapStream._handleData (dart:async/stream_pipe.dart:247:31)
│ #7   _ForwardingStreamSubscription._handleData (dart:async/stream_pipe.dart:184:13)
├┄┄┄┄┄┄┄┄┄┄┄┄┄┄┄┄┄┄┄┄┄┄┄┄┄┄┄┄┄┄┄┄┄┄┄┄┄┄┄┄┄┄┄┄┄┄┄┄┄┄┄┄┄┄┄┄┄┄┄┄┄┄┄┄┄┄┄┄┄┄┄┄┄┄┄┄┄┄┄┄┄┄┄┄┄┄┄┄┄┄┄┄┄┄┄┄┄┄┄┄┄┄┄┄┄┄┄┄┄┄┄┄┄┄┄┄┄┄┄
│ 07:38:48.989 (+0:00:01.394003)
├┄┄┄┄┄┄┄┄┄┄┄┄┄┄┄┄┄┄┄┄┄┄┄┄┄┄┄┄┄┄┄┄┄┄┄┄┄┄┄┄┄┄┄┄┄┄┄┄┄┄┄┄┄┄┄┄┄┄┄┄┄┄┄┄┄┄┄┄┄┄┄┄┄┄┄┄┄┄┄┄┄┄┄┄┄┄┄┄┄┄┄┄┄┄┄┄┄┄┄┄┄┄┄┄┄┄┄┄┄┄┄┄┄┄┄┄┄┄┄
│ 🐛 🎨 Canvas: Active color changed
└───────────────────────────────────────────────────────────────────────────────────────────────────────────────────────
┌───────────────────────────────────────────────────────────────────────────────────────────────────────────────────────
│ {index: 0, pattern: 2, position: 0,0}
├┄┄┄┄┄┄┄┄┄┄┄┄┄┄┄┄┄┄┄┄┄┄┄┄┄┄┄┄┄┄┄┄┄┄┄┄┄┄┄┄┄┄┄┄┄┄┄┄┄┄┄┄┄┄┄┄┄┄┄┄┄┄┄┄┄┄┄┄┄┄┄┄┄┄┄┄┄┄┄┄┄┄┄┄┄┄┄┄┄┄┄┄┄┄┄┄┄┄┄┄┄┄┄┄┄┄┄┄┄┄┄┄┄┄┄┄┄┄┄
│ #0   AppLogger.canvas (package:filler/core/logging.dart:59:13)
│ #1   new CanvasBloc.<anonymous closure>.<anonymous closure> (package:filler/features/canvas/presentation/canvas_bloc.dart:275:25)
│ #2   _$ReadyImpl.maybeWhen (package:filler/features/canvas/presentation/canvas_bloc.freezed.dart:2714:19)
│ #3   new CanvasBloc.<anonymous closure> (package:filler/features/canvas/presentation/canvas_bloc.dart:251:13)
│ #4   Bloc.on.<anonymous closure>.handleEvent (package:bloc/src/bloc.dart:226:26)
│ #5   Bloc.on.<anonymous closure> (package:bloc/src/bloc.dart:235:9)
│ #6   _MapStream._handleData (dart:async/stream_pipe.dart:247:31)
│ #7   _ForwardingStreamSubscription._handleData (dart:async/stream_pipe.dart:184:13)
├┄┄┄┄┄┄┄┄┄┄┄┄┄┄┄┄┄┄┄┄┄┄┄┄┄┄┄┄┄┄┄┄┄┄┄┄┄┄┄┄┄┄┄┄┄┄┄┄┄┄┄┄┄┄┄┄┄┄┄┄┄┄┄┄┄┄┄┄┄┄┄┄┄┄┄┄┄┄┄┄┄┄┄┄┄┄┄┄┄┄┄┄┄┄┄┄┄┄┄┄┄┄┄┄┄┄┄┄┄┄┄┄┄┄┄┄┄┄┄
│ 07:38:48.992 (+0:00:01.397289)
├┄┄┄┄┄┄┄┄┄┄┄┄┄┄┄┄┄┄┄┄┄┄┄┄┄┄┄┄┄┄┄┄┄┄┄┄┄┄┄┄┄┄┄┄┄┄┄┄┄┄┄┄┄┄┄┄┄┄┄┄┄┄┄┄┄┄┄┄┄┄┄┄┄┄┄┄┄┄┄┄┄┄┄┄┄┄┄┄┄┄┄┄┄┄┄┄┄┄┄┄┄┄┄┄┄┄┄┄┄┄┄┄┄┄┄┄┄┄┄
│ 🐛 🎨 Canvas: Pixel painted
└───────────────────────────────────────────────────────────────────────────────────────────────────────────────────────
┌───────────────────────────────────────────────────────────────────────────────────────────────────────────────────────
│ {index: 5, pattern: 2, position: 5,0}
├┄┄┄┄┄┄┄┄┄┄┄┄┄┄┄┄┄┄┄┄┄┄┄┄┄┄┄┄┄┄┄┄┄┄┄┄┄┄┄┄┄┄┄┄┄┄┄┄┄┄┄┄┄┄┄┄┄┄┄┄┄┄┄┄┄┄┄┄┄┄┄┄┄┄┄┄┄┄┄┄┄┄┄┄┄┄┄┄┄┄┄┄┄┄┄┄┄┄┄┄┄┄┄┄┄┄┄┄┄┄┄┄┄┄┄┄┄┄┄
│ #0   AppLogger.canvas (package:filler/core/logging.dart:59:13)
│ #1   new CanvasBloc.<anonymous closure>.<anonymous closure> (package:filler/features/canvas/presentation/canvas_bloc.dart:275:25)
│ #2   _$ReadyImpl.maybeWhen (package:filler/features/canvas/presentation/canvas_bloc.freezed.dart:2714:19)
│ #3   new CanvasBloc.<anonymous closure> (package:filler/features/canvas/presentation/canvas_bloc.dart:251:13)
│ #4   Bloc.on.<anonymous closure>.handleEvent (package:bloc/src/bloc.dart:226:26)
│ #5   Bloc.on.<anonymous closure> (package:bloc/src/bloc.dart:235:9)
│ #6   _MapStream._handleData (dart:async/stream_pipe.dart:247:31)
│ #7   _ForwardingStreamSubscription._handleData (dart:async/stream_pipe.dart:184:13)
├┄┄┄┄┄┄┄┄┄┄┄┄┄┄┄┄┄┄┄┄┄┄┄┄┄┄┄┄┄┄┄┄┄┄┄┄┄┄┄┄┄┄┄┄┄┄┄┄┄┄┄┄┄┄┄┄┄┄┄┄┄┄┄┄┄┄┄┄┄┄┄┄┄┄┄┄┄┄┄┄┄┄┄┄┄┄┄┄┄┄┄┄┄┄┄┄┄┄┄┄┄┄┄┄┄┄┄┄┄┄┄┄┄┄┄┄┄┄┄
│ 07:38:48.995 (+0:00:01.399961)
├┄┄┄┄┄┄┄┄┄┄┄┄┄┄┄┄┄┄┄┄┄┄┄┄┄┄┄┄┄┄┄┄┄┄┄┄┄┄┄┄┄┄┄┄┄┄┄┄┄┄┄┄┄┄┄┄┄┄┄┄┄┄┄┄┄┄┄┄┄┄┄┄┄┄┄┄┄┄┄┄┄┄┄┄┄┄┄┄┄┄┄┄┄┄┄┄┄┄┄┄┄┄┄┄┄┄┄┄┄┄┄┄┄┄┄┄┄┄┄
│ 🐛 🎨 Canvas: Pixel painted
└───────────────────────────────────────────────────────────────────────────────────────────────────────────────────────

00:02 +26 -1: /Users/mr42/code/flutter/tmp/filler/test/integration/page_state_transitions_test.dart: BLoC State Transitions - All Pages Canvas BLoC - Load Existing Canvas State Transitions           
┌───────────────────────────────────────────────────────────────────────────────────────────────────────────────────────
│ #0   TestHelpers.cleanup (file:///Users/mr42/code/flutter/tmp/filler/test/helpers/test_helpers.dart:152:24)
│ #1   main.<anonymous closure> (file:///Users/mr42/code/flutter/tmp/filler/test/integration/page_state_transitions_test.dart:35:23)
├┄┄┄┄┄┄┄┄┄┄┄┄┄┄┄┄┄┄┄┄┄┄┄┄┄┄┄┄┄┄┄┄┄┄┄┄┄┄┄┄┄┄┄┄┄┄┄┄┄┄┄┄┄┄┄┄┄┄┄┄┄┄┄┄┄┄┄┄┄┄┄┄┄┄┄┄┄┄┄┄┄┄┄┄┄┄┄┄┄┄┄┄┄┄┄┄┄┄┄┄┄┄┄┄┄┄┄┄┄┄┄┄┄┄┄┄┄┄┄
│ 07:38:49.004 (+0:00:01.200594)
├┄┄┄┄┄┄┄┄┄┄┄┄┄┄┄┄┄┄┄┄┄┄┄┄┄┄┄┄┄┄┄┄┄┄┄┄┄┄┄┄┄┄┄┄┄┄┄┄┄┄┄┄┄┄┄┄┄┄┄┄┄┄┄┄┄┄┄┄┄┄┄┄┄┄┄┄┄┄┄┄┄┄┄┄┄┄┄┄┄┄┄┄┄┄┄┄┄┄┄┄┄┄┄┄┄┄┄┄┄┄┄┄┄┄┄┄┄┄┄
│ 🐛 🧹 Cleaning up test environment
└───────────────────────────────────────────────────────────────────────────────────────────────────────────────────────
┌───────────────────────────────────────────────────────────────────────────────────────────────────────────────────────
│ #0   TestHelpers.cleanup (file:///Users/mr42/code/flutter/tmp/filler/test/helpers/test_helpers.dart:166:26)
│ #1   main.<anonymous closure> (file:///Users/mr42/code/flutter/tmp/filler/test/integration/page_state_transitions_test.dart:35:23)
├┄┄┄┄┄┄┄┄┄┄┄┄┄┄┄┄┄┄┄┄┄┄┄┄┄┄┄┄┄┄┄┄┄┄┄┄┄┄┄┄┄┄┄┄┄┄┄┄┄┄┄┄┄┄┄┄┄┄┄┄┄┄┄┄┄┄┄┄┄┄┄┄┄┄┄┄┄┄┄┄┄┄┄┄┄┄┄┄┄┄┄┄┄┄┄┄┄┄┄┄┄┄┄┄┄┄┄┄┄┄┄┄┄┄┄┄┄┄┄
│ 07:38:49.008 (+0:00:01.204287)
├┄┄┄┄┄┄┄┄┄┄┄┄┄┄┄┄┄┄┄┄┄┄┄┄┄┄┄┄┄┄┄┄┄┄┄┄┄┄┄┄┄┄┄┄┄┄┄┄┄┄┄┄┄┄┄┄┄┄┄┄┄┄┄┄┄┄┄┄┄┄┄┄┄┄┄┄┄┄┄┄┄┄┄┄┄┄┄┄┄┄┄┄┄┄┄┄┄┄┄┄┄┄┄┄┄┄┄┄┄┄┄┄┄┄┄┄┄┄┄
│ 🐛 ✅ Test cleanup completed
└───────────────────────────────────────────────────────────────────────────────────────────────────────────────────────

00:02 +27 -1: /Users/mr42/code/flutter/tmp/filler/test/integration/platform_specific_test.dart: Platform-Specific Database Integration Canvas Operations Work Cross-Platform                           
00:02 +27 -1: /Users/mr42/code/flutter/tmp/filler/test/integration/page_state_transitions_test.dart: BLoC State Transitions - All Pages Gallery BLoC - State Transitions                               
┌───────────────────────────────────────────────────────────────────────────────────────────────────────────────────────
│ #0   TestHelpers.createTestDatabase (file:///Users/mr42/code/flutter/tmp/filler/test/helpers/test_helpers.dart:30:24)
│ #1   main.<anonymous closure> (file:///Users/mr42/code/flutter/tmp/filler/test/integration/page_state_transitions_test.dart:22:28)
├┄┄┄┄┄┄┄┄┄┄┄┄┄┄┄┄┄┄┄┄┄┄┄┄┄┄┄┄┄┄┄┄┄┄┄┄┄┄┄┄┄┄┄┄┄┄┄┄┄┄┄┄┄┄┄┄┄┄┄┄┄┄┄┄┄┄┄┄┄┄┄┄┄┄┄┄┄┄┄┄┄┄┄┄┄┄┄┄┄┄┄┄┄┄┄┄┄┄┄┄┄┄┄┄┄┄┄┄┄┄┄┄┄┄┄┄┄┄┄
│ 07:38:49.011 (+0:00:01.207381)
├┄┄┄┄┄┄┄┄┄┄┄┄┄┄┄┄┄┄┄┄┄┄┄┄┄┄┄┄┄┄┄┄┄┄┄┄┄┄┄┄┄┄┄┄┄┄┄┄┄┄┄┄┄┄┄┄┄┄┄┄┄┄┄┄┄┄┄┄┄┄┄┄┄┄┄┄┄┄┄┄┄┄┄┄┄┄┄┄┄┄┄┄┄┄┄┄┄┄┄┄┄┄┄┄┄┄┄┄┄┄┄┄┄┄┄┄┄┄┄
│ 🐛 🗄️ Creating test database
└───────────────────────────────────────────────────────────────────────────────────────────────────────────────────────
┌───────────────────────────────────────────────────────────────────────────────────────────────────────────────────────
│ #0   AppLogger.bloc (package:filler/core/logging.dart:44:13)
│ #1   new CanvasBloc (package:filler/features/canvas/presentation/canvas_bloc.dart:106:15)
├┄┄┄┄┄┄┄┄┄┄┄┄┄┄┄┄┄┄┄┄┄┄┄┄┄┄┄┄┄┄┄┄┄┄┄┄┄┄┄┄┄┄┄┄┄┄┄┄┄┄┄┄┄┄┄┄┄┄┄┄┄┄┄┄┄┄┄┄┄┄┄┄┄┄┄┄┄┄┄┄┄┄┄┄┄┄┄┄┄┄┄┄┄┄┄┄┄┄┄┄┄┄┄┄┄┄┄┄┄┄┄┄┄┄┄┄┄┄┄
│ 07:38:49.012 (+0:00:01.208388)
├┄┄┄┄┄┄┄┄┄┄┄┄┄┄┄┄┄┄┄┄┄┄┄┄┄┄┄┄┄┄┄┄┄┄┄┄┄┄┄┄┄┄┄┄┄┄┄┄┄┄┄┄┄┄┄┄┄┄┄┄┄┄┄┄┄┄┄┄┄┄┄┄┄┄┄┄┄┄┄┄┄┄┄┄┄┄┄┄┄┄┄┄┄┄┄┄┄┄┄┄┄┄┄┄┄┄┄┄┄┄┄┄┄┄┄┄┄┄┄
│ 🐛 🔄 BLoC[Canvas]: BLoC Created | null → initial
└───────────────────────────────────────────────────────────────────────────────────────────────────────────────────────
┌───────────────────────────────────────────────────────────────────────────────────────────────────────────────────────
│ #0   AppLogger.bloc (package:filler/core/logging.dart:44:13)
│ #1   new GalleryBloc (package:filler/features/gallery/presentation/gallery_bloc.dart:77:15)
├┄┄┄┄┄┄┄┄┄┄┄┄┄┄┄┄┄┄┄┄┄┄┄┄┄┄┄┄┄┄┄┄┄┄┄┄┄┄┄┄┄┄┄┄┄┄┄┄┄┄┄┄┄┄┄┄┄┄┄┄┄┄┄┄┄┄┄┄┄┄┄┄┄┄┄┄┄┄┄┄┄┄┄┄┄┄┄┄┄┄┄┄┄┄┄┄┄┄┄┄┄┄┄┄┄┄┄┄┄┄┄┄┄┄┄┄┄┄┄
│ 07:38:49.015 (+0:00:01.211246)
├┄┄┄┄┄┄┄┄┄┄┄┄┄┄┄┄┄┄┄┄┄┄┄┄┄┄┄┄┄┄┄┄┄┄┄┄┄┄┄┄┄┄┄┄┄┄┄┄┄┄┄┄┄┄┄┄┄┄┄┄┄┄┄┄┄┄┄┄┄┄┄┄┄┄┄┄┄┄┄┄┄┄┄┄┄┄┄┄┄┄┄┄┄┄┄┄┄┄┄┄┄┄┄┄┄┄┄┄┄┄┄┄┄┄┄┄┄┄┄
│ 🐛 🔄 BLoC[Gallery]: BLoC Created | null → initial
└───────────────────────────────────────────────────────────────────────────────────────────────────────────────────────
┌───────────────────────────────────────────────────────────────────────────────────────────────────────────────────────
│ #0   AppLogger.bloc (package:filler/core/logging.dart:44:13)
│ #1   new PreferencesBloc (package:filler/features/prefs/presentation/preferences_bloc.dart:77:15)
├┄┄┄┄┄┄┄┄┄┄┄┄┄┄┄┄┄┄┄┄┄┄┄┄┄┄┄┄┄┄┄┄┄┄┄┄┄┄┄┄┄┄┄┄┄┄┄┄┄┄┄┄┄┄┄┄┄┄┄┄┄┄┄┄┄┄┄┄┄┄┄┄┄┄┄┄┄┄┄┄┄┄┄┄┄┄┄┄┄┄┄┄┄┄┄┄┄┄┄┄┄┄┄┄┄┄┄┄┄┄┄┄┄┄┄┄┄┄┄
│ 07:38:49.016 (+0:00:01.212575)
├┄┄┄┄┄┄┄┄┄┄┄┄┄┄┄┄┄┄┄┄┄┄┄┄┄┄┄┄┄┄┄┄┄┄┄┄┄┄┄┄┄┄┄┄┄┄┄┄┄┄┄┄┄┄┄┄┄┄┄┄┄┄┄┄┄┄┄┄┄┄┄┄┄┄┄┄┄┄┄┄┄┄┄┄┄┄┄┄┄┄┄┄┄┄┄┄┄┄┄┄┄┄┄┄┄┄┄┄┄┄┄┄┄┄┄┄┄┄┄
│ 🐛 🔄 BLoC[Preferences]: BLoC Created | null → initial
└───────────────────────────────────────────────────────────────────────────────────────────────────────────────────────
┌───────────────────────────────────────────────────────────────────────────────────────────────────────────────────────
│ {title: Gallery Test 1, dimensions: 3x3, insets: 0, dataSize: 262 chars}
├┄┄┄┄┄┄┄┄┄┄┄┄┄┄┄┄┄┄┄┄┄┄┄┄┄┄┄┄┄┄┄┄┄┄┄┄┄┄┄┄┄┄┄┄┄┄┄┄┄┄┄┄┄┄┄┄┄┄┄┄┄┄┄┄┄┄┄┄┄┄┄┄┄┄┄┄┄┄┄┄┄┄┄┄┄┄┄┄┄┄┄┄┄┄┄┄┄┄┄┄┄┄┄┄┄┄┄┄┄┄┄┄┄┄┄┄┄┄┄
│ #0   AppLogger.database (package:filler/core/logging.dart:49:13)
│ #1   CanvasRepository.add (package:filler/domain/repositories.dart:78:15)
│ #2   main.<anonymous closure>.<anonymous closure> (file:///Users/mr42/code/flutter/tmp/filler/test/integration/page_state_transitions_test.dart:116:24)
│ #3   Declarer.test.<anonymous closure>.<anonymous closure> (package:test_api/src/backend/declarer.dart:242:19)
│ #4   <asynchronous suspension>
│ #5   Declarer.test.<anonymous closure> (package:test_api/src/backend/declarer.dart:240:7)
│ #6   <asynchronous suspension>
│ #7   Invoker._waitForOutstandingCallbacks.<anonymous closure> (package:test_api/src/backend/invoker.dart:282:9)
├┄┄┄┄┄┄┄┄┄┄┄┄┄┄┄┄┄┄┄┄┄┄┄┄┄┄┄┄┄┄┄┄┄┄┄┄┄┄┄┄┄┄┄┄┄┄┄┄┄┄┄┄┄┄┄┄┄┄┄┄┄┄┄┄┄┄┄┄┄┄┄┄┄┄┄┄┄┄┄┄┄┄┄┄┄┄┄┄┄┄┄┄┄┄┄┄┄┄┄┄┄┄┄┄┄┄┄┄┄┄┄┄┄┄┄┄┄┄┄
│ 07:38:49.018 (+0:00:01.214512)
├┄┄┄┄┄┄┄┄┄┄┄┄┄┄┄┄┄┄┄┄┄┄┄┄┄┄┄┄┄┄┄┄┄┄┄┄┄┄┄┄┄┄┄┄┄┄┄┄┄┄┄┄┄┄┄┄┄┄┄┄┄┄┄┄┄┄┄┄┄┄┄┄┄┄┄┄┄┄┄┄┄┄┄┄┄┄┄┄┄┄┄┄┄┄┄┄┄┄┄┄┄┄┄┄┄┄┄┄┄┄┄┄┄┄┄┄┄┄┄
│ 🐛 💾 Database: Creating new canvas
└───────────────────────────────────────────────────────────────────────────────────────────────────────────────────────
┌───────────────────────────────────────────────────────────────────────────────────────────────────────────────────────

00:02 +27 -1: /Users/mr42/code/flutter/tmp/filler/test/features/canvas/presentation/canvas_bloc_test.dart: (setUpAll)                                                                                  
[38;5;12m┌───────────────────────────────────────────────────────────────────────────────────────────────────────────────────────[0m

00:02 +27 -1: /Users/mr42/code/flutter/tmp/filler/test/integration/page_state_transitions_test.dart: BLoC State Transitions - All Pages Gallery BLoC - State Transitions                               
│ {title: Gallery Test 1, dimensions: 3x3}
├┄┄┄┄┄┄┄┄┄┄┄┄┄┄┄┄┄┄┄┄┄┄┄┄┄┄┄┄┄┄┄┄┄┄┄┄┄┄┄┄┄┄┄┄┄┄┄┄┄┄┄┄┄┄┄┄┄┄┄┄┄┄┄┄┄┄┄┄┄┄┄┄┄┄┄┄┄┄┄┄┄┄┄┄┄┄┄┄┄┄┄┄┄┄┄┄┄┄┄┄┄┄┄┄┄┄┄┄┄┄┄┄┄┄┄┄┄┄┄
│ #0   AppLogger.database (package:filler/core/logging.dart:49:13)
│ #1   AppDatabase.insertCanvas (package:filler/data/database.dart:225:15)

00:02 +27 -1: /Users/mr42/code/flutter/tmp/filler/test/features/canvas/presentation/canvas_bloc_test.dart: (setUpAll)                                                                                  
[38;5;12m│ #0   AppLogger.initialize (package:filler/core/logging.dart:24:13)[0m
[38;5;12m│ #1   TestHelpers.initializeLogging (file:///Users/mr42/code/flutter/tmp/filler/test/helpers/test_helpers.dart:25:15)[0m
[38;5;12m├┄┄┄┄┄┄┄┄┄┄┄┄┄┄┄┄┄┄┄┄┄┄┄┄┄┄┄┄┄┄┄┄┄┄┄┄┄┄┄┄┄┄┄┄┄┄┄┄┄┄┄┄┄┄┄┄┄┄┄┄┄┄┄┄┄┄┄┄┄┄┄┄┄┄┄┄┄┄┄┄┄┄┄┄┄┄┄┄┄┄┄┄┄┄┄┄┄┄┄┄┄┄┄┄┄┄┄┄┄┄┄┄┄┄┄┄┄┄┄[0m

00:02 +27 -1: /Users/mr42/code/flutter/tmp/filler/test/integration/page_state_transitions_test.dart: BLoC State Transitions - All Pages Gallery BLoC - State Transitions                               
│ #2   CanvasRepository.add (package:filler/domain/repositories.dart:90:34)
│ #3   main.<anonymous closure>.<anonymous closure> (file:///Users/mr42/code/flutter/tmp/filler/test/integration/page_state_transitions_test.dart:116:24)
│ #4   Declarer.test.<anonymous closure>.<anonymous closure> (package:test_api/src/backend/declarer.dart:242:19)
│ #5   <asynchronous suspension>

00:02 +27 -1: /Users/mr42/code/flutter/tmp/filler/test/features/canvas/presentation/canvas_bloc_test.dart: (setUpAll)                                                                                  
[38;5;12m│ 07:38:49.009 (+0:00:00.001332)[0m

00:02 +27 -1: /Users/mr42/code/flutter/tmp/filler/test/integration/page_state_transitions_test.dart: BLoC State Transitions - All Pages Gallery BLoC - State Transitions                               
│ #6   Declarer.test.<anonymous closure> (package:test_api/src/backend/declarer.dart:240:7)
│ #7   <asynchronous suspension>
├┄┄┄┄┄┄┄┄┄┄┄┄┄┄┄┄┄┄┄┄┄┄┄┄┄┄┄┄┄┄┄┄┄┄┄┄┄┄┄┄┄┄┄┄┄┄┄┄┄┄┄┄┄┄┄┄┄┄┄┄┄┄┄┄┄┄┄┄┄┄┄┄┄┄┄┄┄┄┄┄┄┄┄┄┄┄┄┄┄┄┄┄┄┄┄┄┄┄┄┄┄┄┄┄┄┄┄┄┄┄┄┄┄┄┄┄┄┄┄
│ 07:38:49.020 (+0:00:01.215962)

00:02 +27 -1: /Users/mr42/code/flutter/tmp/filler/test/features/canvas/presentation/canvas_bloc_test.dart: (setUpAll)                                                                                  
[38;5;12m├┄┄┄┄┄┄┄┄┄┄┄┄┄┄┄┄┄┄┄┄┄┄┄┄┄┄┄┄┄┄┄┄┄┄┄┄┄┄┄┄┄┄┄┄┄┄┄┄┄┄┄┄┄┄┄┄┄┄┄┄┄┄┄┄┄┄┄┄┄┄┄┄┄┄┄┄┄┄┄┄┄┄┄┄┄┄┄┄┄┄┄┄┄┄┄┄┄┄┄┄┄┄┄┄┄┄┄┄┄┄┄┄┄┄┄┄┄┄┄[0m

00:02 +27 -1: /Users/mr42/code/flutter/tmp/filler/test/integration/page_state_transitions_test.dart: BLoC State Transitions - All Pages Gallery BLoC - State Transitions                               
├┄┄┄┄┄┄┄┄┄┄┄┄┄┄┄┄┄┄┄┄┄┄┄┄┄┄┄┄┄┄┄┄┄┄┄┄┄┄┄┄┄┄┄┄┄┄┄┄┄┄┄┄┄┄┄┄┄┄┄┄┄┄┄┄┄┄┄┄┄┄┄┄┄┄┄┄┄┄┄┄┄┄┄┄┄┄┄┄┄┄┄┄┄┄┄┄┄┄┄┄┄┄┄┄┄┄┄┄┄┄┄┄┄┄┄┄┄┄┄
│ 🐛 💾 Database: Inserting canvas

00:02 +27 -1: /Users/mr42/code/flutter/tmp/filler/test/features/canvas/presentation/canvas_bloc_test.dart: (setUpAll)                                                                                  
[38;5;12m│ 💡 🚀 AppLogger initialized (debug: true)[0m

00:02 +27 -1: /Users/mr42/code/flutter/tmp/filler/test/integration/page_state_transitions_test.dart: BLoC State Transitions - All Pages Gallery BLoC - State Transitions                               
└───────────────────────────────────────────────────────────────────────────────────────────────────────────────────────

00:02 +27 -1: /Users/mr42/code/flutter/tmp/filler/test/features/canvas/presentation/canvas_bloc_test.dart: (setUpAll)                                                                                  
[38;5;12m└───────────────────────────────────────────────────────────────────────────────────────────────────────────────────────[0m

00:02 +27 -1: /Users/mr42/code/flutter/tmp/filler/test/integration/page_state_transitions_test.dart: BLoC State Transitions - All Pages Gallery BLoC - State Transitions                               
┌───────────────────────────────────────────────────────────────────────────────────────────────────────────────────────
│ #0   AppLogger.database (package:filler/core/logging.dart:49:13)
│ #1   createTestDatabaseConnection.<anonymous closure> (package:filler/data/database_connection.dart:22:15)
├┄┄┄┄┄┄┄┄┄┄┄┄┄┄┄┄┄┄┄┄┄┄┄┄┄┄┄┄┄┄┄┄┄┄┄┄┄┄┄┄┄┄┄┄┄┄┄┄┄┄┄┄┄┄┄┄┄┄┄┄┄┄┄┄┄┄┄┄┄┄┄┄┄┄┄┄┄┄┄┄┄┄┄┄┄┄┄┄┄┄┄┄┄┄┄┄┄┄┄┄┄┄┄┄┄┄┄┄┄┄┄┄┄┄┄┄┄┄┄
│ 07:38:49.021 (+0:00:01.217782)
├┄┄┄┄┄┄┄┄┄┄┄┄┄┄┄┄┄┄┄┄┄┄┄┄┄┄┄┄┄┄┄┄┄┄┄┄┄┄┄┄┄┄┄┄┄┄┄┄┄┄┄┄┄┄┄┄┄┄┄┄┄┄┄┄┄┄┄┄┄┄┄┄┄┄┄┄┄┄┄┄┄┄┄┄┄┄┄┄┄┄┄┄┄┄┄┄┄┄┄┄┄┄┄┄┄┄┄┄┄┄┄┄┄┄┄┄┄┄┄
│ 🐛 💾 Database: Test AppDatabase instance created (in-memory)
└───────────────────────────────────────────────────────────────────────────────────────────────────────────────────────
┌───────────────────────────────────────────────────────────────────────────────────────────────────────────────────────
│ {version: 4, wasCreated: true, hadUpgrade: false}
├┄┄┄┄┄┄┄┄┄┄┄┄┄┄┄┄┄┄┄┄┄┄┄┄┄┄┄┄┄┄┄┄┄┄┄┄┄┄┄┄┄┄┄┄┄┄┄┄┄┄┄┄┄┄┄┄┄┄┄┄┄┄┄┄┄┄┄┄┄┄┄┄┄┄┄┄┄┄┄┄┄┄┄┄┄┄┄┄┄┄┄┄┄┄┄┄┄┄┄┄┄┄┄┄┄┄┄┄┄┄┄┄┄┄┄┄┄┄┄
│ #0   AppLogger.database (package:filler/core/logging.dart:49:13)
│ #1   AppDatabase.migration.<anonymous closure> (package:filler/data/database.dart:211:17)

00:02 +27 -1: /Users/mr42/code/flutter/tmp/filler/test/integration/platform_specific_test.dart: Platform-Specific Database Integration Canvas Operations Work Cross-Platform                           
00:02 +27 -1: /Users/mr42/code/flutter/tmp/filler/test/integration/page_state_transitions_test.dart: BLoC State Transitions - All Pages Gallery BLoC - State Transitions                               
│ #2   GeneratedDatabase.beforeOpen.<anonymous closure> (package:drift/src/runtime/api/db_base.dart:137:44)
│ #3   <asynchronous suspension>
│ #4   DelegatedDatabase._runMigrations (package:drift/src/runtime/executor/helpers/engines.dart:512:5)
│ #5   <asynchronous suspension>
│ #6   DelegatedDatabase.ensureOpen.<anonymous closure> (package:drift/src/runtime/executor/helpers/engines.dart:476:9)
│ #7   <asynchronous suspension>
├┄┄┄┄┄┄┄┄┄┄┄┄┄┄┄┄┄┄┄┄┄┄┄┄┄┄┄┄┄┄┄┄┄┄┄┄┄┄┄┄┄┄┄┄┄┄┄┄┄┄┄┄┄┄┄┄┄┄┄┄┄┄┄┄┄┄┄┄┄┄┄┄┄┄┄┄┄┄┄┄┄┄┄┄┄┄┄┄┄┄┄┄┄┄┄┄┄┄┄┄┄┄┄┄┄┄┄┄┄┄┄┄┄┄┄┄┄┄┄
│ 07:38:49.023 (+0:00:01.219375)
├┄┄┄┄┄┄┄┄┄┄┄┄┄┄┄┄┄┄┄┄┄┄┄┄┄┄┄┄┄┄┄┄┄┄┄┄┄┄┄┄┄┄┄┄┄┄┄┄┄┄┄┄┄┄┄┄┄┄┄┄┄┄┄┄┄┄┄┄┄┄┄┄┄┄┄┄┄┄┄┄┄┄┄┄┄┄┄┄┄┄┄┄┄┄┄┄┄┄┄┄┄┄┄┄┄┄┄┄┄┄┄┄┄┄┄┄┄┄┄
│ 🐛 💾 Database: Database opened
└───────────────────────────────────────────────────────────────────────────────────────────────────────────────────────
┌───────────────────────────────────────────────────────────────────────────────────────────────────────────────────────
│ {id: 1}
├┄┄┄┄┄┄┄┄┄┄┄┄┄┄┄┄┄┄┄┄┄┄┄┄┄┄┄┄┄┄┄┄┄┄┄┄┄┄┄┄┄┄┄┄┄┄┄┄┄┄┄┄┄┄┄┄┄┄┄┄┄┄┄┄┄┄┄┄┄┄┄┄┄┄┄┄┄┄┄┄┄┄┄┄┄┄┄┄┄┄┄┄┄┄┄┄┄┄┄┄┄┄┄┄┄┄┄┄┄┄┄┄┄┄┄┄┄┄┄
│ #0   AppLogger.database (package:filler/core/logging.dart:49:13)
│ #1   AppDatabase.insertCanvas (package:filler/data/database.dart:234:17)
│ #2   <asynchronous suspension>
│ #3   CanvasRepository.add (package:filler/domain/repositories.dart:90:24)
│ #4   <asynchronous suspension>
│ #5   main.<anonymous closure>.<anonymous closure> (file:///Users/mr42/code/flutter/tmp/filler/test/integration/page_state_transitions_test.dart:116:7)
│ #6   <asynchronous suspension>
│ #7   Declarer.test.<anonymous closure>.<anonymous closure> (package:test_api/src/backend/declarer.dart:242:9)
├┄┄┄┄┄┄┄┄┄┄┄┄┄┄┄┄┄┄┄┄┄┄┄┄┄┄┄┄┄┄┄┄┄┄┄┄┄┄┄┄┄┄┄┄┄┄┄┄┄┄┄┄┄┄┄┄┄┄┄┄┄┄┄┄┄┄┄┄┄┄┄┄┄┄┄┄┄┄┄┄┄┄┄┄┄┄┄┄┄┄┄┄┄┄┄┄┄┄┄┄┄┄┄┄┄┄┄┄┄┄┄┄┄┄┄┄┄┄┄
│ 07:38:49.025 (+0:00:01.220991)
├┄┄┄┄┄┄┄┄┄┄┄┄┄┄┄┄┄┄┄┄┄┄┄┄┄┄┄┄┄┄┄┄┄┄┄┄┄┄┄┄┄┄┄┄┄┄┄┄┄┄┄┄┄┄┄┄┄┄┄┄┄┄┄┄┄┄┄┄┄┄┄┄┄┄┄┄┄┄┄┄┄┄┄┄┄┄┄┄┄┄┄┄┄┄┄┄┄┄┄┄┄┄┄┄┄┄┄┄┄┄┄┄┄┄┄┄┄┄┄
│ 🐛 💾 Database: Canvas inserted with ID
└───────────────────────────────────────────────────────────────────────────────────────────────────────────────────────
┌───────────────────────────────────────────────────────────────────────────────────────────────────────────────────────
│ {id: 1, title: Gallery Test 1, insertTime: 6ms}
├┄┄┄┄┄┄┄┄┄┄┄┄┄┄┄┄┄┄┄┄┄┄┄┄┄┄┄┄┄┄┄┄┄┄┄┄┄┄┄┄┄┄┄┄┄┄┄┄┄┄┄┄┄┄┄┄┄┄┄┄┄┄┄┄┄┄┄┄┄┄┄┄┄┄┄┄┄┄┄┄┄┄┄┄┄┄┄┄┄┄┄┄┄┄┄┄┄┄┄┄┄┄┄┄┄┄┄┄┄┄┄┄┄┄┄┄┄┄┄
│ #0   AppLogger.database (package:filler/core/logging.dart:49:13)
│ #1   CanvasRepository.add (package:filler/domain/repositories.dart:103:17)
│ #2   <asynchronous suspension>
│ #3   main.<anonymous closure>.<anonymous closure> (file:///Users/mr42/code/flutter/tmp/filler/test/integration/page_state_transitions_test.dart:116:7)
│ #4   <asynchronous suspension>
│ #5   Declarer.test.<anonymous closure>.<anonymous closure> (package:test_api/src/backend/declarer.dart:242:9)
│ #6   <asynchronous suspension>
│ #7   Declarer.test.<anonymous closure> (package:test_api/src/backend/declarer.dart:240:7)
├┄┄┄┄┄┄┄┄┄┄┄┄┄┄┄┄┄┄┄┄┄┄┄┄┄┄┄┄┄┄┄┄┄┄┄┄┄┄┄┄┄┄┄┄┄┄┄┄┄┄┄┄┄┄┄┄┄┄┄┄┄┄┄┄┄┄┄┄┄┄┄┄┄┄┄┄┄┄┄┄┄┄┄┄┄┄┄┄┄┄┄┄┄┄┄┄┄┄┄┄┄┄┄┄┄┄┄┄┄┄┄┄┄┄┄┄┄┄┄
│ 07:38:49.026 (+0:00:01.222272)
├┄┄┄┄┄┄┄┄┄┄┄┄┄┄┄┄┄┄┄┄┄┄┄┄┄┄┄┄┄┄┄┄┄┄┄┄┄┄┄┄┄┄┄┄┄┄┄┄┄┄┄┄┄┄┄┄┄┄┄┄┄┄┄┄┄┄┄┄┄┄┄┄┄┄┄┄┄┄┄┄┄┄┄┄┄┄┄┄┄┄┄┄┄┄┄┄┄┄┄┄┄┄┄┄┄┄┄┄┄┄┄┄┄┄┄┄┄┄┄
│ 🐛 💾 Database: Canvas created successfully

00:02 +27 -1: /Users/mr42/code/flutter/tmp/filler/test/features/canvas/presentation/canvas_bloc_test.dart: CanvasBloc initial state is CanvasState.initial                                             
┌───────────────────────────────────────────────────────────────────────────────────────────────────────────────────────
│ #0   AppLogger.bloc (package:filler/core/logging.dart:44:13)
│ #1   new CanvasBloc (package:filler/features/canvas/presentation/canvas_bloc.dart:106:15)
├┄┄┄┄┄┄┄┄┄┄┄┄┄┄┄┄┄┄┄┄┄┄┄┄┄┄┄┄┄┄┄┄┄┄┄┄┄┄┄┄┄┄┄┄┄┄┄┄┄┄┄┄┄┄┄┄┄┄┄┄┄┄┄┄┄┄┄┄┄┄┄┄┄┄┄┄┄┄┄┄┄┄┄┄┄┄┄┄┄┄┄┄┄┄┄┄┄┄┄┄┄┄┄┄┄┄┄┄┄┄┄┄┄┄┄┄┄┄┄
│ 07:38:49.027 (+0:00:00.019291)
├┄┄┄┄┄┄┄┄┄┄┄┄┄┄┄┄┄┄┄┄┄┄┄┄┄┄┄┄┄┄┄┄┄┄┄┄┄┄┄┄┄┄┄┄┄┄┄┄┄┄┄┄┄┄┄┄┄┄┄┄┄┄┄┄┄┄┄┄┄┄┄┄┄┄┄┄┄┄┄┄┄┄┄┄┄┄┄┄┄┄┄┄┄┄┄┄┄┄┄┄┄┄┄┄┄┄┄┄┄┄┄┄┄┄┄┄┄┄┄
│ 🐛 🔄 BLoC[Canvas]: BLoC Created | null → initial
└───────────────────────────────────────────────────────────────────────────────────────────────────────────────────────

00:02 +27 -1: /Users/mr42/code/flutter/tmp/filler/test/integration/page_state_transitions_test.dart: BLoC State Transitions - All Pages Gallery BLoC - State Transitions                               
└───────────────────────────────────────────────────────────────────────────────────────────────────────────────────────
┌───────────────────────────────────────────────────────────────────────────────────────────────────────────────────────
│ {title: Gallery Test 2, dimensions: 2x2, insets: 1, dataSize: 117 chars}
├┄┄┄┄┄┄┄┄┄┄┄┄┄┄┄┄┄┄┄┄┄┄┄┄┄┄┄┄┄┄┄┄┄┄┄┄┄┄┄┄┄┄┄┄┄┄┄┄┄┄┄┄┄┄┄┄┄┄┄┄┄┄┄┄┄┄┄┄┄┄┄┄┄┄┄┄┄┄┄┄┄┄┄┄┄┄┄┄┄┄┄┄┄┄┄┄┄┄┄┄┄┄┄┄┄┄┄┄┄┄┄┄┄┄┄┄┄┄┄
│ #0   AppLogger.database (package:filler/core/logging.dart:49:13)
│ #1   CanvasRepository.add (package:filler/domain/repositories.dart:78:15)
│ #2   main.<anonymous closure>.<anonymous closure> (file:///Users/mr42/code/flutter/tmp/filler/test/integration/page_state_transitions_test.dart:127:24)
│ #3   <asynchronous suspension>
│ #4   Declarer.test.<anonymous closure>.<anonymous closure> (package:test_api/src/backend/declarer.dart:242:9)
│ #5   <asynchronous suspension>
│ #6   Declarer.test.<anonymous closure> (package:test_api/src/backend/declarer.dart:240:7)
│ #7   <asynchronous suspension>
├┄┄┄┄┄┄┄┄┄┄┄┄┄┄┄┄┄┄┄┄┄┄┄┄┄┄┄┄┄┄┄┄┄┄┄┄┄┄┄┄┄┄┄┄┄┄┄┄┄┄┄┄┄┄┄┄┄┄┄┄┄┄┄┄┄┄┄┄┄┄┄┄┄┄┄┄┄┄┄┄┄┄┄┄┄┄┄┄┄┄┄┄┄┄┄┄┄┄┄┄┄┄┄┄┄┄┄┄┄┄┄┄┄┄┄┄┄┄┄
│ 07:38:49.028 (+0:00:01.224498)
├┄┄┄┄┄┄┄┄┄┄┄┄┄┄┄┄┄┄┄┄┄┄┄┄┄┄┄┄┄┄┄┄┄┄┄┄┄┄┄┄┄┄┄┄┄┄┄┄┄┄┄┄┄┄┄┄┄┄┄┄┄┄┄┄┄┄┄┄┄┄┄┄┄┄┄┄┄┄┄┄┄┄┄┄┄┄┄┄┄┄┄┄┄┄┄┄┄┄┄┄┄┄┄┄┄┄┄┄┄┄┄┄┄┄┄┄┄┄┄
│ 🐛 💾 Database: Creating new canvas
└───────────────────────────────────────────────────────────────────────────────────────────────────────────────────────
┌───────────────────────────────────────────────────────────────────────────────────────────────────────────────────────
│ {title: Gallery Test 2, dimensions: 2x2}
├┄┄┄┄┄┄┄┄┄┄┄┄┄┄┄┄┄┄┄┄┄┄┄┄┄┄┄┄┄┄┄┄┄┄┄┄┄┄┄┄┄┄┄┄┄┄┄┄┄┄┄┄┄┄┄┄┄┄┄┄┄┄┄┄┄┄┄┄┄┄┄┄┄┄┄┄┄┄┄┄┄┄┄┄┄┄┄┄┄┄┄┄┄┄┄┄┄┄┄┄┄┄┄┄┄┄┄┄┄┄┄┄┄┄┄┄┄┄┄
│ #0   AppLogger.database (package:filler/core/logging.dart:49:13)
│ #1   AppDatabase.insertCanvas (package:filler/data/database.dart:225:15)
│ #2   CanvasRepository.add (package:filler/domain/repositories.dart:90:34)
│ #3   main.<anonymous closure>.<anonymous closure> (file:///Users/mr42/code/flutter/tmp/filler/test/integration/page_state_transitions_test.dart:127:24)
│ #4   <asynchronous suspension>
│ #5   Declarer.test.<anonymous closure>.<anonymous closure> (package:test_api/src/backend/declarer.dart:242:9)
│ #6   <asynchronous suspension>
│ #7   Declarer.test.<anonymous closure> (package:test_api/src/backend/declarer.dart:240:7)
├┄┄┄┄┄┄┄┄┄┄┄┄┄┄┄┄┄┄┄┄┄┄┄┄┄┄┄┄┄┄┄┄┄┄┄┄┄┄┄┄┄┄┄┄┄┄┄┄┄┄┄┄┄┄┄┄┄┄┄┄┄┄┄┄┄┄┄┄┄┄┄┄┄┄┄┄┄┄┄┄┄┄┄┄┄┄┄┄┄┄┄┄┄┄┄┄┄┄┄┄┄┄┄┄┄┄┄┄┄┄┄┄┄┄┄┄┄┄┄
│ 07:38:49.030 (+0:00:01.226426)
├┄┄┄┄┄┄┄┄┄┄┄┄┄┄┄┄┄┄┄┄┄┄┄┄┄┄┄┄┄┄┄┄┄┄┄┄┄┄┄┄┄┄┄┄┄┄┄┄┄┄┄┄┄┄┄┄┄┄┄┄┄┄┄┄┄┄┄┄┄┄┄┄┄┄┄┄┄┄┄┄┄┄┄┄┄┄┄┄┄┄┄┄┄┄┄┄┄┄┄┄┄┄┄┄┄┄┄┄┄┄┄┄┄┄┄┄┄┄┄
│ 🐛 💾 Database: Inserting canvas
└───────────────────────────────────────────────────────────────────────────────────────────────────────────────────────
┌───────────────────────────────────────────────────────────────────────────────────────────────────────────────────────
│ {id: 2}
├┄┄┄┄┄┄┄┄┄┄┄┄┄┄┄┄┄┄┄┄┄┄┄┄┄┄┄┄┄┄┄┄┄┄┄┄┄┄┄┄┄┄┄┄┄┄┄┄┄┄┄┄┄┄┄┄┄┄┄┄┄┄┄┄┄┄┄┄┄┄┄┄┄┄┄┄┄┄┄┄┄┄┄┄┄┄┄┄┄┄┄┄┄┄┄┄┄┄┄┄┄┄┄┄┄┄┄┄┄┄┄┄┄┄┄┄┄┄┄
│ #0   AppLogger.database (package:filler/core/logging.dart:49:13)
│ #1   AppDatabase.insertCanvas (package:filler/data/database.dart:234:17)
│ #2   <asynchronous suspension>
│ #3   CanvasRepository.add (package:filler/domain/repositories.dart:90:24)
│ #4   <asynchronous suspension>
│ #5   main.<anonymous closure>.<anonymous closure> (file:///Users/mr42/code/flutter/tmp/filler/test/integration/page_state_transitions_test.dart:127:7)
│ #6   <asynchronous suspension>
│ #7   Declarer.test.<anonymous closure>.<anonymous closure> (package:test_api/src/backend/declarer.dart:242:9)
├┄┄┄┄┄┄┄┄┄┄┄┄┄┄┄┄┄┄┄┄┄┄┄┄┄┄┄┄┄┄┄┄┄┄┄┄┄┄┄┄┄┄┄┄┄┄┄┄┄┄┄┄┄┄┄┄┄┄┄┄┄┄┄┄┄┄┄┄┄┄┄┄┄┄┄┄┄┄┄┄┄┄┄┄┄┄┄┄┄┄┄┄┄┄┄┄┄┄┄┄┄┄┄┄┄┄┄┄┄┄┄┄┄┄┄┄┄┄┄
│ 07:38:49.032 (+0:00:01.228284)
├┄┄┄┄┄┄┄┄┄┄┄┄┄┄┄┄┄┄┄┄┄┄┄┄┄┄┄┄┄┄┄┄┄┄┄┄┄┄┄┄┄┄┄┄┄┄┄┄┄┄┄┄┄┄┄┄┄┄┄┄┄┄┄┄┄┄┄┄┄┄┄┄┄┄┄┄┄┄┄┄┄┄┄┄┄┄┄┄┄┄┄┄┄┄┄┄┄┄┄┄┄┄┄┄┄┄┄┄┄┄┄┄┄┄┄┄┄┄┄
│ 🐛 💾 Database: Canvas inserted with ID
└───────────────────────────────────────────────────────────────────────────────────────────────────────────────────────
┌───────────────────────────────────────────────────────────────────────────────────────────────────────────────────────
│ {id: 2, title: Gallery Test 2, insertTime: 3ms}
├┄┄┄┄┄┄┄┄┄┄┄┄┄┄┄┄┄┄┄┄┄┄┄┄┄┄┄┄┄┄┄┄┄┄┄┄┄┄┄┄┄┄┄┄┄┄┄┄┄┄┄┄┄┄┄┄┄┄┄┄┄┄┄┄┄┄┄┄┄┄┄┄┄┄┄┄┄┄┄┄┄┄┄┄┄┄┄┄┄┄┄┄┄┄┄┄┄┄┄┄┄┄┄┄┄┄┄┄┄┄┄┄┄┄┄┄┄┄┄
│ #0   AppLogger.database (package:filler/core/logging.dart:49:13)
│ #1   CanvasRepository.add (package:filler/domain/repositories.dart:103:17)
│ #2   <asynchronous suspension>
│ #3   main.<anonymous closure>.<anonymous closure> (file:///Users/mr42/code/flutter/tmp/filler/test/integration/page_state_transitions_test.dart:127:7)
│ #4   <asynchronous suspension>
│ #5   Declarer.test.<anonymous closure>.<anonymous closure> (package:test_api/src/backend/declarer.dart:242:9)
│ #6   <asynchronous suspension>
│ #7   Declarer.test.<anonymous closure> (package:test_api/src/backend/declarer.dart:240:7)
├┄┄┄┄┄┄┄┄┄┄┄┄┄┄┄┄┄┄┄┄┄┄┄┄┄┄┄┄┄┄┄┄┄┄┄┄┄┄┄┄┄┄┄┄┄┄┄┄┄┄┄┄┄┄┄┄┄┄┄┄┄┄┄┄┄┄┄┄┄┄┄┄┄┄┄┄┄┄┄┄┄┄┄┄┄┄┄┄┄┄┄┄┄┄┄┄┄┄┄┄┄┄┄┄┄┄┄┄┄┄┄┄┄┄┄┄┄┄┄
│ 07:38:49.033 (+0:00:01.229617)
├┄┄┄┄┄┄┄┄┄┄┄┄┄┄┄┄┄┄┄┄┄┄┄┄┄┄┄┄┄┄┄┄┄┄┄┄┄┄┄┄┄┄┄┄┄┄┄┄┄┄┄┄┄┄┄┄┄┄┄┄┄┄┄┄┄┄┄┄┄┄┄┄┄┄┄┄┄┄┄┄┄┄┄┄┄┄┄┄┄┄┄┄┄┄┄┄┄┄┄┄┄┄┄┄┄┄┄┄┄┄┄┄┄┄┄┄┄┄┄
│ 🐛 💾 Database: Canvas created successfully
└───────────────────────────────────────────────────────────────────────────────────────────────────────────────────────
┌───────────────────────────────────────────────────────────────────────────────────────────────────────────────────────
│ #0   AppLogger.bloc (package:filler/core/logging.dart:44:13)
│ #1   new GalleryBloc.<anonymous closure> (package:filler/features/gallery/presentation/gallery_bloc.dart:79:17)
├┄┄┄┄┄┄┄┄┄┄┄┄┄┄┄┄┄┄┄┄┄┄┄┄┄┄┄┄┄┄┄┄┄┄┄┄┄┄┄┄┄┄┄┄┄┄┄┄┄┄┄┄┄┄┄┄┄┄┄┄┄┄┄┄┄┄┄┄┄┄┄┄┄┄┄┄┄┄┄┄┄┄┄┄┄┄┄┄┄┄┄┄┄┄┄┄┄┄┄┄┄┄┄┄┄┄┄┄┄┄┄┄┄┄┄┄┄┄┄
│ 07:38:49.036 (+0:00:01.231868)
├┄┄┄┄┄┄┄┄┄┄┄┄┄┄┄┄┄┄┄┄┄┄┄┄┄┄┄┄┄┄┄┄┄┄┄┄┄┄┄┄┄┄┄┄┄┄┄┄┄┄┄┄┄┄┄┄┄┄┄┄┄┄┄┄┄┄┄┄┄┄┄┄┄┄┄┄┄┄┄┄┄┄┄┄┄┄┄┄┄┄┄┄┄┄┄┄┄┄┄┄┄┄┄┄┄┄┄┄┄┄┄┄┄┄┄┄┄┄┄
│ 🐛 🔄 BLoC[Gallery]: Load Event | initial → loading
└───────────────────────────────────────────────────────────────────────────────────────────────────────────────────────
┌───────────────────────────────────────────────────────────────────────────────────────────────────────────────────────
│ #0   AppLogger.database (package:filler/core/logging.dart:49:13)
│ #1   CanvasRepository.getAllModels (package:filler/domain/repositories.dart:303:15)
├┄┄┄┄┄┄┄┄┄┄┄┄┄┄┄┄┄┄┄┄┄┄┄┄┄┄┄┄┄┄┄┄┄┄┄┄┄┄┄┄┄┄┄┄┄┄┄┄┄┄┄┄┄┄┄┄┄┄┄┄┄┄┄┄┄┄┄┄┄┄┄┄┄┄┄┄┄┄┄┄┄┄┄┄┄┄┄┄┄┄┄┄┄┄┄┄┄┄┄┄┄┄┄┄┄┄┄┄┄┄┄┄┄┄┄┄┄┄┄
│ 07:38:49.037 (+0:00:01.233167)
├┄┄┄┄┄┄┄┄┄┄┄┄┄┄┄┄┄┄┄┄┄┄┄┄┄┄┄┄┄┄┄┄┄┄┄┄┄┄┄┄┄┄┄┄┄┄┄┄┄┄┄┄┄┄┄┄┄┄┄┄┄┄┄┄┄┄┄┄┄┄┄┄┄┄┄┄┄┄┄┄┄┄┄┄┄┄┄┄┄┄┄┄┄┄┄┄┄┄┄┄┄┄┄┄┄┄┄┄┄┄┄┄┄┄┄┄┄┄┄
│ 🐛 💾 Database: Fetching all canvas models
└───────────────────────────────────────────────────────────────────────────────────────────────────────────────────────
┌───────────────────────────────────────────────────────────────────────────────────────────────────────────────────────
│ #0   AppLogger.database (package:filler/core/logging.dart:49:13)
│ #1   AppDatabase.getAllCanvases (package:filler/data/database.dart:248:15)
├┄┄┄┄┄┄┄┄┄┄┄┄┄┄┄┄┄┄┄┄┄┄┄┄┄┄┄┄┄┄┄┄┄┄┄┄┄┄┄┄┄┄┄┄┄┄┄┄┄┄┄┄┄┄┄┄┄┄┄┄┄┄┄┄┄┄┄┄┄┄┄┄┄┄┄┄┄┄┄┄┄┄┄┄┄┄┄┄┄┄┄┄┄┄┄┄┄┄┄┄┄┄┄┄┄┄┄┄┄┄┄┄┄┄┄┄┄┄┄
│ 07:38:49.038 (+0:00:01.234209)
├┄┄┄┄┄┄┄┄┄┄┄┄┄┄┄┄┄┄┄┄┄┄┄┄┄┄┄┄┄┄┄┄┄┄┄┄┄┄┄┄┄┄┄┄┄┄┄┄┄┄┄┄┄┄┄┄┄┄┄┄┄┄┄┄┄┄┄┄┄┄┄┄┄┄┄┄┄┄┄┄┄┄┄┄┄┄┄┄┄┄┄┄┄┄┄┄┄┄┄┄┄┄┄┄┄┄┄┄┄┄┄┄┄┄┄┄┄┄┄
│ 🐛 💾 Database: Querying all canvases
└───────────────────────────────────────────────────────────────────────────────────────────────────────────────────────
┌───────────────────────────────────────────────────────────────────────────────────────────────────────────────────────
│ {count: 2}
├┄┄┄┄┄┄┄┄┄┄┄┄┄┄┄┄┄┄┄┄┄┄┄┄┄┄┄┄┄┄┄┄┄┄┄┄┄┄┄┄┄┄┄┄┄┄┄┄┄┄┄┄┄┄┄┄┄┄┄┄┄┄┄┄┄┄┄┄┄┄┄┄┄┄┄┄┄┄┄┄┄┄┄┄┄┄┄┄┄┄┄┄┄┄┄┄┄┄┄┄┄┄┄┄┄┄┄┄┄┄┄┄┄┄┄┄┄┄┄
│ #0   AppLogger.database (package:filler/core/logging.dart:49:13)
│ #1   AppDatabase.getAllCanvases (package:filler/data/database.dart:251:17)
│ #2   <asynchronous suspension>
│ #3   CanvasRepository.getAllModels (package:filler/domain/repositories.dart:306:24)
│ #4   <asynchronous suspension>
│ #5   new GalleryBloc.<anonymous closure> (package:filler/features/gallery/presentation/gallery_bloc.dart:84:26)
│ #6   <asynchronous suspension>
│ #7   Bloc.on.<anonymous closure>.handleEvent (package:bloc/src/bloc.dart:226:13)
├┄┄┄┄┄┄┄┄┄┄┄┄┄┄┄┄┄┄┄┄┄┄┄┄┄┄┄┄┄┄┄┄┄┄┄┄┄┄┄┄┄┄┄┄┄┄┄┄┄┄┄┄┄┄┄┄┄┄┄┄┄┄┄┄┄┄┄┄┄┄┄┄┄┄┄┄┄┄┄┄┄┄┄┄┄┄┄┄┄┄┄┄┄┄┄┄┄┄┄┄┄┄┄┄┄┄┄┄┄┄┄┄┄┄┄┄┄┄┄
│ 07:38:49.039 (+0:00:01.235514)
├┄┄┄┄┄┄┄┄┄┄┄┄┄┄┄┄┄┄┄┄┄┄┄┄┄┄┄┄┄┄┄┄┄┄┄┄┄┄┄┄┄┄┄┄┄┄┄┄┄┄┄┄┄┄┄┄┄┄┄┄┄┄┄┄┄┄┄┄┄┄┄┄┄┄┄┄┄┄┄┄┄┄┄┄┄┄┄┄┄┄┄┄┄┄┄┄┄┄┄┄┄┄┄┄┄┄┄┄┄┄┄┄┄┄┄┄┄┄┄
│ 🐛 💾 Database: Query completed
└───────────────────────────────────────────────────────────────────────────────────────────────────────────────────────
┌───────────────────────────────────────────────────────────────────────────────────────────────────────────────────────
│ {count: 2, queryTime: 2ms}
├┄┄┄┄┄┄┄┄┄┄┄┄┄┄┄┄┄┄┄┄┄┄┄┄┄┄┄┄┄┄┄┄┄┄┄┄┄┄┄┄┄┄┄┄┄┄┄┄┄┄┄┄┄┄┄┄┄┄┄┄┄┄┄┄┄┄┄┄┄┄┄┄┄┄┄┄┄┄┄┄┄┄┄┄┄┄┄┄┄┄┄┄┄┄┄┄┄┄┄┄┄┄┄┄┄┄┄┄┄┄┄┄┄┄┄┄┄┄┄
│ #0   AppLogger.database (package:filler/core/logging.dart:49:13)
│ #1   CanvasRepository.getAllModels (package:filler/domain/repositories.dart:310:17)
│ #2   <asynchronous suspension>
│ #3   new GalleryBloc.<anonymous closure> (package:filler/features/gallery/presentation/gallery_bloc.dart:84:26)
│ #4   <asynchronous suspension>
│ #5   Bloc.on.<anonymous closure>.handleEvent (package:bloc/src/bloc.dart:226:13)
│ #6   <asynchronous suspension>
├┄┄┄┄┄┄┄┄┄┄┄┄┄┄┄┄┄┄┄┄┄┄┄┄┄┄┄┄┄┄┄┄┄┄┄┄┄┄┄┄┄┄┄┄┄┄┄┄┄┄┄┄┄┄┄┄┄┄┄┄┄┄┄┄┄┄┄┄┄┄┄┄┄┄┄┄┄┄┄┄┄┄┄┄┄┄┄┄┄┄┄┄┄┄┄┄┄┄┄┄┄┄┄┄┄┄┄┄┄┄┄┄┄┄┄┄┄┄┄
│ 07:38:49.041 (+0:00:01.236974)
├┄┄┄┄┄┄┄┄┄┄┄┄┄┄┄┄┄┄┄┄┄┄┄┄┄┄┄┄┄┄┄┄┄┄┄┄┄┄┄┄┄┄┄┄┄┄┄┄┄┄┄┄┄┄┄┄┄┄┄┄┄┄┄┄┄┄┄┄┄┄┄┄┄┄┄┄┄┄┄┄┄┄┄┄┄┄┄┄┄┄┄┄┄┄┄┄┄┄┄┄┄┄┄┄┄┄┄┄┄┄┄┄┄┄┄┄┄┄┄
│ 🐛 💾 Database: Retrieved canvas models
└───────────────────────────────────────────────────────────────────────────────────────────────────────────────────────
┌───────────────────────────────────────────────────────────────────────────────────────────────────────────────────────
│ {count: 2, loadTime: 5ms}
├┄┄┄┄┄┄┄┄┄┄┄┄┄┄┄┄┄┄┄┄┄┄┄┄┄┄┄┄┄┄┄┄┄┄┄┄┄┄┄┄┄┄┄┄┄┄┄┄┄┄┄┄┄┄┄┄┄┄┄┄┄┄┄┄┄┄┄┄┄┄┄┄┄┄┄┄┄┄┄┄┄┄┄┄┄┄┄┄┄┄┄┄┄┄┄┄┄┄┄┄┄┄┄┄┄┄┄┄┄┄┄┄┄┄┄┄┄┄┄
│ #0   AppLogger.database (package:filler/core/logging.dart:49:13)
│ #1   new GalleryBloc.<anonymous closure> (package:filler/features/gallery/presentation/gallery_bloc.dart:87:19)
│ #2   <asynchronous suspension>
│ #3   Bloc.on.<anonymous closure>.handleEvent (package:bloc/src/bloc.dart:226:13)
│ #4   <asynchronous suspension>
├┄┄┄┄┄┄┄┄┄┄┄┄┄┄┄┄┄┄┄┄┄┄┄┄┄┄┄┄┄┄┄┄┄┄┄┄┄┄┄┄┄┄┄┄┄┄┄┄┄┄┄┄┄┄┄┄┄┄┄┄┄┄┄┄┄┄┄┄┄┄┄┄┄┄┄┄┄┄┄┄┄┄┄┄┄┄┄┄┄┄┄┄┄┄┄┄┄┄┄┄┄┄┄┄┄┄┄┄┄┄┄┄┄┄┄┄┄┄┄
│ 07:38:49.042 (+0:00:01.238458)
├┄┄┄┄┄┄┄┄┄┄┄┄┄┄┄┄┄┄┄┄┄┄┄┄┄┄┄┄┄┄┄┄┄┄┄┄┄┄┄┄┄┄┄┄┄┄┄┄┄┄┄┄┄┄┄┄┄┄┄┄┄┄┄┄┄┄┄┄┄┄┄┄┄┄┄┄┄┄┄┄┄┄┄┄┄┄┄┄┄┄┄┄┄┄┄┄┄┄┄┄┄┄┄┄┄┄┄┄┄┄┄┄┄┄┄┄┄┄┄
│ 🐛 💾 Database: Loaded canvases from database
└───────────────────────────────────────────────────────────────────────────────────────────────────────────────────────
┌───────────────────────────────────────────────────────────────────────────────────────────────────────────────────────
│ {id: 1, title: Gallery Test 1, dimensions: 3x3, pixelCount: 9}
├┄┄┄┄┄┄┄┄┄┄┄┄┄┄┄┄┄┄┄┄┄┄┄┄┄┄┄┄┄┄┄┄┄┄┄┄┄┄┄┄┄┄┄┄┄┄┄┄┄┄┄┄┄┄┄┄┄┄┄┄┄┄┄┄┄┄┄┄┄┄┄┄┄┄┄┄┄┄┄┄┄┄┄┄┄┄┄┄┄┄┄┄┄┄┄┄┄┄┄┄┄┄┄┄┄┄┄┄┄┄┄┄┄┄┄┄┄┄┄
│ #0   AppLogger.canvas (package:filler/core/logging.dart:59:13)

00:02 +28 -1: /Users/mr42/code/flutter/tmp/filler/test/integration/platform_specific_test.dart: Platform-Specific Database Integration Canvas Operations Work Cross-Platform                           
00:02 +28 -1: /Users/mr42/code/flutter/tmp/filler/test/integration/page_state_transitions_test.dart: BLoC State Transitions - All Pages Gallery BLoC - State Transitions                               
│ #1   new GalleryBloc.<anonymous closure> (package:filler/features/gallery/presentation/gallery_bloc.dart:109:23)
│ #2   <asynchronous suspension>
│ #3   Bloc.on.<anonymous closure>.handleEvent (package:bloc/src/bloc.dart:226:13)
│ #4   <asynchronous suspension>
├┄┄┄┄┄┄┄┄┄┄┄┄┄┄┄┄┄┄┄┄┄┄┄┄┄┄┄┄┄┄┄┄┄┄┄┄┄┄┄┄┄┄┄┄┄┄┄┄┄┄┄┄┄┄┄┄┄┄┄┄┄┄┄┄┄┄┄┄┄┄┄┄┄┄┄┄┄┄┄┄┄┄┄┄┄┄┄┄┄┄┄┄┄┄┄┄┄┄┄┄┄┄┄┄┄┄┄┄┄┄┄┄┄┄┄┄┄┄┄
│ 07:38:49.044 (+0:00:01.239877)
├┄┄┄┄┄┄┄┄┄┄┄┄┄┄┄┄┄┄┄┄┄┄┄┄┄┄┄┄┄┄┄┄┄┄┄┄┄┄┄┄┄┄┄┄┄┄┄┄┄┄┄┄┄┄┄┄┄┄┄┄┄┄┄┄┄┄┄┄┄┄┄┄┄┄┄┄┄┄┄┄┄┄┄┄┄┄┄┄┄┄┄┄┄┄┄┄┄┄┄┄┄┄┄┄┄┄┄┄┄┄┄┄┄┄┄┄┄┄┄
│ 🐛 🎨 Canvas: Processed canvas for gallery
└───────────────────────────────────────────────────────────────────────────────────────────────────────────────────────
┌───────────────────────────────────────────────────────────────────────────────────────────────────────────────────────
│ {id: 2, title: Gallery Test 2, dimensions: 2x2, pixelCount: 4}
├┄┄┄┄┄┄┄┄┄┄┄┄┄┄┄┄┄┄┄┄┄┄┄┄┄┄┄┄┄┄┄┄┄┄┄┄┄┄┄┄┄┄┄┄┄┄┄┄┄┄┄┄┄┄┄┄┄┄┄┄┄┄┄┄┄┄┄┄┄┄┄┄┄┄┄┄┄┄┄┄┄┄┄┄┄┄┄┄┄┄┄┄┄┄┄┄┄┄┄┄┄┄┄┄┄┄┄┄┄┄┄┄┄┄┄┄┄┄┄
│ #0   AppLogger.canvas (package:filler/core/logging.dart:59:13)
│ #1   new GalleryBloc.<anonymous closure> (package:filler/features/gallery/presentation/gallery_bloc.dart:109:23)
│ #2   <asynchronous suspension>
│ #3   Bloc.on.<anonymous closure>.handleEvent (package:bloc/src/bloc.dart:226:13)
│ #4   <asynchronous suspension>
├┄┄┄┄┄┄┄┄┄┄┄┄┄┄┄┄┄┄┄┄┄┄┄┄┄┄┄┄┄┄┄┄┄┄┄┄┄┄┄┄┄┄┄┄┄┄┄┄┄┄┄┄┄┄┄┄┄┄┄┄┄┄┄┄┄┄┄┄┄┄┄┄┄┄┄┄┄┄┄┄┄┄┄┄┄┄┄┄┄┄┄┄┄┄┄┄┄┄┄┄┄┄┄┄┄┄┄┄┄┄┄┄┄┄┄┄┄┄┄
│ 07:38:49.045 (+0:00:01.241090)
├┄┄┄┄┄┄┄┄┄┄┄┄┄┄┄┄┄┄┄┄┄┄┄┄┄┄┄┄┄┄┄┄┄┄┄┄┄┄┄┄┄┄┄┄┄┄┄┄┄┄┄┄┄┄┄┄┄┄┄┄┄┄┄┄┄┄┄┄┄┄┄┄┄┄┄┄┄┄┄┄┄┄┄┄┄┄┄┄┄┄┄┄┄┄┄┄┄┄┄┄┄┄┄┄┄┄┄┄┄┄┄┄┄┄┄┄┄┄┄
│ 🐛 🎨 Canvas: Processed canvas for gallery
└───────────────────────────────────────────────────────────────────────────────────────────────────────────────────────
┌───────────────────────────────────────────────────────────────────────────────────────────────────────────────────────
│ {totalCanvases: 2, validItems: 2, skippedItems: 0}
├┄┄┄┄┄┄┄┄┄┄┄┄┄┄┄┄┄┄┄┄┄┄┄┄┄┄┄┄┄┄┄┄┄┄┄┄┄┄┄┄┄┄┄┄┄┄┄┄┄┄┄┄┄┄┄┄┄┄┄┄┄┄┄┄┄┄┄┄┄┄┄┄┄┄┄┄┄┄┄┄┄┄┄┄┄┄┄┄┄┄┄┄┄┄┄┄┄┄┄┄┄┄┄┄┄┄┄┄┄┄┄┄┄┄┄┄┄┄┄
│ #0   AppLogger.canvas (package:filler/core/logging.dart:59:13)
│ #1   new GalleryBloc.<anonymous closure> (package:filler/features/gallery/presentation/gallery_bloc.dart:128:19)
│ #2   <asynchronous suspension>
│ #3   Bloc.on.<anonymous closure>.handleEvent (package:bloc/src/bloc.dart:226:13)
│ #4   <asynchronous suspension>
├┄┄┄┄┄┄┄┄┄┄┄┄┄┄┄┄┄┄┄┄┄┄┄┄┄┄┄┄┄┄┄┄┄┄┄┄┄┄┄┄┄┄┄┄┄┄┄┄┄┄┄┄┄┄┄┄┄┄┄┄┄┄┄┄┄┄┄┄┄┄┄┄┄┄┄┄┄┄┄┄┄┄┄┄┄┄┄┄┄┄┄┄┄┄┄┄┄┄┄┄┄┄┄┄┄┄┄┄┄┄┄┄┄┄┄┄┄┄┄
│ 07:38:49.046 (+0:00:01.242427)

00:02 +28 -1: /Users/mr42/code/flutter/tmp/filler/test/features/canvas/presentation/canvas_bloc_test.dart: CanvasBloc CanvasEvent.init emits [loading, ready] when preferences are loaded successfully 
┌───────────────────────────────────────────────────────────────────────────────────────────────────────────────────────

00:02 +28 -1: /Users/mr42/code/flutter/tmp/filler/test/integration/page_state_transitions_test.dart: BLoC State Transitions - All Pages Gallery BLoC - State Transitions                               
├┄┄┄┄┄┄┄┄┄┄┄┄┄┄┄┄┄┄┄┄┄┄┄┄┄┄┄┄┄┄┄┄┄┄┄┄┄┄┄┄┄┄┄┄┄┄┄┄┄┄┄┄┄┄┄┄┄┄┄┄┄┄┄┄┄┄┄┄┄┄┄┄┄┄┄┄┄┄┄┄┄┄┄┄┄┄┄┄┄┄┄┄┄┄┄┄┄┄┄┄┄┄┄┄┄┄┄┄┄┄┄┄┄┄┄┄┄┄┄
│ 🐛 🎨 Canvas: Gallery items prepared
└───────────────────────────────────────────────────────────────────────────────────────────────────────────────────────

00:02 +28 -1: /Users/mr42/code/flutter/tmp/filler/test/features/canvas/presentation/canvas_bloc_test.dart: CanvasBloc CanvasEvent.init emits [loading, ready] when preferences are loaded successfully 
│ #0   AppLogger.bloc (package:filler/core/logging.dart:44:13)
│ #1   new CanvasBloc (package:filler/features/canvas/presentation/canvas_bloc.dart:106:15)
├┄┄┄┄┄┄┄┄┄┄┄┄┄┄┄┄┄┄┄┄┄┄┄┄┄┄┄┄┄┄┄┄┄┄┄┄┄┄┄┄┄┄┄┄┄┄┄┄┄┄┄┄┄┄┄┄┄┄┄┄┄┄┄┄┄┄┄┄┄┄┄┄┄┄┄┄┄┄┄┄┄┄┄┄┄┄┄┄┄┄┄┄┄┄┄┄┄┄┄┄┄┄┄┄┄┄┄┄┄┄┄┄┄┄┄┄┄┄┄

00:02 +28 -1: /Users/mr42/code/flutter/tmp/filler/test/integration/page_state_transitions_test.dart: BLoC State Transitions - All Pages Gallery BLoC - State Transitions                               
┌───────────────────────────────────────────────────────────────────────────────────────────────────────────────────────
│ #0   AppLogger.bloc (package:filler/core/logging.dart:44:13)
│ #1   new GalleryBloc.<anonymous closure> (package:filler/features/gallery/presentation/gallery_bloc.dart:138:19)

00:02 +28 -1: /Users/mr42/code/flutter/tmp/filler/test/features/canvas/presentation/canvas_bloc_test.dart: CanvasBloc CanvasEvent.init emits [loading, ready] when preferences are loaded successfully 
│ 07:38:49.047 (+0:00:00.039830)

00:02 +28 -1: /Users/mr42/code/flutter/tmp/filler/test/integration/page_state_transitions_test.dart: BLoC State Transitions - All Pages Gallery BLoC - State Transitions                               
├┄┄┄┄┄┄┄┄┄┄┄┄┄┄┄┄┄┄┄┄┄┄┄┄┄┄┄┄┄┄┄┄┄┄┄┄┄┄┄┄┄┄┄┄┄┄┄┄┄┄┄┄┄┄┄┄┄┄┄┄┄┄┄┄┄┄┄┄┄┄┄┄┄┄┄┄┄┄┄┄┄┄┄┄┄┄┄┄┄┄┄┄┄┄┄┄┄┄┄┄┄┄┄┄┄┄┄┄┄┄┄┄┄┄┄┄┄┄┄
│ 07:38:49.048 (+0:00:01.244511)
├┄┄┄┄┄┄┄┄┄┄┄┄┄┄┄┄┄┄┄┄┄┄┄┄┄┄┄┄┄┄┄┄┄┄┄┄┄┄┄┄┄┄┄┄┄┄┄┄┄┄┄┄┄┄┄┄┄┄┄┄┄┄┄┄┄┄┄┄┄┄┄┄┄┄┄┄┄┄┄┄┄┄┄┄┄┄┄┄┄┄┄┄┄┄┄┄┄┄┄┄┄┄┄┄┄┄┄┄┄┄┄┄┄┄┄┄┄┄┄

00:02 +28 -1: /Users/mr42/code/flutter/tmp/filler/test/features/canvas/presentation/canvas_bloc_test.dart: CanvasBloc CanvasEvent.init emits [loading, ready] when preferences are loaded successfully 
├┄┄┄┄┄┄┄┄┄┄┄┄┄┄┄┄┄┄┄┄┄┄┄┄┄┄┄┄┄┄┄┄┄┄┄┄┄┄┄┄┄┄┄┄┄┄┄┄┄┄┄┄┄┄┄┄┄┄┄┄┄┄┄┄┄┄┄┄┄┄┄┄┄┄┄┄┄┄┄┄┄┄┄┄┄┄┄┄┄┄┄┄┄┄┄┄┄┄┄┄┄┄┄┄┄┄┄┄┄┄┄┄┄┄┄┄┄┄┄

00:02 +28 -1: /Users/mr42/code/flutter/tmp/filler/test/integration/page_state_transitions_test.dart: BLoC State Transitions - All Pages Gallery BLoC - State Transitions                               
│ 🐛 🔄 BLoC[Gallery]: Load Complete | loading → loaded
└───────────────────────────────────────────────────────────────────────────────────────────────────────────────────────

00:02 +28 -1: /Users/mr42/code/flutter/tmp/filler/test/features/canvas/presentation/canvas_bloc_test.dart: CanvasBloc CanvasEvent.init emits [loading, ready] when preferences are loaded successfully 
│ 🐛 🔄 BLoC[Canvas]: BLoC Created | null → initial
└───────────────────────────────────────────────────────────────────────────────────────────────────────────────────────
┌───────────────────────────────────────────────────────────────────────────────────────────────────────────────────────
│ #0   AppLogger.bloc (package:filler/core/logging.dart:44:13)
│ #1   new CanvasBloc.<anonymous closure> (package:filler/features/canvas/presentation/canvas_bloc.dart:108:17)
├┄┄┄┄┄┄┄┄┄┄┄┄┄┄┄┄┄┄┄┄┄┄┄┄┄┄┄┄┄┄┄┄┄┄┄┄┄┄┄┄┄┄┄┄┄┄┄┄┄┄┄┄┄┄┄┄┄┄┄┄┄┄┄┄┄┄┄┄┄┄┄┄┄┄┄┄┄┄┄┄┄┄┄┄┄┄┄┄┄┄┄┄┄┄┄┄┄┄┄┄┄┄┄┄┄┄┄┄┄┄┄┄┄┄┄┄┄┄┄
│ 07:38:49.054 (+0:00:00.046562)
├┄┄┄┄┄┄┄┄┄┄┄┄┄┄┄┄┄┄┄┄┄┄┄┄┄┄┄┄┄┄┄┄┄┄┄┄┄┄┄┄┄┄┄┄┄┄┄┄┄┄┄┄┄┄┄┄┄┄┄┄┄┄┄┄┄┄┄┄┄┄┄┄┄┄┄┄┄┄┄┄┄┄┄┄┄┄┄┄┄┄┄┄┄┄┄┄┄┄┄┄┄┄┄┄┄┄┄┄┄┄┄┄┄┄┄┄┄┄┄
│ 🐛 🔄 BLoC[Canvas]: Init Event | initial → loading
└───────────────────────────────────────────────────────────────────────────────────────────────────────────────────────
┌───────────────────────────────────────────────────────────────────────────────────────────────────────────────────────
│ {width: 10, height: 10, insets: 0, defaultPattern: 1}
├┄┄┄┄┄┄┄┄┄┄┄┄┄┄┄┄┄┄┄┄┄┄┄┄┄┄┄┄┄┄┄┄┄┄┄┄┄┄┄┄┄┄┄┄┄┄┄┄┄┄┄┄┄┄┄┄┄┄┄┄┄┄┄┄┄┄┄┄┄┄┄┄┄┄┄┄┄┄┄┄┄┄┄┄┄┄┄┄┄┄┄┄┄┄┄┄┄┄┄┄┄┄┄┄┄┄┄┄┄┄┄┄┄┄┄┄┄┄┄
│ #0   AppLogger.preferences (package:filler/core/logging.dart:64:13)
│ #1   new CanvasBloc.<anonymous closure> (package:filler/features/canvas/presentation/canvas_bloc.dart:116:19)
│ #2   <asynchronous suspension>
│ #3   Bloc.on.<anonymous closure>.handleEvent (package:bloc/src/bloc.dart:226:13)
│ #4   <asynchronous suspension>
├┄┄┄┄┄┄┄┄┄┄┄┄┄┄┄┄┄┄┄┄┄┄┄┄┄┄┄┄┄┄┄┄┄┄┄┄┄┄┄┄┄┄┄┄┄┄┄┄┄┄┄┄┄┄┄┄┄┄┄┄┄┄┄┄┄┄┄┄┄┄┄┄┄┄┄┄┄┄┄┄┄┄┄┄┄┄┄┄┄┄┄┄┄┄┄┄┄┄┄┄┄┄┄┄┄┄┄┄┄┄┄┄┄┄┄┄┄┄┄
│ 07:38:49.059 (+0:00:00.051514)
├┄┄┄┄┄┄┄┄┄┄┄┄┄┄┄┄┄┄┄┄┄┄┄┄┄┄┄┄┄┄┄┄┄┄┄┄┄┄┄┄┄┄┄┄┄┄┄┄┄┄┄┄┄┄┄┄┄┄┄┄┄┄┄┄┄┄┄┄┄┄┄┄┄┄┄┄┄┄┄┄┄┄┄┄┄┄┄┄┄┄┄┄┄┄┄┄┄┄┄┄┄┄┄┄┄┄┄┄┄┄┄┄┄┄┄┄┄┄┄
│ 🐛 ⚙️ Preferences: Loaded preferences from key-value store
└───────────────────────────────────────────────────────────────────────────────────────────────────────────────────────
[38;5;12m┌───────────────────────────────────────────────────────────────────────────────────────────────────────────────────────[0m
[38;5;12m│ #0   AppLogger.performance (package:filler/core/logging.dart:131:13)[0m
[38;5;12m│ #1   new CanvasBloc.<anonymous closure> (package:filler/features/canvas/presentation/canvas_bloc.dart:125:19)[0m
[38;5;12m├┄┄┄┄┄┄┄┄┄┄┄┄┄┄┄┄┄┄┄┄┄┄┄┄┄┄┄┄┄┄┄┄┄┄┄┄┄┄┄┄┄┄┄┄┄┄┄┄┄┄┄┄┄┄┄┄┄┄┄┄┄┄┄┄┄┄┄┄┄┄┄┄┄┄┄┄┄┄┄┄┄┄┄┄┄┄┄┄┄┄┄┄┄┄┄┄┄┄┄┄┄┄┄┄┄┄┄┄┄┄┄┄┄┄┄┄┄┄┄[0m
[38;5;12m│ 07:38:49.061 (+0:00:00.053673)[0m
[38;5;12m├┄┄┄┄┄┄┄┄┄┄┄┄┄┄┄┄┄┄┄┄┄┄┄┄┄┄┄┄┄┄┄┄┄┄┄┄┄┄┄┄┄┄┄┄┄┄┄┄┄┄┄┄┄┄┄┄┄┄┄┄┄┄┄┄┄┄┄┄┄┄┄┄┄┄┄┄┄┄┄┄┄┄┄┄┄┄┄┄┄┄┄┄┄┄┄┄┄┄┄┄┄┄┄┄┄┄┄┄┄┄┄┄┄┄┄┄┄┄┄[0m
[38;5;12m│ 💡 ⏱️ Performance: Preferences fetch took 2ms[0m
[38;5;12m└───────────────────────────────────────────────────────────────────────────────────────────────────────────────────────[0m
┌───────────────────────────────────────────────────────────────────────────────────────────────────────────────────────
│ {dimensions: 10x10, pixelCount: 100, insets: 0, defaultPattern: 1}
├┄┄┄┄┄┄┄┄┄┄┄┄┄┄┄┄┄┄┄┄┄┄┄┄┄┄┄┄┄┄┄┄┄┄┄┄┄┄┄┄┄┄┄┄┄┄┄┄┄┄┄┄┄┄┄┄┄┄┄┄┄┄┄┄┄┄┄┄┄┄┄┄┄┄┄┄┄┄┄┄┄┄┄┄┄┄┄┄┄┄┄┄┄┄┄┄┄┄┄┄┄┄┄┄┄┄┄┄┄┄┄┄┄┄┄┄┄┄┄
│ #0   AppLogger.canvas (package:filler/core/logging.dart:59:13)
│ #1   new CanvasBloc.<anonymous closure> (package:filler/features/canvas/presentation/canvas_bloc.dart:133:19)
│ #2   <asynchronous suspension>
│ #3   Bloc.on.<anonymous closure>.handleEvent (package:bloc/src/bloc.dart:226:13)
│ #4   <asynchronous suspension>
├┄┄┄┄┄┄┄┄┄┄┄┄┄┄┄┄┄┄┄┄┄┄┄┄┄┄┄┄┄┄┄┄┄┄┄┄┄┄┄┄┄┄┄┄┄┄┄┄┄┄┄┄┄┄┄┄┄┄┄┄┄┄┄┄┄┄┄┄┄┄┄┄┄┄┄┄┄┄┄┄┄┄┄┄┄┄┄┄┄┄┄┄┄┄┄┄┄┄┄┄┄┄┄┄┄┄┄┄┄┄┄┄┄┄┄┄┄┄┄
│ 07:38:49.063 (+0:00:00.055125)
├┄┄┄┄┄┄┄┄┄┄┄┄┄┄┄┄┄┄┄┄┄┄┄┄┄┄┄┄┄┄┄┄┄┄┄┄┄┄┄┄┄┄┄┄┄┄┄┄┄┄┄┄┄┄┄┄┄┄┄┄┄┄┄┄┄┄┄┄┄┄┄┄┄┄┄┄┄┄┄┄┄┄┄┄┄┄┄┄┄┄┄┄┄┄┄┄┄┄┄┄┄┄┄┄┄┄┄┄┄┄┄┄┄┄┄┄┄┄┄
│ 🐛 🎨 Canvas: Initialized canvas
└───────────────────────────────────────────────────────────────────────────────────────────────────────────────────────
┌───────────────────────────────────────────────────────────────────────────────────────────────────────────────────────
│ #0   AppLogger.bloc (package:filler/core/logging.dart:44:13)
│ #1   new CanvasBloc.<anonymous closure> (package:filler/features/canvas/presentation/canvas_bloc.dart:156:19)
├┄┄┄┄┄┄┄┄┄┄┄┄┄┄┄┄┄┄┄┄┄┄┄┄┄┄┄┄┄┄┄┄┄┄┄┄┄┄┄┄┄┄┄┄┄┄┄┄┄┄┄┄┄┄┄┄┄┄┄┄┄┄┄┄┄┄┄┄┄┄┄┄┄┄┄┄┄┄┄┄┄┄┄┄┄┄┄┄┄┄┄┄┄┄┄┄┄┄┄┄┄┄┄┄┄┄┄┄┄┄┄┄┄┄┄┄┄┄┄
│ 07:38:49.064 (+0:00:00.057054)
├┄┄┄┄┄┄┄┄┄┄┄┄┄┄┄┄┄┄┄┄┄┄┄┄┄┄┄┄┄┄┄┄┄┄┄┄┄┄┄┄┄┄┄┄┄┄┄┄┄┄┄┄┄┄┄┄┄┄┄┄┄┄┄┄┄┄┄┄┄┄┄┄┄┄┄┄┄┄┄┄┄┄┄┄┄┄┄┄┄┄┄┄┄┄┄┄┄┄┄┄┄┄┄┄┄┄┄┄┄┄┄┄┄┄┄┄┄┄┄
│ 🐛 🔄 BLoC[Canvas]: Init Complete | loading → ready
└───────────────────────────────────────────────────────────────────────────────────────────────────────────────────────

00:02 +29 -1: /Users/mr42/code/flutter/tmp/filler/test/integration/platform_specific_test.dart: Platform-Specific Database Integration Canvas Operations Work Cross-Platform                           
00:02 +29 -1: /Users/mr42/code/flutter/tmp/filler/test/features/canvas/presentation/canvas_bloc_test.dart: CanvasBloc CanvasEvent.init stays in loading state when preferences fetch fails             
┌───────────────────────────────────────────────────────────────────────────────────────────────────────────────────────
│ #0   AppLogger.bloc (package:filler/core/logging.dart:44:13)
│ #1   new CanvasBloc (package:filler/features/canvas/presentation/canvas_bloc.dart:106:15)
├┄┄┄┄┄┄┄┄┄┄┄┄┄┄┄┄┄┄┄┄┄┄┄┄┄┄┄┄┄┄┄┄┄┄┄┄┄┄┄┄┄┄┄┄┄┄┄┄┄┄┄┄┄┄┄┄┄┄┄┄┄┄┄┄┄┄┄┄┄┄┄┄┄┄┄┄┄┄┄┄┄┄┄┄┄┄┄┄┄┄┄┄┄┄┄┄┄┄┄┄┄┄┄┄┄┄┄┄┄┄┄┄┄┄┄┄┄┄┄
│ 07:38:49.072 (+0:00:00.064772)
├┄┄┄┄┄┄┄┄┄┄┄┄┄┄┄┄┄┄┄┄┄┄┄┄┄┄┄┄┄┄┄┄┄┄┄┄┄┄┄┄┄┄┄┄┄┄┄┄┄┄┄┄┄┄┄┄┄┄┄┄┄┄┄┄┄┄┄┄┄┄┄┄┄┄┄┄┄┄┄┄┄┄┄┄┄┄┄┄┄┄┄┄┄┄┄┄┄┄┄┄┄┄┄┄┄┄┄┄┄┄┄┄┄┄┄┄┄┄┄
│ 🐛 🔄 BLoC[Canvas]: BLoC Created | null → initial
└───────────────────────────────────────────────────────────────────────────────────────────────────────────────────────
┌───────────────────────────────────────────────────────────────────────────────────────────────────────────────────────
│ #0   AppLogger.bloc (package:filler/core/logging.dart:44:13)
│ #1   new CanvasBloc.<anonymous closure> (package:filler/features/canvas/presentation/canvas_bloc.dart:108:17)
├┄┄┄┄┄┄┄┄┄┄┄┄┄┄┄┄┄┄┄┄┄┄┄┄┄┄┄┄┄┄┄┄┄┄┄┄┄┄┄┄┄┄┄┄┄┄┄┄┄┄┄┄┄┄┄┄┄┄┄┄┄┄┄┄┄┄┄┄┄┄┄┄┄┄┄┄┄┄┄┄┄┄┄┄┄┄┄┄┄┄┄┄┄┄┄┄┄┄┄┄┄┄┄┄┄┄┄┄┄┄┄┄┄┄┄┄┄┄┄
│ 07:38:49.075 (+0:00:00.067189)
├┄┄┄┄┄┄┄┄┄┄┄┄┄┄┄┄┄┄┄┄┄┄┄┄┄┄┄┄┄┄┄┄┄┄┄┄┄┄┄┄┄┄┄┄┄┄┄┄┄┄┄┄┄┄┄┄┄┄┄┄┄┄┄┄┄┄┄┄┄┄┄┄┄┄┄┄┄┄┄┄┄┄┄┄┄┄┄┄┄┄┄┄┄┄┄┄┄┄┄┄┄┄┄┄┄┄┄┄┄┄┄┄┄┄┄┄┄┄┄
│ 🐛 🔄 BLoC[Canvas]: Init Event | initial → loading
└───────────────────────────────────────────────────────────────────────────────────────────────────────────────────────
[38;5;196m┌───────────────────────────────────────────────────────────────────────────────────────────────────────────────────────[0m
[38;5;196m│ Exception: Database error[0m
[38;5;196m├┄┄┄┄┄┄┄┄┄┄┄┄┄┄┄┄┄┄┄┄┄┄┄┄┄┄┄┄┄┄┄┄┄┄┄┄┄┄┄┄┄┄┄┄┄┄┄┄┄┄┄┄┄┄┄┄┄┄┄┄┄┄┄┄┄┄┄┄┄┄┄┄┄┄┄┄┄┄┄┄┄┄┄┄┄┄┄┄┄┄┄┄┄┄┄┄┄┄┄┄┄┄┄┄┄┄┄┄┄┄┄┄┄┄┄┄┄┄┄[0m
[38;5;196m│ #0   When.thenThrow.<anonymous closure> (package:mocktail/src/mocktail.dart:249:7)[0m
[38;5;196m│ #1   Mock.noSuchMethod (package:mocktail/src/mocktail.dart:131:37)[0m
[38;5;196m│ #2   MockPreferencesRepository.get (file:///Users/mr42/code/flutter/tmp/filler/test/features/canvas/presentation/canvas_bloc_test.dart:15:7)[0m
[38;5;196m│ #3   new CanvasBloc.<anonymous closure> (package:filler/features/canvas/presentation/canvas_bloc.dart:113:31)[0m
[38;5;196m│ #4   Bloc.on.<anonymous closure>.handleEvent (package:bloc/src/bloc.dart:226:26)[0m
[38;5;196m│ #5   Bloc.on.<anonymous closure> (package:bloc/src/bloc.dart:235:9)[0m
[38;5;196m│ #6   _MapStream._handleData (dart:async/stream_pipe.dart:247:31)[0m
[38;5;196m│ #7   _ForwardingStreamSubscription._handleData (dart:async/stream_pipe.dart:184:13)[0m
[38;5;196m├┄┄┄┄┄┄┄┄┄┄┄┄┄┄┄┄┄┄┄┄┄┄┄┄┄┄┄┄┄┄┄┄┄┄┄┄┄┄┄┄┄┄┄┄┄┄┄┄┄┄┄┄┄┄┄┄┄┄┄┄┄┄┄┄┄┄┄┄┄┄┄┄┄┄┄┄┄┄┄┄┄┄┄┄┄┄┄┄┄┄┄┄┄┄┄┄┄┄┄┄┄┄┄┄┄┄┄┄┄┄┄┄┄┄┄┄┄┄┄[0m
[38;5;196m│ 07:38:49.076 (+0:00:00.068274)[0m
[38;5;196m├┄┄┄┄┄┄┄┄┄┄┄┄┄┄┄┄┄┄┄┄┄┄┄┄┄┄┄┄┄┄┄┄┄┄┄┄┄┄┄┄┄┄┄┄┄┄┄┄┄┄┄┄┄┄┄┄┄┄┄┄┄┄┄┄┄┄┄┄┄┄┄┄┄┄┄┄┄┄┄┄┄┄┄┄┄┄┄┄┄┄┄┄┄┄┄┄┄┄┄┄┄┄┄┄┄┄┄┄┄┄┄┄┄┄┄┄┄┄┄[0m
[38;5;196m│ ⛔ ❌ Error: Failed to initialize canvas[0m
[38;5;196m└───────────────────────────────────────────────────────────────────────────────────────────────────────────────────────[0m

00:02 +30 -1: /Users/mr42/code/flutter/tmp/filler/test/integration/platform_specific_test.dart: Platform-Specific Database Integration Canvas Operations Work Cross-Platform                           
00:02 +30 -1: /Users/mr42/code/flutter/tmp/filler/test/features/canvas/presentation/canvas_bloc_test.dart: CanvasBloc CanvasEvent.setActiveColor updates active color when canvas is ready             
┌───────────────────────────────────────────────────────────────────────────────────────────────────────────────────────
│ #0   AppLogger.bloc (package:filler/core/logging.dart:44:13)
│ #1   new CanvasBloc (package:filler/features/canvas/presentation/canvas_bloc.dart:106:15)
├┄┄┄┄┄┄┄┄┄┄┄┄┄┄┄┄┄┄┄┄┄┄┄┄┄┄┄┄┄┄┄┄┄┄┄┄┄┄┄┄┄┄┄┄┄┄┄┄┄┄┄┄┄┄┄┄┄┄┄┄┄┄┄┄┄┄┄┄┄┄┄┄┄┄┄┄┄┄┄┄┄┄┄┄┄┄┄┄┄┄┄┄┄┄┄┄┄┄┄┄┄┄┄┄┄┄┄┄┄┄┄┄┄┄┄┄┄┄┄
│ 07:38:49.080 (+0:00:00.072249)
├┄┄┄┄┄┄┄┄┄┄┄┄┄┄┄┄┄┄┄┄┄┄┄┄┄┄┄┄┄┄┄┄┄┄┄┄┄┄┄┄┄┄┄┄┄┄┄┄┄┄┄┄┄┄┄┄┄┄┄┄┄┄┄┄┄┄┄┄┄┄┄┄┄┄┄┄┄┄┄┄┄┄┄┄┄┄┄┄┄┄┄┄┄┄┄┄┄┄┄┄┄┄┄┄┄┄┄┄┄┄┄┄┄┄┄┄┄┄┄
│ 🐛 🔄 BLoC[Canvas]: BLoC Created | null → initial
└───────────────────────────────────────────────────────────────────────────────────────────────────────────────────────
┌───────────────────────────────────────────────────────────────────────────────────────────────────────────────────────
│ {from: 1, to: 4293212469}
├┄┄┄┄┄┄┄┄┄┄┄┄┄┄┄┄┄┄┄┄┄┄┄┄┄┄┄┄┄┄┄┄┄┄┄┄┄┄┄┄┄┄┄┄┄┄┄┄┄┄┄┄┄┄┄┄┄┄┄┄┄┄┄┄┄┄┄┄┄┄┄┄┄┄┄┄┄┄┄┄┄┄┄┄┄┄┄┄┄┄┄┄┄┄┄┄┄┄┄┄┄┄┄┄┄┄┄┄┄┄┄┄┄┄┄┄┄┄┄
│ #0   AppLogger.canvas (package:filler/core/logging.dart:59:13)
│ #1   new CanvasBloc.<anonymous closure>.<anonymous closure> (package:filler/features/canvas/presentation/canvas_bloc.dart:228:25)
│ #2   _$ReadyImpl.maybeWhen (package:filler/features/canvas/presentation/canvas_bloc.freezed.dart:2714:19)
│ #3   new CanvasBloc.<anonymous closure> (package:filler/features/canvas/presentation/canvas_bloc.dart:215:13)
│ #4   Bloc.on.<anonymous closure>.handleEvent (package:bloc/src/bloc.dart:226:26)
│ #5   Bloc.on.<anonymous closure> (package:bloc/src/bloc.dart:235:9)
│ #6   _MapStream._handleData (dart:async/stream_pipe.dart:247:31)
│ #7   _ForwardingStreamSubscription._handleData (dart:async/stream_pipe.dart:184:13)
├┄┄┄┄┄┄┄┄┄┄┄┄┄┄┄┄┄┄┄┄┄┄┄┄┄┄┄┄┄┄┄┄┄┄┄┄┄┄┄┄┄┄┄┄┄┄┄┄┄┄┄┄┄┄┄┄┄┄┄┄┄┄┄┄┄┄┄┄┄┄┄┄┄┄┄┄┄┄┄┄┄┄┄┄┄┄┄┄┄┄┄┄┄┄┄┄┄┄┄┄┄┄┄┄┄┄┄┄┄┄┄┄┄┄┄┄┄┄┄
│ 07:38:49.083 (+0:00:00.075297)
├┄┄┄┄┄┄┄┄┄┄┄┄┄┄┄┄┄┄┄┄┄┄┄┄┄┄┄┄┄┄┄┄┄┄┄┄┄┄┄┄┄┄┄┄┄┄┄┄┄┄┄┄┄┄┄┄┄┄┄┄┄┄┄┄┄┄┄┄┄┄┄┄┄┄┄┄┄┄┄┄┄┄┄┄┄┄┄┄┄┄┄┄┄┄┄┄┄┄┄┄┄┄┄┄┄┄┄┄┄┄┄┄┄┄┄┄┄┄┄
│ 🐛 🎨 Canvas: Active color changed
└───────────────────────────────────────────────────────────────────────────────────────────────────────────────────────

00:03 +30 -1: /Users/mr42/code/flutter/tmp/filler/test/integration/platform_specific_test.dart: Platform-Specific Database Integration Canvas Operations Work Cross-Platform                           
┌───────────────────────────────────────────────────────────────────────────────────────────────────────────────────────
│ {title: Platform Test Canvas, currentState: _$ReadyImpl}
├┄┄┄┄┄┄┄┄┄┄┄┄┄┄┄┄┄┄┄┄┄┄┄┄┄┄┄┄┄┄┄┄┄┄┄┄┄┄┄┄┄┄┄┄┄┄┄┄┄┄┄┄┄┄┄┄┄┄┄┄┄┄┄┄┄┄┄┄┄┄┄┄┄┄┄┄┄┄┄┄┄┄┄┄┄┄┄┄┄┄┄┄┄┄┄┄┄┄┄┄┄┄┄┄┄┄┄┄┄┄┄┄┄┄┄┄┄┄┄
│ #0   AppLogger.canvas (package:filler/core/logging.dart:59:13)
│ #1   new CanvasBloc.<anonymous closure> (package:filler/features/canvas/presentation/canvas_bloc.dart:304:17)
│ #2   Bloc.on.<anonymous closure>.handleEvent (package:bloc/src/bloc.dart:226:26)
│ #3   Bloc.on.<anonymous closure> (package:bloc/src/bloc.dart:235:9)
│ #4   _MapStream._handleData (dart:async/stream_pipe.dart:247:31)
│ #5   _ForwardingStreamSubscription._handleData (dart:async/stream_pipe.dart:184:13)
│ #6   StackZoneSpecification._registerUnaryCallback.<anonymous closure>.<anonymous closure> (package:stack_trace/src/stack_zone_specification.dart:127:36)
│ #7   StackZoneSpecification._run (package:stack_trace/src/stack_zone_specification.dart:207:15)
├┄┄┄┄┄┄┄┄┄┄┄┄┄┄┄┄┄┄┄┄┄┄┄┄┄┄┄┄┄┄┄┄┄┄┄┄┄┄┄┄┄┄┄┄┄┄┄┄┄┄┄┄┄┄┄┄┄┄┄┄┄┄┄┄┄┄┄┄┄┄┄┄┄┄┄┄┄┄┄┄┄┄┄┄┄┄┄┄┄┄┄┄┄┄┄┄┄┄┄┄┄┄┄┄┄┄┄┄┄┄┄┄┄┄┄┄┄┄┄
│ 07:38:49.090 (+0:00:01.495002)
├┄┄┄┄┄┄┄┄┄┄┄┄┄┄┄┄┄┄┄┄┄┄┄┄┄┄┄┄┄┄┄┄┄┄┄┄┄┄┄┄┄┄┄┄┄┄┄┄┄┄┄┄┄┄┄┄┄┄┄┄┄┄┄┄┄┄┄┄┄┄┄┄┄┄┄┄┄┄┄┄┄┄┄┄┄┄┄┄┄┄┄┄┄┄┄┄┄┄┄┄┄┄┄┄┄┄┄┄┄┄┄┄┄┄┄┄┄┄┄
│ 🐛 🎨 Canvas: Save requested
└───────────────────────────────────────────────────────────────────────────────────────────────────────────────────────
┌───────────────────────────────────────────────────────────────────────────────────────────────────────────────────────
│ {title: Platform Test Canvas, dimensions: 10x10, insets: 0, pixelCount: 100}
├┄┄┄┄┄┄┄┄┄┄┄┄┄┄┄┄┄┄┄┄┄┄┄┄┄┄┄┄┄┄┄┄┄┄┄┄┄┄┄┄┄┄┄┄┄┄┄┄┄┄┄┄┄┄┄┄┄┄┄┄┄┄┄┄┄┄┄┄┄┄┄┄┄┄┄┄┄┄┄┄┄┄┄┄┄┄┄┄┄┄┄┄┄┄┄┄┄┄┄┄┄┄┄┄┄┄┄┄┄┄┄┄┄┄┄┄┄┄┄
│ #0   AppLogger.canvas (package:filler/core/logging.dart:59:13)
│ #1   new CanvasBloc.<anonymous closure>.<anonymous closure> (package:filler/features/canvas/presentation/canvas_bloc.dart:342:27)
│ #2   _$ReadyImpl.maybeWhen (package:filler/features/canvas/presentation/canvas_bloc.freezed.dart:2714:19)
│ #3   new CanvasBloc.<anonymous closure> (package:filler/features/canvas/presentation/canvas_bloc.dart:312:19)
│ #4   Bloc.on.<anonymous closure>.handleEvent (package:bloc/src/bloc.dart:226:26)
│ #5   Bloc.on.<anonymous closure> (package:bloc/src/bloc.dart:235:9)
│ #6   _MapStream._handleData (dart:async/stream_pipe.dart:247:31)
│ #7   _ForwardingStreamSubscription._handleData (dart:async/stream_pipe.dart:184:13)
├┄┄┄┄┄┄┄┄┄┄┄┄┄┄┄┄┄┄┄┄┄┄┄┄┄┄┄┄┄┄┄┄┄┄┄┄┄┄┄┄┄┄┄┄┄┄┄┄┄┄┄┄┄┄┄┄┄┄┄┄┄┄┄┄┄┄┄┄┄┄┄┄┄┄┄┄┄┄┄┄┄┄┄┄┄┄┄┄┄┄┄┄┄┄┄┄┄┄┄┄┄┄┄┄┄┄┄┄┄┄┄┄┄┄┄┄┄┄┄
│ 07:38:49.092 (+0:00:01.496861)
├┄┄┄┄┄┄┄┄┄┄┄┄┄┄┄┄┄┄┄┄┄┄┄┄┄┄┄┄┄┄┄┄┄┄┄┄┄┄┄┄┄┄┄┄┄┄┄┄┄┄┄┄┄┄┄┄┄┄┄┄┄┄┄┄┄┄┄┄┄┄┄┄┄┄┄┄┄┄┄┄┄┄┄┄┄┄┄┄┄┄┄┄┄┄┄┄┄┄┄┄┄┄┄┄┄┄┄┄┄┄┄┄┄┄┄┄┄┄┄
│ 🐛 🎨 Canvas: Saving canvas to database
└───────────────────────────────────────────────────────────────────────────────────────────────────────────────────────
┌───────────────────────────────────────────────────────────────────────────────────────────────────────────────────────
│ {title: Platform Test Canvas, dimensions: 10x10, pixelCount: 100}

00:03 +30 -2: /Users/mr42/code/flutter/tmp/filler/test/integration/platform_specific_test.dart: Platform-Specific Database Integration Canvas Operations Work Cross-Platform                           
├┄┄┄┄┄┄┄┄┄┄┄┄┄┄┄┄┄┄┄┄┄┄┄┄┄┄┄┄┄┄┄┄┄┄┄┄┄┄┄┄┄┄┄┄┄┄┄┄┄┄┄┄┄┄┄┄┄┄┄┄┄┄┄┄┄┄┄┄┄┄┄┄┄┄┄┄┄┄┄┄┄┄┄┄┄┄┄┄┄┄┄┄┄┄┄┄┄┄┄┄┄┄┄┄┄┄┄┄┄┄┄┄┄┄┄┄┄┄┄
│ #0   AppLogger.database (package:filler/core/logging.dart:49:13)
│ #1   CanvasRepository.addModel (package:filler/domain/repositories.dart:331:15)
│ #2   new CanvasBloc.<anonymous closure>.<anonymous closure> (package:filler/features/canvas/presentation/canvas_bloc.dart:352:45)
│ #3   _$ReadyImpl.maybeWhen (package:filler/features/canvas/presentation/canvas_bloc.freezed.dart:2714:19)
│ #4   new CanvasBloc.<anonymous closure> (package:filler/features/canvas/presentation/canvas_bloc.dart:312:19)
│ #5   Bloc.on.<anonymous closure>.handleEvent (package:bloc/src/bloc.dart:226:26)
│ #6   Bloc.on.<anonymous closure> (package:bloc/src/bloc.dart:235:9)
│ #7   _MapStream._handleData (dart:async/stream_pipe.dart:247:31)
├┄┄┄┄┄┄┄┄┄┄┄┄┄┄┄┄┄┄┄┄┄┄┄┄┄┄┄┄┄┄┄┄┄┄┄┄┄┄┄┄┄┄┄┄┄┄┄┄┄┄┄┄┄┄┄┄┄┄┄┄┄┄┄┄┄┄┄┄┄┄┄┄┄┄┄┄┄┄┄┄┄┄┄┄┄┄┄┄┄┄┄┄┄┄┄┄┄┄┄┄┄┄┄┄┄┄┄┄┄┄┄┄┄┄┄┄┄┄┄
│ 07:38:49.094 (+0:00:01.498602)
├┄┄┄┄┄┄┄┄┄┄┄┄┄┄┄┄┄┄┄┄┄┄┄┄┄┄┄┄┄┄┄┄┄┄┄┄┄┄┄┄┄┄┄┄┄┄┄┄┄┄┄┄┄┄┄┄┄┄┄┄┄┄┄┄┄┄┄┄┄┄┄┄┄┄┄┄┄┄┄┄┄┄┄┄┄┄┄┄┄┄┄┄┄┄┄┄┄┄┄┄┄┄┄┄┄┄┄┄┄┄┄┄┄┄┄┄┄┄┄
│ 🐛 💾 Database: Creating new canvas from model
└───────────────────────────────────────────────────────────────────────────────────────────────────────────────────────
┌───────────────────────────────────────────────────────────────────────────────────────────────────────────────────────
│ {title: Platform Test Canvas, dimensions: 10x10}
├┄┄┄┄┄┄┄┄┄┄┄┄┄┄┄┄┄┄┄┄┄┄┄┄┄┄┄┄┄┄┄┄┄┄┄┄┄┄┄┄┄┄┄┄┄┄┄┄┄┄┄┄┄┄┄┄┄┄┄┄┄┄┄┄┄┄┄┄┄┄┄┄┄┄┄┄┄┄┄┄┄┄┄┄┄┄┄┄┄┄┄┄┄┄┄┄┄┄┄┄┄┄┄┄┄┄┄┄┄┄┄┄┄┄┄┄┄┄┄
│ #0   AppLogger.database (package:filler/core/logging.dart:49:13)
│ #1   AppDatabase.insertCanvas (package:filler/data/database.dart:225:15)
│ #2   CanvasRepository.addModel (package:filler/domain/repositories.dart:343:34)
│ #3   new CanvasBloc.<anonymous closure>.<anonymous closure> (package:filler/features/canvas/presentation/canvas_bloc.dart:352:45)
│ #4   _$ReadyImpl.maybeWhen (package:filler/features/canvas/presentation/canvas_bloc.freezed.dart:2714:19)
│ #5   new CanvasBloc.<anonymous closure> (package:filler/features/canvas/presentation/canvas_bloc.dart:312:19)
│ #6   Bloc.on.<anonymous closure>.handleEvent (package:bloc/src/bloc.dart:226:26)
│ #7   Bloc.on.<anonymous closure> (package:bloc/src/bloc.dart:235:9)
├┄┄┄┄┄┄┄┄┄┄┄┄┄┄┄┄┄┄┄┄┄┄┄┄┄┄┄┄┄┄┄┄┄┄┄┄┄┄┄┄┄┄┄┄┄┄┄┄┄┄┄┄┄┄┄┄┄┄┄┄┄┄┄┄┄┄┄┄┄┄┄┄┄┄┄┄┄┄┄┄┄┄┄┄┄┄┄┄┄┄┄┄┄┄┄┄┄┄┄┄┄┄┄┄┄┄┄┄┄┄┄┄┄┄┄┄┄┄┄
│ 07:38:49.097 (+0:00:01.501576)
├┄┄┄┄┄┄┄┄┄┄┄┄┄┄┄┄┄┄┄┄┄┄┄┄┄┄┄┄┄┄┄┄┄┄┄┄┄┄┄┄┄┄┄┄┄┄┄┄┄┄┄┄┄┄┄┄┄┄┄┄┄┄┄┄┄┄┄┄┄┄┄┄┄┄┄┄┄┄┄┄┄┄┄┄┄┄┄┄┄┄┄┄┄┄┄┄┄┄┄┄┄┄┄┄┄┄┄┄┄┄┄┄┄┄┄┄┄┄┄
│ 🐛 💾 Database: Inserting canvas
└───────────────────────────────────────────────────────────────────────────────────────────────────────────────────────
┌───────────────────────────────────────────────────────────────────────────────────────────────────────────────────────
│ {id: 1}
├┄┄┄┄┄┄┄┄┄┄┄┄┄┄┄┄┄┄┄┄┄┄┄┄┄┄┄┄┄┄┄┄┄┄┄┄┄┄┄┄┄┄┄┄┄┄┄┄┄┄┄┄┄┄┄┄┄┄┄┄┄┄┄┄┄┄┄┄┄┄┄┄┄┄┄┄┄┄┄┄┄┄┄┄┄┄┄┄┄┄┄┄┄┄┄┄┄┄┄┄┄┄┄┄┄┄┄┄┄┄┄┄┄┄┄┄┄┄┄
│ #0   AppLogger.database (package:filler/core/logging.dart:49:13)
│ #1   AppDatabase.insertCanvas (package:filler/data/database.dart:234:17)
│ #2   <asynchronous suspension>
│ #3   CanvasRepository.addModel (package:filler/domain/repositories.dart:343:24)
│ #4   <asynchronous suspension>
│ #5   new CanvasBloc.<anonymous closure>.<anonymous closure> (package:filler/features/canvas/presentation/canvas_bloc.dart:352:34)
│ #6   <asynchronous suspension>
│ #7   new CanvasBloc.<anonymous closure> (package:filler/features/canvas/presentation/canvas_bloc.dart:312:7)
├┄┄┄┄┄┄┄┄┄┄┄┄┄┄┄┄┄┄┄┄┄┄┄┄┄┄┄┄┄┄┄┄┄┄┄┄┄┄┄┄┄┄┄┄┄┄┄┄┄┄┄┄┄┄┄┄┄┄┄┄┄┄┄┄┄┄┄┄┄┄┄┄┄┄┄┄┄┄┄┄┄┄┄┄┄┄┄┄┄┄┄┄┄┄┄┄┄┄┄┄┄┄┄┄┄┄┄┄┄┄┄┄┄┄┄┄┄┄┄
│ 07:38:49.099 (+0:00:01.503874)
├┄┄┄┄┄┄┄┄┄┄┄┄┄┄┄┄┄┄┄┄┄┄┄┄┄┄┄┄┄┄┄┄┄┄┄┄┄┄┄┄┄┄┄┄┄┄┄┄┄┄┄┄┄┄┄┄┄┄┄┄┄┄┄┄┄┄┄┄┄┄┄┄┄┄┄┄┄┄┄┄┄┄┄┄┄┄┄┄┄┄┄┄┄┄┄┄┄┄┄┄┄┄┄┄┄┄┄┄┄┄┄┄┄┄┄┄┄┄┄
│ 🐛 💾 Database: Canvas inserted with ID
└───────────────────────────────────────────────────────────────────────────────────────────────────────────────────────
┌───────────────────────────────────────────────────────────────────────────────────────────────────────────────────────
│ {id: 1, title: Platform Test Canvas, insertTime: 5ms}
├┄┄┄┄┄┄┄┄┄┄┄┄┄┄┄┄┄┄┄┄┄┄┄┄┄┄┄┄┄┄┄┄┄┄┄┄┄┄┄┄┄┄┄┄┄┄┄┄┄┄┄┄┄┄┄┄┄┄┄┄┄┄┄┄┄┄┄┄┄┄┄┄┄┄┄┄┄┄┄┄┄┄┄┄┄┄┄┄┄┄┄┄┄┄┄┄┄┄┄┄┄┄┄┄┄┄┄┄┄┄┄┄┄┄┄┄┄┄┄
│ #0   AppLogger.database (package:filler/core/logging.dart:49:13)
│ #1   CanvasRepository.addModel (package:filler/domain/repositories.dart:346:17)
│ #2   <asynchronous suspension>
│ #3   new CanvasBloc.<anonymous closure>.<anonymous closure> (package:filler/features/canvas/presentation/canvas_bloc.dart:352:34)
│ #4   <asynchronous suspension>
│ #5   new CanvasBloc.<anonymous closure> (package:filler/features/canvas/presentation/canvas_bloc.dart:312:7)
│ #6   <asynchronous suspension>
│ #7   Bloc.on.<anonymous closure>.handleEvent (package:bloc/src/bloc.dart:226:13)
├┄┄┄┄┄┄┄┄┄┄┄┄┄┄┄┄┄┄┄┄┄┄┄┄┄┄┄┄┄┄┄┄┄┄┄┄┄┄┄┄┄┄┄┄┄┄┄┄┄┄┄┄┄┄┄┄┄┄┄┄┄┄┄┄┄┄┄┄┄┄┄┄┄┄┄┄┄┄┄┄┄┄┄┄┄┄┄┄┄┄┄┄┄┄┄┄┄┄┄┄┄┄┄┄┄┄┄┄┄┄┄┄┄┄┄┄┄┄┄
│ 07:38:49.100 (+0:00:01.505277)
├┄┄┄┄┄┄┄┄┄┄┄┄┄┄┄┄┄┄┄┄┄┄┄┄┄┄┄┄┄┄┄┄┄┄┄┄┄┄┄┄┄┄┄┄┄┄┄┄┄┄┄┄┄┄┄┄┄┄┄┄┄┄┄┄┄┄┄┄┄┄┄┄┄┄┄┄┄┄┄┄┄┄┄┄┄┄┄┄┄┄┄┄┄┄┄┄┄┄┄┄┄┄┄┄┄┄┄┄┄┄┄┄┄┄┄┄┄┄┄
│ 🐛 💾 Database: Canvas model created successfully
└───────────────────────────────────────────────────────────────────────────────────────────────────────────────────────
[38;5;12m┌───────────────────────────────────────────────────────────────────────────────────────────────────────────────────────[0m
[38;5;12m│ {canvasId: 1, title: Platform Test Canvas}[0m
[38;5;12m├┄┄┄┄┄┄┄┄┄┄┄┄┄┄┄┄┄┄┄┄┄┄┄┄┄┄┄┄┄┄┄┄┄┄┄┄┄┄┄┄┄┄┄┄┄┄┄┄┄┄┄┄┄┄┄┄┄┄┄┄┄┄┄┄┄┄┄┄┄┄┄┄┄┄┄┄┄┄┄┄┄┄┄┄┄┄┄┄┄┄┄┄┄┄┄┄┄┄┄┄┄┄┄┄┄┄┄┄┄┄┄┄┄┄┄┄┄┄┄[0m
[38;5;12m│ #0   AppLogger.performance (package:filler/core/logging.dart:131:13)[0m
[38;5;12m│ #1   new CanvasBloc.<anonymous closure>.<anonymous closure> (package:filler/features/canvas/presentation/canvas_bloc.dart:355:27)[0m
[38;5;12m│ #2   <asynchronous suspension>[0m
[38;5;12m│ #3   new CanvasBloc.<anonymous closure> (package:filler/features/canvas/presentation/canvas_bloc.dart:312:7)[0m
[38;5;12m│ #4   <asynchronous suspension>[0m
[38;5;12m│ #5   Bloc.on.<anonymous closure>.handleEvent (package:bloc/src/bloc.dart:226:13)[0m
[38;5;12m│ #6   <asynchronous suspension>[0m
[38;5;12m├┄┄┄┄┄┄┄┄┄┄┄┄┄┄┄┄┄┄┄┄┄┄┄┄┄┄┄┄┄┄┄┄┄┄┄┄┄┄┄┄┄┄┄┄┄┄┄┄┄┄┄┄┄┄┄┄┄┄┄┄┄┄┄┄┄┄┄┄┄┄┄┄┄┄┄┄┄┄┄┄┄┄┄┄┄┄┄┄┄┄┄┄┄┄┄┄┄┄┄┄┄┄┄┄┄┄┄┄┄┄┄┄┄┄┄┄┄┄┄[0m
[38;5;12m│ 07:38:49.102 (+0:00:01.506887)[0m
[38;5;12m├┄┄┄┄┄┄┄┄┄┄┄┄┄┄┄┄┄┄┄┄┄┄┄┄┄┄┄┄┄┄┄┄┄┄┄┄┄┄┄┄┄┄┄┄┄┄┄┄┄┄┄┄┄┄┄┄┄┄┄┄┄┄┄┄┄┄┄┄┄┄┄┄┄┄┄┄┄┄┄┄┄┄┄┄┄┄┄┄┄┄┄┄┄┄┄┄┄┄┄┄┄┄┄┄┄┄┄┄┄┄┄┄┄┄┄┄┄┄┄[0m
[38;5;12m│ 💡 ⏱️ Performance: Canvas save took 10ms[0m
[38;5;12m└───────────────────────────────────────────────────────────────────────────────────────────────────────────────────────[0m
┌───────────────────────────────────────────────────────────────────────────────────────────────────────────────────────
│ {id: 1, title: Platform Test Canvas}
├┄┄┄┄┄┄┄┄┄┄┄┄┄┄┄┄┄┄┄┄┄┄┄┄┄┄┄┄┄┄┄┄┄┄┄┄┄┄┄┄┄┄┄┄┄┄┄┄┄┄┄┄┄┄┄┄┄┄┄┄┄┄┄┄┄┄┄┄┄┄┄┄┄┄┄┄┄┄┄┄┄┄┄┄┄┄┄┄┄┄┄┄┄┄┄┄┄┄┄┄┄┄┄┄┄┄┄┄┄┄┄┄┄┄┄┄┄┄┄
│ #0   AppLogger.canvas (package:filler/core/logging.dart:59:13)
│ #1   new CanvasBloc.<anonymous closure>.<anonymous closure> (package:filler/features/canvas/presentation/canvas_bloc.dart:361:27)
│ #2   <asynchronous suspension>
│ #3   new CanvasBloc.<anonymous closure> (package:filler/features/canvas/presentation/canvas_bloc.dart:312:7)
│ #4   <asynchronous suspension>
│ #5   Bloc.on.<anonymous closure>.handleEvent (package:bloc/src/bloc.dart:226:13)
│ #6   <asynchronous suspension>
├┄┄┄┄┄┄┄┄┄┄┄┄┄┄┄┄┄┄┄┄┄┄┄┄┄┄┄┄┄┄┄┄┄┄┄┄┄┄┄┄┄┄┄┄┄┄┄┄┄┄┄┄┄┄┄┄┄┄┄┄┄┄┄┄┄┄┄┄┄┄┄┄┄┄┄┄┄┄┄┄┄┄┄┄┄┄┄┄┄┄┄┄┄┄┄┄┄┄┄┄┄┄┄┄┄┄┄┄┄┄┄┄┄┄┄┄┄┄┄
│ 07:38:49.103 (+0:00:01.508265)
├┄┄┄┄┄┄┄┄┄┄┄┄┄┄┄┄┄┄┄┄┄┄┄┄┄┄┄┄┄┄┄┄┄┄┄┄┄┄┄┄┄┄┄┄┄┄┄┄┄┄┄┄┄┄┄┄┄┄┄┄┄┄┄┄┄┄┄┄┄┄┄┄┄┄┄┄┄┄┄┄┄┄┄┄┄┄┄┄┄┄┄┄┄┄┄┄┄┄┄┄┄┄┄┄┄┄┄┄┄┄┄┄┄┄┄┄┄┄┄
│ 🐛 🎨 Canvas: Canvas saved successfully
└───────────────────────────────────────────────────────────────────────────────────────────────────────────────────────

00:03 +30 -2: /Users/mr42/code/flutter/tmp/filler/test/features/canvas/presentation/canvas_bloc_test.dart: CanvasBloc CanvasEvent.setActiveColor updates active color when canvas is ready [E]         
  Expected: [
              _$ReadyImpl:CanvasState.ready(width: 2, height: 2, insets: 0, activeColor: 2, patternRotation: 0.0, customPattern: null, pixels: [PixelData(pattern: 1, rotation: 0.0), PixelData(pattern: 1, rotation: 0.0), PixelData(pattern: 1, rotation: 0.0), PixelData(pattern: 1, rotation: 0.0)], patternPaintColor: Color(alpha: 1.0000, red: 0.0000, green: 0.0000, blue: 0.0000, colorSpace: ColorSpace.sRGB), canvasBackgroundColor: Color(alpha: 1.0000, red: 1.0000, green: 1.0000, blue: 1.0000, colorSpace: ColorSpace.sRGB))
            ]
    Actual: [
              _$ReadyImpl:CanvasState.ready(width: 2, height: 2, insets: 0, activeColor: 4293212469, patternRotation: 0.0, customPattern: null, pixels: [PixelData(pattern: 1, rotation: 0.0), PixelData(pattern: 1, rotation: 0.0), PixelData(pattern: 1, rotation: 0.0), PixelData(pattern: 1, rotation: 0.0)], patternPaintColor: Color(alpha: 1.0000, red: 0.0000, green: 0.0000, blue: 0.0000, colorSpace: ColorSpace.sRGB), canvasBackgroundColor: Color(alpha: 1.0000, red: 1.0000, green: 1.0000, blue: 1.0000, colorSpace: ColorSpace.sRGB))
            ]
     Which: at location [0] is _$ReadyImpl:<CanvasState.ready(width: 2, height: 2, insets: 0, activeColor: 4293212469, patternRotation: 0.0, customPattern: null, pixels: [PixelData(pattern: 1, rotation: 0.0), PixelData(pattern: 1, rotation: 0.0), PixelData(pattern: 1, rotation: 0.0), PixelData(pattern: 1, rotation: 0.0)], patternPaintColor: Color(alpha: 1.0000, red: 0.0000, green: 0.0000, blue: 0.0000, colorSpace: ColorSpace.sRGB), canvasBackgroundColor: Color(alpha: 1.0000, red: 1.0000, green: 1.0000, blue: 1.0000, colorSpace: ColorSpace.sRGB))> instead of _$ReadyImpl:<CanvasState.ready(width: 2, height: 2, insets: 0, activeColor: 2, patternRotation: 0.0, customPattern: null, pixels: [PixelData(pattern: 1, rotation: 0.0), PixelData(pattern: 1, rotation: 0.0), PixelData(pattern: 1, rotation: 0.0), PixelData(pattern: 1, rotation: 0.0)], patternPaintColor: Color(alpha: 1.0000, red: 0.0000, green: 0.0000, blue: 0.0000, colorSpace: ColorSpace.sRGB), canvasBackgroundColor: Color(alpha: 1.0000, red: 1.0000, green: 1.0000, blue: 1.0000, colorSpace: ColorSpace.sRGB))>
  
  ==== diff ========================================
  
  [90m[CanvasState.ready(width: 2, height: 2, insets: 0, activeColor: [0m[32m{+4+}[0m[90m2[0m[32m{+93212469+}[0m[90m, patternRotation: 0.0, customPattern: null, pixels: [PixelData(pattern: 1, rotation: 0.0), PixelData(pattern: 1, rotation: 0.0), PixelData(pattern: 1, rotation: 0.0), PixelData(pattern: 1, rotation: 0.0)], patternPaintColor: Color(alpha: 1.0000, red: 0.0000, green: 0.0000, blue: 0.0000, colorSpace: ColorSpace.sRGB), canvasBackgroundColor: Color(alpha: 1.0000, red: 1.0000, green: 1.0000, blue: 1.0000, colorSpace: ColorSpace.sRGB))][0m
  
  ==== end diff ====================================
  
  package:bloc_test/src/bloc_test.dart 224:11  testBloc.<fn>
  ===== asynchronous gap ===========================
  dart:async                                   _Completer.completeError
  package:bloc_test/src/bloc_test.dart 255:43  _runZonedGuarded.<fn>
  ===== asynchronous gap ===========================
  dart:async                                   _CustomZone.registerBinaryCallback
  package:bloc_test/src/bloc_test.dart 252:5   _runZonedGuarded.<fn>
  dart:async                                   runZonedGuarded
  package:bloc_test/src/bloc_test.dart 251:3   _runZonedGuarded
  package:bloc_test/src/bloc_test.dart 198:11  testBloc
  package:bloc_test/src/bloc_test.dart 156:13  blocTest.<fn>
  

To run this test again: /Users/mr42/bin/flutter/bin/cache/dart-sdk/bin/dart test /Users/mr42/code/flutter/tmp/filler/test/features/canvas/presentation/canvas_bloc_test.dart -p vm --plain-name 'CanvasBloc CanvasEvent.setActiveColor updates active color when canvas is ready'

00:03 +30 -2: /Users/mr42/code/flutter/tmp/filler/test/features/canvas/presentation/canvas_bloc_test.dart: CanvasBloc CanvasEvent.setActiveColor ignores color change when canvas not ready            
┌───────────────────────────────────────────────────────────────────────────────────────────────────────────────────────
│ #0   AppLogger.bloc (package:filler/core/logging.dart:44:13)
│ #1   new CanvasBloc (package:filler/features/canvas/presentation/canvas_bloc.dart:106:15)
├┄┄┄┄┄┄┄┄┄┄┄┄┄┄┄┄┄┄┄┄┄┄┄┄┄┄┄┄┄┄┄┄┄┄┄┄┄┄┄┄┄┄┄┄┄┄┄┄┄┄┄┄┄┄┄┄┄┄┄┄┄┄┄┄┄┄┄┄┄┄┄┄┄┄┄┄┄┄┄┄┄┄┄┄┄┄┄┄┄┄┄┄┄┄┄┄┄┄┄┄┄┄┄┄┄┄┄┄┄┄┄┄┄┄┄┄┄┄┄
│ 07:38:49.122 (+0:00:00.114325)
├┄┄┄┄┄┄┄┄┄┄┄┄┄┄┄┄┄┄┄┄┄┄┄┄┄┄┄┄┄┄┄┄┄┄┄┄┄┄┄┄┄┄┄┄┄┄┄┄┄┄┄┄┄┄┄┄┄┄┄┄┄┄┄┄┄┄┄┄┄┄┄┄┄┄┄┄┄┄┄┄┄┄┄┄┄┄┄┄┄┄┄┄┄┄┄┄┄┄┄┄┄┄┄┄┄┄┄┄┄┄┄┄┄┄┄┄┄┄┄
│ 🐛 🔄 BLoC[Canvas]: BLoC Created | null → initial
└───────────────────────────────────────────────────────────────────────────────────────────────────────────────────────

00:03 +31 -2: /Users/mr42/code/flutter/tmp/filler/test/integration/platform_specific_test.dart: Platform-Specific Database Integration Canvas Operations Work Cross-Platform                           
00:03 +31 -2: /Users/mr42/code/flutter/tmp/filler/test/features/canvas/presentation/canvas_bloc_test.dart: CanvasBloc CanvasEvent.paint paints pixel at valid index                                    
┌───────────────────────────────────────────────────────────────────────────────────────────────────────────────────────
│ #0   AppLogger.bloc (package:filler/core/logging.dart:44:13)
│ #1   new CanvasBloc (package:filler/features/canvas/presentation/canvas_bloc.dart:106:15)
├┄┄┄┄┄┄┄┄┄┄┄┄┄┄┄┄┄┄┄┄┄┄┄┄┄┄┄┄┄┄┄┄┄┄┄┄┄┄┄┄┄┄┄┄┄┄┄┄┄┄┄┄┄┄┄┄┄┄┄┄┄┄┄┄┄┄┄┄┄┄┄┄┄┄┄┄┄┄┄┄┄┄┄┄┄┄┄┄┄┄┄┄┄┄┄┄┄┄┄┄┄┄┄┄┄┄┄┄┄┄┄┄┄┄┄┄┄┄┄
│ 07:38:49.127 (+0:00:00.119313)
├┄┄┄┄┄┄┄┄┄┄┄┄┄┄┄┄┄┄┄┄┄┄┄┄┄┄┄┄┄┄┄┄┄┄┄┄┄┄┄┄┄┄┄┄┄┄┄┄┄┄┄┄┄┄┄┄┄┄┄┄┄┄┄┄┄┄┄┄┄┄┄┄┄┄┄┄┄┄┄┄┄┄┄┄┄┄┄┄┄┄┄┄┄┄┄┄┄┄┄┄┄┄┄┄┄┄┄┄┄┄┄┄┄┄┄┄┄┄┄
│ 🐛 🔄 BLoC[Canvas]: BLoC Created | null → initial
└───────────────────────────────────────────────────────────────────────────────────────────────────────────────────────
┌───────────────────────────────────────────────────────────────────────────────────────────────────────────────────────
│ {index: 1, pattern: 2, position: 1,0}
├┄┄┄┄┄┄┄┄┄┄┄┄┄┄┄┄┄┄┄┄┄┄┄┄┄┄┄┄┄┄┄┄┄┄┄┄┄┄┄┄┄┄┄┄┄┄┄┄┄┄┄┄┄┄┄┄┄┄┄┄┄┄┄┄┄┄┄┄┄┄┄┄┄┄┄┄┄┄┄┄┄┄┄┄┄┄┄┄┄┄┄┄┄┄┄┄┄┄┄┄┄┄┄┄┄┄┄┄┄┄┄┄┄┄┄┄┄┄┄
│ #0   AppLogger.canvas (package:filler/core/logging.dart:59:13)
│ #1   new CanvasBloc.<anonymous closure>.<anonymous closure> (package:filler/features/canvas/presentation/canvas_bloc.dart:275:25)
│ #2   _$ReadyImpl.maybeWhen (package:filler/features/canvas/presentation/canvas_bloc.freezed.dart:2714:19)
│ #3   new CanvasBloc.<anonymous closure> (package:filler/features/canvas/presentation/canvas_bloc.dart:251:13)
│ #4   Bloc.on.<anonymous closure>.handleEvent (package:bloc/src/bloc.dart:226:26)
│ #5   Bloc.on.<anonymous closure> (package:bloc/src/bloc.dart:235:9)
│ #6   _MapStream._handleData (dart:async/stream_pipe.dart:247:31)
│ #7   _ForwardingStreamSubscription._handleData (dart:async/stream_pipe.dart:184:13)
├┄┄┄┄┄┄┄┄┄┄┄┄┄┄┄┄┄┄┄┄┄┄┄┄┄┄┄┄┄┄┄┄┄┄┄┄┄┄┄┄┄┄┄┄┄┄┄┄┄┄┄┄┄┄┄┄┄┄┄┄┄┄┄┄┄┄┄┄┄┄┄┄┄┄┄┄┄┄┄┄┄┄┄┄┄┄┄┄┄┄┄┄┄┄┄┄┄┄┄┄┄┄┄┄┄┄┄┄┄┄┄┄┄┄┄┄┄┄┄
│ 07:38:49.130 (+0:00:00.122230)
├┄┄┄┄┄┄┄┄┄┄┄┄┄┄┄┄┄┄┄┄┄┄┄┄┄┄┄┄┄┄┄┄┄┄┄┄┄┄┄┄┄┄┄┄┄┄┄┄┄┄┄┄┄┄┄┄┄┄┄┄┄┄┄┄┄┄┄┄┄┄┄┄┄┄┄┄┄┄┄┄┄┄┄┄┄┄┄┄┄┄┄┄┄┄┄┄┄┄┄┄┄┄┄┄┄┄┄┄┄┄┄┄┄┄┄┄┄┄┄
│ 🐛 🎨 Canvas: Pixel painted
└───────────────────────────────────────────────────────────────────────────────────────────────────────────────────────

00:03 +32 -2: /Users/mr42/code/flutter/tmp/filler/test/integration/platform_specific_test.dart: Platform-Specific Database Integration Canvas Operations Work Cross-Platform                           
00:03 +32 -2: /Users/mr42/code/flutter/tmp/filler/test/features/canvas/presentation/canvas_bloc_test.dart: CanvasBloc CanvasEvent.paint ignores paint when index out of bounds                         
┌───────────────────────────────────────────────────────────────────────────────────────────────────────────────────────
│ #0   AppLogger.bloc (package:filler/core/logging.dart:44:13)
│ #1   new CanvasBloc (package:filler/features/canvas/presentation/canvas_bloc.dart:106:15)
├┄┄┄┄┄┄┄┄┄┄┄┄┄┄┄┄┄┄┄┄┄┄┄┄┄┄┄┄┄┄┄┄┄┄┄┄┄┄┄┄┄┄┄┄┄┄┄┄┄┄┄┄┄┄┄┄┄┄┄┄┄┄┄┄┄┄┄┄┄┄┄┄┄┄┄┄┄┄┄┄┄┄┄┄┄┄┄┄┄┄┄┄┄┄┄┄┄┄┄┄┄┄┄┄┄┄┄┄┄┄┄┄┄┄┄┄┄┄┄
│ 07:38:49.134 (+0:00:00.126276)
├┄┄┄┄┄┄┄┄┄┄┄┄┄┄┄┄┄┄┄┄┄┄┄┄┄┄┄┄┄┄┄┄┄┄┄┄┄┄┄┄┄┄┄┄┄┄┄┄┄┄┄┄┄┄┄┄┄┄┄┄┄┄┄┄┄┄┄┄┄┄┄┄┄┄┄┄┄┄┄┄┄┄┄┄┄┄┄┄┄┄┄┄┄┄┄┄┄┄┄┄┄┄┄┄┄┄┄┄┄┄┄┄┄┄┄┄┄┄┄
│ 🐛 🔄 BLoC[Canvas]: BLoC Created | null → initial
└───────────────────────────────────────────────────────────────────────────────────────────────────────────────────────
[38;5;208m┌───────────────────────────────────────────────────────────────────────────────────────────────────────────────────────[0m
[38;5;208m│ {index: 10, pixelCount: 4}[0m
[38;5;208m├┄┄┄┄┄┄┄┄┄┄┄┄┄┄┄┄┄┄┄┄┄┄┄┄┄┄┄┄┄┄┄┄┄┄┄┄┄┄┄┄┄┄┄┄┄┄┄┄┄┄┄┄┄┄┄┄┄┄┄┄┄┄┄┄┄┄┄┄┄┄┄┄┄┄┄┄┄┄┄┄┄┄┄┄┄┄┄┄┄┄┄┄┄┄┄┄┄┄┄┄┄┄┄┄┄┄┄┄┄┄┄┄┄┄┄┄┄┄┄[0m
[38;5;208m│ #0   AppLogger.warning (package:filler/core/logging.dart:122:13)[0m
[38;5;208m│ #1   new CanvasBloc.<anonymous closure>.<anonymous closure> (package:filler/features/canvas/presentation/canvas_bloc.dart:265:27)[0m
[38;5;208m│ #2   _$ReadyImpl.maybeWhen (package:filler/features/canvas/presentation/canvas_bloc.freezed.dart:2714:19)[0m
[38;5;208m│ #3   new CanvasBloc.<anonymous closure> (package:filler/features/canvas/presentation/canvas_bloc.dart:251:13)[0m
[38;5;208m│ #4   Bloc.on.<anonymous closure>.handleEvent (package:bloc/src/bloc.dart:226:26)[0m
[38;5;208m│ #5   Bloc.on.<anonymous closure> (package:bloc/src/bloc.dart:235:9)[0m
[38;5;208m│ #6   _MapStream._handleData (dart:async/stream_pipe.dart:247:31)[0m
[38;5;208m│ #7   _ForwardingStreamSubscription._handleData (dart:async/stream_pipe.dart:184:13)[0m
[38;5;208m├┄┄┄┄┄┄┄┄┄┄┄┄┄┄┄┄┄┄┄┄┄┄┄┄┄┄┄┄┄┄┄┄┄┄┄┄┄┄┄┄┄┄┄┄┄┄┄┄┄┄┄┄┄┄┄┄┄┄┄┄┄┄┄┄┄┄┄┄┄┄┄┄┄┄┄┄┄┄┄┄┄┄┄┄┄┄┄┄┄┄┄┄┄┄┄┄┄┄┄┄┄┄┄┄┄┄┄┄┄┄┄┄┄┄┄┄┄┄┄[0m
[38;5;208m│ 07:38:49.136 (+0:00:00.128476)[0m
[38;5;208m├┄┄┄┄┄┄┄┄┄┄┄┄┄┄┄┄┄┄┄┄┄┄┄┄┄┄┄┄┄┄┄┄┄┄┄┄┄┄┄┄┄┄┄┄┄┄┄┄┄┄┄┄┄┄┄┄┄┄┄┄┄┄┄┄┄┄┄┄┄┄┄┄┄┄┄┄┄┄┄┄┄┄┄┄┄┄┄┄┄┄┄┄┄┄┄┄┄┄┄┄┄┄┄┄┄┄┄┄┄┄┄┄┄┄┄┄┄┄┄[0m
[38;5;208m│ ⚠️ ⚠️ Warning: Invalid paint index[0m
[38;5;208m└───────────────────────────────────────────────────────────────────────────────────────────────────────────────────────[0m

00:03 +33 -2: /Users/mr42/code/flutter/tmp/filler/test/integration/platform_specific_test.dart: Platform-Specific Database Integration Canvas Operations Work Cross-Platform                           
00:03 +33 -2: /Users/mr42/code/flutter/tmp/filler/test/features/canvas/presentation/canvas_bloc_test.dart: CanvasBloc CanvasEvent.paint ignores paint when canvas not ready                            
┌───────────────────────────────────────────────────────────────────────────────────────────────────────────────────────
│ #0   AppLogger.bloc (package:filler/core/logging.dart:44:13)
│ #1   new CanvasBloc (package:filler/features/canvas/presentation/canvas_bloc.dart:106:15)
├┄┄┄┄┄┄┄┄┄┄┄┄┄┄┄┄┄┄┄┄┄┄┄┄┄┄┄┄┄┄┄┄┄┄┄┄┄┄┄┄┄┄┄┄┄┄┄┄┄┄┄┄┄┄┄┄┄┄┄┄┄┄┄┄┄┄┄┄┄┄┄┄┄┄┄┄┄┄┄┄┄┄┄┄┄┄┄┄┄┄┄┄┄┄┄┄┄┄┄┄┄┄┄┄┄┄┄┄┄┄┄┄┄┄┄┄┄┄┄
│ 07:38:49.140 (+0:00:00.132326)
├┄┄┄┄┄┄┄┄┄┄┄┄┄┄┄┄┄┄┄┄┄┄┄┄┄┄┄┄┄┄┄┄┄┄┄┄┄┄┄┄┄┄┄┄┄┄┄┄┄┄┄┄┄┄┄┄┄┄┄┄┄┄┄┄┄┄┄┄┄┄┄┄┄┄┄┄┄┄┄┄┄┄┄┄┄┄┄┄┄┄┄┄┄┄┄┄┄┄┄┄┄┄┄┄┄┄┄┄┄┄┄┄┄┄┄┄┄┄┄
│ 🐛 🔄 BLoC[Canvas]: BLoC Created | null → initial
└───────────────────────────────────────────────────────────────────────────────────────────────────────────────────────
[38;5;208m┌───────────────────────────────────────────────────────────────────────────────────────────────────────────────────────[0m
[38;5;208m│ #0   AppLogger.warning (package:filler/core/logging.dart:122:13)[0m
[38;5;208m│ #1   new CanvasBloc.<anonymous closure>.<anonymous closure> (package:filler/features/canvas/presentation/canvas_bloc.dart:299:21)[0m
[38;5;208m├┄┄┄┄┄┄┄┄┄┄┄┄┄┄┄┄┄┄┄┄┄┄┄┄┄┄┄┄┄┄┄┄┄┄┄┄┄┄┄┄┄┄┄┄┄┄┄┄┄┄┄┄┄┄┄┄┄┄┄┄┄┄┄┄┄┄┄┄┄┄┄┄┄┄┄┄┄┄┄┄┄┄┄┄┄┄┄┄┄┄┄┄┄┄┄┄┄┄┄┄┄┄┄┄┄┄┄┄┄┄┄┄┄┄┄┄┄┄┄[0m
[38;5;208m│ 07:38:49.142 (+0:00:00.134864)[0m
[38;5;208m├┄┄┄┄┄┄┄┄┄┄┄┄┄┄┄┄┄┄┄┄┄┄┄┄┄┄┄┄┄┄┄┄┄┄┄┄┄┄┄┄┄┄┄┄┄┄┄┄┄┄┄┄┄┄┄┄┄┄┄┄┄┄┄┄┄┄┄┄┄┄┄┄┄┄┄┄┄┄┄┄┄┄┄┄┄┄┄┄┄┄┄┄┄┄┄┄┄┄┄┄┄┄┄┄┄┄┄┄┄┄┄┄┄┄┄┄┄┄┄[0m
[38;5;208m│ ⚠️ ⚠️ Warning: Paint called but canvas not ready[0m
[38;5;208m└───────────────────────────────────────────────────────────────────────────────────────────────────────────────────────[0m

00:03 +34 -2: /Users/mr42/code/flutter/tmp/filler/test/integration/platform_specific_test.dart: Platform-Specific Database Integration Canvas Operations Work Cross-Platform                           
00:03 +34 -2: /Users/mr42/code/flutter/tmp/filler/test/features/canvas/presentation/canvas_bloc_test.dart: CanvasBloc CanvasEvent.save saves canvas when ready                                         
┌───────────────────────────────────────────────────────────────────────────────────────────────────────────────────────
│ #0   AppLogger.bloc (package:filler/core/logging.dart:44:13)
│ #1   new CanvasBloc (package:filler/features/canvas/presentation/canvas_bloc.dart:106:15)
├┄┄┄┄┄┄┄┄┄┄┄┄┄┄┄┄┄┄┄┄┄┄┄┄┄┄┄┄┄┄┄┄┄┄┄┄┄┄┄┄┄┄┄┄┄┄┄┄┄┄┄┄┄┄┄┄┄┄┄┄┄┄┄┄┄┄┄┄┄┄┄┄┄┄┄┄┄┄┄┄┄┄┄┄┄┄┄┄┄┄┄┄┄┄┄┄┄┄┄┄┄┄┄┄┄┄┄┄┄┄┄┄┄┄┄┄┄┄┄
│ 07:38:49.145 (+0:00:00.137943)
├┄┄┄┄┄┄┄┄┄┄┄┄┄┄┄┄┄┄┄┄┄┄┄┄┄┄┄┄┄┄┄┄┄┄┄┄┄┄┄┄┄┄┄┄┄┄┄┄┄┄┄┄┄┄┄┄┄┄┄┄┄┄┄┄┄┄┄┄┄┄┄┄┄┄┄┄┄┄┄┄┄┄┄┄┄┄┄┄┄┄┄┄┄┄┄┄┄┄┄┄┄┄┄┄┄┄┄┄┄┄┄┄┄┄┄┄┄┄┄
│ 🐛 🔄 BLoC[Canvas]: BLoC Created | null → initial
└───────────────────────────────────────────────────────────────────────────────────────────────────────────────────────
┌───────────────────────────────────────────────────────────────────────────────────────────────────────────────────────
│ {title: My Canvas, currentState: _$ReadyImpl}
├┄┄┄┄┄┄┄┄┄┄┄┄┄┄┄┄┄┄┄┄┄┄┄┄┄┄┄┄┄┄┄┄┄┄┄┄┄┄┄┄┄┄┄┄┄┄┄┄┄┄┄┄┄┄┄┄┄┄┄┄┄┄┄┄┄┄┄┄┄┄┄┄┄┄┄┄┄┄┄┄┄┄┄┄┄┄┄┄┄┄┄┄┄┄┄┄┄┄┄┄┄┄┄┄┄┄┄┄┄┄┄┄┄┄┄┄┄┄┄
│ #0   AppLogger.canvas (package:filler/core/logging.dart:59:13)
│ #1   new CanvasBloc.<anonymous closure> (package:filler/features/canvas/presentation/canvas_bloc.dart:304:17)
│ #2   Bloc.on.<anonymous closure>.handleEvent (package:bloc/src/bloc.dart:226:26)
│ #3   Bloc.on.<anonymous closure> (package:bloc/src/bloc.dart:235:9)
│ #4   _MapStream._handleData (dart:async/stream_pipe.dart:247:31)
│ #5   _ForwardingStreamSubscription._handleData (dart:async/stream_pipe.dart:184:13)
│ #6   StackZoneSpecification._registerUnaryCallback.<anonymous closure>.<anonymous closure> (package:stack_trace/src/stack_zone_specification.dart:127:36)
│ #7   StackZoneSpecification._run (package:stack_trace/src/stack_zone_specification.dart:207:15)
├┄┄┄┄┄┄┄┄┄┄┄┄┄┄┄┄┄┄┄┄┄┄┄┄┄┄┄┄┄┄┄┄┄┄┄┄┄┄┄┄┄┄┄┄┄┄┄┄┄┄┄┄┄┄┄┄┄┄┄┄┄┄┄┄┄┄┄┄┄┄┄┄┄┄┄┄┄┄┄┄┄┄┄┄┄┄┄┄┄┄┄┄┄┄┄┄┄┄┄┄┄┄┄┄┄┄┄┄┄┄┄┄┄┄┄┄┄┄┄
│ 07:38:49.152 (+0:00:00.144190)
├┄┄┄┄┄┄┄┄┄┄┄┄┄┄┄┄┄┄┄┄┄┄┄┄┄┄┄┄┄┄┄┄┄┄┄┄┄┄┄┄┄┄┄┄┄┄┄┄┄┄┄┄┄┄┄┄┄┄┄┄┄┄┄┄┄┄┄┄┄┄┄┄┄┄┄┄┄┄┄┄┄┄┄┄┄┄┄┄┄┄┄┄┄┄┄┄┄┄┄┄┄┄┄┄┄┄┄┄┄┄┄┄┄┄┄┄┄┄┄
│ 🐛 🎨 Canvas: Save requested
└───────────────────────────────────────────────────────────────────────────────────────────────────────────────────────
┌───────────────────────────────────────────────────────────────────────────────────────────────────────────────────────
│ {title: My Canvas, dimensions: 2x2, insets: 1, pixelCount: 4}
├┄┄┄┄┄┄┄┄┄┄┄┄┄┄┄┄┄┄┄┄┄┄┄┄┄┄┄┄┄┄┄┄┄┄┄┄┄┄┄┄┄┄┄┄┄┄┄┄┄┄┄┄┄┄┄┄┄┄┄┄┄┄┄┄┄┄┄┄┄┄┄┄┄┄┄┄┄┄┄┄┄┄┄┄┄┄┄┄┄┄┄┄┄┄┄┄┄┄┄┄┄┄┄┄┄┄┄┄┄┄┄┄┄┄┄┄┄┄┄
│ #0   AppLogger.canvas (package:filler/core/logging.dart:59:13)
│ #1   new CanvasBloc.<anonymous closure>.<anonymous closure> (package:filler/features/canvas/presentation/canvas_bloc.dart:342:27)
│ #2   _$ReadyImpl.maybeWhen (package:filler/features/canvas/presentation/canvas_bloc.freezed.dart:2714:19)
│ #3   new CanvasBloc.<anonymous closure> (package:filler/features/canvas/presentation/canvas_bloc.dart:312:19)
│ #4   Bloc.on.<anonymous closure>.handleEvent (package:bloc/src/bloc.dart:226:26)
│ #5   Bloc.on.<anonymous closure> (package:bloc/src/bloc.dart:235:9)
│ #6   _MapStream._handleData (dart:async/stream_pipe.dart:247:31)
│ #7   _ForwardingStreamSubscription._handleData (dart:async/stream_pipe.dart:184:13)
├┄┄┄┄┄┄┄┄┄┄┄┄┄┄┄┄┄┄┄┄┄┄┄┄┄┄┄┄┄┄┄┄┄┄┄┄┄┄┄┄┄┄┄┄┄┄┄┄┄┄┄┄┄┄┄┄┄┄┄┄┄┄┄┄┄┄┄┄┄┄┄┄┄┄┄┄┄┄┄┄┄┄┄┄┄┄┄┄┄┄┄┄┄┄┄┄┄┄┄┄┄┄┄┄┄┄┄┄┄┄┄┄┄┄┄┄┄┄┄
│ 07:38:49.154 (+0:00:00.146664)
├┄┄┄┄┄┄┄┄┄┄┄┄┄┄┄┄┄┄┄┄┄┄┄┄┄┄┄┄┄┄┄┄┄┄┄┄┄┄┄┄┄┄┄┄┄┄┄┄┄┄┄┄┄┄┄┄┄┄┄┄┄┄┄┄┄┄┄┄┄┄┄┄┄┄┄┄┄┄┄┄┄┄┄┄┄┄┄┄┄┄┄┄┄┄┄┄┄┄┄┄┄┄┄┄┄┄┄┄┄┄┄┄┄┄┄┄┄┄┄
│ 🐛 🎨 Canvas: Saving canvas to database
└───────────────────────────────────────────────────────────────────────────────────────────────────────────────────────
[38;5;12m┌───────────────────────────────────────────────────────────────────────────────────────────────────────────────────────[0m
[38;5;12m│ {canvasId: 1, title: My Canvas}[0m
[38;5;12m├┄┄┄┄┄┄┄┄┄┄┄┄┄┄┄┄┄┄┄┄┄┄┄┄┄┄┄┄┄┄┄┄┄┄┄┄┄┄┄┄┄┄┄┄┄┄┄┄┄┄┄┄┄┄┄┄┄┄┄┄┄┄┄┄┄┄┄┄┄┄┄┄┄┄┄┄┄┄┄┄┄┄┄┄┄┄┄┄┄┄┄┄┄┄┄┄┄┄┄┄┄┄┄┄┄┄┄┄┄┄┄┄┄┄┄┄┄┄┄[0m
[38;5;12m│ #0   AppLogger.performance (package:filler/core/logging.dart:131:13)[0m
[38;5;12m│ #1   new CanvasBloc.<anonymous closure>.<anonymous closure> (package:filler/features/canvas/presentation/canvas_bloc.dart:355:27)[0m
[38;5;12m│ #2   <asynchronous suspension>[0m
[38;5;12m│ #3   new CanvasBloc.<anonymous closure> (package:filler/features/canvas/presentation/canvas_bloc.dart:312:7)[0m
[38;5;12m│ #4   <asynchronous suspension>[0m
[38;5;12m│ #5   Bloc.on.<anonymous closure>.handleEvent (package:bloc/src/bloc.dart:226:13)[0m
[38;5;12m│ #6   <asynchronous suspension>[0m
[38;5;12m├┄┄┄┄┄┄┄┄┄┄┄┄┄┄┄┄┄┄┄┄┄┄┄┄┄┄┄┄┄┄┄┄┄┄┄┄┄┄┄┄┄┄┄┄┄┄┄┄┄┄┄┄┄┄┄┄┄┄┄┄┄┄┄┄┄┄┄┄┄┄┄┄┄┄┄┄┄┄┄┄┄┄┄┄┄┄┄┄┄┄┄┄┄┄┄┄┄┄┄┄┄┄┄┄┄┄┄┄┄┄┄┄┄┄┄┄┄┄┄[0m
[38;5;12m│ 07:38:49.157 (+0:00:00.149490)[0m
[38;5;12m├┄┄┄┄┄┄┄┄┄┄┄┄┄┄┄┄┄┄┄┄┄┄┄┄┄┄┄┄┄┄┄┄┄┄┄┄┄┄┄┄┄┄┄┄┄┄┄┄┄┄┄┄┄┄┄┄┄┄┄┄┄┄┄┄┄┄┄┄┄┄┄┄┄┄┄┄┄┄┄┄┄┄┄┄┄┄┄┄┄┄┄┄┄┄┄┄┄┄┄┄┄┄┄┄┄┄┄┄┄┄┄┄┄┄┄┄┄┄┄[0m
[38;5;12m│ 💡 ⏱️ Performance: Canvas save took 2ms[0m
[38;5;12m└───────────────────────────────────────────────────────────────────────────────────────────────────────────────────────[0m
┌───────────────────────────────────────────────────────────────────────────────────────────────────────────────────────
│ {id: 1, title: My Canvas}
├┄┄┄┄┄┄┄┄┄┄┄┄┄┄┄┄┄┄┄┄┄┄┄┄┄┄┄┄┄┄┄┄┄┄┄┄┄┄┄┄┄┄┄┄┄┄┄┄┄┄┄┄┄┄┄┄┄┄┄┄┄┄┄┄┄┄┄┄┄┄┄┄┄┄┄┄┄┄┄┄┄┄┄┄┄┄┄┄┄┄┄┄┄┄┄┄┄┄┄┄┄┄┄┄┄┄┄┄┄┄┄┄┄┄┄┄┄┄┄
│ #0   AppLogger.canvas (package:filler/core/logging.dart:59:13)
│ #1   new CanvasBloc.<anonymous closure>.<anonymous closure> (package:filler/features/canvas/presentation/canvas_bloc.dart:361:27)
│ #2   <asynchronous suspension>
│ #3   new CanvasBloc.<anonymous closure> (package:filler/features/canvas/presentation/canvas_bloc.dart:312:7)
│ #4   <asynchronous suspension>
│ #5   Bloc.on.<anonymous closure>.handleEvent (package:bloc/src/bloc.dart:226:13)
│ #6   <asynchronous suspension>
├┄┄┄┄┄┄┄┄┄┄┄┄┄┄┄┄┄┄┄┄┄┄┄┄┄┄┄┄┄┄┄┄┄┄┄┄┄┄┄┄┄┄┄┄┄┄┄┄┄┄┄┄┄┄┄┄┄┄┄┄┄┄┄┄┄┄┄┄┄┄┄┄┄┄┄┄┄┄┄┄┄┄┄┄┄┄┄┄┄┄┄┄┄┄┄┄┄┄┄┄┄┄┄┄┄┄┄┄┄┄┄┄┄┄┄┄┄┄┄
│ 07:38:49.158 (+0:00:00.150942)
├┄┄┄┄┄┄┄┄┄┄┄┄┄┄┄┄┄┄┄┄┄┄┄┄┄┄┄┄┄┄┄┄┄┄┄┄┄┄┄┄┄┄┄┄┄┄┄┄┄┄┄┄┄┄┄┄┄┄┄┄┄┄┄┄┄┄┄┄┄┄┄┄┄┄┄┄┄┄┄┄┄┄┄┄┄┄┄┄┄┄┄┄┄┄┄┄┄┄┄┄┄┄┄┄┄┄┄┄┄┄┄┄┄┄┄┄┄┄┄
│ 🐛 🎨 Canvas: Canvas saved successfully
└───────────────────────────────────────────────────────────────────────────────────────────────────────────────────────

00:03 +35 -2: /Users/mr42/code/flutter/tmp/filler/test/integration/platform_specific_test.dart: Platform-Specific Database Integration Canvas Operations Work Cross-Platform                           
00:03 +35 -2: /Users/mr42/code/flutter/tmp/filler/test/features/canvas/presentation/canvas_bloc_test.dart: CanvasBloc CanvasEvent.save ignores save when canvas not ready                              
┌───────────────────────────────────────────────────────────────────────────────────────────────────────────────────────
│ #0   AppLogger.bloc (package:filler/core/logging.dart:44:13)
│ #1   new CanvasBloc (package:filler/features/canvas/presentation/canvas_bloc.dart:106:15)
├┄┄┄┄┄┄┄┄┄┄┄┄┄┄┄┄┄┄┄┄┄┄┄┄┄┄┄┄┄┄┄┄┄┄┄┄┄┄┄┄┄┄┄┄┄┄┄┄┄┄┄┄┄┄┄┄┄┄┄┄┄┄┄┄┄┄┄┄┄┄┄┄┄┄┄┄┄┄┄┄┄┄┄┄┄┄┄┄┄┄┄┄┄┄┄┄┄┄┄┄┄┄┄┄┄┄┄┄┄┄┄┄┄┄┄┄┄┄┄
│ 07:38:49.162 (+0:00:00.154198)
├┄┄┄┄┄┄┄┄┄┄┄┄┄┄┄┄┄┄┄┄┄┄┄┄┄┄┄┄┄┄┄┄┄┄┄┄┄┄┄┄┄┄┄┄┄┄┄┄┄┄┄┄┄┄┄┄┄┄┄┄┄┄┄┄┄┄┄┄┄┄┄┄┄┄┄┄┄┄┄┄┄┄┄┄┄┄┄┄┄┄┄┄┄┄┄┄┄┄┄┄┄┄┄┄┄┄┄┄┄┄┄┄┄┄┄┄┄┄┄
│ 🐛 🔄 BLoC[Canvas]: BLoC Created | null → initial
└───────────────────────────────────────────────────────────────────────────────────────────────────────────────────────
┌───────────────────────────────────────────────────────────────────────────────────────────────────────────────────────
│ {title: Test, currentState: _$LoadingImpl}
├┄┄┄┄┄┄┄┄┄┄┄┄┄┄┄┄┄┄┄┄┄┄┄┄┄┄┄┄┄┄┄┄┄┄┄┄┄┄┄┄┄┄┄┄┄┄┄┄┄┄┄┄┄┄┄┄┄┄┄┄┄┄┄┄┄┄┄┄┄┄┄┄┄┄┄┄┄┄┄┄┄┄┄┄┄┄┄┄┄┄┄┄┄┄┄┄┄┄┄┄┄┄┄┄┄┄┄┄┄┄┄┄┄┄┄┄┄┄┄
│ #0   AppLogger.canvas (package:filler/core/logging.dart:59:13)
│ #1   new CanvasBloc.<anonymous closure> (package:filler/features/canvas/presentation/canvas_bloc.dart:304:17)
│ #2   Bloc.on.<anonymous closure>.handleEvent (package:bloc/src/bloc.dart:226:26)
│ #3   Bloc.on.<anonymous closure> (package:bloc/src/bloc.dart:235:9)
│ #4   _MapStream._handleData (dart:async/stream_pipe.dart:247:31)
│ #5   _ForwardingStreamSubscription._handleData (dart:async/stream_pipe.dart:184:13)
│ #6   StackZoneSpecification._registerUnaryCallback.<anonymous closure>.<anonymous closure> (package:stack_trace/src/stack_zone_specification.dart:127:36)
│ #7   StackZoneSpecification._run (package:stack_trace/src/stack_zone_specification.dart:207:15)
├┄┄┄┄┄┄┄┄┄┄┄┄┄┄┄┄┄┄┄┄┄┄┄┄┄┄┄┄┄┄┄┄┄┄┄┄┄┄┄┄┄┄┄┄┄┄┄┄┄┄┄┄┄┄┄┄┄┄┄┄┄┄┄┄┄┄┄┄┄┄┄┄┄┄┄┄┄┄┄┄┄┄┄┄┄┄┄┄┄┄┄┄┄┄┄┄┄┄┄┄┄┄┄┄┄┄┄┄┄┄┄┄┄┄┄┄┄┄┄
│ 07:38:49.164 (+0:00:00.156509)
├┄┄┄┄┄┄┄┄┄┄┄┄┄┄┄┄┄┄┄┄┄┄┄┄┄┄┄┄┄┄┄┄┄┄┄┄┄┄┄┄┄┄┄┄┄┄┄┄┄┄┄┄┄┄┄┄┄┄┄┄┄┄┄┄┄┄┄┄┄┄┄┄┄┄┄┄┄┄┄┄┄┄┄┄┄┄┄┄┄┄┄┄┄┄┄┄┄┄┄┄┄┄┄┄┄┄┄┄┄┄┄┄┄┄┄┄┄┄┄
│ 🐛 🎨 Canvas: Save requested
└───────────────────────────────────────────────────────────────────────────────────────────────────────────────────────
[38;5;208m┌───────────────────────────────────────────────────────────────────────────────────────────────────────────────────────[0m
[38;5;208m│ {title: Test, currentState: _$LoadingImpl}[0m
[38;5;208m├┄┄┄┄┄┄┄┄┄┄┄┄┄┄┄┄┄┄┄┄┄┄┄┄┄┄┄┄┄┄┄┄┄┄┄┄┄┄┄┄┄┄┄┄┄┄┄┄┄┄┄┄┄┄┄┄┄┄┄┄┄┄┄┄┄┄┄┄┄┄┄┄┄┄┄┄┄┄┄┄┄┄┄┄┄┄┄┄┄┄┄┄┄┄┄┄┄┄┄┄┄┄┄┄┄┄┄┄┄┄┄┄┄┄┄┄┄┄┄[0m
[38;5;208m│ #0   AppLogger.warning (package:filler/core/logging.dart:122:13)[0m
[38;5;208m│ #1   new CanvasBloc.<anonymous closure>.<anonymous closure> (package:filler/features/canvas/presentation/canvas_bloc.dart:375:21)[0m
[38;5;208m│ #2   _$LoadingImpl.maybeWhen (package:filler/features/canvas/presentation/canvas_bloc.freezed.dart:2381:18)[0m
[38;5;208m│ #3   new CanvasBloc.<anonymous closure> (package:filler/features/canvas/presentation/canvas_bloc.dart:312:19)[0m
[38;5;208m│ #4   Bloc.on.<anonymous closure>.handleEvent (package:bloc/src/bloc.dart:226:26)[0m
[38;5;208m│ #5   Bloc.on.<anonymous closure> (package:bloc/src/bloc.dart:235:9)[0m
[38;5;208m│ #6   _MapStream._handleData (dart:async/stream_pipe.dart:247:31)[0m
[38;5;208m│ #7   _ForwardingStreamSubscription._handleData (dart:async/stream_pipe.dart:184:13)[0m
[38;5;208m├┄┄┄┄┄┄┄┄┄┄┄┄┄┄┄┄┄┄┄┄┄┄┄┄┄┄┄┄┄┄┄┄┄┄┄┄┄┄┄┄┄┄┄┄┄┄┄┄┄┄┄┄┄┄┄┄┄┄┄┄┄┄┄┄┄┄┄┄┄┄┄┄┄┄┄┄┄┄┄┄┄┄┄┄┄┄┄┄┄┄┄┄┄┄┄┄┄┄┄┄┄┄┄┄┄┄┄┄┄┄┄┄┄┄┄┄┄┄┄[0m
[38;5;208m│ 07:38:49.166 (+0:00:00.158204)[0m
[38;5;208m├┄┄┄┄┄┄┄┄┄┄┄┄┄┄┄┄┄┄┄┄┄┄┄┄┄┄┄┄┄┄┄┄┄┄┄┄┄┄┄┄┄┄┄┄┄┄┄┄┄┄┄┄┄┄┄┄┄┄┄┄┄┄┄┄┄┄┄┄┄┄┄┄┄┄┄┄┄┄┄┄┄┄┄┄┄┄┄┄┄┄┄┄┄┄┄┄┄┄┄┄┄┄┄┄┄┄┄┄┄┄┄┄┄┄┄┄┄┄┄[0m
[38;5;208m│ ⚠️ ⚠️ Warning: Save called but canvas not ready[0m
[38;5;208m└───────────────────────────────────────────────────────────────────────────────────────────────────────────────────────[0m

00:03 +36 -2: /Users/mr42/code/flutter/tmp/filler/test/integration/platform_specific_test.dart: Platform-Specific Database Integration Canvas Operations Work Cross-Platform                           
00:03 +36 -2: /Users/mr42/code/flutter/tmp/filler/test/features/canvas/presentation/canvas_bloc_test.dart: CanvasBloc CanvasEvent.save handles save errors gracefully                                  
┌───────────────────────────────────────────────────────────────────────────────────────────────────────────────────────
│ #0   AppLogger.bloc (package:filler/core/logging.dart:44:13)
│ #1   new CanvasBloc (package:filler/features/canvas/presentation/canvas_bloc.dart:106:15)
├┄┄┄┄┄┄┄┄┄┄┄┄┄┄┄┄┄┄┄┄┄┄┄┄┄┄┄┄┄┄┄┄┄┄┄┄┄┄┄┄┄┄┄┄┄┄┄┄┄┄┄┄┄┄┄┄┄┄┄┄┄┄┄┄┄┄┄┄┄┄┄┄┄┄┄┄┄┄┄┄┄┄┄┄┄┄┄┄┄┄┄┄┄┄┄┄┄┄┄┄┄┄┄┄┄┄┄┄┄┄┄┄┄┄┄┄┄┄┄
│ 07:38:49.169 (+0:00:00.161778)
├┄┄┄┄┄┄┄┄┄┄┄┄┄┄┄┄┄┄┄┄┄┄┄┄┄┄┄┄┄┄┄┄┄┄┄┄┄┄┄┄┄┄┄┄┄┄┄┄┄┄┄┄┄┄┄┄┄┄┄┄┄┄┄┄┄┄┄┄┄┄┄┄┄┄┄┄┄┄┄┄┄┄┄┄┄┄┄┄┄┄┄┄┄┄┄┄┄┄┄┄┄┄┄┄┄┄┄┄┄┄┄┄┄┄┄┄┄┄┄
│ 🐛 🔄 BLoC[Canvas]: BLoC Created | null → initial
└───────────────────────────────────────────────────────────────────────────────────────────────────────────────────────
┌───────────────────────────────────────────────────────────────────────────────────────────────────────────────────────
│ {title: Error Test, currentState: _$ReadyImpl}
├┄┄┄┄┄┄┄┄┄┄┄┄┄┄┄┄┄┄┄┄┄┄┄┄┄┄┄┄┄┄┄┄┄┄┄┄┄┄┄┄┄┄┄┄┄┄┄┄┄┄┄┄┄┄┄┄┄┄┄┄┄┄┄┄┄┄┄┄┄┄┄┄┄┄┄┄┄┄┄┄┄┄┄┄┄┄┄┄┄┄┄┄┄┄┄┄┄┄┄┄┄┄┄┄┄┄┄┄┄┄┄┄┄┄┄┄┄┄┄
│ #0   AppLogger.canvas (package:filler/core/logging.dart:59:13)
│ #1   new CanvasBloc.<anonymous closure> (package:filler/features/canvas/presentation/canvas_bloc.dart:304:17)
│ #2   Bloc.on.<anonymous closure>.handleEvent (package:bloc/src/bloc.dart:226:26)
│ #3   Bloc.on.<anonymous closure> (package:bloc/src/bloc.dart:235:9)
│ #4   _MapStream._handleData (dart:async/stream_pipe.dart:247:31)
│ #5   _ForwardingStreamSubscription._handleData (dart:async/stream_pipe.dart:184:13)
│ #6   StackZoneSpecification._registerUnaryCallback.<anonymous closure>.<anonymous closure> (package:stack_trace/src/stack_zone_specification.dart:127:36)
│ #7   StackZoneSpecification._run (package:stack_trace/src/stack_zone_specification.dart:207:15)
├┄┄┄┄┄┄┄┄┄┄┄┄┄┄┄┄┄┄┄┄┄┄┄┄┄┄┄┄┄┄┄┄┄┄┄┄┄┄┄┄┄┄┄┄┄┄┄┄┄┄┄┄┄┄┄┄┄┄┄┄┄┄┄┄┄┄┄┄┄┄┄┄┄┄┄┄┄┄┄┄┄┄┄┄┄┄┄┄┄┄┄┄┄┄┄┄┄┄┄┄┄┄┄┄┄┄┄┄┄┄┄┄┄┄┄┄┄┄┄
│ 07:38:49.172 (+0:00:00.164082)
├┄┄┄┄┄┄┄┄┄┄┄┄┄┄┄┄┄┄┄┄┄┄┄┄┄┄┄┄┄┄┄┄┄┄┄┄┄┄┄┄┄┄┄┄┄┄┄┄┄┄┄┄┄┄┄┄┄┄┄┄┄┄┄┄┄┄┄┄┄┄┄┄┄┄┄┄┄┄┄┄┄┄┄┄┄┄┄┄┄┄┄┄┄┄┄┄┄┄┄┄┄┄┄┄┄┄┄┄┄┄┄┄┄┄┄┄┄┄┄
│ 🐛 🎨 Canvas: Save requested
└───────────────────────────────────────────────────────────────────────────────────────────────────────────────────────
┌───────────────────────────────────────────────────────────────────────────────────────────────────────────────────────
│ {title: Error Test, dimensions: 1x1, insets: 0, pixelCount: 1}
├┄┄┄┄┄┄┄┄┄┄┄┄┄┄┄┄┄┄┄┄┄┄┄┄┄┄┄┄┄┄┄┄┄┄┄┄┄┄┄┄┄┄┄┄┄┄┄┄┄┄┄┄┄┄┄┄┄┄┄┄┄┄┄┄┄┄┄┄┄┄┄┄┄┄┄┄┄┄┄┄┄┄┄┄┄┄┄┄┄┄┄┄┄┄┄┄┄┄┄┄┄┄┄┄┄┄┄┄┄┄┄┄┄┄┄┄┄┄┄
│ #0   AppLogger.canvas (package:filler/core/logging.dart:59:13)
│ #1   new CanvasBloc.<anonymous closure>.<anonymous closure> (package:filler/features/canvas/presentation/canvas_bloc.dart:342:27)
│ #2   _$ReadyImpl.maybeWhen (package:filler/features/canvas/presentation/canvas_bloc.freezed.dart:2714:19)
│ #3   new CanvasBloc.<anonymous closure> (package:filler/features/canvas/presentation/canvas_bloc.dart:312:19)
│ #4   Bloc.on.<anonymous closure>.handleEvent (package:bloc/src/bloc.dart:226:26)
│ #5   Bloc.on.<anonymous closure> (package:bloc/src/bloc.dart:235:9)
│ #6   _MapStream._handleData (dart:async/stream_pipe.dart:247:31)
│ #7   _ForwardingStreamSubscription._handleData (dart:async/stream_pipe.dart:184:13)
├┄┄┄┄┄┄┄┄┄┄┄┄┄┄┄┄┄┄┄┄┄┄┄┄┄┄┄┄┄┄┄┄┄┄┄┄┄┄┄┄┄┄┄┄┄┄┄┄┄┄┄┄┄┄┄┄┄┄┄┄┄┄┄┄┄┄┄┄┄┄┄┄┄┄┄┄┄┄┄┄┄┄┄┄┄┄┄┄┄┄┄┄┄┄┄┄┄┄┄┄┄┄┄┄┄┄┄┄┄┄┄┄┄┄┄┄┄┄┄
│ 07:38:49.173 (+0:00:00.165533)
├┄┄┄┄┄┄┄┄┄┄┄┄┄┄┄┄┄┄┄┄┄┄┄┄┄┄┄┄┄┄┄┄┄┄┄┄┄┄┄┄┄┄┄┄┄┄┄┄┄┄┄┄┄┄┄┄┄┄┄┄┄┄┄┄┄┄┄┄┄┄┄┄┄┄┄┄┄┄┄┄┄┄┄┄┄┄┄┄┄┄┄┄┄┄┄┄┄┄┄┄┄┄┄┄┄┄┄┄┄┄┄┄┄┄┄┄┄┄┄
│ 🐛 🎨 Canvas: Saving canvas to database
└───────────────────────────────────────────────────────────────────────────────────────────────────────────────────────
[38;5;196m┌───────────────────────────────────────────────────────────────────────────────────────────────────────────────────────[0m
[38;5;196m│ Exception: Database error[0m
[38;5;196m├┄┄┄┄┄┄┄┄┄┄┄┄┄┄┄┄┄┄┄┄┄┄┄┄┄┄┄┄┄┄┄┄┄┄┄┄┄┄┄┄┄┄┄┄┄┄┄┄┄┄┄┄┄┄┄┄┄┄┄┄┄┄┄┄┄┄┄┄┄┄┄┄┄┄┄┄┄┄┄┄┄┄┄┄┄┄┄┄┄┄┄┄┄┄┄┄┄┄┄┄┄┄┄┄┄┄┄┄┄┄┄┄┄┄┄┄┄┄┄[0m
[38;5;196m│ #0   When.thenThrow.<anonymous closure> (package:mocktail/src/mocktail.dart:249:7)[0m
[38;5;196m│ #1   Mock.noSuchMethod (package:mocktail/src/mocktail.dart:131:37)[0m
[38;5;196m│ #2   MockCanvasRepository.addModel (file:///Users/mr42/code/flutter/tmp/filler/test/features/canvas/presentation/canvas_bloc_test.dart:17:7)[0m
[38;5;196m│ #3   new CanvasBloc.<anonymous closure>.<anonymous closure> (package:filler/features/canvas/presentation/canvas_bloc.dart:352:45)[0m
[38;5;196m│ #4   _$ReadyImpl.maybeWhen (package:filler/features/canvas/presentation/canvas_bloc.freezed.dart:2714:19)[0m
[38;5;196m│ #5   new CanvasBloc.<anonymous closure> (package:filler/features/canvas/presentation/canvas_bloc.dart:312:19)[0m
[38;5;196m│ #6   Bloc.on.<anonymous closure>.handleEvent (package:bloc/src/bloc.dart:226:26)[0m
[38;5;196m│ #7   Bloc.on.<anonymous closure> (package:bloc/src/bloc.dart:235:9)[0m
[38;5;196m├┄┄┄┄┄┄┄┄┄┄┄┄┄┄┄┄┄┄┄┄┄┄┄┄┄┄┄┄┄┄┄┄┄┄┄┄┄┄┄┄┄┄┄┄┄┄┄┄┄┄┄┄┄┄┄┄┄┄┄┄┄┄┄┄┄┄┄┄┄┄┄┄┄┄┄┄┄┄┄┄┄┄┄┄┄┄┄┄┄┄┄┄┄┄┄┄┄┄┄┄┄┄┄┄┄┄┄┄┄┄┄┄┄┄┄┄┄┄┄[0m
[38;5;196m│ 07:38:49.175 (+0:00:00.167073)[0m
[38;5;196m├┄┄┄┄┄┄┄┄┄┄┄┄┄┄┄┄┄┄┄┄┄┄┄┄┄┄┄┄┄┄┄┄┄┄┄┄┄┄┄┄┄┄┄┄┄┄┄┄┄┄┄┄┄┄┄┄┄┄┄┄┄┄┄┄┄┄┄┄┄┄┄┄┄┄┄┄┄┄┄┄┄┄┄┄┄┄┄┄┄┄┄┄┄┄┄┄┄┄┄┄┄┄┄┄┄┄┄┄┄┄┄┄┄┄┄┄┄┄┄[0m
[38;5;196m│ ⛔ ❌ Error: Failed to save canvas[0m
[38;5;196m└───────────────────────────────────────────────────────────────────────────────────────────────────────────────────────[0m
[38;5;196m┌───────────────────────────────────────────────────────────────────────────────────────────────────────────────────────[0m
[38;5;196m│ #0   AppLogger.error (package:filler/core/logging.dart:116:15)[0m
[38;5;196m│ #1   new CanvasBloc.<anonymous closure>.<anonymous closure> (package:filler/features/canvas/presentation/canvas_bloc.dart:366:27)[0m
[38;5;196m├┄┄┄┄┄┄┄┄┄┄┄┄┄┄┄┄┄┄┄┄┄┄┄┄┄┄┄┄┄┄┄┄┄┄┄┄┄┄┄┄┄┄┄┄┄┄┄┄┄┄┄┄┄┄┄┄┄┄┄┄┄┄┄┄┄┄┄┄┄┄┄┄┄┄┄┄┄┄┄┄┄┄┄┄┄┄┄┄┄┄┄┄┄┄┄┄┄┄┄┄┄┄┄┄┄┄┄┄┄┄┄┄┄┄┄┄┄┄┄[0m
[38;5;196m│ 07:38:49.176 (+0:00:00.168562)[0m
[38;5;196m├┄┄┄┄┄┄┄┄┄┄┄┄┄┄┄┄┄┄┄┄┄┄┄┄┄┄┄┄┄┄┄┄┄┄┄┄┄┄┄┄┄┄┄┄┄┄┄┄┄┄┄┄┄┄┄┄┄┄┄┄┄┄┄┄┄┄┄┄┄┄┄┄┄┄┄┄┄┄┄┄┄┄┄┄┄┄┄┄┄┄┄┄┄┄┄┄┄┄┄┄┄┄┄┄┄┄┄┄┄┄┄┄┄┄┄┄┄┄┄[0m
[38;5;196m│ ⛔ Context: {title: Error Test, dimensions: 1x1}[0m
[38;5;196m└───────────────────────────────────────────────────────────────────────────────────────────────────────────────────────[0m

00:03 +37 -2: /Users/mr42/code/flutter/tmp/filler/test/integration/platform_specific_test.dart: Platform-Specific Database Integration Canvas Operations Work Cross-Platform                           
00:03 +37 -2: /Users/mr42/code/flutter/tmp/filler/test/features/canvas/presentation/canvas_bloc_test.dart: CanvasBloc Export Tests should handle export on web platform                                
┌───────────────────────────────────────────────────────────────────────────────────────────────────────────────────────
│ #0   AppLogger.bloc (package:filler/core/logging.dart:44:13)
│ #1   new CanvasBloc (package:filler/features/canvas/presentation/canvas_bloc.dart:106:15)
├┄┄┄┄┄┄┄┄┄┄┄┄┄┄┄┄┄┄┄┄┄┄┄┄┄┄┄┄┄┄┄┄┄┄┄┄┄┄┄┄┄┄┄┄┄┄┄┄┄┄┄┄┄┄┄┄┄┄┄┄┄┄┄┄┄┄┄┄┄┄┄┄┄┄┄┄┄┄┄┄┄┄┄┄┄┄┄┄┄┄┄┄┄┄┄┄┄┄┄┄┄┄┄┄┄┄┄┄┄┄┄┄┄┄┄┄┄┄┄
│ 07:38:49.179 (+0:00:00.171390)
├┄┄┄┄┄┄┄┄┄┄┄┄┄┄┄┄┄┄┄┄┄┄┄┄┄┄┄┄┄┄┄┄┄┄┄┄┄┄┄┄┄┄┄┄┄┄┄┄┄┄┄┄┄┄┄┄┄┄┄┄┄┄┄┄┄┄┄┄┄┄┄┄┄┄┄┄┄┄┄┄┄┄┄┄┄┄┄┄┄┄┄┄┄┄┄┄┄┄┄┄┄┄┄┄┄┄┄┄┄┄┄┄┄┄┄┄┄┄┄
│ 🐛 🔄 BLoC[Canvas]: BLoC Created | null → initial
└───────────────────────────────────────────────────────────────────────────────────────────────────────────────────────
┌───────────────────────────────────────────────────────────────────────────────────────────────────────────────────────
│ #0   AppLogger.bloc (package:filler/core/logging.dart:44:13)
│ #1   new CanvasBloc (package:filler/features/canvas/presentation/canvas_bloc.dart:106:15)
├┄┄┄┄┄┄┄┄┄┄┄┄┄┄┄┄┄┄┄┄┄┄┄┄┄┄┄┄┄┄┄┄┄┄┄┄┄┄┄┄┄┄┄┄┄┄┄┄┄┄┄┄┄┄┄┄┄┄┄┄┄┄┄┄┄┄┄┄┄┄┄┄┄┄┄┄┄┄┄┄┄┄┄┄┄┄┄┄┄┄┄┄┄┄┄┄┄┄┄┄┄┄┄┄┄┄┄┄┄┄┄┄┄┄┄┄┄┄┄
│ 07:38:49.181 (+0:00:00.173353)
├┄┄┄┄┄┄┄┄┄┄┄┄┄┄┄┄┄┄┄┄┄┄┄┄┄┄┄┄┄┄┄┄┄┄┄┄┄┄┄┄┄┄┄┄┄┄┄┄┄┄┄┄┄┄┄┄┄┄┄┄┄┄┄┄┄┄┄┄┄┄┄┄┄┄┄┄┄┄┄┄┄┄┄┄┄┄┄┄┄┄┄┄┄┄┄┄┄┄┄┄┄┄┄┄┄┄┄┄┄┄┄┄┄┄┄┄┄┄┄
│ 🐛 🔄 BLoC[Canvas]: BLoC Created | null → initial
└───────────────────────────────────────────────────────────────────────────────────────────────────────────────────────
┌───────────────────────────────────────────────────────────────────────────────────────────────────────────────────────
│ #0   AppLogger.bloc (package:filler/core/logging.dart:44:13)
│ #1   new CanvasBloc.<anonymous closure> (package:filler/features/canvas/presentation/canvas_bloc.dart:108:17)
├┄┄┄┄┄┄┄┄┄┄┄┄┄┄┄┄┄┄┄┄┄┄┄┄┄┄┄┄┄┄┄┄┄┄┄┄┄┄┄┄┄┄┄┄┄┄┄┄┄┄┄┄┄┄┄┄┄┄┄┄┄┄┄┄┄┄┄┄┄┄┄┄┄┄┄┄┄┄┄┄┄┄┄┄┄┄┄┄┄┄┄┄┄┄┄┄┄┄┄┄┄┄┄┄┄┄┄┄┄┄┄┄┄┄┄┄┄┄┄
│ 07:38:49.182 (+0:00:00.174753)
├┄┄┄┄┄┄┄┄┄┄┄┄┄┄┄┄┄┄┄┄┄┄┄┄┄┄┄┄┄┄┄┄┄┄┄┄┄┄┄┄┄┄┄┄┄┄┄┄┄┄┄┄┄┄┄┄┄┄┄┄┄┄┄┄┄┄┄┄┄┄┄┄┄┄┄┄┄┄┄┄┄┄┄┄┄┄┄┄┄┄┄┄┄┄┄┄┄┄┄┄┄┄┄┄┄┄┄┄┄┄┄┄┄┄┄┄┄┄┄
│ 🐛 🔄 BLoC[Canvas]: Init Event | initial → loading
└───────────────────────────────────────────────────────────────────────────────────────────────────────────────────────
┌───────────────────────────────────────────────────────────────────────────────────────────────────────────────────────
│ {width: 16, height: 16, insets: 1, defaultPattern: 0}
├┄┄┄┄┄┄┄┄┄┄┄┄┄┄┄┄┄┄┄┄┄┄┄┄┄┄┄┄┄┄┄┄┄┄┄┄┄┄┄┄┄┄┄┄┄┄┄┄┄┄┄┄┄┄┄┄┄┄┄┄┄┄┄┄┄┄┄┄┄┄┄┄┄┄┄┄┄┄┄┄┄┄┄┄┄┄┄┄┄┄┄┄┄┄┄┄┄┄┄┄┄┄┄┄┄┄┄┄┄┄┄┄┄┄┄┄┄┄┄
│ #0   AppLogger.preferences (package:filler/core/logging.dart:64:13)
│ #1   new CanvasBloc.<anonymous closure> (package:filler/features/canvas/presentation/canvas_bloc.dart:116:19)
│ #2   <asynchronous suspension>
│ #3   Bloc.on.<anonymous closure>.handleEvent (package:bloc/src/bloc.dart:226:13)
│ #4   <asynchronous suspension>
├┄┄┄┄┄┄┄┄┄┄┄┄┄┄┄┄┄┄┄┄┄┄┄┄┄┄┄┄┄┄┄┄┄┄┄┄┄┄┄┄┄┄┄┄┄┄┄┄┄┄┄┄┄┄┄┄┄┄┄┄┄┄┄┄┄┄┄┄┄┄┄┄┄┄┄┄┄┄┄┄┄┄┄┄┄┄┄┄┄┄┄┄┄┄┄┄┄┄┄┄┄┄┄┄┄┄┄┄┄┄┄┄┄┄┄┄┄┄┄
│ 07:38:49.183 (+0:00:00.175837)
├┄┄┄┄┄┄┄┄┄┄┄┄┄┄┄┄┄┄┄┄┄┄┄┄┄┄┄┄┄┄┄┄┄┄┄┄┄┄┄┄┄┄┄┄┄┄┄┄┄┄┄┄┄┄┄┄┄┄┄┄┄┄┄┄┄┄┄┄┄┄┄┄┄┄┄┄┄┄┄┄┄┄┄┄┄┄┄┄┄┄┄┄┄┄┄┄┄┄┄┄┄┄┄┄┄┄┄┄┄┄┄┄┄┄┄┄┄┄┄
│ 🐛 ⚙️ Preferences: Loaded preferences from key-value store
└───────────────────────────────────────────────────────────────────────────────────────────────────────────────────────
[38;5;12m┌───────────────────────────────────────────────────────────────────────────────────────────────────────────────────────[0m
[38;5;12m│ #0   AppLogger.performance (package:filler/core/logging.dart:131:13)[0m
[38;5;12m│ #1   new CanvasBloc.<anonymous closure> (package:filler/features/canvas/presentation/canvas_bloc.dart:125:19)[0m
[38;5;12m├┄┄┄┄┄┄┄┄┄┄┄┄┄┄┄┄┄┄┄┄┄┄┄┄┄┄┄┄┄┄┄┄┄┄┄┄┄┄┄┄┄┄┄┄┄┄┄┄┄┄┄┄┄┄┄┄┄┄┄┄┄┄┄┄┄┄┄┄┄┄┄┄┄┄┄┄┄┄┄┄┄┄┄┄┄┄┄┄┄┄┄┄┄┄┄┄┄┄┄┄┄┄┄┄┄┄┄┄┄┄┄┄┄┄┄┄┄┄┄[0m
[38;5;12m│ 07:38:49.184 (+0:00:00.176902)[0m
[38;5;12m├┄┄┄┄┄┄┄┄┄┄┄┄┄┄┄┄┄┄┄┄┄┄┄┄┄┄┄┄┄┄┄┄┄┄┄┄┄┄┄┄┄┄┄┄┄┄┄┄┄┄┄┄┄┄┄┄┄┄┄┄┄┄┄┄┄┄┄┄┄┄┄┄┄┄┄┄┄┄┄┄┄┄┄┄┄┄┄┄┄┄┄┄┄┄┄┄┄┄┄┄┄┄┄┄┄┄┄┄┄┄┄┄┄┄┄┄┄┄┄[0m
[38;5;12m│ 💡 ⏱️ Performance: Preferences fetch took 0ms[0m
[38;5;12m└───────────────────────────────────────────────────────────────────────────────────────────────────────────────────────[0m
┌───────────────────────────────────────────────────────────────────────────────────────────────────────────────────────
│ {dimensions: 16x16, pixelCount: 256, insets: 1, defaultPattern: 0}
├┄┄┄┄┄┄┄┄┄┄┄┄┄┄┄┄┄┄┄┄┄┄┄┄┄┄┄┄┄┄┄┄┄┄┄┄┄┄┄┄┄┄┄┄┄┄┄┄┄┄┄┄┄┄┄┄┄┄┄┄┄┄┄┄┄┄┄┄┄┄┄┄┄┄┄┄┄┄┄┄┄┄┄┄┄┄┄┄┄┄┄┄┄┄┄┄┄┄┄┄┄┄┄┄┄┄┄┄┄┄┄┄┄┄┄┄┄┄┄
│ #0   AppLogger.canvas (package:filler/core/logging.dart:59:13)
│ #1   new CanvasBloc.<anonymous closure> (package:filler/features/canvas/presentation/canvas_bloc.dart:133:19)
│ #2   <asynchronous suspension>
│ #3   Bloc.on.<anonymous closure>.handleEvent (package:bloc/src/bloc.dart:226:13)
│ #4   <asynchronous suspension>
├┄┄┄┄┄┄┄┄┄┄┄┄┄┄┄┄┄┄┄┄┄┄┄┄┄┄┄┄┄┄┄┄┄┄┄┄┄┄┄┄┄┄┄┄┄┄┄┄┄┄┄┄┄┄┄┄┄┄┄┄┄┄┄┄┄┄┄┄┄┄┄┄┄┄┄┄┄┄┄┄┄┄┄┄┄┄┄┄┄┄┄┄┄┄┄┄┄┄┄┄┄┄┄┄┄┄┄┄┄┄┄┄┄┄┄┄┄┄┄
│ 07:38:49.185 (+0:00:00.177601)
├┄┄┄┄┄┄┄┄┄┄┄┄┄┄┄┄┄┄┄┄┄┄┄┄┄┄┄┄┄┄┄┄┄┄┄┄┄┄┄┄┄┄┄┄┄┄┄┄┄┄┄┄┄┄┄┄┄┄┄┄┄┄┄┄┄┄┄┄┄┄┄┄┄┄┄┄┄┄┄┄┄┄┄┄┄┄┄┄┄┄┄┄┄┄┄┄┄┄┄┄┄┄┄┄┄┄┄┄┄┄┄┄┄┄┄┄┄┄┄
│ 🐛 🎨 Canvas: Initialized canvas
└───────────────────────────────────────────────────────────────────────────────────────────────────────────────────────
┌───────────────────────────────────────────────────────────────────────────────────────────────────────────────────────
│ #0   AppLogger.bloc (package:filler/core/logging.dart:44:13)
│ #1   new CanvasBloc.<anonymous closure> (package:filler/features/canvas/presentation/canvas_bloc.dart:156:19)
├┄┄┄┄┄┄┄┄┄┄┄┄┄┄┄┄┄┄┄┄┄┄┄┄┄┄┄┄┄┄┄┄┄┄┄┄┄┄┄┄┄┄┄┄┄┄┄┄┄┄┄┄┄┄┄┄┄┄┄┄┄┄┄┄┄┄┄┄┄┄┄┄┄┄┄┄┄┄┄┄┄┄┄┄┄┄┄┄┄┄┄┄┄┄┄┄┄┄┄┄┄┄┄┄┄┄┄┄┄┄┄┄┄┄┄┄┄┄┄
│ 07:38:49.186 (+0:00:00.178686)
├┄┄┄┄┄┄┄┄┄┄┄┄┄┄┄┄┄┄┄┄┄┄┄┄┄┄┄┄┄┄┄┄┄┄┄┄┄┄┄┄┄┄┄┄┄┄┄┄┄┄┄┄┄┄┄┄┄┄┄┄┄┄┄┄┄┄┄┄┄┄┄┄┄┄┄┄┄┄┄┄┄┄┄┄┄┄┄┄┄┄┄┄┄┄┄┄┄┄┄┄┄┄┄┄┄┄┄┄┄┄┄┄┄┄┄┄┄┄┄
│ 🐛 🔄 BLoC[Canvas]: Init Complete | loading → ready
└───────────────────────────────────────────────────────────────────────────────────────────────────────────────────────

00:03 +38 -2: /Users/mr42/code/flutter/tmp/filler/test/integration/platform_specific_test.dart: Platform-Specific Database Integration Canvas Operations Work Cross-Platform                           
00:03 +38 -2: /Users/mr42/code/flutter/tmp/filler/test/integration/page_state_transitions_test.dart: BLoC State Transitions - All Pages Gallery BLoC - State Transitions                               
┌───────────────────────────────────────────────────────────────────────────────────────────────────────────────────────
│ #0   TestHelpers.cleanup (file:///Users/mr42/code/flutter/tmp/filler/test/helpers/test_helpers.dart:152:24)
│ #1   main.<anonymous closure> (file:///Users/mr42/code/flutter/tmp/filler/test/integration/page_state_transitions_test.dart:35:23)
├┄┄┄┄┄┄┄┄┄┄┄┄┄┄┄┄┄┄┄┄┄┄┄┄┄┄┄┄┄┄┄┄┄┄┄┄┄┄┄┄┄┄┄┄┄┄┄┄┄┄┄┄┄┄┄┄┄┄┄┄┄┄┄┄┄┄┄┄┄┄┄┄┄┄┄┄┄┄┄┄┄┄┄┄┄┄┄┄┄┄┄┄┄┄┄┄┄┄┄┄┄┄┄┄┄┄┄┄┄┄┄┄┄┄┄┄┄┄┄
│ 07:38:49.538 (+0:00:01.734449)
├┄┄┄┄┄┄┄┄┄┄┄┄┄┄┄┄┄┄┄┄┄┄┄┄┄┄┄┄┄┄┄┄┄┄┄┄┄┄┄┄┄┄┄┄┄┄┄┄┄┄┄┄┄┄┄┄┄┄┄┄┄┄┄┄┄┄┄┄┄┄┄┄┄┄┄┄┄┄┄┄┄┄┄┄┄┄┄┄┄┄┄┄┄┄┄┄┄┄┄┄┄┄┄┄┄┄┄┄┄┄┄┄┄┄┄┄┄┄┄
│ 🐛 🧹 Cleaning up test environment
└───────────────────────────────────────────────────────────────────────────────────────────────────────────────────────
┌───────────────────────────────────────────────────────────────────────────────────────────────────────────────────────
│ #0   TestHelpers.cleanup (file:///Users/mr42/code/flutter/tmp/filler/test/helpers/test_helpers.dart:166:26)
│ #1   main.<anonymous closure> (file:///Users/mr42/code/flutter/tmp/filler/test/integration/page_state_transitions_test.dart:35:23)
├┄┄┄┄┄┄┄┄┄┄┄┄┄┄┄┄┄┄┄┄┄┄┄┄┄┄┄┄┄┄┄┄┄┄┄┄┄┄┄┄┄┄┄┄┄┄┄┄┄┄┄┄┄┄┄┄┄┄┄┄┄┄┄┄┄┄┄┄┄┄┄┄┄┄┄┄┄┄┄┄┄┄┄┄┄┄┄┄┄┄┄┄┄┄┄┄┄┄┄┄┄┄┄┄┄┄┄┄┄┄┄┄┄┄┄┄┄┄┄
│ 07:38:49.542 (+0:00:01.738471)
├┄┄┄┄┄┄┄┄┄┄┄┄┄┄┄┄┄┄┄┄┄┄┄┄┄┄┄┄┄┄┄┄┄┄┄┄┄┄┄┄┄┄┄┄┄┄┄┄┄┄┄┄┄┄┄┄┄┄┄┄┄┄┄┄┄┄┄┄┄┄┄┄┄┄┄┄┄┄┄┄┄┄┄┄┄┄┄┄┄┄┄┄┄┄┄┄┄┄┄┄┄┄┄┄┄┄┄┄┄┄┄┄┄┄┄┄┄┄┄
│ 🐛 ✅ Test cleanup completed
└───────────────────────────────────────────────────────────────────────────────────────────────────────────────────────

00:03 +39 -2: /Users/mr42/code/flutter/tmp/filler/test/integration/platform_specific_test.dart: Platform-Specific Database Integration Canvas Operations Work Cross-Platform                           
00:03 +39 -2: /Users/mr42/code/flutter/tmp/filler/test/integration/page_state_transitions_test.dart: BLoC State Transitions - All Pages Preferences BLoC - State Transitions                           
┌───────────────────────────────────────────────────────────────────────────────────────────────────────────────────────
│ #0   TestHelpers.createTestDatabase (file:///Users/mr42/code/flutter/tmp/filler/test/helpers/test_helpers.dart:30:24)
│ #1   main.<anonymous closure> (file:///Users/mr42/code/flutter/tmp/filler/test/integration/page_state_transitions_test.dart:22:28)
├┄┄┄┄┄┄┄┄┄┄┄┄┄┄┄┄┄┄┄┄┄┄┄┄┄┄┄┄┄┄┄┄┄┄┄┄┄┄┄┄┄┄┄┄┄┄┄┄┄┄┄┄┄┄┄┄┄┄┄┄┄┄┄┄┄┄┄┄┄┄┄┄┄┄┄┄┄┄┄┄┄┄┄┄┄┄┄┄┄┄┄┄┄┄┄┄┄┄┄┄┄┄┄┄┄┄┄┄┄┄┄┄┄┄┄┄┄┄┄
│ 07:38:49.544 (+0:00:01.740756)
├┄┄┄┄┄┄┄┄┄┄┄┄┄┄┄┄┄┄┄┄┄┄┄┄┄┄┄┄┄┄┄┄┄┄┄┄┄┄┄┄┄┄┄┄┄┄┄┄┄┄┄┄┄┄┄┄┄┄┄┄┄┄┄┄┄┄┄┄┄┄┄┄┄┄┄┄┄┄┄┄┄┄┄┄┄┄┄┄┄┄┄┄┄┄┄┄┄┄┄┄┄┄┄┄┄┄┄┄┄┄┄┄┄┄┄┄┄┄┄
│ 🐛 🗄️ Creating test database
└───────────────────────────────────────────────────────────────────────────────────────────────────────────────────────
┌───────────────────────────────────────────────────────────────────────────────────────────────────────────────────────
│ #0   AppLogger.bloc (package:filler/core/logging.dart:44:13)
│ #1   new CanvasBloc (package:filler/features/canvas/presentation/canvas_bloc.dart:106:15)
├┄┄┄┄┄┄┄┄┄┄┄┄┄┄┄┄┄┄┄┄┄┄┄┄┄┄┄┄┄┄┄┄┄┄┄┄┄┄┄┄┄┄┄┄┄┄┄┄┄┄┄┄┄┄┄┄┄┄┄┄┄┄┄┄┄┄┄┄┄┄┄┄┄┄┄┄┄┄┄┄┄┄┄┄┄┄┄┄┄┄┄┄┄┄┄┄┄┄┄┄┄┄┄┄┄┄┄┄┄┄┄┄┄┄┄┄┄┄┄
│ 07:38:49.545 (+0:00:01.741734)
├┄┄┄┄┄┄┄┄┄┄┄┄┄┄┄┄┄┄┄┄┄┄┄┄┄┄┄┄┄┄┄┄┄┄┄┄┄┄┄┄┄┄┄┄┄┄┄┄┄┄┄┄┄┄┄┄┄┄┄┄┄┄┄┄┄┄┄┄┄┄┄┄┄┄┄┄┄┄┄┄┄┄┄┄┄┄┄┄┄┄┄┄┄┄┄┄┄┄┄┄┄┄┄┄┄┄┄┄┄┄┄┄┄┄┄┄┄┄┄
│ 🐛 🔄 BLoC[Canvas]: BLoC Created | null → initial
└───────────────────────────────────────────────────────────────────────────────────────────────────────────────────────
┌───────────────────────────────────────────────────────────────────────────────────────────────────────────────────────
│ #0   AppLogger.bloc (package:filler/core/logging.dart:44:13)
│ #1   new GalleryBloc (package:filler/features/gallery/presentation/gallery_bloc.dart:77:15)
├┄┄┄┄┄┄┄┄┄┄┄┄┄┄┄┄┄┄┄┄┄┄┄┄┄┄┄┄┄┄┄┄┄┄┄┄┄┄┄┄┄┄┄┄┄┄┄┄┄┄┄┄┄┄┄┄┄┄┄┄┄┄┄┄┄┄┄┄┄┄┄┄┄┄┄┄┄┄┄┄┄┄┄┄┄┄┄┄┄┄┄┄┄┄┄┄┄┄┄┄┄┄┄┄┄┄┄┄┄┄┄┄┄┄┄┄┄┄┄
│ 07:38:49.547 (+0:00:01.743483)
├┄┄┄┄┄┄┄┄┄┄┄┄┄┄┄┄┄┄┄┄┄┄┄┄┄┄┄┄┄┄┄┄┄┄┄┄┄┄┄┄┄┄┄┄┄┄┄┄┄┄┄┄┄┄┄┄┄┄┄┄┄┄┄┄┄┄┄┄┄┄┄┄┄┄┄┄┄┄┄┄┄┄┄┄┄┄┄┄┄┄┄┄┄┄┄┄┄┄┄┄┄┄┄┄┄┄┄┄┄┄┄┄┄┄┄┄┄┄┄
│ 🐛 🔄 BLoC[Gallery]: BLoC Created | null → initial
└───────────────────────────────────────────────────────────────────────────────────────────────────────────────────────
┌───────────────────────────────────────────────────────────────────────────────────────────────────────────────────────
│ #0   AppLogger.bloc (package:filler/core/logging.dart:44:13)
│ #1   new PreferencesBloc (package:filler/features/prefs/presentation/preferences_bloc.dart:77:15)
├┄┄┄┄┄┄┄┄┄┄┄┄┄┄┄┄┄┄┄┄┄┄┄┄┄┄┄┄┄┄┄┄┄┄┄┄┄┄┄┄┄┄┄┄┄┄┄┄┄┄┄┄┄┄┄┄┄┄┄┄┄┄┄┄┄┄┄┄┄┄┄┄┄┄┄┄┄┄┄┄┄┄┄┄┄┄┄┄┄┄┄┄┄┄┄┄┄┄┄┄┄┄┄┄┄┄┄┄┄┄┄┄┄┄┄┄┄┄┄
│ 07:38:49.548 (+0:00:01.744451)
├┄┄┄┄┄┄┄┄┄┄┄┄┄┄┄┄┄┄┄┄┄┄┄┄┄┄┄┄┄┄┄┄┄┄┄┄┄┄┄┄┄┄┄┄┄┄┄┄┄┄┄┄┄┄┄┄┄┄┄┄┄┄┄┄┄┄┄┄┄┄┄┄┄┄┄┄┄┄┄┄┄┄┄┄┄┄┄┄┄┄┄┄┄┄┄┄┄┄┄┄┄┄┄┄┄┄┄┄┄┄┄┄┄┄┄┄┄┄┄
│ 🐛 🔄 BLoC[Preferences]: BLoC Created | null → initial
└───────────────────────────────────────────────────────────────────────────────────────────────────────────────────────
┌───────────────────────────────────────────────────────────────────────────────────────────────────────────────────────
│ #0   AppLogger.bloc (package:filler/core/logging.dart:44:13)
│ #1   new PreferencesBloc.<anonymous closure> (package:filler/features/prefs/presentation/preferences_bloc.dart:79:17)
├┄┄┄┄┄┄┄┄┄┄┄┄┄┄┄┄┄┄┄┄┄┄┄┄┄┄┄┄┄┄┄┄┄┄┄┄┄┄┄┄┄┄┄┄┄┄┄┄┄┄┄┄┄┄┄┄┄┄┄┄┄┄┄┄┄┄┄┄┄┄┄┄┄┄┄┄┄┄┄┄┄┄┄┄┄┄┄┄┄┄┄┄┄┄┄┄┄┄┄┄┄┄┄┄┄┄┄┄┄┄┄┄┄┄┄┄┄┄┄
│ 07:38:49.552 (+0:00:01.748125)
├┄┄┄┄┄┄┄┄┄┄┄┄┄┄┄┄┄┄┄┄┄┄┄┄┄┄┄┄┄┄┄┄┄┄┄┄┄┄┄┄┄┄┄┄┄┄┄┄┄┄┄┄┄┄┄┄┄┄┄┄┄┄┄┄┄┄┄┄┄┄┄┄┄┄┄┄┄┄┄┄┄┄┄┄┄┄┄┄┄┄┄┄┄┄┄┄┄┄┄┄┄┄┄┄┄┄┄┄┄┄┄┄┄┄┄┄┄┄┄
│ 🐛 🔄 BLoC[Preferences]: Load Event | initial → loading
└───────────────────────────────────────────────────────────────────────────────────────────────────────────────────────
┌───────────────────────────────────────────────────────────────────────────────────────────────────────────────────────
│ #0   AppLogger.preferences (package:filler/core/logging.dart:64:13)
│ #1   PreferencesRepository.get (package:filler/domain/repositories.dart:423:15)
├┄┄┄┄┄┄┄┄┄┄┄┄┄┄┄┄┄┄┄┄┄┄┄┄┄┄┄┄┄┄┄┄┄┄┄┄┄┄┄┄┄┄┄┄┄┄┄┄┄┄┄┄┄┄┄┄┄┄┄┄┄┄┄┄┄┄┄┄┄┄┄┄┄┄┄┄┄┄┄┄┄┄┄┄┄┄┄┄┄┄┄┄┄┄┄┄┄┄┄┄┄┄┄┄┄┄┄┄┄┄┄┄┄┄┄┄┄┄┄
│ 07:38:49.553 (+0:00:01.749289)
├┄┄┄┄┄┄┄┄┄┄┄┄┄┄┄┄┄┄┄┄┄┄┄┄┄┄┄┄┄┄┄┄┄┄┄┄┄┄┄┄┄┄┄┄┄┄┄┄┄┄┄┄┄┄┄┄┄┄┄┄┄┄┄┄┄┄┄┄┄┄┄┄┄┄┄┄┄┄┄┄┄┄┄┄┄┄┄┄┄┄┄┄┄┄┄┄┄┄┄┄┄┄┄┄┄┄┄┄┄┄┄┄┄┄┄┄┄┄┄
│ 🐛 ⚙️ Preferences: Fetching preferences from key-value store
└───────────────────────────────────────────────────────────────────────────────────────────────────────────────────────
┌───────────────────────────────────────────────────────────────────────────────────────────────────────────────────────
│ #0   AppLogger.database (package:filler/core/logging.dart:49:13)
│ #1   AppDatabase.getAllPreferences (package:filler/data/database.dart:354:15)
├┄┄┄┄┄┄┄┄┄┄┄┄┄┄┄┄┄┄┄┄┄┄┄┄┄┄┄┄┄┄┄┄┄┄┄┄┄┄┄┄┄┄┄┄┄┄┄┄┄┄┄┄┄┄┄┄┄┄┄┄┄┄┄┄┄┄┄┄┄┄┄┄┄┄┄┄┄┄┄┄┄┄┄┄┄┄┄┄┄┄┄┄┄┄┄┄┄┄┄┄┄┄┄┄┄┄┄┄┄┄┄┄┄┄┄┄┄┄┄
│ 07:38:49.554 (+0:00:01.750109)
├┄┄┄┄┄┄┄┄┄┄┄┄┄┄┄┄┄┄┄┄┄┄┄┄┄┄┄┄┄┄┄┄┄┄┄┄┄┄┄┄┄┄┄┄┄┄┄┄┄┄┄┄┄┄┄┄┄┄┄┄┄┄┄┄┄┄┄┄┄┄┄┄┄┄┄┄┄┄┄┄┄┄┄┄┄┄┄┄┄┄┄┄┄┄┄┄┄┄┄┄┄┄┄┄┄┄┄┄┄┄┄┄┄┄┄┄┄┄┄
│ 🐛 💾 Database: Fetching all preferences
└───────────────────────────────────────────────────────────────────────────────────────────────────────────────────────
┌───────────────────────────────────────────────────────────────────────────────────────────────────────────────────────
│ #0   AppLogger.database (package:filler/core/logging.dart:49:13)
│ #1   createTestDatabaseConnection.<anonymous closure> (package:filler/data/database_connection.dart:22:15)
├┄┄┄┄┄┄┄┄┄┄┄┄┄┄┄┄┄┄┄┄┄┄┄┄┄┄┄┄┄┄┄┄┄┄┄┄┄┄┄┄┄┄┄┄┄┄┄┄┄┄┄┄┄┄┄┄┄┄┄┄┄┄┄┄┄┄┄┄┄┄┄┄┄┄┄┄┄┄┄┄┄┄┄┄┄┄┄┄┄┄┄┄┄┄┄┄┄┄┄┄┄┄┄┄┄┄┄┄┄┄┄┄┄┄┄┄┄┄┄
│ 07:38:49.555 (+0:00:01.750966)
├┄┄┄┄┄┄┄┄┄┄┄┄┄┄┄┄┄┄┄┄┄┄┄┄┄┄┄┄┄┄┄┄┄┄┄┄┄┄┄┄┄┄┄┄┄┄┄┄┄┄┄┄┄┄┄┄┄┄┄┄┄┄┄┄┄┄┄┄┄┄┄┄┄┄┄┄┄┄┄┄┄┄┄┄┄┄┄┄┄┄┄┄┄┄┄┄┄┄┄┄┄┄┄┄┄┄┄┄┄┄┄┄┄┄┄┄┄┄┄
│ 🐛 💾 Database: Test AppDatabase instance created (in-memory)
└───────────────────────────────────────────────────────────────────────────────────────────────────────────────────────
┌───────────────────────────────────────────────────────────────────────────────────────────────────────────────────────
│ {version: 4, wasCreated: true, hadUpgrade: false}
├┄┄┄┄┄┄┄┄┄┄┄┄┄┄┄┄┄┄┄┄┄┄┄┄┄┄┄┄┄┄┄┄┄┄┄┄┄┄┄┄┄┄┄┄┄┄┄┄┄┄┄┄┄┄┄┄┄┄┄┄┄┄┄┄┄┄┄┄┄┄┄┄┄┄┄┄┄┄┄┄┄┄┄┄┄┄┄┄┄┄┄┄┄┄┄┄┄┄┄┄┄┄┄┄┄┄┄┄┄┄┄┄┄┄┄┄┄┄┄
│ #0   AppLogger.database (package:filler/core/logging.dart:49:13)
│ #1   AppDatabase.migration.<anonymous closure> (package:filler/data/database.dart:211:17)
│ #2   GeneratedDatabase.beforeOpen.<anonymous closure> (package:drift/src/runtime/api/db_base.dart:137:44)
│ #3   <asynchronous suspension>
│ #4   DelegatedDatabase._runMigrations (package:drift/src/runtime/executor/helpers/engines.dart:512:5)
│ #5   <asynchronous suspension>
│ #6   DelegatedDatabase.ensureOpen.<anonymous closure> (package:drift/src/runtime/executor/helpers/engines.dart:476:9)
│ #7   <asynchronous suspension>
├┄┄┄┄┄┄┄┄┄┄┄┄┄┄┄┄┄┄┄┄┄┄┄┄┄┄┄┄┄┄┄┄┄┄┄┄┄┄┄┄┄┄┄┄┄┄┄┄┄┄┄┄┄┄┄┄┄┄┄┄┄┄┄┄┄┄┄┄┄┄┄┄┄┄┄┄┄┄┄┄┄┄┄┄┄┄┄┄┄┄┄┄┄┄┄┄┄┄┄┄┄┄┄┄┄┄┄┄┄┄┄┄┄┄┄┄┄┄┄
│ 07:38:49.557 (+0:00:01.753612)
├┄┄┄┄┄┄┄┄┄┄┄┄┄┄┄┄┄┄┄┄┄┄┄┄┄┄┄┄┄┄┄┄┄┄┄┄┄┄┄┄┄┄┄┄┄┄┄┄┄┄┄┄┄┄┄┄┄┄┄┄┄┄┄┄┄┄┄┄┄┄┄┄┄┄┄┄┄┄┄┄┄┄┄┄┄┄┄┄┄┄┄┄┄┄┄┄┄┄┄┄┄┄┄┄┄┄┄┄┄┄┄┄┄┄┄┄┄┄┄
│ 🐛 💾 Database: Database opened
└───────────────────────────────────────────────────────────────────────────────────────────────────────────────────────
┌───────────────────────────────────────────────────────────────────────────────────────────────────────────────────────
│ {count: 0, keys: []}
├┄┄┄┄┄┄┄┄┄┄┄┄┄┄┄┄┄┄┄┄┄┄┄┄┄┄┄┄┄┄┄┄┄┄┄┄┄┄┄┄┄┄┄┄┄┄┄┄┄┄┄┄┄┄┄┄┄┄┄┄┄┄┄┄┄┄┄┄┄┄┄┄┄┄┄┄┄┄┄┄┄┄┄┄┄┄┄┄┄┄┄┄┄┄┄┄┄┄┄┄┄┄┄┄┄┄┄┄┄┄┄┄┄┄┄┄┄┄┄
│ #0   AppLogger.database (package:filler/core/logging.dart:49:13)
│ #1   AppDatabase.getAllPreferences (package:filler/data/database.dart:364:17)
│ #2   <asynchronous suspension>
│ #3   PreferencesRepository.get (package:filler/domain/repositories.dart:427:24)
│ #4   <asynchronous suspension>
│ #5   new PreferencesBloc.<anonymous closure> (package:filler/features/prefs/presentation/preferences_bloc.dart:84:19)
│ #6   <asynchronous suspension>
│ #7   Bloc.on.<anonymous closure>.handleEvent (package:bloc/src/bloc.dart:226:13)
├┄┄┄┄┄┄┄┄┄┄┄┄┄┄┄┄┄┄┄┄┄┄┄┄┄┄┄┄┄┄┄┄┄┄┄┄┄┄┄┄┄┄┄┄┄┄┄┄┄┄┄┄┄┄┄┄┄┄┄┄┄┄┄┄┄┄┄┄┄┄┄┄┄┄┄┄┄┄┄┄┄┄┄┄┄┄┄┄┄┄┄┄┄┄┄┄┄┄┄┄┄┄┄┄┄┄┄┄┄┄┄┄┄┄┄┄┄┄┄
│ 07:38:49.559 (+0:00:01.755769)
├┄┄┄┄┄┄┄┄┄┄┄┄┄┄┄┄┄┄┄┄┄┄┄┄┄┄┄┄┄┄┄┄┄┄┄┄┄┄┄┄┄┄┄┄┄┄┄┄┄┄┄┄┄┄┄┄┄┄┄┄┄┄┄┄┄┄┄┄┄┄┄┄┄┄┄┄┄┄┄┄┄┄┄┄┄┄┄┄┄┄┄┄┄┄┄┄┄┄┄┄┄┄┄┄┄┄┄┄┄┄┄┄┄┄┄┄┄┄┄
│ 🐛 💾 Database: Retrieved all preferences
└───────────────────────────────────────────────────────────────────────────────────────────────────────────────────────
┌───────────────────────────────────────────────────────────────────────────────────────────────────────────────────────
│ {key: width, defaultValue: 10}
├┄┄┄┄┄┄┄┄┄┄┄┄┄┄┄┄┄┄┄┄┄┄┄┄┄┄┄┄┄┄┄┄┄┄┄┄┄┄┄┄┄┄┄┄┄┄┄┄┄┄┄┄┄┄┄┄┄┄┄┄┄┄┄┄┄┄┄┄┄┄┄┄┄┄┄┄┄┄┄┄┄┄┄┄┄┄┄┄┄┄┄┄┄┄┄┄┄┄┄┄┄┄┄┄┄┄┄┄┄┄┄┄┄┄┄┄┄┄┄
│ #0   AppLogger.preferences (package:filler/core/logging.dart:64:13)
│ #1   PreferencesRepository._getIntValue (package:filler/domain/repositories.dart:493:17)
│ #2   PreferencesRepository.get (package:filler/domain/repositories.dart:431:21)
│ #3   <asynchronous suspension>
│ #4   new PreferencesBloc.<anonymous closure> (package:filler/features/prefs/presentation/preferences_bloc.dart:84:19)
│ #5   <asynchronous suspension>
│ #6   Bloc.on.<anonymous closure>.handleEvent (package:bloc/src/bloc.dart:226:13)
│ #7   <asynchronous suspension>
├┄┄┄┄┄┄┄┄┄┄┄┄┄┄┄┄┄┄┄┄┄┄┄┄┄┄┄┄┄┄┄┄┄┄┄┄┄┄┄┄┄┄┄┄┄┄┄┄┄┄┄┄┄┄┄┄┄┄┄┄┄┄┄┄┄┄┄┄┄┄┄┄┄┄┄┄┄┄┄┄┄┄┄┄┄┄┄┄┄┄┄┄┄┄┄┄┄┄┄┄┄┄┄┄┄┄┄┄┄┄┄┄┄┄┄┄┄┄┄
│ 07:38:49.561 (+0:00:01.757427)
├┄┄┄┄┄┄┄┄┄┄┄┄┄┄┄┄┄┄┄┄┄┄┄┄┄┄┄┄┄┄┄┄┄┄┄┄┄┄┄┄┄┄┄┄┄┄┄┄┄┄┄┄┄┄┄┄┄┄┄┄┄┄┄┄┄┄┄┄┄┄┄┄┄┄┄┄┄┄┄┄┄┄┄┄┄┄┄┄┄┄┄┄┄┄┄┄┄┄┄┄┄┄┄┄┄┄┄┄┄┄┄┄┄┄┄┄┄┄┄
│ 🐛 ⚙️ Preferences: Using default for missing key
└───────────────────────────────────────────────────────────────────────────────────────────────────────────────────────
┌───────────────────────────────────────────────────────────────────────────────────────────────────────────────────────
│ {key: height, defaultValue: 10}
├┄┄┄┄┄┄┄┄┄┄┄┄┄┄┄┄┄┄┄┄┄┄┄┄┄┄┄┄┄┄┄┄┄┄┄┄┄┄┄┄┄┄┄┄┄┄┄┄┄┄┄┄┄┄┄┄┄┄┄┄┄┄┄┄┄┄┄┄┄┄┄┄┄┄┄┄┄┄┄┄┄┄┄┄┄┄┄┄┄┄┄┄┄┄┄┄┄┄┄┄┄┄┄┄┄┄┄┄┄┄┄┄┄┄┄┄┄┄┄
│ #0   AppLogger.preferences (package:filler/core/logging.dart:64:13)
│ #1   PreferencesRepository._getIntValue (package:filler/domain/repositories.dart:493:17)
│ #2   PreferencesRepository.get (package:filler/domain/repositories.dart:432:22)
│ #3   <asynchronous suspension>
│ #4   new PreferencesBloc.<anonymous closure> (package:filler/features/prefs/presentation/preferences_bloc.dart:84:19)
│ #5   <asynchronous suspension>
│ #6   Bloc.on.<anonymous closure>.handleEvent (package:bloc/src/bloc.dart:226:13)
│ #7   <asynchronous suspension>
├┄┄┄┄┄┄┄┄┄┄┄┄┄┄┄┄┄┄┄┄┄┄┄┄┄┄┄┄┄┄┄┄┄┄┄┄┄┄┄┄┄┄┄┄┄┄┄┄┄┄┄┄┄┄┄┄┄┄┄┄┄┄┄┄┄┄┄┄┄┄┄┄┄┄┄┄┄┄┄┄┄┄┄┄┄┄┄┄┄┄┄┄┄┄┄┄┄┄┄┄┄┄┄┄┄┄┄┄┄┄┄┄┄┄┄┄┄┄┄
│ 07:38:49.563 (+0:00:01.758829)
├┄┄┄┄┄┄┄┄┄┄┄┄┄┄┄┄┄┄┄┄┄┄┄┄┄┄┄┄┄┄┄┄┄┄┄┄┄┄┄┄┄┄┄┄┄┄┄┄┄┄┄┄┄┄┄┄┄┄┄┄┄┄┄┄┄┄┄┄┄┄┄┄┄┄┄┄┄┄┄┄┄┄┄┄┄┄┄┄┄┄┄┄┄┄┄┄┄┄┄┄┄┄┄┄┄┄┄┄┄┄┄┄┄┄┄┄┄┄┄
│ 🐛 ⚙️ Preferences: Using default for missing key
└───────────────────────────────────────────────────────────────────────────────────────────────────────────────────────
┌───────────────────────────────────────────────────────────────────────────────────────────────────────────────────────
│ {key: insets, defaultValue: 0}
├┄┄┄┄┄┄┄┄┄┄┄┄┄┄┄┄┄┄┄┄┄┄┄┄┄┄┄┄┄┄┄┄┄┄┄┄┄┄┄┄┄┄┄┄┄┄┄┄┄┄┄┄┄┄┄┄┄┄┄┄┄┄┄┄┄┄┄┄┄┄┄┄┄┄┄┄┄┄┄┄┄┄┄┄┄┄┄┄┄┄┄┄┄┄┄┄┄┄┄┄┄┄┄┄┄┄┄┄┄┄┄┄┄┄┄┄┄┄┄
│ #0   AppLogger.preferences (package:filler/core/logging.dart:64:13)
│ #1   PreferencesRepository._getIntValue (package:filler/domain/repositories.dart:493:17)
│ #2   PreferencesRepository.get (package:filler/domain/repositories.dart:437:22)
│ #3   <asynchronous suspension>
│ #4   new PreferencesBloc.<anonymous closure> (package:filler/features/prefs/presentation/preferences_bloc.dart:84:19)
│ #5   <asynchronous suspension>
│ #6   Bloc.on.<anonymous closure>.handleEvent (package:bloc/src/bloc.dart:226:13)
│ #7   <asynchronous suspension>
├┄┄┄┄┄┄┄┄┄┄┄┄┄┄┄┄┄┄┄┄┄┄┄┄┄┄┄┄┄┄┄┄┄┄┄┄┄┄┄┄┄┄┄┄┄┄┄┄┄┄┄┄┄┄┄┄┄┄┄┄┄┄┄┄┄┄┄┄┄┄┄┄┄┄┄┄┄┄┄┄┄┄┄┄┄┄┄┄┄┄┄┄┄┄┄┄┄┄┄┄┄┄┄┄┄┄┄┄┄┄┄┄┄┄┄┄┄┄┄
│ 07:38:49.564 (+0:00:01.760185)
├┄┄┄┄┄┄┄┄┄┄┄┄┄┄┄┄┄┄┄┄┄┄┄┄┄┄┄┄┄┄┄┄┄┄┄┄┄┄┄┄┄┄┄┄┄┄┄┄┄┄┄┄┄┄┄┄┄┄┄┄┄┄┄┄┄┄┄┄┄┄┄┄┄┄┄┄┄┄┄┄┄┄┄┄┄┄┄┄┄┄┄┄┄┄┄┄┄┄┄┄┄┄┄┄┄┄┄┄┄┄┄┄┄┄┄┄┄┄┄
│ 🐛 ⚙️ Preferences: Using default for missing key
└───────────────────────────────────────────────────────────────────────────────────────────────────────────────────────
┌───────────────────────────────────────────────────────────────────────────────────────────────────────────────────────
│ {key: defaultPattern, defaultValue: 1}
├┄┄┄┄┄┄┄┄┄┄┄┄┄┄┄┄┄┄┄┄┄┄┄┄┄┄┄┄┄┄┄┄┄┄┄┄┄┄┄┄┄┄┄┄┄┄┄┄┄┄┄┄┄┄┄┄┄┄┄┄┄┄┄┄┄┄┄┄┄┄┄┄┄┄┄┄┄┄┄┄┄┄┄┄┄┄┄┄┄┄┄┄┄┄┄┄┄┄┄┄┄┄┄┄┄┄┄┄┄┄┄┄┄┄┄┄┄┄┄
│ #0   AppLogger.preferences (package:filler/core/logging.dart:64:13)
│ #1   PreferencesRepository._getIntValue (package:filler/domain/repositories.dart:493:17)
│ #2   PreferencesRepository.get (package:filler/domain/repositories.dart:442:30)
│ #3   <asynchronous suspension>
│ #4   new PreferencesBloc.<anonymous closure> (package:filler/features/prefs/presentation/preferences_bloc.dart:84:19)
│ #5   <asynchronous suspension>
│ #6   Bloc.on.<anonymous closure>.handleEvent (package:bloc/src/bloc.dart:226:13)
│ #7   <asynchronous suspension>
├┄┄┄┄┄┄┄┄┄┄┄┄┄┄┄┄┄┄┄┄┄┄┄┄┄┄┄┄┄┄┄┄┄┄┄┄┄┄┄┄┄┄┄┄┄┄┄┄┄┄┄┄┄┄┄┄┄┄┄┄┄┄┄┄┄┄┄┄┄┄┄┄┄┄┄┄┄┄┄┄┄┄┄┄┄┄┄┄┄┄┄┄┄┄┄┄┄┄┄┄┄┄┄┄┄┄┄┄┄┄┄┄┄┄┄┄┄┄┄
│ 07:38:49.566 (+0:00:01.761934)
├┄┄┄┄┄┄┄┄┄┄┄┄┄┄┄┄┄┄┄┄┄┄┄┄┄┄┄┄┄┄┄┄┄┄┄┄┄┄┄┄┄┄┄┄┄┄┄┄┄┄┄┄┄┄┄┄┄┄┄┄┄┄┄┄┄┄┄┄┄┄┄┄┄┄┄┄┄┄┄┄┄┄┄┄┄┄┄┄┄┄┄┄┄┄┄┄┄┄┄┄┄┄┄┄┄┄┄┄┄┄┄┄┄┄┄┄┄┄┄
│ 🐛 ⚙️ Preferences: Using default for missing key
└───────────────────────────────────────────────────────────────────────────────────────────────────────────────────────
┌───────────────────────────────────────────────────────────────────────────────────────────────────────────────────────
│ {key: themeMode, defaultValue: 2}
├┄┄┄┄┄┄┄┄┄┄┄┄┄┄┄┄┄┄┄┄┄┄┄┄┄┄┄┄┄┄┄┄┄┄┄┄┄┄┄┄┄┄┄┄┄┄┄┄┄┄┄┄┄┄┄┄┄┄┄┄┄┄┄┄┄┄┄┄┄┄┄┄┄┄┄┄┄┄┄┄┄┄┄┄┄┄┄┄┄┄┄┄┄┄┄┄┄┄┄┄┄┄┄┄┄┄┄┄┄┄┄┄┄┄┄┄┄┄┄
│ #0   AppLogger.preferences (package:filler/core/logging.dart:64:13)
│ #1   PreferencesRepository._getIntValue (package:filler/domain/repositories.dart:493:17)
│ #2   PreferencesRepository.get (package:filler/domain/repositories.dart:447:25)
│ #3   <asynchronous suspension>
│ #4   new PreferencesBloc.<anonymous closure> (package:filler/features/prefs/presentation/preferences_bloc.dart:84:19)
│ #5   <asynchronous suspension>
│ #6   Bloc.on.<anonymous closure>.handleEvent (package:bloc/src/bloc.dart:226:13)
│ #7   <asynchronous suspension>
├┄┄┄┄┄┄┄┄┄┄┄┄┄┄┄┄┄┄┄┄┄┄┄┄┄┄┄┄┄┄┄┄┄┄┄┄┄┄┄┄┄┄┄┄┄┄┄┄┄┄┄┄┄┄┄┄┄┄┄┄┄┄┄┄┄┄┄┄┄┄┄┄┄┄┄┄┄┄┄┄┄┄┄┄┄┄┄┄┄┄┄┄┄┄┄┄┄┄┄┄┄┄┄┄┄┄┄┄┄┄┄┄┄┄┄┄┄┄┄
│ 07:38:49.567 (+0:00:01.763407)
├┄┄┄┄┄┄┄┄┄┄┄┄┄┄┄┄┄┄┄┄┄┄┄┄┄┄┄┄┄┄┄┄┄┄┄┄┄┄┄┄┄┄┄┄┄┄┄┄┄┄┄┄┄┄┄┄┄┄┄┄┄┄┄┄┄┄┄┄┄┄┄┄┄┄┄┄┄┄┄┄┄┄┄┄┄┄┄┄┄┄┄┄┄┄┄┄┄┄┄┄┄┄┄┄┄┄┄┄┄┄┄┄┄┄┄┄┄┄┄
│ 🐛 ⚙️ Preferences: Using default for missing key
└───────────────────────────────────────────────────────────────────────────────────────────────────────────────────────
┌───────────────────────────────────────────────────────────────────────────────────────────────────────────────────────
│ {key: width, value: 10}
├┄┄┄┄┄┄┄┄┄┄┄┄┄┄┄┄┄┄┄┄┄┄┄┄┄┄┄┄┄┄┄┄┄┄┄┄┄┄┄┄┄┄┄┄┄┄┄┄┄┄┄┄┄┄┄┄┄┄┄┄┄┄┄┄┄┄┄┄┄┄┄┄┄┄┄┄┄┄┄┄┄┄┄┄┄┄┄┄┄┄┄┄┄┄┄┄┄┄┄┄┄┄┄┄┄┄┄┄┄┄┄┄┄┄┄┄┄┄┄
│ #0   AppLogger.preferences (package:filler/core/logging.dart:64:13)
│ #1   PreferencesRepository._ensureDefaults (package:filler/domain/repositories.dart:519:19)
│ #2   PreferencesRepository.get (package:filler/domain/repositories.dart:454:13)
│ #3   <asynchronous suspension>
│ #4   new PreferencesBloc.<anonymous closure> (package:filler/features/prefs/presentation/preferences_bloc.dart:84:19)
│ #5   <asynchronous suspension>
│ #6   Bloc.on.<anonymous closure>.handleEvent (package:bloc/src/bloc.dart:226:13)
│ #7   <asynchronous suspension>
├┄┄┄┄┄┄┄┄┄┄┄┄┄┄┄┄┄┄┄┄┄┄┄┄┄┄┄┄┄┄┄┄┄┄┄┄┄┄┄┄┄┄┄┄┄┄┄┄┄┄┄┄┄┄┄┄┄┄┄┄┄┄┄┄┄┄┄┄┄┄┄┄┄┄┄┄┄┄┄┄┄┄┄┄┄┄┄┄┄┄┄┄┄┄┄┄┄┄┄┄┄┄┄┄┄┄┄┄┄┄┄┄┄┄┄┄┄┄┄
│ 07:38:49.569 (+0:00:01.764867)
├┄┄┄┄┄┄┄┄┄┄┄┄┄┄┄┄┄┄┄┄┄┄┄┄┄┄┄┄┄┄┄┄┄┄┄┄┄┄┄┄┄┄┄┄┄┄┄┄┄┄┄┄┄┄┄┄┄┄┄┄┄┄┄┄┄┄┄┄┄┄┄┄┄┄┄┄┄┄┄┄┄┄┄┄┄┄┄┄┄┄┄┄┄┄┄┄┄┄┄┄┄┄┄┄┄┄┄┄┄┄┄┄┄┄┄┄┄┄┄
│ 🐛 ⚙️ Preferences: Creating missing default preference
└───────────────────────────────────────────────────────────────────────────────────────────────────────────────────────
┌───────────────────────────────────────────────────────────────────────────────────────────────────────────────────────
│ {key: width, value: 10, type: int}
├┄┄┄┄┄┄┄┄┄┄┄┄┄┄┄┄┄┄┄┄┄┄┄┄┄┄┄┄┄┄┄┄┄┄┄┄┄┄┄┄┄┄┄┄┄┄┄┄┄┄┄┄┄┄┄┄┄┄┄┄┄┄┄┄┄┄┄┄┄┄┄┄┄┄┄┄┄┄┄┄┄┄┄┄┄┄┄┄┄┄┄┄┄┄┄┄┄┄┄┄┄┄┄┄┄┄┄┄┄┄┄┄┄┄┄┄┄┄┄
│ #0   AppLogger.database (package:filler/core/logging.dart:49:13)
│ #1   AppDatabase.setPreferenceValue (package:filler/data/database.dart:301:15)
│ #2   PreferencesRepository._ensureDefaults (package:filler/domain/repositories.dart:524:19)
│ #3   PreferencesRepository.get (package:filler/domain/repositories.dart:454:13)
│ #4   <asynchronous suspension>
│ #5   new PreferencesBloc.<anonymous closure> (package:filler/features/prefs/presentation/preferences_bloc.dart:84:19)
│ #6   <asynchronous suspension>
│ #7   Bloc.on.<anonymous closure>.handleEvent (package:bloc/src/bloc.dart:226:13)
├┄┄┄┄┄┄┄┄┄┄┄┄┄┄┄┄┄┄┄┄┄┄┄┄┄┄┄┄┄┄┄┄┄┄┄┄┄┄┄┄┄┄┄┄┄┄┄┄┄┄┄┄┄┄┄┄┄┄┄┄┄┄┄┄┄┄┄┄┄┄┄┄┄┄┄┄┄┄┄┄┄┄┄┄┄┄┄┄┄┄┄┄┄┄┄┄┄┄┄┄┄┄┄┄┄┄┄┄┄┄┄┄┄┄┄┄┄┄┄
│ 07:38:49.570 (+0:00:01.766171)
├┄┄┄┄┄┄┄┄┄┄┄┄┄┄┄┄┄┄┄┄┄┄┄┄┄┄┄┄┄┄┄┄┄┄┄┄┄┄┄┄┄┄┄┄┄┄┄┄┄┄┄┄┄┄┄┄┄┄┄┄┄┄┄┄┄┄┄┄┄┄┄┄┄┄┄┄┄┄┄┄┄┄┄┄┄┄┄┄┄┄┄┄┄┄┄┄┄┄┄┄┄┄┄┄┄┄┄┄┄┄┄┄┄┄┄┄┄┄┄
│ 🐛 💾 Database: Setting preference value
└───────────────────────────────────────────────────────────────────────────────────────────────────────────────────────
┌───────────────────────────────────────────────────────────────────────────────────────────────────────────────────────
│ {key: width, value: 10}
├┄┄┄┄┄┄┄┄┄┄┄┄┄┄┄┄┄┄┄┄┄┄┄┄┄┄┄┄┄┄┄┄┄┄┄┄┄┄┄┄┄┄┄┄┄┄┄┄┄┄┄┄┄┄┄┄┄┄┄┄┄┄┄┄┄┄┄┄┄┄┄┄┄┄┄┄┄┄┄┄┄┄┄┄┄┄┄┄┄┄┄┄┄┄┄┄┄┄┄┄┄┄┄┄┄┄┄┄┄┄┄┄┄┄┄┄┄┄┄
│ #0   AppLogger.database (package:filler/core/logging.dart:49:13)
│ #1   AppDatabase.setPreferenceValue (package:filler/data/database.dart:337:17)
│ #2   <asynchronous suspension>
│ #3   PreferencesRepository._ensureDefaults (package:filler/domain/repositories.dart:524:9)
│ #4   <asynchronous suspension>
│ #5   PreferencesRepository.get (package:filler/domain/repositories.dart:454:7)
│ #6   <asynchronous suspension>
│ #7   new PreferencesBloc.<anonymous closure> (package:filler/features/prefs/presentation/preferences_bloc.dart:84:19)
├┄┄┄┄┄┄┄┄┄┄┄┄┄┄┄┄┄┄┄┄┄┄┄┄┄┄┄┄┄┄┄┄┄┄┄┄┄┄┄┄┄┄┄┄┄┄┄┄┄┄┄┄┄┄┄┄┄┄┄┄┄┄┄┄┄┄┄┄┄┄┄┄┄┄┄┄┄┄┄┄┄┄┄┄┄┄┄┄┄┄┄┄┄┄┄┄┄┄┄┄┄┄┄┄┄┄┄┄┄┄┄┄┄┄┄┄┄┄┄
│ 07:38:49.572 (+0:00:01.768281)
├┄┄┄┄┄┄┄┄┄┄┄┄┄┄┄┄┄┄┄┄┄┄┄┄┄┄┄┄┄┄┄┄┄┄┄┄┄┄┄┄┄┄┄┄┄┄┄┄┄┄┄┄┄┄┄┄┄┄┄┄┄┄┄┄┄┄┄┄┄┄┄┄┄┄┄┄┄┄┄┄┄┄┄┄┄┄┄┄┄┄┄┄┄┄┄┄┄┄┄┄┄┄┄┄┄┄┄┄┄┄┄┄┄┄┄┄┄┄┄
│ 🐛 💾 Database: Preference value saved
└───────────────────────────────────────────────────────────────────────────────────────────────────────────────────────
┌───────────────────────────────────────────────────────────────────────────────────────────────────────────────────────
│ {key: height, value: 10}
├┄┄┄┄┄┄┄┄┄┄┄┄┄┄┄┄┄┄┄┄┄┄┄┄┄┄┄┄┄┄┄┄┄┄┄┄┄┄┄┄┄┄┄┄┄┄┄┄┄┄┄┄┄┄┄┄┄┄┄┄┄┄┄┄┄┄┄┄┄┄┄┄┄┄┄┄┄┄┄┄┄┄┄┄┄┄┄┄┄┄┄┄┄┄┄┄┄┄┄┄┄┄┄┄┄┄┄┄┄┄┄┄┄┄┄┄┄┄┄
│ #0   AppLogger.preferences (package:filler/core/logging.dart:64:13)
│ #1   PreferencesRepository._ensureDefaults (package:filler/domain/repositories.dart:519:19)
│ #2   <asynchronous suspension>
│ #3   PreferencesRepository.get (package:filler/domain/repositories.dart:454:7)
│ #4   <asynchronous suspension>
│ #5   new PreferencesBloc.<anonymous closure> (package:filler/features/prefs/presentation/preferences_bloc.dart:84:19)
│ #6   <asynchronous suspension>
│ #7   Bloc.on.<anonymous closure>.handleEvent (package:bloc/src/bloc.dart:226:13)
├┄┄┄┄┄┄┄┄┄┄┄┄┄┄┄┄┄┄┄┄┄┄┄┄┄┄┄┄┄┄┄┄┄┄┄┄┄┄┄┄┄┄┄┄┄┄┄┄┄┄┄┄┄┄┄┄┄┄┄┄┄┄┄┄┄┄┄┄┄┄┄┄┄┄┄┄┄┄┄┄┄┄┄┄┄┄┄┄┄┄┄┄┄┄┄┄┄┄┄┄┄┄┄┄┄┄┄┄┄┄┄┄┄┄┄┄┄┄┄
│ 07:38:49.573 (+0:00:01.769732)
├┄┄┄┄┄┄┄┄┄┄┄┄┄┄┄┄┄┄┄┄┄┄┄┄┄┄┄┄┄┄┄┄┄┄┄┄┄┄┄┄┄┄┄┄┄┄┄┄┄┄┄┄┄┄┄┄┄┄┄┄┄┄┄┄┄┄┄┄┄┄┄┄┄┄┄┄┄┄┄┄┄┄┄┄┄┄┄┄┄┄┄┄┄┄┄┄┄┄┄┄┄┄┄┄┄┄┄┄┄┄┄┄┄┄┄┄┄┄┄
│ 🐛 ⚙️ Preferences: Creating missing default preference
└───────────────────────────────────────────────────────────────────────────────────────────────────────────────────────
┌───────────────────────────────────────────────────────────────────────────────────────────────────────────────────────
│ {key: height, value: 10, type: int}
├┄┄┄┄┄┄┄┄┄┄┄┄┄┄┄┄┄┄┄┄┄┄┄┄┄┄┄┄┄┄┄┄┄┄┄┄┄┄┄┄┄┄┄┄┄┄┄┄┄┄┄┄┄┄┄┄┄┄┄┄┄┄┄┄┄┄┄┄┄┄┄┄┄┄┄┄┄┄┄┄┄┄┄┄┄┄┄┄┄┄┄┄┄┄┄┄┄┄┄┄┄┄┄┄┄┄┄┄┄┄┄┄┄┄┄┄┄┄┄
│ #0   AppLogger.database (package:filler/core/logging.dart:49:13)
│ #1   AppDatabase.setPreferenceValue (package:filler/data/database.dart:301:15)
│ #2   PreferencesRepository._ensureDefaults (package:filler/domain/repositories.dart:524:19)
│ #3   <asynchronous suspension>
│ #4   PreferencesRepository.get (package:filler/domain/repositories.dart:454:7)
│ #5   <asynchronous suspension>
│ #6   new PreferencesBloc.<anonymous closure> (package:filler/features/prefs/presentation/preferences_bloc.dart:84:19)
│ #7   <asynchronous suspension>
├┄┄┄┄┄┄┄┄┄┄┄┄┄┄┄┄┄┄┄┄┄┄┄┄┄┄┄┄┄┄┄┄┄┄┄┄┄┄┄┄┄┄┄┄┄┄┄┄┄┄┄┄┄┄┄┄┄┄┄┄┄┄┄┄┄┄┄┄┄┄┄┄┄┄┄┄┄┄┄┄┄┄┄┄┄┄┄┄┄┄┄┄┄┄┄┄┄┄┄┄┄┄┄┄┄┄┄┄┄┄┄┄┄┄┄┄┄┄┄
│ 07:38:49.575 (+0:00:01.771681)
├┄┄┄┄┄┄┄┄┄┄┄┄┄┄┄┄┄┄┄┄┄┄┄┄┄┄┄┄┄┄┄┄┄┄┄┄┄┄┄┄┄┄┄┄┄┄┄┄┄┄┄┄┄┄┄┄┄┄┄┄┄┄┄┄┄┄┄┄┄┄┄┄┄┄┄┄┄┄┄┄┄┄┄┄┄┄┄┄┄┄┄┄┄┄┄┄┄┄┄┄┄┄┄┄┄┄┄┄┄┄┄┄┄┄┄┄┄┄┄
│ 🐛 💾 Database: Setting preference value
└───────────────────────────────────────────────────────────────────────────────────────────────────────────────────────
┌───────────────────────────────────────────────────────────────────────────────────────────────────────────────────────
│ {key: height, value: 10}
├┄┄┄┄┄┄┄┄┄┄┄┄┄┄┄┄┄┄┄┄┄┄┄┄┄┄┄┄┄┄┄┄┄┄┄┄┄┄┄┄┄┄┄┄┄┄┄┄┄┄┄┄┄┄┄┄┄┄┄┄┄┄┄┄┄┄┄┄┄┄┄┄┄┄┄┄┄┄┄┄┄┄┄┄┄┄┄┄┄┄┄┄┄┄┄┄┄┄┄┄┄┄┄┄┄┄┄┄┄┄┄┄┄┄┄┄┄┄┄
│ #0   AppLogger.database (package:filler/core/logging.dart:49:13)
│ #1   AppDatabase.setPreferenceValue (package:filler/data/database.dart:337:17)
│ #2   <asynchronous suspension>
│ #3   PreferencesRepository._ensureDefaults (package:filler/domain/repositories.dart:524:9)
│ #4   <asynchronous suspension>
│ #5   PreferencesRepository.get (package:filler/domain/repositories.dart:454:7)
│ #6   <asynchronous suspension>
│ #7   new PreferencesBloc.<anonymous closure> (package:filler/features/prefs/presentation/preferences_bloc.dart:84:19)
├┄┄┄┄┄┄┄┄┄┄┄┄┄┄┄┄┄┄┄┄┄┄┄┄┄┄┄┄┄┄┄┄┄┄┄┄┄┄┄┄┄┄┄┄┄┄┄┄┄┄┄┄┄┄┄┄┄┄┄┄┄┄┄┄┄┄┄┄┄┄┄┄┄┄┄┄┄┄┄┄┄┄┄┄┄┄┄┄┄┄┄┄┄┄┄┄┄┄┄┄┄┄┄┄┄┄┄┄┄┄┄┄┄┄┄┄┄┄┄
│ 07:38:49.577 (+0:00:01.773556)
├┄┄┄┄┄┄┄┄┄┄┄┄┄┄┄┄┄┄┄┄┄┄┄┄┄┄┄┄┄┄┄┄┄┄┄┄┄┄┄┄┄┄┄┄┄┄┄┄┄┄┄┄┄┄┄┄┄┄┄┄┄┄┄┄┄┄┄┄┄┄┄┄┄┄┄┄┄┄┄┄┄┄┄┄┄┄┄┄┄┄┄┄┄┄┄┄┄┄┄┄┄┄┄┄┄┄┄┄┄┄┄┄┄┄┄┄┄┄┄
│ 🐛 💾 Database: Preference value saved
└───────────────────────────────────────────────────────────────────────────────────────────────────────────────────────
┌───────────────────────────────────────────────────────────────────────────────────────────────────────────────────────
│ {key: insets, value: 0}
├┄┄┄┄┄┄┄┄┄┄┄┄┄┄┄┄┄┄┄┄┄┄┄┄┄┄┄┄┄┄┄┄┄┄┄┄┄┄┄┄┄┄┄┄┄┄┄┄┄┄┄┄┄┄┄┄┄┄┄┄┄┄┄┄┄┄┄┄┄┄┄┄┄┄┄┄┄┄┄┄┄┄┄┄┄┄┄┄┄┄┄┄┄┄┄┄┄┄┄┄┄┄┄┄┄┄┄┄┄┄┄┄┄┄┄┄┄┄┄
│ #0   AppLogger.preferences (package:filler/core/logging.dart:64:13)
│ #1   PreferencesRepository._ensureDefaults (package:filler/domain/repositories.dart:519:19)
│ #2   <asynchronous suspension>
│ #3   PreferencesRepository.get (package:filler/domain/repositories.dart:454:7)
│ #4   <asynchronous suspension>
│ #5   new PreferencesBloc.<anonymous closure> (package:filler/features/prefs/presentation/preferences_bloc.dart:84:19)
│ #6   <asynchronous suspension>
│ #7   Bloc.on.<anonymous closure>.handleEvent (package:bloc/src/bloc.dart:226:13)
├┄┄┄┄┄┄┄┄┄┄┄┄┄┄┄┄┄┄┄┄┄┄┄┄┄┄┄┄┄┄┄┄┄┄┄┄┄┄┄┄┄┄┄┄┄┄┄┄┄┄┄┄┄┄┄┄┄┄┄┄┄┄┄┄┄┄┄┄┄┄┄┄┄┄┄┄┄┄┄┄┄┄┄┄┄┄┄┄┄┄┄┄┄┄┄┄┄┄┄┄┄┄┄┄┄┄┄┄┄┄┄┄┄┄┄┄┄┄┄
│ 07:38:49.579 (+0:00:01.775034)
├┄┄┄┄┄┄┄┄┄┄┄┄┄┄┄┄┄┄┄┄┄┄┄┄┄┄┄┄┄┄┄┄┄┄┄┄┄┄┄┄┄┄┄┄┄┄┄┄┄┄┄┄┄┄┄┄┄┄┄┄┄┄┄┄┄┄┄┄┄┄┄┄┄┄┄┄┄┄┄┄┄┄┄┄┄┄┄┄┄┄┄┄┄┄┄┄┄┄┄┄┄┄┄┄┄┄┄┄┄┄┄┄┄┄┄┄┄┄┄
│ 🐛 ⚙️ Preferences: Creating missing default preference
└───────────────────────────────────────────────────────────────────────────────────────────────────────────────────────
┌───────────────────────────────────────────────────────────────────────────────────────────────────────────────────────
│ {key: insets, value: 0, type: int}
├┄┄┄┄┄┄┄┄┄┄┄┄┄┄┄┄┄┄┄┄┄┄┄┄┄┄┄┄┄┄┄┄┄┄┄┄┄┄┄┄┄┄┄┄┄┄┄┄┄┄┄┄┄┄┄┄┄┄┄┄┄┄┄┄┄┄┄┄┄┄┄┄┄┄┄┄┄┄┄┄┄┄┄┄┄┄┄┄┄┄┄┄┄┄┄┄┄┄┄┄┄┄┄┄┄┄┄┄┄┄┄┄┄┄┄┄┄┄┄
│ #0   AppLogger.database (package:filler/core/logging.dart:49:13)
│ #1   AppDatabase.setPreferenceValue (package:filler/data/database.dart:301:15)
│ #2   PreferencesRepository._ensureDefaults (package:filler/domain/repositories.dart:524:19)
│ #3   <asynchronous suspension>
│ #4   PreferencesRepository.get (package:filler/domain/repositories.dart:454:7)
│ #5   <asynchronous suspension>
│ #6   new PreferencesBloc.<anonymous closure> (package:filler/features/prefs/presentation/preferences_bloc.dart:84:19)
│ #7   <asynchronous suspension>
├┄┄┄┄┄┄┄┄┄┄┄┄┄┄┄┄┄┄┄┄┄┄┄┄┄┄┄┄┄┄┄┄┄┄┄┄┄┄┄┄┄┄┄┄┄┄┄┄┄┄┄┄┄┄┄┄┄┄┄┄┄┄┄┄┄┄┄┄┄┄┄┄┄┄┄┄┄┄┄┄┄┄┄┄┄┄┄┄┄┄┄┄┄┄┄┄┄┄┄┄┄┄┄┄┄┄┄┄┄┄┄┄┄┄┄┄┄┄┄
│ 07:38:49.581 (+0:00:01.777425)
├┄┄┄┄┄┄┄┄┄┄┄┄┄┄┄┄┄┄┄┄┄┄┄┄┄┄┄┄┄┄┄┄┄┄┄┄┄┄┄┄┄┄┄┄┄┄┄┄┄┄┄┄┄┄┄┄┄┄┄┄┄┄┄┄┄┄┄┄┄┄┄┄┄┄┄┄┄┄┄┄┄┄┄┄┄┄┄┄┄┄┄┄┄┄┄┄┄┄┄┄┄┄┄┄┄┄┄┄┄┄┄┄┄┄┄┄┄┄┄
│ 🐛 💾 Database: Setting preference value
└───────────────────────────────────────────────────────────────────────────────────────────────────────────────────────
┌───────────────────────────────────────────────────────────────────────────────────────────────────────────────────────
│ {key: insets, value: 0}
├┄┄┄┄┄┄┄┄┄┄┄┄┄┄┄┄┄┄┄┄┄┄┄┄┄┄┄┄┄┄┄┄┄┄┄┄┄┄┄┄┄┄┄┄┄┄┄┄┄┄┄┄┄┄┄┄┄┄┄┄┄┄┄┄┄┄┄┄┄┄┄┄┄┄┄┄┄┄┄┄┄┄┄┄┄┄┄┄┄┄┄┄┄┄┄┄┄┄┄┄┄┄┄┄┄┄┄┄┄┄┄┄┄┄┄┄┄┄┄
│ #0   AppLogger.database (package:filler/core/logging.dart:49:13)
│ #1   AppDatabase.setPreferenceValue (package:filler/data/database.dart:337:17)
│ #2   <asynchronous suspension>
│ #3   PreferencesRepository._ensureDefaults (package:filler/domain/repositories.dart:524:9)
│ #4   <asynchronous suspension>
│ #5   PreferencesRepository.get (package:filler/domain/repositories.dart:454:7)
│ #6   <asynchronous suspension>
│ #7   new PreferencesBloc.<anonymous closure> (package:filler/features/prefs/presentation/preferences_bloc.dart:84:19)
├┄┄┄┄┄┄┄┄┄┄┄┄┄┄┄┄┄┄┄┄┄┄┄┄┄┄┄┄┄┄┄┄┄┄┄┄┄┄┄┄┄┄┄┄┄┄┄┄┄┄┄┄┄┄┄┄┄┄┄┄┄┄┄┄┄┄┄┄┄┄┄┄┄┄┄┄┄┄┄┄┄┄┄┄┄┄┄┄┄┄┄┄┄┄┄┄┄┄┄┄┄┄┄┄┄┄┄┄┄┄┄┄┄┄┄┄┄┄┄
│ 07:38:49.583 (+0:00:01.779579)
├┄┄┄┄┄┄┄┄┄┄┄┄┄┄┄┄┄┄┄┄┄┄┄┄┄┄┄┄┄┄┄┄┄┄┄┄┄┄┄┄┄┄┄┄┄┄┄┄┄┄┄┄┄┄┄┄┄┄┄┄┄┄┄┄┄┄┄┄┄┄┄┄┄┄┄┄┄┄┄┄┄┄┄┄┄┄┄┄┄┄┄┄┄┄┄┄┄┄┄┄┄┄┄┄┄┄┄┄┄┄┄┄┄┄┄┄┄┄┄
│ 🐛 💾 Database: Preference value saved
└───────────────────────────────────────────────────────────────────────────────────────────────────────────────────────
┌───────────────────────────────────────────────────────────────────────────────────────────────────────────────────────
│ {key: defaultPattern, value: 1}
├┄┄┄┄┄┄┄┄┄┄┄┄┄┄┄┄┄┄┄┄┄┄┄┄┄┄┄┄┄┄┄┄┄┄┄┄┄┄┄┄┄┄┄┄┄┄┄┄┄┄┄┄┄┄┄┄┄┄┄┄┄┄┄┄┄┄┄┄┄┄┄┄┄┄┄┄┄┄┄┄┄┄┄┄┄┄┄┄┄┄┄┄┄┄┄┄┄┄┄┄┄┄┄┄┄┄┄┄┄┄┄┄┄┄┄┄┄┄┄
│ #0   AppLogger.preferences (package:filler/core/logging.dart:64:13)
│ #1   PreferencesRepository._ensureDefaults (package:filler/domain/repositories.dart:519:19)
│ #2   <asynchronous suspension>
│ #3   PreferencesRepository.get (package:filler/domain/repositories.dart:454:7)
│ #4   <asynchronous suspension>
│ #5   new PreferencesBloc.<anonymous closure> (package:filler/features/prefs/presentation/preferences_bloc.dart:84:19)
│ #6   <asynchronous suspension>
│ #7   Bloc.on.<anonymous closure>.handleEvent (package:bloc/src/bloc.dart:226:13)
├┄┄┄┄┄┄┄┄┄┄┄┄┄┄┄┄┄┄┄┄┄┄┄┄┄┄┄┄┄┄┄┄┄┄┄┄┄┄┄┄┄┄┄┄┄┄┄┄┄┄┄┄┄┄┄┄┄┄┄┄┄┄┄┄┄┄┄┄┄┄┄┄┄┄┄┄┄┄┄┄┄┄┄┄┄┄┄┄┄┄┄┄┄┄┄┄┄┄┄┄┄┄┄┄┄┄┄┄┄┄┄┄┄┄┄┄┄┄┄
│ 07:38:49.585 (+0:00:01.780883)
├┄┄┄┄┄┄┄┄┄┄┄┄┄┄┄┄┄┄┄┄┄┄┄┄┄┄┄┄┄┄┄┄┄┄┄┄┄┄┄┄┄┄┄┄┄┄┄┄┄┄┄┄┄┄┄┄┄┄┄┄┄┄┄┄┄┄┄┄┄┄┄┄┄┄┄┄┄┄┄┄┄┄┄┄┄┄┄┄┄┄┄┄┄┄┄┄┄┄┄┄┄┄┄┄┄┄┄┄┄┄┄┄┄┄┄┄┄┄┄
│ 🐛 ⚙️ Preferences: Creating missing default preference
└───────────────────────────────────────────────────────────────────────────────────────────────────────────────────────
┌───────────────────────────────────────────────────────────────────────────────────────────────────────────────────────
│ {key: defaultPattern, value: 1, type: int}
├┄┄┄┄┄┄┄┄┄┄┄┄┄┄┄┄┄┄┄┄┄┄┄┄┄┄┄┄┄┄┄┄┄┄┄┄┄┄┄┄┄┄┄┄┄┄┄┄┄┄┄┄┄┄┄┄┄┄┄┄┄┄┄┄┄┄┄┄┄┄┄┄┄┄┄┄┄┄┄┄┄┄┄┄┄┄┄┄┄┄┄┄┄┄┄┄┄┄┄┄┄┄┄┄┄┄┄┄┄┄┄┄┄┄┄┄┄┄┄
│ #0   AppLogger.database (package:filler/core/logging.dart:49:13)
│ #1   AppDatabase.setPreferenceValue (package:filler/data/database.dart:301:15)
│ #2   PreferencesRepository._ensureDefaults (package:filler/domain/repositories.dart:524:19)
│ #3   <asynchronous suspension>
│ #4   PreferencesRepository.get (package:filler/domain/repositories.dart:454:7)
│ #5   <asynchronous suspension>
│ #6   new PreferencesBloc.<anonymous closure> (package:filler/features/prefs/presentation/preferences_bloc.dart:84:19)
│ #7   <asynchronous suspension>
├┄┄┄┄┄┄┄┄┄┄┄┄┄┄┄┄┄┄┄┄┄┄┄┄┄┄┄┄┄┄┄┄┄┄┄┄┄┄┄┄┄┄┄┄┄┄┄┄┄┄┄┄┄┄┄┄┄┄┄┄┄┄┄┄┄┄┄┄┄┄┄┄┄┄┄┄┄┄┄┄┄┄┄┄┄┄┄┄┄┄┄┄┄┄┄┄┄┄┄┄┄┄┄┄┄┄┄┄┄┄┄┄┄┄┄┄┄┄┄
│ 07:38:49.586 (+0:00:01.782165)
├┄┄┄┄┄┄┄┄┄┄┄┄┄┄┄┄┄┄┄┄┄┄┄┄┄┄┄┄┄┄┄┄┄┄┄┄┄┄┄┄┄┄┄┄┄┄┄┄┄┄┄┄┄┄┄┄┄┄┄┄┄┄┄┄┄┄┄┄┄┄┄┄┄┄┄┄┄┄┄┄┄┄┄┄┄┄┄┄┄┄┄┄┄┄┄┄┄┄┄┄┄┄┄┄┄┄┄┄┄┄┄┄┄┄┄┄┄┄┄
│ 🐛 💾 Database: Setting preference value
└───────────────────────────────────────────────────────────────────────────────────────────────────────────────────────
┌───────────────────────────────────────────────────────────────────────────────────────────────────────────────────────
│ {key: defaultPattern, value: 1}
├┄┄┄┄┄┄┄┄┄┄┄┄┄┄┄┄┄┄┄┄┄┄┄┄┄┄┄┄┄┄┄┄┄┄┄┄┄┄┄┄┄┄┄┄┄┄┄┄┄┄┄┄┄┄┄┄┄┄┄┄┄┄┄┄┄┄┄┄┄┄┄┄┄┄┄┄┄┄┄┄┄┄┄┄┄┄┄┄┄┄┄┄┄┄┄┄┄┄┄┄┄┄┄┄┄┄┄┄┄┄┄┄┄┄┄┄┄┄┄
│ #0   AppLogger.database (package:filler/core/logging.dart:49:13)
│ #1   AppDatabase.setPreferenceValue (package:filler/data/database.dart:337:17)
│ #2   <asynchronous suspension>
│ #3   PreferencesRepository._ensureDefaults (package:filler/domain/repositories.dart:524:9)
│ #4   <asynchronous suspension>
│ #5   PreferencesRepository.get (package:filler/domain/repositories.dart:454:7)
│ #6   <asynchronous suspension>
│ #7   new PreferencesBloc.<anonymous closure> (package:filler/features/prefs/presentation/preferences_bloc.dart:84:19)
├┄┄┄┄┄┄┄┄┄┄┄┄┄┄┄┄┄┄┄┄┄┄┄┄┄┄┄┄┄┄┄┄┄┄┄┄┄┄┄┄┄┄┄┄┄┄┄┄┄┄┄┄┄┄┄┄┄┄┄┄┄┄┄┄┄┄┄┄┄┄┄┄┄┄┄┄┄┄┄┄┄┄┄┄┄┄┄┄┄┄┄┄┄┄┄┄┄┄┄┄┄┄┄┄┄┄┄┄┄┄┄┄┄┄┄┄┄┄┄
│ 07:38:49.588 (+0:00:01.784064)
├┄┄┄┄┄┄┄┄┄┄┄┄┄┄┄┄┄┄┄┄┄┄┄┄┄┄┄┄┄┄┄┄┄┄┄┄┄┄┄┄┄┄┄┄┄┄┄┄┄┄┄┄┄┄┄┄┄┄┄┄┄┄┄┄┄┄┄┄┄┄┄┄┄┄┄┄┄┄┄┄┄┄┄┄┄┄┄┄┄┄┄┄┄┄┄┄┄┄┄┄┄┄┄┄┄┄┄┄┄┄┄┄┄┄┄┄┄┄┄
│ 🐛 💾 Database: Preference value saved
└───────────────────────────────────────────────────────────────────────────────────────────────────────────────────────
┌───────────────────────────────────────────────────────────────────────────────────────────────────────────────────────
│ {key: themeMode, value: 2}
├┄┄┄┄┄┄┄┄┄┄┄┄┄┄┄┄┄┄┄┄┄┄┄┄┄┄┄┄┄┄┄┄┄┄┄┄┄┄┄┄┄┄┄┄┄┄┄┄┄┄┄┄┄┄┄┄┄┄┄┄┄┄┄┄┄┄┄┄┄┄┄┄┄┄┄┄┄┄┄┄┄┄┄┄┄┄┄┄┄┄┄┄┄┄┄┄┄┄┄┄┄┄┄┄┄┄┄┄┄┄┄┄┄┄┄┄┄┄┄
│ #0   AppLogger.preferences (package:filler/core/logging.dart:64:13)
│ #1   PreferencesRepository._ensureDefaults (package:filler/domain/repositories.dart:519:19)
│ #2   <asynchronous suspension>
│ #3   PreferencesRepository.get (package:filler/domain/repositories.dart:454:7)
│ #4   <asynchronous suspension>
│ #5   new PreferencesBloc.<anonymous closure> (package:filler/features/prefs/presentation/preferences_bloc.dart:84:19)
│ #6   <asynchronous suspension>
│ #7   Bloc.on.<anonymous closure>.handleEvent (package:bloc/src/bloc.dart:226:13)
├┄┄┄┄┄┄┄┄┄┄┄┄┄┄┄┄┄┄┄┄┄┄┄┄┄┄┄┄┄┄┄┄┄┄┄┄┄┄┄┄┄┄┄┄┄┄┄┄┄┄┄┄┄┄┄┄┄┄┄┄┄┄┄┄┄┄┄┄┄┄┄┄┄┄┄┄┄┄┄┄┄┄┄┄┄┄┄┄┄┄┄┄┄┄┄┄┄┄┄┄┄┄┄┄┄┄┄┄┄┄┄┄┄┄┄┄┄┄┄
│ 07:38:49.589 (+0:00:01.785365)
├┄┄┄┄┄┄┄┄┄┄┄┄┄┄┄┄┄┄┄┄┄┄┄┄┄┄┄┄┄┄┄┄┄┄┄┄┄┄┄┄┄┄┄┄┄┄┄┄┄┄┄┄┄┄┄┄┄┄┄┄┄┄┄┄┄┄┄┄┄┄┄┄┄┄┄┄┄┄┄┄┄┄┄┄┄┄┄┄┄┄┄┄┄┄┄┄┄┄┄┄┄┄┄┄┄┄┄┄┄┄┄┄┄┄┄┄┄┄┄
│ 🐛 ⚙️ Preferences: Creating missing default preference
└───────────────────────────────────────────────────────────────────────────────────────────────────────────────────────
┌───────────────────────────────────────────────────────────────────────────────────────────────────────────────────────
│ {key: themeMode, value: 2, type: int}
├┄┄┄┄┄┄┄┄┄┄┄┄┄┄┄┄┄┄┄┄┄┄┄┄┄┄┄┄┄┄┄┄┄┄┄┄┄┄┄┄┄┄┄┄┄┄┄┄┄┄┄┄┄┄┄┄┄┄┄┄┄┄┄┄┄┄┄┄┄┄┄┄┄┄┄┄┄┄┄┄┄┄┄┄┄┄┄┄┄┄┄┄┄┄┄┄┄┄┄┄┄┄┄┄┄┄┄┄┄┄┄┄┄┄┄┄┄┄┄
│ #0   AppLogger.database (package:filler/core/logging.dart:49:13)
│ #1   AppDatabase.setPreferenceValue (package:filler/data/database.dart:301:15)
│ #2   PreferencesRepository._ensureDefaults (package:filler/domain/repositories.dart:524:19)
│ #3   <asynchronous suspension>
│ #4   PreferencesRepository.get (package:filler/domain/repositories.dart:454:7)
│ #5   <asynchronous suspension>
│ #6   new PreferencesBloc.<anonymous closure> (package:filler/features/prefs/presentation/preferences_bloc.dart:84:19)
│ #7   <asynchronous suspension>
├┄┄┄┄┄┄┄┄┄┄┄┄┄┄┄┄┄┄┄┄┄┄┄┄┄┄┄┄┄┄┄┄┄┄┄┄┄┄┄┄┄┄┄┄┄┄┄┄┄┄┄┄┄┄┄┄┄┄┄┄┄┄┄┄┄┄┄┄┄┄┄┄┄┄┄┄┄┄┄┄┄┄┄┄┄┄┄┄┄┄┄┄┄┄┄┄┄┄┄┄┄┄┄┄┄┄┄┄┄┄┄┄┄┄┄┄┄┄┄
│ 07:38:49.590 (+0:00:01.786678)
├┄┄┄┄┄┄┄┄┄┄┄┄┄┄┄┄┄┄┄┄┄┄┄┄┄┄┄┄┄┄┄┄┄┄┄┄┄┄┄┄┄┄┄┄┄┄┄┄┄┄┄┄┄┄┄┄┄┄┄┄┄┄┄┄┄┄┄┄┄┄┄┄┄┄┄┄┄┄┄┄┄┄┄┄┄┄┄┄┄┄┄┄┄┄┄┄┄┄┄┄┄┄┄┄┄┄┄┄┄┄┄┄┄┄┄┄┄┄┄
│ 🐛 💾 Database: Setting preference value
└───────────────────────────────────────────────────────────────────────────────────────────────────────────────────────
┌───────────────────────────────────────────────────────────────────────────────────────────────────────────────────────
│ {key: themeMode, value: 2}
├┄┄┄┄┄┄┄┄┄┄┄┄┄┄┄┄┄┄┄┄┄┄┄┄┄┄┄┄┄┄┄┄┄┄┄┄┄┄┄┄┄┄┄┄┄┄┄┄┄┄┄┄┄┄┄┄┄┄┄┄┄┄┄┄┄┄┄┄┄┄┄┄┄┄┄┄┄┄┄┄┄┄┄┄┄┄┄┄┄┄┄┄┄┄┄┄┄┄┄┄┄┄┄┄┄┄┄┄┄┄┄┄┄┄┄┄┄┄┄
│ #0   AppLogger.database (package:filler/core/logging.dart:49:13)
│ #1   AppDatabase.setPreferenceValue (package:filler/data/database.dart:337:17)
│ #2   <asynchronous suspension>
│ #3   PreferencesRepository._ensureDefaults (package:filler/domain/repositories.dart:524:9)
│ #4   <asynchronous suspension>

00:03 +39 -2: /Users/mr42/code/flutter/tmp/filler/test/integration/platform_specific_test.dart: Platform-Specific Database Integration Canvas Operations Work Cross-Platform                           
┌───────────────────────────────────────────────────────────────────────────────────────────────────────────────────────
│ #0   AppLogger.database (package:filler/core/logging.dart:49:13)
│ #1   CanvasRepository.getAll (package:filler/domain/repositories.dart:23:15)
├┄┄┄┄┄┄┄┄┄┄┄┄┄┄┄┄┄┄┄┄┄┄┄┄┄┄┄┄┄┄┄┄┄┄┄┄┄┄┄┄┄┄┄┄┄┄┄┄┄┄┄┄┄┄┄┄┄┄┄┄┄┄┄┄┄┄┄┄┄┄┄┄┄┄┄┄┄┄┄┄┄┄┄┄┄┄┄┄┄┄┄┄┄┄┄┄┄┄┄┄┄┄┄┄┄┄┄┄┄┄┄┄┄┄┄┄┄┄┄
│ 07:38:49.593 (+0:00:01.997667)

00:03 +39 -2: /Users/mr42/code/flutter/tmp/filler/test/integration/page_state_transitions_test.dart: BLoC State Transitions - All Pages Preferences BLoC - State Transitions                           
│ #5   PreferencesRepository.get (package:filler/domain/repositories.dart:454:7)
│ #6   <asynchronous suspension>
│ #7   new PreferencesBloc.<anonymous closure> (package:filler/features/prefs/presentation/preferences_bloc.dart:84:19)

00:03 +39 -2: /Users/mr42/code/flutter/tmp/filler/test/integration/platform_specific_test.dart: Platform-Specific Database Integration Canvas Operations Work Cross-Platform                           
├┄┄┄┄┄┄┄┄┄┄┄┄┄┄┄┄┄┄┄┄┄┄┄┄┄┄┄┄┄┄┄┄┄┄┄┄┄┄┄┄┄┄┄┄┄┄┄┄┄┄┄┄┄┄┄┄┄┄┄┄┄┄┄┄┄┄┄┄┄┄┄┄┄┄┄┄┄┄┄┄┄┄┄┄┄┄┄┄┄┄┄┄┄┄┄┄┄┄┄┄┄┄┄┄┄┄┄┄┄┄┄┄┄┄┄┄┄┄┄
│ 🐛 💾 Database: Fetching all canvases

00:03 +39 -2: /Users/mr42/code/flutter/tmp/filler/test/integration/page_state_transitions_test.dart: BLoC State Transitions - All Pages Preferences BLoC - State Transitions                           
├┄┄┄┄┄┄┄┄┄┄┄┄┄┄┄┄┄┄┄┄┄┄┄┄┄┄┄┄┄┄┄┄┄┄┄┄┄┄┄┄┄┄┄┄┄┄┄┄┄┄┄┄┄┄┄┄┄┄┄┄┄┄┄┄┄┄┄┄┄┄┄┄┄┄┄┄┄┄┄┄┄┄┄┄┄┄┄┄┄┄┄┄┄┄┄┄┄┄┄┄┄┄┄┄┄┄┄┄┄┄┄┄┄┄┄┄┄┄┄
│ 07:38:49.592 (+0:00:01.788664)
├┄┄┄┄┄┄┄┄┄┄┄┄┄┄┄┄┄┄┄┄┄┄┄┄┄┄┄┄┄┄┄┄┄┄┄┄┄┄┄┄┄┄┄┄┄┄┄┄┄┄┄┄┄┄┄┄┄┄┄┄┄┄┄┄┄┄┄┄┄┄┄┄┄┄┄┄┄┄┄┄┄┄┄┄┄┄┄┄┄┄┄┄┄┄┄┄┄┄┄┄┄┄┄┄┄┄┄┄┄┄┄┄┄┄┄┄┄┄┄
│ 🐛 💾 Database: Preference value saved
└───────────────────────────────────────────────────────────────────────────────────────────────────────────────────────

00:03 +39 -2: /Users/mr42/code/flutter/tmp/filler/test/integration/platform_specific_test.dart: Platform-Specific Database Integration Canvas Operations Work Cross-Platform                           
└───────────────────────────────────────────────────────────────────────────────────────────────────────────────────────
┌───────────────────────────────────────────────────────────────────────────────────────────────────────────────────────
│ #0   AppLogger.database (package:filler/core/logging.dart:49:13)

00:03 +39 -2: /Users/mr42/code/flutter/tmp/filler/test/integration/page_state_transitions_test.dart: BLoC State Transitions - All Pages Preferences BLoC - State Transitions                           
┌───────────────────────────────────────────────────────────────────────────────────────────────────────────────────────
│ {width: 10, height: 10, insets: 0, defaultPattern: 1, themeMode: 2, fetchTime: 7ms, keysFromDb: 0}
├┄┄┄┄┄┄┄┄┄┄┄┄┄┄┄┄┄┄┄┄┄┄┄┄┄┄┄┄┄┄┄┄┄┄┄┄┄┄┄┄┄┄┄┄┄┄┄┄┄┄┄┄┄┄┄┄┄┄┄┄┄┄┄┄┄┄┄┄┄┄┄┄┄┄┄┄┄┄┄┄┄┄┄┄┄┄┄┄┄┄┄┄┄┄┄┄┄┄┄┄┄┄┄┄┄┄┄┄┄┄┄┄┄┄┄┄┄┄┄
│ #0   AppLogger.preferences (package:filler/core/logging.dart:64:13)
│ #1   PreferencesRepository.get (package:filler/domain/repositories.dart:464:17)
│ #2   <asynchronous suspension>
│ #3   new PreferencesBloc.<anonymous closure> (package:filler/features/prefs/presentation/preferences_bloc.dart:84:19)
│ #4   <asynchronous suspension>
│ #5   Bloc.on.<anonymous closure>.handleEvent (package:bloc/src/bloc.dart:226:13)
│ #6   <asynchronous suspension>

00:03 +39 -2: /Users/mr42/code/flutter/tmp/filler/test/integration/platform_specific_test.dart: Platform-Specific Database Integration Canvas Operations Work Cross-Platform                           
│ #1   AppDatabase.getAllCanvases (package:filler/data/database.dart:248:15)
├┄┄┄┄┄┄┄┄┄┄┄┄┄┄┄┄┄┄┄┄┄┄┄┄┄┄┄┄┄┄┄┄┄┄┄┄┄┄┄┄┄┄┄┄┄┄┄┄┄┄┄┄┄┄┄┄┄┄┄┄┄┄┄┄┄┄┄┄┄┄┄┄┄┄┄┄┄┄┄┄┄┄┄┄┄┄┄┄┄┄┄┄┄┄┄┄┄┄┄┄┄┄┄┄┄┄┄┄┄┄┄┄┄┄┄┄┄┄┄
│ 07:38:49.594 (+0:00:01.998685)
├┄┄┄┄┄┄┄┄┄┄┄┄┄┄┄┄┄┄┄┄┄┄┄┄┄┄┄┄┄┄┄┄┄┄┄┄┄┄┄┄┄┄┄┄┄┄┄┄┄┄┄┄┄┄┄┄┄┄┄┄┄┄┄┄┄┄┄┄┄┄┄┄┄┄┄┄┄┄┄┄┄┄┄┄┄┄┄┄┄┄┄┄┄┄┄┄┄┄┄┄┄┄┄┄┄┄┄┄┄┄┄┄┄┄┄┄┄┄┄

00:03 +39 -2: /Users/mr42/code/flutter/tmp/filler/test/integration/page_state_transitions_test.dart: BLoC State Transitions - All Pages Preferences BLoC - State Transitions                           
├┄┄┄┄┄┄┄┄┄┄┄┄┄┄┄┄┄┄┄┄┄┄┄┄┄┄┄┄┄┄┄┄┄┄┄┄┄┄┄┄┄┄┄┄┄┄┄┄┄┄┄┄┄┄┄┄┄┄┄┄┄┄┄┄┄┄┄┄┄┄┄┄┄┄┄┄┄┄┄┄┄┄┄┄┄┄┄┄┄┄┄┄┄┄┄┄┄┄┄┄┄┄┄┄┄┄┄┄┄┄┄┄┄┄┄┄┄┄┄
│ 07:38:49.594 (+0:00:01.790191)
├┄┄┄┄┄┄┄┄┄┄┄┄┄┄┄┄┄┄┄┄┄┄┄┄┄┄┄┄┄┄┄┄┄┄┄┄┄┄┄┄┄┄┄┄┄┄┄┄┄┄┄┄┄┄┄┄┄┄┄┄┄┄┄┄┄┄┄┄┄┄┄┄┄┄┄┄┄┄┄┄┄┄┄┄┄┄┄┄┄┄┄┄┄┄┄┄┄┄┄┄┄┄┄┄┄┄┄┄┄┄┄┄┄┄┄┄┄┄┄
│ 🐛 ⚙️ Preferences: Constructed preferences model
└───────────────────────────────────────────────────────────────────────────────────────────────────────────────────────
┌───────────────────────────────────────────────────────────────────────────────────────────────────────────────────────

00:03 +39 -2: /Users/mr42/code/flutter/tmp/filler/test/integration/platform_specific_test.dart: Platform-Specific Database Integration Canvas Operations Work Cross-Platform                           
│ 🐛 💾 Database: Querying all canvases
└───────────────────────────────────────────────────────────────────────────────────────────────────────────────────────

00:03 +39 -2: /Users/mr42/code/flutter/tmp/filler/test/integration/page_state_transitions_test.dart: BLoC State Transitions - All Pages Preferences BLoC - State Transitions                           
│ {width: 10, height: 10, insets: 0, defaultPattern: 1, themeMode: 2, loadTime: 42ms}
├┄┄┄┄┄┄┄┄┄┄┄┄┄┄┄┄┄┄┄┄┄┄┄┄┄┄┄┄┄┄┄┄┄┄┄┄┄┄┄┄┄┄┄┄┄┄┄┄┄┄┄┄┄┄┄┄┄┄┄┄┄┄┄┄┄┄┄┄┄┄┄┄┄┄┄┄┄┄┄┄┄┄┄┄┄┄┄┄┄┄┄┄┄┄┄┄┄┄┄┄┄┄┄┄┄┄┄┄┄┄┄┄┄┄┄┄┄┄┄
│ #0   AppLogger.preferences (package:filler/core/logging.dart:64:13)
│ #1   new PreferencesBloc.<anonymous closure> (package:filler/features/prefs/presentation/preferences_bloc.dart:87:19)
│ #2   <asynchronous suspension>

00:03 +39 -2: /Users/mr42/code/flutter/tmp/filler/test/integration/platform_specific_test.dart: Platform-Specific Database Integration Canvas Operations Work Cross-Platform                           
┌───────────────────────────────────────────────────────────────────────────────────────────────────────────────────────

00:03 +39 -2: /Users/mr42/code/flutter/tmp/filler/test/integration/page_state_transitions_test.dart: BLoC State Transitions - All Pages Preferences BLoC - State Transitions                           
│ #3   Bloc.on.<anonymous closure>.handleEvent (package:bloc/src/bloc.dart:226:13)
│ #4   <asynchronous suspension>
├┄┄┄┄┄┄┄┄┄┄┄┄┄┄┄┄┄┄┄┄┄┄┄┄┄┄┄┄┄┄┄┄┄┄┄┄┄┄┄┄┄┄┄┄┄┄┄┄┄┄┄┄┄┄┄┄┄┄┄┄┄┄┄┄┄┄┄┄┄┄┄┄┄┄┄┄┄┄┄┄┄┄┄┄┄┄┄┄┄┄┄┄┄┄┄┄┄┄┄┄┄┄┄┄┄┄┄┄┄┄┄┄┄┄┄┄┄┄┄
│ 07:38:49.596 (+0:00:01.791876)
├┄┄┄┄┄┄┄┄┄┄┄┄┄┄┄┄┄┄┄┄┄┄┄┄┄┄┄┄┄┄┄┄┄┄┄┄┄┄┄┄┄┄┄┄┄┄┄┄┄┄┄┄┄┄┄┄┄┄┄┄┄┄┄┄┄┄┄┄┄┄┄┄┄┄┄┄┄┄┄┄┄┄┄┄┄┄┄┄┄┄┄┄┄┄┄┄┄┄┄┄┄┄┄┄┄┄┄┄┄┄┄┄┄┄┄┄┄┄┄

00:03 +39 -2: /Users/mr42/code/flutter/tmp/filler/test/integration/platform_specific_test.dart: Platform-Specific Database Integration Canvas Operations Work Cross-Platform                           
│ {count: 1}
├┄┄┄┄┄┄┄┄┄┄┄┄┄┄┄┄┄┄┄┄┄┄┄┄┄┄┄┄┄┄┄┄┄┄┄┄┄┄┄┄┄┄┄┄┄┄┄┄┄┄┄┄┄┄┄┄┄┄┄┄┄┄┄┄┄┄┄┄┄┄┄┄┄┄┄┄┄┄┄┄┄┄┄┄┄┄┄┄┄┄┄┄┄┄┄┄┄┄┄┄┄┄┄┄┄┄┄┄┄┄┄┄┄┄┄┄┄┄┄
│ #0   AppLogger.database (package:filler/core/logging.dart:49:13)
│ #1   AppDatabase.getAllCanvases (package:filler/data/database.dart:251:17)

00:03 +39 -2: /Users/mr42/code/flutter/tmp/filler/test/integration/page_state_transitions_test.dart: BLoC State Transitions - All Pages Preferences BLoC - State Transitions                           
│ 🐛 ⚙️ Preferences: Loaded preferences from key-value store

00:03 +39 -2: /Users/mr42/code/flutter/tmp/filler/test/integration/platform_specific_test.dart: Platform-Specific Database Integration Canvas Operations Work Cross-Platform                           
│ #2   <asynchronous suspension>
│ #3   CanvasRepository.getAll (package:filler/domain/repositories.dart:26:24)
│ #4   <asynchronous suspension>
│ #5   main.<anonymous closure>.<anonymous closure> (file:///Users/mr42/code/flutter/tmp/filler/test/integration/platform_specific_test.dart:141:27)

00:03 +39 -2: /Users/mr42/code/flutter/tmp/filler/test/integration/page_state_transitions_test.dart: BLoC State Transitions - All Pages Preferences BLoC - State Transitions                           
└───────────────────────────────────────────────────────────────────────────────────────────────────────────────────────

00:03 +39 -2: /Users/mr42/code/flutter/tmp/filler/test/integration/platform_specific_test.dart: Platform-Specific Database Integration Canvas Operations Work Cross-Platform                           
│ #6   <asynchronous suspension>
│ #7   Declarer.test.<anonymous closure>.<anonymous closure> (package:test_api/src/backend/declarer.dart:242:9)
├┄┄┄┄┄┄┄┄┄┄┄┄┄┄┄┄┄┄┄┄┄┄┄┄┄┄┄┄┄┄┄┄┄┄┄┄┄┄┄┄┄┄┄┄┄┄┄┄┄┄┄┄┄┄┄┄┄┄┄┄┄┄┄┄┄┄┄┄┄┄┄┄┄┄┄┄┄┄┄┄┄┄┄┄┄┄┄┄┄┄┄┄┄┄┄┄┄┄┄┄┄┄┄┄┄┄┄┄┄┄┄┄┄┄┄┄┄┄┄
│ 07:38:49.596 (+0:00:02.001328)
├┄┄┄┄┄┄┄┄┄┄┄┄┄┄┄┄┄┄┄┄┄┄┄┄┄┄┄┄┄┄┄┄┄┄┄┄┄┄┄┄┄┄┄┄┄┄┄┄┄┄┄┄┄┄┄┄┄┄┄┄┄┄┄┄┄┄┄┄┄┄┄┄┄┄┄┄┄┄┄┄┄┄┄┄┄┄┄┄┄┄┄┄┄┄┄┄┄┄┄┄┄┄┄┄┄┄┄┄┄┄┄┄┄┄┄┄┄┄┄
│ 🐛 💾 Database: Query completed
└───────────────────────────────────────────────────────────────────────────────────────────────────────────────────────
┌───────────────────────────────────────────────────────────────────────────────────────────────────────────────────────
│ {count: 1, queryTime: 4ms}
├┄┄┄┄┄┄┄┄┄┄┄┄┄┄┄┄┄┄┄┄┄┄┄┄┄┄┄┄┄┄┄┄┄┄┄┄┄┄┄┄┄┄┄┄┄┄┄┄┄┄┄┄┄┄┄┄┄┄┄┄┄┄┄┄┄┄┄┄┄┄┄┄┄┄┄┄┄┄┄┄┄┄┄┄┄┄┄┄┄┄┄┄┄┄┄┄┄┄┄┄┄┄┄┄┄┄┄┄┄┄┄┄┄┄┄┄┄┄┄

00:03 +39 -2: /Users/mr42/code/flutter/tmp/filler/test/integration/page_state_transitions_test.dart: BLoC State Transitions - All Pages Preferences BLoC - State Transitions                           
┌───────────────────────────────────────────────────────────────────────────────────────────────────────────────────────
│ #0   AppLogger.bloc (package:filler/core/logging.dart:44:13)
│ #1   new PreferencesBloc.<anonymous closure> (package:filler/features/prefs/presentation/preferences_bloc.dart:109:19)
├┄┄┄┄┄┄┄┄┄┄┄┄┄┄┄┄┄┄┄┄┄┄┄┄┄┄┄┄┄┄┄┄┄┄┄┄┄┄┄┄┄┄┄┄┄┄┄┄┄┄┄┄┄┄┄┄┄┄┄┄┄┄┄┄┄┄┄┄┄┄┄┄┄┄┄┄┄┄┄┄┄┄┄┄┄┄┄┄┄┄┄┄┄┄┄┄┄┄┄┄┄┄┄┄┄┄┄┄┄┄┄┄┄┄┄┄┄┄┄
│ 07:38:49.598 (+0:00:01.794452)

00:03 +39 -2: /Users/mr42/code/flutter/tmp/filler/test/integration/platform_specific_test.dart: Platform-Specific Database Integration Canvas Operations Work Cross-Platform                           
│ #0   AppLogger.database (package:filler/core/logging.dart:49:13)

00:03 +39 -2: /Users/mr42/code/flutter/tmp/filler/test/integration/page_state_transitions_test.dart: BLoC State Transitions - All Pages Preferences BLoC - State Transitions                           
├┄┄┄┄┄┄┄┄┄┄┄┄┄┄┄┄┄┄┄┄┄┄┄┄┄┄┄┄┄┄┄┄┄┄┄┄┄┄┄┄┄┄┄┄┄┄┄┄┄┄┄┄┄┄┄┄┄┄┄┄┄┄┄┄┄┄┄┄┄┄┄┄┄┄┄┄┄┄┄┄┄┄┄┄┄┄┄┄┄┄┄┄┄┄┄┄┄┄┄┄┄┄┄┄┄┄┄┄┄┄┄┄┄┄┄┄┄┄┄
│ 🐛 🔄 BLoC[Preferences]: Load Complete | loading → ready
└───────────────────────────────────────────────────────────────────────────────────────────────────────────────────────

00:03 +39 -2: /Users/mr42/code/flutter/tmp/filler/test/integration/platform_specific_test.dart: Platform-Specific Database Integration Canvas Operations Work Cross-Platform                           
│ #1   CanvasRepository.getAll (package:filler/domain/repositories.dart:28:17)
│ #2   <asynchronous suspension>
│ #3   main.<anonymous closure>.<anonymous closure> (file:///Users/mr42/code/flutter/tmp/filler/test/integration/platform_specific_test.dart:141:27)
│ #4   <asynchronous suspension>
│ #5   Declarer.test.<anonymous closure>.<anonymous closure> (package:test_api/src/backend/declarer.dart:242:9)
│ #6   <asynchronous suspension>
│ #7   Declarer.test.<anonymous closure> (package:test_api/src/backend/declarer.dart:240:7)
├┄┄┄┄┄┄┄┄┄┄┄┄┄┄┄┄┄┄┄┄┄┄┄┄┄┄┄┄┄┄┄┄┄┄┄┄┄┄┄┄┄┄┄┄┄┄┄┄┄┄┄┄┄┄┄┄┄┄┄┄┄┄┄┄┄┄┄┄┄┄┄┄┄┄┄┄┄┄┄┄┄┄┄┄┄┄┄┄┄┄┄┄┄┄┄┄┄┄┄┄┄┄┄┄┄┄┄┄┄┄┄┄┄┄┄┄┄┄┄
│ 07:38:49.598 (+0:00:02.003249)
├┄┄┄┄┄┄┄┄┄┄┄┄┄┄┄┄┄┄┄┄┄┄┄┄┄┄┄┄┄┄┄┄┄┄┄┄┄┄┄┄┄┄┄┄┄┄┄┄┄┄┄┄┄┄┄┄┄┄┄┄┄┄┄┄┄┄┄┄┄┄┄┄┄┄┄┄┄┄┄┄┄┄┄┄┄┄┄┄┄┄┄┄┄┄┄┄┄┄┄┄┄┄┄┄┄┄┄┄┄┄┄┄┄┄┄┄┄┄┄
│ 🐛 💾 Database: Retrieved canvases
└───────────────────────────────────────────────────────────────────────────────────────────────────────────────────────
┌───────────────────────────────────────────────────────────────────────────────────────────────────────────────────────
│ #0   TestHelpers.cleanup (file:///Users/mr42/code/flutter/tmp/filler/test/helpers/test_helpers.dart:152:24)
│ #1   main.<anonymous closure> (file:///Users/mr42/code/flutter/tmp/filler/test/integration/platform_specific_test.dart:35:23)
├┄┄┄┄┄┄┄┄┄┄┄┄┄┄┄┄┄┄┄┄┄┄┄┄┄┄┄┄┄┄┄┄┄┄┄┄┄┄┄┄┄┄┄┄┄┄┄┄┄┄┄┄┄┄┄┄┄┄┄┄┄┄┄┄┄┄┄┄┄┄┄┄┄┄┄┄┄┄┄┄┄┄┄┄┄┄┄┄┄┄┄┄┄┄┄┄┄┄┄┄┄┄┄┄┄┄┄┄┄┄┄┄┄┄┄┄┄┄┄
│ 07:38:49.602 (+0:00:02.007216)
├┄┄┄┄┄┄┄┄┄┄┄┄┄┄┄┄┄┄┄┄┄┄┄┄┄┄┄┄┄┄┄┄┄┄┄┄┄┄┄┄┄┄┄┄┄┄┄┄┄┄┄┄┄┄┄┄┄┄┄┄┄┄┄┄┄┄┄┄┄┄┄┄┄┄┄┄┄┄┄┄┄┄┄┄┄┄┄┄┄┄┄┄┄┄┄┄┄┄┄┄┄┄┄┄┄┄┄┄┄┄┄┄┄┄┄┄┄┄┄
│ 🐛 🧹 Cleaning up test environment
└───────────────────────────────────────────────────────────────────────────────────────────────────────────────────────
┌───────────────────────────────────────────────────────────────────────────────────────────────────────────────────────
│ #0   TestHelpers.cleanup (file:///Users/mr42/code/flutter/tmp/filler/test/helpers/test_helpers.dart:166:26)
│ #1   main.<anonymous closure> (file:///Users/mr42/code/flutter/tmp/filler/test/integration/platform_specific_test.dart:35:23)
├┄┄┄┄┄┄┄┄┄┄┄┄┄┄┄┄┄┄┄┄┄┄┄┄┄┄┄┄┄┄┄┄┄┄┄┄┄┄┄┄┄┄┄┄┄┄┄┄┄┄┄┄┄┄┄┄┄┄┄┄┄┄┄┄┄┄┄┄┄┄┄┄┄┄┄┄┄┄┄┄┄┄┄┄┄┄┄┄┄┄┄┄┄┄┄┄┄┄┄┄┄┄┄┄┄┄┄┄┄┄┄┄┄┄┄┄┄┄┄
│ 07:38:49.607 (+0:00:02.011995)
├┄┄┄┄┄┄┄┄┄┄┄┄┄┄┄┄┄┄┄┄┄┄┄┄┄┄┄┄┄┄┄┄┄┄┄┄┄┄┄┄┄┄┄┄┄┄┄┄┄┄┄┄┄┄┄┄┄┄┄┄┄┄┄┄┄┄┄┄┄┄┄┄┄┄┄┄┄┄┄┄┄┄┄┄┄┄┄┄┄┄┄┄┄┄┄┄┄┄┄┄┄┄┄┄┄┄┄┄┄┄┄┄┄┄┄┄┄┄┄
│ 🐛 ✅ Test cleanup completed
└───────────────────────────────────────────────────────────────────────────────────────────────────────────────────────

00:03 +40 -2: /Users/mr42/code/flutter/tmp/filler/test/integration/page_state_transitions_test.dart: BLoC State Transitions - All Pages Preferences BLoC - State Transitions                           
00:03 +40 -2: /Users/mr42/code/flutter/tmp/filler/test/integration/platform_specific_test.dart: Platform-Specific Database Integration Gallery Operations Work Cross-Platform                          
┌───────────────────────────────────────────────────────────────────────────────────────────────────────────────────────
│ #0   TestHelpers.createTestDatabase (file:///Users/mr42/code/flutter/tmp/filler/test/helpers/test_helpers.dart:30:24)
│ #1   main.<anonymous closure> (file:///Users/mr42/code/flutter/tmp/filler/test/integration/platform_specific_test.dart:22:28)
├┄┄┄┄┄┄┄┄┄┄┄┄┄┄┄┄┄┄┄┄┄┄┄┄┄┄┄┄┄┄┄┄┄┄┄┄┄┄┄┄┄┄┄┄┄┄┄┄┄┄┄┄┄┄┄┄┄┄┄┄┄┄┄┄┄┄┄┄┄┄┄┄┄┄┄┄┄┄┄┄┄┄┄┄┄┄┄┄┄┄┄┄┄┄┄┄┄┄┄┄┄┄┄┄┄┄┄┄┄┄┄┄┄┄┄┄┄┄┄
│ 07:38:49.610 (+0:00:02.014521)
├┄┄┄┄┄┄┄┄┄┄┄┄┄┄┄┄┄┄┄┄┄┄┄┄┄┄┄┄┄┄┄┄┄┄┄┄┄┄┄┄┄┄┄┄┄┄┄┄┄┄┄┄┄┄┄┄┄┄┄┄┄┄┄┄┄┄┄┄┄┄┄┄┄┄┄┄┄┄┄┄┄┄┄┄┄┄┄┄┄┄┄┄┄┄┄┄┄┄┄┄┄┄┄┄┄┄┄┄┄┄┄┄┄┄┄┄┄┄┄
│ 🐛 🗄️ Creating test database
└───────────────────────────────────────────────────────────────────────────────────────────────────────────────────────
┌───────────────────────────────────────────────────────────────────────────────────────────────────────────────────────
│ #0   AppLogger.bloc (package:filler/core/logging.dart:44:13)
│ #1   new CanvasBloc (package:filler/features/canvas/presentation/canvas_bloc.dart:106:15)
├┄┄┄┄┄┄┄┄┄┄┄┄┄┄┄┄┄┄┄┄┄┄┄┄┄┄┄┄┄┄┄┄┄┄┄┄┄┄┄┄┄┄┄┄┄┄┄┄┄┄┄┄┄┄┄┄┄┄┄┄┄┄┄┄┄┄┄┄┄┄┄┄┄┄┄┄┄┄┄┄┄┄┄┄┄┄┄┄┄┄┄┄┄┄┄┄┄┄┄┄┄┄┄┄┄┄┄┄┄┄┄┄┄┄┄┄┄┄┄
│ 07:38:49.611 (+0:00:02.015533)
├┄┄┄┄┄┄┄┄┄┄┄┄┄┄┄┄┄┄┄┄┄┄┄┄┄┄┄┄┄┄┄┄┄┄┄┄┄┄┄┄┄┄┄┄┄┄┄┄┄┄┄┄┄┄┄┄┄┄┄┄┄┄┄┄┄┄┄┄┄┄┄┄┄┄┄┄┄┄┄┄┄┄┄┄┄┄┄┄┄┄┄┄┄┄┄┄┄┄┄┄┄┄┄┄┄┄┄┄┄┄┄┄┄┄┄┄┄┄┄
│ 🐛 🔄 BLoC[Canvas]: BLoC Created | null → initial
└───────────────────────────────────────────────────────────────────────────────────────────────────────────────────────
┌───────────────────────────────────────────────────────────────────────────────────────────────────────────────────────
│ #0   AppLogger.bloc (package:filler/core/logging.dart:44:13)
│ #1   new GalleryBloc (package:filler/features/gallery/presentation/gallery_bloc.dart:77:15)
├┄┄┄┄┄┄┄┄┄┄┄┄┄┄┄┄┄┄┄┄┄┄┄┄┄┄┄┄┄┄┄┄┄┄┄┄┄┄┄┄┄┄┄┄┄┄┄┄┄┄┄┄┄┄┄┄┄┄┄┄┄┄┄┄┄┄┄┄┄┄┄┄┄┄┄┄┄┄┄┄┄┄┄┄┄┄┄┄┄┄┄┄┄┄┄┄┄┄┄┄┄┄┄┄┄┄┄┄┄┄┄┄┄┄┄┄┄┄┄
│ 07:38:49.613 (+0:00:02.018477)
├┄┄┄┄┄┄┄┄┄┄┄┄┄┄┄┄┄┄┄┄┄┄┄┄┄┄┄┄┄┄┄┄┄┄┄┄┄┄┄┄┄┄┄┄┄┄┄┄┄┄┄┄┄┄┄┄┄┄┄┄┄┄┄┄┄┄┄┄┄┄┄┄┄┄┄┄┄┄┄┄┄┄┄┄┄┄┄┄┄┄┄┄┄┄┄┄┄┄┄┄┄┄┄┄┄┄┄┄┄┄┄┄┄┄┄┄┄┄┄
│ 🐛 🔄 BLoC[Gallery]: BLoC Created | null → initial
└───────────────────────────────────────────────────────────────────────────────────────────────────────────────────────
┌───────────────────────────────────────────────────────────────────────────────────────────────────────────────────────
│ #0   AppLogger.bloc (package:filler/core/logging.dart:44:13)
│ #1   new PreferencesBloc (package:filler/features/prefs/presentation/preferences_bloc.dart:77:15)
├┄┄┄┄┄┄┄┄┄┄┄┄┄┄┄┄┄┄┄┄┄┄┄┄┄┄┄┄┄┄┄┄┄┄┄┄┄┄┄┄┄┄┄┄┄┄┄┄┄┄┄┄┄┄┄┄┄┄┄┄┄┄┄┄┄┄┄┄┄┄┄┄┄┄┄┄┄┄┄┄┄┄┄┄┄┄┄┄┄┄┄┄┄┄┄┄┄┄┄┄┄┄┄┄┄┄┄┄┄┄┄┄┄┄┄┄┄┄┄
│ 07:38:49.615 (+0:00:02.020068)
├┄┄┄┄┄┄┄┄┄┄┄┄┄┄┄┄┄┄┄┄┄┄┄┄┄┄┄┄┄┄┄┄┄┄┄┄┄┄┄┄┄┄┄┄┄┄┄┄┄┄┄┄┄┄┄┄┄┄┄┄┄┄┄┄┄┄┄┄┄┄┄┄┄┄┄┄┄┄┄┄┄┄┄┄┄┄┄┄┄┄┄┄┄┄┄┄┄┄┄┄┄┄┄┄┄┄┄┄┄┄┄┄┄┄┄┄┄┄┄
│ 🐛 🔄 BLoC[Preferences]: BLoC Created | null → initial
└───────────────────────────────────────────────────────────────────────────────────────────────────────────────────────
┌───────────────────────────────────────────────────────────────────────────────────────────────────────────────────────
│ {title: Gallery Test 1, dimensions: 3x3, insets: 0, dataSize: 262 chars}
├┄┄┄┄┄┄┄┄┄┄┄┄┄┄┄┄┄┄┄┄┄┄┄┄┄┄┄┄┄┄┄┄┄┄┄┄┄┄┄┄┄┄┄┄┄┄┄┄┄┄┄┄┄┄┄┄┄┄┄┄┄┄┄┄┄┄┄┄┄┄┄┄┄┄┄┄┄┄┄┄┄┄┄┄┄┄┄┄┄┄┄┄┄┄┄┄┄┄┄┄┄┄┄┄┄┄┄┄┄┄┄┄┄┄┄┄┄┄┄
│ #0   AppLogger.database (package:filler/core/logging.dart:49:13)
│ #1   CanvasRepository.add (package:filler/domain/repositories.dart:78:15)
│ #2   main.<anonymous closure>.<anonymous closure> (file:///Users/mr42/code/flutter/tmp/filler/test/integration/platform_specific_test.dart:150:24)
│ #3   Declarer.test.<anonymous closure>.<anonymous closure> (package:test_api/src/backend/declarer.dart:242:19)
│ #4   <asynchronous suspension>
│ #5   Declarer.test.<anonymous closure> (package:test_api/src/backend/declarer.dart:240:7)
│ #6   <asynchronous suspension>
│ #7   Invoker._waitForOutstandingCallbacks.<anonymous closure> (package:test_api/src/backend/invoker.dart:282:9)
├┄┄┄┄┄┄┄┄┄┄┄┄┄┄┄┄┄┄┄┄┄┄┄┄┄┄┄┄┄┄┄┄┄┄┄┄┄┄┄┄┄┄┄┄┄┄┄┄┄┄┄┄┄┄┄┄┄┄┄┄┄┄┄┄┄┄┄┄┄┄┄┄┄┄┄┄┄┄┄┄┄┄┄┄┄┄┄┄┄┄┄┄┄┄┄┄┄┄┄┄┄┄┄┄┄┄┄┄┄┄┄┄┄┄┄┄┄┄┄
│ 07:38:49.617 (+0:00:02.021874)
├┄┄┄┄┄┄┄┄┄┄┄┄┄┄┄┄┄┄┄┄┄┄┄┄┄┄┄┄┄┄┄┄┄┄┄┄┄┄┄┄┄┄┄┄┄┄┄┄┄┄┄┄┄┄┄┄┄┄┄┄┄┄┄┄┄┄┄┄┄┄┄┄┄┄┄┄┄┄┄┄┄┄┄┄┄┄┄┄┄┄┄┄┄┄┄┄┄┄┄┄┄┄┄┄┄┄┄┄┄┄┄┄┄┄┄┄┄┄┄
│ 🐛 💾 Database: Creating new canvas
└───────────────────────────────────────────────────────────────────────────────────────────────────────────────────────
┌───────────────────────────────────────────────────────────────────────────────────────────────────────────────────────
│ {title: Gallery Test 1, dimensions: 3x3}
├┄┄┄┄┄┄┄┄┄┄┄┄┄┄┄┄┄┄┄┄┄┄┄┄┄┄┄┄┄┄┄┄┄┄┄┄┄┄┄┄┄┄┄┄┄┄┄┄┄┄┄┄┄┄┄┄┄┄┄┄┄┄┄┄┄┄┄┄┄┄┄┄┄┄┄┄┄┄┄┄┄┄┄┄┄┄┄┄┄┄┄┄┄┄┄┄┄┄┄┄┄┄┄┄┄┄┄┄┄┄┄┄┄┄┄┄┄┄┄
│ #0   AppLogger.database (package:filler/core/logging.dart:49:13)
│ #1   AppDatabase.insertCanvas (package:filler/data/database.dart:225:15)
│ #2   CanvasRepository.add (package:filler/domain/repositories.dart:90:34)
│ #3   main.<anonymous closure>.<anonymous closure> (file:///Users/mr42/code/flutter/tmp/filler/test/integration/platform_specific_test.dart:150:24)
│ #4   Declarer.test.<anonymous closure>.<anonymous closure> (package:test_api/src/backend/declarer.dart:242:19)
│ #5   <asynchronous suspension>
│ #6   Declarer.test.<anonymous closure> (package:test_api/src/backend/declarer.dart:240:7)
│ #7   <asynchronous suspension>
├┄┄┄┄┄┄┄┄┄┄┄┄┄┄┄┄┄┄┄┄┄┄┄┄┄┄┄┄┄┄┄┄┄┄┄┄┄┄┄┄┄┄┄┄┄┄┄┄┄┄┄┄┄┄┄┄┄┄┄┄┄┄┄┄┄┄┄┄┄┄┄┄┄┄┄┄┄┄┄┄┄┄┄┄┄┄┄┄┄┄┄┄┄┄┄┄┄┄┄┄┄┄┄┄┄┄┄┄┄┄┄┄┄┄┄┄┄┄┄
│ 07:38:49.618 (+0:00:02.023285)
├┄┄┄┄┄┄┄┄┄┄┄┄┄┄┄┄┄┄┄┄┄┄┄┄┄┄┄┄┄┄┄┄┄┄┄┄┄┄┄┄┄┄┄┄┄┄┄┄┄┄┄┄┄┄┄┄┄┄┄┄┄┄┄┄┄┄┄┄┄┄┄┄┄┄┄┄┄┄┄┄┄┄┄┄┄┄┄┄┄┄┄┄┄┄┄┄┄┄┄┄┄┄┄┄┄┄┄┄┄┄┄┄┄┄┄┄┄┄┄
│ 🐛 💾 Database: Inserting canvas
└───────────────────────────────────────────────────────────────────────────────────────────────────────────────────────
┌───────────────────────────────────────────────────────────────────────────────────────────────────────────────────────
│ #0   AppLogger.database (package:filler/core/logging.dart:49:13)
│ #1   createTestDatabaseConnection.<anonymous closure> (package:filler/data/database_connection.dart:22:15)
├┄┄┄┄┄┄┄┄┄┄┄┄┄┄┄┄┄┄┄┄┄┄┄┄┄┄┄┄┄┄┄┄┄┄┄┄┄┄┄┄┄┄┄┄┄┄┄┄┄┄┄┄┄┄┄┄┄┄┄┄┄┄┄┄┄┄┄┄┄┄┄┄┄┄┄┄┄┄┄┄┄┄┄┄┄┄┄┄┄┄┄┄┄┄┄┄┄┄┄┄┄┄┄┄┄┄┄┄┄┄┄┄┄┄┄┄┄┄┄
│ 07:38:49.620 (+0:00:02.024762)
├┄┄┄┄┄┄┄┄┄┄┄┄┄┄┄┄┄┄┄┄┄┄┄┄┄┄┄┄┄┄┄┄┄┄┄┄┄┄┄┄┄┄┄┄┄┄┄┄┄┄┄┄┄┄┄┄┄┄┄┄┄┄┄┄┄┄┄┄┄┄┄┄┄┄┄┄┄┄┄┄┄┄┄┄┄┄┄┄┄┄┄┄┄┄┄┄┄┄┄┄┄┄┄┄┄┄┄┄┄┄┄┄┄┄┄┄┄┄┄
│ 🐛 💾 Database: Test AppDatabase instance created (in-memory)
└───────────────────────────────────────────────────────────────────────────────────────────────────────────────────────
┌───────────────────────────────────────────────────────────────────────────────────────────────────────────────────────
│ {version: 4, wasCreated: true, hadUpgrade: false}
├┄┄┄┄┄┄┄┄┄┄┄┄┄┄┄┄┄┄┄┄┄┄┄┄┄┄┄┄┄┄┄┄┄┄┄┄┄┄┄┄┄┄┄┄┄┄┄┄┄┄┄┄┄┄┄┄┄┄┄┄┄┄┄┄┄┄┄┄┄┄┄┄┄┄┄┄┄┄┄┄┄┄┄┄┄┄┄┄┄┄┄┄┄┄┄┄┄┄┄┄┄┄┄┄┄┄┄┄┄┄┄┄┄┄┄┄┄┄┄
│ #0   AppLogger.database (package:filler/core/logging.dart:49:13)
│ #1   AppDatabase.migration.<anonymous closure> (package:filler/data/database.dart:211:17)
│ #2   GeneratedDatabase.beforeOpen.<anonymous closure> (package:drift/src/runtime/api/db_base.dart:137:44)
│ #3   <asynchronous suspension>
│ #4   DelegatedDatabase._runMigrations (package:drift/src/runtime/executor/helpers/engines.dart:512:5)
│ #5   <asynchronous suspension>
│ #6   DelegatedDatabase.ensureOpen.<anonymous closure> (package:drift/src/runtime/executor/helpers/engines.dart:476:9)
│ #7   <asynchronous suspension>
├┄┄┄┄┄┄┄┄┄┄┄┄┄┄┄┄┄┄┄┄┄┄┄┄┄┄┄┄┄┄┄┄┄┄┄┄┄┄┄┄┄┄┄┄┄┄┄┄┄┄┄┄┄┄┄┄┄┄┄┄┄┄┄┄┄┄┄┄┄┄┄┄┄┄┄┄┄┄┄┄┄┄┄┄┄┄┄┄┄┄┄┄┄┄┄┄┄┄┄┄┄┄┄┄┄┄┄┄┄┄┄┄┄┄┄┄┄┄┄
│ 07:38:49.621 (+0:00:02.026243)
├┄┄┄┄┄┄┄┄┄┄┄┄┄┄┄┄┄┄┄┄┄┄┄┄┄┄┄┄┄┄┄┄┄┄┄┄┄┄┄┄┄┄┄┄┄┄┄┄┄┄┄┄┄┄┄┄┄┄┄┄┄┄┄┄┄┄┄┄┄┄┄┄┄┄┄┄┄┄┄┄┄┄┄┄┄┄┄┄┄┄┄┄┄┄┄┄┄┄┄┄┄┄┄┄┄┄┄┄┄┄┄┄┄┄┄┄┄┄┄
│ 🐛 💾 Database: Database opened
└───────────────────────────────────────────────────────────────────────────────────────────────────────────────────────
┌───────────────────────────────────────────────────────────────────────────────────────────────────────────────────────
│ {id: 1}
├┄┄┄┄┄┄┄┄┄┄┄┄┄┄┄┄┄┄┄┄┄┄┄┄┄┄┄┄┄┄┄┄┄┄┄┄┄┄┄┄┄┄┄┄┄┄┄┄┄┄┄┄┄┄┄┄┄┄┄┄┄┄┄┄┄┄┄┄┄┄┄┄┄┄┄┄┄┄┄┄┄┄┄┄┄┄┄┄┄┄┄┄┄┄┄┄┄┄┄┄┄┄┄┄┄┄┄┄┄┄┄┄┄┄┄┄┄┄┄
│ #0   AppLogger.database (package:filler/core/logging.dart:49:13)
│ #1   AppDatabase.insertCanvas (package:filler/data/database.dart:234:17)
│ #2   <asynchronous suspension>
│ #3   CanvasRepository.add (package:filler/domain/repositories.dart:90:24)
│ #4   <asynchronous suspension>
│ #5   main.<anonymous closure>.<anonymous closure> (file:///Users/mr42/code/flutter/tmp/filler/test/integration/platform_specific_test.dart:150:7)
│ #6   <asynchronous suspension>
│ #7   Declarer.test.<anonymous closure>.<anonymous closure> (package:test_api/src/backend/declarer.dart:242:9)
├┄┄┄┄┄┄┄┄┄┄┄┄┄┄┄┄┄┄┄┄┄┄┄┄┄┄┄┄┄┄┄┄┄┄┄┄┄┄┄┄┄┄┄┄┄┄┄┄┄┄┄┄┄┄┄┄┄┄┄┄┄┄┄┄┄┄┄┄┄┄┄┄┄┄┄┄┄┄┄┄┄┄┄┄┄┄┄┄┄┄┄┄┄┄┄┄┄┄┄┄┄┄┄┄┄┄┄┄┄┄┄┄┄┄┄┄┄┄┄
│ 07:38:49.623 (+0:00:02.027658)
├┄┄┄┄┄┄┄┄┄┄┄┄┄┄┄┄┄┄┄┄┄┄┄┄┄┄┄┄┄┄┄┄┄┄┄┄┄┄┄┄┄┄┄┄┄┄┄┄┄┄┄┄┄┄┄┄┄┄┄┄┄┄┄┄┄┄┄┄┄┄┄┄┄┄┄┄┄┄┄┄┄┄┄┄┄┄┄┄┄┄┄┄┄┄┄┄┄┄┄┄┄┄┄┄┄┄┄┄┄┄┄┄┄┄┄┄┄┄┄
│ 🐛 💾 Database: Canvas inserted with ID
└───────────────────────────────────────────────────────────────────────────────────────────────────────────────────────
┌───────────────────────────────────────────────────────────────────────────────────────────────────────────────────────
│ {id: 1, title: Gallery Test 1, insertTime: 5ms}
├┄┄┄┄┄┄┄┄┄┄┄┄┄┄┄┄┄┄┄┄┄┄┄┄┄┄┄┄┄┄┄┄┄┄┄┄┄┄┄┄┄┄┄┄┄┄┄┄┄┄┄┄┄┄┄┄┄┄┄┄┄┄┄┄┄┄┄┄┄┄┄┄┄┄┄┄┄┄┄┄┄┄┄┄┄┄┄┄┄┄┄┄┄┄┄┄┄┄┄┄┄┄┄┄┄┄┄┄┄┄┄┄┄┄┄┄┄┄┄
│ #0   AppLogger.database (package:filler/core/logging.dart:49:13)
│ #1   CanvasRepository.add (package:filler/domain/repositories.dart:103:17)
│ #2   <asynchronous suspension>
│ #3   main.<anonymous closure>.<anonymous closure> (file:///Users/mr42/code/flutter/tmp/filler/test/integration/platform_specific_test.dart:150:7)
│ #4   <asynchronous suspension>
│ #5   Declarer.test.<anonymous closure>.<anonymous closure> (package:test_api/src/backend/declarer.dart:242:9)
│ #6   <asynchronous suspension>
│ #7   Declarer.test.<anonymous closure> (package:test_api/src/backend/declarer.dart:240:7)
├┄┄┄┄┄┄┄┄┄┄┄┄┄┄┄┄┄┄┄┄┄┄┄┄┄┄┄┄┄┄┄┄┄┄┄┄┄┄┄┄┄┄┄┄┄┄┄┄┄┄┄┄┄┄┄┄┄┄┄┄┄┄┄┄┄┄┄┄┄┄┄┄┄┄┄┄┄┄┄┄┄┄┄┄┄┄┄┄┄┄┄┄┄┄┄┄┄┄┄┄┄┄┄┄┄┄┄┄┄┄┄┄┄┄┄┄┄┄┄
│ 07:38:49.624 (+0:00:02.028937)
├┄┄┄┄┄┄┄┄┄┄┄┄┄┄┄┄┄┄┄┄┄┄┄┄┄┄┄┄┄┄┄┄┄┄┄┄┄┄┄┄┄┄┄┄┄┄┄┄┄┄┄┄┄┄┄┄┄┄┄┄┄┄┄┄┄┄┄┄┄┄┄┄┄┄┄┄┄┄┄┄┄┄┄┄┄┄┄┄┄┄┄┄┄┄┄┄┄┄┄┄┄┄┄┄┄┄┄┄┄┄┄┄┄┄┄┄┄┄┄
│ 🐛 💾 Database: Canvas created successfully
└───────────────────────────────────────────────────────────────────────────────────────────────────────────────────────
┌───────────────────────────────────────────────────────────────────────────────────────────────────────────────────────
│ {title: Gallery Test 2, dimensions: 2x2, insets: 1, dataSize: 117 chars}
├┄┄┄┄┄┄┄┄┄┄┄┄┄┄┄┄┄┄┄┄┄┄┄┄┄┄┄┄┄┄┄┄┄┄┄┄┄┄┄┄┄┄┄┄┄┄┄┄┄┄┄┄┄┄┄┄┄┄┄┄┄┄┄┄┄┄┄┄┄┄┄┄┄┄┄┄┄┄┄┄┄┄┄┄┄┄┄┄┄┄┄┄┄┄┄┄┄┄┄┄┄┄┄┄┄┄┄┄┄┄┄┄┄┄┄┄┄┄┄
│ #0   AppLogger.database (package:filler/core/logging.dart:49:13)
│ #1   CanvasRepository.add (package:filler/domain/repositories.dart:78:15)
│ #2   main.<anonymous closure>.<anonymous closure> (file:///Users/mr42/code/flutter/tmp/filler/test/integration/platform_specific_test.dart:161:24)
│ #3   <asynchronous suspension>
│ #4   Declarer.test.<anonymous closure>.<anonymous closure> (package:test_api/src/backend/declarer.dart:242:9)
│ #5   <asynchronous suspension>
│ #6   Declarer.test.<anonymous closure> (package:test_api/src/backend/declarer.dart:240:7)
│ #7   <asynchronous suspension>
├┄┄┄┄┄┄┄┄┄┄┄┄┄┄┄┄┄┄┄┄┄┄┄┄┄┄┄┄┄┄┄┄┄┄┄┄┄┄┄┄┄┄┄┄┄┄┄┄┄┄┄┄┄┄┄┄┄┄┄┄┄┄┄┄┄┄┄┄┄┄┄┄┄┄┄┄┄┄┄┄┄┄┄┄┄┄┄┄┄┄┄┄┄┄┄┄┄┄┄┄┄┄┄┄┄┄┄┄┄┄┄┄┄┄┄┄┄┄┄
│ 07:38:49.628 (+0:00:02.032941)
├┄┄┄┄┄┄┄┄┄┄┄┄┄┄┄┄┄┄┄┄┄┄┄┄┄┄┄┄┄┄┄┄┄┄┄┄┄┄┄┄┄┄┄┄┄┄┄┄┄┄┄┄┄┄┄┄┄┄┄┄┄┄┄┄┄┄┄┄┄┄┄┄┄┄┄┄┄┄┄┄┄┄┄┄┄┄┄┄┄┄┄┄┄┄┄┄┄┄┄┄┄┄┄┄┄┄┄┄┄┄┄┄┄┄┄┄┄┄┄
│ 🐛 💾 Database: Creating new canvas
└───────────────────────────────────────────────────────────────────────────────────────────────────────────────────────
┌───────────────────────────────────────────────────────────────────────────────────────────────────────────────────────
│ {title: Gallery Test 2, dimensions: 2x2}
├┄┄┄┄┄┄┄┄┄┄┄┄┄┄┄┄┄┄┄┄┄┄┄┄┄┄┄┄┄┄┄┄┄┄┄┄┄┄┄┄┄┄┄┄┄┄┄┄┄┄┄┄┄┄┄┄┄┄┄┄┄┄┄┄┄┄┄┄┄┄┄┄┄┄┄┄┄┄┄┄┄┄┄┄┄┄┄┄┄┄┄┄┄┄┄┄┄┄┄┄┄┄┄┄┄┄┄┄┄┄┄┄┄┄┄┄┄┄┄
│ #0   AppLogger.database (package:filler/core/logging.dart:49:13)
│ #1   AppDatabase.insertCanvas (package:filler/data/database.dart:225:15)
│ #2   CanvasRepository.add (package:filler/domain/repositories.dart:90:34)
│ #3   main.<anonymous closure>.<anonymous closure> (file:///Users/mr42/code/flutter/tmp/filler/test/integration/platform_specific_test.dart:161:24)
│ #4   <asynchronous suspension>
│ #5   Declarer.test.<anonymous closure>.<anonymous closure> (package:test_api/src/backend/declarer.dart:242:9)
│ #6   <asynchronous suspension>
│ #7   Declarer.test.<anonymous closure> (package:test_api/src/backend/declarer.dart:240:7)
├┄┄┄┄┄┄┄┄┄┄┄┄┄┄┄┄┄┄┄┄┄┄┄┄┄┄┄┄┄┄┄┄┄┄┄┄┄┄┄┄┄┄┄┄┄┄┄┄┄┄┄┄┄┄┄┄┄┄┄┄┄┄┄┄┄┄┄┄┄┄┄┄┄┄┄┄┄┄┄┄┄┄┄┄┄┄┄┄┄┄┄┄┄┄┄┄┄┄┄┄┄┄┄┄┄┄┄┄┄┄┄┄┄┄┄┄┄┄┄
│ 07:38:49.629 (+0:00:02.034363)
├┄┄┄┄┄┄┄┄┄┄┄┄┄┄┄┄┄┄┄┄┄┄┄┄┄┄┄┄┄┄┄┄┄┄┄┄┄┄┄┄┄┄┄┄┄┄┄┄┄┄┄┄┄┄┄┄┄┄┄┄┄┄┄┄┄┄┄┄┄┄┄┄┄┄┄┄┄┄┄┄┄┄┄┄┄┄┄┄┄┄┄┄┄┄┄┄┄┄┄┄┄┄┄┄┄┄┄┄┄┄┄┄┄┄┄┄┄┄┄
│ 🐛 💾 Database: Inserting canvas
└───────────────────────────────────────────────────────────────────────────────────────────────────────────────────────
┌───────────────────────────────────────────────────────────────────────────────────────────────────────────────────────
│ {id: 2}
├┄┄┄┄┄┄┄┄┄┄┄┄┄┄┄┄┄┄┄┄┄┄┄┄┄┄┄┄┄┄┄┄┄┄┄┄┄┄┄┄┄┄┄┄┄┄┄┄┄┄┄┄┄┄┄┄┄┄┄┄┄┄┄┄┄┄┄┄┄┄┄┄┄┄┄┄┄┄┄┄┄┄┄┄┄┄┄┄┄┄┄┄┄┄┄┄┄┄┄┄┄┄┄┄┄┄┄┄┄┄┄┄┄┄┄┄┄┄┄
│ #0   AppLogger.database (package:filler/core/logging.dart:49:13)
│ #1   AppDatabase.insertCanvas (package:filler/data/database.dart:234:17)
│ #2   <asynchronous suspension>
│ #3   CanvasRepository.add (package:filler/domain/repositories.dart:90:24)
│ #4   <asynchronous suspension>
│ #5   main.<anonymous closure>.<anonymous closure> (file:///Users/mr42/code/flutter/tmp/filler/test/integration/platform_specific_test.dart:161:7)
│ #6   <asynchronous suspension>
│ #7   Declarer.test.<anonymous closure>.<anonymous closure> (package:test_api/src/backend/declarer.dart:242:9)
├┄┄┄┄┄┄┄┄┄┄┄┄┄┄┄┄┄┄┄┄┄┄┄┄┄┄┄┄┄┄┄┄┄┄┄┄┄┄┄┄┄┄┄┄┄┄┄┄┄┄┄┄┄┄┄┄┄┄┄┄┄┄┄┄┄┄┄┄┄┄┄┄┄┄┄┄┄┄┄┄┄┄┄┄┄┄┄┄┄┄┄┄┄┄┄┄┄┄┄┄┄┄┄┄┄┄┄┄┄┄┄┄┄┄┄┄┄┄┄
│ 07:38:49.632 (+0:00:02.036533)
├┄┄┄┄┄┄┄┄┄┄┄┄┄┄┄┄┄┄┄┄┄┄┄┄┄┄┄┄┄┄┄┄┄┄┄┄┄┄┄┄┄┄┄┄┄┄┄┄┄┄┄┄┄┄┄┄┄┄┄┄┄┄┄┄┄┄┄┄┄┄┄┄┄┄┄┄┄┄┄┄┄┄┄┄┄┄┄┄┄┄┄┄┄┄┄┄┄┄┄┄┄┄┄┄┄┄┄┄┄┄┄┄┄┄┄┄┄┄┄
│ 🐛 💾 Database: Canvas inserted with ID
└───────────────────────────────────────────────────────────────────────────────────────────────────────────────────────
┌───────────────────────────────────────────────────────────────────────────────────────────────────────────────────────
│ {id: 2, title: Gallery Test 2, insertTime: 3ms}
├┄┄┄┄┄┄┄┄┄┄┄┄┄┄┄┄┄┄┄┄┄┄┄┄┄┄┄┄┄┄┄┄┄┄┄┄┄┄┄┄┄┄┄┄┄┄┄┄┄┄┄┄┄┄┄┄┄┄┄┄┄┄┄┄┄┄┄┄┄┄┄┄┄┄┄┄┄┄┄┄┄┄┄┄┄┄┄┄┄┄┄┄┄┄┄┄┄┄┄┄┄┄┄┄┄┄┄┄┄┄┄┄┄┄┄┄┄┄┄
│ #0   AppLogger.database (package:filler/core/logging.dart:49:13)
│ #1   CanvasRepository.add (package:filler/domain/repositories.dart:103:17)
│ #2   <asynchronous suspension>
│ #3   main.<anonymous closure>.<anonymous closure> (file:///Users/mr42/code/flutter/tmp/filler/test/integration/platform_specific_test.dart:161:7)
│ #4   <asynchronous suspension>
│ #5   Declarer.test.<anonymous closure>.<anonymous closure> (package:test_api/src/backend/declarer.dart:242:9)
│ #6   <asynchronous suspension>
│ #7   Declarer.test.<anonymous closure> (package:test_api/src/backend/declarer.dart:240:7)
├┄┄┄┄┄┄┄┄┄┄┄┄┄┄┄┄┄┄┄┄┄┄┄┄┄┄┄┄┄┄┄┄┄┄┄┄┄┄┄┄┄┄┄┄┄┄┄┄┄┄┄┄┄┄┄┄┄┄┄┄┄┄┄┄┄┄┄┄┄┄┄┄┄┄┄┄┄┄┄┄┄┄┄┄┄┄┄┄┄┄┄┄┄┄┄┄┄┄┄┄┄┄┄┄┄┄┄┄┄┄┄┄┄┄┄┄┄┄┄
│ 07:38:49.633 (+0:00:02.037773)
├┄┄┄┄┄┄┄┄┄┄┄┄┄┄┄┄┄┄┄┄┄┄┄┄┄┄┄┄┄┄┄┄┄┄┄┄┄┄┄┄┄┄┄┄┄┄┄┄┄┄┄┄┄┄┄┄┄┄┄┄┄┄┄┄┄┄┄┄┄┄┄┄┄┄┄┄┄┄┄┄┄┄┄┄┄┄┄┄┄┄┄┄┄┄┄┄┄┄┄┄┄┄┄┄┄┄┄┄┄┄┄┄┄┄┄┄┄┄┄
│ 🐛 💾 Database: Canvas created successfully
└───────────────────────────────────────────────────────────────────────────────────────────────────────────────────────
┌───────────────────────────────────────────────────────────────────────────────────────────────────────────────────────
│ #0   AppLogger.bloc (package:filler/core/logging.dart:44:13)
│ #1   new GalleryBloc.<anonymous closure> (package:filler/features/gallery/presentation/gallery_bloc.dart:79:17)
├┄┄┄┄┄┄┄┄┄┄┄┄┄┄┄┄┄┄┄┄┄┄┄┄┄┄┄┄┄┄┄┄┄┄┄┄┄┄┄┄┄┄┄┄┄┄┄┄┄┄┄┄┄┄┄┄┄┄┄┄┄┄┄┄┄┄┄┄┄┄┄┄┄┄┄┄┄┄┄┄┄┄┄┄┄┄┄┄┄┄┄┄┄┄┄┄┄┄┄┄┄┄┄┄┄┄┄┄┄┄┄┄┄┄┄┄┄┄┄
│ 07:38:49.635 (+0:00:02.039797)
├┄┄┄┄┄┄┄┄┄┄┄┄┄┄┄┄┄┄┄┄┄┄┄┄┄┄┄┄┄┄┄┄┄┄┄┄┄┄┄┄┄┄┄┄┄┄┄┄┄┄┄┄┄┄┄┄┄┄┄┄┄┄┄┄┄┄┄┄┄┄┄┄┄┄┄┄┄┄┄┄┄┄┄┄┄┄┄┄┄┄┄┄┄┄┄┄┄┄┄┄┄┄┄┄┄┄┄┄┄┄┄┄┄┄┄┄┄┄┄
│ 🐛 🔄 BLoC[Gallery]: Load Event | initial → loading
└───────────────────────────────────────────────────────────────────────────────────────────────────────────────────────
┌───────────────────────────────────────────────────────────────────────────────────────────────────────────────────────
│ #0   AppLogger.database (package:filler/core/logging.dart:49:13)
│ #1   CanvasRepository.getAllModels (package:filler/domain/repositories.dart:303:15)
├┄┄┄┄┄┄┄┄┄┄┄┄┄┄┄┄┄┄┄┄┄┄┄┄┄┄┄┄┄┄┄┄┄┄┄┄┄┄┄┄┄┄┄┄┄┄┄┄┄┄┄┄┄┄┄┄┄┄┄┄┄┄┄┄┄┄┄┄┄┄┄┄┄┄┄┄┄┄┄┄┄┄┄┄┄┄┄┄┄┄┄┄┄┄┄┄┄┄┄┄┄┄┄┄┄┄┄┄┄┄┄┄┄┄┄┄┄┄┄
│ 07:38:49.636 (+0:00:02.041358)
├┄┄┄┄┄┄┄┄┄┄┄┄┄┄┄┄┄┄┄┄┄┄┄┄┄┄┄┄┄┄┄┄┄┄┄┄┄┄┄┄┄┄┄┄┄┄┄┄┄┄┄┄┄┄┄┄┄┄┄┄┄┄┄┄┄┄┄┄┄┄┄┄┄┄┄┄┄┄┄┄┄┄┄┄┄┄┄┄┄┄┄┄┄┄┄┄┄┄┄┄┄┄┄┄┄┄┄┄┄┄┄┄┄┄┄┄┄┄┄
│ 🐛 💾 Database: Fetching all canvas models
└───────────────────────────────────────────────────────────────────────────────────────────────────────────────────────
┌───────────────────────────────────────────────────────────────────────────────────────────────────────────────────────
│ #0   AppLogger.database (package:filler/core/logging.dart:49:13)
│ #1   AppDatabase.getAllCanvases (package:filler/data/database.dart:248:15)
├┄┄┄┄┄┄┄┄┄┄┄┄┄┄┄┄┄┄┄┄┄┄┄┄┄┄┄┄┄┄┄┄┄┄┄┄┄┄┄┄┄┄┄┄┄┄┄┄┄┄┄┄┄┄┄┄┄┄┄┄┄┄┄┄┄┄┄┄┄┄┄┄┄┄┄┄┄┄┄┄┄┄┄┄┄┄┄┄┄┄┄┄┄┄┄┄┄┄┄┄┄┄┄┄┄┄┄┄┄┄┄┄┄┄┄┄┄┄┄
│ 07:38:49.637 (+0:00:02.042106)
├┄┄┄┄┄┄┄┄┄┄┄┄┄┄┄┄┄┄┄┄┄┄┄┄┄┄┄┄┄┄┄┄┄┄┄┄┄┄┄┄┄┄┄┄┄┄┄┄┄┄┄┄┄┄┄┄┄┄┄┄┄┄┄┄┄┄┄┄┄┄┄┄┄┄┄┄┄┄┄┄┄┄┄┄┄┄┄┄┄┄┄┄┄┄┄┄┄┄┄┄┄┄┄┄┄┄┄┄┄┄┄┄┄┄┄┄┄┄┄
│ 🐛 💾 Database: Querying all canvases
└───────────────────────────────────────────────────────────────────────────────────────────────────────────────────────
┌───────────────────────────────────────────────────────────────────────────────────────────────────────────────────────
│ {count: 2}
├┄┄┄┄┄┄┄┄┄┄┄┄┄┄┄┄┄┄┄┄┄┄┄┄┄┄┄┄┄┄┄┄┄┄┄┄┄┄┄┄┄┄┄┄┄┄┄┄┄┄┄┄┄┄┄┄┄┄┄┄┄┄┄┄┄┄┄┄┄┄┄┄┄┄┄┄┄┄┄┄┄┄┄┄┄┄┄┄┄┄┄┄┄┄┄┄┄┄┄┄┄┄┄┄┄┄┄┄┄┄┄┄┄┄┄┄┄┄┄
│ #0   AppLogger.database (package:filler/core/logging.dart:49:13)
│ #1   AppDatabase.getAllCanvases (package:filler/data/database.dart:251:17)
│ #2   <asynchronous suspension>
│ #3   CanvasRepository.getAllModels (package:filler/domain/repositories.dart:306:24)
│ #4   <asynchronous suspension>
│ #5   new GalleryBloc.<anonymous closure> (package:filler/features/gallery/presentation/gallery_bloc.dart:84:26)
│ #6   <asynchronous suspension>
│ #7   Bloc.on.<anonymous closure>.handleEvent (package:bloc/src/bloc.dart:226:13)
├┄┄┄┄┄┄┄┄┄┄┄┄┄┄┄┄┄┄┄┄┄┄┄┄┄┄┄┄┄┄┄┄┄┄┄┄┄┄┄┄┄┄┄┄┄┄┄┄┄┄┄┄┄┄┄┄┄┄┄┄┄┄┄┄┄┄┄┄┄┄┄┄┄┄┄┄┄┄┄┄┄┄┄┄┄┄┄┄┄┄┄┄┄┄┄┄┄┄┄┄┄┄┄┄┄┄┄┄┄┄┄┄┄┄┄┄┄┄┄
│ 07:38:49.638 (+0:00:02.043330)
├┄┄┄┄┄┄┄┄┄┄┄┄┄┄┄┄┄┄┄┄┄┄┄┄┄┄┄┄┄┄┄┄┄┄┄┄┄┄┄┄┄┄┄┄┄┄┄┄┄┄┄┄┄┄┄┄┄┄┄┄┄┄┄┄┄┄┄┄┄┄┄┄┄┄┄┄┄┄┄┄┄┄┄┄┄┄┄┄┄┄┄┄┄┄┄┄┄┄┄┄┄┄┄┄┄┄┄┄┄┄┄┄┄┄┄┄┄┄┄
│ 🐛 💾 Database: Query completed
└───────────────────────────────────────────────────────────────────────────────────────────────────────────────────────
┌───────────────────────────────────────────────────────────────────────────────────────────────────────────────────────
│ {count: 2, queryTime: 3ms}
├┄┄┄┄┄┄┄┄┄┄┄┄┄┄┄┄┄┄┄┄┄┄┄┄┄┄┄┄┄┄┄┄┄┄┄┄┄┄┄┄┄┄┄┄┄┄┄┄┄┄┄┄┄┄┄┄┄┄┄┄┄┄┄┄┄┄┄┄┄┄┄┄┄┄┄┄┄┄┄┄┄┄┄┄┄┄┄┄┄┄┄┄┄┄┄┄┄┄┄┄┄┄┄┄┄┄┄┄┄┄┄┄┄┄┄┄┄┄┄
│ #0   AppLogger.database (package:filler/core/logging.dart:49:13)
│ #1   CanvasRepository.getAllModels (package:filler/domain/repositories.dart:310:17)
│ #2   <asynchronous suspension>
│ #3   new GalleryBloc.<anonymous closure> (package:filler/features/gallery/presentation/gallery_bloc.dart:84:26)
│ #4   <asynchronous suspension>
│ #5   Bloc.on.<anonymous closure>.handleEvent (package:bloc/src/bloc.dart:226:13)
│ #6   <asynchronous suspension>
├┄┄┄┄┄┄┄┄┄┄┄┄┄┄┄┄┄┄┄┄┄┄┄┄┄┄┄┄┄┄┄┄┄┄┄┄┄┄┄┄┄┄┄┄┄┄┄┄┄┄┄┄┄┄┄┄┄┄┄┄┄┄┄┄┄┄┄┄┄┄┄┄┄┄┄┄┄┄┄┄┄┄┄┄┄┄┄┄┄┄┄┄┄┄┄┄┄┄┄┄┄┄┄┄┄┄┄┄┄┄┄┄┄┄┄┄┄┄┄
│ 07:38:49.640 (+0:00:02.045445)
├┄┄┄┄┄┄┄┄┄┄┄┄┄┄┄┄┄┄┄┄┄┄┄┄┄┄┄┄┄┄┄┄┄┄┄┄┄┄┄┄┄┄┄┄┄┄┄┄┄┄┄┄┄┄┄┄┄┄┄┄┄┄┄┄┄┄┄┄┄┄┄┄┄┄┄┄┄┄┄┄┄┄┄┄┄┄┄┄┄┄┄┄┄┄┄┄┄┄┄┄┄┄┄┄┄┄┄┄┄┄┄┄┄┄┄┄┄┄┄
│ 🐛 💾 Database: Retrieved canvas models
└───────────────────────────────────────────────────────────────────────────────────────────────────────────────────────
┌───────────────────────────────────────────────────────────────────────────────────────────────────────────────────────
│ {count: 2, loadTime: 5ms}
├┄┄┄┄┄┄┄┄┄┄┄┄┄┄┄┄┄┄┄┄┄┄┄┄┄┄┄┄┄┄┄┄┄┄┄┄┄┄┄┄┄┄┄┄┄┄┄┄┄┄┄┄┄┄┄┄┄┄┄┄┄┄┄┄┄┄┄┄┄┄┄┄┄┄┄┄┄┄┄┄┄┄┄┄┄┄┄┄┄┄┄┄┄┄┄┄┄┄┄┄┄┄┄┄┄┄┄┄┄┄┄┄┄┄┄┄┄┄┄
│ #0   AppLogger.database (package:filler/core/logging.dart:49:13)
│ #1   new GalleryBloc.<anonymous closure> (package:filler/features/gallery/presentation/gallery_bloc.dart:87:19)
│ #2   <asynchronous suspension>
│ #3   Bloc.on.<anonymous closure>.handleEvent (package:bloc/src/bloc.dart:226:13)
│ #4   <asynchronous suspension>
├┄┄┄┄┄┄┄┄┄┄┄┄┄┄┄┄┄┄┄┄┄┄┄┄┄┄┄┄┄┄┄┄┄┄┄┄┄┄┄┄┄┄┄┄┄┄┄┄┄┄┄┄┄┄┄┄┄┄┄┄┄┄┄┄┄┄┄┄┄┄┄┄┄┄┄┄┄┄┄┄┄┄┄┄┄┄┄┄┄┄┄┄┄┄┄┄┄┄┄┄┄┄┄┄┄┄┄┄┄┄┄┄┄┄┄┄┄┄┄
│ 07:38:49.642 (+0:00:02.046922)
├┄┄┄┄┄┄┄┄┄┄┄┄┄┄┄┄┄┄┄┄┄┄┄┄┄┄┄┄┄┄┄┄┄┄┄┄┄┄┄┄┄┄┄┄┄┄┄┄┄┄┄┄┄┄┄┄┄┄┄┄┄┄┄┄┄┄┄┄┄┄┄┄┄┄┄┄┄┄┄┄┄┄┄┄┄┄┄┄┄┄┄┄┄┄┄┄┄┄┄┄┄┄┄┄┄┄┄┄┄┄┄┄┄┄┄┄┄┄┄
│ 🐛 💾 Database: Loaded canvases from database
└───────────────────────────────────────────────────────────────────────────────────────────────────────────────────────
┌───────────────────────────────────────────────────────────────────────────────────────────────────────────────────────
│ {id: 1, title: Gallery Test 1, dimensions: 3x3, pixelCount: 9}
├┄┄┄┄┄┄┄┄┄┄┄┄┄┄┄┄┄┄┄┄┄┄┄┄┄┄┄┄┄┄┄┄┄┄┄┄┄┄┄┄┄┄┄┄┄┄┄┄┄┄┄┄┄┄┄┄┄┄┄┄┄┄┄┄┄┄┄┄┄┄┄┄┄┄┄┄┄┄┄┄┄┄┄┄┄┄┄┄┄┄┄┄┄┄┄┄┄┄┄┄┄┄┄┄┄┄┄┄┄┄┄┄┄┄┄┄┄┄┄
│ #0   AppLogger.canvas (package:filler/core/logging.dart:59:13)
│ #1   new GalleryBloc.<anonymous closure> (package:filler/features/gallery/presentation/gallery_bloc.dart:109:23)
│ #2   <asynchronous suspension>
│ #3   Bloc.on.<anonymous closure>.handleEvent (package:bloc/src/bloc.dart:226:13)
│ #4   <asynchronous suspension>
├┄┄┄┄┄┄┄┄┄┄┄┄┄┄┄┄┄┄┄┄┄┄┄┄┄┄┄┄┄┄┄┄┄┄┄┄┄┄┄┄┄┄┄┄┄┄┄┄┄┄┄┄┄┄┄┄┄┄┄┄┄┄┄┄┄┄┄┄┄┄┄┄┄┄┄┄┄┄┄┄┄┄┄┄┄┄┄┄┄┄┄┄┄┄┄┄┄┄┄┄┄┄┄┄┄┄┄┄┄┄┄┄┄┄┄┄┄┄┄
│ 07:38:49.643 (+0:00:02.048138)
├┄┄┄┄┄┄┄┄┄┄┄┄┄┄┄┄┄┄┄┄┄┄┄┄┄┄┄┄┄┄┄┄┄┄┄┄┄┄┄┄┄┄┄┄┄┄┄┄┄┄┄┄┄┄┄┄┄┄┄┄┄┄┄┄┄┄┄┄┄┄┄┄┄┄┄┄┄┄┄┄┄┄┄┄┄┄┄┄┄┄┄┄┄┄┄┄┄┄┄┄┄┄┄┄┄┄┄┄┄┄┄┄┄┄┄┄┄┄┄
│ 🐛 🎨 Canvas: Processed canvas for gallery
└───────────────────────────────────────────────────────────────────────────────────────────────────────────────────────
┌───────────────────────────────────────────────────────────────────────────────────────────────────────────────────────
│ {id: 2, title: Gallery Test 2, dimensions: 2x2, pixelCount: 4}
├┄┄┄┄┄┄┄┄┄┄┄┄┄┄┄┄┄┄┄┄┄┄┄┄┄┄┄┄┄┄┄┄┄┄┄┄┄┄┄┄┄┄┄┄┄┄┄┄┄┄┄┄┄┄┄┄┄┄┄┄┄┄┄┄┄┄┄┄┄┄┄┄┄┄┄┄┄┄┄┄┄┄┄┄┄┄┄┄┄┄┄┄┄┄┄┄┄┄┄┄┄┄┄┄┄┄┄┄┄┄┄┄┄┄┄┄┄┄┄
│ #0   AppLogger.canvas (package:filler/core/logging.dart:59:13)
│ #1   new GalleryBloc.<anonymous closure> (package:filler/features/gallery/presentation/gallery_bloc.dart:109:23)
│ #2   <asynchronous suspension>
│ #3   Bloc.on.<anonymous closure>.handleEvent (package:bloc/src/bloc.dart:226:13)
│ #4   <asynchronous suspension>
├┄┄┄┄┄┄┄┄┄┄┄┄┄┄┄┄┄┄┄┄┄┄┄┄┄┄┄┄┄┄┄┄┄┄┄┄┄┄┄┄┄┄┄┄┄┄┄┄┄┄┄┄┄┄┄┄┄┄┄┄┄┄┄┄┄┄┄┄┄┄┄┄┄┄┄┄┄┄┄┄┄┄┄┄┄┄┄┄┄┄┄┄┄┄┄┄┄┄┄┄┄┄┄┄┄┄┄┄┄┄┄┄┄┄┄┄┄┄┄
│ 07:38:49.644 (+0:00:02.049224)
├┄┄┄┄┄┄┄┄┄┄┄┄┄┄┄┄┄┄┄┄┄┄┄┄┄┄┄┄┄┄┄┄┄┄┄┄┄┄┄┄┄┄┄┄┄┄┄┄┄┄┄┄┄┄┄┄┄┄┄┄┄┄┄┄┄┄┄┄┄┄┄┄┄┄┄┄┄┄┄┄┄┄┄┄┄┄┄┄┄┄┄┄┄┄┄┄┄┄┄┄┄┄┄┄┄┄┄┄┄┄┄┄┄┄┄┄┄┄┄
│ 🐛 🎨 Canvas: Processed canvas for gallery
└───────────────────────────────────────────────────────────────────────────────────────────────────────────────────────
┌───────────────────────────────────────────────────────────────────────────────────────────────────────────────────────
│ {totalCanvases: 2, validItems: 2, skippedItems: 0}
├┄┄┄┄┄┄┄┄┄┄┄┄┄┄┄┄┄┄┄┄┄┄┄┄┄┄┄┄┄┄┄┄┄┄┄┄┄┄┄┄┄┄┄┄┄┄┄┄┄┄┄┄┄┄┄┄┄┄┄┄┄┄┄┄┄┄┄┄┄┄┄┄┄┄┄┄┄┄┄┄┄┄┄┄┄┄┄┄┄┄┄┄┄┄┄┄┄┄┄┄┄┄┄┄┄┄┄┄┄┄┄┄┄┄┄┄┄┄┄
│ #0   AppLogger.canvas (package:filler/core/logging.dart:59:13)
│ #1   new GalleryBloc.<anonymous closure> (package:filler/features/gallery/presentation/gallery_bloc.dart:128:19)
│ #2   <asynchronous suspension>
│ #3   Bloc.on.<anonymous closure>.handleEvent (package:bloc/src/bloc.dart:226:13)
│ #4   <asynchronous suspension>
├┄┄┄┄┄┄┄┄┄┄┄┄┄┄┄┄┄┄┄┄┄┄┄┄┄┄┄┄┄┄┄┄┄┄┄┄┄┄┄┄┄┄┄┄┄┄┄┄┄┄┄┄┄┄┄┄┄┄┄┄┄┄┄┄┄┄┄┄┄┄┄┄┄┄┄┄┄┄┄┄┄┄┄┄┄┄┄┄┄┄┄┄┄┄┄┄┄┄┄┄┄┄┄┄┄┄┄┄┄┄┄┄┄┄┄┄┄┄┄
│ 07:38:49.645 (+0:00:02.050278)
├┄┄┄┄┄┄┄┄┄┄┄┄┄┄┄┄┄┄┄┄┄┄┄┄┄┄┄┄┄┄┄┄┄┄┄┄┄┄┄┄┄┄┄┄┄┄┄┄┄┄┄┄┄┄┄┄┄┄┄┄┄┄┄┄┄┄┄┄┄┄┄┄┄┄┄┄┄┄┄┄┄┄┄┄┄┄┄┄┄┄┄┄┄┄┄┄┄┄┄┄┄┄┄┄┄┄┄┄┄┄┄┄┄┄┄┄┄┄┄
│ 🐛 🎨 Canvas: Gallery items prepared
└───────────────────────────────────────────────────────────────────────────────────────────────────────────────────────
┌───────────────────────────────────────────────────────────────────────────────────────────────────────────────────────
│ #0   AppLogger.bloc (package:filler/core/logging.dart:44:13)
│ #1   new GalleryBloc.<anonymous closure> (package:filler/features/gallery/presentation/gallery_bloc.dart:138:19)
├┄┄┄┄┄┄┄┄┄┄┄┄┄┄┄┄┄┄┄┄┄┄┄┄┄┄┄┄┄┄┄┄┄┄┄┄┄┄┄┄┄┄┄┄┄┄┄┄┄┄┄┄┄┄┄┄┄┄┄┄┄┄┄┄┄┄┄┄┄┄┄┄┄┄┄┄┄┄┄┄┄┄┄┄┄┄┄┄┄┄┄┄┄┄┄┄┄┄┄┄┄┄┄┄┄┄┄┄┄┄┄┄┄┄┄┄┄┄┄
│ 07:38:49.646 (+0:00:02.051437)
├┄┄┄┄┄┄┄┄┄┄┄┄┄┄┄┄┄┄┄┄┄┄┄┄┄┄┄┄┄┄┄┄┄┄┄┄┄┄┄┄┄┄┄┄┄┄┄┄┄┄┄┄┄┄┄┄┄┄┄┄┄┄┄┄┄┄┄┄┄┄┄┄┄┄┄┄┄┄┄┄┄┄┄┄┄┄┄┄┄┄┄┄┄┄┄┄┄┄┄┄┄┄┄┄┄┄┄┄┄┄┄┄┄┄┄┄┄┄┄
│ 🐛 🔄 BLoC[Gallery]: Load Complete | loading → loaded
└───────────────────────────────────────────────────────────────────────────────────────────────────────────────────────

00:03 +40 -2: /Users/mr42/code/flutter/tmp/filler/test/integration/page_state_transitions_test.dart: BLoC State Transitions - All Pages Preferences BLoC - State Transitions                           
00:03 +40 -2: /Users/mr42/code/flutter/tmp/filler/test/widget_test.dart: (setUpAll)                                                                                                                    
[38;5;12m┌───────────────────────────────────────────────────────────────────────────────────────────────────────────────────────[0m
[38;5;12m│ #0   AppLogger.initialize (package:filler/core/logging.dart:24:13)[0m

00:03 +40 -2: /Users/mr42/code/flutter/tmp/filler/test/data/database_test.dart: (setUpAll)                                                                                                             
[38;5;12m┌───────────────────────────────────────────────────────────────────────────────────────────────────────────────────────[0m
[38;5;12m│ #0   AppLogger.initialize (package:filler/core/logging.dart:24:13)[0m
[38;5;12m│ #1   TestHelpers.initializeLogging (file:///Users/mr42/code/flutter/tmp/filler/test/helpers/test_helpers.dart:25:15)[0m
[38;5;12m├┄┄┄┄┄┄┄┄┄┄┄┄┄┄┄┄┄┄┄┄┄┄┄┄┄┄┄┄┄┄┄┄┄┄┄┄┄┄┄┄┄┄┄┄┄┄┄┄┄┄┄┄┄┄┄┄┄┄┄┄┄┄┄┄┄┄┄┄┄┄┄┄┄┄┄┄┄┄┄┄┄┄┄┄┄┄┄┄┄┄┄┄┄┄┄┄┄┄┄┄┄┄┄┄┄┄┄┄┄┄┄┄┄┄┄┄┄┄┄[0m

00:03 +40 -2: /Users/mr42/code/flutter/tmp/filler/test/widget_test.dart: (setUpAll)                                                                                                                    
[38;5;12m│ #1   main.<anonymous closure> (file:///Users/mr42/code/flutter/tmp/filler/test/widget_test.dart:8:15)[0m
[38;5;12m├┄┄┄┄┄┄┄┄┄┄┄┄┄┄┄┄┄┄┄┄┄┄┄┄┄┄┄┄┄┄┄┄┄┄┄┄┄┄┄┄┄┄┄┄┄┄┄┄┄┄┄┄┄┄┄┄┄┄┄┄┄┄┄┄┄┄┄┄┄┄┄┄┄┄┄┄┄┄┄┄┄┄┄┄┄┄┄┄┄┄┄┄┄┄┄┄┄┄┄┄┄┄┄┄┄┄┄┄┄┄┄┄┄┄┄┄┄┄┄[0m
[38;5;12m│ 07:38:49.732 (+0:00:00.001101)[0m

00:03 +40 -2: /Users/mr42/code/flutter/tmp/filler/test/data/database_test.dart: (setUpAll)                                                                                                             
[38;5;12m│ 07:38:49.732 (+0:00:00.001117)[0m
[38;5;12m├┄┄┄┄┄┄┄┄┄┄┄┄┄┄┄┄┄┄┄┄┄┄┄┄┄┄┄┄┄┄┄┄┄┄┄┄┄┄┄┄┄┄┄┄┄┄┄┄┄┄┄┄┄┄┄┄┄┄┄┄┄┄┄┄┄┄┄┄┄┄┄┄┄┄┄┄┄┄┄┄┄┄┄┄┄┄┄┄┄┄┄┄┄┄┄┄┄┄┄┄┄┄┄┄┄┄┄┄┄┄┄┄┄┄┄┄┄┄┄[0m

00:03 +40 -2: /Users/mr42/code/flutter/tmp/filler/test/widget_test.dart: (setUpAll)                                                                                                                    
[38;5;12m├┄┄┄┄┄┄┄┄┄┄┄┄┄┄┄┄┄┄┄┄┄┄┄┄┄┄┄┄┄┄┄┄┄┄┄┄┄┄┄┄┄┄┄┄┄┄┄┄┄┄┄┄┄┄┄┄┄┄┄┄┄┄┄┄┄┄┄┄┄┄┄┄┄┄┄┄┄┄┄┄┄┄┄┄┄┄┄┄┄┄┄┄┄┄┄┄┄┄┄┄┄┄┄┄┄┄┄┄┄┄┄┄┄┄┄┄┄┄┄[0m
[38;5;12m│ 💡 🚀 AppLogger initialized (debug: true)[0m

00:03 +40 -2: /Users/mr42/code/flutter/tmp/filler/test/data/database_test.dart: (setUpAll)                                                                                                             
[38;5;12m│ 💡 🚀 AppLogger initialized (debug: true)[0m
[38;5;12m└───────────────────────────────────────────────────────────────────────────────────────────────────────────────────────[0m

00:03 +40 -2: /Users/mr42/code/flutter/tmp/filler/test/widget_test.dart: (setUpAll)                                                                                                                    
[38;5;12m└───────────────────────────────────────────────────────────────────────────────────────────────────────────────────────[0m

00:03 +40 -2: /Users/mr42/code/flutter/tmp/filler/test/integration/page_state_transitions_test.dart: BLoC State Transitions - All Pages Preferences BLoC - State Transitions                           
00:03 +40 -2: /Users/mr42/code/flutter/tmp/filler/test/data/database_test.dart: AppDatabase Canvas Operations should insert canvas and return ID                                                       
┌───────────────────────────────────────────────────────────────────────────────────────────────────────────────────────
│ #0   TestHelpers.createTestDatabase (file:///Users/mr42/code/flutter/tmp/filler/test/helpers/test_helpers.dart:30:24)
│ #1   main.<anonymous closure> (file:///Users/mr42/code/flutter/tmp/filler/test/data/database_test.dart:14:28)
├┄┄┄┄┄┄┄┄┄┄┄┄┄┄┄┄┄┄┄┄┄┄┄┄┄┄┄┄┄┄┄┄┄┄┄┄┄┄┄┄┄┄┄┄┄┄┄┄┄┄┄┄┄┄┄┄┄┄┄┄┄┄┄┄┄┄┄┄┄┄┄┄┄┄┄┄┄┄┄┄┄┄┄┄┄┄┄┄┄┄┄┄┄┄┄┄┄┄┄┄┄┄┄┄┄┄┄┄┄┄┄┄┄┄┄┄┄┄┄
│ 07:38:49.744 (+0:00:00.013799)
├┄┄┄┄┄┄┄┄┄┄┄┄┄┄┄┄┄┄┄┄┄┄┄┄┄┄┄┄┄┄┄┄┄┄┄┄┄┄┄┄┄┄┄┄┄┄┄┄┄┄┄┄┄┄┄┄┄┄┄┄┄┄┄┄┄┄┄┄┄┄┄┄┄┄┄┄┄┄┄┄┄┄┄┄┄┄┄┄┄┄┄┄┄┄┄┄┄┄┄┄┄┄┄┄┄┄┄┄┄┄┄┄┄┄┄┄┄┄┄
│ 🐛 🗄️ Creating test database
└───────────────────────────────────────────────────────────────────────────────────────────────────────────────────────
┌───────────────────────────────────────────────────────────────────────────────────────────────────────────────────────
│ {title: Test Canvas, dimensions: 3x3, insets: 1, pixelCount: 9}
├┄┄┄┄┄┄┄┄┄┄┄┄┄┄┄┄┄┄┄┄┄┄┄┄┄┄┄┄┄┄┄┄┄┄┄┄┄┄┄┄┄┄┄┄┄┄┄┄┄┄┄┄┄┄┄┄┄┄┄┄┄┄┄┄┄┄┄┄┄┄┄┄┄┄┄┄┄┄┄┄┄┄┄┄┄┄┄┄┄┄┄┄┄┄┄┄┄┄┄┄┄┄┄┄┄┄┄┄┄┄┄┄┄┄┄┄┄┄┄
│ #0   TestHelpers.createTestCanvas (file:///Users/mr42/code/flutter/tmp/filler/test/helpers/test_helpers.dart:90:24)
│ #1   main.<anonymous closure>.<anonymous closure>.<anonymous closure> (file:///Users/mr42/code/flutter/tmp/filler/test/data/database_test.dart:26:36)
│ #2   Declarer.test.<anonymous closure>.<anonymous closure> (package:test_api/src/backend/declarer.dart:242:19)
│ #3   <asynchronous suspension>
│ #4   Declarer.test.<anonymous closure> (package:test_api/src/backend/declarer.dart:240:7)
│ #5   <asynchronous suspension>
│ #6   Invoker._waitForOutstandingCallbacks.<anonymous closure> (package:test_api/src/backend/invoker.dart:282:9)
│ #7   <asynchronous suspension>
├┄┄┄┄┄┄┄┄┄┄┄┄┄┄┄┄┄┄┄┄┄┄┄┄┄┄┄┄┄┄┄┄┄┄┄┄┄┄┄┄┄┄┄┄┄┄┄┄┄┄┄┄┄┄┄┄┄┄┄┄┄┄┄┄┄┄┄┄┄┄┄┄┄┄┄┄┄┄┄┄┄┄┄┄┄┄┄┄┄┄┄┄┄┄┄┄┄┄┄┄┄┄┄┄┄┄┄┄┄┄┄┄┄┄┄┄┄┄┄
│ 07:38:49.749 (+0:00:00.018370)
├┄┄┄┄┄┄┄┄┄┄┄┄┄┄┄┄┄┄┄┄┄┄┄┄┄┄┄┄┄┄┄┄┄┄┄┄┄┄┄┄┄┄┄┄┄┄┄┄┄┄┄┄┄┄┄┄┄┄┄┄┄┄┄┄┄┄┄┄┄┄┄┄┄┄┄┄┄┄┄┄┄┄┄┄┄┄┄┄┄┄┄┄┄┄┄┄┄┄┄┄┄┄┄┄┄┄┄┄┄┄┄┄┄┄┄┄┄┄┄
│ 🐛 🎨 Creating test canvas
└───────────────────────────────────────────────────────────────────────────────────────────────────────────────────────
┌───────────────────────────────────────────────────────────────────────────────────────────────────────────────────────
│ {title: Test Canvas, dimensions: 3x3}
├┄┄┄┄┄┄┄┄┄┄┄┄┄┄┄┄┄┄┄┄┄┄┄┄┄┄┄┄┄┄┄┄┄┄┄┄┄┄┄┄┄┄┄┄┄┄┄┄┄┄┄┄┄┄┄┄┄┄┄┄┄┄┄┄┄┄┄┄┄┄┄┄┄┄┄┄┄┄┄┄┄┄┄┄┄┄┄┄┄┄┄┄┄┄┄┄┄┄┄┄┄┄┄┄┄┄┄┄┄┄┄┄┄┄┄┄┄┄┄
│ #0   AppLogger.database (package:filler/core/logging.dart:49:13)
│ #1   AppDatabase.insertCanvas (package:filler/data/database.dart:225:15)
│ #2   main.<anonymous closure>.<anonymous closure>.<anonymous closure> (file:///Users/mr42/code/flutter/tmp/filler/test/data/database_test.dart:29:35)
│ #3   Declarer.test.<anonymous closure>.<anonymous closure> (package:test_api/src/backend/declarer.dart:242:19)
│ #4   <asynchronous suspension>
│ #5   Declarer.test.<anonymous closure> (package:test_api/src/backend/declarer.dart:240:7)
│ #6   <asynchronous suspension>
│ #7   Invoker._waitForOutstandingCallbacks.<anonymous closure> (package:test_api/src/backend/invoker.dart:282:9)
├┄┄┄┄┄┄┄┄┄┄┄┄┄┄┄┄┄┄┄┄┄┄┄┄┄┄┄┄┄┄┄┄┄┄┄┄┄┄┄┄┄┄┄┄┄┄┄┄┄┄┄┄┄┄┄┄┄┄┄┄┄┄┄┄┄┄┄┄┄┄┄┄┄┄┄┄┄┄┄┄┄┄┄┄┄┄┄┄┄┄┄┄┄┄┄┄┄┄┄┄┄┄┄┄┄┄┄┄┄┄┄┄┄┄┄┄┄┄┄
│ 07:38:49.753 (+0:00:00.022003)
├┄┄┄┄┄┄┄┄┄┄┄┄┄┄┄┄┄┄┄┄┄┄┄┄┄┄┄┄┄┄┄┄┄┄┄┄┄┄┄┄┄┄┄┄┄┄┄┄┄┄┄┄┄┄┄┄┄┄┄┄┄┄┄┄┄┄┄┄┄┄┄┄┄┄┄┄┄┄┄┄┄┄┄┄┄┄┄┄┄┄┄┄┄┄┄┄┄┄┄┄┄┄┄┄┄┄┄┄┄┄┄┄┄┄┄┄┄┄┄
│ 🐛 💾 Database: Inserting canvas
└───────────────────────────────────────────────────────────────────────────────────────────────────────────────────────
┌───────────────────────────────────────────────────────────────────────────────────────────────────────────────────────
│ #0   AppLogger.database (package:filler/core/logging.dart:49:13)
│ #1   createTestDatabaseConnection.<anonymous closure> (package:filler/data/database_connection.dart:22:15)
├┄┄┄┄┄┄┄┄┄┄┄┄┄┄┄┄┄┄┄┄┄┄┄┄┄┄┄┄┄┄┄┄┄┄┄┄┄┄┄┄┄┄┄┄┄┄┄┄┄┄┄┄┄┄┄┄┄┄┄┄┄┄┄┄┄┄┄┄┄┄┄┄┄┄┄┄┄┄┄┄┄┄┄┄┄┄┄┄┄┄┄┄┄┄┄┄┄┄┄┄┄┄┄┄┄┄┄┄┄┄┄┄┄┄┄┄┄┄┄
│ 07:38:49.764 (+0:00:00.033419)
├┄┄┄┄┄┄┄┄┄┄┄┄┄┄┄┄┄┄┄┄┄┄┄┄┄┄┄┄┄┄┄┄┄┄┄┄┄┄┄┄┄┄┄┄┄┄┄┄┄┄┄┄┄┄┄┄┄┄┄┄┄┄┄┄┄┄┄┄┄┄┄┄┄┄┄┄┄┄┄┄┄┄┄┄┄┄┄┄┄┄┄┄┄┄┄┄┄┄┄┄┄┄┄┄┄┄┄┄┄┄┄┄┄┄┄┄┄┄┄
│ 🐛 💾 Database: Test AppDatabase instance created (in-memory)
└───────────────────────────────────────────────────────────────────────────────────────────────────────────────────────
┌───────────────────────────────────────────────────────────────────────────────────────────────────────────────────────
│ {version: 4, wasCreated: true, hadUpgrade: false}
├┄┄┄┄┄┄┄┄┄┄┄┄┄┄┄┄┄┄┄┄┄┄┄┄┄┄┄┄┄┄┄┄┄┄┄┄┄┄┄┄┄┄┄┄┄┄┄┄┄┄┄┄┄┄┄┄┄┄┄┄┄┄┄┄┄┄┄┄┄┄┄┄┄┄┄┄┄┄┄┄┄┄┄┄┄┄┄┄┄┄┄┄┄┄┄┄┄┄┄┄┄┄┄┄┄┄┄┄┄┄┄┄┄┄┄┄┄┄┄
│ #0   AppLogger.database (package:filler/core/logging.dart:49:13)
│ #1   AppDatabase.migration.<anonymous closure> (package:filler/data/database.dart:211:17)
│ #2   GeneratedDatabase.beforeOpen.<anonymous closure> (package:drift/src/runtime/api/db_base.dart:137:44)
│ #3   <asynchronous suspension>
│ #4   DelegatedDatabase._runMigrations (package:drift/src/runtime/executor/helpers/engines.dart:512:5)
│ #5   <asynchronous suspension>
│ #6   DelegatedDatabase.ensureOpen.<anonymous closure> (package:drift/src/runtime/executor/helpers/engines.dart:476:9)
│ #7   <asynchronous suspension>
├┄┄┄┄┄┄┄┄┄┄┄┄┄┄┄┄┄┄┄┄┄┄┄┄┄┄┄┄┄┄┄┄┄┄┄┄┄┄┄┄┄┄┄┄┄┄┄┄┄┄┄┄┄┄┄┄┄┄┄┄┄┄┄┄┄┄┄┄┄┄┄┄┄┄┄┄┄┄┄┄┄┄┄┄┄┄┄┄┄┄┄┄┄┄┄┄┄┄┄┄┄┄┄┄┄┄┄┄┄┄┄┄┄┄┄┄┄┄┄
│ 07:38:49.800 (+0:00:00.069176)
├┄┄┄┄┄┄┄┄┄┄┄┄┄┄┄┄┄┄┄┄┄┄┄┄┄┄┄┄┄┄┄┄┄┄┄┄┄┄┄┄┄┄┄┄┄┄┄┄┄┄┄┄┄┄┄┄┄┄┄┄┄┄┄┄┄┄┄┄┄┄┄┄┄┄┄┄┄┄┄┄┄┄┄┄┄┄┄┄┄┄┄┄┄┄┄┄┄┄┄┄┄┄┄┄┄┄┄┄┄┄┄┄┄┄┄┄┄┄┄
│ 🐛 💾 Database: Database opened
└───────────────────────────────────────────────────────────────────────────────────────────────────────────────────────
┌───────────────────────────────────────────────────────────────────────────────────────────────────────────────────────
│ {id: 1}
├┄┄┄┄┄┄┄┄┄┄┄┄┄┄┄┄┄┄┄┄┄┄┄┄┄┄┄┄┄┄┄┄┄┄┄┄┄┄┄┄┄┄┄┄┄┄┄┄┄┄┄┄┄┄┄┄┄┄┄┄┄┄┄┄┄┄┄┄┄┄┄┄┄┄┄┄┄┄┄┄┄┄┄┄┄┄┄┄┄┄┄┄┄┄┄┄┄┄┄┄┄┄┄┄┄┄┄┄┄┄┄┄┄┄┄┄┄┄┄
│ #0   AppLogger.database (package:filler/core/logging.dart:49:13)
│ #1   AppDatabase.insertCanvas (package:filler/data/database.dart:234:17)
│ #2   <asynchronous suspension>
│ #3   main.<anonymous closure>.<anonymous closure>.<anonymous closure> (file:///Users/mr42/code/flutter/tmp/filler/test/data/database_test.dart:29:20)
│ #4   <asynchronous suspension>
│ #5   Declarer.test.<anonymous closure>.<anonymous closure> (package:test_api/src/backend/declarer.dart:242:9)
│ #6   <asynchronous suspension>
│ #7   Declarer.test.<anonymous closure> (package:test_api/src/backend/declarer.dart:240:7)
├┄┄┄┄┄┄┄┄┄┄┄┄┄┄┄┄┄┄┄┄┄┄┄┄┄┄┄┄┄┄┄┄┄┄┄┄┄┄┄┄┄┄┄┄┄┄┄┄┄┄┄┄┄┄┄┄┄┄┄┄┄┄┄┄┄┄┄┄┄┄┄┄┄┄┄┄┄┄┄┄┄┄┄┄┄┄┄┄┄┄┄┄┄┄┄┄┄┄┄┄┄┄┄┄┄┄┄┄┄┄┄┄┄┄┄┄┄┄┄
│ 07:38:49.808 (+0:00:00.077013)
├┄┄┄┄┄┄┄┄┄┄┄┄┄┄┄┄┄┄┄┄┄┄┄┄┄┄┄┄┄┄┄┄┄┄┄┄┄┄┄┄┄┄┄┄┄┄┄┄┄┄┄┄┄┄┄┄┄┄┄┄┄┄┄┄┄┄┄┄┄┄┄┄┄┄┄┄┄┄┄┄┄┄┄┄┄┄┄┄┄┄┄┄┄┄┄┄┄┄┄┄┄┄┄┄┄┄┄┄┄┄┄┄┄┄┄┄┄┄┄
│ 🐛 💾 Database: Canvas inserted with ID
└───────────────────────────────────────────────────────────────────────────────────────────────────────────────────────
┌───────────────────────────────────────────────────────────────────────────────────────────────────────────────────────
│ #0   TestHelpers.cleanup (file:///Users/mr42/code/flutter/tmp/filler/test/helpers/test_helpers.dart:152:24)
│ #1   main.<anonymous closure> (file:///Users/mr42/code/flutter/tmp/filler/test/data/database_test.dart:19:23)
├┄┄┄┄┄┄┄┄┄┄┄┄┄┄┄┄┄┄┄┄┄┄┄┄┄┄┄┄┄┄┄┄┄┄┄┄┄┄┄┄┄┄┄┄┄┄┄┄┄┄┄┄┄┄┄┄┄┄┄┄┄┄┄┄┄┄┄┄┄┄┄┄┄┄┄┄┄┄┄┄┄┄┄┄┄┄┄┄┄┄┄┄┄┄┄┄┄┄┄┄┄┄┄┄┄┄┄┄┄┄┄┄┄┄┄┄┄┄┄
│ 07:38:49.822 (+0:00:00.091534)
├┄┄┄┄┄┄┄┄┄┄┄┄┄┄┄┄┄┄┄┄┄┄┄┄┄┄┄┄┄┄┄┄┄┄┄┄┄┄┄┄┄┄┄┄┄┄┄┄┄┄┄┄┄┄┄┄┄┄┄┄┄┄┄┄┄┄┄┄┄┄┄┄┄┄┄┄┄┄┄┄┄┄┄┄┄┄┄┄┄┄┄┄┄┄┄┄┄┄┄┄┄┄┄┄┄┄┄┄┄┄┄┄┄┄┄┄┄┄┄
│ 🐛 🧹 Cleaning up test environment
└───────────────────────────────────────────────────────────────────────────────────────────────────────────────────────
┌───────────────────────────────────────────────────────────────────────────────────────────────────────────────────────
│ #0   TestHelpers.cleanup (file:///Users/mr42/code/flutter/tmp/filler/test/helpers/test_helpers.dart:166:26)
│ #1   main.<anonymous closure> (file:///Users/mr42/code/flutter/tmp/filler/test/data/database_test.dart:19:23)
├┄┄┄┄┄┄┄┄┄┄┄┄┄┄┄┄┄┄┄┄┄┄┄┄┄┄┄┄┄┄┄┄┄┄┄┄┄┄┄┄┄┄┄┄┄┄┄┄┄┄┄┄┄┄┄┄┄┄┄┄┄┄┄┄┄┄┄┄┄┄┄┄┄┄┄┄┄┄┄┄┄┄┄┄┄┄┄┄┄┄┄┄┄┄┄┄┄┄┄┄┄┄┄┄┄┄┄┄┄┄┄┄┄┄┄┄┄┄┄
│ 07:38:49.827 (+0:00:00.096628)
├┄┄┄┄┄┄┄┄┄┄┄┄┄┄┄┄┄┄┄┄┄┄┄┄┄┄┄┄┄┄┄┄┄┄┄┄┄┄┄┄┄┄┄┄┄┄┄┄┄┄┄┄┄┄┄┄┄┄┄┄┄┄┄┄┄┄┄┄┄┄┄┄┄┄┄┄┄┄┄┄┄┄┄┄┄┄┄┄┄┄┄┄┄┄┄┄┄┄┄┄┄┄┄┄┄┄┄┄┄┄┄┄┄┄┄┄┄┄┄
│ 🐛 ✅ Test cleanup completed
└───────────────────────────────────────────────────────────────────────────────────────────────────────────────────────

00:03 +41 -2: /Users/mr42/code/flutter/tmp/filler/test/integration/page_state_transitions_test.dart: BLoC State Transitions - All Pages Preferences BLoC - State Transitions                           
00:03 +41 -2: /Users/mr42/code/flutter/tmp/filler/test/data/database_test.dart: AppDatabase Canvas Operations should retrieve all canvases                                                             
┌───────────────────────────────────────────────────────────────────────────────────────────────────────────────────────
│ #0   TestHelpers.createTestDatabase (file:///Users/mr42/code/flutter/tmp/filler/test/helpers/test_helpers.dart:30:24)
│ #1   main.<anonymous closure> (file:///Users/mr42/code/flutter/tmp/filler/test/data/database_test.dart:14:28)
├┄┄┄┄┄┄┄┄┄┄┄┄┄┄┄┄┄┄┄┄┄┄┄┄┄┄┄┄┄┄┄┄┄┄┄┄┄┄┄┄┄┄┄┄┄┄┄┄┄┄┄┄┄┄┄┄┄┄┄┄┄┄┄┄┄┄┄┄┄┄┄┄┄┄┄┄┄┄┄┄┄┄┄┄┄┄┄┄┄┄┄┄┄┄┄┄┄┄┄┄┄┄┄┄┄┄┄┄┄┄┄┄┄┄┄┄┄┄┄
│ 07:38:49.830 (+0:00:00.099103)
├┄┄┄┄┄┄┄┄┄┄┄┄┄┄┄┄┄┄┄┄┄┄┄┄┄┄┄┄┄┄┄┄┄┄┄┄┄┄┄┄┄┄┄┄┄┄┄┄┄┄┄┄┄┄┄┄┄┄┄┄┄┄┄┄┄┄┄┄┄┄┄┄┄┄┄┄┄┄┄┄┄┄┄┄┄┄┄┄┄┄┄┄┄┄┄┄┄┄┄┄┄┄┄┄┄┄┄┄┄┄┄┄┄┄┄┄┄┄┄
│ 🐛 🗄️ Creating test database
└───────────────────────────────────────────────────────────────────────────────────────────────────────────────────────
┌───────────────────────────────────────────────────────────────────────────────────────────────────────────────────────
│ {title: Canvas 1, dimensions: 5x5, insets: 1, pixelCount: 25}
├┄┄┄┄┄┄┄┄┄┄┄┄┄┄┄┄┄┄┄┄┄┄┄┄┄┄┄┄┄┄┄┄┄┄┄┄┄┄┄┄┄┄┄┄┄┄┄┄┄┄┄┄┄┄┄┄┄┄┄┄┄┄┄┄┄┄┄┄┄┄┄┄┄┄┄┄┄┄┄┄┄┄┄┄┄┄┄┄┄┄┄┄┄┄┄┄┄┄┄┄┄┄┄┄┄┄┄┄┄┄┄┄┄┄┄┄┄┄┄
│ #0   TestHelpers.createTestCanvas (file:///Users/mr42/code/flutter/tmp/filler/test/helpers/test_helpers.dart:90:24)
│ #1   main.<anonymous closure>.<anonymous closure>.<anonymous closure> (file:///Users/mr42/code/flutter/tmp/filler/test/data/database_test.dart:44:37)
│ #2   Declarer.test.<anonymous closure>.<anonymous closure> (package:test_api/src/backend/declarer.dart:242:19)
│ #3   <asynchronous suspension>
│ #4   Declarer.test.<anonymous closure> (package:test_api/src/backend/declarer.dart:240:7)
│ #5   <asynchronous suspension>
│ #6   Invoker._waitForOutstandingCallbacks.<anonymous closure> (package:test_api/src/backend/invoker.dart:282:9)
│ #7   <asynchronous suspension>
├┄┄┄┄┄┄┄┄┄┄┄┄┄┄┄┄┄┄┄┄┄┄┄┄┄┄┄┄┄┄┄┄┄┄┄┄┄┄┄┄┄┄┄┄┄┄┄┄┄┄┄┄┄┄┄┄┄┄┄┄┄┄┄┄┄┄┄┄┄┄┄┄┄┄┄┄┄┄┄┄┄┄┄┄┄┄┄┄┄┄┄┄┄┄┄┄┄┄┄┄┄┄┄┄┄┄┄┄┄┄┄┄┄┄┄┄┄┄┄
│ 07:38:49.831 (+0:00:00.100441)
├┄┄┄┄┄┄┄┄┄┄┄┄┄┄┄┄┄┄┄┄┄┄┄┄┄┄┄┄┄┄┄┄┄┄┄┄┄┄┄┄┄┄┄┄┄┄┄┄┄┄┄┄┄┄┄┄┄┄┄┄┄┄┄┄┄┄┄┄┄┄┄┄┄┄┄┄┄┄┄┄┄┄┄┄┄┄┄┄┄┄┄┄┄┄┄┄┄┄┄┄┄┄┄┄┄┄┄┄┄┄┄┄┄┄┄┄┄┄┄
│ 🐛 🎨 Creating test canvas
└───────────────────────────────────────────────────────────────────────────────────────────────────────────────────────
┌───────────────────────────────────────────────────────────────────────────────────────────────────────────────────────
│ {title: Canvas 2, dimensions: 5x5, insets: 1, pixelCount: 25}
├┄┄┄┄┄┄┄┄┄┄┄┄┄┄┄┄┄┄┄┄┄┄┄┄┄┄┄┄┄┄┄┄┄┄┄┄┄┄┄┄┄┄┄┄┄┄┄┄┄┄┄┄┄┄┄┄┄┄┄┄┄┄┄┄┄┄┄┄┄┄┄┄┄┄┄┄┄┄┄┄┄┄┄┄┄┄┄┄┄┄┄┄┄┄┄┄┄┄┄┄┄┄┄┄┄┄┄┄┄┄┄┄┄┄┄┄┄┄┄
│ #0   TestHelpers.createTestCanvas (file:///Users/mr42/code/flutter/tmp/filler/test/helpers/test_helpers.dart:90:24)
│ #1   main.<anonymous closure>.<anonymous closure>.<anonymous closure> (file:///Users/mr42/code/flutter/tmp/filler/test/data/database_test.dart:45:37)
│ #2   Declarer.test.<anonymous closure>.<anonymous closure> (package:test_api/src/backend/declarer.dart:242:19)
│ #3   <asynchronous suspension>
│ #4   Declarer.test.<anonymous closure> (package:test_api/src/backend/declarer.dart:240:7)
│ #5   <asynchronous suspension>
│ #6   Invoker._waitForOutstandingCallbacks.<anonymous closure> (package:test_api/src/backend/invoker.dart:282:9)
│ #7   <asynchronous suspension>
├┄┄┄┄┄┄┄┄┄┄┄┄┄┄┄┄┄┄┄┄┄┄┄┄┄┄┄┄┄┄┄┄┄┄┄┄┄┄┄┄┄┄┄┄┄┄┄┄┄┄┄┄┄┄┄┄┄┄┄┄┄┄┄┄┄┄┄┄┄┄┄┄┄┄┄┄┄┄┄┄┄┄┄┄┄┄┄┄┄┄┄┄┄┄┄┄┄┄┄┄┄┄┄┄┄┄┄┄┄┄┄┄┄┄┄┄┄┄┄
│ 07:38:49.833 (+0:00:00.102417)
├┄┄┄┄┄┄┄┄┄┄┄┄┄┄┄┄┄┄┄┄┄┄┄┄┄┄┄┄┄┄┄┄┄┄┄┄┄┄┄┄┄┄┄┄┄┄┄┄┄┄┄┄┄┄┄┄┄┄┄┄┄┄┄┄┄┄┄┄┄┄┄┄┄┄┄┄┄┄┄┄┄┄┄┄┄┄┄┄┄┄┄┄┄┄┄┄┄┄┄┄┄┄┄┄┄┄┄┄┄┄┄┄┄┄┄┄┄┄┄
│ 🐛 🎨 Creating test canvas
└───────────────────────────────────────────────────────────────────────────────────────────────────────────────────────
┌───────────────────────────────────────────────────────────────────────────────────────────────────────────────────────
│ {title: Canvas 1, dimensions: 5x5}
├┄┄┄┄┄┄┄┄┄┄┄┄┄┄┄┄┄┄┄┄┄┄┄┄┄┄┄┄┄┄┄┄┄┄┄┄┄┄┄┄┄┄┄┄┄┄┄┄┄┄┄┄┄┄┄┄┄┄┄┄┄┄┄┄┄┄┄┄┄┄┄┄┄┄┄┄┄┄┄┄┄┄┄┄┄┄┄┄┄┄┄┄┄┄┄┄┄┄┄┄┄┄┄┄┄┄┄┄┄┄┄┄┄┄┄┄┄┄┄
│ #0   AppLogger.database (package:filler/core/logging.dart:49:13)
│ #1   AppDatabase.insertCanvas (package:filler/data/database.dart:225:15)
│ #2   main.<anonymous closure>.<anonymous closure>.<anonymous closure> (file:///Users/mr42/code/flutter/tmp/filler/test/data/database_test.dart:47:24)
│ #3   Declarer.test.<anonymous closure>.<anonymous closure> (package:test_api/src/backend/declarer.dart:242:19)
│ #4   <asynchronous suspension>
│ #5   Declarer.test.<anonymous closure> (package:test_api/src/backend/declarer.dart:240:7)
│ #6   <asynchronous suspension>
│ #7   Invoker._waitForOutstandingCallbacks.<anonymous closure> (package:test_api/src/backend/invoker.dart:282:9)
├┄┄┄┄┄┄┄┄┄┄┄┄┄┄┄┄┄┄┄┄┄┄┄┄┄┄┄┄┄┄┄┄┄┄┄┄┄┄┄┄┄┄┄┄┄┄┄┄┄┄┄┄┄┄┄┄┄┄┄┄┄┄┄┄┄┄┄┄┄┄┄┄┄┄┄┄┄┄┄┄┄┄┄┄┄┄┄┄┄┄┄┄┄┄┄┄┄┄┄┄┄┄┄┄┄┄┄┄┄┄┄┄┄┄┄┄┄┄┄
│ 07:38:49.835 (+0:00:00.104038)
├┄┄┄┄┄┄┄┄┄┄┄┄┄┄┄┄┄┄┄┄┄┄┄┄┄┄┄┄┄┄┄┄┄┄┄┄┄┄┄┄┄┄┄┄┄┄┄┄┄┄┄┄┄┄┄┄┄┄┄┄┄┄┄┄┄┄┄┄┄┄┄┄┄┄┄┄┄┄┄┄┄┄┄┄┄┄┄┄┄┄┄┄┄┄┄┄┄┄┄┄┄┄┄┄┄┄┄┄┄┄┄┄┄┄┄┄┄┄┄
│ 🐛 💾 Database: Inserting canvas
└───────────────────────────────────────────────────────────────────────────────────────────────────────────────────────
┌───────────────────────────────────────────────────────────────────────────────────────────────────────────────────────
│ #0   AppLogger.database (package:filler/core/logging.dart:49:13)
│ #1   createTestDatabaseConnection.<anonymous closure> (package:filler/data/database_connection.dart:22:15)
├┄┄┄┄┄┄┄┄┄┄┄┄┄┄┄┄┄┄┄┄┄┄┄┄┄┄┄┄┄┄┄┄┄┄┄┄┄┄┄┄┄┄┄┄┄┄┄┄┄┄┄┄┄┄┄┄┄┄┄┄┄┄┄┄┄┄┄┄┄┄┄┄┄┄┄┄┄┄┄┄┄┄┄┄┄┄┄┄┄┄┄┄┄┄┄┄┄┄┄┄┄┄┄┄┄┄┄┄┄┄┄┄┄┄┄┄┄┄┄
│ 07:38:49.836 (+0:00:00.105574)
├┄┄┄┄┄┄┄┄┄┄┄┄┄┄┄┄┄┄┄┄┄┄┄┄┄┄┄┄┄┄┄┄┄┄┄┄┄┄┄┄┄┄┄┄┄┄┄┄┄┄┄┄┄┄┄┄┄┄┄┄┄┄┄┄┄┄┄┄┄┄┄┄┄┄┄┄┄┄┄┄┄┄┄┄┄┄┄┄┄┄┄┄┄┄┄┄┄┄┄┄┄┄┄┄┄┄┄┄┄┄┄┄┄┄┄┄┄┄┄
│ 🐛 💾 Database: Test AppDatabase instance created (in-memory)
└───────────────────────────────────────────────────────────────────────────────────────────────────────────────────────
┌───────────────────────────────────────────────────────────────────────────────────────────────────────────────────────
│ {version: 4, wasCreated: true, hadUpgrade: false}
├┄┄┄┄┄┄┄┄┄┄┄┄┄┄┄┄┄┄┄┄┄┄┄┄┄┄┄┄┄┄┄┄┄┄┄┄┄┄┄┄┄┄┄┄┄┄┄┄┄┄┄┄┄┄┄┄┄┄┄┄┄┄┄┄┄┄┄┄┄┄┄┄┄┄┄┄┄┄┄┄┄┄┄┄┄┄┄┄┄┄┄┄┄┄┄┄┄┄┄┄┄┄┄┄┄┄┄┄┄┄┄┄┄┄┄┄┄┄┄
│ #0   AppLogger.database (package:filler/core/logging.dart:49:13)
│ #1   AppDatabase.migration.<anonymous closure> (package:filler/data/database.dart:211:17)
│ #2   GeneratedDatabase.beforeOpen.<anonymous closure> (package:drift/src/runtime/api/db_base.dart:137:44)
│ #3   <asynchronous suspension>
│ #4   DelegatedDatabase._runMigrations (package:drift/src/runtime/executor/helpers/engines.dart:512:5)
│ #5   <asynchronous suspension>
│ #6   DelegatedDatabase.ensureOpen.<anonymous closure> (package:drift/src/runtime/executor/helpers/engines.dart:476:9)
│ #7   <asynchronous suspension>
├┄┄┄┄┄┄┄┄┄┄┄┄┄┄┄┄┄┄┄┄┄┄┄┄┄┄┄┄┄┄┄┄┄┄┄┄┄┄┄┄┄┄┄┄┄┄┄┄┄┄┄┄┄┄┄┄┄┄┄┄┄┄┄┄┄┄┄┄┄┄┄┄┄┄┄┄┄┄┄┄┄┄┄┄┄┄┄┄┄┄┄┄┄┄┄┄┄┄┄┄┄┄┄┄┄┄┄┄┄┄┄┄┄┄┄┄┄┄┄
│ 07:38:49.838 (+0:00:00.107286)
├┄┄┄┄┄┄┄┄┄┄┄┄┄┄┄┄┄┄┄┄┄┄┄┄┄┄┄┄┄┄┄┄┄┄┄┄┄┄┄┄┄┄┄┄┄┄┄┄┄┄┄┄┄┄┄┄┄┄┄┄┄┄┄┄┄┄┄┄┄┄┄┄┄┄┄┄┄┄┄┄┄┄┄┄┄┄┄┄┄┄┄┄┄┄┄┄┄┄┄┄┄┄┄┄┄┄┄┄┄┄┄┄┄┄┄┄┄┄┄
│ 🐛 💾 Database: Database opened
└───────────────────────────────────────────────────────────────────────────────────────────────────────────────────────
┌───────────────────────────────────────────────────────────────────────────────────────────────────────────────────────
│ {id: 1}
├┄┄┄┄┄┄┄┄┄┄┄┄┄┄┄┄┄┄┄┄┄┄┄┄┄┄┄┄┄┄┄┄┄┄┄┄┄┄┄┄┄┄┄┄┄┄┄┄┄┄┄┄┄┄┄┄┄┄┄┄┄┄┄┄┄┄┄┄┄┄┄┄┄┄┄┄┄┄┄┄┄┄┄┄┄┄┄┄┄┄┄┄┄┄┄┄┄┄┄┄┄┄┄┄┄┄┄┄┄┄┄┄┄┄┄┄┄┄┄
│ #0   AppLogger.database (package:filler/core/logging.dart:49:13)
│ #1   AppDatabase.insertCanvas (package:filler/data/database.dart:234:17)
│ #2   <asynchronous suspension>
│ #3   main.<anonymous closure>.<anonymous closure>.<anonymous closure> (file:///Users/mr42/code/flutter/tmp/filler/test/data/database_test.dart:47:9)
│ #4   <asynchronous suspension>
│ #5   Declarer.test.<anonymous closure>.<anonymous closure> (package:test_api/src/backend/declarer.dart:242:9)
│ #6   <asynchronous suspension>
│ #7   Declarer.test.<anonymous closure> (package:test_api/src/backend/declarer.dart:240:7)
├┄┄┄┄┄┄┄┄┄┄┄┄┄┄┄┄┄┄┄┄┄┄┄┄┄┄┄┄┄┄┄┄┄┄┄┄┄┄┄┄┄┄┄┄┄┄┄┄┄┄┄┄┄┄┄┄┄┄┄┄┄┄┄┄┄┄┄┄┄┄┄┄┄┄┄┄┄┄┄┄┄┄┄┄┄┄┄┄┄┄┄┄┄┄┄┄┄┄┄┄┄┄┄┄┄┄┄┄┄┄┄┄┄┄┄┄┄┄┄
│ 07:38:49.841 (+0:00:00.109877)
├┄┄┄┄┄┄┄┄┄┄┄┄┄┄┄┄┄┄┄┄┄┄┄┄┄┄┄┄┄┄┄┄┄┄┄┄┄┄┄┄┄┄┄┄┄┄┄┄┄┄┄┄┄┄┄┄┄┄┄┄┄┄┄┄┄┄┄┄┄┄┄┄┄┄┄┄┄┄┄┄┄┄┄┄┄┄┄┄┄┄┄┄┄┄┄┄┄┄┄┄┄┄┄┄┄┄┄┄┄┄┄┄┄┄┄┄┄┄┄
│ 🐛 💾 Database: Canvas inserted with ID
└───────────────────────────────────────────────────────────────────────────────────────────────────────────────────────
┌───────────────────────────────────────────────────────────────────────────────────────────────────────────────────────
│ {title: Canvas 2, dimensions: 5x5}
├┄┄┄┄┄┄┄┄┄┄┄┄┄┄┄┄┄┄┄┄┄┄┄┄┄┄┄┄┄┄┄┄┄┄┄┄┄┄┄┄┄┄┄┄┄┄┄┄┄┄┄┄┄┄┄┄┄┄┄┄┄┄┄┄┄┄┄┄┄┄┄┄┄┄┄┄┄┄┄┄┄┄┄┄┄┄┄┄┄┄┄┄┄┄┄┄┄┄┄┄┄┄┄┄┄┄┄┄┄┄┄┄┄┄┄┄┄┄┄
│ #0   AppLogger.database (package:filler/core/logging.dart:49:13)
│ #1   AppDatabase.insertCanvas (package:filler/data/database.dart:225:15)
│ #2   main.<anonymous closure>.<anonymous closure>.<anonymous closure> (file:///Users/mr42/code/flutter/tmp/filler/test/data/database_test.dart:48:24)
│ #3   <asynchronous suspension>
│ #4   Declarer.test.<anonymous closure>.<anonymous closure> (package:test_api/src/backend/declarer.dart:242:9)
│ #5   <asynchronous suspension>
│ #6   Declarer.test.<anonymous closure> (package:test_api/src/backend/declarer.dart:240:7)
│ #7   <asynchronous suspension>
├┄┄┄┄┄┄┄┄┄┄┄┄┄┄┄┄┄┄┄┄┄┄┄┄┄┄┄┄┄┄┄┄┄┄┄┄┄┄┄┄┄┄┄┄┄┄┄┄┄┄┄┄┄┄┄┄┄┄┄┄┄┄┄┄┄┄┄┄┄┄┄┄┄┄┄┄┄┄┄┄┄┄┄┄┄┄┄┄┄┄┄┄┄┄┄┄┄┄┄┄┄┄┄┄┄┄┄┄┄┄┄┄┄┄┄┄┄┄┄
│ 07:38:49.843 (+0:00:00.111832)
├┄┄┄┄┄┄┄┄┄┄┄┄┄┄┄┄┄┄┄┄┄┄┄┄┄┄┄┄┄┄┄┄┄┄┄┄┄┄┄┄┄┄┄┄┄┄┄┄┄┄┄┄┄┄┄┄┄┄┄┄┄┄┄┄┄┄┄┄┄┄┄┄┄┄┄┄┄┄┄┄┄┄┄┄┄┄┄┄┄┄┄┄┄┄┄┄┄┄┄┄┄┄┄┄┄┄┄┄┄┄┄┄┄┄┄┄┄┄┄
│ 🐛 💾 Database: Inserting canvas
└───────────────────────────────────────────────────────────────────────────────────────────────────────────────────────
┌───────────────────────────────────────────────────────────────────────────────────────────────────────────────────────
│ {id: 2}
├┄┄┄┄┄┄┄┄┄┄┄┄┄┄┄┄┄┄┄┄┄┄┄┄┄┄┄┄┄┄┄┄┄┄┄┄┄┄┄┄┄┄┄┄┄┄┄┄┄┄┄┄┄┄┄┄┄┄┄┄┄┄┄┄┄┄┄┄┄┄┄┄┄┄┄┄┄┄┄┄┄┄┄┄┄┄┄┄┄┄┄┄┄┄┄┄┄┄┄┄┄┄┄┄┄┄┄┄┄┄┄┄┄┄┄┄┄┄┄
│ #0   AppLogger.database (package:filler/core/logging.dart:49:13)
│ #1   AppDatabase.insertCanvas (package:filler/data/database.dart:234:17)
│ #2   <asynchronous suspension>
│ #3   main.<anonymous closure>.<anonymous closure>.<anonymous closure> (file:///Users/mr42/code/flutter/tmp/filler/test/data/database_test.dart:48:9)
│ #4   <asynchronous suspension>
│ #5   Declarer.test.<anonymous closure>.<anonymous closure> (package:test_api/src/backend/declarer.dart:242:9)
│ #6   <asynchronous suspension>
│ #7   Declarer.test.<anonymous closure> (package:test_api/src/backend/declarer.dart:240:7)
├┄┄┄┄┄┄┄┄┄┄┄┄┄┄┄┄┄┄┄┄┄┄┄┄┄┄┄┄┄┄┄┄┄┄┄┄┄┄┄┄┄┄┄┄┄┄┄┄┄┄┄┄┄┄┄┄┄┄┄┄┄┄┄┄┄┄┄┄┄┄┄┄┄┄┄┄┄┄┄┄┄┄┄┄┄┄┄┄┄┄┄┄┄┄┄┄┄┄┄┄┄┄┄┄┄┄┄┄┄┄┄┄┄┄┄┄┄┄┄
│ 07:38:49.844 (+0:00:00.113730)
├┄┄┄┄┄┄┄┄┄┄┄┄┄┄┄┄┄┄┄┄┄┄┄┄┄┄┄┄┄┄┄┄┄┄┄┄┄┄┄┄┄┄┄┄┄┄┄┄┄┄┄┄┄┄┄┄┄┄┄┄┄┄┄┄┄┄┄┄┄┄┄┄┄┄┄┄┄┄┄┄┄┄┄┄┄┄┄┄┄┄┄┄┄┄┄┄┄┄┄┄┄┄┄┄┄┄┄┄┄┄┄┄┄┄┄┄┄┄┄
│ 🐛 💾 Database: Canvas inserted with ID
└───────────────────────────────────────────────────────────────────────────────────────────────────────────────────────
┌───────────────────────────────────────────────────────────────────────────────────────────────────────────────────────
│ #0   AppLogger.database (package:filler/core/logging.dart:49:13)
│ #1   AppDatabase.getAllCanvases (package:filler/data/database.dart:248:15)
├┄┄┄┄┄┄┄┄┄┄┄┄┄┄┄┄┄┄┄┄┄┄┄┄┄┄┄┄┄┄┄┄┄┄┄┄┄┄┄┄┄┄┄┄┄┄┄┄┄┄┄┄┄┄┄┄┄┄┄┄┄┄┄┄┄┄┄┄┄┄┄┄┄┄┄┄┄┄┄┄┄┄┄┄┄┄┄┄┄┄┄┄┄┄┄┄┄┄┄┄┄┄┄┄┄┄┄┄┄┄┄┄┄┄┄┄┄┄┄
│ 07:38:49.846 (+0:00:00.115574)
├┄┄┄┄┄┄┄┄┄┄┄┄┄┄┄┄┄┄┄┄┄┄┄┄┄┄┄┄┄┄┄┄┄┄┄┄┄┄┄┄┄┄┄┄┄┄┄┄┄┄┄┄┄┄┄┄┄┄┄┄┄┄┄┄┄┄┄┄┄┄┄┄┄┄┄┄┄┄┄┄┄┄┄┄┄┄┄┄┄┄┄┄┄┄┄┄┄┄┄┄┄┄┄┄┄┄┄┄┄┄┄┄┄┄┄┄┄┄┄
│ 🐛 💾 Database: Querying all canvases
└───────────────────────────────────────────────────────────────────────────────────────────────────────────────────────
┌───────────────────────────────────────────────────────────────────────────────────────────────────────────────────────
│ {count: 2}
├┄┄┄┄┄┄┄┄┄┄┄┄┄┄┄┄┄┄┄┄┄┄┄┄┄┄┄┄┄┄┄┄┄┄┄┄┄┄┄┄┄┄┄┄┄┄┄┄┄┄┄┄┄┄┄┄┄┄┄┄┄┄┄┄┄┄┄┄┄┄┄┄┄┄┄┄┄┄┄┄┄┄┄┄┄┄┄┄┄┄┄┄┄┄┄┄┄┄┄┄┄┄┄┄┄┄┄┄┄┄┄┄┄┄┄┄┄┄┄
│ #0   AppLogger.database (package:filler/core/logging.dart:49:13)
│ #1   AppDatabase.getAllCanvases (package:filler/data/database.dart:251:17)
│ #2   <asynchronous suspension>
│ #3   main.<anonymous closure>.<anonymous closure>.<anonymous closure> (file:///Users/mr42/code/flutter/tmp/filler/test/data/database_test.dart:51:26)
│ #4   <asynchronous suspension>
│ #5   Declarer.test.<anonymous closure>.<anonymous closure> (package:test_api/src/backend/declarer.dart:242:9)
│ #6   <asynchronous suspension>
│ #7   Declarer.test.<anonymous closure> (package:test_api/src/backend/declarer.dart:240:7)
├┄┄┄┄┄┄┄┄┄┄┄┄┄┄┄┄┄┄┄┄┄┄┄┄┄┄┄┄┄┄┄┄┄┄┄┄┄┄┄┄┄┄┄┄┄┄┄┄┄┄┄┄┄┄┄┄┄┄┄┄┄┄┄┄┄┄┄┄┄┄┄┄┄┄┄┄┄┄┄┄┄┄┄┄┄┄┄┄┄┄┄┄┄┄┄┄┄┄┄┄┄┄┄┄┄┄┄┄┄┄┄┄┄┄┄┄┄┄┄
│ 07:38:49.847 (+0:00:00.116717)
├┄┄┄┄┄┄┄┄┄┄┄┄┄┄┄┄┄┄┄┄┄┄┄┄┄┄┄┄┄┄┄┄┄┄┄┄┄┄┄┄┄┄┄┄┄┄┄┄┄┄┄┄┄┄┄┄┄┄┄┄┄┄┄┄┄┄┄┄┄┄┄┄┄┄┄┄┄┄┄┄┄┄┄┄┄┄┄┄┄┄┄┄┄┄┄┄┄┄┄┄┄┄┄┄┄┄┄┄┄┄┄┄┄┄┄┄┄┄┄
│ 🐛 💾 Database: Query completed
└───────────────────────────────────────────────────────────────────────────────────────────────────────────────────────
┌───────────────────────────────────────────────────────────────────────────────────────────────────────────────────────
│ #0   TestHelpers.cleanup (file:///Users/mr42/code/flutter/tmp/filler/test/helpers/test_helpers.dart:152:24)
│ #1   main.<anonymous closure> (file:///Users/mr42/code/flutter/tmp/filler/test/data/database_test.dart:19:23)
├┄┄┄┄┄┄┄┄┄┄┄┄┄┄┄┄┄┄┄┄┄┄┄┄┄┄┄┄┄┄┄┄┄┄┄┄┄┄┄┄┄┄┄┄┄┄┄┄┄┄┄┄┄┄┄┄┄┄┄┄┄┄┄┄┄┄┄┄┄┄┄┄┄┄┄┄┄┄┄┄┄┄┄┄┄┄┄┄┄┄┄┄┄┄┄┄┄┄┄┄┄┄┄┄┄┄┄┄┄┄┄┄┄┄┄┄┄┄┄
│ 07:38:49.849 (+0:00:00.118781)
├┄┄┄┄┄┄┄┄┄┄┄┄┄┄┄┄┄┄┄┄┄┄┄┄┄┄┄┄┄┄┄┄┄┄┄┄┄┄┄┄┄┄┄┄┄┄┄┄┄┄┄┄┄┄┄┄┄┄┄┄┄┄┄┄┄┄┄┄┄┄┄┄┄┄┄┄┄┄┄┄┄┄┄┄┄┄┄┄┄┄┄┄┄┄┄┄┄┄┄┄┄┄┄┄┄┄┄┄┄┄┄┄┄┄┄┄┄┄┄
│ 🐛 🧹 Cleaning up test environment
└───────────────────────────────────────────────────────────────────────────────────────────────────────────────────────
┌───────────────────────────────────────────────────────────────────────────────────────────────────────────────────────
│ #0   TestHelpers.cleanup (file:///Users/mr42/code/flutter/tmp/filler/test/helpers/test_helpers.dart:166:26)
│ #1   main.<anonymous closure> (file:///Users/mr42/code/flutter/tmp/filler/test/data/database_test.dart:19:23)
├┄┄┄┄┄┄┄┄┄┄┄┄┄┄┄┄┄┄┄┄┄┄┄┄┄┄┄┄┄┄┄┄┄┄┄┄┄┄┄┄┄┄┄┄┄┄┄┄┄┄┄┄┄┄┄┄┄┄┄┄┄┄┄┄┄┄┄┄┄┄┄┄┄┄┄┄┄┄┄┄┄┄┄┄┄┄┄┄┄┄┄┄┄┄┄┄┄┄┄┄┄┄┄┄┄┄┄┄┄┄┄┄┄┄┄┄┄┄┄
│ 07:38:49.853 (+0:00:00.122158)
├┄┄┄┄┄┄┄┄┄┄┄┄┄┄┄┄┄┄┄┄┄┄┄┄┄┄┄┄┄┄┄┄┄┄┄┄┄┄┄┄┄┄┄┄┄┄┄┄┄┄┄┄┄┄┄┄┄┄┄┄┄┄┄┄┄┄┄┄┄┄┄┄┄┄┄┄┄┄┄┄┄┄┄┄┄┄┄┄┄┄┄┄┄┄┄┄┄┄┄┄┄┄┄┄┄┄┄┄┄┄┄┄┄┄┄┄┄┄┄
│ 🐛 ✅ Test cleanup completed
└───────────────────────────────────────────────────────────────────────────────────────────────────────────────────────

00:03 +42 -2: /Users/mr42/code/flutter/tmp/filler/test/integration/page_state_transitions_test.dart: BLoC State Transitions - All Pages Preferences BLoC - State Transitions                           
00:03 +42 -2: /Users/mr42/code/flutter/tmp/filler/test/data/database_test.dart: AppDatabase Canvas Operations should update existing canvas                                                            
┌───────────────────────────────────────────────────────────────────────────────────────────────────────────────────────
│ #0   TestHelpers.createTestDatabase (file:///Users/mr42/code/flutter/tmp/filler/test/helpers/test_helpers.dart:30:24)
│ #1   main.<anonymous closure> (file:///Users/mr42/code/flutter/tmp/filler/test/data/database_test.dart:14:28)
├┄┄┄┄┄┄┄┄┄┄┄┄┄┄┄┄┄┄┄┄┄┄┄┄┄┄┄┄┄┄┄┄┄┄┄┄┄┄┄┄┄┄┄┄┄┄┄┄┄┄┄┄┄┄┄┄┄┄┄┄┄┄┄┄┄┄┄┄┄┄┄┄┄┄┄┄┄┄┄┄┄┄┄┄┄┄┄┄┄┄┄┄┄┄┄┄┄┄┄┄┄┄┄┄┄┄┄┄┄┄┄┄┄┄┄┄┄┄┄
│ 07:38:49.855 (+0:00:00.124176)
├┄┄┄┄┄┄┄┄┄┄┄┄┄┄┄┄┄┄┄┄┄┄┄┄┄┄┄┄┄┄┄┄┄┄┄┄┄┄┄┄┄┄┄┄┄┄┄┄┄┄┄┄┄┄┄┄┄┄┄┄┄┄┄┄┄┄┄┄┄┄┄┄┄┄┄┄┄┄┄┄┄┄┄┄┄┄┄┄┄┄┄┄┄┄┄┄┄┄┄┄┄┄┄┄┄┄┄┄┄┄┄┄┄┄┄┄┄┄┄
│ 🐛 🗄️ Creating test database
└───────────────────────────────────────────────────────────────────────────────────────────────────────────────────────
┌───────────────────────────────────────────────────────────────────────────────────────────────────────────────────────
│ {title: Original, dimensions: 5x5, insets: 1, pixelCount: 25}
├┄┄┄┄┄┄┄┄┄┄┄┄┄┄┄┄┄┄┄┄┄┄┄┄┄┄┄┄┄┄┄┄┄┄┄┄┄┄┄┄┄┄┄┄┄┄┄┄┄┄┄┄┄┄┄┄┄┄┄┄┄┄┄┄┄┄┄┄┄┄┄┄┄┄┄┄┄┄┄┄┄┄┄┄┄┄┄┄┄┄┄┄┄┄┄┄┄┄┄┄┄┄┄┄┄┄┄┄┄┄┄┄┄┄┄┄┄┄┄
│ #0   TestHelpers.createTestCanvas (file:///Users/mr42/code/flutter/tmp/filler/test/helpers/test_helpers.dart:90:24)
│ #1   main.<anonymous closure>.<anonymous closure>.<anonymous closure> (file:///Users/mr42/code/flutter/tmp/filler/test/data/database_test.dart:59:36)
│ #2   Declarer.test.<anonymous closure>.<anonymous closure> (package:test_api/src/backend/declarer.dart:242:19)
│ #3   <asynchronous suspension>
│ #4   Declarer.test.<anonymous closure> (package:test_api/src/backend/declarer.dart:240:7)
│ #5   <asynchronous suspension>
│ #6   Invoker._waitForOutstandingCallbacks.<anonymous closure> (package:test_api/src/backend/invoker.dart:282:9)
│ #7   <asynchronous suspension>
├┄┄┄┄┄┄┄┄┄┄┄┄┄┄┄┄┄┄┄┄┄┄┄┄┄┄┄┄┄┄┄┄┄┄┄┄┄┄┄┄┄┄┄┄┄┄┄┄┄┄┄┄┄┄┄┄┄┄┄┄┄┄┄┄┄┄┄┄┄┄┄┄┄┄┄┄┄┄┄┄┄┄┄┄┄┄┄┄┄┄┄┄┄┄┄┄┄┄┄┄┄┄┄┄┄┄┄┄┄┄┄┄┄┄┄┄┄┄┄
│ 07:38:49.856 (+0:00:00.125408)
├┄┄┄┄┄┄┄┄┄┄┄┄┄┄┄┄┄┄┄┄┄┄┄┄┄┄┄┄┄┄┄┄┄┄┄┄┄┄┄┄┄┄┄┄┄┄┄┄┄┄┄┄┄┄┄┄┄┄┄┄┄┄┄┄┄┄┄┄┄┄┄┄┄┄┄┄┄┄┄┄┄┄┄┄┄┄┄┄┄┄┄┄┄┄┄┄┄┄┄┄┄┄┄┄┄┄┄┄┄┄┄┄┄┄┄┄┄┄┄
│ 🐛 🎨 Creating test canvas
└───────────────────────────────────────────────────────────────────────────────────────────────────────────────────────
┌───────────────────────────────────────────────────────────────────────────────────────────────────────────────────────
│ {title: Original, dimensions: 5x5}
├┄┄┄┄┄┄┄┄┄┄┄┄┄┄┄┄┄┄┄┄┄┄┄┄┄┄┄┄┄┄┄┄┄┄┄┄┄┄┄┄┄┄┄┄┄┄┄┄┄┄┄┄┄┄┄┄┄┄┄┄┄┄┄┄┄┄┄┄┄┄┄┄┄┄┄┄┄┄┄┄┄┄┄┄┄┄┄┄┄┄┄┄┄┄┄┄┄┄┄┄┄┄┄┄┄┄┄┄┄┄┄┄┄┄┄┄┄┄┄
│ #0   AppLogger.database (package:filler/core/logging.dart:49:13)
│ #1   AppDatabase.insertCanvas (package:filler/data/database.dart:225:15)
│ #2   main.<anonymous closure>.<anonymous closure>.<anonymous closure> (file:///Users/mr42/code/flutter/tmp/filler/test/data/database_test.dart:60:35)
│ #3   Declarer.test.<anonymous closure>.<anonymous closure> (package:test_api/src/backend/declarer.dart:242:19)
│ #4   <asynchronous suspension>
│ #5   Declarer.test.<anonymous closure> (package:test_api/src/backend/declarer.dart:240:7)
│ #6   <asynchronous suspension>
│ #7   Invoker._waitForOutstandingCallbacks.<anonymous closure> (package:test_api/src/backend/invoker.dart:282:9)
├┄┄┄┄┄┄┄┄┄┄┄┄┄┄┄┄┄┄┄┄┄┄┄┄┄┄┄┄┄┄┄┄┄┄┄┄┄┄┄┄┄┄┄┄┄┄┄┄┄┄┄┄┄┄┄┄┄┄┄┄┄┄┄┄┄┄┄┄┄┄┄┄┄┄┄┄┄┄┄┄┄┄┄┄┄┄┄┄┄┄┄┄┄┄┄┄┄┄┄┄┄┄┄┄┄┄┄┄┄┄┄┄┄┄┄┄┄┄┄
│ 07:38:49.858 (+0:00:00.127113)
├┄┄┄┄┄┄┄┄┄┄┄┄┄┄┄┄┄┄┄┄┄┄┄┄┄┄┄┄┄┄┄┄┄┄┄┄┄┄┄┄┄┄┄┄┄┄┄┄┄┄┄┄┄┄┄┄┄┄┄┄┄┄┄┄┄┄┄┄┄┄┄┄┄┄┄┄┄┄┄┄┄┄┄┄┄┄┄┄┄┄┄┄┄┄┄┄┄┄┄┄┄┄┄┄┄┄┄┄┄┄┄┄┄┄┄┄┄┄┄
│ 🐛 💾 Database: Inserting canvas
└───────────────────────────────────────────────────────────────────────────────────────────────────────────────────────
┌───────────────────────────────────────────────────────────────────────────────────────────────────────────────────────
│ #0   AppLogger.database (package:filler/core/logging.dart:49:13)
│ #1   createTestDatabaseConnection.<anonymous closure> (package:filler/data/database_connection.dart:22:15)
├┄┄┄┄┄┄┄┄┄┄┄┄┄┄┄┄┄┄┄┄┄┄┄┄┄┄┄┄┄┄┄┄┄┄┄┄┄┄┄┄┄┄┄┄┄┄┄┄┄┄┄┄┄┄┄┄┄┄┄┄┄┄┄┄┄┄┄┄┄┄┄┄┄┄┄┄┄┄┄┄┄┄┄┄┄┄┄┄┄┄┄┄┄┄┄┄┄┄┄┄┄┄┄┄┄┄┄┄┄┄┄┄┄┄┄┄┄┄┄
│ 07:38:49.859 (+0:00:00.128629)
├┄┄┄┄┄┄┄┄┄┄┄┄┄┄┄┄┄┄┄┄┄┄┄┄┄┄┄┄┄┄┄┄┄┄┄┄┄┄┄┄┄┄┄┄┄┄┄┄┄┄┄┄┄┄┄┄┄┄┄┄┄┄┄┄┄┄┄┄┄┄┄┄┄┄┄┄┄┄┄┄┄┄┄┄┄┄┄┄┄┄┄┄┄┄┄┄┄┄┄┄┄┄┄┄┄┄┄┄┄┄┄┄┄┄┄┄┄┄┄
│ 🐛 💾 Database: Test AppDatabase instance created (in-memory)
└───────────────────────────────────────────────────────────────────────────────────────────────────────────────────────
┌───────────────────────────────────────────────────────────────────────────────────────────────────────────────────────
│ {version: 4, wasCreated: true, hadUpgrade: false}
├┄┄┄┄┄┄┄┄┄┄┄┄┄┄┄┄┄┄┄┄┄┄┄┄┄┄┄┄┄┄┄┄┄┄┄┄┄┄┄┄┄┄┄┄┄┄┄┄┄┄┄┄┄┄┄┄┄┄┄┄┄┄┄┄┄┄┄┄┄┄┄┄┄┄┄┄┄┄┄┄┄┄┄┄┄┄┄┄┄┄┄┄┄┄┄┄┄┄┄┄┄┄┄┄┄┄┄┄┄┄┄┄┄┄┄┄┄┄┄
│ #0   AppLogger.database (package:filler/core/logging.dart:49:13)
│ #1   AppDatabase.migration.<anonymous closure> (package:filler/data/database.dart:211:17)
│ #2   GeneratedDatabase.beforeOpen.<anonymous closure> (package:drift/src/runtime/api/db_base.dart:137:44)
│ #3   <asynchronous suspension>
│ #4   DelegatedDatabase._runMigrations (package:drift/src/runtime/executor/helpers/engines.dart:512:5)
│ #5   <asynchronous suspension>
│ #6   DelegatedDatabase.ensureOpen.<anonymous closure> (package:drift/src/runtime/executor/helpers/engines.dart:476:9)
│ #7   <asynchronous suspension>
├┄┄┄┄┄┄┄┄┄┄┄┄┄┄┄┄┄┄┄┄┄┄┄┄┄┄┄┄┄┄┄┄┄┄┄┄┄┄┄┄┄┄┄┄┄┄┄┄┄┄┄┄┄┄┄┄┄┄┄┄┄┄┄┄┄┄┄┄┄┄┄┄┄┄┄┄┄┄┄┄┄┄┄┄┄┄┄┄┄┄┄┄┄┄┄┄┄┄┄┄┄┄┄┄┄┄┄┄┄┄┄┄┄┄┄┄┄┄┄
│ 07:38:49.861 (+0:00:00.130232)
├┄┄┄┄┄┄┄┄┄┄┄┄┄┄┄┄┄┄┄┄┄┄┄┄┄┄┄┄┄┄┄┄┄┄┄┄┄┄┄┄┄┄┄┄┄┄┄┄┄┄┄┄┄┄┄┄┄┄┄┄┄┄┄┄┄┄┄┄┄┄┄┄┄┄┄┄┄┄┄┄┄┄┄┄┄┄┄┄┄┄┄┄┄┄┄┄┄┄┄┄┄┄┄┄┄┄┄┄┄┄┄┄┄┄┄┄┄┄┄
│ 🐛 💾 Database: Database opened
└───────────────────────────────────────────────────────────────────────────────────────────────────────────────────────
┌───────────────────────────────────────────────────────────────────────────────────────────────────────────────────────
│ {id: 1}
├┄┄┄┄┄┄┄┄┄┄┄┄┄┄┄┄┄┄┄┄┄┄┄┄┄┄┄┄┄┄┄┄┄┄┄┄┄┄┄┄┄┄┄┄┄┄┄┄┄┄┄┄┄┄┄┄┄┄┄┄┄┄┄┄┄┄┄┄┄┄┄┄┄┄┄┄┄┄┄┄┄┄┄┄┄┄┄┄┄┄┄┄┄┄┄┄┄┄┄┄┄┄┄┄┄┄┄┄┄┄┄┄┄┄┄┄┄┄┄
│ #0   AppLogger.database (package:filler/core/logging.dart:49:13)
│ #1   AppDatabase.insertCanvas (package:filler/data/database.dart:234:17)
│ #2   <asynchronous suspension>
│ #3   main.<anonymous closure>.<anonymous closure>.<anonymous closure> (file:///Users/mr42/code/flutter/tmp/filler/test/data/database_test.dart:60:20)
│ #4   <asynchronous suspension>
│ #5   Declarer.test.<anonymous closure>.<anonymous closure> (package:test_api/src/backend/declarer.dart:242:9)
│ #6   <asynchronous suspension>
│ #7   Declarer.test.<anonymous closure> (package:test_api/src/backend/declarer.dart:240:7)
├┄┄┄┄┄┄┄┄┄┄┄┄┄┄┄┄┄┄┄┄┄┄┄┄┄┄┄┄┄┄┄┄┄┄┄┄┄┄┄┄┄┄┄┄┄┄┄┄┄┄┄┄┄┄┄┄┄┄┄┄┄┄┄┄┄┄┄┄┄┄┄┄┄┄┄┄┄┄┄┄┄┄┄┄┄┄┄┄┄┄┄┄┄┄┄┄┄┄┄┄┄┄┄┄┄┄┄┄┄┄┄┄┄┄┄┄┄┄┄
│ 07:38:49.863 (+0:00:00.132277)
├┄┄┄┄┄┄┄┄┄┄┄┄┄┄┄┄┄┄┄┄┄┄┄┄┄┄┄┄┄┄┄┄┄┄┄┄┄┄┄┄┄┄┄┄┄┄┄┄┄┄┄┄┄┄┄┄┄┄┄┄┄┄┄┄┄┄┄┄┄┄┄┄┄┄┄┄┄┄┄┄┄┄┄┄┄┄┄┄┄┄┄┄┄┄┄┄┄┄┄┄┄┄┄┄┄┄┄┄┄┄┄┄┄┄┄┄┄┄┄
│ 🐛 💾 Database: Canvas inserted with ID
└───────────────────────────────────────────────────────────────────────────────────────────────────────────────────────
┌───────────────────────────────────────────────────────────────────────────────────────────────────────────────────────
│ #0   TestHelpers.cleanup (file:///Users/mr42/code/flutter/tmp/filler/test/helpers/test_helpers.dart:152:24)
│ #1   main.<anonymous closure> (file:///Users/mr42/code/flutter/tmp/filler/test/data/database_test.dart:19:23)
├┄┄┄┄┄┄┄┄┄┄┄┄┄┄┄┄┄┄┄┄┄┄┄┄┄┄┄┄┄┄┄┄┄┄┄┄┄┄┄┄┄┄┄┄┄┄┄┄┄┄┄┄┄┄┄┄┄┄┄┄┄┄┄┄┄┄┄┄┄┄┄┄┄┄┄┄┄┄┄┄┄┄┄┄┄┄┄┄┄┄┄┄┄┄┄┄┄┄┄┄┄┄┄┄┄┄┄┄┄┄┄┄┄┄┄┄┄┄┄
│ 07:38:49.870 (+0:00:00.139140)
├┄┄┄┄┄┄┄┄┄┄┄┄┄┄┄┄┄┄┄┄┄┄┄┄┄┄┄┄┄┄┄┄┄┄┄┄┄┄┄┄┄┄┄┄┄┄┄┄┄┄┄┄┄┄┄┄┄┄┄┄┄┄┄┄┄┄┄┄┄┄┄┄┄┄┄┄┄┄┄┄┄┄┄┄┄┄┄┄┄┄┄┄┄┄┄┄┄┄┄┄┄┄┄┄┄┄┄┄┄┄┄┄┄┄┄┄┄┄┄
│ 🐛 🧹 Cleaning up test environment
└───────────────────────────────────────────────────────────────────────────────────────────────────────────────────────
┌───────────────────────────────────────────────────────────────────────────────────────────────────────────────────────
│ #0   TestHelpers.cleanup (file:///Users/mr42/code/flutter/tmp/filler/test/helpers/test_helpers.dart:166:26)
│ #1   main.<anonymous closure> (file:///Users/mr42/code/flutter/tmp/filler/test/data/database_test.dart:19:23)
├┄┄┄┄┄┄┄┄┄┄┄┄┄┄┄┄┄┄┄┄┄┄┄┄┄┄┄┄┄┄┄┄┄┄┄┄┄┄┄┄┄┄┄┄┄┄┄┄┄┄┄┄┄┄┄┄┄┄┄┄┄┄┄┄┄┄┄┄┄┄┄┄┄┄┄┄┄┄┄┄┄┄┄┄┄┄┄┄┄┄┄┄┄┄┄┄┄┄┄┄┄┄┄┄┄┄┄┄┄┄┄┄┄┄┄┄┄┄┄
│ 07:38:49.874 (+0:00:00.143061)
├┄┄┄┄┄┄┄┄┄┄┄┄┄┄┄┄┄┄┄┄┄┄┄┄┄┄┄┄┄┄┄┄┄┄┄┄┄┄┄┄┄┄┄┄┄┄┄┄┄┄┄┄┄┄┄┄┄┄┄┄┄┄┄┄┄┄┄┄┄┄┄┄┄┄┄┄┄┄┄┄┄┄┄┄┄┄┄┄┄┄┄┄┄┄┄┄┄┄┄┄┄┄┄┄┄┄┄┄┄┄┄┄┄┄┄┄┄┄┄
│ 🐛 ✅ Test cleanup completed
└───────────────────────────────────────────────────────────────────────────────────────────────────────────────────────

00:03 +43 -2: /Users/mr42/code/flutter/tmp/filler/test/integration/page_state_transitions_test.dart: BLoC State Transitions - All Pages Preferences BLoC - State Transitions                           
00:03 +43 -2: /Users/mr42/code/flutter/tmp/filler/test/data/database_test.dart: AppDatabase Canvas Operations should delete canvas by ID                                                               
┌───────────────────────────────────────────────────────────────────────────────────────────────────────────────────────
│ #0   TestHelpers.createTestDatabase (file:///Users/mr42/code/flutter/tmp/filler/test/helpers/test_helpers.dart:30:24)
│ #1   main.<anonymous closure> (file:///Users/mr42/code/flutter/tmp/filler/test/data/database_test.dart:14:28)
├┄┄┄┄┄┄┄┄┄┄┄┄┄┄┄┄┄┄┄┄┄┄┄┄┄┄┄┄┄┄┄┄┄┄┄┄┄┄┄┄┄┄┄┄┄┄┄┄┄┄┄┄┄┄┄┄┄┄┄┄┄┄┄┄┄┄┄┄┄┄┄┄┄┄┄┄┄┄┄┄┄┄┄┄┄┄┄┄┄┄┄┄┄┄┄┄┄┄┄┄┄┄┄┄┄┄┄┄┄┄┄┄┄┄┄┄┄┄┄
│ 07:38:49.876 (+0:00:00.144843)
├┄┄┄┄┄┄┄┄┄┄┄┄┄┄┄┄┄┄┄┄┄┄┄┄┄┄┄┄┄┄┄┄┄┄┄┄┄┄┄┄┄┄┄┄┄┄┄┄┄┄┄┄┄┄┄┄┄┄┄┄┄┄┄┄┄┄┄┄┄┄┄┄┄┄┄┄┄┄┄┄┄┄┄┄┄┄┄┄┄┄┄┄┄┄┄┄┄┄┄┄┄┄┄┄┄┄┄┄┄┄┄┄┄┄┄┄┄┄┄
│ 🐛 🗄️ Creating test database
└───────────────────────────────────────────────────────────────────────────────────────────────────────────────────────
┌───────────────────────────────────────────────────────────────────────────────────────────────────────────────────────
│ {title: Test Canvas, dimensions: 5x5, insets: 1, pixelCount: 25}
├┄┄┄┄┄┄┄┄┄┄┄┄┄┄┄┄┄┄┄┄┄┄┄┄┄┄┄┄┄┄┄┄┄┄┄┄┄┄┄┄┄┄┄┄┄┄┄┄┄┄┄┄┄┄┄┄┄┄┄┄┄┄┄┄┄┄┄┄┄┄┄┄┄┄┄┄┄┄┄┄┄┄┄┄┄┄┄┄┄┄┄┄┄┄┄┄┄┄┄┄┄┄┄┄┄┄┄┄┄┄┄┄┄┄┄┄┄┄┄
│ #0   TestHelpers.createTestCanvas (file:///Users/mr42/code/flutter/tmp/filler/test/helpers/test_helpers.dart:90:24)
│ #1   main.<anonymous closure>.<anonymous closure>.<anonymous closure> (file:///Users/mr42/code/flutter/tmp/filler/test/data/database_test.dart:77:36)
│ #2   Declarer.test.<anonymous closure>.<anonymous closure> (package:test_api/src/backend/declarer.dart:242:19)
│ #3   <asynchronous suspension>

00:03 +43 -2: /Users/mr42/code/flutter/tmp/filler/test/widget_test.dart: App loads without error                                                                                                       
[38;5;12m┌───────────────────────────────────────────────────────────────────────────────────────────────────────────────────────[0m

00:03 +43 -2: /Users/mr42/code/flutter/tmp/filler/test/data/database_test.dart: AppDatabase Canvas Operations should delete canvas by ID                                                               
│ #4   Declarer.test.<anonymous closure> (package:test_api/src/backend/declarer.dart:240:7)
│ #5   <asynchronous suspension>
│ #6   Invoker._waitForOutstandingCallbacks.<anonymous closure> (package:test_api/src/backend/invoker.dart:282:9)
│ #7   <asynchronous suspension>
├┄┄┄┄┄┄┄┄┄┄┄┄┄┄┄┄┄┄┄┄┄┄┄┄┄┄┄┄┄┄┄┄┄┄┄┄┄┄┄┄┄┄┄┄┄┄┄┄┄┄┄┄┄┄┄┄┄┄┄┄┄┄┄┄┄┄┄┄┄┄┄┄┄┄┄┄┄┄┄┄┄┄┄┄┄┄┄┄┄┄┄┄┄┄┄┄┄┄┄┄┄┄┄┄┄┄┄┄┄┄┄┄┄┄┄┄┄┄┄
│ 07:38:49.877 (+0:00:00.145852)
├┄┄┄┄┄┄┄┄┄┄┄┄┄┄┄┄┄┄┄┄┄┄┄┄┄┄┄┄┄┄┄┄┄┄┄┄┄┄┄┄┄┄┄┄┄┄┄┄┄┄┄┄┄┄┄┄┄┄┄┄┄┄┄┄┄┄┄┄┄┄┄┄┄┄┄┄┄┄┄┄┄┄┄┄┄┄┄┄┄┄┄┄┄┄┄┄┄┄┄┄┄┄┄┄┄┄┄┄┄┄┄┄┄┄┄┄┄┄┄
│ 🐛 🎨 Creating test canvas
└───────────────────────────────────────────────────────────────────────────────────────────────────────────────────────

00:03 +43 -2: /Users/mr42/code/flutter/tmp/filler/test/widget_test.dart: App loads without error                                                                                                       
[38;5;12m│ #0   _AppState.build (package:filler/app.dart:30:24)[0m

00:03 +43 -2: /Users/mr42/code/flutter/tmp/filler/test/data/database_test.dart: AppDatabase Canvas Operations should delete canvas by ID                                                               
┌───────────────────────────────────────────────────────────────────────────────────────────────────────────────────────
│ {title: Test Canvas, dimensions: 5x5}
├┄┄┄┄┄┄┄┄┄┄┄┄┄┄┄┄┄┄┄┄┄┄┄┄┄┄┄┄┄┄┄┄┄┄┄┄┄┄┄┄┄┄┄┄┄┄┄┄┄┄┄┄┄┄┄┄┄┄┄┄┄┄┄┄┄┄┄┄┄┄┄┄┄┄┄┄┄┄┄┄┄┄┄┄┄┄┄┄┄┄┄┄┄┄┄┄┄┄┄┄┄┄┄┄┄┄┄┄┄┄┄┄┄┄┄┄┄┄┄

00:03 +43 -2: /Users/mr42/code/flutter/tmp/filler/test/widget_test.dart: App loads without error                                                                                                       
[38;5;12m│ #1   StatefulElement.build (package:flutter/src/widgets/framework.dart:5833:27)[0m
[38;5;12m├┄┄┄┄┄┄┄┄┄┄┄┄┄┄┄┄┄┄┄┄┄┄┄┄┄┄┄┄┄┄┄┄┄┄┄┄┄┄┄┄┄┄┄┄┄┄┄┄┄┄┄┄┄┄┄┄┄┄┄┄┄┄┄┄┄┄┄┄┄┄┄┄┄┄┄┄┄┄┄┄┄┄┄┄┄┄┄┄┄┄┄┄┄┄┄┄┄┄┄┄┄┄┄┄┄┄┄┄┄┄┄┄┄┄┄┄┄┄┄[0m

00:03 +43 -2: /Users/mr42/code/flutter/tmp/filler/test/data/database_test.dart: AppDatabase Canvas Operations should delete canvas by ID                                                               
│ #0   AppLogger.database (package:filler/core/logging.dart:49:13)

00:03 +43 -2: /Users/mr42/code/flutter/tmp/filler/test/widget_test.dart: App loads without error                                                                                                       
[38;5;12m│ 07:38:49.876 (+0:00:00.145574)[0m

00:03 +43 -2: /Users/mr42/code/flutter/tmp/filler/test/data/database_test.dart: AppDatabase Canvas Operations should delete canvas by ID                                                               
│ #1   AppDatabase.insertCanvas (package:filler/data/database.dart:225:15)

00:03 +43 -2: /Users/mr42/code/flutter/tmp/filler/test/widget_test.dart: App loads without error                                                                                                       
[38;5;12m├┄┄┄┄┄┄┄┄┄┄┄┄┄┄┄┄┄┄┄┄┄┄┄┄┄┄┄┄┄┄┄┄┄┄┄┄┄┄┄┄┄┄┄┄┄┄┄┄┄┄┄┄┄┄┄┄┄┄┄┄┄┄┄┄┄┄┄┄┄┄┄┄┄┄┄┄┄┄┄┄┄┄┄┄┄┄┄┄┄┄┄┄┄┄┄┄┄┄┄┄┄┄┄┄┄┄┄┄┄┄┄┄┄┄┄┄┄┄┄[0m

00:03 +43 -2: /Users/mr42/code/flutter/tmp/filler/test/data/database_test.dart: AppDatabase Canvas Operations should delete canvas by ID                                                               
│ #2   main.<anonymous closure>.<anonymous closure>.<anonymous closure> (file:///Users/mr42/code/flutter/tmp/filler/test/data/database_test.dart:78:35)

00:03 +43 -2: /Users/mr42/code/flutter/tmp/filler/test/widget_test.dart: App loads without error                                                                                                       
[38;5;12m│ 💡 🏗️ Building premium App widget[0m

00:03 +43 -2: /Users/mr42/code/flutter/tmp/filler/test/data/database_test.dart: AppDatabase Canvas Operations should delete canvas by ID                                                               
│ #3   Declarer.test.<anonymous closure>.<anonymous closure> (package:test_api/src/backend/declarer.dart:242:19)
│ #4   <asynchronous suspension>

00:03 +43 -2: /Users/mr42/code/flutter/tmp/filler/test/widget_test.dart: App loads without error                                                                                                       
[38;5;12m└───────────────────────────────────────────────────────────────────────────────────────────────────────────────────────[0m

00:03 +43 -2: /Users/mr42/code/flutter/tmp/filler/test/data/database_test.dart: AppDatabase Canvas Operations should delete canvas by ID                                                               
│ #5   Declarer.test.<anonymous closure> (package:test_api/src/backend/declarer.dart:240:7)
│ #6   <asynchronous suspension>
│ #7   Invoker._waitForOutstandingCallbacks.<anonymous closure> (package:test_api/src/backend/invoker.dart:282:9)
├┄┄┄┄┄┄┄┄┄┄┄┄┄┄┄┄┄┄┄┄┄┄┄┄┄┄┄┄┄┄┄┄┄┄┄┄┄┄┄┄┄┄┄┄┄┄┄┄┄┄┄┄┄┄┄┄┄┄┄┄┄┄┄┄┄┄┄┄┄┄┄┄┄┄┄┄┄┄┄┄┄┄┄┄┄┄┄┄┄┄┄┄┄┄┄┄┄┄┄┄┄┄┄┄┄┄┄┄┄┄┄┄┄┄┄┄┄┄┄
│ 07:38:49.878 (+0:00:00.147169)
├┄┄┄┄┄┄┄┄┄┄┄┄┄┄┄┄┄┄┄┄┄┄┄┄┄┄┄┄┄┄┄┄┄┄┄┄┄┄┄┄┄┄┄┄┄┄┄┄┄┄┄┄┄┄┄┄┄┄┄┄┄┄┄┄┄┄┄┄┄┄┄┄┄┄┄┄┄┄┄┄┄┄┄┄┄┄┄┄┄┄┄┄┄┄┄┄┄┄┄┄┄┄┄┄┄┄┄┄┄┄┄┄┄┄┄┄┄┄┄
│ 🐛 💾 Database: Inserting canvas
└───────────────────────────────────────────────────────────────────────────────────────────────────────────────────────
┌───────────────────────────────────────────────────────────────────────────────────────────────────────────────────────
│ #0   AppLogger.database (package:filler/core/logging.dart:49:13)
│ #1   createTestDatabaseConnection.<anonymous closure> (package:filler/data/database_connection.dart:22:15)
├┄┄┄┄┄┄┄┄┄┄┄┄┄┄┄┄┄┄┄┄┄┄┄┄┄┄┄┄┄┄┄┄┄┄┄┄┄┄┄┄┄┄┄┄┄┄┄┄┄┄┄┄┄┄┄┄┄┄┄┄┄┄┄┄┄┄┄┄┄┄┄┄┄┄┄┄┄┄┄┄┄┄┄┄┄┄┄┄┄┄┄┄┄┄┄┄┄┄┄┄┄┄┄┄┄┄┄┄┄┄┄┄┄┄┄┄┄┄┄
│ 07:38:49.880 (+0:00:00.148835)
├┄┄┄┄┄┄┄┄┄┄┄┄┄┄┄┄┄┄┄┄┄┄┄┄┄┄┄┄┄┄┄┄┄┄┄┄┄┄┄┄┄┄┄┄┄┄┄┄┄┄┄┄┄┄┄┄┄┄┄┄┄┄┄┄┄┄┄┄┄┄┄┄┄┄┄┄┄┄┄┄┄┄┄┄┄┄┄┄┄┄┄┄┄┄┄┄┄┄┄┄┄┄┄┄┄┄┄┄┄┄┄┄┄┄┄┄┄┄┄
│ 🐛 💾 Database: Test AppDatabase instance created (in-memory)
└───────────────────────────────────────────────────────────────────────────────────────────────────────────────────────

00:03 +43 -2: /Users/mr42/code/flutter/tmp/filler/test/widget_test.dart: App loads without error                                                                                                       
┌───────────────────────────────────────────────────────────────────────────────────────────────────────────────────────
│ #0   _AppState.build (package:filler/app.dart:36:24)
│ #1   StatefulElement.build (package:flutter/src/widgets/framework.dart:5833:27)
├┄┄┄┄┄┄┄┄┄┄┄┄┄┄┄┄┄┄┄┄┄┄┄┄┄┄┄┄┄┄┄┄┄┄┄┄┄┄┄┄┄┄┄┄┄┄┄┄┄┄┄┄┄┄┄┄┄┄┄┄┄┄┄┄┄┄┄┄┄┄┄┄┄┄┄┄┄┄┄┄┄┄┄┄┄┄┄┄┄┄┄┄┄┄┄┄┄┄┄┄┄┄┄┄┄┄┄┄┄┄┄┄┄┄┄┄┄┄┄
│ 07:38:49.880 (+0:00:00.149247)
├┄┄┄┄┄┄┄┄┄┄┄┄┄┄┄┄┄┄┄┄┄┄┄┄┄┄┄┄┄┄┄┄┄┄┄┄┄┄┄┄┄┄┄┄┄┄┄┄┄┄┄┄┄┄┄┄┄┄┄┄┄┄┄┄┄┄┄┄┄┄┄┄┄┄┄┄┄┄┄┄┄┄┄┄┄┄┄┄┄┄┄┄┄┄┄┄┄┄┄┄┄┄┄┄┄┄┄┄┄┄┄┄┄┄┄┄┄┄┄
│ 🐛 Using premium color schemes
└───────────────────────────────────────────────────────────────────────────────────────────────────────────────────────

00:03 +43 -2: /Users/mr42/code/flutter/tmp/filler/test/data/database_test.dart: AppDatabase Canvas Operations should delete canvas by ID                                                               
┌───────────────────────────────────────────────────────────────────────────────────────────────────────────────────────
│ {version: 4, wasCreated: true, hadUpgrade: false}
├┄┄┄┄┄┄┄┄┄┄┄┄┄┄┄┄┄┄┄┄┄┄┄┄┄┄┄┄┄┄┄┄┄┄┄┄┄┄┄┄┄┄┄┄┄┄┄┄┄┄┄┄┄┄┄┄┄┄┄┄┄┄┄┄┄┄┄┄┄┄┄┄┄┄┄┄┄┄┄┄┄┄┄┄┄┄┄┄┄┄┄┄┄┄┄┄┄┄┄┄┄┄┄┄┄┄┄┄┄┄┄┄┄┄┄┄┄┄┄
│ #0   AppLogger.database (package:filler/core/logging.dart:49:13)
│ #1   AppDatabase.migration.<anonymous closure> (package:filler/data/database.dart:211:17)
│ #2   GeneratedDatabase.beforeOpen.<anonymous closure> (package:drift/src/runtime/api/db_base.dart:137:44)
│ #3   <asynchronous suspension>
│ #4   DelegatedDatabase._runMigrations (package:drift/src/runtime/executor/helpers/engines.dart:512:5)
│ #5   <asynchronous suspension>
│ #6   DelegatedDatabase.ensureOpen.<anonymous closure> (package:drift/src/runtime/executor/helpers/engines.dart:476:9)
│ #7   <asynchronous suspension>
├┄┄┄┄┄┄┄┄┄┄┄┄┄┄┄┄┄┄┄┄┄┄┄┄┄┄┄┄┄┄┄┄┄┄┄┄┄┄┄┄┄┄┄┄┄┄┄┄┄┄┄┄┄┄┄┄┄┄┄┄┄┄┄┄┄┄┄┄┄┄┄┄┄┄┄┄┄┄┄┄┄┄┄┄┄┄┄┄┄┄┄┄┄┄┄┄┄┄┄┄┄┄┄┄┄┄┄┄┄┄┄┄┄┄┄┄┄┄┄

00:03 +43 -2: /Users/mr42/code/flutter/tmp/filler/test/widget_test.dart: App loads without error                                                                                                       
┌───────────────────────────────────────────────────────────────────────────────────────────────────────────────────────

00:03 +43 -2: /Users/mr42/code/flutter/tmp/filler/test/data/database_test.dart: AppDatabase Canvas Operations should delete canvas by ID                                                               
│ 07:38:49.881 (+0:00:00.150573)
├┄┄┄┄┄┄┄┄┄┄┄┄┄┄┄┄┄┄┄┄┄┄┄┄┄┄┄┄┄┄┄┄┄┄┄┄┄┄┄┄┄┄┄┄┄┄┄┄┄┄┄┄┄┄┄┄┄┄┄┄┄┄┄┄┄┄┄┄┄┄┄┄┄┄┄┄┄┄┄┄┄┄┄┄┄┄┄┄┄┄┄┄┄┄┄┄┄┄┄┄┄┄┄┄┄┄┄┄┄┄┄┄┄┄┄┄┄┄┄

00:03 +43 -2: /Users/mr42/code/flutter/tmp/filler/test/widget_test.dart: App loads without error                                                                                                       
│ #0   AppLogger.database (package:filler/core/logging.dart:49:13)

00:03 +43 -2: /Users/mr42/code/flutter/tmp/filler/test/data/database_test.dart: AppDatabase Canvas Operations should delete canvas by ID                                                               
│ 🐛 💾 Database: Database opened

00:03 +43 -2: /Users/mr42/code/flutter/tmp/filler/test/widget_test.dart: App loads without error                                                                                                       
│ #1   _AppState.build (package:filler/app.dart:38:15)

00:03 +43 -2: /Users/mr42/code/flutter/tmp/filler/test/data/database_test.dart: AppDatabase Canvas Operations should delete canvas by ID                                                               
└───────────────────────────────────────────────────────────────────────────────────────────────────────────────────────

00:03 +43 -2: /Users/mr42/code/flutter/tmp/filler/test/widget_test.dart: App loads without error                                                                                                       
├┄┄┄┄┄┄┄┄┄┄┄┄┄┄┄┄┄┄┄┄┄┄┄┄┄┄┄┄┄┄┄┄┄┄┄┄┄┄┄┄┄┄┄┄┄┄┄┄┄┄┄┄┄┄┄┄┄┄┄┄┄┄┄┄┄┄┄┄┄┄┄┄┄┄┄┄┄┄┄┄┄┄┄┄┄┄┄┄┄┄┄┄┄┄┄┄┄┄┄┄┄┄┄┄┄┄┄┄┄┄┄┄┄┄┄┄┄┄┄
│ 07:38:49.882 (+0:00:00.151211)
├┄┄┄┄┄┄┄┄┄┄┄┄┄┄┄┄┄┄┄┄┄┄┄┄┄┄┄┄┄┄┄┄┄┄┄┄┄┄┄┄┄┄┄┄┄┄┄┄┄┄┄┄┄┄┄┄┄┄┄┄┄┄┄┄┄┄┄┄┄┄┄┄┄┄┄┄┄┄┄┄┄┄┄┄┄┄┄┄┄┄┄┄┄┄┄┄┄┄┄┄┄┄┄┄┄┄┄┄┄┄┄┄┄┄┄┄┄┄┄
│ 🐛 💾 Database: Initializing database and repositories

00:03 +43 -2: /Users/mr42/code/flutter/tmp/filler/test/data/database_test.dart: AppDatabase Canvas Operations should delete canvas by ID                                                               
┌───────────────────────────────────────────────────────────────────────────────────────────────────────────────────────

00:03 +43 -2: /Users/mr42/code/flutter/tmp/filler/test/widget_test.dart: App loads without error                                                                                                       
└───────────────────────────────────────────────────────────────────────────────────────────────────────────────────────

00:03 +43 -2: /Users/mr42/code/flutter/tmp/filler/test/data/database_test.dart: AppDatabase Canvas Operations should delete canvas by ID                                                               
│ {id: 1}
├┄┄┄┄┄┄┄┄┄┄┄┄┄┄┄┄┄┄┄┄┄┄┄┄┄┄┄┄┄┄┄┄┄┄┄┄┄┄┄┄┄┄┄┄┄┄┄┄┄┄┄┄┄┄┄┄┄┄┄┄┄┄┄┄┄┄┄┄┄┄┄┄┄┄┄┄┄┄┄┄┄┄┄┄┄┄┄┄┄┄┄┄┄┄┄┄┄┄┄┄┄┄┄┄┄┄┄┄┄┄┄┄┄┄┄┄┄┄┄
│ #0   AppLogger.database (package:filler/core/logging.dart:49:13)
│ #1   AppDatabase.insertCanvas (package:filler/data/database.dart:234:17)
│ #2   <asynchronous suspension>
│ #3   main.<anonymous closure>.<anonymous closure>.<anonymous closure> (file:///Users/mr42/code/flutter/tmp/filler/test/data/database_test.dart:78:20)
│ #4   <asynchronous suspension>
│ #5   Declarer.test.<anonymous closure>.<anonymous closure> (package:test_api/src/backend/declarer.dart:242:9)
│ #6   <asynchronous suspension>
│ #7   Declarer.test.<anonymous closure> (package:test_api/src/backend/declarer.dart:240:7)
├┄┄┄┄┄┄┄┄┄┄┄┄┄┄┄┄┄┄┄┄┄┄┄┄┄┄┄┄┄┄┄┄┄┄┄┄┄┄┄┄┄┄┄┄┄┄┄┄┄┄┄┄┄┄┄┄┄┄┄┄┄┄┄┄┄┄┄┄┄┄┄┄┄┄┄┄┄┄┄┄┄┄┄┄┄┄┄┄┄┄┄┄┄┄┄┄┄┄┄┄┄┄┄┄┄┄┄┄┄┄┄┄┄┄┄┄┄┄┄
│ 07:38:49.884 (+0:00:00.152849)
├┄┄┄┄┄┄┄┄┄┄┄┄┄┄┄┄┄┄┄┄┄┄┄┄┄┄┄┄┄┄┄┄┄┄┄┄┄┄┄┄┄┄┄┄┄┄┄┄┄┄┄┄┄┄┄┄┄┄┄┄┄┄┄┄┄┄┄┄┄┄┄┄┄┄┄┄┄┄┄┄┄┄┄┄┄┄┄┄┄┄┄┄┄┄┄┄┄┄┄┄┄┄┄┄┄┄┄┄┄┄┄┄┄┄┄┄┄┄┄
│ 🐛 💾 Database: Canvas inserted with ID
└───────────────────────────────────────────────────────────────────────────────────────────────────────────────────────

00:03 +43 -2: /Users/mr42/code/flutter/tmp/filler/test/widget_test.dart: App loads without error                                                                                                       
┌───────────────────────────────────────────────────────────────────────────────────────────────────────────────────────
│ #0   AppLogger.database (package:filler/core/logging.dart:49:13)

00:03 +43 -2: /Users/mr42/code/flutter/tmp/filler/test/data/database_test.dart: AppDatabase Canvas Operations should delete canvas by ID                                                               
┌───────────────────────────────────────────────────────────────────────────────────────────────────────────────────────
│ #0   TestHelpers.cleanup (file:///Users/mr42/code/flutter/tmp/filler/test/helpers/test_helpers.dart:152:24)

00:03 +43 -2: /Users/mr42/code/flutter/tmp/filler/test/widget_test.dart: App loads without error                                                                                                       
│ #1   new AppDatabase._ (package:filler/data/database.dart:86:15)

00:03 +43 -2: /Users/mr42/code/flutter/tmp/filler/test/data/database_test.dart: AppDatabase Canvas Operations should delete canvas by ID                                                               
│ #1   main.<anonymous closure> (file:///Users/mr42/code/flutter/tmp/filler/test/data/database_test.dart:19:23)

00:03 +43 -2: /Users/mr42/code/flutter/tmp/filler/test/widget_test.dart: App loads without error                                                                                                       
├┄┄┄┄┄┄┄┄┄┄┄┄┄┄┄┄┄┄┄┄┄┄┄┄┄┄┄┄┄┄┄┄┄┄┄┄┄┄┄┄┄┄┄┄┄┄┄┄┄┄┄┄┄┄┄┄┄┄┄┄┄┄┄┄┄┄┄┄┄┄┄┄┄┄┄┄┄┄┄┄┄┄┄┄┄┄┄┄┄┄┄┄┄┄┄┄┄┄┄┄┄┄┄┄┄┄┄┄┄┄┄┄┄┄┄┄┄┄┄

00:03 +43 -2: /Users/mr42/code/flutter/tmp/filler/test/data/database_test.dart: AppDatabase Canvas Operations should delete canvas by ID                                                               
├┄┄┄┄┄┄┄┄┄┄┄┄┄┄┄┄┄┄┄┄┄┄┄┄┄┄┄┄┄┄┄┄┄┄┄┄┄┄┄┄┄┄┄┄┄┄┄┄┄┄┄┄┄┄┄┄┄┄┄┄┄┄┄┄┄┄┄┄┄┄┄┄┄┄┄┄┄┄┄┄┄┄┄┄┄┄┄┄┄┄┄┄┄┄┄┄┄┄┄┄┄┄┄┄┄┄┄┄┄┄┄┄┄┄┄┄┄┄┄

00:03 +43 -2: /Users/mr42/code/flutter/tmp/filler/test/widget_test.dart: App loads without error                                                                                                       
│ 07:38:49.886 (+0:00:00.155447)

00:03 +43 -2: /Users/mr42/code/flutter/tmp/filler/test/data/database_test.dart: AppDatabase Canvas Operations should delete canvas by ID                                                               
│ 07:38:49.886 (+0:00:00.155776)

00:03 +43 -2: /Users/mr42/code/flutter/tmp/filler/test/widget_test.dart: App loads without error                                                                                                       
├┄┄┄┄┄┄┄┄┄┄┄┄┄┄┄┄┄┄┄┄┄┄┄┄┄┄┄┄┄┄┄┄┄┄┄┄┄┄┄┄┄┄┄┄┄┄┄┄┄┄┄┄┄┄┄┄┄┄┄┄┄┄┄┄┄┄┄┄┄┄┄┄┄┄┄┄┄┄┄┄┄┄┄┄┄┄┄┄┄┄┄┄┄┄┄┄┄┄┄┄┄┄┄┄┄┄┄┄┄┄┄┄┄┄┄┄┄┄┄

00:03 +43 -2: /Users/mr42/code/flutter/tmp/filler/test/data/database_test.dart: AppDatabase Canvas Operations should delete canvas by ID                                                               
├┄┄┄┄┄┄┄┄┄┄┄┄┄┄┄┄┄┄┄┄┄┄┄┄┄┄┄┄┄┄┄┄┄┄┄┄┄┄┄┄┄┄┄┄┄┄┄┄┄┄┄┄┄┄┄┄┄┄┄┄┄┄┄┄┄┄┄┄┄┄┄┄┄┄┄┄┄┄┄┄┄┄┄┄┄┄┄┄┄┄┄┄┄┄┄┄┄┄┄┄┄┄┄┄┄┄┄┄┄┄┄┄┄┄┄┄┄┄┄
│ 🐛 🧹 Cleaning up test environment

00:03 +43 -2: /Users/mr42/code/flutter/tmp/filler/test/widget_test.dart: App loads without error                                                                                                       
│ 🐛 💾 Database: AppDatabase singleton instance created

00:03 +43 -2: /Users/mr42/code/flutter/tmp/filler/test/data/database_test.dart: AppDatabase Canvas Operations should delete canvas by ID                                                               
└───────────────────────────────────────────────────────────────────────────────────────────────────────────────────────

00:03 +43 -2: /Users/mr42/code/flutter/tmp/filler/test/widget_test.dart: App loads without error                                                                                                       
└───────────────────────────────────────────────────────────────────────────────────────────────────────────────────────
┌───────────────────────────────────────────────────────────────────────────────────────────────────────────────────────
│ #0   _AppState.build (package:filler/app.dart:43:24)
│ #1   StatefulElement.build (package:flutter/src/widgets/framework.dart:5833:27)
├┄┄┄┄┄┄┄┄┄┄┄┄┄┄┄┄┄┄┄┄┄┄┄┄┄┄┄┄┄┄┄┄┄┄┄┄┄┄┄┄┄┄┄┄┄┄┄┄┄┄┄┄┄┄┄┄┄┄┄┄┄┄┄┄┄┄┄┄┄┄┄┄┄┄┄┄┄┄┄┄┄┄┄┄┄┄┄┄┄┄┄┄┄┄┄┄┄┄┄┄┄┄┄┄┄┄┄┄┄┄┄┄┄┄┄┄┄┄┄
│ 07:38:49.887 (+0:00:00.156816)
├┄┄┄┄┄┄┄┄┄┄┄┄┄┄┄┄┄┄┄┄┄┄┄┄┄┄┄┄┄┄┄┄┄┄┄┄┄┄┄┄┄┄┄┄┄┄┄┄┄┄┄┄┄┄┄┄┄┄┄┄┄┄┄┄┄┄┄┄┄┄┄┄┄┄┄┄┄┄┄┄┄┄┄┄┄┄┄┄┄┄┄┄┄┄┄┄┄┄┄┄┄┄┄┄┄┄┄┄┄┄┄┄┄┄┄┄┄┄┄
│ 🐛 Dependencies created successfully
└───────────────────────────────────────────────────────────────────────────────────────────────────────────────────────

00:03 +43 -2: /Users/mr42/code/flutter/tmp/filler/test/data/database_test.dart: AppDatabase Canvas Operations should delete canvas by ID                                                               
┌───────────────────────────────────────────────────────────────────────────────────────────────────────────────────────
│ #0   TestHelpers.cleanup (file:///Users/mr42/code/flutter/tmp/filler/test/helpers/test_helpers.dart:166:26)
│ #1   main.<anonymous closure> (file:///Users/mr42/code/flutter/tmp/filler/test/data/database_test.dart:19:23)
├┄┄┄┄┄┄┄┄┄┄┄┄┄┄┄┄┄┄┄┄┄┄┄┄┄┄┄┄┄┄┄┄┄┄┄┄┄┄┄┄┄┄┄┄┄┄┄┄┄┄┄┄┄┄┄┄┄┄┄┄┄┄┄┄┄┄┄┄┄┄┄┄┄┄┄┄┄┄┄┄┄┄┄┄┄┄┄┄┄┄┄┄┄┄┄┄┄┄┄┄┄┄┄┄┄┄┄┄┄┄┄┄┄┄┄┄┄┄┄
│ 07:38:49.890 (+0:00:00.159077)
├┄┄┄┄┄┄┄┄┄┄┄┄┄┄┄┄┄┄┄┄┄┄┄┄┄┄┄┄┄┄┄┄┄┄┄┄┄┄┄┄┄┄┄┄┄┄┄┄┄┄┄┄┄┄┄┄┄┄┄┄┄┄┄┄┄┄┄┄┄┄┄┄┄┄┄┄┄┄┄┄┄┄┄┄┄┄┄┄┄┄┄┄┄┄┄┄┄┄┄┄┄┄┄┄┄┄┄┄┄┄┄┄┄┄┄┄┄┄┄
│ 🐛 ✅ Test cleanup completed
└───────────────────────────────────────────────────────────────────────────────────────────────────────────────────────

00:03 +44 -2: /Users/mr42/code/flutter/tmp/filler/test/integration/page_state_transitions_test.dart: BLoC State Transitions - All Pages Preferences BLoC - State Transitions                           
00:03 +44 -2: /Users/mr42/code/flutter/tmp/filler/test/data/database_test.dart: AppDatabase Canvas Operations should return null for non-existent canvas                                               
┌───────────────────────────────────────────────────────────────────────────────────────────────────────────────────────
│ #0   TestHelpers.createTestDatabase (file:///Users/mr42/code/flutter/tmp/filler/test/helpers/test_helpers.dart:30:24)
│ #1   main.<anonymous closure> (file:///Users/mr42/code/flutter/tmp/filler/test/data/database_test.dart:14:28)
├┄┄┄┄┄┄┄┄┄┄┄┄┄┄┄┄┄┄┄┄┄┄┄┄┄┄┄┄┄┄┄┄┄┄┄┄┄┄┄┄┄┄┄┄┄┄┄┄┄┄┄┄┄┄┄┄┄┄┄┄┄┄┄┄┄┄┄┄┄┄┄┄┄┄┄┄┄┄┄┄┄┄┄┄┄┄┄┄┄┄┄┄┄┄┄┄┄┄┄┄┄┄┄┄┄┄┄┄┄┄┄┄┄┄┄┄┄┄┄
│ 07:38:49.892 (+0:00:00.161004)
├┄┄┄┄┄┄┄┄┄┄┄┄┄┄┄┄┄┄┄┄┄┄┄┄┄┄┄┄┄┄┄┄┄┄┄┄┄┄┄┄┄┄┄┄┄┄┄┄┄┄┄┄┄┄┄┄┄┄┄┄┄┄┄┄┄┄┄┄┄┄┄┄┄┄┄┄┄┄┄┄┄┄┄┄┄┄┄┄┄┄┄┄┄┄┄┄┄┄┄┄┄┄┄┄┄┄┄┄┄┄┄┄┄┄┄┄┄┄┄
│ 🐛 🗄️ Creating test database
└───────────────────────────────────────────────────────────────────────────────────────────────────────────────────────
┌───────────────────────────────────────────────────────────────────────────────────────────────────────────────────────
│ #0   AppLogger.database (package:filler/core/logging.dart:49:13)
│ #1   createTestDatabaseConnection.<anonymous closure> (package:filler/data/database_connection.dart:22:15)
├┄┄┄┄┄┄┄┄┄┄┄┄┄┄┄┄┄┄┄┄┄┄┄┄┄┄┄┄┄┄┄┄┄┄┄┄┄┄┄┄┄┄┄┄┄┄┄┄┄┄┄┄┄┄┄┄┄┄┄┄┄┄┄┄┄┄┄┄┄┄┄┄┄┄┄┄┄┄┄┄┄┄┄┄┄┄┄┄┄┄┄┄┄┄┄┄┄┄┄┄┄┄┄┄┄┄┄┄┄┄┄┄┄┄┄┄┄┄┄
│ 07:38:49.893 (+0:00:00.162024)
├┄┄┄┄┄┄┄┄┄┄┄┄┄┄┄┄┄┄┄┄┄┄┄┄┄┄┄┄┄┄┄┄┄┄┄┄┄┄┄┄┄┄┄┄┄┄┄┄┄┄┄┄┄┄┄┄┄┄┄┄┄┄┄┄┄┄┄┄┄┄┄┄┄┄┄┄┄┄┄┄┄┄┄┄┄┄┄┄┄┄┄┄┄┄┄┄┄┄┄┄┄┄┄┄┄┄┄┄┄┄┄┄┄┄┄┄┄┄┄
│ 🐛 💾 Database: Test AppDatabase instance created (in-memory)
└───────────────────────────────────────────────────────────────────────────────────────────────────────────────────────
┌───────────────────────────────────────────────────────────────────────────────────────────────────────────────────────
│ {version: 4, wasCreated: true, hadUpgrade: false}
├┄┄┄┄┄┄┄┄┄┄┄┄┄┄┄┄┄┄┄┄┄┄┄┄┄┄┄┄┄┄┄┄┄┄┄┄┄┄┄┄┄┄┄┄┄┄┄┄┄┄┄┄┄┄┄┄┄┄┄┄┄┄┄┄┄┄┄┄┄┄┄┄┄┄┄┄┄┄┄┄┄┄┄┄┄┄┄┄┄┄┄┄┄┄┄┄┄┄┄┄┄┄┄┄┄┄┄┄┄┄┄┄┄┄┄┄┄┄┄
│ #0   AppLogger.database (package:filler/core/logging.dart:49:13)
│ #1   AppDatabase.migration.<anonymous closure> (package:filler/data/database.dart:211:17)
│ #2   GeneratedDatabase.beforeOpen.<anonymous closure> (package:drift/src/runtime/api/db_base.dart:137:44)
│ #3   <asynchronous suspension>
│ #4   DelegatedDatabase._runMigrations (package:drift/src/runtime/executor/helpers/engines.dart:512:5)
│ #5   <asynchronous suspension>
│ #6   DelegatedDatabase.ensureOpen.<anonymous closure> (package:drift/src/runtime/executor/helpers/engines.dart:476:9)
│ #7   <asynchronous suspension>
├┄┄┄┄┄┄┄┄┄┄┄┄┄┄┄┄┄┄┄┄┄┄┄┄┄┄┄┄┄┄┄┄┄┄┄┄┄┄┄┄┄┄┄┄┄┄┄┄┄┄┄┄┄┄┄┄┄┄┄┄┄┄┄┄┄┄┄┄┄┄┄┄┄┄┄┄┄┄┄┄┄┄┄┄┄┄┄┄┄┄┄┄┄┄┄┄┄┄┄┄┄┄┄┄┄┄┄┄┄┄┄┄┄┄┄┄┄┄┄
│ 07:38:49.894 (+0:00:00.163463)
├┄┄┄┄┄┄┄┄┄┄┄┄┄┄┄┄┄┄┄┄┄┄┄┄┄┄┄┄┄┄┄┄┄┄┄┄┄┄┄┄┄┄┄┄┄┄┄┄┄┄┄┄┄┄┄┄┄┄┄┄┄┄┄┄┄┄┄┄┄┄┄┄┄┄┄┄┄┄┄┄┄┄┄┄┄┄┄┄┄┄┄┄┄┄┄┄┄┄┄┄┄┄┄┄┄┄┄┄┄┄┄┄┄┄┄┄┄┄┄
│ 🐛 💾 Database: Database opened
└───────────────────────────────────────────────────────────────────────────────────────────────────────────────────────
┌───────────────────────────────────────────────────────────────────────────────────────────────────────────────────────
│ #0   TestHelpers.cleanup (file:///Users/mr42/code/flutter/tmp/filler/test/helpers/test_helpers.dart:152:24)
│ #1   main.<anonymous closure> (file:///Users/mr42/code/flutter/tmp/filler/test/data/database_test.dart:19:23)
├┄┄┄┄┄┄┄┄┄┄┄┄┄┄┄┄┄┄┄┄┄┄┄┄┄┄┄┄┄┄┄┄┄┄┄┄┄┄┄┄┄┄┄┄┄┄┄┄┄┄┄┄┄┄┄┄┄┄┄┄┄┄┄┄┄┄┄┄┄┄┄┄┄┄┄┄┄┄┄┄┄┄┄┄┄┄┄┄┄┄┄┄┄┄┄┄┄┄┄┄┄┄┄┄┄┄┄┄┄┄┄┄┄┄┄┄┄┄┄

00:03 +44 -2: /Users/mr42/code/flutter/tmp/filler/test/widget_test.dart: App loads without error                                                                                                       
┌───────────────────────────────────────────────────────────────────────────────────────────────────────────────────────

00:03 +44 -2: /Users/mr42/code/flutter/tmp/filler/test/data/database_test.dart: AppDatabase Canvas Operations should return null for non-existent canvas                                               
│ 07:38:49.896 (+0:00:00.165388)
├┄┄┄┄┄┄┄┄┄┄┄┄┄┄┄┄┄┄┄┄┄┄┄┄┄┄┄┄┄┄┄┄┄┄┄┄┄┄┄┄┄┄┄┄┄┄┄┄┄┄┄┄┄┄┄┄┄┄┄┄┄┄┄┄┄┄┄┄┄┄┄┄┄┄┄┄┄┄┄┄┄┄┄┄┄┄┄┄┄┄┄┄┄┄┄┄┄┄┄┄┄┄┄┄┄┄┄┄┄┄┄┄┄┄┄┄┄┄┄

00:03 +44 -2: /Users/mr42/code/flutter/tmp/filler/test/widget_test.dart: App loads without error                                                                                                       
│ #0   AppLogger.bloc (package:filler/core/logging.dart:44:13)

00:03 +44 -2: /Users/mr42/code/flutter/tmp/filler/test/data/database_test.dart: AppDatabase Canvas Operations should return null for non-existent canvas                                               
│ 🐛 🧹 Cleaning up test environment

00:03 +44 -2: /Users/mr42/code/flutter/tmp/filler/test/widget_test.dart: App loads without error                                                                                                       
│ #1   new PreferencesBloc (package:filler/features/prefs/presentation/preferences_bloc.dart:77:15)

00:03 +44 -2: /Users/mr42/code/flutter/tmp/filler/test/data/database_test.dart: AppDatabase Canvas Operations should return null for non-existent canvas                                               
└───────────────────────────────────────────────────────────────────────────────────────────────────────────────────────

00:03 +44 -2: /Users/mr42/code/flutter/tmp/filler/test/widget_test.dart: App loads without error                                                                                                       
├┄┄┄┄┄┄┄┄┄┄┄┄┄┄┄┄┄┄┄┄┄┄┄┄┄┄┄┄┄┄┄┄┄┄┄┄┄┄┄┄┄┄┄┄┄┄┄┄┄┄┄┄┄┄┄┄┄┄┄┄┄┄┄┄┄┄┄┄┄┄┄┄┄┄┄┄┄┄┄┄┄┄┄┄┄┄┄┄┄┄┄┄┄┄┄┄┄┄┄┄┄┄┄┄┄┄┄┄┄┄┄┄┄┄┄┄┄┄┄
│ 07:38:49.895 (+0:00:00.164936)
├┄┄┄┄┄┄┄┄┄┄┄┄┄┄┄┄┄┄┄┄┄┄┄┄┄┄┄┄┄┄┄┄┄┄┄┄┄┄┄┄┄┄┄┄┄┄┄┄┄┄┄┄┄┄┄┄┄┄┄┄┄┄┄┄┄┄┄┄┄┄┄┄┄┄┄┄┄┄┄┄┄┄┄┄┄┄┄┄┄┄┄┄┄┄┄┄┄┄┄┄┄┄┄┄┄┄┄┄┄┄┄┄┄┄┄┄┄┄┄
│ 🐛 🔄 BLoC[Preferences]: BLoC Created | null → initial
└───────────────────────────────────────────────────────────────────────────────────────────────────────────────────────

00:03 +44 -2: /Users/mr42/code/flutter/tmp/filler/test/data/database_test.dart: AppDatabase Canvas Operations should return null for non-existent canvas                                               
┌───────────────────────────────────────────────────────────────────────────────────────────────────────────────────────
│ #0   TestHelpers.cleanup (file:///Users/mr42/code/flutter/tmp/filler/test/helpers/test_helpers.dart:166:26)
│ #1   main.<anonymous closure> (file:///Users/mr42/code/flutter/tmp/filler/test/data/database_test.dart:19:23)
├┄┄┄┄┄┄┄┄┄┄┄┄┄┄┄┄┄┄┄┄┄┄┄┄┄┄┄┄┄┄┄┄┄┄┄┄┄┄┄┄┄┄┄┄┄┄┄┄┄┄┄┄┄┄┄┄┄┄┄┄┄┄┄┄┄┄┄┄┄┄┄┄┄┄┄┄┄┄┄┄┄┄┄┄┄┄┄┄┄┄┄┄┄┄┄┄┄┄┄┄┄┄┄┄┄┄┄┄┄┄┄┄┄┄┄┄┄┄┄
│ 07:38:49.899 (+0:00:00.168316)
├┄┄┄┄┄┄┄┄┄┄┄┄┄┄┄┄┄┄┄┄┄┄┄┄┄┄┄┄┄┄┄┄┄┄┄┄┄┄┄┄┄┄┄┄┄┄┄┄┄┄┄┄┄┄┄┄┄┄┄┄┄┄┄┄┄┄┄┄┄┄┄┄┄┄┄┄┄┄┄┄┄┄┄┄┄┄┄┄┄┄┄┄┄┄┄┄┄┄┄┄┄┄┄┄┄┄┄┄┄┄┄┄┄┄┄┄┄┄┄
│ 🐛 ✅ Test cleanup completed
└───────────────────────────────────────────────────────────────────────────────────────────────────────────────────────

00:03 +45 -2: /Users/mr42/code/flutter/tmp/filler/test/integration/page_state_transitions_test.dart: BLoC State Transitions - All Pages Preferences BLoC - State Transitions                           
00:03 +45 -2: /Users/mr42/code/flutter/tmp/filler/test/data/database_test.dart: AppDatabase Key-Value Preferences Operations should get preference value with default                                  
┌───────────────────────────────────────────────────────────────────────────────────────────────────────────────────────
│ #0   TestHelpers.createTestDatabase (file:///Users/mr42/code/flutter/tmp/filler/test/helpers/test_helpers.dart:30:24)
│ #1   main.<anonymous closure> (file:///Users/mr42/code/flutter/tmp/filler/test/data/database_test.dart:14:28)
├┄┄┄┄┄┄┄┄┄┄┄┄┄┄┄┄┄┄┄┄┄┄┄┄┄┄┄┄┄┄┄┄┄┄┄┄┄┄┄┄┄┄┄┄┄┄┄┄┄┄┄┄┄┄┄┄┄┄┄┄┄┄┄┄┄┄┄┄┄┄┄┄┄┄┄┄┄┄┄┄┄┄┄┄┄┄┄┄┄┄┄┄┄┄┄┄┄┄┄┄┄┄┄┄┄┄┄┄┄┄┄┄┄┄┄┄┄┄┄
│ 07:38:49.901 (+0:00:00.170601)
├┄┄┄┄┄┄┄┄┄┄┄┄┄┄┄┄┄┄┄┄┄┄┄┄┄┄┄┄┄┄┄┄┄┄┄┄┄┄┄┄┄┄┄┄┄┄┄┄┄┄┄┄┄┄┄┄┄┄┄┄┄┄┄┄┄┄┄┄┄┄┄┄┄┄┄┄┄┄┄┄┄┄┄┄┄┄┄┄┄┄┄┄┄┄┄┄┄┄┄┄┄┄┄┄┄┄┄┄┄┄┄┄┄┄┄┄┄┄┄
│ 🐛 🗄️ Creating test database
└───────────────────────────────────────────────────────────────────────────────────────────────────────────────────────
┌───────────────────────────────────────────────────────────────────────────────────────────────────────────────────────
│ {key: width, defaultValue: 10}
├┄┄┄┄┄┄┄┄┄┄┄┄┄┄┄┄┄┄┄┄┄┄┄┄┄┄┄┄┄┄┄┄┄┄┄┄┄┄┄┄┄┄┄┄┄┄┄┄┄┄┄┄┄┄┄┄┄┄┄┄┄┄┄┄┄┄┄┄┄┄┄┄┄┄┄┄┄┄┄┄┄┄┄┄┄┄┄┄┄┄┄┄┄┄┄┄┄┄┄┄┄┄┄┄┄┄┄┄┄┄┄┄┄┄┄┄┄┄┄
│ #0   AppLogger.database (package:filler/core/logging.dart:49:13)
│ #1   AppDatabase.getPreferenceValue (package:filler/data/database.dart:277:15)
│ #2   main.<anonymous closure>.<anonymous closure>.<anonymous closure> (file:///Users/mr42/code/flutter/tmp/filler/test/data/database_test.dart:102:38)
│ #3   Declarer.test.<anonymous closure>.<anonymous closure> (package:test_api/src/backend/declarer.dart:242:19)
│ #4   <asynchronous suspension>
│ #5   Declarer.test.<anonymous closure> (package:test_api/src/backend/declarer.dart:240:7)
│ #6   <asynchronous suspension>
│ #7   Invoker._waitForOutstandingCallbacks.<anonymous closure> (package:test_api/src/backend/invoker.dart:282:9)
├┄┄┄┄┄┄┄┄┄┄┄┄┄┄┄┄┄┄┄┄┄┄┄┄┄┄┄┄┄┄┄┄┄┄┄┄┄┄┄┄┄┄┄┄┄┄┄┄┄┄┄┄┄┄┄┄┄┄┄┄┄┄┄┄┄┄┄┄┄┄┄┄┄┄┄┄┄┄┄┄┄┄┄┄┄┄┄┄┄┄┄┄┄┄┄┄┄┄┄┄┄┄┄┄┄┄┄┄┄┄┄┄┄┄┄┄┄┄┄
│ 07:38:49.903 (+0:00:00.171836)
├┄┄┄┄┄┄┄┄┄┄┄┄┄┄┄┄┄┄┄┄┄┄┄┄┄┄┄┄┄┄┄┄┄┄┄┄┄┄┄┄┄┄┄┄┄┄┄┄┄┄┄┄┄┄┄┄┄┄┄┄┄┄┄┄┄┄┄┄┄┄┄┄┄┄┄┄┄┄┄┄┄┄┄┄┄┄┄┄┄┄┄┄┄┄┄┄┄┄┄┄┄┄┄┄┄┄┄┄┄┄┄┄┄┄┄┄┄┄┄
│ 🐛 💾 Database: Getting preference value
└───────────────────────────────────────────────────────────────────────────────────────────────────────────────────────
┌───────────────────────────────────────────────────────────────────────────────────────────────────────────────────────
│ #0   AppLogger.database (package:filler/core/logging.dart:49:13)
│ #1   createTestDatabaseConnection.<anonymous closure> (package:filler/data/database_connection.dart:22:15)
├┄┄┄┄┄┄┄┄┄┄┄┄┄┄┄┄┄┄┄┄┄┄┄┄┄┄┄┄┄┄┄┄┄┄┄┄┄┄┄┄┄┄┄┄┄┄┄┄┄┄┄┄┄┄┄┄┄┄┄┄┄┄┄┄┄┄┄┄┄┄┄┄┄┄┄┄┄┄┄┄┄┄┄┄┄┄┄┄┄┄┄┄┄┄┄┄┄┄┄┄┄┄┄┄┄┄┄┄┄┄┄┄┄┄┄┄┄┄┄
│ 07:38:49.904 (+0:00:00.173375)
├┄┄┄┄┄┄┄┄┄┄┄┄┄┄┄┄┄┄┄┄┄┄┄┄┄┄┄┄┄┄┄┄┄┄┄┄┄┄┄┄┄┄┄┄┄┄┄┄┄┄┄┄┄┄┄┄┄┄┄┄┄┄┄┄┄┄┄┄┄┄┄┄┄┄┄┄┄┄┄┄┄┄┄┄┄┄┄┄┄┄┄┄┄┄┄┄┄┄┄┄┄┄┄┄┄┄┄┄┄┄┄┄┄┄┄┄┄┄┄
│ 🐛 💾 Database: Test AppDatabase instance created (in-memory)
└───────────────────────────────────────────────────────────────────────────────────────────────────────────────────────
┌───────────────────────────────────────────────────────────────────────────────────────────────────────────────────────
│ {version: 4, wasCreated: true, hadUpgrade: false}
├┄┄┄┄┄┄┄┄┄┄┄┄┄┄┄┄┄┄┄┄┄┄┄┄┄┄┄┄┄┄┄┄┄┄┄┄┄┄┄┄┄┄┄┄┄┄┄┄┄┄┄┄┄┄┄┄┄┄┄┄┄┄┄┄┄┄┄┄┄┄┄┄┄┄┄┄┄┄┄┄┄┄┄┄┄┄┄┄┄┄┄┄┄┄┄┄┄┄┄┄┄┄┄┄┄┄┄┄┄┄┄┄┄┄┄┄┄┄┄
│ #0   AppLogger.database (package:filler/core/logging.dart:49:13)
│ #1   AppDatabase.migration.<anonymous closure> (package:filler/data/database.dart:211:17)
│ #2   GeneratedDatabase.beforeOpen.<anonymous closure> (package:drift/src/runtime/api/db_base.dart:137:44)
│ #3   <asynchronous suspension>
│ #4   DelegatedDatabase._runMigrations (package:drift/src/runtime/executor/helpers/engines.dart:512:5)
│ #5   <asynchronous suspension>
│ #6   DelegatedDatabase.ensureOpen.<anonymous closure> (package:drift/src/runtime/executor/helpers/engines.dart:476:9)
│ #7   <asynchronous suspension>
├┄┄┄┄┄┄┄┄┄┄┄┄┄┄┄┄┄┄┄┄┄┄┄┄┄┄┄┄┄┄┄┄┄┄┄┄┄┄┄┄┄┄┄┄┄┄┄┄┄┄┄┄┄┄┄┄┄┄┄┄┄┄┄┄┄┄┄┄┄┄┄┄┄┄┄┄┄┄┄┄┄┄┄┄┄┄┄┄┄┄┄┄┄┄┄┄┄┄┄┄┄┄┄┄┄┄┄┄┄┄┄┄┄┄┄┄┄┄┄
│ 07:38:49.906 (+0:00:00.175106)
├┄┄┄┄┄┄┄┄┄┄┄┄┄┄┄┄┄┄┄┄┄┄┄┄┄┄┄┄┄┄┄┄┄┄┄┄┄┄┄┄┄┄┄┄┄┄┄┄┄┄┄┄┄┄┄┄┄┄┄┄┄┄┄┄┄┄┄┄┄┄┄┄┄┄┄┄┄┄┄┄┄┄┄┄┄┄┄┄┄┄┄┄┄┄┄┄┄┄┄┄┄┄┄┄┄┄┄┄┄┄┄┄┄┄┄┄┄┄┄
│ 🐛 💾 Database: Database opened
└───────────────────────────────────────────────────────────────────────────────────────────────────────────────────────
┌───────────────────────────────────────────────────────────────────────────────────────────────────────────────────────
│ {key: width, value: 10, wasDefault: true}
├┄┄┄┄┄┄┄┄┄┄┄┄┄┄┄┄┄┄┄┄┄┄┄┄┄┄┄┄┄┄┄┄┄┄┄┄┄┄┄┄┄┄┄┄┄┄┄┄┄┄┄┄┄┄┄┄┄┄┄┄┄┄┄┄┄┄┄┄┄┄┄┄┄┄┄┄┄┄┄┄┄┄┄┄┄┄┄┄┄┄┄┄┄┄┄┄┄┄┄┄┄┄┄┄┄┄┄┄┄┄┄┄┄┄┄┄┄┄┄
│ #0   AppLogger.database (package:filler/core/logging.dart:49:13)
│ #1   AppDatabase.getPreferenceValue (package:filler/data/database.dart:287:15)
│ #2   <asynchronous suspension>
│ #3   main.<anonymous closure>.<anonymous closure>.<anonymous closure> (file:///Users/mr42/code/flutter/tmp/filler/test/data/database_test.dart:102:23)
│ #4   <asynchronous suspension>
│ #5   Declarer.test.<anonymous closure>.<anonymous closure> (package:test_api/src/backend/declarer.dart:242:9)
│ #6   <asynchronous suspension>
│ #7   Declarer.test.<anonymous closure> (package:test_api/src/backend/declarer.dart:240:7)
├┄┄┄┄┄┄┄┄┄┄┄┄┄┄┄┄┄┄┄┄┄┄┄┄┄┄┄┄┄┄┄┄┄┄┄┄┄┄┄┄┄┄┄┄┄┄┄┄┄┄┄┄┄┄┄┄┄┄┄┄┄┄┄┄┄┄┄┄┄┄┄┄┄┄┄┄┄┄┄┄┄┄┄┄┄┄┄┄┄┄┄┄┄┄┄┄┄┄┄┄┄┄┄┄┄┄┄┄┄┄┄┄┄┄┄┄┄┄┄
│ 07:38:49.908 (+0:00:00.177025)
├┄┄┄┄┄┄┄┄┄┄┄┄┄┄┄┄┄┄┄┄┄┄┄┄┄┄┄┄┄┄┄┄┄┄┄┄┄┄┄┄┄┄┄┄┄┄┄┄┄┄┄┄┄┄┄┄┄┄┄┄┄┄┄┄┄┄┄┄┄┄┄┄┄┄┄┄┄┄┄┄┄┄┄┄┄┄┄┄┄┄┄┄┄┄┄┄┄┄┄┄┄┄┄┄┄┄┄┄┄┄┄┄┄┄┄┄┄┄┄
│ 🐛 💾 Database: Retrieved preference
└───────────────────────────────────────────────────────────────────────────────────────────────────────────────────────
┌───────────────────────────────────────────────────────────────────────────────────────────────────────────────────────
│ #0   TestHelpers.cleanup (file:///Users/mr42/code/flutter/tmp/filler/test/helpers/test_helpers.dart:152:24)
│ #1   main.<anonymous closure> (file:///Users/mr42/code/flutter/tmp/filler/test/data/database_test.dart:19:23)
├┄┄┄┄┄┄┄┄┄┄┄┄┄┄┄┄┄┄┄┄┄┄┄┄┄┄┄┄┄┄┄┄┄┄┄┄┄┄┄┄┄┄┄┄┄┄┄┄┄┄┄┄┄┄┄┄┄┄┄┄┄┄┄┄┄┄┄┄┄┄┄┄┄┄┄┄┄┄┄┄┄┄┄┄┄┄┄┄┄┄┄┄┄┄┄┄┄┄┄┄┄┄┄┄┄┄┄┄┄┄┄┄┄┄┄┄┄┄┄
│ 07:38:49.909 (+0:00:00.178774)
├┄┄┄┄┄┄┄┄┄┄┄┄┄┄┄┄┄┄┄┄┄┄┄┄┄┄┄┄┄┄┄┄┄┄┄┄┄┄┄┄┄┄┄┄┄┄┄┄┄┄┄┄┄┄┄┄┄┄┄┄┄┄┄┄┄┄┄┄┄┄┄┄┄┄┄┄┄┄┄┄┄┄┄┄┄┄┄┄┄┄┄┄┄┄┄┄┄┄┄┄┄┄┄┄┄┄┄┄┄┄┄┄┄┄┄┄┄┄┄
│ 🐛 🧹 Cleaning up test environment
└───────────────────────────────────────────────────────────────────────────────────────────────────────────────────────
┌───────────────────────────────────────────────────────────────────────────────────────────────────────────────────────
│ #0   TestHelpers.cleanup (file:///Users/mr42/code/flutter/tmp/filler/test/helpers/test_helpers.dart:166:26)
│ #1   main.<anonymous closure> (file:///Users/mr42/code/flutter/tmp/filler/test/data/database_test.dart:19:23)
├┄┄┄┄┄┄┄┄┄┄┄┄┄┄┄┄┄┄┄┄┄┄┄┄┄┄┄┄┄┄┄┄┄┄┄┄┄┄┄┄┄┄┄┄┄┄┄┄┄┄┄┄┄┄┄┄┄┄┄┄┄┄┄┄┄┄┄┄┄┄┄┄┄┄┄┄┄┄┄┄┄┄┄┄┄┄┄┄┄┄┄┄┄┄┄┄┄┄┄┄┄┄┄┄┄┄┄┄┄┄┄┄┄┄┄┄┄┄┄
│ 07:38:49.912 (+0:00:00.181413)
├┄┄┄┄┄┄┄┄┄┄┄┄┄┄┄┄┄┄┄┄┄┄┄┄┄┄┄┄┄┄┄┄┄┄┄┄┄┄┄┄┄┄┄┄┄┄┄┄┄┄┄┄┄┄┄┄┄┄┄┄┄┄┄┄┄┄┄┄┄┄┄┄┄┄┄┄┄┄┄┄┄┄┄┄┄┄┄┄┄┄┄┄┄┄┄┄┄┄┄┄┄┄┄┄┄┄┄┄┄┄┄┄┄┄┄┄┄┄┄
│ 🐛 ✅ Test cleanup completed
└───────────────────────────────────────────────────────────────────────────────────────────────────────────────────────

00:03 +46 -2: /Users/mr42/code/flutter/tmp/filler/test/integration/page_state_transitions_test.dart: BLoC State Transitions - All Pages Preferences BLoC - State Transitions                           
00:03 +46 -2: /Users/mr42/code/flutter/tmp/filler/test/data/database_test.dart: AppDatabase Key-Value Preferences Operations should set and retrieve preference value                                  
┌───────────────────────────────────────────────────────────────────────────────────────────────────────────────────────
│ #0   TestHelpers.createTestDatabase (file:///Users/mr42/code/flutter/tmp/filler/test/helpers/test_helpers.dart:30:24)
│ #1   main.<anonymous closure> (file:///Users/mr42/code/flutter/tmp/filler/test/data/database_test.dart:14:28)
├┄┄┄┄┄┄┄┄┄┄┄┄┄┄┄┄┄┄┄┄┄┄┄┄┄┄┄┄┄┄┄┄┄┄┄┄┄┄┄┄┄┄┄┄┄┄┄┄┄┄┄┄┄┄┄┄┄┄┄┄┄┄┄┄┄┄┄┄┄┄┄┄┄┄┄┄┄┄┄┄┄┄┄┄┄┄┄┄┄┄┄┄┄┄┄┄┄┄┄┄┄┄┄┄┄┄┄┄┄┄┄┄┄┄┄┄┄┄┄
│ 07:38:49.914 (+0:00:00.183187)
├┄┄┄┄┄┄┄┄┄┄┄┄┄┄┄┄┄┄┄┄┄┄┄┄┄┄┄┄┄┄┄┄┄┄┄┄┄┄┄┄┄┄┄┄┄┄┄┄┄┄┄┄┄┄┄┄┄┄┄┄┄┄┄┄┄┄┄┄┄┄┄┄┄┄┄┄┄┄┄┄┄┄┄┄┄┄┄┄┄┄┄┄┄┄┄┄┄┄┄┄┄┄┄┄┄┄┄┄┄┄┄┄┄┄┄┄┄┄┄
│ 🐛 🗄️ Creating test database
└───────────────────────────────────────────────────────────────────────────────────────────────────────────────────────
┌───────────────────────────────────────────────────────────────────────────────────────────────────────────────────────
│ {key: testKey, value: testValue, type: string}
├┄┄┄┄┄┄┄┄┄┄┄┄┄┄┄┄┄┄┄┄┄┄┄┄┄┄┄┄┄┄┄┄┄┄┄┄┄┄┄┄┄┄┄┄┄┄┄┄┄┄┄┄┄┄┄┄┄┄┄┄┄┄┄┄┄┄┄┄┄┄┄┄┄┄┄┄┄┄┄┄┄┄┄┄┄┄┄┄┄┄┄┄┄┄┄┄┄┄┄┄┄┄┄┄┄┄┄┄┄┄┄┄┄┄┄┄┄┄┄
│ #0   AppLogger.database (package:filler/core/logging.dart:49:13)
│ #1   AppDatabase.setPreferenceValue (package:filler/data/database.dart:301:15)
│ #2   main.<anonymous closure>.<anonymous closure>.<anonymous closure> (file:///Users/mr42/code/flutter/tmp/filler/test/data/database_test.dart:118:24)
│ #3   Declarer.test.<anonymous closure>.<anonymous closure> (package:test_api/src/backend/declarer.dart:242:19)
│ #4   <asynchronous suspension>
│ #5   Declarer.test.<anonymous closure> (package:test_api/src/backend/declarer.dart:240:7)
│ #6   <asynchronous suspension>
│ #7   Invoker._waitForOutstandingCallbacks.<anonymous closure> (package:test_api/src/backend/invoker.dart:282:9)
├┄┄┄┄┄┄┄┄┄┄┄┄┄┄┄┄┄┄┄┄┄┄┄┄┄┄┄┄┄┄┄┄┄┄┄┄┄┄┄┄┄┄┄┄┄┄┄┄┄┄┄┄┄┄┄┄┄┄┄┄┄┄┄┄┄┄┄┄┄┄┄┄┄┄┄┄┄┄┄┄┄┄┄┄┄┄┄┄┄┄┄┄┄┄┄┄┄┄┄┄┄┄┄┄┄┄┄┄┄┄┄┄┄┄┄┄┄┄┄
│ 07:38:49.915 (+0:00:00.184480)
├┄┄┄┄┄┄┄┄┄┄┄┄┄┄┄┄┄┄┄┄┄┄┄┄┄┄┄┄┄┄┄┄┄┄┄┄┄┄┄┄┄┄┄┄┄┄┄┄┄┄┄┄┄┄┄┄┄┄┄┄┄┄┄┄┄┄┄┄┄┄┄┄┄┄┄┄┄┄┄┄┄┄┄┄┄┄┄┄┄┄┄┄┄┄┄┄┄┄┄┄┄┄┄┄┄┄┄┄┄┄┄┄┄┄┄┄┄┄┄
│ 🐛 💾 Database: Setting preference value
└───────────────────────────────────────────────────────────────────────────────────────────────────────────────────────
┌───────────────────────────────────────────────────────────────────────────────────────────────────────────────────────
│ #0   AppLogger.database (package:filler/core/logging.dart:49:13)
│ #1   createTestDatabaseConnection.<anonymous closure> (package:filler/data/database_connection.dart:22:15)
├┄┄┄┄┄┄┄┄┄┄┄┄┄┄┄┄┄┄┄┄┄┄┄┄┄┄┄┄┄┄┄┄┄┄┄┄┄┄┄┄┄┄┄┄┄┄┄┄┄┄┄┄┄┄┄┄┄┄┄┄┄┄┄┄┄┄┄┄┄┄┄┄┄┄┄┄┄┄┄┄┄┄┄┄┄┄┄┄┄┄┄┄┄┄┄┄┄┄┄┄┄┄┄┄┄┄┄┄┄┄┄┄┄┄┄┄┄┄┄
│ 07:38:49.917 (+0:00:00.185830)
├┄┄┄┄┄┄┄┄┄┄┄┄┄┄┄┄┄┄┄┄┄┄┄┄┄┄┄┄┄┄┄┄┄┄┄┄┄┄┄┄┄┄┄┄┄┄┄┄┄┄┄┄┄┄┄┄┄┄┄┄┄┄┄┄┄┄┄┄┄┄┄┄┄┄┄┄┄┄┄┄┄┄┄┄┄┄┄┄┄┄┄┄┄┄┄┄┄┄┄┄┄┄┄┄┄┄┄┄┄┄┄┄┄┄┄┄┄┄┄
│ 🐛 💾 Database: Test AppDatabase instance created (in-memory)
└───────────────────────────────────────────────────────────────────────────────────────────────────────────────────────
┌───────────────────────────────────────────────────────────────────────────────────────────────────────────────────────
│ {version: 4, wasCreated: true, hadUpgrade: false}
├┄┄┄┄┄┄┄┄┄┄┄┄┄┄┄┄┄┄┄┄┄┄┄┄┄┄┄┄┄┄┄┄┄┄┄┄┄┄┄┄┄┄┄┄┄┄┄┄┄┄┄┄┄┄┄┄┄┄┄┄┄┄┄┄┄┄┄┄┄┄┄┄┄┄┄┄┄┄┄┄┄┄┄┄┄┄┄┄┄┄┄┄┄┄┄┄┄┄┄┄┄┄┄┄┄┄┄┄┄┄┄┄┄┄┄┄┄┄┄
│ #0   AppLogger.database (package:filler/core/logging.dart:49:13)
│ #1   AppDatabase.migration.<anonymous closure> (package:filler/data/database.dart:211:17)
│ #2   GeneratedDatabase.beforeOpen.<anonymous closure> (package:drift/src/runtime/api/db_base.dart:137:44)
│ #3   <asynchronous suspension>
│ #4   DelegatedDatabase._runMigrations (package:drift/src/runtime/executor/helpers/engines.dart:512:5)
│ #5   <asynchronous suspension>
│ #6   DelegatedDatabase.ensureOpen.<anonymous closure> (package:drift/src/runtime/executor/helpers/engines.dart:476:9)
│ #7   <asynchronous suspension>
├┄┄┄┄┄┄┄┄┄┄┄┄┄┄┄┄┄┄┄┄┄┄┄┄┄┄┄┄┄┄┄┄┄┄┄┄┄┄┄┄┄┄┄┄┄┄┄┄┄┄┄┄┄┄┄┄┄┄┄┄┄┄┄┄┄┄┄┄┄┄┄┄┄┄┄┄┄┄┄┄┄┄┄┄┄┄┄┄┄┄┄┄┄┄┄┄┄┄┄┄┄┄┄┄┄┄┄┄┄┄┄┄┄┄┄┄┄┄┄
│ 07:38:49.918 (+0:00:00.187225)
├┄┄┄┄┄┄┄┄┄┄┄┄┄┄┄┄┄┄┄┄┄┄┄┄┄┄┄┄┄┄┄┄┄┄┄┄┄┄┄┄┄┄┄┄┄┄┄┄┄┄┄┄┄┄┄┄┄┄┄┄┄┄┄┄┄┄┄┄┄┄┄┄┄┄┄┄┄┄┄┄┄┄┄┄┄┄┄┄┄┄┄┄┄┄┄┄┄┄┄┄┄┄┄┄┄┄┄┄┄┄┄┄┄┄┄┄┄┄┄
│ 🐛 💾 Database: Database opened
└───────────────────────────────────────────────────────────────────────────────────────────────────────────────────────
┌───────────────────────────────────────────────────────────────────────────────────────────────────────────────────────
│ {key: testKey, value: testValue}
├┄┄┄┄┄┄┄┄┄┄┄┄┄┄┄┄┄┄┄┄┄┄┄┄┄┄┄┄┄┄┄┄┄┄┄┄┄┄┄┄┄┄┄┄┄┄┄┄┄┄┄┄┄┄┄┄┄┄┄┄┄┄┄┄┄┄┄┄┄┄┄┄┄┄┄┄┄┄┄┄┄┄┄┄┄┄┄┄┄┄┄┄┄┄┄┄┄┄┄┄┄┄┄┄┄┄┄┄┄┄┄┄┄┄┄┄┄┄┄
│ #0   AppLogger.database (package:filler/core/logging.dart:49:13)
│ #1   AppDatabase.setPreferenceValue (package:filler/data/database.dart:337:17)
│ #2   <asynchronous suspension>
│ #3   main.<anonymous closure>.<anonymous closure>.<anonymous closure> (file:///Users/mr42/code/flutter/tmp/filler/test/data/database_test.dart:118:9)
│ #4   <asynchronous suspension>
│ #5   Declarer.test.<anonymous closure>.<anonymous closure> (package:test_api/src/backend/declarer.dart:242:9)
│ #6   <asynchronous suspension>
│ #7   Declarer.test.<anonymous closure> (package:test_api/src/backend/declarer.dart:240:7)
├┄┄┄┄┄┄┄┄┄┄┄┄┄┄┄┄┄┄┄┄┄┄┄┄┄┄┄┄┄┄┄┄┄┄┄┄┄┄┄┄┄┄┄┄┄┄┄┄┄┄┄┄┄┄┄┄┄┄┄┄┄┄┄┄┄┄┄┄┄┄┄┄┄┄┄┄┄┄┄┄┄┄┄┄┄┄┄┄┄┄┄┄┄┄┄┄┄┄┄┄┄┄┄┄┄┄┄┄┄┄┄┄┄┄┄┄┄┄┄
│ 07:38:49.920 (+0:00:00.189492)
├┄┄┄┄┄┄┄┄┄┄┄┄┄┄┄┄┄┄┄┄┄┄┄┄┄┄┄┄┄┄┄┄┄┄┄┄┄┄┄┄┄┄┄┄┄┄┄┄┄┄┄┄┄┄┄┄┄┄┄┄┄┄┄┄┄┄┄┄┄┄┄┄┄┄┄┄┄┄┄┄┄┄┄┄┄┄┄┄┄┄┄┄┄┄┄┄┄┄┄┄┄┄┄┄┄┄┄┄┄┄┄┄┄┄┄┄┄┄┄
│ 🐛 💾 Database: Preference value saved
└───────────────────────────────────────────────────────────────────────────────────────────────────────────────────────
┌───────────────────────────────────────────────────────────────────────────────────────────────────────────────────────
│ {key: testKey, defaultValue: default}
├┄┄┄┄┄┄┄┄┄┄┄┄┄┄┄┄┄┄┄┄┄┄┄┄┄┄┄┄┄┄┄┄┄┄┄┄┄┄┄┄┄┄┄┄┄┄┄┄┄┄┄┄┄┄┄┄┄┄┄┄┄┄┄┄┄┄┄┄┄┄┄┄┄┄┄┄┄┄┄┄┄┄┄┄┄┄┄┄┄┄┄┄┄┄┄┄┄┄┄┄┄┄┄┄┄┄┄┄┄┄┄┄┄┄┄┄┄┄┄
│ #0   AppLogger.database (package:filler/core/logging.dart:49:13)
│ #1   AppDatabase.getPreferenceValue (package:filler/data/database.dart:277:15)
│ #2   main.<anonymous closure>.<anonymous closure>.<anonymous closure> (file:///Users/mr42/code/flutter/tmp/filler/test/data/database_test.dart:119:42)
│ #3   <asynchronous suspension>
│ #4   Declarer.test.<anonymous closure>.<anonymous closure> (package:test_api/src/backend/declarer.dart:242:9)
│ #5   <asynchronous suspension>
│ #6   Declarer.test.<anonymous closure> (package:test_api/src/backend/declarer.dart:240:7)
│ #7   <asynchronous suspension>
├┄┄┄┄┄┄┄┄┄┄┄┄┄┄┄┄┄┄┄┄┄┄┄┄┄┄┄┄┄┄┄┄┄┄┄┄┄┄┄┄┄┄┄┄┄┄┄┄┄┄┄┄┄┄┄┄┄┄┄┄┄┄┄┄┄┄┄┄┄┄┄┄┄┄┄┄┄┄┄┄┄┄┄┄┄┄┄┄┄┄┄┄┄┄┄┄┄┄┄┄┄┄┄┄┄┄┄┄┄┄┄┄┄┄┄┄┄┄┄
│ 07:38:49.921 (+0:00:00.190795)
├┄┄┄┄┄┄┄┄┄┄┄┄┄┄┄┄┄┄┄┄┄┄┄┄┄┄┄┄┄┄┄┄┄┄┄┄┄┄┄┄┄┄┄┄┄┄┄┄┄┄┄┄┄┄┄┄┄┄┄┄┄┄┄┄┄┄┄┄┄┄┄┄┄┄┄┄┄┄┄┄┄┄┄┄┄┄┄┄┄┄┄┄┄┄┄┄┄┄┄┄┄┄┄┄┄┄┄┄┄┄┄┄┄┄┄┄┄┄┄
│ 🐛 💾 Database: Getting preference value
└───────────────────────────────────────────────────────────────────────────────────────────────────────────────────────
┌───────────────────────────────────────────────────────────────────────────────────────────────────────────────────────
│ {key: testKey, value: testValue, wasDefault: false}
├┄┄┄┄┄┄┄┄┄┄┄┄┄┄┄┄┄┄┄┄┄┄┄┄┄┄┄┄┄┄┄┄┄┄┄┄┄┄┄┄┄┄┄┄┄┄┄┄┄┄┄┄┄┄┄┄┄┄┄┄┄┄┄┄┄┄┄┄┄┄┄┄┄┄┄┄┄┄┄┄┄┄┄┄┄┄┄┄┄┄┄┄┄┄┄┄┄┄┄┄┄┄┄┄┄┄┄┄┄┄┄┄┄┄┄┄┄┄┄
│ #0   AppLogger.database (package:filler/core/logging.dart:49:13)
│ #1   AppDatabase.getPreferenceValue (package:filler/data/database.dart:287:15)
│ #2   <asynchronous suspension>
│ #3   main.<anonymous closure>.<anonymous closure>.<anonymous closure> (file:///Users/mr42/code/flutter/tmp/filler/test/data/database_test.dart:119:27)
│ #4   <asynchronous suspension>
│ #5   Declarer.test.<anonymous closure>.<anonymous closure> (package:test_api/src/backend/declarer.dart:242:9)
│ #6   <asynchronous suspension>
│ #7   Declarer.test.<anonymous closure> (package:test_api/src/backend/declarer.dart:240:7)
├┄┄┄┄┄┄┄┄┄┄┄┄┄┄┄┄┄┄┄┄┄┄┄┄┄┄┄┄┄┄┄┄┄┄┄┄┄┄┄┄┄┄┄┄┄┄┄┄┄┄┄┄┄┄┄┄┄┄┄┄┄┄┄┄┄┄┄┄┄┄┄┄┄┄┄┄┄┄┄┄┄┄┄┄┄┄┄┄┄┄┄┄┄┄┄┄┄┄┄┄┄┄┄┄┄┄┄┄┄┄┄┄┄┄┄┄┄┄┄
│ 07:38:49.923 (+0:00:00.192743)
├┄┄┄┄┄┄┄┄┄┄┄┄┄┄┄┄┄┄┄┄┄┄┄┄┄┄┄┄┄┄┄┄┄┄┄┄┄┄┄┄┄┄┄┄┄┄┄┄┄┄┄┄┄┄┄┄┄┄┄┄┄┄┄┄┄┄┄┄┄┄┄┄┄┄┄┄┄┄┄┄┄┄┄┄┄┄┄┄┄┄┄┄┄┄┄┄┄┄┄┄┄┄┄┄┄┄┄┄┄┄┄┄┄┄┄┄┄┄┄
│ 🐛 💾 Database: Retrieved preference
└───────────────────────────────────────────────────────────────────────────────────────────────────────────────────────
┌───────────────────────────────────────────────────────────────────────────────────────────────────────────────────────
│ #0   TestHelpers.cleanup (file:///Users/mr42/code/flutter/tmp/filler/test/helpers/test_helpers.dart:152:24)
│ #1   main.<anonymous closure> (file:///Users/mr42/code/flutter/tmp/filler/test/data/database_test.dart:19:23)
├┄┄┄┄┄┄┄┄┄┄┄┄┄┄┄┄┄┄┄┄┄┄┄┄┄┄┄┄┄┄┄┄┄┄┄┄┄┄┄┄┄┄┄┄┄┄┄┄┄┄┄┄┄┄┄┄┄┄┄┄┄┄┄┄┄┄┄┄┄┄┄┄┄┄┄┄┄┄┄┄┄┄┄┄┄┄┄┄┄┄┄┄┄┄┄┄┄┄┄┄┄┄┄┄┄┄┄┄┄┄┄┄┄┄┄┄┄┄┄
│ 07:38:49.925 (+0:00:00.194316)
├┄┄┄┄┄┄┄┄┄┄┄┄┄┄┄┄┄┄┄┄┄┄┄┄┄┄┄┄┄┄┄┄┄┄┄┄┄┄┄┄┄┄┄┄┄┄┄┄┄┄┄┄┄┄┄┄┄┄┄┄┄┄┄┄┄┄┄┄┄┄┄┄┄┄┄┄┄┄┄┄┄┄┄┄┄┄┄┄┄┄┄┄┄┄┄┄┄┄┄┄┄┄┄┄┄┄┄┄┄┄┄┄┄┄┄┄┄┄┄
│ 🐛 🧹 Cleaning up test environment
└───────────────────────────────────────────────────────────────────────────────────────────────────────────────────────
┌───────────────────────────────────────────────────────────────────────────────────────────────────────────────────────
│ #0   TestHelpers.cleanup (file:///Users/mr42/code/flutter/tmp/filler/test/helpers/test_helpers.dart:166:26)
│ #1   main.<anonymous closure> (file:///Users/mr42/code/flutter/tmp/filler/test/data/database_test.dart:19:23)
├┄┄┄┄┄┄┄┄┄┄┄┄┄┄┄┄┄┄┄┄┄┄┄┄┄┄┄┄┄┄┄┄┄┄┄┄┄┄┄┄┄┄┄┄┄┄┄┄┄┄┄┄┄┄┄┄┄┄┄┄┄┄┄┄┄┄┄┄┄┄┄┄┄┄┄┄┄┄┄┄┄┄┄┄┄┄┄┄┄┄┄┄┄┄┄┄┄┄┄┄┄┄┄┄┄┄┄┄┄┄┄┄┄┄┄┄┄┄┄
│ 07:38:49.928 (+0:00:00.196857)
├┄┄┄┄┄┄┄┄┄┄┄┄┄┄┄┄┄┄┄┄┄┄┄┄┄┄┄┄┄┄┄┄┄┄┄┄┄┄┄┄┄┄┄┄┄┄┄┄┄┄┄┄┄┄┄┄┄┄┄┄┄┄┄┄┄┄┄┄┄┄┄┄┄┄┄┄┄┄┄┄┄┄┄┄┄┄┄┄┄┄┄┄┄┄┄┄┄┄┄┄┄┄┄┄┄┄┄┄┄┄┄┄┄┄┄┄┄┄┄
│ 🐛 ✅ Test cleanup completed
└───────────────────────────────────────────────────────────────────────────────────────────────────────────────────────

00:03 +47 -2: /Users/mr42/code/flutter/tmp/filler/test/integration/page_state_transitions_test.dart: BLoC State Transitions - All Pages Preferences BLoC - State Transitions                           
00:03 +47 -2: /Users/mr42/code/flutter/tmp/filler/test/data/database_test.dart: AppDatabase Key-Value Preferences Operations should update existing preference value                                   
┌───────────────────────────────────────────────────────────────────────────────────────────────────────────────────────
│ #0   TestHelpers.createTestDatabase (file:///Users/mr42/code/flutter/tmp/filler/test/helpers/test_helpers.dart:30:24)
│ #1   main.<anonymous closure> (file:///Users/mr42/code/flutter/tmp/filler/test/data/database_test.dart:14:28)
├┄┄┄┄┄┄┄┄┄┄┄┄┄┄┄┄┄┄┄┄┄┄┄┄┄┄┄┄┄┄┄┄┄┄┄┄┄┄┄┄┄┄┄┄┄┄┄┄┄┄┄┄┄┄┄┄┄┄┄┄┄┄┄┄┄┄┄┄┄┄┄┄┄┄┄┄┄┄┄┄┄┄┄┄┄┄┄┄┄┄┄┄┄┄┄┄┄┄┄┄┄┄┄┄┄┄┄┄┄┄┄┄┄┄┄┄┄┄┄
│ 07:38:49.929 (+0:00:00.198793)
├┄┄┄┄┄┄┄┄┄┄┄┄┄┄┄┄┄┄┄┄┄┄┄┄┄┄┄┄┄┄┄┄┄┄┄┄┄┄┄┄┄┄┄┄┄┄┄┄┄┄┄┄┄┄┄┄┄┄┄┄┄┄┄┄┄┄┄┄┄┄┄┄┄┄┄┄┄┄┄┄┄┄┄┄┄┄┄┄┄┄┄┄┄┄┄┄┄┄┄┄┄┄┄┄┄┄┄┄┄┄┄┄┄┄┄┄┄┄┄
│ 🐛 🗄️ Creating test database
└───────────────────────────────────────────────────────────────────────────────────────────────────────────────────────
┌───────────────────────────────────────────────────────────────────────────────────────────────────────────────────────
│ {key: width, value: 10, type: int}
├┄┄┄┄┄┄┄┄┄┄┄┄┄┄┄┄┄┄┄┄┄┄┄┄┄┄┄┄┄┄┄┄┄┄┄┄┄┄┄┄┄┄┄┄┄┄┄┄┄┄┄┄┄┄┄┄┄┄┄┄┄┄┄┄┄┄┄┄┄┄┄┄┄┄┄┄┄┄┄┄┄┄┄┄┄┄┄┄┄┄┄┄┄┄┄┄┄┄┄┄┄┄┄┄┄┄┄┄┄┄┄┄┄┄┄┄┄┄┄
│ #0   AppLogger.database (package:filler/core/logging.dart:49:13)
│ #1   AppDatabase.setPreferenceValue (package:filler/data/database.dart:301:15)
│ #2   main.<anonymous closure>.<anonymous closure>.<anonymous closure> (file:///Users/mr42/code/flutter/tmp/filler/test/data/database_test.dart:128:24)
│ #3   Declarer.test.<anonymous closure>.<anonymous closure> (package:test_api/src/backend/declarer.dart:242:19)
│ #4   <asynchronous suspension>
│ #5   Declarer.test.<anonymous closure> (package:test_api/src/backend/declarer.dart:240:7)
│ #6   <asynchronous suspension>
│ #7   Invoker._waitForOutstandingCallbacks.<anonymous closure> (package:test_api/src/backend/invoker.dart:282:9)
├┄┄┄┄┄┄┄┄┄┄┄┄┄┄┄┄┄┄┄┄┄┄┄┄┄┄┄┄┄┄┄┄┄┄┄┄┄┄┄┄┄┄┄┄┄┄┄┄┄┄┄┄┄┄┄┄┄┄┄┄┄┄┄┄┄┄┄┄┄┄┄┄┄┄┄┄┄┄┄┄┄┄┄┄┄┄┄┄┄┄┄┄┄┄┄┄┄┄┄┄┄┄┄┄┄┄┄┄┄┄┄┄┄┄┄┄┄┄┄
│ 07:38:49.930 (+0:00:00.199737)
├┄┄┄┄┄┄┄┄┄┄┄┄┄┄┄┄┄┄┄┄┄┄┄┄┄┄┄┄┄┄┄┄┄┄┄┄┄┄┄┄┄┄┄┄┄┄┄┄┄┄┄┄┄┄┄┄┄┄┄┄┄┄┄┄┄┄┄┄┄┄┄┄┄┄┄┄┄┄┄┄┄┄┄┄┄┄┄┄┄┄┄┄┄┄┄┄┄┄┄┄┄┄┄┄┄┄┄┄┄┄┄┄┄┄┄┄┄┄┄
│ 🐛 💾 Database: Setting preference value
└───────────────────────────────────────────────────────────────────────────────────────────────────────────────────────
┌───────────────────────────────────────────────────────────────────────────────────────────────────────────────────────
│ #0   AppLogger.database (package:filler/core/logging.dart:49:13)
│ #1   createTestDatabaseConnection.<anonymous closure> (package:filler/data/database_connection.dart:22:15)
├┄┄┄┄┄┄┄┄┄┄┄┄┄┄┄┄┄┄┄┄┄┄┄┄┄┄┄┄┄┄┄┄┄┄┄┄┄┄┄┄┄┄┄┄┄┄┄┄┄┄┄┄┄┄┄┄┄┄┄┄┄┄┄┄┄┄┄┄┄┄┄┄┄┄┄┄┄┄┄┄┄┄┄┄┄┄┄┄┄┄┄┄┄┄┄┄┄┄┄┄┄┄┄┄┄┄┄┄┄┄┄┄┄┄┄┄┄┄┄
│ 07:38:49.932 (+0:00:00.201077)
├┄┄┄┄┄┄┄┄┄┄┄┄┄┄┄┄┄┄┄┄┄┄┄┄┄┄┄┄┄┄┄┄┄┄┄┄┄┄┄┄┄┄┄┄┄┄┄┄┄┄┄┄┄┄┄┄┄┄┄┄┄┄┄┄┄┄┄┄┄┄┄┄┄┄┄┄┄┄┄┄┄┄┄┄┄┄┄┄┄┄┄┄┄┄┄┄┄┄┄┄┄┄┄┄┄┄┄┄┄┄┄┄┄┄┄┄┄┄┄
│ 🐛 💾 Database: Test AppDatabase instance created (in-memory)
└───────────────────────────────────────────────────────────────────────────────────────────────────────────────────────
┌───────────────────────────────────────────────────────────────────────────────────────────────────────────────────────
│ {version: 4, wasCreated: true, hadUpgrade: false}
├┄┄┄┄┄┄┄┄┄┄┄┄┄┄┄┄┄┄┄┄┄┄┄┄┄┄┄┄┄┄┄┄┄┄┄┄┄┄┄┄┄┄┄┄┄┄┄┄┄┄┄┄┄┄┄┄┄┄┄┄┄┄┄┄┄┄┄┄┄┄┄┄┄┄┄┄┄┄┄┄┄┄┄┄┄┄┄┄┄┄┄┄┄┄┄┄┄┄┄┄┄┄┄┄┄┄┄┄┄┄┄┄┄┄┄┄┄┄┄
│ #0   AppLogger.database (package:filler/core/logging.dart:49:13)
│ #1   AppDatabase.migration.<anonymous closure> (package:filler/data/database.dart:211:17)
│ #2   GeneratedDatabase.beforeOpen.<anonymous closure> (package:drift/src/runtime/api/db_base.dart:137:44)
│ #3   <asynchronous suspension>
│ #4   DelegatedDatabase._runMigrations (package:drift/src/runtime/executor/helpers/engines.dart:512:5)
│ #5   <asynchronous suspension>
│ #6   DelegatedDatabase.ensureOpen.<anonymous closure> (package:drift/src/runtime/executor/helpers/engines.dart:476:9)
│ #7   <asynchronous suspension>
├┄┄┄┄┄┄┄┄┄┄┄┄┄┄┄┄┄┄┄┄┄┄┄┄┄┄┄┄┄┄┄┄┄┄┄┄┄┄┄┄┄┄┄┄┄┄┄┄┄┄┄┄┄┄┄┄┄┄┄┄┄┄┄┄┄┄┄┄┄┄┄┄┄┄┄┄┄┄┄┄┄┄┄┄┄┄┄┄┄┄┄┄┄┄┄┄┄┄┄┄┄┄┄┄┄┄┄┄┄┄┄┄┄┄┄┄┄┄┄
│ 07:38:49.933 (+0:00:00.202509)
├┄┄┄┄┄┄┄┄┄┄┄┄┄┄┄┄┄┄┄┄┄┄┄┄┄┄┄┄┄┄┄┄┄┄┄┄┄┄┄┄┄┄┄┄┄┄┄┄┄┄┄┄┄┄┄┄┄┄┄┄┄┄┄┄┄┄┄┄┄┄┄┄┄┄┄┄┄┄┄┄┄┄┄┄┄┄┄┄┄┄┄┄┄┄┄┄┄┄┄┄┄┄┄┄┄┄┄┄┄┄┄┄┄┄┄┄┄┄┄
│ 🐛 💾 Database: Database opened
└───────────────────────────────────────────────────────────────────────────────────────────────────────────────────────
┌───────────────────────────────────────────────────────────────────────────────────────────────────────────────────────
│ {key: width, value: 10}
├┄┄┄┄┄┄┄┄┄┄┄┄┄┄┄┄┄┄┄┄┄┄┄┄┄┄┄┄┄┄┄┄┄┄┄┄┄┄┄┄┄┄┄┄┄┄┄┄┄┄┄┄┄┄┄┄┄┄┄┄┄┄┄┄┄┄┄┄┄┄┄┄┄┄┄┄┄┄┄┄┄┄┄┄┄┄┄┄┄┄┄┄┄┄┄┄┄┄┄┄┄┄┄┄┄┄┄┄┄┄┄┄┄┄┄┄┄┄┄
│ #0   AppLogger.database (package:filler/core/logging.dart:49:13)
│ #1   AppDatabase.setPreferenceValue (package:filler/data/database.dart:337:17)
│ #2   <asynchronous suspension>
│ #3   main.<anonymous closure>.<anonymous closure>.<anonymous closure> (file:///Users/mr42/code/flutter/tmp/filler/test/data/database_test.dart:128:9)
│ #4   <asynchronous suspension>
│ #5   Declarer.test.<anonymous closure>.<anonymous closure> (package:test_api/src/backend/declarer.dart:242:9)
│ #6   <asynchronous suspension>
│ #7   Declarer.test.<anonymous closure> (package:test_api/src/backend/declarer.dart:240:7)
├┄┄┄┄┄┄┄┄┄┄┄┄┄┄┄┄┄┄┄┄┄┄┄┄┄┄┄┄┄┄┄┄┄┄┄┄┄┄┄┄┄┄┄┄┄┄┄┄┄┄┄┄┄┄┄┄┄┄┄┄┄┄┄┄┄┄┄┄┄┄┄┄┄┄┄┄┄┄┄┄┄┄┄┄┄┄┄┄┄┄┄┄┄┄┄┄┄┄┄┄┄┄┄┄┄┄┄┄┄┄┄┄┄┄┄┄┄┄┄
│ 07:38:49.935 (+0:00:00.204290)
├┄┄┄┄┄┄┄┄┄┄┄┄┄┄┄┄┄┄┄┄┄┄┄┄┄┄┄┄┄┄┄┄┄┄┄┄┄┄┄┄┄┄┄┄┄┄┄┄┄┄┄┄┄┄┄┄┄┄┄┄┄┄┄┄┄┄┄┄┄┄┄┄┄┄┄┄┄┄┄┄┄┄┄┄┄┄┄┄┄┄┄┄┄┄┄┄┄┄┄┄┄┄┄┄┄┄┄┄┄┄┄┄┄┄┄┄┄┄┄
│ 🐛 💾 Database: Preference value saved
└───────────────────────────────────────────────────────────────────────────────────────────────────────────────────────
┌───────────────────────────────────────────────────────────────────────────────────────────────────────────────────────
│ {key: width, value: 20, type: int}
├┄┄┄┄┄┄┄┄┄┄┄┄┄┄┄┄┄┄┄┄┄┄┄┄┄┄┄┄┄┄┄┄┄┄┄┄┄┄┄┄┄┄┄┄┄┄┄┄┄┄┄┄┄┄┄┄┄┄┄┄┄┄┄┄┄┄┄┄┄┄┄┄┄┄┄┄┄┄┄┄┄┄┄┄┄┄┄┄┄┄┄┄┄┄┄┄┄┄┄┄┄┄┄┄┄┄┄┄┄┄┄┄┄┄┄┄┄┄┄
│ #0   AppLogger.database (package:filler/core/logging.dart:49:13)
│ #1   AppDatabase.setPreferenceValue (package:filler/data/database.dart:301:15)
│ #2   main.<anonymous closure>.<anonymous closure>.<anonymous closure> (file:///Users/mr42/code/flutter/tmp/filler/test/data/database_test.dart:131:24)
│ #3   <asynchronous suspension>
│ #4   Declarer.test.<anonymous closure>.<anonymous closure> (package:test_api/src/backend/declarer.dart:242:9)
│ #5   <asynchronous suspension>
│ #6   Declarer.test.<anonymous closure> (package:test_api/src/backend/declarer.dart:240:7)
│ #7   <asynchronous suspension>
├┄┄┄┄┄┄┄┄┄┄┄┄┄┄┄┄┄┄┄┄┄┄┄┄┄┄┄┄┄┄┄┄┄┄┄┄┄┄┄┄┄┄┄┄┄┄┄┄┄┄┄┄┄┄┄┄┄┄┄┄┄┄┄┄┄┄┄┄┄┄┄┄┄┄┄┄┄┄┄┄┄┄┄┄┄┄┄┄┄┄┄┄┄┄┄┄┄┄┄┄┄┄┄┄┄┄┄┄┄┄┄┄┄┄┄┄┄┄┄
│ 07:38:49.936 (+0:00:00.205752)
├┄┄┄┄┄┄┄┄┄┄┄┄┄┄┄┄┄┄┄┄┄┄┄┄┄┄┄┄┄┄┄┄┄┄┄┄┄┄┄┄┄┄┄┄┄┄┄┄┄┄┄┄┄┄┄┄┄┄┄┄┄┄┄┄┄┄┄┄┄┄┄┄┄┄┄┄┄┄┄┄┄┄┄┄┄┄┄┄┄┄┄┄┄┄┄┄┄┄┄┄┄┄┄┄┄┄┄┄┄┄┄┄┄┄┄┄┄┄┄
│ 🐛 💾 Database: Setting preference value
└───────────────────────────────────────────────────────────────────────────────────────────────────────────────────────
┌───────────────────────────────────────────────────────────────────────────────────────────────────────────────────────
│ {key: width, value: 20}
├┄┄┄┄┄┄┄┄┄┄┄┄┄┄┄┄┄┄┄┄┄┄┄┄┄┄┄┄┄┄┄┄┄┄┄┄┄┄┄┄┄┄┄┄┄┄┄┄┄┄┄┄┄┄┄┄┄┄┄┄┄┄┄┄┄┄┄┄┄┄┄┄┄┄┄┄┄┄┄┄┄┄┄┄┄┄┄┄┄┄┄┄┄┄┄┄┄┄┄┄┄┄┄┄┄┄┄┄┄┄┄┄┄┄┄┄┄┄┄
│ #0   AppLogger.database (package:filler/core/logging.dart:49:13)
│ #1   AppDatabase.setPreferenceValue (package:filler/data/database.dart:337:17)
│ #2   <asynchronous suspension>
│ #3   main.<anonymous closure>.<anonymous closure>.<anonymous closure> (file:///Users/mr42/code/flutter/tmp/filler/test/data/database_test.dart:131:9)
│ #4   <asynchronous suspension>
│ #5   Declarer.test.<anonymous closure>.<anonymous closure> (package:test_api/src/backend/declarer.dart:242:9)
│ #6   <asynchronous suspension>
│ #7   Declarer.test.<anonymous closure> (package:test_api/src/backend/declarer.dart:240:7)
├┄┄┄┄┄┄┄┄┄┄┄┄┄┄┄┄┄┄┄┄┄┄┄┄┄┄┄┄┄┄┄┄┄┄┄┄┄┄┄┄┄┄┄┄┄┄┄┄┄┄┄┄┄┄┄┄┄┄┄┄┄┄┄┄┄┄┄┄┄┄┄┄┄┄┄┄┄┄┄┄┄┄┄┄┄┄┄┄┄┄┄┄┄┄┄┄┄┄┄┄┄┄┄┄┄┄┄┄┄┄┄┄┄┄┄┄┄┄┄
│ 07:38:49.939 (+0:00:00.208112)
├┄┄┄┄┄┄┄┄┄┄┄┄┄┄┄┄┄┄┄┄┄┄┄┄┄┄┄┄┄┄┄┄┄┄┄┄┄┄┄┄┄┄┄┄┄┄┄┄┄┄┄┄┄┄┄┄┄┄┄┄┄┄┄┄┄┄┄┄┄┄┄┄┄┄┄┄┄┄┄┄┄┄┄┄┄┄┄┄┄┄┄┄┄┄┄┄┄┄┄┄┄┄┄┄┄┄┄┄┄┄┄┄┄┄┄┄┄┄┄
│ 🐛 💾 Database: Preference value saved
└───────────────────────────────────────────────────────────────────────────────────────────────────────────────────────
┌───────────────────────────────────────────────────────────────────────────────────────────────────────────────────────
│ {key: width, defaultValue: 5}
├┄┄┄┄┄┄┄┄┄┄┄┄┄┄┄┄┄┄┄┄┄┄┄┄┄┄┄┄┄┄┄┄┄┄┄┄┄┄┄┄┄┄┄┄┄┄┄┄┄┄┄┄┄┄┄┄┄┄┄┄┄┄┄┄┄┄┄┄┄┄┄┄┄┄┄┄┄┄┄┄┄┄┄┄┄┄┄┄┄┄┄┄┄┄┄┄┄┄┄┄┄┄┄┄┄┄┄┄┄┄┄┄┄┄┄┄┄┄┄
│ #0   AppLogger.database (package:filler/core/logging.dart:49:13)
│ #1   AppDatabase.getPreferenceValue (package:filler/data/database.dart:277:15)
│ #2   main.<anonymous closure>.<anonymous closure>.<anonymous closure> (file:///Users/mr42/code/flutter/tmp/filler/test/data/database_test.dart:132:42)
│ #3   <asynchronous suspension>
│ #4   Declarer.test.<anonymous closure>.<anonymous closure> (package:test_api/src/backend/declarer.dart:242:9)
│ #5   <asynchronous suspension>
│ #6   Declarer.test.<anonymous closure> (package:test_api/src/backend/declarer.dart:240:7)
│ #7   <asynchronous suspension>
├┄┄┄┄┄┄┄┄┄┄┄┄┄┄┄┄┄┄┄┄┄┄┄┄┄┄┄┄┄┄┄┄┄┄┄┄┄┄┄┄┄┄┄┄┄┄┄┄┄┄┄┄┄┄┄┄┄┄┄┄┄┄┄┄┄┄┄┄┄┄┄┄┄┄┄┄┄┄┄┄┄┄┄┄┄┄┄┄┄┄┄┄┄┄┄┄┄┄┄┄┄┄┄┄┄┄┄┄┄┄┄┄┄┄┄┄┄┄┄
│ 07:38:49.940 (+0:00:00.209486)
├┄┄┄┄┄┄┄┄┄┄┄┄┄┄┄┄┄┄┄┄┄┄┄┄┄┄┄┄┄┄┄┄┄┄┄┄┄┄┄┄┄┄┄┄┄┄┄┄┄┄┄┄┄┄┄┄┄┄┄┄┄┄┄┄┄┄┄┄┄┄┄┄┄┄┄┄┄┄┄┄┄┄┄┄┄┄┄┄┄┄┄┄┄┄┄┄┄┄┄┄┄┄┄┄┄┄┄┄┄┄┄┄┄┄┄┄┄┄┄
│ 🐛 💾 Database: Getting preference value
└───────────────────────────────────────────────────────────────────────────────────────────────────────────────────────
┌───────────────────────────────────────────────────────────────────────────────────────────────────────────────────────
│ {key: width, value: 20, wasDefault: false}
├┄┄┄┄┄┄┄┄┄┄┄┄┄┄┄┄┄┄┄┄┄┄┄┄┄┄┄┄┄┄┄┄┄┄┄┄┄┄┄┄┄┄┄┄┄┄┄┄┄┄┄┄┄┄┄┄┄┄┄┄┄┄┄┄┄┄┄┄┄┄┄┄┄┄┄┄┄┄┄┄┄┄┄┄┄┄┄┄┄┄┄┄┄┄┄┄┄┄┄┄┄┄┄┄┄┄┄┄┄┄┄┄┄┄┄┄┄┄┄
│ #0   AppLogger.database (package:filler/core/logging.dart:49:13)
│ #1   AppDatabase.getPreferenceValue (package:filler/data/database.dart:287:15)
│ #2   <asynchronous suspension>
│ #3   main.<anonymous closure>.<anonymous closure>.<anonymous closure> (file:///Users/mr42/code/flutter/tmp/filler/test/data/database_test.dart:132:27)
│ #4   <asynchronous suspension>
│ #5   Declarer.test.<anonymous closure>.<anonymous closure> (package:test_api/src/backend/declarer.dart:242:9)
│ #6   <asynchronous suspension>
│ #7   Declarer.test.<anonymous closure> (package:test_api/src/backend/declarer.dart:240:7)
├┄┄┄┄┄┄┄┄┄┄┄┄┄┄┄┄┄┄┄┄┄┄┄┄┄┄┄┄┄┄┄┄┄┄┄┄┄┄┄┄┄┄┄┄┄┄┄┄┄┄┄┄┄┄┄┄┄┄┄┄┄┄┄┄┄┄┄┄┄┄┄┄┄┄┄┄┄┄┄┄┄┄┄┄┄┄┄┄┄┄┄┄┄┄┄┄┄┄┄┄┄┄┄┄┄┄┄┄┄┄┄┄┄┄┄┄┄┄┄
│ 07:38:49.942 (+0:00:00.211145)
├┄┄┄┄┄┄┄┄┄┄┄┄┄┄┄┄┄┄┄┄┄┄┄┄┄┄┄┄┄┄┄┄┄┄┄┄┄┄┄┄┄┄┄┄┄┄┄┄┄┄┄┄┄┄┄┄┄┄┄┄┄┄┄┄┄┄┄┄┄┄┄┄┄┄┄┄┄┄┄┄┄┄┄┄┄┄┄┄┄┄┄┄┄┄┄┄┄┄┄┄┄┄┄┄┄┄┄┄┄┄┄┄┄┄┄┄┄┄┄
│ 🐛 💾 Database: Retrieved preference
└───────────────────────────────────────────────────────────────────────────────────────────────────────────────────────
┌───────────────────────────────────────────────────────────────────────────────────────────────────────────────────────
│ #0   TestHelpers.cleanup (file:///Users/mr42/code/flutter/tmp/filler/test/helpers/test_helpers.dart:152:24)
│ #1   main.<anonymous closure> (file:///Users/mr42/code/flutter/tmp/filler/test/data/database_test.dart:19:23)
├┄┄┄┄┄┄┄┄┄┄┄┄┄┄┄┄┄┄┄┄┄┄┄┄┄┄┄┄┄┄┄┄┄┄┄┄┄┄┄┄┄┄┄┄┄┄┄┄┄┄┄┄┄┄┄┄┄┄┄┄┄┄┄┄┄┄┄┄┄┄┄┄┄┄┄┄┄┄┄┄┄┄┄┄┄┄┄┄┄┄┄┄┄┄┄┄┄┄┄┄┄┄┄┄┄┄┄┄┄┄┄┄┄┄┄┄┄┄┄
│ 07:38:49.943 (+0:00:00.212733)
├┄┄┄┄┄┄┄┄┄┄┄┄┄┄┄┄┄┄┄┄┄┄┄┄┄┄┄┄┄┄┄┄┄┄┄┄┄┄┄┄┄┄┄┄┄┄┄┄┄┄┄┄┄┄┄┄┄┄┄┄┄┄┄┄┄┄┄┄┄┄┄┄┄┄┄┄┄┄┄┄┄┄┄┄┄┄┄┄┄┄┄┄┄┄┄┄┄┄┄┄┄┄┄┄┄┄┄┄┄┄┄┄┄┄┄┄┄┄┄
│ 🐛 🧹 Cleaning up test environment
└───────────────────────────────────────────────────────────────────────────────────────────────────────────────────────
┌───────────────────────────────────────────────────────────────────────────────────────────────────────────────────────
│ #0   TestHelpers.cleanup (file:///Users/mr42/code/flutter/tmp/filler/test/helpers/test_helpers.dart:166:26)
│ #1   main.<anonymous closure> (file:///Users/mr42/code/flutter/tmp/filler/test/data/database_test.dart:19:23)
├┄┄┄┄┄┄┄┄┄┄┄┄┄┄┄┄┄┄┄┄┄┄┄┄┄┄┄┄┄┄┄┄┄┄┄┄┄┄┄┄┄┄┄┄┄┄┄┄┄┄┄┄┄┄┄┄┄┄┄┄┄┄┄┄┄┄┄┄┄┄┄┄┄┄┄┄┄┄┄┄┄┄┄┄┄┄┄┄┄┄┄┄┄┄┄┄┄┄┄┄┄┄┄┄┄┄┄┄┄┄┄┄┄┄┄┄┄┄┄
│ 07:38:49.946 (+0:00:00.215200)
├┄┄┄┄┄┄┄┄┄┄┄┄┄┄┄┄┄┄┄┄┄┄┄┄┄┄┄┄┄┄┄┄┄┄┄┄┄┄┄┄┄┄┄┄┄┄┄┄┄┄┄┄┄┄┄┄┄┄┄┄┄┄┄┄┄┄┄┄┄┄┄┄┄┄┄┄┄┄┄┄┄┄┄┄┄┄┄┄┄┄┄┄┄┄┄┄┄┄┄┄┄┄┄┄┄┄┄┄┄┄┄┄┄┄┄┄┄┄┄
│ 🐛 ✅ Test cleanup completed
└───────────────────────────────────────────────────────────────────────────────────────────────────────────────────────

00:03 +48 -2: /Users/mr42/code/flutter/tmp/filler/test/integration/page_state_transitions_test.dart: BLoC State Transitions - All Pages Preferences BLoC - State Transitions                           
00:03 +48 -2: /Users/mr42/code/flutter/tmp/filler/test/data/database_test.dart: AppDatabase Key-Value Preferences Operations should get all preferences as map                                         
┌───────────────────────────────────────────────────────────────────────────────────────────────────────────────────────
│ #0   TestHelpers.createTestDatabase (file:///Users/mr42/code/flutter/tmp/filler/test/helpers/test_helpers.dart:30:24)
│ #1   main.<anonymous closure> (file:///Users/mr42/code/flutter/tmp/filler/test/data/database_test.dart:14:28)
├┄┄┄┄┄┄┄┄┄┄┄┄┄┄┄┄┄┄┄┄┄┄┄┄┄┄┄┄┄┄┄┄┄┄┄┄┄┄┄┄┄┄┄┄┄┄┄┄┄┄┄┄┄┄┄┄┄┄┄┄┄┄┄┄┄┄┄┄┄┄┄┄┄┄┄┄┄┄┄┄┄┄┄┄┄┄┄┄┄┄┄┄┄┄┄┄┄┄┄┄┄┄┄┄┄┄┄┄┄┄┄┄┄┄┄┄┄┄┄
│ 07:38:49.948 (+0:00:00.217130)
├┄┄┄┄┄┄┄┄┄┄┄┄┄┄┄┄┄┄┄┄┄┄┄┄┄┄┄┄┄┄┄┄┄┄┄┄┄┄┄┄┄┄┄┄┄┄┄┄┄┄┄┄┄┄┄┄┄┄┄┄┄┄┄┄┄┄┄┄┄┄┄┄┄┄┄┄┄┄┄┄┄┄┄┄┄┄┄┄┄┄┄┄┄┄┄┄┄┄┄┄┄┄┄┄┄┄┄┄┄┄┄┄┄┄┄┄┄┄┄
│ 🐛 🗄️ Creating test database
└───────────────────────────────────────────────────────────────────────────────────────────────────────────────────────
┌───────────────────────────────────────────────────────────────────────────────────────────────────────────────────────
│ {key: width, value: 15, type: int}
├┄┄┄┄┄┄┄┄┄┄┄┄┄┄┄┄┄┄┄┄┄┄┄┄┄┄┄┄┄┄┄┄┄┄┄┄┄┄┄┄┄┄┄┄┄┄┄┄┄┄┄┄┄┄┄┄┄┄┄┄┄┄┄┄┄┄┄┄┄┄┄┄┄┄┄┄┄┄┄┄┄┄┄┄┄┄┄┄┄┄┄┄┄┄┄┄┄┄┄┄┄┄┄┄┄┄┄┄┄┄┄┄┄┄┄┄┄┄┄
│ #0   AppLogger.database (package:filler/core/logging.dart:49:13)
│ #1   AppDatabase.setPreferenceValue (package:filler/data/database.dart:301:15)
│ #2   main.<anonymous closure>.<anonymous closure>.<anonymous closure> (file:///Users/mr42/code/flutter/tmp/filler/test/data/database_test.dart:140:24)
│ #3   Declarer.test.<anonymous closure>.<anonymous closure> (package:test_api/src/backend/declarer.dart:242:19)
│ #4   <asynchronous suspension>
│ #5   Declarer.test.<anonymous closure> (package:test_api/src/backend/declarer.dart:240:7)
│ #6   <asynchronous suspension>
│ #7   Invoker._waitForOutstandingCallbacks.<anonymous closure> (package:test_api/src/backend/invoker.dart:282:9)
├┄┄┄┄┄┄┄┄┄┄┄┄┄┄┄┄┄┄┄┄┄┄┄┄┄┄┄┄┄┄┄┄┄┄┄┄┄┄┄┄┄┄┄┄┄┄┄┄┄┄┄┄┄┄┄┄┄┄┄┄┄┄┄┄┄┄┄┄┄┄┄┄┄┄┄┄┄┄┄┄┄┄┄┄┄┄┄┄┄┄┄┄┄┄┄┄┄┄┄┄┄┄┄┄┄┄┄┄┄┄┄┄┄┄┄┄┄┄┄
│ 07:38:49.949 (+0:00:00.218369)
├┄┄┄┄┄┄┄┄┄┄┄┄┄┄┄┄┄┄┄┄┄┄┄┄┄┄┄┄┄┄┄┄┄┄┄┄┄┄┄┄┄┄┄┄┄┄┄┄┄┄┄┄┄┄┄┄┄┄┄┄┄┄┄┄┄┄┄┄┄┄┄┄┄┄┄┄┄┄┄┄┄┄┄┄┄┄┄┄┄┄┄┄┄┄┄┄┄┄┄┄┄┄┄┄┄┄┄┄┄┄┄┄┄┄┄┄┄┄┄
│ 🐛 💾 Database: Setting preference value
└───────────────────────────────────────────────────────────────────────────────────────────────────────────────────────
┌───────────────────────────────────────────────────────────────────────────────────────────────────────────────────────
│ #0   AppLogger.database (package:filler/core/logging.dart:49:13)
│ #1   createTestDatabaseConnection.<anonymous closure> (package:filler/data/database_connection.dart:22:15)
├┄┄┄┄┄┄┄┄┄┄┄┄┄┄┄┄┄┄┄┄┄┄┄┄┄┄┄┄┄┄┄┄┄┄┄┄┄┄┄┄┄┄┄┄┄┄┄┄┄┄┄┄┄┄┄┄┄┄┄┄┄┄┄┄┄┄┄┄┄┄┄┄┄┄┄┄┄┄┄┄┄┄┄┄┄┄┄┄┄┄┄┄┄┄┄┄┄┄┄┄┄┄┄┄┄┄┄┄┄┄┄┄┄┄┄┄┄┄┄
│ 07:38:49.951 (+0:00:00.219853)
├┄┄┄┄┄┄┄┄┄┄┄┄┄┄┄┄┄┄┄┄┄┄┄┄┄┄┄┄┄┄┄┄┄┄┄┄┄┄┄┄┄┄┄┄┄┄┄┄┄┄┄┄┄┄┄┄┄┄┄┄┄┄┄┄┄┄┄┄┄┄┄┄┄┄┄┄┄┄┄┄┄┄┄┄┄┄┄┄┄┄┄┄┄┄┄┄┄┄┄┄┄┄┄┄┄┄┄┄┄┄┄┄┄┄┄┄┄┄┄
│ 🐛 💾 Database: Test AppDatabase instance created (in-memory)
└───────────────────────────────────────────────────────────────────────────────────────────────────────────────────────
┌───────────────────────────────────────────────────────────────────────────────────────────────────────────────────────
│ {version: 4, wasCreated: true, hadUpgrade: false}
├┄┄┄┄┄┄┄┄┄┄┄┄┄┄┄┄┄┄┄┄┄┄┄┄┄┄┄┄┄┄┄┄┄┄┄┄┄┄┄┄┄┄┄┄┄┄┄┄┄┄┄┄┄┄┄┄┄┄┄┄┄┄┄┄┄┄┄┄┄┄┄┄┄┄┄┄┄┄┄┄┄┄┄┄┄┄┄┄┄┄┄┄┄┄┄┄┄┄┄┄┄┄┄┄┄┄┄┄┄┄┄┄┄┄┄┄┄┄┄
│ #0   AppLogger.database (package:filler/core/logging.dart:49:13)
│ #1   AppDatabase.migration.<anonymous closure> (package:filler/data/database.dart:211:17)
│ #2   GeneratedDatabase.beforeOpen.<anonymous closure> (package:drift/src/runtime/api/db_base.dart:137:44)
│ #3   <asynchronous suspension>
│ #4   DelegatedDatabase._runMigrations (package:drift/src/runtime/executor/helpers/engines.dart:512:5)
│ #5   <asynchronous suspension>
│ #6   DelegatedDatabase.ensureOpen.<anonymous closure> (package:drift/src/runtime/executor/helpers/engines.dart:476:9)
│ #7   <asynchronous suspension>
├┄┄┄┄┄┄┄┄┄┄┄┄┄┄┄┄┄┄┄┄┄┄┄┄┄┄┄┄┄┄┄┄┄┄┄┄┄┄┄┄┄┄┄┄┄┄┄┄┄┄┄┄┄┄┄┄┄┄┄┄┄┄┄┄┄┄┄┄┄┄┄┄┄┄┄┄┄┄┄┄┄┄┄┄┄┄┄┄┄┄┄┄┄┄┄┄┄┄┄┄┄┄┄┄┄┄┄┄┄┄┄┄┄┄┄┄┄┄┄
│ 07:38:49.952 (+0:00:00.221315)
├┄┄┄┄┄┄┄┄┄┄┄┄┄┄┄┄┄┄┄┄┄┄┄┄┄┄┄┄┄┄┄┄┄┄┄┄┄┄┄┄┄┄┄┄┄┄┄┄┄┄┄┄┄┄┄┄┄┄┄┄┄┄┄┄┄┄┄┄┄┄┄┄┄┄┄┄┄┄┄┄┄┄┄┄┄┄┄┄┄┄┄┄┄┄┄┄┄┄┄┄┄┄┄┄┄┄┄┄┄┄┄┄┄┄┄┄┄┄┄
│ 🐛 💾 Database: Database opened
└───────────────────────────────────────────────────────────────────────────────────────────────────────────────────────
┌───────────────────────────────────────────────────────────────────────────────────────────────────────────────────────
│ {key: width, value: 15}
├┄┄┄┄┄┄┄┄┄┄┄┄┄┄┄┄┄┄┄┄┄┄┄┄┄┄┄┄┄┄┄┄┄┄┄┄┄┄┄┄┄┄┄┄┄┄┄┄┄┄┄┄┄┄┄┄┄┄┄┄┄┄┄┄┄┄┄┄┄┄┄┄┄┄┄┄┄┄┄┄┄┄┄┄┄┄┄┄┄┄┄┄┄┄┄┄┄┄┄┄┄┄┄┄┄┄┄┄┄┄┄┄┄┄┄┄┄┄┄
│ #0   AppLogger.database (package:filler/core/logging.dart:49:13)
│ #1   AppDatabase.setPreferenceValue (package:filler/data/database.dart:337:17)
│ #2   <asynchronous suspension>
│ #3   main.<anonymous closure>.<anonymous closure>.<anonymous closure> (file:///Users/mr42/code/flutter/tmp/filler/test/data/database_test.dart:140:9)
│ #4   <asynchronous suspension>
│ #5   Declarer.test.<anonymous closure>.<anonymous closure> (package:test_api/src/backend/declarer.dart:242:9)
│ #6   <asynchronous suspension>
│ #7   Declarer.test.<anonymous closure> (package:test_api/src/backend/declarer.dart:240:7)
├┄┄┄┄┄┄┄┄┄┄┄┄┄┄┄┄┄┄┄┄┄┄┄┄┄┄┄┄┄┄┄┄┄┄┄┄┄┄┄┄┄┄┄┄┄┄┄┄┄┄┄┄┄┄┄┄┄┄┄┄┄┄┄┄┄┄┄┄┄┄┄┄┄┄┄┄┄┄┄┄┄┄┄┄┄┄┄┄┄┄┄┄┄┄┄┄┄┄┄┄┄┄┄┄┄┄┄┄┄┄┄┄┄┄┄┄┄┄┄
│ 07:38:49.954 (+0:00:00.223065)
├┄┄┄┄┄┄┄┄┄┄┄┄┄┄┄┄┄┄┄┄┄┄┄┄┄┄┄┄┄┄┄┄┄┄┄┄┄┄┄┄┄┄┄┄┄┄┄┄┄┄┄┄┄┄┄┄┄┄┄┄┄┄┄┄┄┄┄┄┄┄┄┄┄┄┄┄┄┄┄┄┄┄┄┄┄┄┄┄┄┄┄┄┄┄┄┄┄┄┄┄┄┄┄┄┄┄┄┄┄┄┄┄┄┄┄┄┄┄┄
│ 🐛 💾 Database: Preference value saved
└───────────────────────────────────────────────────────────────────────────────────────────────────────────────────────
┌───────────────────────────────────────────────────────────────────────────────────────────────────────────────────────
│ {key: height, value: 20, type: int}
├┄┄┄┄┄┄┄┄┄┄┄┄┄┄┄┄┄┄┄┄┄┄┄┄┄┄┄┄┄┄┄┄┄┄┄┄┄┄┄┄┄┄┄┄┄┄┄┄┄┄┄┄┄┄┄┄┄┄┄┄┄┄┄┄┄┄┄┄┄┄┄┄┄┄┄┄┄┄┄┄┄┄┄┄┄┄┄┄┄┄┄┄┄┄┄┄┄┄┄┄┄┄┄┄┄┄┄┄┄┄┄┄┄┄┄┄┄┄┄
│ #0   AppLogger.database (package:filler/core/logging.dart:49:13)
│ #1   AppDatabase.setPreferenceValue (package:filler/data/database.dart:301:15)
│ #2   main.<anonymous closure>.<anonymous closure>.<anonymous closure> (file:///Users/mr42/code/flutter/tmp/filler/test/data/database_test.dart:141:24)
│ #3   <asynchronous suspension>
│ #4   Declarer.test.<anonymous closure>.<anonymous closure> (package:test_api/src/backend/declarer.dart:242:9)
│ #5   <asynchronous suspension>
│ #6   Declarer.test.<anonymous closure> (package:test_api/src/backend/declarer.dart:240:7)
│ #7   <asynchronous suspension>
├┄┄┄┄┄┄┄┄┄┄┄┄┄┄┄┄┄┄┄┄┄┄┄┄┄┄┄┄┄┄┄┄┄┄┄┄┄┄┄┄┄┄┄┄┄┄┄┄┄┄┄┄┄┄┄┄┄┄┄┄┄┄┄┄┄┄┄┄┄┄┄┄┄┄┄┄┄┄┄┄┄┄┄┄┄┄┄┄┄┄┄┄┄┄┄┄┄┄┄┄┄┄┄┄┄┄┄┄┄┄┄┄┄┄┄┄┄┄┄
│ 07:38:49.956 (+0:00:00.224982)
├┄┄┄┄┄┄┄┄┄┄┄┄┄┄┄┄┄┄┄┄┄┄┄┄┄┄┄┄┄┄┄┄┄┄┄┄┄┄┄┄┄┄┄┄┄┄┄┄┄┄┄┄┄┄┄┄┄┄┄┄┄┄┄┄┄┄┄┄┄┄┄┄┄┄┄┄┄┄┄┄┄┄┄┄┄┄┄┄┄┄┄┄┄┄┄┄┄┄┄┄┄┄┄┄┄┄┄┄┄┄┄┄┄┄┄┄┄┄┄
│ 🐛 💾 Database: Setting preference value
└───────────────────────────────────────────────────────────────────────────────────────────────────────────────────────
┌───────────────────────────────────────────────────────────────────────────────────────────────────────────────────────
│ {key: height, value: 20}
├┄┄┄┄┄┄┄┄┄┄┄┄┄┄┄┄┄┄┄┄┄┄┄┄┄┄┄┄┄┄┄┄┄┄┄┄┄┄┄┄┄┄┄┄┄┄┄┄┄┄┄┄┄┄┄┄┄┄┄┄┄┄┄┄┄┄┄┄┄┄┄┄┄┄┄┄┄┄┄┄┄┄┄┄┄┄┄┄┄┄┄┄┄┄┄┄┄┄┄┄┄┄┄┄┄┄┄┄┄┄┄┄┄┄┄┄┄┄┄
│ #0   AppLogger.database (package:filler/core/logging.dart:49:13)
│ #1   AppDatabase.setPreferenceValue (package:filler/data/database.dart:337:17)
│ #2   <asynchronous suspension>
│ #3   main.<anonymous closure>.<anonymous closure>.<anonymous closure> (file:///Users/mr42/code/flutter/tmp/filler/test/data/database_test.dart:141:9)
│ #4   <asynchronous suspension>
│ #5   Declarer.test.<anonymous closure>.<anonymous closure> (package:test_api/src/backend/declarer.dart:242:9)
│ #6   <asynchronous suspension>
│ #7   Declarer.test.<anonymous closure> (package:test_api/src/backend/declarer.dart:240:7)
├┄┄┄┄┄┄┄┄┄┄┄┄┄┄┄┄┄┄┄┄┄┄┄┄┄┄┄┄┄┄┄┄┄┄┄┄┄┄┄┄┄┄┄┄┄┄┄┄┄┄┄┄┄┄┄┄┄┄┄┄┄┄┄┄┄┄┄┄┄┄┄┄┄┄┄┄┄┄┄┄┄┄┄┄┄┄┄┄┄┄┄┄┄┄┄┄┄┄┄┄┄┄┄┄┄┄┄┄┄┄┄┄┄┄┄┄┄┄┄
│ 07:38:49.958 (+0:00:00.226896)
├┄┄┄┄┄┄┄┄┄┄┄┄┄┄┄┄┄┄┄┄┄┄┄┄┄┄┄┄┄┄┄┄┄┄┄┄┄┄┄┄┄┄┄┄┄┄┄┄┄┄┄┄┄┄┄┄┄┄┄┄┄┄┄┄┄┄┄┄┄┄┄┄┄┄┄┄┄┄┄┄┄┄┄┄┄┄┄┄┄┄┄┄┄┄┄┄┄┄┄┄┄┄┄┄┄┄┄┄┄┄┄┄┄┄┄┄┄┄┄
│ 🐛 💾 Database: Preference value saved
└───────────────────────────────────────────────────────────────────────────────────────────────────────────────────────
┌───────────────────────────────────────────────────────────────────────────────────────────────────────────────────────
│ {key: insets, value: 2, type: int}
├┄┄┄┄┄┄┄┄┄┄┄┄┄┄┄┄┄┄┄┄┄┄┄┄┄┄┄┄┄┄┄┄┄┄┄┄┄┄┄┄┄┄┄┄┄┄┄┄┄┄┄┄┄┄┄┄┄┄┄┄┄┄┄┄┄┄┄┄┄┄┄┄┄┄┄┄┄┄┄┄┄┄┄┄┄┄┄┄┄┄┄┄┄┄┄┄┄┄┄┄┄┄┄┄┄┄┄┄┄┄┄┄┄┄┄┄┄┄┄
│ #0   AppLogger.database (package:filler/core/logging.dart:49:13)
│ #1   AppDatabase.setPreferenceValue (package:filler/data/database.dart:301:15)
│ #2   main.<anonymous closure>.<anonymous closure>.<anonymous closure> (file:///Users/mr42/code/flutter/tmp/filler/test/data/database_test.dart:142:24)
│ #3   <asynchronous suspension>
│ #4   Declarer.test.<anonymous closure>.<anonymous closure> (package:test_api/src/backend/declarer.dart:242:9)
│ #5   <asynchronous suspension>
│ #6   Declarer.test.<anonymous closure> (package:test_api/src/backend/declarer.dart:240:7)
│ #7   <asynchronous suspension>
├┄┄┄┄┄┄┄┄┄┄┄┄┄┄┄┄┄┄┄┄┄┄┄┄┄┄┄┄┄┄┄┄┄┄┄┄┄┄┄┄┄┄┄┄┄┄┄┄┄┄┄┄┄┄┄┄┄┄┄┄┄┄┄┄┄┄┄┄┄┄┄┄┄┄┄┄┄┄┄┄┄┄┄┄┄┄┄┄┄┄┄┄┄┄┄┄┄┄┄┄┄┄┄┄┄┄┄┄┄┄┄┄┄┄┄┄┄┄┄
│ 07:38:49.959 (+0:00:00.228258)
├┄┄┄┄┄┄┄┄┄┄┄┄┄┄┄┄┄┄┄┄┄┄┄┄┄┄┄┄┄┄┄┄┄┄┄┄┄┄┄┄┄┄┄┄┄┄┄┄┄┄┄┄┄┄┄┄┄┄┄┄┄┄┄┄┄┄┄┄┄┄┄┄┄┄┄┄┄┄┄┄┄┄┄┄┄┄┄┄┄┄┄┄┄┄┄┄┄┄┄┄┄┄┄┄┄┄┄┄┄┄┄┄┄┄┄┄┄┄┄
│ 🐛 💾 Database: Setting preference value
└───────────────────────────────────────────────────────────────────────────────────────────────────────────────────────
┌───────────────────────────────────────────────────────────────────────────────────────────────────────────────────────
│ {key: insets, value: 2}
├┄┄┄┄┄┄┄┄┄┄┄┄┄┄┄┄┄┄┄┄┄┄┄┄┄┄┄┄┄┄┄┄┄┄┄┄┄┄┄┄┄┄┄┄┄┄┄┄┄┄┄┄┄┄┄┄┄┄┄┄┄┄┄┄┄┄┄┄┄┄┄┄┄┄┄┄┄┄┄┄┄┄┄┄┄┄┄┄┄┄┄┄┄┄┄┄┄┄┄┄┄┄┄┄┄┄┄┄┄┄┄┄┄┄┄┄┄┄┄
│ #0   AppLogger.database (package:filler/core/logging.dart:49:13)
│ #1   AppDatabase.setPreferenceValue (package:filler/data/database.dart:337:17)
│ #2   <asynchronous suspension>
│ #3   main.<anonymous closure>.<anonymous closure>.<anonymous closure> (file:///Users/mr42/code/flutter/tmp/filler/test/data/database_test.dart:142:9)
│ #4   <asynchronous suspension>
│ #5   Declarer.test.<anonymous closure>.<anonymous closure> (package:test_api/src/backend/declarer.dart:242:9)
│ #6   <asynchronous suspension>
│ #7   Declarer.test.<anonymous closure> (package:test_api/src/backend/declarer.dart:240:7)
├┄┄┄┄┄┄┄┄┄┄┄┄┄┄┄┄┄┄┄┄┄┄┄┄┄┄┄┄┄┄┄┄┄┄┄┄┄┄┄┄┄┄┄┄┄┄┄┄┄┄┄┄┄┄┄┄┄┄┄┄┄┄┄┄┄┄┄┄┄┄┄┄┄┄┄┄┄┄┄┄┄┄┄┄┄┄┄┄┄┄┄┄┄┄┄┄┄┄┄┄┄┄┄┄┄┄┄┄┄┄┄┄┄┄┄┄┄┄┄
│ 07:38:49.961 (+0:00:00.230164)
├┄┄┄┄┄┄┄┄┄┄┄┄┄┄┄┄┄┄┄┄┄┄┄┄┄┄┄┄┄┄┄┄┄┄┄┄┄┄┄┄┄┄┄┄┄┄┄┄┄┄┄┄┄┄┄┄┄┄┄┄┄┄┄┄┄┄┄┄┄┄┄┄┄┄┄┄┄┄┄┄┄┄┄┄┄┄┄┄┄┄┄┄┄┄┄┄┄┄┄┄┄┄┄┄┄┄┄┄┄┄┄┄┄┄┄┄┄┄┄
│ 🐛 💾 Database: Preference value saved
└───────────────────────────────────────────────────────────────────────────────────────────────────────────────────────
┌───────────────────────────────────────────────────────────────────────────────────────────────────────────────────────
│ {key: defaultColor, value: 4294198070, type: int}
├┄┄┄┄┄┄┄┄┄┄┄┄┄┄┄┄┄┄┄┄┄┄┄┄┄┄┄┄┄┄┄┄┄┄┄┄┄┄┄┄┄┄┄┄┄┄┄┄┄┄┄┄┄┄┄┄┄┄┄┄┄┄┄┄┄┄┄┄┄┄┄┄┄┄┄┄┄┄┄┄┄┄┄┄┄┄┄┄┄┄┄┄┄┄┄┄┄┄┄┄┄┄┄┄┄┄┄┄┄┄┄┄┄┄┄┄┄┄┄
│ #0   AppLogger.database (package:filler/core/logging.dart:49:13)
│ #1   AppDatabase.setPreferenceValue (package:filler/data/database.dart:301:15)
│ #2   main.<anonymous closure>.<anonymous closure>.<anonymous closure> (file:///Users/mr42/code/flutter/tmp/filler/test/data/database_test.dart:143:24)
│ #3   <asynchronous suspension>
│ #4   Declarer.test.<anonymous closure>.<anonymous closure> (package:test_api/src/backend/declarer.dart:242:9)
│ #5   <asynchronous suspension>
│ #6   Declarer.test.<anonymous closure> (package:test_api/src/backend/declarer.dart:240:7)
│ #7   <asynchronous suspension>
├┄┄┄┄┄┄┄┄┄┄┄┄┄┄┄┄┄┄┄┄┄┄┄┄┄┄┄┄┄┄┄┄┄┄┄┄┄┄┄┄┄┄┄┄┄┄┄┄┄┄┄┄┄┄┄┄┄┄┄┄┄┄┄┄┄┄┄┄┄┄┄┄┄┄┄┄┄┄┄┄┄┄┄┄┄┄┄┄┄┄┄┄┄┄┄┄┄┄┄┄┄┄┄┄┄┄┄┄┄┄┄┄┄┄┄┄┄┄┄
│ 07:38:49.963 (+0:00:00.231822)
├┄┄┄┄┄┄┄┄┄┄┄┄┄┄┄┄┄┄┄┄┄┄┄┄┄┄┄┄┄┄┄┄┄┄┄┄┄┄┄┄┄┄┄┄┄┄┄┄┄┄┄┄┄┄┄┄┄┄┄┄┄┄┄┄┄┄┄┄┄┄┄┄┄┄┄┄┄┄┄┄┄┄┄┄┄┄┄┄┄┄┄┄┄┄┄┄┄┄┄┄┄┄┄┄┄┄┄┄┄┄┄┄┄┄┄┄┄┄┄
│ 🐛 💾 Database: Setting preference value
└───────────────────────────────────────────────────────────────────────────────────────────────────────────────────────
┌───────────────────────────────────────────────────────────────────────────────────────────────────────────────────────
│ {key: defaultColor, value: 4294198070}
├┄┄┄┄┄┄┄┄┄┄┄┄┄┄┄┄┄┄┄┄┄┄┄┄┄┄┄┄┄┄┄┄┄┄┄┄┄┄┄┄┄┄┄┄┄┄┄┄┄┄┄┄┄┄┄┄┄┄┄┄┄┄┄┄┄┄┄┄┄┄┄┄┄┄┄┄┄┄┄┄┄┄┄┄┄┄┄┄┄┄┄┄┄┄┄┄┄┄┄┄┄┄┄┄┄┄┄┄┄┄┄┄┄┄┄┄┄┄┄
│ #0   AppLogger.database (package:filler/core/logging.dart:49:13)
│ #1   AppDatabase.setPreferenceValue (package:filler/data/database.dart:337:17)
│ #2   <asynchronous suspension>
│ #3   main.<anonymous closure>.<anonymous closure>.<anonymous closure> (file:///Users/mr42/code/flutter/tmp/filler/test/data/database_test.dart:143:9)
│ #4   <asynchronous suspension>
│ #5   Declarer.test.<anonymous closure>.<anonymous closure> (package:test_api/src/backend/declarer.dart:242:9)
│ #6   <asynchronous suspension>
│ #7   Declarer.test.<anonymous closure> (package:test_api/src/backend/declarer.dart:240:7)
├┄┄┄┄┄┄┄┄┄┄┄┄┄┄┄┄┄┄┄┄┄┄┄┄┄┄┄┄┄┄┄┄┄┄┄┄┄┄┄┄┄┄┄┄┄┄┄┄┄┄┄┄┄┄┄┄┄┄┄┄┄┄┄┄┄┄┄┄┄┄┄┄┄┄┄┄┄┄┄┄┄┄┄┄┄┄┄┄┄┄┄┄┄┄┄┄┄┄┄┄┄┄┄┄┄┄┄┄┄┄┄┄┄┄┄┄┄┄┄
│ 07:38:49.965 (+0:00:00.233878)
├┄┄┄┄┄┄┄┄┄┄┄┄┄┄┄┄┄┄┄┄┄┄┄┄┄┄┄┄┄┄┄┄┄┄┄┄┄┄┄┄┄┄┄┄┄┄┄┄┄┄┄┄┄┄┄┄┄┄┄┄┄┄┄┄┄┄┄┄┄┄┄┄┄┄┄┄┄┄┄┄┄┄┄┄┄┄┄┄┄┄┄┄┄┄┄┄┄┄┄┄┄┄┄┄┄┄┄┄┄┄┄┄┄┄┄┄┄┄┄
│ 🐛 💾 Database: Preference value saved
└───────────────────────────────────────────────────────────────────────────────────────────────────────────────────────
┌───────────────────────────────────────────────────────────────────────────────────────────────────────────────────────
│ #0   AppLogger.database (package:filler/core/logging.dart:49:13)
│ #1   AppDatabase.getAllPreferences (package:filler/data/database.dart:354:15)
├┄┄┄┄┄┄┄┄┄┄┄┄┄┄┄┄┄┄┄┄┄┄┄┄┄┄┄┄┄┄┄┄┄┄┄┄┄┄┄┄┄┄┄┄┄┄┄┄┄┄┄┄┄┄┄┄┄┄┄┄┄┄┄┄┄┄┄┄┄┄┄┄┄┄┄┄┄┄┄┄┄┄┄┄┄┄┄┄┄┄┄┄┄┄┄┄┄┄┄┄┄┄┄┄┄┄┄┄┄┄┄┄┄┄┄┄┄┄┄
│ 07:38:49.966 (+0:00:00.235418)
├┄┄┄┄┄┄┄┄┄┄┄┄┄┄┄┄┄┄┄┄┄┄┄┄┄┄┄┄┄┄┄┄┄┄┄┄┄┄┄┄┄┄┄┄┄┄┄┄┄┄┄┄┄┄┄┄┄┄┄┄┄┄┄┄┄┄┄┄┄┄┄┄┄┄┄┄┄┄┄┄┄┄┄┄┄┄┄┄┄┄┄┄┄┄┄┄┄┄┄┄┄┄┄┄┄┄┄┄┄┄┄┄┄┄┄┄┄┄┄
│ 🐛 💾 Database: Fetching all preferences
└───────────────────────────────────────────────────────────────────────────────────────────────────────────────────────
┌───────────────────────────────────────────────────────────────────────────────────────────────────────────────────────
│ {count: 4, keys: [width, height, insets, defaultColor]}
├┄┄┄┄┄┄┄┄┄┄┄┄┄┄┄┄┄┄┄┄┄┄┄┄┄┄┄┄┄┄┄┄┄┄┄┄┄┄┄┄┄┄┄┄┄┄┄┄┄┄┄┄┄┄┄┄┄┄┄┄┄┄┄┄┄┄┄┄┄┄┄┄┄┄┄┄┄┄┄┄┄┄┄┄┄┄┄┄┄┄┄┄┄┄┄┄┄┄┄┄┄┄┄┄┄┄┄┄┄┄┄┄┄┄┄┄┄┄┄
│ #0   AppLogger.database (package:filler/core/logging.dart:49:13)
│ #1   AppDatabase.getAllPreferences (package:filler/data/database.dart:364:17)
│ #2   <asynchronous suspension>
│ #3   main.<anonymous closure>.<anonymous closure>.<anonymous closure> (file:///Users/mr42/code/flutter/tmp/filler/test/data/database_test.dart:146:26)
│ #4   <asynchronous suspension>
│ #5   Declarer.test.<anonymous closure>.<anonymous closure> (package:test_api/src/backend/declarer.dart:242:9)
│ #6   <asynchronous suspension>
│ #7   Declarer.test.<anonymous closure> (package:test_api/src/backend/declarer.dart:240:7)
├┄┄┄┄┄┄┄┄┄┄┄┄┄┄┄┄┄┄┄┄┄┄┄┄┄┄┄┄┄┄┄┄┄┄┄┄┄┄┄┄┄┄┄┄┄┄┄┄┄┄┄┄┄┄┄┄┄┄┄┄┄┄┄┄┄┄┄┄┄┄┄┄┄┄┄┄┄┄┄┄┄┄┄┄┄┄┄┄┄┄┄┄┄┄┄┄┄┄┄┄┄┄┄┄┄┄┄┄┄┄┄┄┄┄┄┄┄┄┄
│ 07:38:49.967 (+0:00:00.236399)
├┄┄┄┄┄┄┄┄┄┄┄┄┄┄┄┄┄┄┄┄┄┄┄┄┄┄┄┄┄┄┄┄┄┄┄┄┄┄┄┄┄┄┄┄┄┄┄┄┄┄┄┄┄┄┄┄┄┄┄┄┄┄┄┄┄┄┄┄┄┄┄┄┄┄┄┄┄┄┄┄┄┄┄┄┄┄┄┄┄┄┄┄┄┄┄┄┄┄┄┄┄┄┄┄┄┄┄┄┄┄┄┄┄┄┄┄┄┄┄
│ 🐛 💾 Database: Retrieved all preferences
└───────────────────────────────────────────────────────────────────────────────────────────────────────────────────────
┌───────────────────────────────────────────────────────────────────────────────────────────────────────────────────────
│ #0   TestHelpers.cleanup (file:///Users/mr42/code/flutter/tmp/filler/test/helpers/test_helpers.dart:152:24)
│ #1   main.<anonymous closure> (file:///Users/mr42/code/flutter/tmp/filler/test/data/database_test.dart:19:23)
├┄┄┄┄┄┄┄┄┄┄┄┄┄┄┄┄┄┄┄┄┄┄┄┄┄┄┄┄┄┄┄┄┄┄┄┄┄┄┄┄┄┄┄┄┄┄┄┄┄┄┄┄┄┄┄┄┄┄┄┄┄┄┄┄┄┄┄┄┄┄┄┄┄┄┄┄┄┄┄┄┄┄┄┄┄┄┄┄┄┄┄┄┄┄┄┄┄┄┄┄┄┄┄┄┄┄┄┄┄┄┄┄┄┄┄┄┄┄┄
│ 07:38:49.969 (+0:00:00.238244)
├┄┄┄┄┄┄┄┄┄┄┄┄┄┄┄┄┄┄┄┄┄┄┄┄┄┄┄┄┄┄┄┄┄┄┄┄┄┄┄┄┄┄┄┄┄┄┄┄┄┄┄┄┄┄┄┄┄┄┄┄┄┄┄┄┄┄┄┄┄┄┄┄┄┄┄┄┄┄┄┄┄┄┄┄┄┄┄┄┄┄┄┄┄┄┄┄┄┄┄┄┄┄┄┄┄┄┄┄┄┄┄┄┄┄┄┄┄┄┄
│ 🐛 🧹 Cleaning up test environment
└───────────────────────────────────────────────────────────────────────────────────────────────────────────────────────
┌───────────────────────────────────────────────────────────────────────────────────────────────────────────────────────
│ #0   TestHelpers.cleanup (file:///Users/mr42/code/flutter/tmp/filler/test/helpers/test_helpers.dart:166:26)
│ #1   main.<anonymous closure> (file:///Users/mr42/code/flutter/tmp/filler/test/data/database_test.dart:19:23)
├┄┄┄┄┄┄┄┄┄┄┄┄┄┄┄┄┄┄┄┄┄┄┄┄┄┄┄┄┄┄┄┄┄┄┄┄┄┄┄┄┄┄┄┄┄┄┄┄┄┄┄┄┄┄┄┄┄┄┄┄┄┄┄┄┄┄┄┄┄┄┄┄┄┄┄┄┄┄┄┄┄┄┄┄┄┄┄┄┄┄┄┄┄┄┄┄┄┄┄┄┄┄┄┄┄┄┄┄┄┄┄┄┄┄┄┄┄┄┄
│ 07:38:49.971 (+0:00:00.240640)
├┄┄┄┄┄┄┄┄┄┄┄┄┄┄┄┄┄┄┄┄┄┄┄┄┄┄┄┄┄┄┄┄┄┄┄┄┄┄┄┄┄┄┄┄┄┄┄┄┄┄┄┄┄┄┄┄┄┄┄┄┄┄┄┄┄┄┄┄┄┄┄┄┄┄┄┄┄┄┄┄┄┄┄┄┄┄┄┄┄┄┄┄┄┄┄┄┄┄┄┄┄┄┄┄┄┄┄┄┄┄┄┄┄┄┄┄┄┄┄
│ 🐛 ✅ Test cleanup completed
└───────────────────────────────────────────────────────────────────────────────────────────────────────────────────────

00:03 +49 -2: /Users/mr42/code/flutter/tmp/filler/test/integration/page_state_transitions_test.dart: BLoC State Transitions - All Pages Preferences BLoC - State Transitions                           
00:03 +49 -2: /Users/mr42/code/flutter/tmp/filler/test/data/database_test.dart: AppDatabase Key-Value Preferences Operations should handle empty preferences gracefully                                
┌───────────────────────────────────────────────────────────────────────────────────────────────────────────────────────
│ #0   TestHelpers.createTestDatabase (file:///Users/mr42/code/flutter/tmp/filler/test/helpers/test_helpers.dart:30:24)
│ #1   main.<anonymous closure> (file:///Users/mr42/code/flutter/tmp/filler/test/data/database_test.dart:14:28)
├┄┄┄┄┄┄┄┄┄┄┄┄┄┄┄┄┄┄┄┄┄┄┄┄┄┄┄┄┄┄┄┄┄┄┄┄┄┄┄┄┄┄┄┄┄┄┄┄┄┄┄┄┄┄┄┄┄┄┄┄┄┄┄┄┄┄┄┄┄┄┄┄┄┄┄┄┄┄┄┄┄┄┄┄┄┄┄┄┄┄┄┄┄┄┄┄┄┄┄┄┄┄┄┄┄┄┄┄┄┄┄┄┄┄┄┄┄┄┄
│ 07:38:49.974 (+0:00:00.243165)
├┄┄┄┄┄┄┄┄┄┄┄┄┄┄┄┄┄┄┄┄┄┄┄┄┄┄┄┄┄┄┄┄┄┄┄┄┄┄┄┄┄┄┄┄┄┄┄┄┄┄┄┄┄┄┄┄┄┄┄┄┄┄┄┄┄┄┄┄┄┄┄┄┄┄┄┄┄┄┄┄┄┄┄┄┄┄┄┄┄┄┄┄┄┄┄┄┄┄┄┄┄┄┄┄┄┄┄┄┄┄┄┄┄┄┄┄┄┄┄
│ 🐛 🗄️ Creating test database
└───────────────────────────────────────────────────────────────────────────────────────────────────────────────────────
┌───────────────────────────────────────────────────────────────────────────────────────────────────────────────────────
│ #0   AppLogger.database (package:filler/core/logging.dart:49:13)
│ #1   AppDatabase.getAllPreferences (package:filler/data/database.dart:354:15)
├┄┄┄┄┄┄┄┄┄┄┄┄┄┄┄┄┄┄┄┄┄┄┄┄┄┄┄┄┄┄┄┄┄┄┄┄┄┄┄┄┄┄┄┄┄┄┄┄┄┄┄┄┄┄┄┄┄┄┄┄┄┄┄┄┄┄┄┄┄┄┄┄┄┄┄┄┄┄┄┄┄┄┄┄┄┄┄┄┄┄┄┄┄┄┄┄┄┄┄┄┄┄┄┄┄┄┄┄┄┄┄┄┄┄┄┄┄┄┄
│ 07:38:49.975 (+0:00:00.244149)
├┄┄┄┄┄┄┄┄┄┄┄┄┄┄┄┄┄┄┄┄┄┄┄┄┄┄┄┄┄┄┄┄┄┄┄┄┄┄┄┄┄┄┄┄┄┄┄┄┄┄┄┄┄┄┄┄┄┄┄┄┄┄┄┄┄┄┄┄┄┄┄┄┄┄┄┄┄┄┄┄┄┄┄┄┄┄┄┄┄┄┄┄┄┄┄┄┄┄┄┄┄┄┄┄┄┄┄┄┄┄┄┄┄┄┄┄┄┄┄
│ 🐛 💾 Database: Fetching all preferences
└───────────────────────────────────────────────────────────────────────────────────────────────────────────────────────
┌───────────────────────────────────────────────────────────────────────────────────────────────────────────────────────
│ #0   AppLogger.database (package:filler/core/logging.dart:49:13)
│ #1   createTestDatabaseConnection.<anonymous closure> (package:filler/data/database_connection.dart:22:15)
├┄┄┄┄┄┄┄┄┄┄┄┄┄┄┄┄┄┄┄┄┄┄┄┄┄┄┄┄┄┄┄┄┄┄┄┄┄┄┄┄┄┄┄┄┄┄┄┄┄┄┄┄┄┄┄┄┄┄┄┄┄┄┄┄┄┄┄┄┄┄┄┄┄┄┄┄┄┄┄┄┄┄┄┄┄┄┄┄┄┄┄┄┄┄┄┄┄┄┄┄┄┄┄┄┄┄┄┄┄┄┄┄┄┄┄┄┄┄┄
│ 07:38:49.976 (+0:00:00.244986)
├┄┄┄┄┄┄┄┄┄┄┄┄┄┄┄┄┄┄┄┄┄┄┄┄┄┄┄┄┄┄┄┄┄┄┄┄┄┄┄┄┄┄┄┄┄┄┄┄┄┄┄┄┄┄┄┄┄┄┄┄┄┄┄┄┄┄┄┄┄┄┄┄┄┄┄┄┄┄┄┄┄┄┄┄┄┄┄┄┄┄┄┄┄┄┄┄┄┄┄┄┄┄┄┄┄┄┄┄┄┄┄┄┄┄┄┄┄┄┄
│ 🐛 💾 Database: Test AppDatabase instance created (in-memory)
└───────────────────────────────────────────────────────────────────────────────────────────────────────────────────────
┌───────────────────────────────────────────────────────────────────────────────────────────────────────────────────────
│ {version: 4, wasCreated: true, hadUpgrade: false}
├┄┄┄┄┄┄┄┄┄┄┄┄┄┄┄┄┄┄┄┄┄┄┄┄┄┄┄┄┄┄┄┄┄┄┄┄┄┄┄┄┄┄┄┄┄┄┄┄┄┄┄┄┄┄┄┄┄┄┄┄┄┄┄┄┄┄┄┄┄┄┄┄┄┄┄┄┄┄┄┄┄┄┄┄┄┄┄┄┄┄┄┄┄┄┄┄┄┄┄┄┄┄┄┄┄┄┄┄┄┄┄┄┄┄┄┄┄┄┄
│ #0   AppLogger.database (package:filler/core/logging.dart:49:13)
│ #1   AppDatabase.migration.<anonymous closure> (package:filler/data/database.dart:211:17)
│ #2   GeneratedDatabase.beforeOpen.<anonymous closure> (package:drift/src/runtime/api/db_base.dart:137:44)
│ #3   <asynchronous suspension>
│ #4   DelegatedDatabase._runMigrations (package:drift/src/runtime/executor/helpers/engines.dart:512:5)
│ #5   <asynchronous suspension>
│ #6   DelegatedDatabase.ensureOpen.<anonymous closure> (package:drift/src/runtime/executor/helpers/engines.dart:476:9)
│ #7   <asynchronous suspension>
├┄┄┄┄┄┄┄┄┄┄┄┄┄┄┄┄┄┄┄┄┄┄┄┄┄┄┄┄┄┄┄┄┄┄┄┄┄┄┄┄┄┄┄┄┄┄┄┄┄┄┄┄┄┄┄┄┄┄┄┄┄┄┄┄┄┄┄┄┄┄┄┄┄┄┄┄┄┄┄┄┄┄┄┄┄┄┄┄┄┄┄┄┄┄┄┄┄┄┄┄┄┄┄┄┄┄┄┄┄┄┄┄┄┄┄┄┄┄┄
│ 07:38:49.977 (+0:00:00.246492)
├┄┄┄┄┄┄┄┄┄┄┄┄┄┄┄┄┄┄┄┄┄┄┄┄┄┄┄┄┄┄┄┄┄┄┄┄┄┄┄┄┄┄┄┄┄┄┄┄┄┄┄┄┄┄┄┄┄┄┄┄┄┄┄┄┄┄┄┄┄┄┄┄┄┄┄┄┄┄┄┄┄┄┄┄┄┄┄┄┄┄┄┄┄┄┄┄┄┄┄┄┄┄┄┄┄┄┄┄┄┄┄┄┄┄┄┄┄┄┄
│ 🐛 💾 Database: Database opened
└───────────────────────────────────────────────────────────────────────────────────────────────────────────────────────
┌───────────────────────────────────────────────────────────────────────────────────────────────────────────────────────
│ {count: 0, keys: []}
├┄┄┄┄┄┄┄┄┄┄┄┄┄┄┄┄┄┄┄┄┄┄┄┄┄┄┄┄┄┄┄┄┄┄┄┄┄┄┄┄┄┄┄┄┄┄┄┄┄┄┄┄┄┄┄┄┄┄┄┄┄┄┄┄┄┄┄┄┄┄┄┄┄┄┄┄┄┄┄┄┄┄┄┄┄┄┄┄┄┄┄┄┄┄┄┄┄┄┄┄┄┄┄┄┄┄┄┄┄┄┄┄┄┄┄┄┄┄┄
│ #0   AppLogger.database (package:filler/core/logging.dart:49:13)
│ #1   AppDatabase.getAllPreferences (package:filler/data/database.dart:364:17)
│ #2   <asynchronous suspension>
│ #3   main.<anonymous closure>.<anonymous closure>.<anonymous closure> (file:///Users/mr42/code/flutter/tmp/filler/test/data/database_test.dart:158:26)
│ #4   <asynchronous suspension>
│ #5   Declarer.test.<anonymous closure>.<anonymous closure> (package:test_api/src/backend/declarer.dart:242:9)
│ #6   <asynchronous suspension>
│ #7   Declarer.test.<anonymous closure> (package:test_api/src/backend/declarer.dart:240:7)
├┄┄┄┄┄┄┄┄┄┄┄┄┄┄┄┄┄┄┄┄┄┄┄┄┄┄┄┄┄┄┄┄┄┄┄┄┄┄┄┄┄┄┄┄┄┄┄┄┄┄┄┄┄┄┄┄┄┄┄┄┄┄┄┄┄┄┄┄┄┄┄┄┄┄┄┄┄┄┄┄┄┄┄┄┄┄┄┄┄┄┄┄┄┄┄┄┄┄┄┄┄┄┄┄┄┄┄┄┄┄┄┄┄┄┄┄┄┄┄
│ 07:38:49.979 (+0:00:00.247961)
├┄┄┄┄┄┄┄┄┄┄┄┄┄┄┄┄┄┄┄┄┄┄┄┄┄┄┄┄┄┄┄┄┄┄┄┄┄┄┄┄┄┄┄┄┄┄┄┄┄┄┄┄┄┄┄┄┄┄┄┄┄┄┄┄┄┄┄┄┄┄┄┄┄┄┄┄┄┄┄┄┄┄┄┄┄┄┄┄┄┄┄┄┄┄┄┄┄┄┄┄┄┄┄┄┄┄┄┄┄┄┄┄┄┄┄┄┄┄┄
│ 🐛 💾 Database: Retrieved all preferences
└───────────────────────────────────────────────────────────────────────────────────────────────────────────────────────
┌───────────────────────────────────────────────────────────────────────────────────────────────────────────────────────
│ #0   TestHelpers.cleanup (file:///Users/mr42/code/flutter/tmp/filler/test/helpers/test_helpers.dart:152:24)
│ #1   main.<anonymous closure> (file:///Users/mr42/code/flutter/tmp/filler/test/data/database_test.dart:19:23)
├┄┄┄┄┄┄┄┄┄┄┄┄┄┄┄┄┄┄┄┄┄┄┄┄┄┄┄┄┄┄┄┄┄┄┄┄┄┄┄┄┄┄┄┄┄┄┄┄┄┄┄┄┄┄┄┄┄┄┄┄┄┄┄┄┄┄┄┄┄┄┄┄┄┄┄┄┄┄┄┄┄┄┄┄┄┄┄┄┄┄┄┄┄┄┄┄┄┄┄┄┄┄┄┄┄┄┄┄┄┄┄┄┄┄┄┄┄┄┄
│ 07:38:49.980 (+0:00:00.249608)
├┄┄┄┄┄┄┄┄┄┄┄┄┄┄┄┄┄┄┄┄┄┄┄┄┄┄┄┄┄┄┄┄┄┄┄┄┄┄┄┄┄┄┄┄┄┄┄┄┄┄┄┄┄┄┄┄┄┄┄┄┄┄┄┄┄┄┄┄┄┄┄┄┄┄┄┄┄┄┄┄┄┄┄┄┄┄┄┄┄┄┄┄┄┄┄┄┄┄┄┄┄┄┄┄┄┄┄┄┄┄┄┄┄┄┄┄┄┄┄
│ 🐛 🧹 Cleaning up test environment
└───────────────────────────────────────────────────────────────────────────────────────────────────────────────────────
┌───────────────────────────────────────────────────────────────────────────────────────────────────────────────────────
│ #0   TestHelpers.cleanup (file:///Users/mr42/code/flutter/tmp/filler/test/helpers/test_helpers.dart:166:26)
│ #1   main.<anonymous closure> (file:///Users/mr42/code/flutter/tmp/filler/test/data/database_test.dart:19:23)
├┄┄┄┄┄┄┄┄┄┄┄┄┄┄┄┄┄┄┄┄┄┄┄┄┄┄┄┄┄┄┄┄┄┄┄┄┄┄┄┄┄┄┄┄┄┄┄┄┄┄┄┄┄┄┄┄┄┄┄┄┄┄┄┄┄┄┄┄┄┄┄┄┄┄┄┄┄┄┄┄┄┄┄┄┄┄┄┄┄┄┄┄┄┄┄┄┄┄┄┄┄┄┄┄┄┄┄┄┄┄┄┄┄┄┄┄┄┄┄
│ 07:38:49.983 (+0:00:00.251915)
├┄┄┄┄┄┄┄┄┄┄┄┄┄┄┄┄┄┄┄┄┄┄┄┄┄┄┄┄┄┄┄┄┄┄┄┄┄┄┄┄┄┄┄┄┄┄┄┄┄┄┄┄┄┄┄┄┄┄┄┄┄┄┄┄┄┄┄┄┄┄┄┄┄┄┄┄┄┄┄┄┄┄┄┄┄┄┄┄┄┄┄┄┄┄┄┄┄┄┄┄┄┄┄┄┄┄┄┄┄┄┄┄┄┄┄┄┄┄┄
│ 🐛 ✅ Test cleanup completed
└───────────────────────────────────────────────────────────────────────────────────────────────────────────────────────

00:03 +50 -2: /Users/mr42/code/flutter/tmp/filler/test/integration/page_state_transitions_test.dart: BLoC State Transitions - All Pages Preferences BLoC - State Transitions                           
00:03 +50 -2: /Users/mr42/code/flutter/tmp/filler/test/data/database_test.dart: AppDatabase Key-Value Preferences Operations should track creation and update timestamps                               
┌───────────────────────────────────────────────────────────────────────────────────────────────────────────────────────
│ #0   TestHelpers.createTestDatabase (file:///Users/mr42/code/flutter/tmp/filler/test/helpers/test_helpers.dart:30:24)
│ #1   main.<anonymous closure> (file:///Users/mr42/code/flutter/tmp/filler/test/data/database_test.dart:14:28)
├┄┄┄┄┄┄┄┄┄┄┄┄┄┄┄┄┄┄┄┄┄┄┄┄┄┄┄┄┄┄┄┄┄┄┄┄┄┄┄┄┄┄┄┄┄┄┄┄┄┄┄┄┄┄┄┄┄┄┄┄┄┄┄┄┄┄┄┄┄┄┄┄┄┄┄┄┄┄┄┄┄┄┄┄┄┄┄┄┄┄┄┄┄┄┄┄┄┄┄┄┄┄┄┄┄┄┄┄┄┄┄┄┄┄┄┄┄┄┄
│ 07:38:49.984 (+0:00:00.253519)
├┄┄┄┄┄┄┄┄┄┄┄┄┄┄┄┄┄┄┄┄┄┄┄┄┄┄┄┄┄┄┄┄┄┄┄┄┄┄┄┄┄┄┄┄┄┄┄┄┄┄┄┄┄┄┄┄┄┄┄┄┄┄┄┄┄┄┄┄┄┄┄┄┄┄┄┄┄┄┄┄┄┄┄┄┄┄┄┄┄┄┄┄┄┄┄┄┄┄┄┄┄┄┄┄┄┄┄┄┄┄┄┄┄┄┄┄┄┄┄
│ 🐛 🗄️ Creating test database
└───────────────────────────────────────────────────────────────────────────────────────────────────────────────────────
┌───────────────────────────────────────────────────────────────────────────────────────────────────────────────────────
│ {key: testTimestamp, value: initial, type: string}
├┄┄┄┄┄┄┄┄┄┄┄┄┄┄┄┄┄┄┄┄┄┄┄┄┄┄┄┄┄┄┄┄┄┄┄┄┄┄┄┄┄┄┄┄┄┄┄┄┄┄┄┄┄┄┄┄┄┄┄┄┄┄┄┄┄┄┄┄┄┄┄┄┄┄┄┄┄┄┄┄┄┄┄┄┄┄┄┄┄┄┄┄┄┄┄┄┄┄┄┄┄┄┄┄┄┄┄┄┄┄┄┄┄┄┄┄┄┄┄
│ #0   AppLogger.database (package:filler/core/logging.dart:49:13)
│ #1   AppDatabase.setPreferenceValue (package:filler/data/database.dart:301:15)
│ #2   main.<anonymous closure>.<anonymous closure>.<anonymous closure> (file:///Users/mr42/code/flutter/tmp/filler/test/data/database_test.dart:170:24)
│ #3   Declarer.test.<anonymous closure>.<anonymous closure> (package:test_api/src/backend/declarer.dart:242:19)
│ #4   <asynchronous suspension>
│ #5   Declarer.test.<anonymous closure> (package:test_api/src/backend/declarer.dart:240:7)
│ #6   <asynchronous suspension>
│ #7   Invoker._waitForOutstandingCallbacks.<anonymous closure> (package:test_api/src/backend/invoker.dart:282:9)
├┄┄┄┄┄┄┄┄┄┄┄┄┄┄┄┄┄┄┄┄┄┄┄┄┄┄┄┄┄┄┄┄┄┄┄┄┄┄┄┄┄┄┄┄┄┄┄┄┄┄┄┄┄┄┄┄┄┄┄┄┄┄┄┄┄┄┄┄┄┄┄┄┄┄┄┄┄┄┄┄┄┄┄┄┄┄┄┄┄┄┄┄┄┄┄┄┄┄┄┄┄┄┄┄┄┄┄┄┄┄┄┄┄┄┄┄┄┄┄
│ 07:38:49.985 (+0:00:00.254665)
├┄┄┄┄┄┄┄┄┄┄┄┄┄┄┄┄┄┄┄┄┄┄┄┄┄┄┄┄┄┄┄┄┄┄┄┄┄┄┄┄┄┄┄┄┄┄┄┄┄┄┄┄┄┄┄┄┄┄┄┄┄┄┄┄┄┄┄┄┄┄┄┄┄┄┄┄┄┄┄┄┄┄┄┄┄┄┄┄┄┄┄┄┄┄┄┄┄┄┄┄┄┄┄┄┄┄┄┄┄┄┄┄┄┄┄┄┄┄┄
│ 🐛 💾 Database: Setting preference value
└───────────────────────────────────────────────────────────────────────────────────────────────────────────────────────
┌───────────────────────────────────────────────────────────────────────────────────────────────────────────────────────
│ #0   AppLogger.database (package:filler/core/logging.dart:49:13)
│ #1   createTestDatabaseConnection.<anonymous closure> (package:filler/data/database_connection.dart:22:15)
├┄┄┄┄┄┄┄┄┄┄┄┄┄┄┄┄┄┄┄┄┄┄┄┄┄┄┄┄┄┄┄┄┄┄┄┄┄┄┄┄┄┄┄┄┄┄┄┄┄┄┄┄┄┄┄┄┄┄┄┄┄┄┄┄┄┄┄┄┄┄┄┄┄┄┄┄┄┄┄┄┄┄┄┄┄┄┄┄┄┄┄┄┄┄┄┄┄┄┄┄┄┄┄┄┄┄┄┄┄┄┄┄┄┄┄┄┄┄┄
│ 07:38:49.987 (+0:00:00.255945)
├┄┄┄┄┄┄┄┄┄┄┄┄┄┄┄┄┄┄┄┄┄┄┄┄┄┄┄┄┄┄┄┄┄┄┄┄┄┄┄┄┄┄┄┄┄┄┄┄┄┄┄┄┄┄┄┄┄┄┄┄┄┄┄┄┄┄┄┄┄┄┄┄┄┄┄┄┄┄┄┄┄┄┄┄┄┄┄┄┄┄┄┄┄┄┄┄┄┄┄┄┄┄┄┄┄┄┄┄┄┄┄┄┄┄┄┄┄┄┄
│ 🐛 💾 Database: Test AppDatabase instance created (in-memory)
└───────────────────────────────────────────────────────────────────────────────────────────────────────────────────────
┌───────────────────────────────────────────────────────────────────────────────────────────────────────────────────────
│ {version: 4, wasCreated: true, hadUpgrade: false}
├┄┄┄┄┄┄┄┄┄┄┄┄┄┄┄┄┄┄┄┄┄┄┄┄┄┄┄┄┄┄┄┄┄┄┄┄┄┄┄┄┄┄┄┄┄┄┄┄┄┄┄┄┄┄┄┄┄┄┄┄┄┄┄┄┄┄┄┄┄┄┄┄┄┄┄┄┄┄┄┄┄┄┄┄┄┄┄┄┄┄┄┄┄┄┄┄┄┄┄┄┄┄┄┄┄┄┄┄┄┄┄┄┄┄┄┄┄┄┄
│ #0   AppLogger.database (package:filler/core/logging.dart:49:13)
│ #1   AppDatabase.migration.<anonymous closure> (package:filler/data/database.dart:211:17)
│ #2   GeneratedDatabase.beforeOpen.<anonymous closure> (package:drift/src/runtime/api/db_base.dart:137:44)
│ #3   <asynchronous suspension>
│ #4   DelegatedDatabase._runMigrations (package:drift/src/runtime/executor/helpers/engines.dart:512:5)
│ #5   <asynchronous suspension>
│ #6   DelegatedDatabase.ensureOpen.<anonymous closure> (package:drift/src/runtime/executor/helpers/engines.dart:476:9)
│ #7   <asynchronous suspension>
├┄┄┄┄┄┄┄┄┄┄┄┄┄┄┄┄┄┄┄┄┄┄┄┄┄┄┄┄┄┄┄┄┄┄┄┄┄┄┄┄┄┄┄┄┄┄┄┄┄┄┄┄┄┄┄┄┄┄┄┄┄┄┄┄┄┄┄┄┄┄┄┄┄┄┄┄┄┄┄┄┄┄┄┄┄┄┄┄┄┄┄┄┄┄┄┄┄┄┄┄┄┄┄┄┄┄┄┄┄┄┄┄┄┄┄┄┄┄┄
│ 07:38:49.988 (+0:00:00.257434)
├┄┄┄┄┄┄┄┄┄┄┄┄┄┄┄┄┄┄┄┄┄┄┄┄┄┄┄┄┄┄┄┄┄┄┄┄┄┄┄┄┄┄┄┄┄┄┄┄┄┄┄┄┄┄┄┄┄┄┄┄┄┄┄┄┄┄┄┄┄┄┄┄┄┄┄┄┄┄┄┄┄┄┄┄┄┄┄┄┄┄┄┄┄┄┄┄┄┄┄┄┄┄┄┄┄┄┄┄┄┄┄┄┄┄┄┄┄┄┄
│ 🐛 💾 Database: Database opened
└───────────────────────────────────────────────────────────────────────────────────────────────────────────────────────
┌───────────────────────────────────────────────────────────────────────────────────────────────────────────────────────
│ {key: testTimestamp, value: initial}
├┄┄┄┄┄┄┄┄┄┄┄┄┄┄┄┄┄┄┄┄┄┄┄┄┄┄┄┄┄┄┄┄┄┄┄┄┄┄┄┄┄┄┄┄┄┄┄┄┄┄┄┄┄┄┄┄┄┄┄┄┄┄┄┄┄┄┄┄┄┄┄┄┄┄┄┄┄┄┄┄┄┄┄┄┄┄┄┄┄┄┄┄┄┄┄┄┄┄┄┄┄┄┄┄┄┄┄┄┄┄┄┄┄┄┄┄┄┄┄
│ #0   AppLogger.database (package:filler/core/logging.dart:49:13)
│ #1   AppDatabase.setPreferenceValue (package:filler/data/database.dart:337:17)
│ #2   <asynchronous suspension>
│ #3   main.<anonymous closure>.<anonymous closure>.<anonymous closure> (file:///Users/mr42/code/flutter/tmp/filler/test/data/database_test.dart:170:9)
│ #4   <asynchronous suspension>
│ #5   Declarer.test.<anonymous closure>.<anonymous closure> (package:test_api/src/backend/declarer.dart:242:9)
│ #6   <asynchronous suspension>
│ #7   Declarer.test.<anonymous closure> (package:test_api/src/backend/declarer.dart:240:7)
├┄┄┄┄┄┄┄┄┄┄┄┄┄┄┄┄┄┄┄┄┄┄┄┄┄┄┄┄┄┄┄┄┄┄┄┄┄┄┄┄┄┄┄┄┄┄┄┄┄┄┄┄┄┄┄┄┄┄┄┄┄┄┄┄┄┄┄┄┄┄┄┄┄┄┄┄┄┄┄┄┄┄┄┄┄┄┄┄┄┄┄┄┄┄┄┄┄┄┄┄┄┄┄┄┄┄┄┄┄┄┄┄┄┄┄┄┄┄┄
│ 07:38:49.990 (+0:00:00.259074)
├┄┄┄┄┄┄┄┄┄┄┄┄┄┄┄┄┄┄┄┄┄┄┄┄┄┄┄┄┄┄┄┄┄┄┄┄┄┄┄┄┄┄┄┄┄┄┄┄┄┄┄┄┄┄┄┄┄┄┄┄┄┄┄┄┄┄┄┄┄┄┄┄┄┄┄┄┄┄┄┄┄┄┄┄┄┄┄┄┄┄┄┄┄┄┄┄┄┄┄┄┄┄┄┄┄┄┄┄┄┄┄┄┄┄┄┄┄┄┄
│ 🐛 💾 Database: Preference value saved
└───────────────────────────────────────────────────────────────────────────────────────────────────────────────────────

00:03 +50 -2: /Users/mr42/code/flutter/tmp/filler/test/widget_test.dart: App loads without error                                                                                                       
[38;5;12m┌───────────────────────────────────────────────────────────────────────────────────────────────────────────────────────[0m
[38;5;12m│ {layoutType: mobile, selectedIndex: 0}[0m
[38;5;12m├┄┄┄┄┄┄┄┄┄┄┄┄┄┄┄┄┄┄┄┄┄┄┄┄┄┄┄┄┄┄┄┄┄┄┄┄┄┄┄┄┄┄┄┄┄┄┄┄┄┄┄┄┄┄┄┄┄┄┄┄┄┄┄┄┄┄┄┄┄┄┄┄┄┄┄┄┄┄┄┄┄┄┄┄┄┄┄┄┄┄┄┄┄┄┄┄┄┄┄┄┄┄┄┄┄┄┄┄┄┄┄┄┄┄┄┄┄┄┄[0m
[38;5;12m│ #0   AppLogger.navigation (package:filler/core/logging.dart:34:13)[0m
[38;5;12m│ #1   _AppNavigationState.build (package:filler/ui/navigation/app_navigation.dart:69:15)[0m
[38;5;12m│ #2   StatefulElement.build (package:flutter/src/widgets/framework.dart:5833:27)[0m
[38;5;12m│ #3   ComponentElement.performRebuild (package:flutter/src/widgets/framework.dart:5723:15)[0m
[38;5;12m│ #4   StatefulElement.performRebuild (package:flutter/src/widgets/framework.dart:5884:11)[0m
[38;5;12m│ #5   Element.rebuild (package:flutter/src/widgets/framework.dart:5435:7)[0m
[38;5;12m│ #6   ComponentElement._firstBuild (package:flutter/src/widgets/framework.dart:5705:5)[0m
[38;5;12m│ #7   StatefulElement._firstBuild (package:flutter/src/widgets/framework.dart:5875:11)[0m
[38;5;12m├┄┄┄┄┄┄┄┄┄┄┄┄┄┄┄┄┄┄┄┄┄┄┄┄┄┄┄┄┄┄┄┄┄┄┄┄┄┄┄┄┄┄┄┄┄┄┄┄┄┄┄┄┄┄┄┄┄┄┄┄┄┄┄┄┄┄┄┄┄┄┄┄┄┄┄┄┄┄┄┄┄┄┄┄┄┄┄┄┄┄┄┄┄┄┄┄┄┄┄┄┄┄┄┄┄┄┄┄┄┄┄┄┄┄┄┄┄┄┄[0m
[38;5;12m│ 07:38:50.026 (+0:00:00.295193)[0m
[38;5;12m├┄┄┄┄┄┄┄┄┄┄┄┄┄┄┄┄┄┄┄┄┄┄┄┄┄┄┄┄┄┄┄┄┄┄┄┄┄┄┄┄┄┄┄┄┄┄┄┄┄┄┄┄┄┄┄┄┄┄┄┄┄┄┄┄┄┄┄┄┄┄┄┄┄┄┄┄┄┄┄┄┄┄┄┄┄┄┄┄┄┄┄┄┄┄┄┄┄┄┄┄┄┄┄┄┄┄┄┄┄┄┄┄┄┄┄┄┄┄┄[0m
[38;5;12m│ 💡 🧭 Navigation: App navigation built[0m
[38;5;12m└───────────────────────────────────────────────────────────────────────────────────────────────────────────────────────[0m

00:03 +50 -2: /Users/mr42/code/flutter/tmp/filler/test/integration/page_state_transitions_test.dart: BLoC State Transitions - All Pages Preferences BLoC - State Transitions                           
┌───────────────────────────────────────────────────────────────────────────────────────────────────────────────────────
│ #0   TestHelpers.cleanup (file:///Users/mr42/code/flutter/tmp/filler/test/helpers/test_helpers.dart:152:24)
│ #1   main.<anonymous closure> (file:///Users/mr42/code/flutter/tmp/filler/test/integration/page_state_transitions_test.dart:35:23)
├┄┄┄┄┄┄┄┄┄┄┄┄┄┄┄┄┄┄┄┄┄┄┄┄┄┄┄┄┄┄┄┄┄┄┄┄┄┄┄┄┄┄┄┄┄┄┄┄┄┄┄┄┄┄┄┄┄┄┄┄┄┄┄┄┄┄┄┄┄┄┄┄┄┄┄┄┄┄┄┄┄┄┄┄┄┄┄┄┄┄┄┄┄┄┄┄┄┄┄┄┄┄┄┄┄┄┄┄┄┄┄┄┄┄┄┄┄┄┄
│ 07:38:50.054 (+0:00:02.250532)
├┄┄┄┄┄┄┄┄┄┄┄┄┄┄┄┄┄┄┄┄┄┄┄┄┄┄┄┄┄┄┄┄┄┄┄┄┄┄┄┄┄┄┄┄┄┄┄┄┄┄┄┄┄┄┄┄┄┄┄┄┄┄┄┄┄┄┄┄┄┄┄┄┄┄┄┄┄┄┄┄┄┄┄┄┄┄┄┄┄┄┄┄┄┄┄┄┄┄┄┄┄┄┄┄┄┄┄┄┄┄┄┄┄┄┄┄┄┄┄
│ 🐛 🧹 Cleaning up test environment
└───────────────────────────────────────────────────────────────────────────────────────────────────────────────────────
┌───────────────────────────────────────────────────────────────────────────────────────────────────────────────────────
│ #0   TestHelpers.cleanup (file:///Users/mr42/code/flutter/tmp/filler/test/helpers/test_helpers.dart:166:26)
│ #1   main.<anonymous closure> (file:///Users/mr42/code/flutter/tmp/filler/test/integration/page_state_transitions_test.dart:35:23)
├┄┄┄┄┄┄┄┄┄┄┄┄┄┄┄┄┄┄┄┄┄┄┄┄┄┄┄┄┄┄┄┄┄┄┄┄┄┄┄┄┄┄┄┄┄┄┄┄┄┄┄┄┄┄┄┄┄┄┄┄┄┄┄┄┄┄┄┄┄┄┄┄┄┄┄┄┄┄┄┄┄┄┄┄┄┄┄┄┄┄┄┄┄┄┄┄┄┄┄┄┄┄┄┄┄┄┄┄┄┄┄┄┄┄┄┄┄┄┄
│ 07:38:50.058 (+0:00:02.253959)
├┄┄┄┄┄┄┄┄┄┄┄┄┄┄┄┄┄┄┄┄┄┄┄┄┄┄┄┄┄┄┄┄┄┄┄┄┄┄┄┄┄┄┄┄┄┄┄┄┄┄┄┄┄┄┄┄┄┄┄┄┄┄┄┄┄┄┄┄┄┄┄┄┄┄┄┄┄┄┄┄┄┄┄┄┄┄┄┄┄┄┄┄┄┄┄┄┄┄┄┄┄┄┄┄┄┄┄┄┄┄┄┄┄┄┄┄┄┄┄
│ 🐛 ✅ Test cleanup completed
└───────────────────────────────────────────────────────────────────────────────────────────────────────────────────────

00:03 +51 -2: /Users/mr42/code/flutter/tmp/filler/test/integration/platform_specific_test.dart: Platform-Specific Database Integration Gallery Operations Work Cross-Platform                          
00:03 +51 -2: /Users/mr42/code/flutter/tmp/filler/test/integration/page_state_transitions_test.dart: BLoC State Transitions - All Pages Preferences BLoC - Update State Transitions                    
┌───────────────────────────────────────────────────────────────────────────────────────────────────────────────────────
│ #0   TestHelpers.createTestDatabase (file:///Users/mr42/code/flutter/tmp/filler/test/helpers/test_helpers.dart:30:24)
│ #1   main.<anonymous closure> (file:///Users/mr42/code/flutter/tmp/filler/test/integration/page_state_transitions_test.dart:22:28)
├┄┄┄┄┄┄┄┄┄┄┄┄┄┄┄┄┄┄┄┄┄┄┄┄┄┄┄┄┄┄┄┄┄┄┄┄┄┄┄┄┄┄┄┄┄┄┄┄┄┄┄┄┄┄┄┄┄┄┄┄┄┄┄┄┄┄┄┄┄┄┄┄┄┄┄┄┄┄┄┄┄┄┄┄┄┄┄┄┄┄┄┄┄┄┄┄┄┄┄┄┄┄┄┄┄┄┄┄┄┄┄┄┄┄┄┄┄┄┄
│ 07:38:50.060 (+0:00:02.255860)
├┄┄┄┄┄┄┄┄┄┄┄┄┄┄┄┄┄┄┄┄┄┄┄┄┄┄┄┄┄┄┄┄┄┄┄┄┄┄┄┄┄┄┄┄┄┄┄┄┄┄┄┄┄┄┄┄┄┄┄┄┄┄┄┄┄┄┄┄┄┄┄┄┄┄┄┄┄┄┄┄┄┄┄┄┄┄┄┄┄┄┄┄┄┄┄┄┄┄┄┄┄┄┄┄┄┄┄┄┄┄┄┄┄┄┄┄┄┄┄
│ 🐛 🗄️ Creating test database
└───────────────────────────────────────────────────────────────────────────────────────────────────────────────────────
┌───────────────────────────────────────────────────────────────────────────────────────────────────────────────────────
│ #0   AppLogger.bloc (package:filler/core/logging.dart:44:13)
│ #1   new CanvasBloc (package:filler/features/canvas/presentation/canvas_bloc.dart:106:15)
├┄┄┄┄┄┄┄┄┄┄┄┄┄┄┄┄┄┄┄┄┄┄┄┄┄┄┄┄┄┄┄┄┄┄┄┄┄┄┄┄┄┄┄┄┄┄┄┄┄┄┄┄┄┄┄┄┄┄┄┄┄┄┄┄┄┄┄┄┄┄┄┄┄┄┄┄┄┄┄┄┄┄┄┄┄┄┄┄┄┄┄┄┄┄┄┄┄┄┄┄┄┄┄┄┄┄┄┄┄┄┄┄┄┄┄┄┄┄┄
│ 07:38:50.060 (+0:00:02.256649)
├┄┄┄┄┄┄┄┄┄┄┄┄┄┄┄┄┄┄┄┄┄┄┄┄┄┄┄┄┄┄┄┄┄┄┄┄┄┄┄┄┄┄┄┄┄┄┄┄┄┄┄┄┄┄┄┄┄┄┄┄┄┄┄┄┄┄┄┄┄┄┄┄┄┄┄┄┄┄┄┄┄┄┄┄┄┄┄┄┄┄┄┄┄┄┄┄┄┄┄┄┄┄┄┄┄┄┄┄┄┄┄┄┄┄┄┄┄┄┄
│ 🐛 🔄 BLoC[Canvas]: BLoC Created | null → initial
└───────────────────────────────────────────────────────────────────────────────────────────────────────────────────────
┌───────────────────────────────────────────────────────────────────────────────────────────────────────────────────────
│ #0   AppLogger.bloc (package:filler/core/logging.dart:44:13)
│ #1   new GalleryBloc (package:filler/features/gallery/presentation/gallery_bloc.dart:77:15)
├┄┄┄┄┄┄┄┄┄┄┄┄┄┄┄┄┄┄┄┄┄┄┄┄┄┄┄┄┄┄┄┄┄┄┄┄┄┄┄┄┄┄┄┄┄┄┄┄┄┄┄┄┄┄┄┄┄┄┄┄┄┄┄┄┄┄┄┄┄┄┄┄┄┄┄┄┄┄┄┄┄┄┄┄┄┄┄┄┄┄┄┄┄┄┄┄┄┄┄┄┄┄┄┄┄┄┄┄┄┄┄┄┄┄┄┄┄┄┄
│ 07:38:50.062 (+0:00:02.258215)
├┄┄┄┄┄┄┄┄┄┄┄┄┄┄┄┄┄┄┄┄┄┄┄┄┄┄┄┄┄┄┄┄┄┄┄┄┄┄┄┄┄┄┄┄┄┄┄┄┄┄┄┄┄┄┄┄┄┄┄┄┄┄┄┄┄┄┄┄┄┄┄┄┄┄┄┄┄┄┄┄┄┄┄┄┄┄┄┄┄┄┄┄┄┄┄┄┄┄┄┄┄┄┄┄┄┄┄┄┄┄┄┄┄┄┄┄┄┄┄
│ 🐛 🔄 BLoC[Gallery]: BLoC Created | null → initial
└───────────────────────────────────────────────────────────────────────────────────────────────────────────────────────
┌───────────────────────────────────────────────────────────────────────────────────────────────────────────────────────
│ #0   AppLogger.bloc (package:filler/core/logging.dart:44:13)
│ #1   new PreferencesBloc (package:filler/features/prefs/presentation/preferences_bloc.dart:77:15)
├┄┄┄┄┄┄┄┄┄┄┄┄┄┄┄┄┄┄┄┄┄┄┄┄┄┄┄┄┄┄┄┄┄┄┄┄┄┄┄┄┄┄┄┄┄┄┄┄┄┄┄┄┄┄┄┄┄┄┄┄┄┄┄┄┄┄┄┄┄┄┄┄┄┄┄┄┄┄┄┄┄┄┄┄┄┄┄┄┄┄┄┄┄┄┄┄┄┄┄┄┄┄┄┄┄┄┄┄┄┄┄┄┄┄┄┄┄┄┄
│ 07:38:50.063 (+0:00:02.259078)
├┄┄┄┄┄┄┄┄┄┄┄┄┄┄┄┄┄┄┄┄┄┄┄┄┄┄┄┄┄┄┄┄┄┄┄┄┄┄┄┄┄┄┄┄┄┄┄┄┄┄┄┄┄┄┄┄┄┄┄┄┄┄┄┄┄┄┄┄┄┄┄┄┄┄┄┄┄┄┄┄┄┄┄┄┄┄┄┄┄┄┄┄┄┄┄┄┄┄┄┄┄┄┄┄┄┄┄┄┄┄┄┄┄┄┄┄┄┄┄
│ 🐛 🔄 BLoC[Preferences]: BLoC Created | null → initial
└───────────────────────────────────────────────────────────────────────────────────────────────────────────────────────
┌───────────────────────────────────────────────────────────────────────────────────────────────────────────────────────
│ #0   AppLogger.bloc (package:filler/core/logging.dart:44:13)
│ #1   new PreferencesBloc.<anonymous closure> (package:filler/features/prefs/presentation/preferences_bloc.dart:79:17)
├┄┄┄┄┄┄┄┄┄┄┄┄┄┄┄┄┄┄┄┄┄┄┄┄┄┄┄┄┄┄┄┄┄┄┄┄┄┄┄┄┄┄┄┄┄┄┄┄┄┄┄┄┄┄┄┄┄┄┄┄┄┄┄┄┄┄┄┄┄┄┄┄┄┄┄┄┄┄┄┄┄┄┄┄┄┄┄┄┄┄┄┄┄┄┄┄┄┄┄┄┄┄┄┄┄┄┄┄┄┄┄┄┄┄┄┄┄┄┄
│ 07:38:50.065 (+0:00:02.261235)
├┄┄┄┄┄┄┄┄┄┄┄┄┄┄┄┄┄┄┄┄┄┄┄┄┄┄┄┄┄┄┄┄┄┄┄┄┄┄┄┄┄┄┄┄┄┄┄┄┄┄┄┄┄┄┄┄┄┄┄┄┄┄┄┄┄┄┄┄┄┄┄┄┄┄┄┄┄┄┄┄┄┄┄┄┄┄┄┄┄┄┄┄┄┄┄┄┄┄┄┄┄┄┄┄┄┄┄┄┄┄┄┄┄┄┄┄┄┄┄
│ 🐛 🔄 BLoC[Preferences]: Load Event | initial → loading
└───────────────────────────────────────────────────────────────────────────────────────────────────────────────────────
┌───────────────────────────────────────────────────────────────────────────────────────────────────────────────────────
│ #0   AppLogger.preferences (package:filler/core/logging.dart:64:13)
│ #1   PreferencesRepository.get (package:filler/domain/repositories.dart:423:15)
├┄┄┄┄┄┄┄┄┄┄┄┄┄┄┄┄┄┄┄┄┄┄┄┄┄┄┄┄┄┄┄┄┄┄┄┄┄┄┄┄┄┄┄┄┄┄┄┄┄┄┄┄┄┄┄┄┄┄┄┄┄┄┄┄┄┄┄┄┄┄┄┄┄┄┄┄┄┄┄┄┄┄┄┄┄┄┄┄┄┄┄┄┄┄┄┄┄┄┄┄┄┄┄┄┄┄┄┄┄┄┄┄┄┄┄┄┄┄┄
│ 07:38:50.066 (+0:00:02.262111)
├┄┄┄┄┄┄┄┄┄┄┄┄┄┄┄┄┄┄┄┄┄┄┄┄┄┄┄┄┄┄┄┄┄┄┄┄┄┄┄┄┄┄┄┄┄┄┄┄┄┄┄┄┄┄┄┄┄┄┄┄┄┄┄┄┄┄┄┄┄┄┄┄┄┄┄┄┄┄┄┄┄┄┄┄┄┄┄┄┄┄┄┄┄┄┄┄┄┄┄┄┄┄┄┄┄┄┄┄┄┄┄┄┄┄┄┄┄┄┄
│ 🐛 ⚙️ Preferences: Fetching preferences from key-value store
└───────────────────────────────────────────────────────────────────────────────────────────────────────────────────────
┌───────────────────────────────────────────────────────────────────────────────────────────────────────────────────────
│ #0   AppLogger.database (package:filler/core/logging.dart:49:13)
│ #1   AppDatabase.getAllPreferences (package:filler/data/database.dart:354:15)
├┄┄┄┄┄┄┄┄┄┄┄┄┄┄┄┄┄┄┄┄┄┄┄┄┄┄┄┄┄┄┄┄┄┄┄┄┄┄┄┄┄┄┄┄┄┄┄┄┄┄┄┄┄┄┄┄┄┄┄┄┄┄┄┄┄┄┄┄┄┄┄┄┄┄┄┄┄┄┄┄┄┄┄┄┄┄┄┄┄┄┄┄┄┄┄┄┄┄┄┄┄┄┄┄┄┄┄┄┄┄┄┄┄┄┄┄┄┄┄
│ 07:38:50.067 (+0:00:02.262834)
├┄┄┄┄┄┄┄┄┄┄┄┄┄┄┄┄┄┄┄┄┄┄┄┄┄┄┄┄┄┄┄┄┄┄┄┄┄┄┄┄┄┄┄┄┄┄┄┄┄┄┄┄┄┄┄┄┄┄┄┄┄┄┄┄┄┄┄┄┄┄┄┄┄┄┄┄┄┄┄┄┄┄┄┄┄┄┄┄┄┄┄┄┄┄┄┄┄┄┄┄┄┄┄┄┄┄┄┄┄┄┄┄┄┄┄┄┄┄┄
│ 🐛 💾 Database: Fetching all preferences
└───────────────────────────────────────────────────────────────────────────────────────────────────────────────────────
┌───────────────────────────────────────────────────────────────────────────────────────────────────────────────────────
│ #0   AppLogger.database (package:filler/core/logging.dart:49:13)
│ #1   createTestDatabaseConnection.<anonymous closure> (package:filler/data/database_connection.dart:22:15)
├┄┄┄┄┄┄┄┄┄┄┄┄┄┄┄┄┄┄┄┄┄┄┄┄┄┄┄┄┄┄┄┄┄┄┄┄┄┄┄┄┄┄┄┄┄┄┄┄┄┄┄┄┄┄┄┄┄┄┄┄┄┄┄┄┄┄┄┄┄┄┄┄┄┄┄┄┄┄┄┄┄┄┄┄┄┄┄┄┄┄┄┄┄┄┄┄┄┄┄┄┄┄┄┄┄┄┄┄┄┄┄┄┄┄┄┄┄┄┄
│ 07:38:50.067 (+0:00:02.263558)
├┄┄┄┄┄┄┄┄┄┄┄┄┄┄┄┄┄┄┄┄┄┄┄┄┄┄┄┄┄┄┄┄┄┄┄┄┄┄┄┄┄┄┄┄┄┄┄┄┄┄┄┄┄┄┄┄┄┄┄┄┄┄┄┄┄┄┄┄┄┄┄┄┄┄┄┄┄┄┄┄┄┄┄┄┄┄┄┄┄┄┄┄┄┄┄┄┄┄┄┄┄┄┄┄┄┄┄┄┄┄┄┄┄┄┄┄┄┄┄
│ 🐛 💾 Database: Test AppDatabase instance created (in-memory)
└───────────────────────────────────────────────────────────────────────────────────────────────────────────────────────
┌───────────────────────────────────────────────────────────────────────────────────────────────────────────────────────
│ {version: 4, wasCreated: true, hadUpgrade: false}
├┄┄┄┄┄┄┄┄┄┄┄┄┄┄┄┄┄┄┄┄┄┄┄┄┄┄┄┄┄┄┄┄┄┄┄┄┄┄┄┄┄┄┄┄┄┄┄┄┄┄┄┄┄┄┄┄┄┄┄┄┄┄┄┄┄┄┄┄┄┄┄┄┄┄┄┄┄┄┄┄┄┄┄┄┄┄┄┄┄┄┄┄┄┄┄┄┄┄┄┄┄┄┄┄┄┄┄┄┄┄┄┄┄┄┄┄┄┄┄
│ #0   AppLogger.database (package:filler/core/logging.dart:49:13)
│ #1   AppDatabase.migration.<anonymous closure> (package:filler/data/database.dart:211:17)
│ #2   GeneratedDatabase.beforeOpen.<anonymous closure> (package:drift/src/runtime/api/db_base.dart:137:44)
│ #3   <asynchronous suspension>
│ #4   DelegatedDatabase._runMigrations (package:drift/src/runtime/executor/helpers/engines.dart:512:5)
│ #5   <asynchronous suspension>
│ #6   DelegatedDatabase.ensureOpen.<anonymous closure> (package:drift/src/runtime/executor/helpers/engines.dart:476:9)
│ #7   <asynchronous suspension>
├┄┄┄┄┄┄┄┄┄┄┄┄┄┄┄┄┄┄┄┄┄┄┄┄┄┄┄┄┄┄┄┄┄┄┄┄┄┄┄┄┄┄┄┄┄┄┄┄┄┄┄┄┄┄┄┄┄┄┄┄┄┄┄┄┄┄┄┄┄┄┄┄┄┄┄┄┄┄┄┄┄┄┄┄┄┄┄┄┄┄┄┄┄┄┄┄┄┄┄┄┄┄┄┄┄┄┄┄┄┄┄┄┄┄┄┄┄┄┄
│ 07:38:50.069 (+0:00:02.265668)
├┄┄┄┄┄┄┄┄┄┄┄┄┄┄┄┄┄┄┄┄┄┄┄┄┄┄┄┄┄┄┄┄┄┄┄┄┄┄┄┄┄┄┄┄┄┄┄┄┄┄┄┄┄┄┄┄┄┄┄┄┄┄┄┄┄┄┄┄┄┄┄┄┄┄┄┄┄┄┄┄┄┄┄┄┄┄┄┄┄┄┄┄┄┄┄┄┄┄┄┄┄┄┄┄┄┄┄┄┄┄┄┄┄┄┄┄┄┄┄
│ 🐛 💾 Database: Database opened
└───────────────────────────────────────────────────────────────────────────────────────────────────────────────────────
┌───────────────────────────────────────────────────────────────────────────────────────────────────────────────────────
│ {count: 0, keys: []}
├┄┄┄┄┄┄┄┄┄┄┄┄┄┄┄┄┄┄┄┄┄┄┄┄┄┄┄┄┄┄┄┄┄┄┄┄┄┄┄┄┄┄┄┄┄┄┄┄┄┄┄┄┄┄┄┄┄┄┄┄┄┄┄┄┄┄┄┄┄┄┄┄┄┄┄┄┄┄┄┄┄┄┄┄┄┄┄┄┄┄┄┄┄┄┄┄┄┄┄┄┄┄┄┄┄┄┄┄┄┄┄┄┄┄┄┄┄┄┄
│ #0   AppLogger.database (package:filler/core/logging.dart:49:13)
│ #1   AppDatabase.getAllPreferences (package:filler/data/database.dart:364:17)
│ #2   <asynchronous suspension>
│ #3   PreferencesRepository.get (package:filler/domain/repositories.dart:427:24)
│ #4   <asynchronous suspension>
│ #5   new PreferencesBloc.<anonymous closure> (package:filler/features/prefs/presentation/preferences_bloc.dart:84:19)
│ #6   <asynchronous suspension>
│ #7   Bloc.on.<anonymous closure>.handleEvent (package:bloc/src/bloc.dart:226:13)
├┄┄┄┄┄┄┄┄┄┄┄┄┄┄┄┄┄┄┄┄┄┄┄┄┄┄┄┄┄┄┄┄┄┄┄┄┄┄┄┄┄┄┄┄┄┄┄┄┄┄┄┄┄┄┄┄┄┄┄┄┄┄┄┄┄┄┄┄┄┄┄┄┄┄┄┄┄┄┄┄┄┄┄┄┄┄┄┄┄┄┄┄┄┄┄┄┄┄┄┄┄┄┄┄┄┄┄┄┄┄┄┄┄┄┄┄┄┄┄
│ 07:38:50.071 (+0:00:02.267348)
├┄┄┄┄┄┄┄┄┄┄┄┄┄┄┄┄┄┄┄┄┄┄┄┄┄┄┄┄┄┄┄┄┄┄┄┄┄┄┄┄┄┄┄┄┄┄┄┄┄┄┄┄┄┄┄┄┄┄┄┄┄┄┄┄┄┄┄┄┄┄┄┄┄┄┄┄┄┄┄┄┄┄┄┄┄┄┄┄┄┄┄┄┄┄┄┄┄┄┄┄┄┄┄┄┄┄┄┄┄┄┄┄┄┄┄┄┄┄┄
│ 🐛 💾 Database: Retrieved all preferences
└───────────────────────────────────────────────────────────────────────────────────────────────────────────────────────
┌───────────────────────────────────────────────────────────────────────────────────────────────────────────────────────
│ {key: width, defaultValue: 10}
├┄┄┄┄┄┄┄┄┄┄┄┄┄┄┄┄┄┄┄┄┄┄┄┄┄┄┄┄┄┄┄┄┄┄┄┄┄┄┄┄┄┄┄┄┄┄┄┄┄┄┄┄┄┄┄┄┄┄┄┄┄┄┄┄┄┄┄┄┄┄┄┄┄┄┄┄┄┄┄┄┄┄┄┄┄┄┄┄┄┄┄┄┄┄┄┄┄┄┄┄┄┄┄┄┄┄┄┄┄┄┄┄┄┄┄┄┄┄┄
│ #0   AppLogger.preferences (package:filler/core/logging.dart:64:13)
│ #1   PreferencesRepository._getIntValue (package:filler/domain/repositories.dart:493:17)
│ #2   PreferencesRepository.get (package:filler/domain/repositories.dart:431:21)
│ #3   <asynchronous suspension>
│ #4   new PreferencesBloc.<anonymous closure> (package:filler/features/prefs/presentation/preferences_bloc.dart:84:19)
│ #5   <asynchronous suspension>
│ #6   Bloc.on.<anonymous closure>.handleEvent (package:bloc/src/bloc.dart:226:13)
│ #7   <asynchronous suspension>
├┄┄┄┄┄┄┄┄┄┄┄┄┄┄┄┄┄┄┄┄┄┄┄┄┄┄┄┄┄┄┄┄┄┄┄┄┄┄┄┄┄┄┄┄┄┄┄┄┄┄┄┄┄┄┄┄┄┄┄┄┄┄┄┄┄┄┄┄┄┄┄┄┄┄┄┄┄┄┄┄┄┄┄┄┄┄┄┄┄┄┄┄┄┄┄┄┄┄┄┄┄┄┄┄┄┄┄┄┄┄┄┄┄┄┄┄┄┄┄
│ 07:38:50.072 (+0:00:02.268571)
├┄┄┄┄┄┄┄┄┄┄┄┄┄┄┄┄┄┄┄┄┄┄┄┄┄┄┄┄┄┄┄┄┄┄┄┄┄┄┄┄┄┄┄┄┄┄┄┄┄┄┄┄┄┄┄┄┄┄┄┄┄┄┄┄┄┄┄┄┄┄┄┄┄┄┄┄┄┄┄┄┄┄┄┄┄┄┄┄┄┄┄┄┄┄┄┄┄┄┄┄┄┄┄┄┄┄┄┄┄┄┄┄┄┄┄┄┄┄┄
│ 🐛 ⚙️ Preferences: Using default for missing key
└───────────────────────────────────────────────────────────────────────────────────────────────────────────────────────
┌───────────────────────────────────────────────────────────────────────────────────────────────────────────────────────
│ {key: height, defaultValue: 10}
├┄┄┄┄┄┄┄┄┄┄┄┄┄┄┄┄┄┄┄┄┄┄┄┄┄┄┄┄┄┄┄┄┄┄┄┄┄┄┄┄┄┄┄┄┄┄┄┄┄┄┄┄┄┄┄┄┄┄┄┄┄┄┄┄┄┄┄┄┄┄┄┄┄┄┄┄┄┄┄┄┄┄┄┄┄┄┄┄┄┄┄┄┄┄┄┄┄┄┄┄┄┄┄┄┄┄┄┄┄┄┄┄┄┄┄┄┄┄┄
│ #0   AppLogger.preferences (package:filler/core/logging.dart:64:13)
│ #1   PreferencesRepository._getIntValue (package:filler/domain/repositories.dart:493:17)
│ #2   PreferencesRepository.get (package:filler/domain/repositories.dart:432:22)
│ #3   <asynchronous suspension>
│ #4   new PreferencesBloc.<anonymous closure> (package:filler/features/prefs/presentation/preferences_bloc.dart:84:19)
│ #5   <asynchronous suspension>
│ #6   Bloc.on.<anonymous closure>.handleEvent (package:bloc/src/bloc.dart:226:13)
│ #7   <asynchronous suspension>
├┄┄┄┄┄┄┄┄┄┄┄┄┄┄┄┄┄┄┄┄┄┄┄┄┄┄┄┄┄┄┄┄┄┄┄┄┄┄┄┄┄┄┄┄┄┄┄┄┄┄┄┄┄┄┄┄┄┄┄┄┄┄┄┄┄┄┄┄┄┄┄┄┄┄┄┄┄┄┄┄┄┄┄┄┄┄┄┄┄┄┄┄┄┄┄┄┄┄┄┄┄┄┄┄┄┄┄┄┄┄┄┄┄┄┄┄┄┄┄
│ 07:38:50.073 (+0:00:02.269698)
├┄┄┄┄┄┄┄┄┄┄┄┄┄┄┄┄┄┄┄┄┄┄┄┄┄┄┄┄┄┄┄┄┄┄┄┄┄┄┄┄┄┄┄┄┄┄┄┄┄┄┄┄┄┄┄┄┄┄┄┄┄┄┄┄┄┄┄┄┄┄┄┄┄┄┄┄┄┄┄┄┄┄┄┄┄┄┄┄┄┄┄┄┄┄┄┄┄┄┄┄┄┄┄┄┄┄┄┄┄┄┄┄┄┄┄┄┄┄┄
│ 🐛 ⚙️ Preferences: Using default for missing key
└───────────────────────────────────────────────────────────────────────────────────────────────────────────────────────
┌───────────────────────────────────────────────────────────────────────────────────────────────────────────────────────
│ {key: insets, defaultValue: 0}
├┄┄┄┄┄┄┄┄┄┄┄┄┄┄┄┄┄┄┄┄┄┄┄┄┄┄┄┄┄┄┄┄┄┄┄┄┄┄┄┄┄┄┄┄┄┄┄┄┄┄┄┄┄┄┄┄┄┄┄┄┄┄┄┄┄┄┄┄┄┄┄┄┄┄┄┄┄┄┄┄┄┄┄┄┄┄┄┄┄┄┄┄┄┄┄┄┄┄┄┄┄┄┄┄┄┄┄┄┄┄┄┄┄┄┄┄┄┄┄
│ #0   AppLogger.preferences (package:filler/core/logging.dart:64:13)
│ #1   PreferencesRepository._getIntValue (package:filler/domain/repositories.dart:493:17)
│ #2   PreferencesRepository.get (package:filler/domain/repositories.dart:437:22)
│ #3   <asynchronous suspension>
│ #4   new PreferencesBloc.<anonymous closure> (package:filler/features/prefs/presentation/preferences_bloc.dart:84:19)
│ #5   <asynchronous suspension>
│ #6   Bloc.on.<anonymous closure>.handleEvent (package:bloc/src/bloc.dart:226:13)
│ #7   <asynchronous suspension>
├┄┄┄┄┄┄┄┄┄┄┄┄┄┄┄┄┄┄┄┄┄┄┄┄┄┄┄┄┄┄┄┄┄┄┄┄┄┄┄┄┄┄┄┄┄┄┄┄┄┄┄┄┄┄┄┄┄┄┄┄┄┄┄┄┄┄┄┄┄┄┄┄┄┄┄┄┄┄┄┄┄┄┄┄┄┄┄┄┄┄┄┄┄┄┄┄┄┄┄┄┄┄┄┄┄┄┄┄┄┄┄┄┄┄┄┄┄┄┄
│ 07:38:50.075 (+0:00:02.270846)
├┄┄┄┄┄┄┄┄┄┄┄┄┄┄┄┄┄┄┄┄┄┄┄┄┄┄┄┄┄┄┄┄┄┄┄┄┄┄┄┄┄┄┄┄┄┄┄┄┄┄┄┄┄┄┄┄┄┄┄┄┄┄┄┄┄┄┄┄┄┄┄┄┄┄┄┄┄┄┄┄┄┄┄┄┄┄┄┄┄┄┄┄┄┄┄┄┄┄┄┄┄┄┄┄┄┄┄┄┄┄┄┄┄┄┄┄┄┄┄
│ 🐛 ⚙️ Preferences: Using default for missing key
└───────────────────────────────────────────────────────────────────────────────────────────────────────────────────────
┌───────────────────────────────────────────────────────────────────────────────────────────────────────────────────────
│ {key: defaultPattern, defaultValue: 1}
├┄┄┄┄┄┄┄┄┄┄┄┄┄┄┄┄┄┄┄┄┄┄┄┄┄┄┄┄┄┄┄┄┄┄┄┄┄┄┄┄┄┄┄┄┄┄┄┄┄┄┄┄┄┄┄┄┄┄┄┄┄┄┄┄┄┄┄┄┄┄┄┄┄┄┄┄┄┄┄┄┄┄┄┄┄┄┄┄┄┄┄┄┄┄┄┄┄┄┄┄┄┄┄┄┄┄┄┄┄┄┄┄┄┄┄┄┄┄┄
│ #0   AppLogger.preferences (package:filler/core/logging.dart:64:13)
│ #1   PreferencesRepository._getIntValue (package:filler/domain/repositories.dart:493:17)
│ #2   PreferencesRepository.get (package:filler/domain/repositories.dart:442:30)
│ #3   <asynchronous suspension>
│ #4   new PreferencesBloc.<anonymous closure> (package:filler/features/prefs/presentation/preferences_bloc.dart:84:19)
│ #5   <asynchronous suspension>
│ #6   Bloc.on.<anonymous closure>.handleEvent (package:bloc/src/bloc.dart:226:13)
│ #7   <asynchronous suspension>
├┄┄┄┄┄┄┄┄┄┄┄┄┄┄┄┄┄┄┄┄┄┄┄┄┄┄┄┄┄┄┄┄┄┄┄┄┄┄┄┄┄┄┄┄┄┄┄┄┄┄┄┄┄┄┄┄┄┄┄┄┄┄┄┄┄┄┄┄┄┄┄┄┄┄┄┄┄┄┄┄┄┄┄┄┄┄┄┄┄┄┄┄┄┄┄┄┄┄┄┄┄┄┄┄┄┄┄┄┄┄┄┄┄┄┄┄┄┄┄
│ 07:38:50.076 (+0:00:02.272017)
├┄┄┄┄┄┄┄┄┄┄┄┄┄┄┄┄┄┄┄┄┄┄┄┄┄┄┄┄┄┄┄┄┄┄┄┄┄┄┄┄┄┄┄┄┄┄┄┄┄┄┄┄┄┄┄┄┄┄┄┄┄┄┄┄┄┄┄┄┄┄┄┄┄┄┄┄┄┄┄┄┄┄┄┄┄┄┄┄┄┄┄┄┄┄┄┄┄┄┄┄┄┄┄┄┄┄┄┄┄┄┄┄┄┄┄┄┄┄┄
│ 🐛 ⚙️ Preferences: Using default for missing key
└───────────────────────────────────────────────────────────────────────────────────────────────────────────────────────
┌───────────────────────────────────────────────────────────────────────────────────────────────────────────────────────
│ {key: themeMode, defaultValue: 2}
├┄┄┄┄┄┄┄┄┄┄┄┄┄┄┄┄┄┄┄┄┄┄┄┄┄┄┄┄┄┄┄┄┄┄┄┄┄┄┄┄┄┄┄┄┄┄┄┄┄┄┄┄┄┄┄┄┄┄┄┄┄┄┄┄┄┄┄┄┄┄┄┄┄┄┄┄┄┄┄┄┄┄┄┄┄┄┄┄┄┄┄┄┄┄┄┄┄┄┄┄┄┄┄┄┄┄┄┄┄┄┄┄┄┄┄┄┄┄┄
│ #0   AppLogger.preferences (package:filler/core/logging.dart:64:13)
│ #1   PreferencesRepository._getIntValue (package:filler/domain/repositories.dart:493:17)
│ #2   PreferencesRepository.get (package:filler/domain/repositories.dart:447:25)
│ #3   <asynchronous suspension>
│ #4   new PreferencesBloc.<anonymous closure> (package:filler/features/prefs/presentation/preferences_bloc.dart:84:19)
│ #5   <asynchronous suspension>
│ #6   Bloc.on.<anonymous closure>.handleEvent (package:bloc/src/bloc.dart:226:13)
│ #7   <asynchronous suspension>
├┄┄┄┄┄┄┄┄┄┄┄┄┄┄┄┄┄┄┄┄┄┄┄┄┄┄┄┄┄┄┄┄┄┄┄┄┄┄┄┄┄┄┄┄┄┄┄┄┄┄┄┄┄┄┄┄┄┄┄┄┄┄┄┄┄┄┄┄┄┄┄┄┄┄┄┄┄┄┄┄┄┄┄┄┄┄┄┄┄┄┄┄┄┄┄┄┄┄┄┄┄┄┄┄┄┄┄┄┄┄┄┄┄┄┄┄┄┄┄
│ 07:38:50.077 (+0:00:02.273427)
├┄┄┄┄┄┄┄┄┄┄┄┄┄┄┄┄┄┄┄┄┄┄┄┄┄┄┄┄┄┄┄┄┄┄┄┄┄┄┄┄┄┄┄┄┄┄┄┄┄┄┄┄┄┄┄┄┄┄┄┄┄┄┄┄┄┄┄┄┄┄┄┄┄┄┄┄┄┄┄┄┄┄┄┄┄┄┄┄┄┄┄┄┄┄┄┄┄┄┄┄┄┄┄┄┄┄┄┄┄┄┄┄┄┄┄┄┄┄┄
│ 🐛 ⚙️ Preferences: Using default for missing key
└───────────────────────────────────────────────────────────────────────────────────────────────────────────────────────
┌───────────────────────────────────────────────────────────────────────────────────────────────────────────────────────
│ {key: width, value: 10}
├┄┄┄┄┄┄┄┄┄┄┄┄┄┄┄┄┄┄┄┄┄┄┄┄┄┄┄┄┄┄┄┄┄┄┄┄┄┄┄┄┄┄┄┄┄┄┄┄┄┄┄┄┄┄┄┄┄┄┄┄┄┄┄┄┄┄┄┄┄┄┄┄┄┄┄┄┄┄┄┄┄┄┄┄┄┄┄┄┄┄┄┄┄┄┄┄┄┄┄┄┄┄┄┄┄┄┄┄┄┄┄┄┄┄┄┄┄┄┄
│ #0   AppLogger.preferences (package:filler/core/logging.dart:64:13)
│ #1   PreferencesRepository._ensureDefaults (package:filler/domain/repositories.dart:519:19)
│ #2   PreferencesRepository.get (package:filler/domain/repositories.dart:454:13)
│ #3   <asynchronous suspension>
│ #4   new PreferencesBloc.<anonymous closure> (package:filler/features/prefs/presentation/preferences_bloc.dart:84:19)
│ #5   <asynchronous suspension>
│ #6   Bloc.on.<anonymous closure>.handleEvent (package:bloc/src/bloc.dart:226:13)
│ #7   <asynchronous suspension>
├┄┄┄┄┄┄┄┄┄┄┄┄┄┄┄┄┄┄┄┄┄┄┄┄┄┄┄┄┄┄┄┄┄┄┄┄┄┄┄┄┄┄┄┄┄┄┄┄┄┄┄┄┄┄┄┄┄┄┄┄┄┄┄┄┄┄┄┄┄┄┄┄┄┄┄┄┄┄┄┄┄┄┄┄┄┄┄┄┄┄┄┄┄┄┄┄┄┄┄┄┄┄┄┄┄┄┄┄┄┄┄┄┄┄┄┄┄┄┄
│ 07:38:50.078 (+0:00:02.274791)
├┄┄┄┄┄┄┄┄┄┄┄┄┄┄┄┄┄┄┄┄┄┄┄┄┄┄┄┄┄┄┄┄┄┄┄┄┄┄┄┄┄┄┄┄┄┄┄┄┄┄┄┄┄┄┄┄┄┄┄┄┄┄┄┄┄┄┄┄┄┄┄┄┄┄┄┄┄┄┄┄┄┄┄┄┄┄┄┄┄┄┄┄┄┄┄┄┄┄┄┄┄┄┄┄┄┄┄┄┄┄┄┄┄┄┄┄┄┄┄
│ 🐛 ⚙️ Preferences: Creating missing default preference
└───────────────────────────────────────────────────────────────────────────────────────────────────────────────────────
┌───────────────────────────────────────────────────────────────────────────────────────────────────────────────────────
│ {key: width, value: 10, type: int}
├┄┄┄┄┄┄┄┄┄┄┄┄┄┄┄┄┄┄┄┄┄┄┄┄┄┄┄┄┄┄┄┄┄┄┄┄┄┄┄┄┄┄┄┄┄┄┄┄┄┄┄┄┄┄┄┄┄┄┄┄┄┄┄┄┄┄┄┄┄┄┄┄┄┄┄┄┄┄┄┄┄┄┄┄┄┄┄┄┄┄┄┄┄┄┄┄┄┄┄┄┄┄┄┄┄┄┄┄┄┄┄┄┄┄┄┄┄┄┄
│ #0   AppLogger.database (package:filler/core/logging.dart:49:13)
│ #1   AppDatabase.setPreferenceValue (package:filler/data/database.dart:301:15)
│ #2   PreferencesRepository._ensureDefaults (package:filler/domain/repositories.dart:524:19)
│ #3   PreferencesRepository.get (package:filler/domain/repositories.dart:454:13)
│ #4   <asynchronous suspension>
│ #5   new PreferencesBloc.<anonymous closure> (package:filler/features/prefs/presentation/preferences_bloc.dart:84:19)
│ #6   <asynchronous suspension>
│ #7   Bloc.on.<anonymous closure>.handleEvent (package:bloc/src/bloc.dart:226:13)
├┄┄┄┄┄┄┄┄┄┄┄┄┄┄┄┄┄┄┄┄┄┄┄┄┄┄┄┄┄┄┄┄┄┄┄┄┄┄┄┄┄┄┄┄┄┄┄┄┄┄┄┄┄┄┄┄┄┄┄┄┄┄┄┄┄┄┄┄┄┄┄┄┄┄┄┄┄┄┄┄┄┄┄┄┄┄┄┄┄┄┄┄┄┄┄┄┄┄┄┄┄┄┄┄┄┄┄┄┄┄┄┄┄┄┄┄┄┄┄
│ 07:38:50.080 (+0:00:02.276004)
├┄┄┄┄┄┄┄┄┄┄┄┄┄┄┄┄┄┄┄┄┄┄┄┄┄┄┄┄┄┄┄┄┄┄┄┄┄┄┄┄┄┄┄┄┄┄┄┄┄┄┄┄┄┄┄┄┄┄┄┄┄┄┄┄┄┄┄┄┄┄┄┄┄┄┄┄┄┄┄┄┄┄┄┄┄┄┄┄┄┄┄┄┄┄┄┄┄┄┄┄┄┄┄┄┄┄┄┄┄┄┄┄┄┄┄┄┄┄┄
│ 🐛 💾 Database: Setting preference value
└───────────────────────────────────────────────────────────────────────────────────────────────────────────────────────
┌───────────────────────────────────────────────────────────────────────────────────────────────────────────────────────
│ {key: width, value: 10}
├┄┄┄┄┄┄┄┄┄┄┄┄┄┄┄┄┄┄┄┄┄┄┄┄┄┄┄┄┄┄┄┄┄┄┄┄┄┄┄┄┄┄┄┄┄┄┄┄┄┄┄┄┄┄┄┄┄┄┄┄┄┄┄┄┄┄┄┄┄┄┄┄┄┄┄┄┄┄┄┄┄┄┄┄┄┄┄┄┄┄┄┄┄┄┄┄┄┄┄┄┄┄┄┄┄┄┄┄┄┄┄┄┄┄┄┄┄┄┄
│ #0   AppLogger.database (package:filler/core/logging.dart:49:13)
│ #1   AppDatabase.setPreferenceValue (package:filler/data/database.dart:337:17)
│ #2   <asynchronous suspension>
│ #3   PreferencesRepository._ensureDefaults (package:filler/domain/repositories.dart:524:9)
│ #4   <asynchronous suspension>
│ #5   PreferencesRepository.get (package:filler/domain/repositories.dart:454:7)
│ #6   <asynchronous suspension>
│ #7   new PreferencesBloc.<anonymous closure> (package:filler/features/prefs/presentation/preferences_bloc.dart:84:19)
├┄┄┄┄┄┄┄┄┄┄┄┄┄┄┄┄┄┄┄┄┄┄┄┄┄┄┄┄┄┄┄┄┄┄┄┄┄┄┄┄┄┄┄┄┄┄┄┄┄┄┄┄┄┄┄┄┄┄┄┄┄┄┄┄┄┄┄┄┄┄┄┄┄┄┄┄┄┄┄┄┄┄┄┄┄┄┄┄┄┄┄┄┄┄┄┄┄┄┄┄┄┄┄┄┄┄┄┄┄┄┄┄┄┄┄┄┄┄┄
│ 07:38:50.081 (+0:00:02.277725)
├┄┄┄┄┄┄┄┄┄┄┄┄┄┄┄┄┄┄┄┄┄┄┄┄┄┄┄┄┄┄┄┄┄┄┄┄┄┄┄┄┄┄┄┄┄┄┄┄┄┄┄┄┄┄┄┄┄┄┄┄┄┄┄┄┄┄┄┄┄┄┄┄┄┄┄┄┄┄┄┄┄┄┄┄┄┄┄┄┄┄┄┄┄┄┄┄┄┄┄┄┄┄┄┄┄┄┄┄┄┄┄┄┄┄┄┄┄┄┄
│ 🐛 💾 Database: Preference value saved
└───────────────────────────────────────────────────────────────────────────────────────────────────────────────────────
┌───────────────────────────────────────────────────────────────────────────────────────────────────────────────────────
│ {key: height, value: 10}
├┄┄┄┄┄┄┄┄┄┄┄┄┄┄┄┄┄┄┄┄┄┄┄┄┄┄┄┄┄┄┄┄┄┄┄┄┄┄┄┄┄┄┄┄┄┄┄┄┄┄┄┄┄┄┄┄┄┄┄┄┄┄┄┄┄┄┄┄┄┄┄┄┄┄┄┄┄┄┄┄┄┄┄┄┄┄┄┄┄┄┄┄┄┄┄┄┄┄┄┄┄┄┄┄┄┄┄┄┄┄┄┄┄┄┄┄┄┄┄
│ #0   AppLogger.preferences (package:filler/core/logging.dart:64:13)
│ #1   PreferencesRepository._ensureDefaults (package:filler/domain/repositories.dart:519:19)
│ #2   <asynchronous suspension>
│ #3   PreferencesRepository.get (package:filler/domain/repositories.dart:454:7)
│ #4   <asynchronous suspension>
│ #5   new PreferencesBloc.<anonymous closure> (package:filler/features/prefs/presentation/preferences_bloc.dart:84:19)
│ #6   <asynchronous suspension>
│ #7   Bloc.on.<anonymous closure>.handleEvent (package:bloc/src/bloc.dart:226:13)
├┄┄┄┄┄┄┄┄┄┄┄┄┄┄┄┄┄┄┄┄┄┄┄┄┄┄┄┄┄┄┄┄┄┄┄┄┄┄┄┄┄┄┄┄┄┄┄┄┄┄┄┄┄┄┄┄┄┄┄┄┄┄┄┄┄┄┄┄┄┄┄┄┄┄┄┄┄┄┄┄┄┄┄┄┄┄┄┄┄┄┄┄┄┄┄┄┄┄┄┄┄┄┄┄┄┄┄┄┄┄┄┄┄┄┄┄┄┄┄
│ 07:38:50.083 (+0:00:02.278990)
├┄┄┄┄┄┄┄┄┄┄┄┄┄┄┄┄┄┄┄┄┄┄┄┄┄┄┄┄┄┄┄┄┄┄┄┄┄┄┄┄┄┄┄┄┄┄┄┄┄┄┄┄┄┄┄┄┄┄┄┄┄┄┄┄┄┄┄┄┄┄┄┄┄┄┄┄┄┄┄┄┄┄┄┄┄┄┄┄┄┄┄┄┄┄┄┄┄┄┄┄┄┄┄┄┄┄┄┄┄┄┄┄┄┄┄┄┄┄┄
│ 🐛 ⚙️ Preferences: Creating missing default preference
└───────────────────────────────────────────────────────────────────────────────────────────────────────────────────────
┌───────────────────────────────────────────────────────────────────────────────────────────────────────────────────────
│ {key: height, value: 10, type: int}
├┄┄┄┄┄┄┄┄┄┄┄┄┄┄┄┄┄┄┄┄┄┄┄┄┄┄┄┄┄┄┄┄┄┄┄┄┄┄┄┄┄┄┄┄┄┄┄┄┄┄┄┄┄┄┄┄┄┄┄┄┄┄┄┄┄┄┄┄┄┄┄┄┄┄┄┄┄┄┄┄┄┄┄┄┄┄┄┄┄┄┄┄┄┄┄┄┄┄┄┄┄┄┄┄┄┄┄┄┄┄┄┄┄┄┄┄┄┄┄
│ #0   AppLogger.database (package:filler/core/logging.dart:49:13)
│ #1   AppDatabase.setPreferenceValue (package:filler/data/database.dart:301:15)
│ #2   PreferencesRepository._ensureDefaults (package:filler/domain/repositories.dart:524:19)
│ #3   <asynchronous suspension>
│ #4   PreferencesRepository.get (package:filler/domain/repositories.dart:454:7)
│ #5   <asynchronous suspension>
│ #6   new PreferencesBloc.<anonymous closure> (package:filler/features/prefs/presentation/preferences_bloc.dart:84:19)
│ #7   <asynchronous suspension>
├┄┄┄┄┄┄┄┄┄┄┄┄┄┄┄┄┄┄┄┄┄┄┄┄┄┄┄┄┄┄┄┄┄┄┄┄┄┄┄┄┄┄┄┄┄┄┄┄┄┄┄┄┄┄┄┄┄┄┄┄┄┄┄┄┄┄┄┄┄┄┄┄┄┄┄┄┄┄┄┄┄┄┄┄┄┄┄┄┄┄┄┄┄┄┄┄┄┄┄┄┄┄┄┄┄┄┄┄┄┄┄┄┄┄┄┄┄┄┄
│ 07:38:50.084 (+0:00:02.280162)
├┄┄┄┄┄┄┄┄┄┄┄┄┄┄┄┄┄┄┄┄┄┄┄┄┄┄┄┄┄┄┄┄┄┄┄┄┄┄┄┄┄┄┄┄┄┄┄┄┄┄┄┄┄┄┄┄┄┄┄┄┄┄┄┄┄┄┄┄┄┄┄┄┄┄┄┄┄┄┄┄┄┄┄┄┄┄┄┄┄┄┄┄┄┄┄┄┄┄┄┄┄┄┄┄┄┄┄┄┄┄┄┄┄┄┄┄┄┄┄
│ 🐛 💾 Database: Setting preference value
└───────────────────────────────────────────────────────────────────────────────────────────────────────────────────────
┌───────────────────────────────────────────────────────────────────────────────────────────────────────────────────────
│ {key: height, value: 10}
├┄┄┄┄┄┄┄┄┄┄┄┄┄┄┄┄┄┄┄┄┄┄┄┄┄┄┄┄┄┄┄┄┄┄┄┄┄┄┄┄┄┄┄┄┄┄┄┄┄┄┄┄┄┄┄┄┄┄┄┄┄┄┄┄┄┄┄┄┄┄┄┄┄┄┄┄┄┄┄┄┄┄┄┄┄┄┄┄┄┄┄┄┄┄┄┄┄┄┄┄┄┄┄┄┄┄┄┄┄┄┄┄┄┄┄┄┄┄┄
│ #0   AppLogger.database (package:filler/core/logging.dart:49:13)
│ #1   AppDatabase.setPreferenceValue (package:filler/data/database.dart:337:17)
│ #2   <asynchronous suspension>
│ #3   PreferencesRepository._ensureDefaults (package:filler/domain/repositories.dart:524:9)
│ #4   <asynchronous suspension>
│ #5   PreferencesRepository.get (package:filler/domain/repositories.dart:454:7)
│ #6   <asynchronous suspension>
│ #7   new PreferencesBloc.<anonymous closure> (package:filler/features/prefs/presentation/preferences_bloc.dart:84:19)
├┄┄┄┄┄┄┄┄┄┄┄┄┄┄┄┄┄┄┄┄┄┄┄┄┄┄┄┄┄┄┄┄┄┄┄┄┄┄┄┄┄┄┄┄┄┄┄┄┄┄┄┄┄┄┄┄┄┄┄┄┄┄┄┄┄┄┄┄┄┄┄┄┄┄┄┄┄┄┄┄┄┄┄┄┄┄┄┄┄┄┄┄┄┄┄┄┄┄┄┄┄┄┄┄┄┄┄┄┄┄┄┄┄┄┄┄┄┄┄
│ 07:38:50.085 (+0:00:02.281796)
├┄┄┄┄┄┄┄┄┄┄┄┄┄┄┄┄┄┄┄┄┄┄┄┄┄┄┄┄┄┄┄┄┄┄┄┄┄┄┄┄┄┄┄┄┄┄┄┄┄┄┄┄┄┄┄┄┄┄┄┄┄┄┄┄┄┄┄┄┄┄┄┄┄┄┄┄┄┄┄┄┄┄┄┄┄┄┄┄┄┄┄┄┄┄┄┄┄┄┄┄┄┄┄┄┄┄┄┄┄┄┄┄┄┄┄┄┄┄┄
│ 🐛 💾 Database: Preference value saved
└───────────────────────────────────────────────────────────────────────────────────────────────────────────────────────
┌───────────────────────────────────────────────────────────────────────────────────────────────────────────────────────
│ {key: insets, value: 0}
├┄┄┄┄┄┄┄┄┄┄┄┄┄┄┄┄┄┄┄┄┄┄┄┄┄┄┄┄┄┄┄┄┄┄┄┄┄┄┄┄┄┄┄┄┄┄┄┄┄┄┄┄┄┄┄┄┄┄┄┄┄┄┄┄┄┄┄┄┄┄┄┄┄┄┄┄┄┄┄┄┄┄┄┄┄┄┄┄┄┄┄┄┄┄┄┄┄┄┄┄┄┄┄┄┄┄┄┄┄┄┄┄┄┄┄┄┄┄┄
│ #0   AppLogger.preferences (package:filler/core/logging.dart:64:13)
│ #1   PreferencesRepository._ensureDefaults (package:filler/domain/repositories.dart:519:19)
│ #2   <asynchronous suspension>
│ #3   PreferencesRepository.get (package:filler/domain/repositories.dart:454:7)
│ #4   <asynchronous suspension>
│ #5   new PreferencesBloc.<anonymous closure> (package:filler/features/prefs/presentation/preferences_bloc.dart:84:19)
│ #6   <asynchronous suspension>
│ #7   Bloc.on.<anonymous closure>.handleEvent (package:bloc/src/bloc.dart:226:13)
├┄┄┄┄┄┄┄┄┄┄┄┄┄┄┄┄┄┄┄┄┄┄┄┄┄┄┄┄┄┄┄┄┄┄┄┄┄┄┄┄┄┄┄┄┄┄┄┄┄┄┄┄┄┄┄┄┄┄┄┄┄┄┄┄┄┄┄┄┄┄┄┄┄┄┄┄┄┄┄┄┄┄┄┄┄┄┄┄┄┄┄┄┄┄┄┄┄┄┄┄┄┄┄┄┄┄┄┄┄┄┄┄┄┄┄┄┄┄┄
│ 07:38:50.087 (+0:00:02.283021)
├┄┄┄┄┄┄┄┄┄┄┄┄┄┄┄┄┄┄┄┄┄┄┄┄┄┄┄┄┄┄┄┄┄┄┄┄┄┄┄┄┄┄┄┄┄┄┄┄┄┄┄┄┄┄┄┄┄┄┄┄┄┄┄┄┄┄┄┄┄┄┄┄┄┄┄┄┄┄┄┄┄┄┄┄┄┄┄┄┄┄┄┄┄┄┄┄┄┄┄┄┄┄┄┄┄┄┄┄┄┄┄┄┄┄┄┄┄┄┄
│ 🐛 ⚙️ Preferences: Creating missing default preference
└───────────────────────────────────────────────────────────────────────────────────────────────────────────────────────
┌───────────────────────────────────────────────────────────────────────────────────────────────────────────────────────
│ {key: insets, value: 0, type: int}
├┄┄┄┄┄┄┄┄┄┄┄┄┄┄┄┄┄┄┄┄┄┄┄┄┄┄┄┄┄┄┄┄┄┄┄┄┄┄┄┄┄┄┄┄┄┄┄┄┄┄┄┄┄┄┄┄┄┄┄┄┄┄┄┄┄┄┄┄┄┄┄┄┄┄┄┄┄┄┄┄┄┄┄┄┄┄┄┄┄┄┄┄┄┄┄┄┄┄┄┄┄┄┄┄┄┄┄┄┄┄┄┄┄┄┄┄┄┄┄
│ #0   AppLogger.database (package:filler/core/logging.dart:49:13)
│ #1   AppDatabase.setPreferenceValue (package:filler/data/database.dart:301:15)
│ #2   PreferencesRepository._ensureDefaults (package:filler/domain/repositories.dart:524:19)
│ #3   <asynchronous suspension>
│ #4   PreferencesRepository.get (package:filler/domain/repositories.dart:454:7)
│ #5   <asynchronous suspension>
│ #6   new PreferencesBloc.<anonymous closure> (package:filler/features/prefs/presentation/preferences_bloc.dart:84:19)
│ #7   <asynchronous suspension>
├┄┄┄┄┄┄┄┄┄┄┄┄┄┄┄┄┄┄┄┄┄┄┄┄┄┄┄┄┄┄┄┄┄┄┄┄┄┄┄┄┄┄┄┄┄┄┄┄┄┄┄┄┄┄┄┄┄┄┄┄┄┄┄┄┄┄┄┄┄┄┄┄┄┄┄┄┄┄┄┄┄┄┄┄┄┄┄┄┄┄┄┄┄┄┄┄┄┄┄┄┄┄┄┄┄┄┄┄┄┄┄┄┄┄┄┄┄┄┄
│ 07:38:50.088 (+0:00:02.284203)
├┄┄┄┄┄┄┄┄┄┄┄┄┄┄┄┄┄┄┄┄┄┄┄┄┄┄┄┄┄┄┄┄┄┄┄┄┄┄┄┄┄┄┄┄┄┄┄┄┄┄┄┄┄┄┄┄┄┄┄┄┄┄┄┄┄┄┄┄┄┄┄┄┄┄┄┄┄┄┄┄┄┄┄┄┄┄┄┄┄┄┄┄┄┄┄┄┄┄┄┄┄┄┄┄┄┄┄┄┄┄┄┄┄┄┄┄┄┄┄
│ 🐛 💾 Database: Setting preference value
└───────────────────────────────────────────────────────────────────────────────────────────────────────────────────────
┌───────────────────────────────────────────────────────────────────────────────────────────────────────────────────────
│ {key: insets, value: 0}
├┄┄┄┄┄┄┄┄┄┄┄┄┄┄┄┄┄┄┄┄┄┄┄┄┄┄┄┄┄┄┄┄┄┄┄┄┄┄┄┄┄┄┄┄┄┄┄┄┄┄┄┄┄┄┄┄┄┄┄┄┄┄┄┄┄┄┄┄┄┄┄┄┄┄┄┄┄┄┄┄┄┄┄┄┄┄┄┄┄┄┄┄┄┄┄┄┄┄┄┄┄┄┄┄┄┄┄┄┄┄┄┄┄┄┄┄┄┄┄
│ #0   AppLogger.database (package:filler/core/logging.dart:49:13)
│ #1   AppDatabase.setPreferenceValue (package:filler/data/database.dart:337:17)
│ #2   <asynchronous suspension>
│ #3   PreferencesRepository._ensureDefaults (package:filler/domain/repositories.dart:524:9)
│ #4   <asynchronous suspension>
│ #5   PreferencesRepository.get (package:filler/domain/repositories.dart:454:7)
│ #6   <asynchronous suspension>
│ #7   new PreferencesBloc.<anonymous closure> (package:filler/features/prefs/presentation/preferences_bloc.dart:84:19)
├┄┄┄┄┄┄┄┄┄┄┄┄┄┄┄┄┄┄┄┄┄┄┄┄┄┄┄┄┄┄┄┄┄┄┄┄┄┄┄┄┄┄┄┄┄┄┄┄┄┄┄┄┄┄┄┄┄┄┄┄┄┄┄┄┄┄┄┄┄┄┄┄┄┄┄┄┄┄┄┄┄┄┄┄┄┄┄┄┄┄┄┄┄┄┄┄┄┄┄┄┄┄┄┄┄┄┄┄┄┄┄┄┄┄┄┄┄┄┄
│ 07:38:50.089 (+0:00:02.285794)
├┄┄┄┄┄┄┄┄┄┄┄┄┄┄┄┄┄┄┄┄┄┄┄┄┄┄┄┄┄┄┄┄┄┄┄┄┄┄┄┄┄┄┄┄┄┄┄┄┄┄┄┄┄┄┄┄┄┄┄┄┄┄┄┄┄┄┄┄┄┄┄┄┄┄┄┄┄┄┄┄┄┄┄┄┄┄┄┄┄┄┄┄┄┄┄┄┄┄┄┄┄┄┄┄┄┄┄┄┄┄┄┄┄┄┄┄┄┄┄
│ 🐛 💾 Database: Preference value saved
└───────────────────────────────────────────────────────────────────────────────────────────────────────────────────────
┌───────────────────────────────────────────────────────────────────────────────────────────────────────────────────────
│ {key: defaultPattern, value: 1}
├┄┄┄┄┄┄┄┄┄┄┄┄┄┄┄┄┄┄┄┄┄┄┄┄┄┄┄┄┄┄┄┄┄┄┄┄┄┄┄┄┄┄┄┄┄┄┄┄┄┄┄┄┄┄┄┄┄┄┄┄┄┄┄┄┄┄┄┄┄┄┄┄┄┄┄┄┄┄┄┄┄┄┄┄┄┄┄┄┄┄┄┄┄┄┄┄┄┄┄┄┄┄┄┄┄┄┄┄┄┄┄┄┄┄┄┄┄┄┄
│ #0   AppLogger.preferences (package:filler/core/logging.dart:64:13)
│ #1   PreferencesRepository._ensureDefaults (package:filler/domain/repositories.dart:519:19)
│ #2   <asynchronous suspension>
│ #3   PreferencesRepository.get (package:filler/domain/repositories.dart:454:7)
│ #4   <asynchronous suspension>
│ #5   new PreferencesBloc.<anonymous closure> (package:filler/features/prefs/presentation/preferences_bloc.dart:84:19)
│ #6   <asynchronous suspension>
│ #7   Bloc.on.<anonymous closure>.handleEvent (package:bloc/src/bloc.dart:226:13)
├┄┄┄┄┄┄┄┄┄┄┄┄┄┄┄┄┄┄┄┄┄┄┄┄┄┄┄┄┄┄┄┄┄┄┄┄┄┄┄┄┄┄┄┄┄┄┄┄┄┄┄┄┄┄┄┄┄┄┄┄┄┄┄┄┄┄┄┄┄┄┄┄┄┄┄┄┄┄┄┄┄┄┄┄┄┄┄┄┄┄┄┄┄┄┄┄┄┄┄┄┄┄┄┄┄┄┄┄┄┄┄┄┄┄┄┄┄┄┄
│ 07:38:50.091 (+0:00:02.287018)
├┄┄┄┄┄┄┄┄┄┄┄┄┄┄┄┄┄┄┄┄┄┄┄┄┄┄┄┄┄┄┄┄┄┄┄┄┄┄┄┄┄┄┄┄┄┄┄┄┄┄┄┄┄┄┄┄┄┄┄┄┄┄┄┄┄┄┄┄┄┄┄┄┄┄┄┄┄┄┄┄┄┄┄┄┄┄┄┄┄┄┄┄┄┄┄┄┄┄┄┄┄┄┄┄┄┄┄┄┄┄┄┄┄┄┄┄┄┄┄
│ 🐛 ⚙️ Preferences: Creating missing default preference
└───────────────────────────────────────────────────────────────────────────────────────────────────────────────────────
┌───────────────────────────────────────────────────────────────────────────────────────────────────────────────────────
│ {key: defaultPattern, value: 1, type: int}
├┄┄┄┄┄┄┄┄┄┄┄┄┄┄┄┄┄┄┄┄┄┄┄┄┄┄┄┄┄┄┄┄┄┄┄┄┄┄┄┄┄┄┄┄┄┄┄┄┄┄┄┄┄┄┄┄┄┄┄┄┄┄┄┄┄┄┄┄┄┄┄┄┄┄┄┄┄┄┄┄┄┄┄┄┄┄┄┄┄┄┄┄┄┄┄┄┄┄┄┄┄┄┄┄┄┄┄┄┄┄┄┄┄┄┄┄┄┄┄
│ #0   AppLogger.database (package:filler/core/logging.dart:49:13)
│ #1   AppDatabase.setPreferenceValue (package:filler/data/database.dart:301:15)
│ #2   PreferencesRepository._ensureDefaults (package:filler/domain/repositories.dart:524:19)
│ #3   <asynchronous suspension>
│ #4   PreferencesRepository.get (package:filler/domain/repositories.dart:454:7)
│ #5   <asynchronous suspension>
│ #6   new PreferencesBloc.<anonymous closure> (package:filler/features/prefs/presentation/preferences_bloc.dart:84:19)
│ #7   <asynchronous suspension>
├┄┄┄┄┄┄┄┄┄┄┄┄┄┄┄┄┄┄┄┄┄┄┄┄┄┄┄┄┄┄┄┄┄┄┄┄┄┄┄┄┄┄┄┄┄┄┄┄┄┄┄┄┄┄┄┄┄┄┄┄┄┄┄┄┄┄┄┄┄┄┄┄┄┄┄┄┄┄┄┄┄┄┄┄┄┄┄┄┄┄┄┄┄┄┄┄┄┄┄┄┄┄┄┄┄┄┄┄┄┄┄┄┄┄┄┄┄┄┄
│ 07:38:50.092 (+0:00:02.288183)
├┄┄┄┄┄┄┄┄┄┄┄┄┄┄┄┄┄┄┄┄┄┄┄┄┄┄┄┄┄┄┄┄┄┄┄┄┄┄┄┄┄┄┄┄┄┄┄┄┄┄┄┄┄┄┄┄┄┄┄┄┄┄┄┄┄┄┄┄┄┄┄┄┄┄┄┄┄┄┄┄┄┄┄┄┄┄┄┄┄┄┄┄┄┄┄┄┄┄┄┄┄┄┄┄┄┄┄┄┄┄┄┄┄┄┄┄┄┄┄
│ 🐛 💾 Database: Setting preference value
└───────────────────────────────────────────────────────────────────────────────────────────────────────────────────────
┌───────────────────────────────────────────────────────────────────────────────────────────────────────────────────────
│ {key: defaultPattern, value: 1}
├┄┄┄┄┄┄┄┄┄┄┄┄┄┄┄┄┄┄┄┄┄┄┄┄┄┄┄┄┄┄┄┄┄┄┄┄┄┄┄┄┄┄┄┄┄┄┄┄┄┄┄┄┄┄┄┄┄┄┄┄┄┄┄┄┄┄┄┄┄┄┄┄┄┄┄┄┄┄┄┄┄┄┄┄┄┄┄┄┄┄┄┄┄┄┄┄┄┄┄┄┄┄┄┄┄┄┄┄┄┄┄┄┄┄┄┄┄┄┄
│ #0   AppLogger.database (package:filler/core/logging.dart:49:13)
│ #1   AppDatabase.setPreferenceValue (package:filler/data/database.dart:337:17)
│ #2   <asynchronous suspension>
│ #3   PreferencesRepository._ensureDefaults (package:filler/domain/repositories.dart:524:9)
│ #4   <asynchronous suspension>
│ #5   PreferencesRepository.get (package:filler/domain/repositories.dart:454:7)
│ #6   <asynchronous suspension>
│ #7   new PreferencesBloc.<anonymous closure> (package:filler/features/prefs/presentation/preferences_bloc.dart:84:19)
├┄┄┄┄┄┄┄┄┄┄┄┄┄┄┄┄┄┄┄┄┄┄┄┄┄┄┄┄┄┄┄┄┄┄┄┄┄┄┄┄┄┄┄┄┄┄┄┄┄┄┄┄┄┄┄┄┄┄┄┄┄┄┄┄┄┄┄┄┄┄┄┄┄┄┄┄┄┄┄┄┄┄┄┄┄┄┄┄┄┄┄┄┄┄┄┄┄┄┄┄┄┄┄┄┄┄┄┄┄┄┄┄┄┄┄┄┄┄┄
│ 07:38:50.093 (+0:00:02.289722)

00:04 +51 -2: /Users/mr42/code/flutter/tmp/filler/test/data/database_test.dart: AppDatabase Key-Value Preferences Operations should track creation and update timestamps                               
┌───────────────────────────────────────────────────────────────────────────────────────────────────────────────────────

00:04 +51 -2: /Users/mr42/code/flutter/tmp/filler/test/integration/page_state_transitions_test.dart: BLoC State Transitions - All Pages Preferences BLoC - Update State Transitions                    
├┄┄┄┄┄┄┄┄┄┄┄┄┄┄┄┄┄┄┄┄┄┄┄┄┄┄┄┄┄┄┄┄┄┄┄┄┄┄┄┄┄┄┄┄┄┄┄┄┄┄┄┄┄┄┄┄┄┄┄┄┄┄┄┄┄┄┄┄┄┄┄┄┄┄┄┄┄┄┄┄┄┄┄┄┄┄┄┄┄┄┄┄┄┄┄┄┄┄┄┄┄┄┄┄┄┄┄┄┄┄┄┄┄┄┄┄┄┄┄
│ 🐛 💾 Database: Preference value saved

00:04 +51 -2: /Users/mr42/code/flutter/tmp/filler/test/data/database_test.dart: AppDatabase Key-Value Preferences Operations should track creation and update timestamps                               
│ {key: testTimestamp, value: updated, type: string}

00:04 +51 -2: /Users/mr42/code/flutter/tmp/filler/test/integration/page_state_transitions_test.dart: BLoC State Transitions - All Pages Preferences BLoC - Update State Transitions                    
└───────────────────────────────────────────────────────────────────────────────────────────────────────────────────────

00:04 +51 -2: /Users/mr42/code/flutter/tmp/filler/test/data/database_test.dart: AppDatabase Key-Value Preferences Operations should track creation and update timestamps                               
├┄┄┄┄┄┄┄┄┄┄┄┄┄┄┄┄┄┄┄┄┄┄┄┄┄┄┄┄┄┄┄┄┄┄┄┄┄┄┄┄┄┄┄┄┄┄┄┄┄┄┄┄┄┄┄┄┄┄┄┄┄┄┄┄┄┄┄┄┄┄┄┄┄┄┄┄┄┄┄┄┄┄┄┄┄┄┄┄┄┄┄┄┄┄┄┄┄┄┄┄┄┄┄┄┄┄┄┄┄┄┄┄┄┄┄┄┄┄┄
│ #0   AppLogger.database (package:filler/core/logging.dart:49:13)
│ #1   AppDatabase.setPreferenceValue (package:filler/data/database.dart:301:15)
│ #2   main.<anonymous closure>.<anonymous closure>.<anonymous closure> (file:///Users/mr42/code/flutter/tmp/filler/test/data/database_test.dart:175:24)

00:04 +51 -2: /Users/mr42/code/flutter/tmp/filler/test/integration/page_state_transitions_test.dart: BLoC State Transitions - All Pages Preferences BLoC - Update State Transitions                    
┌───────────────────────────────────────────────────────────────────────────────────────────────────────────────────────
│ {key: themeMode, value: 2}
├┄┄┄┄┄┄┄┄┄┄┄┄┄┄┄┄┄┄┄┄┄┄┄┄┄┄┄┄┄┄┄┄┄┄┄┄┄┄┄┄┄┄┄┄┄┄┄┄┄┄┄┄┄┄┄┄┄┄┄┄┄┄┄┄┄┄┄┄┄┄┄┄┄┄┄┄┄┄┄┄┄┄┄┄┄┄┄┄┄┄┄┄┄┄┄┄┄┄┄┄┄┄┄┄┄┄┄┄┄┄┄┄┄┄┄┄┄┄┄
│ #0   AppLogger.preferences (package:filler/core/logging.dart:64:13)

00:04 +51 -2: /Users/mr42/code/flutter/tmp/filler/test/data/database_test.dart: AppDatabase Key-Value Preferences Operations should track creation and update timestamps                               
│ #3   <asynchronous suspension>
│ #4   Declarer.test.<anonymous closure>.<anonymous closure> (package:test_api/src/backend/declarer.dart:242:9)
│ #5   <asynchronous suspension>

00:04 +51 -2: /Users/mr42/code/flutter/tmp/filler/test/integration/page_state_transitions_test.dart: BLoC State Transitions - All Pages Preferences BLoC - Update State Transitions                    
│ #1   PreferencesRepository._ensureDefaults (package:filler/domain/repositories.dart:519:19)

00:04 +51 -2: /Users/mr42/code/flutter/tmp/filler/test/data/database_test.dart: AppDatabase Key-Value Preferences Operations should track creation and update timestamps                               
│ #6   Declarer.test.<anonymous closure> (package:test_api/src/backend/declarer.dart:240:7)

00:04 +51 -2: /Users/mr42/code/flutter/tmp/filler/test/integration/page_state_transitions_test.dart: BLoC State Transitions - All Pages Preferences BLoC - Update State Transitions                    
│ #2   <asynchronous suspension>

00:04 +51 -2: /Users/mr42/code/flutter/tmp/filler/test/data/database_test.dart: AppDatabase Key-Value Preferences Operations should track creation and update timestamps                               
│ #7   <asynchronous suspension>
├┄┄┄┄┄┄┄┄┄┄┄┄┄┄┄┄┄┄┄┄┄┄┄┄┄┄┄┄┄┄┄┄┄┄┄┄┄┄┄┄┄┄┄┄┄┄┄┄┄┄┄┄┄┄┄┄┄┄┄┄┄┄┄┄┄┄┄┄┄┄┄┄┄┄┄┄┄┄┄┄┄┄┄┄┄┄┄┄┄┄┄┄┄┄┄┄┄┄┄┄┄┄┄┄┄┄┄┄┄┄┄┄┄┄┄┄┄┄┄

00:04 +51 -2: /Users/mr42/code/flutter/tmp/filler/test/integration/page_state_transitions_test.dart: BLoC State Transitions - All Pages Preferences BLoC - Update State Transitions                    
│ #3   PreferencesRepository.get (package:filler/domain/repositories.dart:454:7)
│ #4   <asynchronous suspension>

00:04 +51 -2: /Users/mr42/code/flutter/tmp/filler/test/data/database_test.dart: AppDatabase Key-Value Preferences Operations should track creation and update timestamps                               
│ 07:38:50.094 (+0:00:00.363554)

00:04 +51 -2: /Users/mr42/code/flutter/tmp/filler/test/integration/page_state_transitions_test.dart: BLoC State Transitions - All Pages Preferences BLoC - Update State Transitions                    
│ #5   new PreferencesBloc.<anonymous closure> (package:filler/features/prefs/presentation/preferences_bloc.dart:84:19)

00:04 +51 -2: /Users/mr42/code/flutter/tmp/filler/test/data/database_test.dart: AppDatabase Key-Value Preferences Operations should track creation and update timestamps                               
├┄┄┄┄┄┄┄┄┄┄┄┄┄┄┄┄┄┄┄┄┄┄┄┄┄┄┄┄┄┄┄┄┄┄┄┄┄┄┄┄┄┄┄┄┄┄┄┄┄┄┄┄┄┄┄┄┄┄┄┄┄┄┄┄┄┄┄┄┄┄┄┄┄┄┄┄┄┄┄┄┄┄┄┄┄┄┄┄┄┄┄┄┄┄┄┄┄┄┄┄┄┄┄┄┄┄┄┄┄┄┄┄┄┄┄┄┄┄┄

00:04 +51 -2: /Users/mr42/code/flutter/tmp/filler/test/integration/page_state_transitions_test.dart: BLoC State Transitions - All Pages Preferences BLoC - Update State Transitions                    
│ #6   <asynchronous suspension>

00:04 +51 -2: /Users/mr42/code/flutter/tmp/filler/test/data/database_test.dart: AppDatabase Key-Value Preferences Operations should track creation and update timestamps                               
│ 🐛 💾 Database: Setting preference value

00:04 +51 -2: /Users/mr42/code/flutter/tmp/filler/test/integration/page_state_transitions_test.dart: BLoC State Transitions - All Pages Preferences BLoC - Update State Transitions                    
│ #7   Bloc.on.<anonymous closure>.handleEvent (package:bloc/src/bloc.dart:226:13)

00:04 +51 -2: /Users/mr42/code/flutter/tmp/filler/test/data/database_test.dart: AppDatabase Key-Value Preferences Operations should track creation and update timestamps                               
└───────────────────────────────────────────────────────────────────────────────────────────────────────────────────────

00:04 +51 -2: /Users/mr42/code/flutter/tmp/filler/test/integration/page_state_transitions_test.dart: BLoC State Transitions - All Pages Preferences BLoC - Update State Transitions                    
├┄┄┄┄┄┄┄┄┄┄┄┄┄┄┄┄┄┄┄┄┄┄┄┄┄┄┄┄┄┄┄┄┄┄┄┄┄┄┄┄┄┄┄┄┄┄┄┄┄┄┄┄┄┄┄┄┄┄┄┄┄┄┄┄┄┄┄┄┄┄┄┄┄┄┄┄┄┄┄┄┄┄┄┄┄┄┄┄┄┄┄┄┄┄┄┄┄┄┄┄┄┄┄┄┄┄┄┄┄┄┄┄┄┄┄┄┄┄┄
│ 07:38:50.095 (+0:00:02.291034)
├┄┄┄┄┄┄┄┄┄┄┄┄┄┄┄┄┄┄┄┄┄┄┄┄┄┄┄┄┄┄┄┄┄┄┄┄┄┄┄┄┄┄┄┄┄┄┄┄┄┄┄┄┄┄┄┄┄┄┄┄┄┄┄┄┄┄┄┄┄┄┄┄┄┄┄┄┄┄┄┄┄┄┄┄┄┄┄┄┄┄┄┄┄┄┄┄┄┄┄┄┄┄┄┄┄┄┄┄┄┄┄┄┄┄┄┄┄┄┄
│ 🐛 ⚙️ Preferences: Creating missing default preference
└───────────────────────────────────────────────────────────────────────────────────────────────────────────────────────
┌───────────────────────────────────────────────────────────────────────────────────────────────────────────────────────
│ {key: themeMode, value: 2, type: int}
├┄┄┄┄┄┄┄┄┄┄┄┄┄┄┄┄┄┄┄┄┄┄┄┄┄┄┄┄┄┄┄┄┄┄┄┄┄┄┄┄┄┄┄┄┄┄┄┄┄┄┄┄┄┄┄┄┄┄┄┄┄┄┄┄┄┄┄┄┄┄┄┄┄┄┄┄┄┄┄┄┄┄┄┄┄┄┄┄┄┄┄┄┄┄┄┄┄┄┄┄┄┄┄┄┄┄┄┄┄┄┄┄┄┄┄┄┄┄┄
│ #0   AppLogger.database (package:filler/core/logging.dart:49:13)

00:04 +51 -2: /Users/mr42/code/flutter/tmp/filler/test/data/database_test.dart: AppDatabase Key-Value Preferences Operations should track creation and update timestamps                               
┌───────────────────────────────────────────────────────────────────────────────────────────────────────────────────────

00:04 +51 -2: /Users/mr42/code/flutter/tmp/filler/test/integration/page_state_transitions_test.dart: BLoC State Transitions - All Pages Preferences BLoC - Update State Transitions                    
│ #1   AppDatabase.setPreferenceValue (package:filler/data/database.dart:301:15)

00:04 +51 -2: /Users/mr42/code/flutter/tmp/filler/test/data/database_test.dart: AppDatabase Key-Value Preferences Operations should track creation and update timestamps                               
│ {key: testTimestamp, value: updated}
├┄┄┄┄┄┄┄┄┄┄┄┄┄┄┄┄┄┄┄┄┄┄┄┄┄┄┄┄┄┄┄┄┄┄┄┄┄┄┄┄┄┄┄┄┄┄┄┄┄┄┄┄┄┄┄┄┄┄┄┄┄┄┄┄┄┄┄┄┄┄┄┄┄┄┄┄┄┄┄┄┄┄┄┄┄┄┄┄┄┄┄┄┄┄┄┄┄┄┄┄┄┄┄┄┄┄┄┄┄┄┄┄┄┄┄┄┄┄┄

00:04 +51 -2: /Users/mr42/code/flutter/tmp/filler/test/integration/page_state_transitions_test.dart: BLoC State Transitions - All Pages Preferences BLoC - Update State Transitions                    
│ #2   PreferencesRepository._ensureDefaults (package:filler/domain/repositories.dart:524:19)
│ #3   <asynchronous suspension>
│ #4   PreferencesRepository.get (package:filler/domain/repositories.dart:454:7)
│ #5   <asynchronous suspension>
│ #6   new PreferencesBloc.<anonymous closure> (package:filler/features/prefs/presentation/preferences_bloc.dart:84:19)

00:04 +51 -2: /Users/mr42/code/flutter/tmp/filler/test/data/database_test.dart: AppDatabase Key-Value Preferences Operations should track creation and update timestamps                               
│ #0   AppLogger.database (package:filler/core/logging.dart:49:13)
│ #1   AppDatabase.setPreferenceValue (package:filler/data/database.dart:337:17)
│ #2   <asynchronous suspension>
│ #3   main.<anonymous closure>.<anonymous closure>.<anonymous closure> (file:///Users/mr42/code/flutter/tmp/filler/test/data/database_test.dart:175:9)
│ #4   <asynchronous suspension>

00:04 +51 -2: /Users/mr42/code/flutter/tmp/filler/test/integration/page_state_transitions_test.dart: BLoC State Transitions - All Pages Preferences BLoC - Update State Transitions                    
│ #7   <asynchronous suspension>
├┄┄┄┄┄┄┄┄┄┄┄┄┄┄┄┄┄┄┄┄┄┄┄┄┄┄┄┄┄┄┄┄┄┄┄┄┄┄┄┄┄┄┄┄┄┄┄┄┄┄┄┄┄┄┄┄┄┄┄┄┄┄┄┄┄┄┄┄┄┄┄┄┄┄┄┄┄┄┄┄┄┄┄┄┄┄┄┄┄┄┄┄┄┄┄┄┄┄┄┄┄┄┄┄┄┄┄┄┄┄┄┄┄┄┄┄┄┄┄
│ 07:38:50.096 (+0:00:02.292406)
├┄┄┄┄┄┄┄┄┄┄┄┄┄┄┄┄┄┄┄┄┄┄┄┄┄┄┄┄┄┄┄┄┄┄┄┄┄┄┄┄┄┄┄┄┄┄┄┄┄┄┄┄┄┄┄┄┄┄┄┄┄┄┄┄┄┄┄┄┄┄┄┄┄┄┄┄┄┄┄┄┄┄┄┄┄┄┄┄┄┄┄┄┄┄┄┄┄┄┄┄┄┄┄┄┄┄┄┄┄┄┄┄┄┄┄┄┄┄┄

00:04 +51 -2: /Users/mr42/code/flutter/tmp/filler/test/data/database_test.dart: AppDatabase Key-Value Preferences Operations should track creation and update timestamps                               
│ #5   Declarer.test.<anonymous closure>.<anonymous closure> (package:test_api/src/backend/declarer.dart:242:9)
│ #6   <asynchronous suspension>
│ #7   Declarer.test.<anonymous closure> (package:test_api/src/backend/declarer.dart:240:7)
├┄┄┄┄┄┄┄┄┄┄┄┄┄┄┄┄┄┄┄┄┄┄┄┄┄┄┄┄┄┄┄┄┄┄┄┄┄┄┄┄┄┄┄┄┄┄┄┄┄┄┄┄┄┄┄┄┄┄┄┄┄┄┄┄┄┄┄┄┄┄┄┄┄┄┄┄┄┄┄┄┄┄┄┄┄┄┄┄┄┄┄┄┄┄┄┄┄┄┄┄┄┄┄┄┄┄┄┄┄┄┄┄┄┄┄┄┄┄┄
│ 07:38:50.096 (+0:00:00.365720)

00:04 +51 -2: /Users/mr42/code/flutter/tmp/filler/test/integration/page_state_transitions_test.dart: BLoC State Transitions - All Pages Preferences BLoC - Update State Transitions                    
│ 🐛 💾 Database: Setting preference value
└───────────────────────────────────────────────────────────────────────────────────────────────────────────────────────
┌───────────────────────────────────────────────────────────────────────────────────────────────────────────────────────
│ {key: themeMode, value: 2}
├┄┄┄┄┄┄┄┄┄┄┄┄┄┄┄┄┄┄┄┄┄┄┄┄┄┄┄┄┄┄┄┄┄┄┄┄┄┄┄┄┄┄┄┄┄┄┄┄┄┄┄┄┄┄┄┄┄┄┄┄┄┄┄┄┄┄┄┄┄┄┄┄┄┄┄┄┄┄┄┄┄┄┄┄┄┄┄┄┄┄┄┄┄┄┄┄┄┄┄┄┄┄┄┄┄┄┄┄┄┄┄┄┄┄┄┄┄┄┄
│ #0   AppLogger.database (package:filler/core/logging.dart:49:13)
│ #1   AppDatabase.setPreferenceValue (package:filler/data/database.dart:337:17)
│ #2   <asynchronous suspension>
│ #3   PreferencesRepository._ensureDefaults (package:filler/domain/repositories.dart:524:9)
│ #4   <asynchronous suspension>
│ #5   PreferencesRepository.get (package:filler/domain/repositories.dart:454:7)
│ #6   <asynchronous suspension>
│ #7   new PreferencesBloc.<anonymous closure> (package:filler/features/prefs/presentation/preferences_bloc.dart:84:19)
├┄┄┄┄┄┄┄┄┄┄┄┄┄┄┄┄┄┄┄┄┄┄┄┄┄┄┄┄┄┄┄┄┄┄┄┄┄┄┄┄┄┄┄┄┄┄┄┄┄┄┄┄┄┄┄┄┄┄┄┄┄┄┄┄┄┄┄┄┄┄┄┄┄┄┄┄┄┄┄┄┄┄┄┄┄┄┄┄┄┄┄┄┄┄┄┄┄┄┄┄┄┄┄┄┄┄┄┄┄┄┄┄┄┄┄┄┄┄┄
│ 07:38:50.098 (+0:00:02.294223)
├┄┄┄┄┄┄┄┄┄┄┄┄┄┄┄┄┄┄┄┄┄┄┄┄┄┄┄┄┄┄┄┄┄┄┄┄┄┄┄┄┄┄┄┄┄┄┄┄┄┄┄┄┄┄┄┄┄┄┄┄┄┄┄┄┄┄┄┄┄┄┄┄┄┄┄┄┄┄┄┄┄┄┄┄┄┄┄┄┄┄┄┄┄┄┄┄┄┄┄┄┄┄┄┄┄┄┄┄┄┄┄┄┄┄┄┄┄┄┄
│ 🐛 💾 Database: Preference value saved

00:04 +51 -2: /Users/mr42/code/flutter/tmp/filler/test/data/database_test.dart: AppDatabase Key-Value Preferences Operations should track creation and update timestamps                               
├┄┄┄┄┄┄┄┄┄┄┄┄┄┄┄┄┄┄┄┄┄┄┄┄┄┄┄┄┄┄┄┄┄┄┄┄┄┄┄┄┄┄┄┄┄┄┄┄┄┄┄┄┄┄┄┄┄┄┄┄┄┄┄┄┄┄┄┄┄┄┄┄┄┄┄┄┄┄┄┄┄┄┄┄┄┄┄┄┄┄┄┄┄┄┄┄┄┄┄┄┄┄┄┄┄┄┄┄┄┄┄┄┄┄┄┄┄┄┄
│ 🐛 💾 Database: Preference value saved
└───────────────────────────────────────────────────────────────────────────────────────────────────────────────────────

00:04 +51 -2: /Users/mr42/code/flutter/tmp/filler/test/integration/page_state_transitions_test.dart: BLoC State Transitions - All Pages Preferences BLoC - Update State Transitions                    
└───────────────────────────────────────────────────────────────────────────────────────────────────────────────────────
┌───────────────────────────────────────────────────────────────────────────────────────────────────────────────────────
│ {width: 10, height: 10, insets: 0, defaultPattern: 1, themeMode: 2, fetchTime: 5ms, keysFromDb: 0}
├┄┄┄┄┄┄┄┄┄┄┄┄┄┄┄┄┄┄┄┄┄┄┄┄┄┄┄┄┄┄┄┄┄┄┄┄┄┄┄┄┄┄┄┄┄┄┄┄┄┄┄┄┄┄┄┄┄┄┄┄┄┄┄┄┄┄┄┄┄┄┄┄┄┄┄┄┄┄┄┄┄┄┄┄┄┄┄┄┄┄┄┄┄┄┄┄┄┄┄┄┄┄┄┄┄┄┄┄┄┄┄┄┄┄┄┄┄┄┄
│ #0   AppLogger.preferences (package:filler/core/logging.dart:64:13)
│ #1   PreferencesRepository.get (package:filler/domain/repositories.dart:464:17)
│ #2   <asynchronous suspension>
│ #3   new PreferencesBloc.<anonymous closure> (package:filler/features/prefs/presentation/preferences_bloc.dart:84:19)
│ #4   <asynchronous suspension>
│ #5   Bloc.on.<anonymous closure>.handleEvent (package:bloc/src/bloc.dart:226:13)

00:04 +51 -2: /Users/mr42/code/flutter/tmp/filler/test/data/database_test.dart: AppDatabase Key-Value Preferences Operations should track creation and update timestamps                               
beforeCreate: 2025-08-23 07:38:49.985837

00:04 +51 -2: /Users/mr42/code/flutter/tmp/filler/test/integration/page_state_transitions_test.dart: BLoC State Transitions - All Pages Preferences BLoC - Update State Transitions                    
│ #6   <asynchronous suspension>
├┄┄┄┄┄┄┄┄┄┄┄┄┄┄┄┄┄┄┄┄┄┄┄┄┄┄┄┄┄┄┄┄┄┄┄┄┄┄┄┄┄┄┄┄┄┄┄┄┄┄┄┄┄┄┄┄┄┄┄┄┄┄┄┄┄┄┄┄┄┄┄┄┄┄┄┄┄┄┄┄┄┄┄┄┄┄┄┄┄┄┄┄┄┄┄┄┄┄┄┄┄┄┄┄┄┄┄┄┄┄┄┄┄┄┄┄┄┄┄
│ 07:38:50.099 (+0:00:02.295393)
├┄┄┄┄┄┄┄┄┄┄┄┄┄┄┄┄┄┄┄┄┄┄┄┄┄┄┄┄┄┄┄┄┄┄┄┄┄┄┄┄┄┄┄┄┄┄┄┄┄┄┄┄┄┄┄┄┄┄┄┄┄┄┄┄┄┄┄┄┄┄┄┄┄┄┄┄┄┄┄┄┄┄┄┄┄┄┄┄┄┄┄┄┄┄┄┄┄┄┄┄┄┄┄┄┄┄┄┄┄┄┄┄┄┄┄┄┄┄┄
│ 🐛 ⚙️ Preferences: Constructed preferences model
└───────────────────────────────────────────────────────────────────────────────────────────────────────────────────────
┌───────────────────────────────────────────────────────────────────────────────────────────────────────────────────────
│ {width: 10, height: 10, insets: 0, defaultPattern: 1, themeMode: 2, loadTime: 34ms}
├┄┄┄┄┄┄┄┄┄┄┄┄┄┄┄┄┄┄┄┄┄┄┄┄┄┄┄┄┄┄┄┄┄┄┄┄┄┄┄┄┄┄┄┄┄┄┄┄┄┄┄┄┄┄┄┄┄┄┄┄┄┄┄┄┄┄┄┄┄┄┄┄┄┄┄┄┄┄┄┄┄┄┄┄┄┄┄┄┄┄┄┄┄┄┄┄┄┄┄┄┄┄┄┄┄┄┄┄┄┄┄┄┄┄┄┄┄┄┄

00:04 +51 -2: /Users/mr42/code/flutter/tmp/filler/test/data/database_test.dart: AppDatabase Key-Value Preferences Operations should track creation and update timestamps                               
createdAt: 2025-08-23 07:38:49.000

00:04 +51 -2: /Users/mr42/code/flutter/tmp/filler/test/integration/page_state_transitions_test.dart: BLoC State Transitions - All Pages Preferences BLoC - Update State Transitions                    
│ #0   AppLogger.preferences (package:filler/core/logging.dart:64:13)
│ #1   new PreferencesBloc.<anonymous closure> (package:filler/features/prefs/presentation/preferences_bloc.dart:87:19)

00:04 +51 -2: /Users/mr42/code/flutter/tmp/filler/test/data/database_test.dart: AppDatabase Key-Value Preferences Operations should track creation and update timestamps                               
updatedAt: 2025-08-23 07:38:50.000

00:04 +51 -2: /Users/mr42/code/flutter/tmp/filler/test/integration/page_state_transitions_test.dart: BLoC State Transitions - All Pages Preferences BLoC - Update State Transitions                    
│ #2   <asynchronous suspension>

00:04 +51 -2: /Users/mr42/code/flutter/tmp/filler/test/data/database_test.dart: AppDatabase Key-Value Preferences Operations should track creation and update timestamps                               
createdAt.isAfter(beforeCreate): false
updatedAt.isAfter(beforeCreate): true

00:04 +51 -2: /Users/mr42/code/flutter/tmp/filler/test/integration/page_state_transitions_test.dart: BLoC State Transitions - All Pages Preferences BLoC - Update State Transitions                    
│ #3   Bloc.on.<anonymous closure>.handleEvent (package:bloc/src/bloc.dart:226:13)
│ #4   <asynchronous suspension>
├┄┄┄┄┄┄┄┄┄┄┄┄┄┄┄┄┄┄┄┄┄┄┄┄┄┄┄┄┄┄┄┄┄┄┄┄┄┄┄┄┄┄┄┄┄┄┄┄┄┄┄┄┄┄┄┄┄┄┄┄┄┄┄┄┄┄┄┄┄┄┄┄┄┄┄┄┄┄┄┄┄┄┄┄┄┄┄┄┄┄┄┄┄┄┄┄┄┄┄┄┄┄┄┄┄┄┄┄┄┄┄┄┄┄┄┄┄┄┄
│ 07:38:50.100 (+0:00:02.296508)
├┄┄┄┄┄┄┄┄┄┄┄┄┄┄┄┄┄┄┄┄┄┄┄┄┄┄┄┄┄┄┄┄┄┄┄┄┄┄┄┄┄┄┄┄┄┄┄┄┄┄┄┄┄┄┄┄┄┄┄┄┄┄┄┄┄┄┄┄┄┄┄┄┄┄┄┄┄┄┄┄┄┄┄┄┄┄┄┄┄┄┄┄┄┄┄┄┄┄┄┄┄┄┄┄┄┄┄┄┄┄┄┄┄┄┄┄┄┄┄
│ 🐛 ⚙️ Preferences: Loaded preferences from key-value store
└───────────────────────────────────────────────────────────────────────────────────────────────────────────────────────

00:04 +51 -2: /Users/mr42/code/flutter/tmp/filler/test/data/database_test.dart: AppDatabase Key-Value Preferences Operations should track creation and update timestamps                               
┌───────────────────────────────────────────────────────────────────────────────────────────────────────────────────────

00:04 +51 -2: /Users/mr42/code/flutter/tmp/filler/test/integration/page_state_transitions_test.dart: BLoC State Transitions - All Pages Preferences BLoC - Update State Transitions                    
┌───────────────────────────────────────────────────────────────────────────────────────────────────────────────────────

00:04 +51 -2: /Users/mr42/code/flutter/tmp/filler/test/data/database_test.dart: AppDatabase Key-Value Preferences Operations should track creation and update timestamps                               
│ #0   TestHelpers.cleanup (file:///Users/mr42/code/flutter/tmp/filler/test/helpers/test_helpers.dart:152:24)
│ #1   main.<anonymous closure> (file:///Users/mr42/code/flutter/tmp/filler/test/data/database_test.dart:19:23)
├┄┄┄┄┄┄┄┄┄┄┄┄┄┄┄┄┄┄┄┄┄┄┄┄┄┄┄┄┄┄┄┄┄┄┄┄┄┄┄┄┄┄┄┄┄┄┄┄┄┄┄┄┄┄┄┄┄┄┄┄┄┄┄┄┄┄┄┄┄┄┄┄┄┄┄┄┄┄┄┄┄┄┄┄┄┄┄┄┄┄┄┄┄┄┄┄┄┄┄┄┄┄┄┄┄┄┄┄┄┄┄┄┄┄┄┄┄┄┄

00:04 +51 -2: /Users/mr42/code/flutter/tmp/filler/test/integration/page_state_transitions_test.dart: BLoC State Transitions - All Pages Preferences BLoC - Update State Transitions                    
│ #0   AppLogger.bloc (package:filler/core/logging.dart:44:13)
│ #1   new PreferencesBloc.<anonymous closure> (package:filler/features/prefs/presentation/preferences_bloc.dart:109:19)
├┄┄┄┄┄┄┄┄┄┄┄┄┄┄┄┄┄┄┄┄┄┄┄┄┄┄┄┄┄┄┄┄┄┄┄┄┄┄┄┄┄┄┄┄┄┄┄┄┄┄┄┄┄┄┄┄┄┄┄┄┄┄┄┄┄┄┄┄┄┄┄┄┄┄┄┄┄┄┄┄┄┄┄┄┄┄┄┄┄┄┄┄┄┄┄┄┄┄┄┄┄┄┄┄┄┄┄┄┄┄┄┄┄┄┄┄┄┄┄
│ 07:38:50.102 (+0:00:02.298289)

00:04 +51 -2: /Users/mr42/code/flutter/tmp/filler/test/data/database_test.dart: AppDatabase Key-Value Preferences Operations should track creation and update timestamps                               
│ 07:38:50.102 (+0:00:00.371163)
├┄┄┄┄┄┄┄┄┄┄┄┄┄┄┄┄┄┄┄┄┄┄┄┄┄┄┄┄┄┄┄┄┄┄┄┄┄┄┄┄┄┄┄┄┄┄┄┄┄┄┄┄┄┄┄┄┄┄┄┄┄┄┄┄┄┄┄┄┄┄┄┄┄┄┄┄┄┄┄┄┄┄┄┄┄┄┄┄┄┄┄┄┄┄┄┄┄┄┄┄┄┄┄┄┄┄┄┄┄┄┄┄┄┄┄┄┄┄┄

00:04 +51 -2: /Users/mr42/code/flutter/tmp/filler/test/integration/page_state_transitions_test.dart: BLoC State Transitions - All Pages Preferences BLoC - Update State Transitions                    
├┄┄┄┄┄┄┄┄┄┄┄┄┄┄┄┄┄┄┄┄┄┄┄┄┄┄┄┄┄┄┄┄┄┄┄┄┄┄┄┄┄┄┄┄┄┄┄┄┄┄┄┄┄┄┄┄┄┄┄┄┄┄┄┄┄┄┄┄┄┄┄┄┄┄┄┄┄┄┄┄┄┄┄┄┄┄┄┄┄┄┄┄┄┄┄┄┄┄┄┄┄┄┄┄┄┄┄┄┄┄┄┄┄┄┄┄┄┄┄

00:04 +51 -2: /Users/mr42/code/flutter/tmp/filler/test/data/database_test.dart: AppDatabase Key-Value Preferences Operations should track creation and update timestamps                               
│ 🐛 🧹 Cleaning up test environment

00:04 +51 -2: /Users/mr42/code/flutter/tmp/filler/test/integration/page_state_transitions_test.dart: BLoC State Transitions - All Pages Preferences BLoC - Update State Transitions                    
│ 🐛 🔄 BLoC[Preferences]: Load Complete | loading → ready
└───────────────────────────────────────────────────────────────────────────────────────────────────────────────────────

00:04 +51 -2: /Users/mr42/code/flutter/tmp/filler/test/data/database_test.dart: AppDatabase Key-Value Preferences Operations should track creation and update timestamps                               
└───────────────────────────────────────────────────────────────────────────────────────────────────────────────────────
┌───────────────────────────────────────────────────────────────────────────────────────────────────────────────────────
│ #0   TestHelpers.cleanup (file:///Users/mr42/code/flutter/tmp/filler/test/helpers/test_helpers.dart:166:26)
│ #1   main.<anonymous closure> (file:///Users/mr42/code/flutter/tmp/filler/test/data/database_test.dart:19:23)
├┄┄┄┄┄┄┄┄┄┄┄┄┄┄┄┄┄┄┄┄┄┄┄┄┄┄┄┄┄┄┄┄┄┄┄┄┄┄┄┄┄┄┄┄┄┄┄┄┄┄┄┄┄┄┄┄┄┄┄┄┄┄┄┄┄┄┄┄┄┄┄┄┄┄┄┄┄┄┄┄┄┄┄┄┄┄┄┄┄┄┄┄┄┄┄┄┄┄┄┄┄┄┄┄┄┄┄┄┄┄┄┄┄┄┄┄┄┄┄
│ 07:38:50.104 (+0:00:00.373730)
├┄┄┄┄┄┄┄┄┄┄┄┄┄┄┄┄┄┄┄┄┄┄┄┄┄┄┄┄┄┄┄┄┄┄┄┄┄┄┄┄┄┄┄┄┄┄┄┄┄┄┄┄┄┄┄┄┄┄┄┄┄┄┄┄┄┄┄┄┄┄┄┄┄┄┄┄┄┄┄┄┄┄┄┄┄┄┄┄┄┄┄┄┄┄┄┄┄┄┄┄┄┄┄┄┄┄┄┄┄┄┄┄┄┄┄┄┄┄┄
│ 🐛 ✅ Test cleanup completed
└───────────────────────────────────────────────────────────────────────────────────────────────────────────────────────

00:04 +52 -2: /Users/mr42/code/flutter/tmp/filler/test/integration/platform_specific_test.dart: Platform-Specific Database Integration Gallery Operations Work Cross-Platform                          
00:04 +52 -2: /Users/mr42/code/flutter/tmp/filler/test/integration/platform_specific_test.dart: Platform-Specific Database Integration Gallery Operations Work Cross-Platform                          
┌───────────────────────────────────────────────────────────────────────────────────────────────────────────────────────
│ #0   TestHelpers.cleanup (file:///Users/mr42/code/flutter/tmp/filler/test/helpers/test_helpers.dart:152:24)
│ #1   main.<anonymous closure> (file:///Users/mr42/code/flutter/tmp/filler/test/integration/platform_specific_test.dart:35:23)
├┄┄┄┄┄┄┄┄┄┄┄┄┄┄┄┄┄┄┄┄┄┄┄┄┄┄┄┄┄┄┄┄┄┄┄┄┄┄┄┄┄┄┄┄┄┄┄┄┄┄┄┄┄┄┄┄┄┄┄┄┄┄┄┄┄┄┄┄┄┄┄┄┄┄┄┄┄┄┄┄┄┄┄┄┄┄┄┄┄┄┄┄┄┄┄┄┄┄┄┄┄┄┄┄┄┄┄┄┄┄┄┄┄┄┄┄┄┄┄
│ 07:38:50.137 (+0:00:02.542046)
├┄┄┄┄┄┄┄┄┄┄┄┄┄┄┄┄┄┄┄┄┄┄┄┄┄┄┄┄┄┄┄┄┄┄┄┄┄┄┄┄┄┄┄┄┄┄┄┄┄┄┄┄┄┄┄┄┄┄┄┄┄┄┄┄┄┄┄┄┄┄┄┄┄┄┄┄┄┄┄┄┄┄┄┄┄┄┄┄┄┄┄┄┄┄┄┄┄┄┄┄┄┄┄┄┄┄┄┄┄┄┄┄┄┄┄┄┄┄┄
│ 🐛 🧹 Cleaning up test environment
└───────────────────────────────────────────────────────────────────────────────────────────────────────────────────────
┌───────────────────────────────────────────────────────────────────────────────────────────────────────────────────────
│ #0   TestHelpers.cleanup (file:///Users/mr42/code/flutter/tmp/filler/test/helpers/test_helpers.dart:166:26)
│ #1   main.<anonymous closure> (file:///Users/mr42/code/flutter/tmp/filler/test/integration/platform_specific_test.dart:35:23)
├┄┄┄┄┄┄┄┄┄┄┄┄┄┄┄┄┄┄┄┄┄┄┄┄┄┄┄┄┄┄┄┄┄┄┄┄┄┄┄┄┄┄┄┄┄┄┄┄┄┄┄┄┄┄┄┄┄┄┄┄┄┄┄┄┄┄┄┄┄┄┄┄┄┄┄┄┄┄┄┄┄┄┄┄┄┄┄┄┄┄┄┄┄┄┄┄┄┄┄┄┄┄┄┄┄┄┄┄┄┄┄┄┄┄┄┄┄┄┄
│ 07:38:50.140 (+0:00:02.545299)
├┄┄┄┄┄┄┄┄┄┄┄┄┄┄┄┄┄┄┄┄┄┄┄┄┄┄┄┄┄┄┄┄┄┄┄┄┄┄┄┄┄┄┄┄┄┄┄┄┄┄┄┄┄┄┄┄┄┄┄┄┄┄┄┄┄┄┄┄┄┄┄┄┄┄┄┄┄┄┄┄┄┄┄┄┄┄┄┄┄┄┄┄┄┄┄┄┄┄┄┄┄┄┄┄┄┄┄┄┄┄┄┄┄┄┄┄┄┄┄
│ 🐛 ✅ Test cleanup completed
└───────────────────────────────────────────────────────────────────────────────────────────────────────────────────────

00:04 +53 -2: /Users/mr42/code/flutter/tmp/filler/test/widget_test.dart: App loads without error                                                                                                       
00:04 +53 -2: /Users/mr42/code/flutter/tmp/filler/test/integration/platform_specific_test.dart: Platform-Specific Database Integration Error Handling Works Cross-Platform                             
┌───────────────────────────────────────────────────────────────────────────────────────────────────────────────────────
│ #0   TestHelpers.createTestDatabase (file:///Users/mr42/code/flutter/tmp/filler/test/helpers/test_helpers.dart:30:24)
│ #1   main.<anonymous closure> (file:///Users/mr42/code/flutter/tmp/filler/test/integration/platform_specific_test.dart:22:28)
├┄┄┄┄┄┄┄┄┄┄┄┄┄┄┄┄┄┄┄┄┄┄┄┄┄┄┄┄┄┄┄┄┄┄┄┄┄┄┄┄┄┄┄┄┄┄┄┄┄┄┄┄┄┄┄┄┄┄┄┄┄┄┄┄┄┄┄┄┄┄┄┄┄┄┄┄┄┄┄┄┄┄┄┄┄┄┄┄┄┄┄┄┄┄┄┄┄┄┄┄┄┄┄┄┄┄┄┄┄┄┄┄┄┄┄┄┄┄┄
│ 07:38:50.143 (+0:00:02.547675)
├┄┄┄┄┄┄┄┄┄┄┄┄┄┄┄┄┄┄┄┄┄┄┄┄┄┄┄┄┄┄┄┄┄┄┄┄┄┄┄┄┄┄┄┄┄┄┄┄┄┄┄┄┄┄┄┄┄┄┄┄┄┄┄┄┄┄┄┄┄┄┄┄┄┄┄┄┄┄┄┄┄┄┄┄┄┄┄┄┄┄┄┄┄┄┄┄┄┄┄┄┄┄┄┄┄┄┄┄┄┄┄┄┄┄┄┄┄┄┄
│ 🐛 🗄️ Creating test database
└───────────────────────────────────────────────────────────────────────────────────────────────────────────────────────
┌───────────────────────────────────────────────────────────────────────────────────────────────────────────────────────
│ #0   AppLogger.bloc (package:filler/core/logging.dart:44:13)
│ #1   new CanvasBloc (package:filler/features/canvas/presentation/canvas_bloc.dart:106:15)
├┄┄┄┄┄┄┄┄┄┄┄┄┄┄┄┄┄┄┄┄┄┄┄┄┄┄┄┄┄┄┄┄┄┄┄┄┄┄┄┄┄┄┄┄┄┄┄┄┄┄┄┄┄┄┄┄┄┄┄┄┄┄┄┄┄┄┄┄┄┄┄┄┄┄┄┄┄┄┄┄┄┄┄┄┄┄┄┄┄┄┄┄┄┄┄┄┄┄┄┄┄┄┄┄┄┄┄┄┄┄┄┄┄┄┄┄┄┄┄
│ 07:38:50.144 (+0:00:02.548679)
├┄┄┄┄┄┄┄┄┄┄┄┄┄┄┄┄┄┄┄┄┄┄┄┄┄┄┄┄┄┄┄┄┄┄┄┄┄┄┄┄┄┄┄┄┄┄┄┄┄┄┄┄┄┄┄┄┄┄┄┄┄┄┄┄┄┄┄┄┄┄┄┄┄┄┄┄┄┄┄┄┄┄┄┄┄┄┄┄┄┄┄┄┄┄┄┄┄┄┄┄┄┄┄┄┄┄┄┄┄┄┄┄┄┄┄┄┄┄┄
│ 🐛 🔄 BLoC[Canvas]: BLoC Created | null → initial
└───────────────────────────────────────────────────────────────────────────────────────────────────────────────────────
┌───────────────────────────────────────────────────────────────────────────────────────────────────────────────────────
│ #0   AppLogger.bloc (package:filler/core/logging.dart:44:13)
│ #1   new GalleryBloc (package:filler/features/gallery/presentation/gallery_bloc.dart:77:15)
├┄┄┄┄┄┄┄┄┄┄┄┄┄┄┄┄┄┄┄┄┄┄┄┄┄┄┄┄┄┄┄┄┄┄┄┄┄┄┄┄┄┄┄┄┄┄┄┄┄┄┄┄┄┄┄┄┄┄┄┄┄┄┄┄┄┄┄┄┄┄┄┄┄┄┄┄┄┄┄┄┄┄┄┄┄┄┄┄┄┄┄┄┄┄┄┄┄┄┄┄┄┄┄┄┄┄┄┄┄┄┄┄┄┄┄┄┄┄┄
│ 07:38:50.145 (+0:00:02.550300)
├┄┄┄┄┄┄┄┄┄┄┄┄┄┄┄┄┄┄┄┄┄┄┄┄┄┄┄┄┄┄┄┄┄┄┄┄┄┄┄┄┄┄┄┄┄┄┄┄┄┄┄┄┄┄┄┄┄┄┄┄┄┄┄┄┄┄┄┄┄┄┄┄┄┄┄┄┄┄┄┄┄┄┄┄┄┄┄┄┄┄┄┄┄┄┄┄┄┄┄┄┄┄┄┄┄┄┄┄┄┄┄┄┄┄┄┄┄┄┄
│ 🐛 🔄 BLoC[Gallery]: BLoC Created | null → initial
└───────────────────────────────────────────────────────────────────────────────────────────────────────────────────────
┌───────────────────────────────────────────────────────────────────────────────────────────────────────────────────────
│ #0   AppLogger.bloc (package:filler/core/logging.dart:44:13)
│ #1   new PreferencesBloc (package:filler/features/prefs/presentation/preferences_bloc.dart:77:15)
├┄┄┄┄┄┄┄┄┄┄┄┄┄┄┄┄┄┄┄┄┄┄┄┄┄┄┄┄┄┄┄┄┄┄┄┄┄┄┄┄┄┄┄┄┄┄┄┄┄┄┄┄┄┄┄┄┄┄┄┄┄┄┄┄┄┄┄┄┄┄┄┄┄┄┄┄┄┄┄┄┄┄┄┄┄┄┄┄┄┄┄┄┄┄┄┄┄┄┄┄┄┄┄┄┄┄┄┄┄┄┄┄┄┄┄┄┄┄┄
│ 07:38:50.146 (+0:00:02.551369)
├┄┄┄┄┄┄┄┄┄┄┄┄┄┄┄┄┄┄┄┄┄┄┄┄┄┄┄┄┄┄┄┄┄┄┄┄┄┄┄┄┄┄┄┄┄┄┄┄┄┄┄┄┄┄┄┄┄┄┄┄┄┄┄┄┄┄┄┄┄┄┄┄┄┄┄┄┄┄┄┄┄┄┄┄┄┄┄┄┄┄┄┄┄┄┄┄┄┄┄┄┄┄┄┄┄┄┄┄┄┄┄┄┄┄┄┄┄┄┄
│ 🐛 🔄 BLoC[Preferences]: BLoC Created | null → initial
└───────────────────────────────────────────────────────────────────────────────────────────────────────────────────────
┌───────────────────────────────────────────────────────────────────────────────────────────────────────────────────────
│ {title: Error Test, dimensions: -1x2, insets: 0, dataSize: 12 chars}
├┄┄┄┄┄┄┄┄┄┄┄┄┄┄┄┄┄┄┄┄┄┄┄┄┄┄┄┄┄┄┄┄┄┄┄┄┄┄┄┄┄┄┄┄┄┄┄┄┄┄┄┄┄┄┄┄┄┄┄┄┄┄┄┄┄┄┄┄┄┄┄┄┄┄┄┄┄┄┄┄┄┄┄┄┄┄┄┄┄┄┄┄┄┄┄┄┄┄┄┄┄┄┄┄┄┄┄┄┄┄┄┄┄┄┄┄┄┄┄
│ #0   AppLogger.database (package:filler/core/logging.dart:49:13)
│ #1   CanvasRepository.add (package:filler/domain/repositories.dart:78:15)
│ #2   main.<anonymous closure>.<anonymous closure> (file:///Users/mr42/code/flutter/tmp/filler/test/integration/platform_specific_test.dart:192:26)
│ #3   Declarer.test.<anonymous closure>.<anonymous closure> (package:test_api/src/backend/declarer.dart:242:19)
│ #4   <asynchronous suspension>
│ #5   Declarer.test.<anonymous closure> (package:test_api/src/backend/declarer.dart:240:7)
│ #6   <asynchronous suspension>
│ #7   Invoker._waitForOutstandingCallbacks.<anonymous closure> (package:test_api/src/backend/invoker.dart:282:9)
├┄┄┄┄┄┄┄┄┄┄┄┄┄┄┄┄┄┄┄┄┄┄┄┄┄┄┄┄┄┄┄┄┄┄┄┄┄┄┄┄┄┄┄┄┄┄┄┄┄┄┄┄┄┄┄┄┄┄┄┄┄┄┄┄┄┄┄┄┄┄┄┄┄┄┄┄┄┄┄┄┄┄┄┄┄┄┄┄┄┄┄┄┄┄┄┄┄┄┄┄┄┄┄┄┄┄┄┄┄┄┄┄┄┄┄┄┄┄┄
│ 07:38:50.148 (+0:00:02.552932)
├┄┄┄┄┄┄┄┄┄┄┄┄┄┄┄┄┄┄┄┄┄┄┄┄┄┄┄┄┄┄┄┄┄┄┄┄┄┄┄┄┄┄┄┄┄┄┄┄┄┄┄┄┄┄┄┄┄┄┄┄┄┄┄┄┄┄┄┄┄┄┄┄┄┄┄┄┄┄┄┄┄┄┄┄┄┄┄┄┄┄┄┄┄┄┄┄┄┄┄┄┄┄┄┄┄┄┄┄┄┄┄┄┄┄┄┄┄┄┄
│ 🐛 💾 Database: Creating new canvas
└───────────────────────────────────────────────────────────────────────────────────────────────────────────────────────
┌───────────────────────────────────────────────────────────────────────────────────────────────────────────────────────
│ {title: Error Test, dimensions: -1x2}
├┄┄┄┄┄┄┄┄┄┄┄┄┄┄┄┄┄┄┄┄┄┄┄┄┄┄┄┄┄┄┄┄┄┄┄┄┄┄┄┄┄┄┄┄┄┄┄┄┄┄┄┄┄┄┄┄┄┄┄┄┄┄┄┄┄┄┄┄┄┄┄┄┄┄┄┄┄┄┄┄┄┄┄┄┄┄┄┄┄┄┄┄┄┄┄┄┄┄┄┄┄┄┄┄┄┄┄┄┄┄┄┄┄┄┄┄┄┄┄
│ #0   AppLogger.database (package:filler/core/logging.dart:49:13)
│ #1   AppDatabase.insertCanvas (package:filler/data/database.dart:225:15)
│ #2   CanvasRepository.add (package:filler/domain/repositories.dart:90:34)
│ #3   main.<anonymous closure>.<anonymous closure> (file:///Users/mr42/code/flutter/tmp/filler/test/integration/platform_specific_test.dart:192:26)
│ #4   Declarer.test.<anonymous closure>.<anonymous closure> (package:test_api/src/backend/declarer.dart:242:19)
│ #5   <asynchronous suspension>
│ #6   Declarer.test.<anonymous closure> (package:test_api/src/backend/declarer.dart:240:7)
│ #7   <asynchronous suspension>
├┄┄┄┄┄┄┄┄┄┄┄┄┄┄┄┄┄┄┄┄┄┄┄┄┄┄┄┄┄┄┄┄┄┄┄┄┄┄┄┄┄┄┄┄┄┄┄┄┄┄┄┄┄┄┄┄┄┄┄┄┄┄┄┄┄┄┄┄┄┄┄┄┄┄┄┄┄┄┄┄┄┄┄┄┄┄┄┄┄┄┄┄┄┄┄┄┄┄┄┄┄┄┄┄┄┄┄┄┄┄┄┄┄┄┄┄┄┄┄
│ 07:38:50.149 (+0:00:02.554224)
├┄┄┄┄┄┄┄┄┄┄┄┄┄┄┄┄┄┄┄┄┄┄┄┄┄┄┄┄┄┄┄┄┄┄┄┄┄┄┄┄┄┄┄┄┄┄┄┄┄┄┄┄┄┄┄┄┄┄┄┄┄┄┄┄┄┄┄┄┄┄┄┄┄┄┄┄┄┄┄┄┄┄┄┄┄┄┄┄┄┄┄┄┄┄┄┄┄┄┄┄┄┄┄┄┄┄┄┄┄┄┄┄┄┄┄┄┄┄┄
│ 🐛 💾 Database: Inserting canvas
└───────────────────────────────────────────────────────────────────────────────────────────────────────────────────────
┌───────────────────────────────────────────────────────────────────────────────────────────────────────────────────────
│ #0   AppLogger.database (package:filler/core/logging.dart:49:13)
│ #1   createTestDatabaseConnection.<anonymous closure> (package:filler/data/database_connection.dart:22:15)
├┄┄┄┄┄┄┄┄┄┄┄┄┄┄┄┄┄┄┄┄┄┄┄┄┄┄┄┄┄┄┄┄┄┄┄┄┄┄┄┄┄┄┄┄┄┄┄┄┄┄┄┄┄┄┄┄┄┄┄┄┄┄┄┄┄┄┄┄┄┄┄┄┄┄┄┄┄┄┄┄┄┄┄┄┄┄┄┄┄┄┄┄┄┄┄┄┄┄┄┄┄┄┄┄┄┄┄┄┄┄┄┄┄┄┄┄┄┄┄
│ 07:38:50.151 (+0:00:02.555766)
├┄┄┄┄┄┄┄┄┄┄┄┄┄┄┄┄┄┄┄┄┄┄┄┄┄┄┄┄┄┄┄┄┄┄┄┄┄┄┄┄┄┄┄┄┄┄┄┄┄┄┄┄┄┄┄┄┄┄┄┄┄┄┄┄┄┄┄┄┄┄┄┄┄┄┄┄┄┄┄┄┄┄┄┄┄┄┄┄┄┄┄┄┄┄┄┄┄┄┄┄┄┄┄┄┄┄┄┄┄┄┄┄┄┄┄┄┄┄┄
│ 🐛 💾 Database: Test AppDatabase instance created (in-memory)
└───────────────────────────────────────────────────────────────────────────────────────────────────────────────────────
┌───────────────────────────────────────────────────────────────────────────────────────────────────────────────────────
│ {version: 4, wasCreated: true, hadUpgrade: false}
├┄┄┄┄┄┄┄┄┄┄┄┄┄┄┄┄┄┄┄┄┄┄┄┄┄┄┄┄┄┄┄┄┄┄┄┄┄┄┄┄┄┄┄┄┄┄┄┄┄┄┄┄┄┄┄┄┄┄┄┄┄┄┄┄┄┄┄┄┄┄┄┄┄┄┄┄┄┄┄┄┄┄┄┄┄┄┄┄┄┄┄┄┄┄┄┄┄┄┄┄┄┄┄┄┄┄┄┄┄┄┄┄┄┄┄┄┄┄┄
│ #0   AppLogger.database (package:filler/core/logging.dart:49:13)
│ #1   AppDatabase.migration.<anonymous closure> (package:filler/data/database.dart:211:17)
│ #2   GeneratedDatabase.beforeOpen.<anonymous closure> (package:drift/src/runtime/api/db_base.dart:137:44)
│ #3   <asynchronous suspension>
│ #4   DelegatedDatabase._runMigrations (package:drift/src/runtime/executor/helpers/engines.dart:512:5)
│ #5   <asynchronous suspension>
│ #6   DelegatedDatabase.ensureOpen.<anonymous closure> (package:drift/src/runtime/executor/helpers/engines.dart:476:9)
│ #7   <asynchronous suspension>
├┄┄┄┄┄┄┄┄┄┄┄┄┄┄┄┄┄┄┄┄┄┄┄┄┄┄┄┄┄┄┄┄┄┄┄┄┄┄┄┄┄┄┄┄┄┄┄┄┄┄┄┄┄┄┄┄┄┄┄┄┄┄┄┄┄┄┄┄┄┄┄┄┄┄┄┄┄┄┄┄┄┄┄┄┄┄┄┄┄┄┄┄┄┄┄┄┄┄┄┄┄┄┄┄┄┄┄┄┄┄┄┄┄┄┄┄┄┄┄
│ 07:38:50.154 (+0:00:02.559309)
├┄┄┄┄┄┄┄┄┄┄┄┄┄┄┄┄┄┄┄┄┄┄┄┄┄┄┄┄┄┄┄┄┄┄┄┄┄┄┄┄┄┄┄┄┄┄┄┄┄┄┄┄┄┄┄┄┄┄┄┄┄┄┄┄┄┄┄┄┄┄┄┄┄┄┄┄┄┄┄┄┄┄┄┄┄┄┄┄┄┄┄┄┄┄┄┄┄┄┄┄┄┄┄┄┄┄┄┄┄┄┄┄┄┄┄┄┄┄┄
│ 🐛 💾 Database: Database opened
└───────────────────────────────────────────────────────────────────────────────────────────────────────────────────────
┌───────────────────────────────────────────────────────────────────────────────────────────────────────────────────────
│ {id: 1}
├┄┄┄┄┄┄┄┄┄┄┄┄┄┄┄┄┄┄┄┄┄┄┄┄┄┄┄┄┄┄┄┄┄┄┄┄┄┄┄┄┄┄┄┄┄┄┄┄┄┄┄┄┄┄┄┄┄┄┄┄┄┄┄┄┄┄┄┄┄┄┄┄┄┄┄┄┄┄┄┄┄┄┄┄┄┄┄┄┄┄┄┄┄┄┄┄┄┄┄┄┄┄┄┄┄┄┄┄┄┄┄┄┄┄┄┄┄┄┄
│ #0   AppLogger.database (package:filler/core/logging.dart:49:13)
│ #1   AppDatabase.insertCanvas (package:filler/data/database.dart:234:17)
│ #2   <asynchronous suspension>
│ #3   CanvasRepository.add (package:filler/domain/repositories.dart:90:24)
│ #4   <asynchronous suspension>
│ #5   main.<anonymous closure>.<anonymous closure> (file:///Users/mr42/code/flutter/tmp/filler/test/integration/platform_specific_test.dart:192:9)
│ #6   <asynchronous suspension>
│ #7   Declarer.test.<anonymous closure>.<anonymous closure> (package:test_api/src/backend/declarer.dart:242:9)
├┄┄┄┄┄┄┄┄┄┄┄┄┄┄┄┄┄┄┄┄┄┄┄┄┄┄┄┄┄┄┄┄┄┄┄┄┄┄┄┄┄┄┄┄┄┄┄┄┄┄┄┄┄┄┄┄┄┄┄┄┄┄┄┄┄┄┄┄┄┄┄┄┄┄┄┄┄┄┄┄┄┄┄┄┄┄┄┄┄┄┄┄┄┄┄┄┄┄┄┄┄┄┄┄┄┄┄┄┄┄┄┄┄┄┄┄┄┄┄
│ 07:38:50.156 (+0:00:02.561163)
├┄┄┄┄┄┄┄┄┄┄┄┄┄┄┄┄┄┄┄┄┄┄┄┄┄┄┄┄┄┄┄┄┄┄┄┄┄┄┄┄┄┄┄┄┄┄┄┄┄┄┄┄┄┄┄┄┄┄┄┄┄┄┄┄┄┄┄┄┄┄┄┄┄┄┄┄┄┄┄┄┄┄┄┄┄┄┄┄┄┄┄┄┄┄┄┄┄┄┄┄┄┄┄┄┄┄┄┄┄┄┄┄┄┄┄┄┄┄┄
│ 🐛 💾 Database: Canvas inserted with ID
└───────────────────────────────────────────────────────────────────────────────────────────────────────────────────────
┌───────────────────────────────────────────────────────────────────────────────────────────────────────────────────────
│ {id: 1, title: Error Test, insertTime: 8ms}
├┄┄┄┄┄┄┄┄┄┄┄┄┄┄┄┄┄┄┄┄┄┄┄┄┄┄┄┄┄┄┄┄┄┄┄┄┄┄┄┄┄┄┄┄┄┄┄┄┄┄┄┄┄┄┄┄┄┄┄┄┄┄┄┄┄┄┄┄┄┄┄┄┄┄┄┄┄┄┄┄┄┄┄┄┄┄┄┄┄┄┄┄┄┄┄┄┄┄┄┄┄┄┄┄┄┄┄┄┄┄┄┄┄┄┄┄┄┄┄
│ #0   AppLogger.database (package:filler/core/logging.dart:49:13)
│ #1   CanvasRepository.add (package:filler/domain/repositories.dart:103:17)
│ #2   <asynchronous suspension>
│ #3   main.<anonymous closure>.<anonymous closure> (file:///Users/mr42/code/flutter/tmp/filler/test/integration/platform_specific_test.dart:192:9)
│ #4   <asynchronous suspension>
│ #5   Declarer.test.<anonymous closure>.<anonymous closure> (package:test_api/src/backend/declarer.dart:242:9)
│ #6   <asynchronous suspension>
│ #7   Declarer.test.<anonymous closure> (package:test_api/src/backend/declarer.dart:240:7)
├┄┄┄┄┄┄┄┄┄┄┄┄┄┄┄┄┄┄┄┄┄┄┄┄┄┄┄┄┄┄┄┄┄┄┄┄┄┄┄┄┄┄┄┄┄┄┄┄┄┄┄┄┄┄┄┄┄┄┄┄┄┄┄┄┄┄┄┄┄┄┄┄┄┄┄┄┄┄┄┄┄┄┄┄┄┄┄┄┄┄┄┄┄┄┄┄┄┄┄┄┄┄┄┄┄┄┄┄┄┄┄┄┄┄┄┄┄┄┄
│ 07:38:50.157 (+0:00:02.562407)
├┄┄┄┄┄┄┄┄┄┄┄┄┄┄┄┄┄┄┄┄┄┄┄┄┄┄┄┄┄┄┄┄┄┄┄┄┄┄┄┄┄┄┄┄┄┄┄┄┄┄┄┄┄┄┄┄┄┄┄┄┄┄┄┄┄┄┄┄┄┄┄┄┄┄┄┄┄┄┄┄┄┄┄┄┄┄┄┄┄┄┄┄┄┄┄┄┄┄┄┄┄┄┄┄┄┄┄┄┄┄┄┄┄┄┄┄┄┄┄
│ 🐛 💾 Database: Canvas created successfully
└───────────────────────────────────────────────────────────────────────────────────────────────────────────────────────
┌───────────────────────────────────────────────────────────────────────────────────────────────────────────────────────
│ {width: -1, height: 10, insets: 0, defaultPattern: 1, themeMode: 2}
├┄┄┄┄┄┄┄┄┄┄┄┄┄┄┄┄┄┄┄┄┄┄┄┄┄┄┄┄┄┄┄┄┄┄┄┄┄┄┄┄┄┄┄┄┄┄┄┄┄┄┄┄┄┄┄┄┄┄┄┄┄┄┄┄┄┄┄┄┄┄┄┄┄┄┄┄┄┄┄┄┄┄┄┄┄┄┄┄┄┄┄┄┄┄┄┄┄┄┄┄┄┄┄┄┄┄┄┄┄┄┄┄┄┄┄┄┄┄┄
│ #0   AppLogger.preferences (package:filler/core/logging.dart:64:13)
│ #1   PreferencesRepository.save (package:filler/domain/repositories.dart:541:15)
│ #2   main.<anonymous closure>.<anonymous closure> (file:///Users/mr42/code/flutter/tmp/filler/test/integration/platform_specific_test.dart:209:25)
│ #3   <asynchronous suspension>
│ #4   Declarer.test.<anonymous closure>.<anonymous closure> (package:test_api/src/backend/declarer.dart:242:9)
│ #5   <asynchronous suspension>
│ #6   Declarer.test.<anonymous closure> (package:test_api/src/backend/declarer.dart:240:7)
│ #7   <asynchronous suspension>
├┄┄┄┄┄┄┄┄┄┄┄┄┄┄┄┄┄┄┄┄┄┄┄┄┄┄┄┄┄┄┄┄┄┄┄┄┄┄┄┄┄┄┄┄┄┄┄┄┄┄┄┄┄┄┄┄┄┄┄┄┄┄┄┄┄┄┄┄┄┄┄┄┄┄┄┄┄┄┄┄┄┄┄┄┄┄┄┄┄┄┄┄┄┄┄┄┄┄┄┄┄┄┄┄┄┄┄┄┄┄┄┄┄┄┄┄┄┄┄
│ 07:38:50.160 (+0:00:02.564624)
├┄┄┄┄┄┄┄┄┄┄┄┄┄┄┄┄┄┄┄┄┄┄┄┄┄┄┄┄┄┄┄┄┄┄┄┄┄┄┄┄┄┄┄┄┄┄┄┄┄┄┄┄┄┄┄┄┄┄┄┄┄┄┄┄┄┄┄┄┄┄┄┄┄┄┄┄┄┄┄┄┄┄┄┄┄┄┄┄┄┄┄┄┄┄┄┄┄┄┄┄┄┄┄┄┄┄┄┄┄┄┄┄┄┄┄┄┄┄┄
│ 🐛 ⚙️ Preferences: Saving preferences to key-value store
└───────────────────────────────────────────────────────────────────────────────────────────────────────────────────────
┌───────────────────────────────────────────────────────────────────────────────────────────────────────────────────────
│ {key: width, value: -1, type: int}
├┄┄┄┄┄┄┄┄┄┄┄┄┄┄┄┄┄┄┄┄┄┄┄┄┄┄┄┄┄┄┄┄┄┄┄┄┄┄┄┄┄┄┄┄┄┄┄┄┄┄┄┄┄┄┄┄┄┄┄┄┄┄┄┄┄┄┄┄┄┄┄┄┄┄┄┄┄┄┄┄┄┄┄┄┄┄┄┄┄┄┄┄┄┄┄┄┄┄┄┄┄┄┄┄┄┄┄┄┄┄┄┄┄┄┄┄┄┄┄
│ #0   AppLogger.database (package:filler/core/logging.dart:49:13)
│ #1   AppDatabase.setPreferenceValue (package:filler/data/database.dart:301:15)
│ #2   PreferencesRepository.save (package:filler/domain/repositories.dart:557:13)
│ #3   main.<anonymous closure>.<anonymous closure> (file:///Users/mr42/code/flutter/tmp/filler/test/integration/platform_specific_test.dart:209:25)
│ #4   <asynchronous suspension>
│ #5   Declarer.test.<anonymous closure>.<anonymous closure> (package:test_api/src/backend/declarer.dart:242:9)
│ #6   <asynchronous suspension>
│ #7   Declarer.test.<anonymous closure> (package:test_api/src/backend/declarer.dart:240:7)
├┄┄┄┄┄┄┄┄┄┄┄┄┄┄┄┄┄┄┄┄┄┄┄┄┄┄┄┄┄┄┄┄┄┄┄┄┄┄┄┄┄┄┄┄┄┄┄┄┄┄┄┄┄┄┄┄┄┄┄┄┄┄┄┄┄┄┄┄┄┄┄┄┄┄┄┄┄┄┄┄┄┄┄┄┄┄┄┄┄┄┄┄┄┄┄┄┄┄┄┄┄┄┄┄┄┄┄┄┄┄┄┄┄┄┄┄┄┄┄
│ 07:38:50.161 (+0:00:02.565895)
├┄┄┄┄┄┄┄┄┄┄┄┄┄┄┄┄┄┄┄┄┄┄┄┄┄┄┄┄┄┄┄┄┄┄┄┄┄┄┄┄┄┄┄┄┄┄┄┄┄┄┄┄┄┄┄┄┄┄┄┄┄┄┄┄┄┄┄┄┄┄┄┄┄┄┄┄┄┄┄┄┄┄┄┄┄┄┄┄┄┄┄┄┄┄┄┄┄┄┄┄┄┄┄┄┄┄┄┄┄┄┄┄┄┄┄┄┄┄┄
│ 🐛 💾 Database: Setting preference value
└───────────────────────────────────────────────────────────────────────────────────────────────────────────────────────
┌───────────────────────────────────────────────────────────────────────────────────────────────────────────────────────
│ {key: height, value: 10, type: int}
├┄┄┄┄┄┄┄┄┄┄┄┄┄┄┄┄┄┄┄┄┄┄┄┄┄┄┄┄┄┄┄┄┄┄┄┄┄┄┄┄┄┄┄┄┄┄┄┄┄┄┄┄┄┄┄┄┄┄┄┄┄┄┄┄┄┄┄┄┄┄┄┄┄┄┄┄┄┄┄┄┄┄┄┄┄┄┄┄┄┄┄┄┄┄┄┄┄┄┄┄┄┄┄┄┄┄┄┄┄┄┄┄┄┄┄┄┄┄┄
│ #0   AppLogger.database (package:filler/core/logging.dart:49:13)
│ #1   AppDatabase.setPreferenceValue (package:filler/data/database.dart:301:15)
│ #2   PreferencesRepository.save (package:filler/domain/repositories.dart:558:13)
│ #3   main.<anonymous closure>.<anonymous closure> (file:///Users/mr42/code/flutter/tmp/filler/test/integration/platform_specific_test.dart:209:25)
│ #4   <asynchronous suspension>
│ #5   Declarer.test.<anonymous closure>.<anonymous closure> (package:test_api/src/backend/declarer.dart:242:9)
│ #6   <asynchronous suspension>
│ #7   Declarer.test.<anonymous closure> (package:test_api/src/backend/declarer.dart:240:7)
├┄┄┄┄┄┄┄┄┄┄┄┄┄┄┄┄┄┄┄┄┄┄┄┄┄┄┄┄┄┄┄┄┄┄┄┄┄┄┄┄┄┄┄┄┄┄┄┄┄┄┄┄┄┄┄┄┄┄┄┄┄┄┄┄┄┄┄┄┄┄┄┄┄┄┄┄┄┄┄┄┄┄┄┄┄┄┄┄┄┄┄┄┄┄┄┄┄┄┄┄┄┄┄┄┄┄┄┄┄┄┄┄┄┄┄┄┄┄┄
│ 07:38:50.162 (+0:00:02.567195)
├┄┄┄┄┄┄┄┄┄┄┄┄┄┄┄┄┄┄┄┄┄┄┄┄┄┄┄┄┄┄┄┄┄┄┄┄┄┄┄┄┄┄┄┄┄┄┄┄┄┄┄┄┄┄┄┄┄┄┄┄┄┄┄┄┄┄┄┄┄┄┄┄┄┄┄┄┄┄┄┄┄┄┄┄┄┄┄┄┄┄┄┄┄┄┄┄┄┄┄┄┄┄┄┄┄┄┄┄┄┄┄┄┄┄┄┄┄┄┄
│ 🐛 💾 Database: Setting preference value
└───────────────────────────────────────────────────────────────────────────────────────────────────────────────────────
┌───────────────────────────────────────────────────────────────────────────────────────────────────────────────────────
│ {key: insets, value: 0, type: int}
├┄┄┄┄┄┄┄┄┄┄┄┄┄┄┄┄┄┄┄┄┄┄┄┄┄┄┄┄┄┄┄┄┄┄┄┄┄┄┄┄┄┄┄┄┄┄┄┄┄┄┄┄┄┄┄┄┄┄┄┄┄┄┄┄┄┄┄┄┄┄┄┄┄┄┄┄┄┄┄┄┄┄┄┄┄┄┄┄┄┄┄┄┄┄┄┄┄┄┄┄┄┄┄┄┄┄┄┄┄┄┄┄┄┄┄┄┄┄┄
│ #0   AppLogger.database (package:filler/core/logging.dart:49:13)
│ #1   AppDatabase.setPreferenceValue (package:filler/data/database.dart:301:15)
│ #2   PreferencesRepository.save (package:filler/domain/repositories.dart:559:13)
│ #3   main.<anonymous closure>.<anonymous closure> (file:///Users/mr42/code/flutter/tmp/filler/test/integration/platform_specific_test.dart:209:25)
│ #4   <asynchronous suspension>
│ #5   Declarer.test.<anonymous closure>.<anonymous closure> (package:test_api/src/backend/declarer.dart:242:9)
│ #6   <asynchronous suspension>
│ #7   Declarer.test.<anonymous closure> (package:test_api/src/backend/declarer.dart:240:7)
├┄┄┄┄┄┄┄┄┄┄┄┄┄┄┄┄┄┄┄┄┄┄┄┄┄┄┄┄┄┄┄┄┄┄┄┄┄┄┄┄┄┄┄┄┄┄┄┄┄┄┄┄┄┄┄┄┄┄┄┄┄┄┄┄┄┄┄┄┄┄┄┄┄┄┄┄┄┄┄┄┄┄┄┄┄┄┄┄┄┄┄┄┄┄┄┄┄┄┄┄┄┄┄┄┄┄┄┄┄┄┄┄┄┄┄┄┄┄┄
│ 07:38:50.163 (+0:00:02.568462)
├┄┄┄┄┄┄┄┄┄┄┄┄┄┄┄┄┄┄┄┄┄┄┄┄┄┄┄┄┄┄┄┄┄┄┄┄┄┄┄┄┄┄┄┄┄┄┄┄┄┄┄┄┄┄┄┄┄┄┄┄┄┄┄┄┄┄┄┄┄┄┄┄┄┄┄┄┄┄┄┄┄┄┄┄┄┄┄┄┄┄┄┄┄┄┄┄┄┄┄┄┄┄┄┄┄┄┄┄┄┄┄┄┄┄┄┄┄┄┄
│ 🐛 💾 Database: Setting preference value
└───────────────────────────────────────────────────────────────────────────────────────────────────────────────────────
┌───────────────────────────────────────────────────────────────────────────────────────────────────────────────────────
│ {key: defaultPattern, value: 1, type: int}
├┄┄┄┄┄┄┄┄┄┄┄┄┄┄┄┄┄┄┄┄┄┄┄┄┄┄┄┄┄┄┄┄┄┄┄┄┄┄┄┄┄┄┄┄┄┄┄┄┄┄┄┄┄┄┄┄┄┄┄┄┄┄┄┄┄┄┄┄┄┄┄┄┄┄┄┄┄┄┄┄┄┄┄┄┄┄┄┄┄┄┄┄┄┄┄┄┄┄┄┄┄┄┄┄┄┄┄┄┄┄┄┄┄┄┄┄┄┄┄
│ #0   AppLogger.database (package:filler/core/logging.dart:49:13)
│ #1   AppDatabase.setPreferenceValue (package:filler/data/database.dart:301:15)
│ #2   PreferencesRepository.save (package:filler/domain/repositories.dart:560:13)
│ #3   main.<anonymous closure>.<anonymous closure> (file:///Users/mr42/code/flutter/tmp/filler/test/integration/platform_specific_test.dart:209:25)
│ #4   <asynchronous suspension>
│ #5   Declarer.test.<anonymous closure>.<anonymous closure> (package:test_api/src/backend/declarer.dart:242:9)
│ #6   <asynchronous suspension>
│ #7   Declarer.test.<anonymous closure> (package:test_api/src/backend/declarer.dart:240:7)
├┄┄┄┄┄┄┄┄┄┄┄┄┄┄┄┄┄┄┄┄┄┄┄┄┄┄┄┄┄┄┄┄┄┄┄┄┄┄┄┄┄┄┄┄┄┄┄┄┄┄┄┄┄┄┄┄┄┄┄┄┄┄┄┄┄┄┄┄┄┄┄┄┄┄┄┄┄┄┄┄┄┄┄┄┄┄┄┄┄┄┄┄┄┄┄┄┄┄┄┄┄┄┄┄┄┄┄┄┄┄┄┄┄┄┄┄┄┄┄
│ 07:38:50.165 (+0:00:02.569678)
├┄┄┄┄┄┄┄┄┄┄┄┄┄┄┄┄┄┄┄┄┄┄┄┄┄┄┄┄┄┄┄┄┄┄┄┄┄┄┄┄┄┄┄┄┄┄┄┄┄┄┄┄┄┄┄┄┄┄┄┄┄┄┄┄┄┄┄┄┄┄┄┄┄┄┄┄┄┄┄┄┄┄┄┄┄┄┄┄┄┄┄┄┄┄┄┄┄┄┄┄┄┄┄┄┄┄┄┄┄┄┄┄┄┄┄┄┄┄┄
│ 🐛 💾 Database: Setting preference value
└───────────────────────────────────────────────────────────────────────────────────────────────────────────────────────
┌───────────────────────────────────────────────────────────────────────────────────────────────────────────────────────
│ {key: themeMode, value: 2, type: int}
├┄┄┄┄┄┄┄┄┄┄┄┄┄┄┄┄┄┄┄┄┄┄┄┄┄┄┄┄┄┄┄┄┄┄┄┄┄┄┄┄┄┄┄┄┄┄┄┄┄┄┄┄┄┄┄┄┄┄┄┄┄┄┄┄┄┄┄┄┄┄┄┄┄┄┄┄┄┄┄┄┄┄┄┄┄┄┄┄┄┄┄┄┄┄┄┄┄┄┄┄┄┄┄┄┄┄┄┄┄┄┄┄┄┄┄┄┄┄┄

00:04 +54 -2: /Users/mr42/code/flutter/tmp/filler/test/integration/page_state_transitions_test.dart: BLoC State Transitions - All Pages Preferences BLoC - Update State Transitions                    
00:04 +54 -2: /Users/mr42/code/flutter/tmp/filler/test/integration/platform_specific_test.dart: Platform-Specific Database Integration Error Handling Works Cross-Platform                             
│ #0   AppLogger.database (package:filler/core/logging.dart:49:13)
│ #1   AppDatabase.setPreferenceValue (package:filler/data/database.dart:301:15)
│ #2   PreferencesRepository.save (package:filler/domain/repositories.dart:565:13)
│ #3   main.<anonymous closure>.<anonymous closure> (file:///Users/mr42/code/flutter/tmp/filler/test/integration/platform_specific_test.dart:209:25)
│ #4   <asynchronous suspension>
│ #5   Declarer.test.<anonymous closure>.<anonymous closure> (package:test_api/src/backend/declarer.dart:242:9)
│ #6   <asynchronous suspension>
│ #7   Declarer.test.<anonymous closure> (package:test_api/src/backend/declarer.dart:240:7)
├┄┄┄┄┄┄┄┄┄┄┄┄┄┄┄┄┄┄┄┄┄┄┄┄┄┄┄┄┄┄┄┄┄┄┄┄┄┄┄┄┄┄┄┄┄┄┄┄┄┄┄┄┄┄┄┄┄┄┄┄┄┄┄┄┄┄┄┄┄┄┄┄┄┄┄┄┄┄┄┄┄┄┄┄┄┄┄┄┄┄┄┄┄┄┄┄┄┄┄┄┄┄┄┄┄┄┄┄┄┄┄┄┄┄┄┄┄┄┄
│ 07:38:50.166 (+0:00:02.570896)
├┄┄┄┄┄┄┄┄┄┄┄┄┄┄┄┄┄┄┄┄┄┄┄┄┄┄┄┄┄┄┄┄┄┄┄┄┄┄┄┄┄┄┄┄┄┄┄┄┄┄┄┄┄┄┄┄┄┄┄┄┄┄┄┄┄┄┄┄┄┄┄┄┄┄┄┄┄┄┄┄┄┄┄┄┄┄┄┄┄┄┄┄┄┄┄┄┄┄┄┄┄┄┄┄┄┄┄┄┄┄┄┄┄┄┄┄┄┄┄
│ 🐛 💾 Database: Setting preference value
└───────────────────────────────────────────────────────────────────────────────────────────────────────────────────────
┌───────────────────────────────────────────────────────────────────────────────────────────────────────────────────────
│ {key: width, value: -1}
├┄┄┄┄┄┄┄┄┄┄┄┄┄┄┄┄┄┄┄┄┄┄┄┄┄┄┄┄┄┄┄┄┄┄┄┄┄┄┄┄┄┄┄┄┄┄┄┄┄┄┄┄┄┄┄┄┄┄┄┄┄┄┄┄┄┄┄┄┄┄┄┄┄┄┄┄┄┄┄┄┄┄┄┄┄┄┄┄┄┄┄┄┄┄┄┄┄┄┄┄┄┄┄┄┄┄┄┄┄┄┄┄┄┄┄┄┄┄┄
│ #0   AppLogger.database (package:filler/core/logging.dart:49:13)
│ #1   AppDatabase.setPreferenceValue (package:filler/data/database.dart:337:17)
│ #2   <asynchronous suspension>
│ #3   Future.wait.<anonymous closure> (dart:async/future.dart:525:21)
│ #4   <asynchronous suspension>
│ #5   PreferencesRepository.save (package:filler/domain/repositories.dart:556:7)

00:04 +54 -2: /Users/mr42/code/flutter/tmp/filler/test/integration/page_state_transitions_test.dart: BLoC State Transitions - All Pages Preferences BLoC - Update State Transitions                    
00:04 +54 -2: /Users/mr42/code/flutter/tmp/filler/test/integration/platform_specific_test.dart: Platform-Specific Database Integration Error Handling Works Cross-Platform                             
│ #6   <asynchronous suspension>
│ #7   main.<anonymous closure>.<anonymous closure> (file:///Users/mr42/code/flutter/tmp/filler/test/integration/platform_specific_test.dart:209:9)
├┄┄┄┄┄┄┄┄┄┄┄┄┄┄┄┄┄┄┄┄┄┄┄┄┄┄┄┄┄┄┄┄┄┄┄┄┄┄┄┄┄┄┄┄┄┄┄┄┄┄┄┄┄┄┄┄┄┄┄┄┄┄┄┄┄┄┄┄┄┄┄┄┄┄┄┄┄┄┄┄┄┄┄┄┄┄┄┄┄┄┄┄┄┄┄┄┄┄┄┄┄┄┄┄┄┄┄┄┄┄┄┄┄┄┄┄┄┄┄
│ 07:38:50.170 (+0:00:02.574940)
├┄┄┄┄┄┄┄┄┄┄┄┄┄┄┄┄┄┄┄┄┄┄┄┄┄┄┄┄┄┄┄┄┄┄┄┄┄┄┄┄┄┄┄┄┄┄┄┄┄┄┄┄┄┄┄┄┄┄┄┄┄┄┄┄┄┄┄┄┄┄┄┄┄┄┄┄┄┄┄┄┄┄┄┄┄┄┄┄┄┄┄┄┄┄┄┄┄┄┄┄┄┄┄┄┄┄┄┄┄┄┄┄┄┄┄┄┄┄┄
│ 🐛 💾 Database: Preference value saved
└───────────────────────────────────────────────────────────────────────────────────────────────────────────────────────
┌───────────────────────────────────────────────────────────────────────────────────────────────────────────────────────
│ {key: height, value: 10}
├┄┄┄┄┄┄┄┄┄┄┄┄┄┄┄┄┄┄┄┄┄┄┄┄┄┄┄┄┄┄┄┄┄┄┄┄┄┄┄┄┄┄┄┄┄┄┄┄┄┄┄┄┄┄┄┄┄┄┄┄┄┄┄┄┄┄┄┄┄┄┄┄┄┄┄┄┄┄┄┄┄┄┄┄┄┄┄┄┄┄┄┄┄┄┄┄┄┄┄┄┄┄┄┄┄┄┄┄┄┄┄┄┄┄┄┄┄┄┄
│ #0   AppLogger.database (package:filler/core/logging.dart:49:13)
│ #1   AppDatabase.setPreferenceValue (package:filler/data/database.dart:337:17)
│ #2   <asynchronous suspension>
│ #3   Future.wait.<anonymous closure> (dart:async/future.dart:525:21)
│ #4   <asynchronous suspension>
│ #5   PreferencesRepository.save (package:filler/domain/repositories.dart:556:7)
│ #6   <asynchronous suspension>
│ #7   main.<anonymous closure>.<anonymous closure> (file:///Users/mr42/code/flutter/tmp/filler/test/integration/platform_specific_test.dart:209:9)
├┄┄┄┄┄┄┄┄┄┄┄┄┄┄┄┄┄┄┄┄┄┄┄┄┄┄┄┄┄┄┄┄┄┄┄┄┄┄┄┄┄┄┄┄┄┄┄┄┄┄┄┄┄┄┄┄┄┄┄┄┄┄┄┄┄┄┄┄┄┄┄┄┄┄┄┄┄┄┄┄┄┄┄┄┄┄┄┄┄┄┄┄┄┄┄┄┄┄┄┄┄┄┄┄┄┄┄┄┄┄┄┄┄┄┄┄┄┄┄
│ 07:38:50.172 (+0:00:02.576748)
├┄┄┄┄┄┄┄┄┄┄┄┄┄┄┄┄┄┄┄┄┄┄┄┄┄┄┄┄┄┄┄┄┄┄┄┄┄┄┄┄┄┄┄┄┄┄┄┄┄┄┄┄┄┄┄┄┄┄┄┄┄┄┄┄┄┄┄┄┄┄┄┄┄┄┄┄┄┄┄┄┄┄┄┄┄┄┄┄┄┄┄┄┄┄┄┄┄┄┄┄┄┄┄┄┄┄┄┄┄┄┄┄┄┄┄┄┄┄┄
│ 🐛 💾 Database: Preference value saved
└───────────────────────────────────────────────────────────────────────────────────────────────────────────────────────
┌───────────────────────────────────────────────────────────────────────────────────────────────────────────────────────
│ {key: insets, value: 0}
├┄┄┄┄┄┄┄┄┄┄┄┄┄┄┄┄┄┄┄┄┄┄┄┄┄┄┄┄┄┄┄┄┄┄┄┄┄┄┄┄┄┄┄┄┄┄┄┄┄┄┄┄┄┄┄┄┄┄┄┄┄┄┄┄┄┄┄┄┄┄┄┄┄┄┄┄┄┄┄┄┄┄┄┄┄┄┄┄┄┄┄┄┄┄┄┄┄┄┄┄┄┄┄┄┄┄┄┄┄┄┄┄┄┄┄┄┄┄┄
│ #0   AppLogger.database (package:filler/core/logging.dart:49:13)
│ #1   AppDatabase.setPreferenceValue (package:filler/data/database.dart:337:17)
│ #2   <asynchronous suspension>
│ #3   Future.wait.<anonymous closure> (dart:async/future.dart:525:21)
│ #4   <asynchronous suspension>
│ #5   PreferencesRepository.save (package:filler/domain/repositories.dart:556:7)
│ #6   <asynchronous suspension>
│ #7   main.<anonymous closure>.<anonymous closure> (file:///Users/mr42/code/flutter/tmp/filler/test/integration/platform_specific_test.dart:209:9)
├┄┄┄┄┄┄┄┄┄┄┄┄┄┄┄┄┄┄┄┄┄┄┄┄┄┄┄┄┄┄┄┄┄┄┄┄┄┄┄┄┄┄┄┄┄┄┄┄┄┄┄┄┄┄┄┄┄┄┄┄┄┄┄┄┄┄┄┄┄┄┄┄┄┄┄┄┄┄┄┄┄┄┄┄┄┄┄┄┄┄┄┄┄┄┄┄┄┄┄┄┄┄┄┄┄┄┄┄┄┄┄┄┄┄┄┄┄┄┄
│ 07:38:50.173 (+0:00:02.578440)
├┄┄┄┄┄┄┄┄┄┄┄┄┄┄┄┄┄┄┄┄┄┄┄┄┄┄┄┄┄┄┄┄┄┄┄┄┄┄┄┄┄┄┄┄┄┄┄┄┄┄┄┄┄┄┄┄┄┄┄┄┄┄┄┄┄┄┄┄┄┄┄┄┄┄┄┄┄┄┄┄┄┄┄┄┄┄┄┄┄┄┄┄┄┄┄┄┄┄┄┄┄┄┄┄┄┄┄┄┄┄┄┄┄┄┄┄┄┄┄
│ 🐛 💾 Database: Preference value saved
└───────────────────────────────────────────────────────────────────────────────────────────────────────────────────────
┌───────────────────────────────────────────────────────────────────────────────────────────────────────────────────────
│ {key: defaultPattern, value: 1}
├┄┄┄┄┄┄┄┄┄┄┄┄┄┄┄┄┄┄┄┄┄┄┄┄┄┄┄┄┄┄┄┄┄┄┄┄┄┄┄┄┄┄┄┄┄┄┄┄┄┄┄┄┄┄┄┄┄┄┄┄┄┄┄┄┄┄┄┄┄┄┄┄┄┄┄┄┄┄┄┄┄┄┄┄┄┄┄┄┄┄┄┄┄┄┄┄┄┄┄┄┄┄┄┄┄┄┄┄┄┄┄┄┄┄┄┄┄┄┄
│ #0   AppLogger.database (package:filler/core/logging.dart:49:13)
│ #1   AppDatabase.setPreferenceValue (package:filler/data/database.dart:337:17)
│ #2   <asynchronous suspension>
│ #3   Future.wait.<anonymous closure> (dart:async/future.dart:525:21)
│ #4   <asynchronous suspension>
│ #5   PreferencesRepository.save (package:filler/domain/repositories.dart:556:7)
│ #6   <asynchronous suspension>
│ #7   main.<anonymous closure>.<anonymous closure> (file:///Users/mr42/code/flutter/tmp/filler/test/integration/platform_specific_test.dart:209:9)
├┄┄┄┄┄┄┄┄┄┄┄┄┄┄┄┄┄┄┄┄┄┄┄┄┄┄┄┄┄┄┄┄┄┄┄┄┄┄┄┄┄┄┄┄┄┄┄┄┄┄┄┄┄┄┄┄┄┄┄┄┄┄┄┄┄┄┄┄┄┄┄┄┄┄┄┄┄┄┄┄┄┄┄┄┄┄┄┄┄┄┄┄┄┄┄┄┄┄┄┄┄┄┄┄┄┄┄┄┄┄┄┄┄┄┄┄┄┄┄
│ 07:38:50.175 (+0:00:02.580014)
├┄┄┄┄┄┄┄┄┄┄┄┄┄┄┄┄┄┄┄┄┄┄┄┄┄┄┄┄┄┄┄┄┄┄┄┄┄┄┄┄┄┄┄┄┄┄┄┄┄┄┄┄┄┄┄┄┄┄┄┄┄┄┄┄┄┄┄┄┄┄┄┄┄┄┄┄┄┄┄┄┄┄┄┄┄┄┄┄┄┄┄┄┄┄┄┄┄┄┄┄┄┄┄┄┄┄┄┄┄┄┄┄┄┄┄┄┄┄┄
│ 🐛 💾 Database: Preference value saved
└───────────────────────────────────────────────────────────────────────────────────────────────────────────────────────
┌───────────────────────────────────────────────────────────────────────────────────────────────────────────────────────
│ {key: themeMode, value: 2}
├┄┄┄┄┄┄┄┄┄┄┄┄┄┄┄┄┄┄┄┄┄┄┄┄┄┄┄┄┄┄┄┄┄┄┄┄┄┄┄┄┄┄┄┄┄┄┄┄┄┄┄┄┄┄┄┄┄┄┄┄┄┄┄┄┄┄┄┄┄┄┄┄┄┄┄┄┄┄┄┄┄┄┄┄┄┄┄┄┄┄┄┄┄┄┄┄┄┄┄┄┄┄┄┄┄┄┄┄┄┄┄┄┄┄┄┄┄┄┄
│ #0   AppLogger.database (package:filler/core/logging.dart:49:13)
│ #1   AppDatabase.setPreferenceValue (package:filler/data/database.dart:337:17)
│ #2   <asynchronous suspension>
│ #3   Future.wait.<anonymous closure> (dart:async/future.dart:525:21)
│ #4   <asynchronous suspension>
│ #5   PreferencesRepository.save (package:filler/domain/repositories.dart:556:7)
│ #6   <asynchronous suspension>
│ #7   main.<anonymous closure>.<anonymous closure> (file:///Users/mr42/code/flutter/tmp/filler/test/integration/platform_specific_test.dart:209:9)
├┄┄┄┄┄┄┄┄┄┄┄┄┄┄┄┄┄┄┄┄┄┄┄┄┄┄┄┄┄┄┄┄┄┄┄┄┄┄┄┄┄┄┄┄┄┄┄┄┄┄┄┄┄┄┄┄┄┄┄┄┄┄┄┄┄┄┄┄┄┄┄┄┄┄┄┄┄┄┄┄┄┄┄┄┄┄┄┄┄┄┄┄┄┄┄┄┄┄┄┄┄┄┄┄┄┄┄┄┄┄┄┄┄┄┄┄┄┄┄
│ 07:38:50.177 (+0:00:02.581834)
├┄┄┄┄┄┄┄┄┄┄┄┄┄┄┄┄┄┄┄┄┄┄┄┄┄┄┄┄┄┄┄┄┄┄┄┄┄┄┄┄┄┄┄┄┄┄┄┄┄┄┄┄┄┄┄┄┄┄┄┄┄┄┄┄┄┄┄┄┄┄┄┄┄┄┄┄┄┄┄┄┄┄┄┄┄┄┄┄┄┄┄┄┄┄┄┄┄┄┄┄┄┄┄┄┄┄┄┄┄┄┄┄┄┄┄┄┄┄┄
│ 🐛 💾 Database: Preference value saved
└───────────────────────────────────────────────────────────────────────────────────────────────────────────────────────
┌───────────────────────────────────────────────────────────────────────────────────────────────────────────────────────
│ {saveTime: 17ms, keysUpdated: [width, height, insets, defaultPattern, themeMode]}
├┄┄┄┄┄┄┄┄┄┄┄┄┄┄┄┄┄┄┄┄┄┄┄┄┄┄┄┄┄┄┄┄┄┄┄┄┄┄┄┄┄┄┄┄┄┄┄┄┄┄┄┄┄┄┄┄┄┄┄┄┄┄┄┄┄┄┄┄┄┄┄┄┄┄┄┄┄┄┄┄┄┄┄┄┄┄┄┄┄┄┄┄┄┄┄┄┄┄┄┄┄┄┄┄┄┄┄┄┄┄┄┄┄┄┄┄┄┄┄
│ #0   AppLogger.preferences (package:filler/core/logging.dart:64:13)
│ #1   PreferencesRepository.save (package:filler/domain/repositories.dart:570:17)
│ #2   <asynchronous suspension>
│ #3   main.<anonymous closure>.<anonymous closure> (file:///Users/mr42/code/flutter/tmp/filler/test/integration/platform_specific_test.dart:209:9)
│ #4   <asynchronous suspension>
│ #5   Declarer.test.<anonymous closure>.<anonymous closure> (package:test_api/src/backend/declarer.dart:242:9)
│ #6   <asynchronous suspension>
│ #7   Declarer.test.<anonymous closure> (package:test_api/src/backend/declarer.dart:240:7)
├┄┄┄┄┄┄┄┄┄┄┄┄┄┄┄┄┄┄┄┄┄┄┄┄┄┄┄┄┄┄┄┄┄┄┄┄┄┄┄┄┄┄┄┄┄┄┄┄┄┄┄┄┄┄┄┄┄┄┄┄┄┄┄┄┄┄┄┄┄┄┄┄┄┄┄┄┄┄┄┄┄┄┄┄┄┄┄┄┄┄┄┄┄┄┄┄┄┄┄┄┄┄┄┄┄┄┄┄┄┄┄┄┄┄┄┄┄┄┄
│ 07:38:50.178 (+0:00:02.583247)
├┄┄┄┄┄┄┄┄┄┄┄┄┄┄┄┄┄┄┄┄┄┄┄┄┄┄┄┄┄┄┄┄┄┄┄┄┄┄┄┄┄┄┄┄┄┄┄┄┄┄┄┄┄┄┄┄┄┄┄┄┄┄┄┄┄┄┄┄┄┄┄┄┄┄┄┄┄┄┄┄┄┄┄┄┄┄┄┄┄┄┄┄┄┄┄┄┄┄┄┄┄┄┄┄┄┄┄┄┄┄┄┄┄┄┄┄┄┄┄
│ 🐛 ⚙️ Preferences: All preferences saved successfully
└───────────────────────────────────────────────────────────────────────────────────────────────────────────────────────
┌───────────────────────────────────────────────────────────────────────────────────────────────────────────────────────
│ #0   TestHelpers.cleanup (file:///Users/mr42/code/flutter/tmp/filler/test/helpers/test_helpers.dart:152:24)
│ #1   main.<anonymous closure> (file:///Users/mr42/code/flutter/tmp/filler/test/integration/platform_specific_test.dart:35:23)
├┄┄┄┄┄┄┄┄┄┄┄┄┄┄┄┄┄┄┄┄┄┄┄┄┄┄┄┄┄┄┄┄┄┄┄┄┄┄┄┄┄┄┄┄┄┄┄┄┄┄┄┄┄┄┄┄┄┄┄┄┄┄┄┄┄┄┄┄┄┄┄┄┄┄┄┄┄┄┄┄┄┄┄┄┄┄┄┄┄┄┄┄┄┄┄┄┄┄┄┄┄┄┄┄┄┄┄┄┄┄┄┄┄┄┄┄┄┄┄
│ 07:38:50.181 (+0:00:02.585724)
├┄┄┄┄┄┄┄┄┄┄┄┄┄┄┄┄┄┄┄┄┄┄┄┄┄┄┄┄┄┄┄┄┄┄┄┄┄┄┄┄┄┄┄┄┄┄┄┄┄┄┄┄┄┄┄┄┄┄┄┄┄┄┄┄┄┄┄┄┄┄┄┄┄┄┄┄┄┄┄┄┄┄┄┄┄┄┄┄┄┄┄┄┄┄┄┄┄┄┄┄┄┄┄┄┄┄┄┄┄┄┄┄┄┄┄┄┄┄┄
│ 🐛 🧹 Cleaning up test environment
└───────────────────────────────────────────────────────────────────────────────────────────────────────────────────────
┌───────────────────────────────────────────────────────────────────────────────────────────────────────────────────────
│ #0   TestHelpers.cleanup (file:///Users/mr42/code/flutter/tmp/filler/test/helpers/test_helpers.dart:166:26)
│ #1   main.<anonymous closure> (file:///Users/mr42/code/flutter/tmp/filler/test/integration/platform_specific_test.dart:35:23)
├┄┄┄┄┄┄┄┄┄┄┄┄┄┄┄┄┄┄┄┄┄┄┄┄┄┄┄┄┄┄┄┄┄┄┄┄┄┄┄┄┄┄┄┄┄┄┄┄┄┄┄┄┄┄┄┄┄┄┄┄┄┄┄┄┄┄┄┄┄┄┄┄┄┄┄┄┄┄┄┄┄┄┄┄┄┄┄┄┄┄┄┄┄┄┄┄┄┄┄┄┄┄┄┄┄┄┄┄┄┄┄┄┄┄┄┄┄┄┄
│ 07:38:50.183 (+0:00:02.588507)
├┄┄┄┄┄┄┄┄┄┄┄┄┄┄┄┄┄┄┄┄┄┄┄┄┄┄┄┄┄┄┄┄┄┄┄┄┄┄┄┄┄┄┄┄┄┄┄┄┄┄┄┄┄┄┄┄┄┄┄┄┄┄┄┄┄┄┄┄┄┄┄┄┄┄┄┄┄┄┄┄┄┄┄┄┄┄┄┄┄┄┄┄┄┄┄┄┄┄┄┄┄┄┄┄┄┄┄┄┄┄┄┄┄┄┄┄┄┄┄
│ 🐛 ✅ Test cleanup completed
└───────────────────────────────────────────────────────────────────────────────────────────────────────────────────────

00:04 +55 -2: /Users/mr42/code/flutter/tmp/filler/test/integration/page_state_transitions_test.dart: BLoC State Transitions - All Pages Preferences BLoC - Update State Transitions                    
00:04 +55 -2: /Users/mr42/code/flutter/tmp/filler/test/integration/platform_specific_test.dart: Platform-Specific Database Integration Concurrent Operations Work Cross-Platform                       
┌───────────────────────────────────────────────────────────────────────────────────────────────────────────────────────
│ #0   TestHelpers.createTestDatabase (file:///Users/mr42/code/flutter/tmp/filler/test/helpers/test_helpers.dart:30:24)
│ #1   main.<anonymous closure> (file:///Users/mr42/code/flutter/tmp/filler/test/integration/platform_specific_test.dart:22:28)
├┄┄┄┄┄┄┄┄┄┄┄┄┄┄┄┄┄┄┄┄┄┄┄┄┄┄┄┄┄┄┄┄┄┄┄┄┄┄┄┄┄┄┄┄┄┄┄┄┄┄┄┄┄┄┄┄┄┄┄┄┄┄┄┄┄┄┄┄┄┄┄┄┄┄┄┄┄┄┄┄┄┄┄┄┄┄┄┄┄┄┄┄┄┄┄┄┄┄┄┄┄┄┄┄┄┄┄┄┄┄┄┄┄┄┄┄┄┄┄
│ 07:38:50.186 (+0:00:02.590752)
├┄┄┄┄┄┄┄┄┄┄┄┄┄┄┄┄┄┄┄┄┄┄┄┄┄┄┄┄┄┄┄┄┄┄┄┄┄┄┄┄┄┄┄┄┄┄┄┄┄┄┄┄┄┄┄┄┄┄┄┄┄┄┄┄┄┄┄┄┄┄┄┄┄┄┄┄┄┄┄┄┄┄┄┄┄┄┄┄┄┄┄┄┄┄┄┄┄┄┄┄┄┄┄┄┄┄┄┄┄┄┄┄┄┄┄┄┄┄┄
│ 🐛 🗄️ Creating test database
└───────────────────────────────────────────────────────────────────────────────────────────────────────────────────────
┌───────────────────────────────────────────────────────────────────────────────────────────────────────────────────────
│ #0   AppLogger.bloc (package:filler/core/logging.dart:44:13)
│ #1   new CanvasBloc (package:filler/features/canvas/presentation/canvas_bloc.dart:106:15)
├┄┄┄┄┄┄┄┄┄┄┄┄┄┄┄┄┄┄┄┄┄┄┄┄┄┄┄┄┄┄┄┄┄┄┄┄┄┄┄┄┄┄┄┄┄┄┄┄┄┄┄┄┄┄┄┄┄┄┄┄┄┄┄┄┄┄┄┄┄┄┄┄┄┄┄┄┄┄┄┄┄┄┄┄┄┄┄┄┄┄┄┄┄┄┄┄┄┄┄┄┄┄┄┄┄┄┄┄┄┄┄┄┄┄┄┄┄┄┄
│ 07:38:50.187 (+0:00:02.591604)
├┄┄┄┄┄┄┄┄┄┄┄┄┄┄┄┄┄┄┄┄┄┄┄┄┄┄┄┄┄┄┄┄┄┄┄┄┄┄┄┄┄┄┄┄┄┄┄┄┄┄┄┄┄┄┄┄┄┄┄┄┄┄┄┄┄┄┄┄┄┄┄┄┄┄┄┄┄┄┄┄┄┄┄┄┄┄┄┄┄┄┄┄┄┄┄┄┄┄┄┄┄┄┄┄┄┄┄┄┄┄┄┄┄┄┄┄┄┄┄
│ 🐛 🔄 BLoC[Canvas]: BLoC Created | null → initial
└───────────────────────────────────────────────────────────────────────────────────────────────────────────────────────
┌───────────────────────────────────────────────────────────────────────────────────────────────────────────────────────
│ #0   AppLogger.bloc (package:filler/core/logging.dart:44:13)
│ #1   new GalleryBloc (package:filler/features/gallery/presentation/gallery_bloc.dart:77:15)
├┄┄┄┄┄┄┄┄┄┄┄┄┄┄┄┄┄┄┄┄┄┄┄┄┄┄┄┄┄┄┄┄┄┄┄┄┄┄┄┄┄┄┄┄┄┄┄┄┄┄┄┄┄┄┄┄┄┄┄┄┄┄┄┄┄┄┄┄┄┄┄┄┄┄┄┄┄┄┄┄┄┄┄┄┄┄┄┄┄┄┄┄┄┄┄┄┄┄┄┄┄┄┄┄┄┄┄┄┄┄┄┄┄┄┄┄┄┄┄
│ 07:38:50.188 (+0:00:02.593116)
├┄┄┄┄┄┄┄┄┄┄┄┄┄┄┄┄┄┄┄┄┄┄┄┄┄┄┄┄┄┄┄┄┄┄┄┄┄┄┄┄┄┄┄┄┄┄┄┄┄┄┄┄┄┄┄┄┄┄┄┄┄┄┄┄┄┄┄┄┄┄┄┄┄┄┄┄┄┄┄┄┄┄┄┄┄┄┄┄┄┄┄┄┄┄┄┄┄┄┄┄┄┄┄┄┄┄┄┄┄┄┄┄┄┄┄┄┄┄┄
│ 🐛 🔄 BLoC[Gallery]: BLoC Created | null → initial
└───────────────────────────────────────────────────────────────────────────────────────────────────────────────────────
┌───────────────────────────────────────────────────────────────────────────────────────────────────────────────────────
│ #0   AppLogger.bloc (package:filler/core/logging.dart:44:13)
│ #1   new PreferencesBloc (package:filler/features/prefs/presentation/preferences_bloc.dart:77:15)
├┄┄┄┄┄┄┄┄┄┄┄┄┄┄┄┄┄┄┄┄┄┄┄┄┄┄┄┄┄┄┄┄┄┄┄┄┄┄┄┄┄┄┄┄┄┄┄┄┄┄┄┄┄┄┄┄┄┄┄┄┄┄┄┄┄┄┄┄┄┄┄┄┄┄┄┄┄┄┄┄┄┄┄┄┄┄┄┄┄┄┄┄┄┄┄┄┄┄┄┄┄┄┄┄┄┄┄┄┄┄┄┄┄┄┄┄┄┄┄
│ 07:38:50.189 (+0:00:02.593960)
├┄┄┄┄┄┄┄┄┄┄┄┄┄┄┄┄┄┄┄┄┄┄┄┄┄┄┄┄┄┄┄┄┄┄┄┄┄┄┄┄┄┄┄┄┄┄┄┄┄┄┄┄┄┄┄┄┄┄┄┄┄┄┄┄┄┄┄┄┄┄┄┄┄┄┄┄┄┄┄┄┄┄┄┄┄┄┄┄┄┄┄┄┄┄┄┄┄┄┄┄┄┄┄┄┄┄┄┄┄┄┄┄┄┄┄┄┄┄┄
│ 🐛 🔄 BLoC[Preferences]: BLoC Created | null → initial
└───────────────────────────────────────────────────────────────────────────────────────────────────────────────────────
┌───────────────────────────────────────────────────────────────────────────────────────────────────────────────────────
│ {title: Concurrent Test 0, dimensions: 2x2, insets: 0, dataSize: 117 chars}
├┄┄┄┄┄┄┄┄┄┄┄┄┄┄┄┄┄┄┄┄┄┄┄┄┄┄┄┄┄┄┄┄┄┄┄┄┄┄┄┄┄┄┄┄┄┄┄┄┄┄┄┄┄┄┄┄┄┄┄┄┄┄┄┄┄┄┄┄┄┄┄┄┄┄┄┄┄┄┄┄┄┄┄┄┄┄┄┄┄┄┄┄┄┄┄┄┄┄┄┄┄┄┄┄┄┄┄┄┄┄┄┄┄┄┄┄┄┄┄
│ #0   AppLogger.database (package:filler/core/logging.dart:49:13)
│ #1   CanvasRepository.add (package:filler/domain/repositories.dart:78:15)
│ #2   main.<anonymous closure>.<anonymous closure> (file:///Users/mr42/code/flutter/tmp/filler/test/integration/platform_specific_test.dart:231:22)
│ #3   Declarer.test.<anonymous closure>.<anonymous closure> (package:test_api/src/backend/declarer.dart:242:19)
│ #4   <asynchronous suspension>
│ #5   Declarer.test.<anonymous closure> (package:test_api/src/backend/declarer.dart:240:7)
│ #6   <asynchronous suspension>
│ #7   Invoker._waitForOutstandingCallbacks.<anonymous closure> (package:test_api/src/backend/invoker.dart:282:9)
├┄┄┄┄┄┄┄┄┄┄┄┄┄┄┄┄┄┄┄┄┄┄┄┄┄┄┄┄┄┄┄┄┄┄┄┄┄┄┄┄┄┄┄┄┄┄┄┄┄┄┄┄┄┄┄┄┄┄┄┄┄┄┄┄┄┄┄┄┄┄┄┄┄┄┄┄┄┄┄┄┄┄┄┄┄┄┄┄┄┄┄┄┄┄┄┄┄┄┄┄┄┄┄┄┄┄┄┄┄┄┄┄┄┄┄┄┄┄┄
│ 07:38:50.191 (+0:00:02.595532)
├┄┄┄┄┄┄┄┄┄┄┄┄┄┄┄┄┄┄┄┄┄┄┄┄┄┄┄┄┄┄┄┄┄┄┄┄┄┄┄┄┄┄┄┄┄┄┄┄┄┄┄┄┄┄┄┄┄┄┄┄┄┄┄┄┄┄┄┄┄┄┄┄┄┄┄┄┄┄┄┄┄┄┄┄┄┄┄┄┄┄┄┄┄┄┄┄┄┄┄┄┄┄┄┄┄┄┄┄┄┄┄┄┄┄┄┄┄┄┄
│ 🐛 💾 Database: Creating new canvas
└───────────────────────────────────────────────────────────────────────────────────────────────────────────────────────
┌───────────────────────────────────────────────────────────────────────────────────────────────────────────────────────
│ {title: Concurrent Test 0, dimensions: 2x2}
├┄┄┄┄┄┄┄┄┄┄┄┄┄┄┄┄┄┄┄┄┄┄┄┄┄┄┄┄┄┄┄┄┄┄┄┄┄┄┄┄┄┄┄┄┄┄┄┄┄┄┄┄┄┄┄┄┄┄┄┄┄┄┄┄┄┄┄┄┄┄┄┄┄┄┄┄┄┄┄┄┄┄┄┄┄┄┄┄┄┄┄┄┄┄┄┄┄┄┄┄┄┄┄┄┄┄┄┄┄┄┄┄┄┄┄┄┄┄┄
│ #0   AppLogger.database (package:filler/core/logging.dart:49:13)
│ #1   AppDatabase.insertCanvas (package:filler/data/database.dart:225:15)
│ #2   CanvasRepository.add (package:filler/domain/repositories.dart:90:34)
│ #3   main.<anonymous closure>.<anonymous closure> (file:///Users/mr42/code/flutter/tmp/filler/test/integration/platform_specific_test.dart:231:22)
│ #4   Declarer.test.<anonymous closure>.<anonymous closure> (package:test_api/src/backend/declarer.dart:242:19)
│ #5   <asynchronous suspension>
│ #6   Declarer.test.<anonymous closure> (package:test_api/src/backend/declarer.dart:240:7)
│ #7   <asynchronous suspension>
├┄┄┄┄┄┄┄┄┄┄┄┄┄┄┄┄┄┄┄┄┄┄┄┄┄┄┄┄┄┄┄┄┄┄┄┄┄┄┄┄┄┄┄┄┄┄┄┄┄┄┄┄┄┄┄┄┄┄┄┄┄┄┄┄┄┄┄┄┄┄┄┄┄┄┄┄┄┄┄┄┄┄┄┄┄┄┄┄┄┄┄┄┄┄┄┄┄┄┄┄┄┄┄┄┄┄┄┄┄┄┄┄┄┄┄┄┄┄┄
│ 07:38:50.192 (+0:00:02.596771)
├┄┄┄┄┄┄┄┄┄┄┄┄┄┄┄┄┄┄┄┄┄┄┄┄┄┄┄┄┄┄┄┄┄┄┄┄┄┄┄┄┄┄┄┄┄┄┄┄┄┄┄┄┄┄┄┄┄┄┄┄┄┄┄┄┄┄┄┄┄┄┄┄┄┄┄┄┄┄┄┄┄┄┄┄┄┄┄┄┄┄┄┄┄┄┄┄┄┄┄┄┄┄┄┄┄┄┄┄┄┄┄┄┄┄┄┄┄┄┄
│ 🐛 💾 Database: Inserting canvas
└───────────────────────────────────────────────────────────────────────────────────────────────────────────────────────
┌───────────────────────────────────────────────────────────────────────────────────────────────────────────────────────
│ #0   AppLogger.database (package:filler/core/logging.dart:49:13)
│ #1   createTestDatabaseConnection.<anonymous closure> (package:filler/data/database_connection.dart:22:15)
├┄┄┄┄┄┄┄┄┄┄┄┄┄┄┄┄┄┄┄┄┄┄┄┄┄┄┄┄┄┄┄┄┄┄┄┄┄┄┄┄┄┄┄┄┄┄┄┄┄┄┄┄┄┄┄┄┄┄┄┄┄┄┄┄┄┄┄┄┄┄┄┄┄┄┄┄┄┄┄┄┄┄┄┄┄┄┄┄┄┄┄┄┄┄┄┄┄┄┄┄┄┄┄┄┄┄┄┄┄┄┄┄┄┄┄┄┄┄┄
│ 07:38:50.193 (+0:00:02.598054)
├┄┄┄┄┄┄┄┄┄┄┄┄┄┄┄┄┄┄┄┄┄┄┄┄┄┄┄┄┄┄┄┄┄┄┄┄┄┄┄┄┄┄┄┄┄┄┄┄┄┄┄┄┄┄┄┄┄┄┄┄┄┄┄┄┄┄┄┄┄┄┄┄┄┄┄┄┄┄┄┄┄┄┄┄┄┄┄┄┄┄┄┄┄┄┄┄┄┄┄┄┄┄┄┄┄┄┄┄┄┄┄┄┄┄┄┄┄┄┄
│ 🐛 💾 Database: Test AppDatabase instance created (in-memory)
└───────────────────────────────────────────────────────────────────────────────────────────────────────────────────────
┌───────────────────────────────────────────────────────────────────────────────────────────────────────────────────────
│ {title: Concurrent Test 1, dimensions: 2x2, insets: 0, dataSize: 117 chars}
├┄┄┄┄┄┄┄┄┄┄┄┄┄┄┄┄┄┄┄┄┄┄┄┄┄┄┄┄┄┄┄┄┄┄┄┄┄┄┄┄┄┄┄┄┄┄┄┄┄┄┄┄┄┄┄┄┄┄┄┄┄┄┄┄┄┄┄┄┄┄┄┄┄┄┄┄┄┄┄┄┄┄┄┄┄┄┄┄┄┄┄┄┄┄┄┄┄┄┄┄┄┄┄┄┄┄┄┄┄┄┄┄┄┄┄┄┄┄┄
│ #0   AppLogger.database (package:filler/core/logging.dart:49:13)
│ #1   CanvasRepository.add (package:filler/domain/repositories.dart:78:15)
│ #2   main.<anonymous closure>.<anonymous closure> (file:///Users/mr42/code/flutter/tmp/filler/test/integration/platform_specific_test.dart:231:22)
│ #3   Declarer.test.<anonymous closure>.<anonymous closure> (package:test_api/src/backend/declarer.dart:242:19)
│ #4   <asynchronous suspension>
│ #5   Declarer.test.<anonymous closure> (package:test_api/src/backend/declarer.dart:240:7)
│ #6   <asynchronous suspension>
│ #7   Invoker._waitForOutstandingCallbacks.<anonymous closure> (package:test_api/src/backend/invoker.dart:282:9)
├┄┄┄┄┄┄┄┄┄┄┄┄┄┄┄┄┄┄┄┄┄┄┄┄┄┄┄┄┄┄┄┄┄┄┄┄┄┄┄┄┄┄┄┄┄┄┄┄┄┄┄┄┄┄┄┄┄┄┄┄┄┄┄┄┄┄┄┄┄┄┄┄┄┄┄┄┄┄┄┄┄┄┄┄┄┄┄┄┄┄┄┄┄┄┄┄┄┄┄┄┄┄┄┄┄┄┄┄┄┄┄┄┄┄┄┄┄┄┄
│ 07:38:50.194 (+0:00:02.598761)
├┄┄┄┄┄┄┄┄┄┄┄┄┄┄┄┄┄┄┄┄┄┄┄┄┄┄┄┄┄┄┄┄┄┄┄┄┄┄┄┄┄┄┄┄┄┄┄┄┄┄┄┄┄┄┄┄┄┄┄┄┄┄┄┄┄┄┄┄┄┄┄┄┄┄┄┄┄┄┄┄┄┄┄┄┄┄┄┄┄┄┄┄┄┄┄┄┄┄┄┄┄┄┄┄┄┄┄┄┄┄┄┄┄┄┄┄┄┄┄
│ 🐛 💾 Database: Creating new canvas
└───────────────────────────────────────────────────────────────────────────────────────────────────────────────────────
┌───────────────────────────────────────────────────────────────────────────────────────────────────────────────────────
│ {title: Concurrent Test 1, dimensions: 2x2}
├┄┄┄┄┄┄┄┄┄┄┄┄┄┄┄┄┄┄┄┄┄┄┄┄┄┄┄┄┄┄┄┄┄┄┄┄┄┄┄┄┄┄┄┄┄┄┄┄┄┄┄┄┄┄┄┄┄┄┄┄┄┄┄┄┄┄┄┄┄┄┄┄┄┄┄┄┄┄┄┄┄┄┄┄┄┄┄┄┄┄┄┄┄┄┄┄┄┄┄┄┄┄┄┄┄┄┄┄┄┄┄┄┄┄┄┄┄┄┄
│ #0   AppLogger.database (package:filler/core/logging.dart:49:13)
│ #1   AppDatabase.insertCanvas (package:filler/data/database.dart:225:15)
│ #2   CanvasRepository.add (package:filler/domain/repositories.dart:90:34)
│ #3   main.<anonymous closure>.<anonymous closure> (file:///Users/mr42/code/flutter/tmp/filler/test/integration/platform_specific_test.dart:231:22)
│ #4   Declarer.test.<anonymous closure>.<anonymous closure> (package:test_api/src/backend/declarer.dart:242:19)
│ #5   <asynchronous suspension>
│ #6   Declarer.test.<anonymous closure> (package:test_api/src/backend/declarer.dart:240:7)
│ #7   <asynchronous suspension>
├┄┄┄┄┄┄┄┄┄┄┄┄┄┄┄┄┄┄┄┄┄┄┄┄┄┄┄┄┄┄┄┄┄┄┄┄┄┄┄┄┄┄┄┄┄┄┄┄┄┄┄┄┄┄┄┄┄┄┄┄┄┄┄┄┄┄┄┄┄┄┄┄┄┄┄┄┄┄┄┄┄┄┄┄┄┄┄┄┄┄┄┄┄┄┄┄┄┄┄┄┄┄┄┄┄┄┄┄┄┄┄┄┄┄┄┄┄┄┄
│ 07:38:50.195 (+0:00:02.599994)
├┄┄┄┄┄┄┄┄┄┄┄┄┄┄┄┄┄┄┄┄┄┄┄┄┄┄┄┄┄┄┄┄┄┄┄┄┄┄┄┄┄┄┄┄┄┄┄┄┄┄┄┄┄┄┄┄┄┄┄┄┄┄┄┄┄┄┄┄┄┄┄┄┄┄┄┄┄┄┄┄┄┄┄┄┄┄┄┄┄┄┄┄┄┄┄┄┄┄┄┄┄┄┄┄┄┄┄┄┄┄┄┄┄┄┄┄┄┄┄
│ 🐛 💾 Database: Inserting canvas
└───────────────────────────────────────────────────────────────────────────────────────────────────────────────────────
┌───────────────────────────────────────────────────────────────────────────────────────────────────────────────────────
│ {title: Concurrent Test 2, dimensions: 2x2, insets: 0, dataSize: 117 chars}
├┄┄┄┄┄┄┄┄┄┄┄┄┄┄┄┄┄┄┄┄┄┄┄┄┄┄┄┄┄┄┄┄┄┄┄┄┄┄┄┄┄┄┄┄┄┄┄┄┄┄┄┄┄┄┄┄┄┄┄┄┄┄┄┄┄┄┄┄┄┄┄┄┄┄┄┄┄┄┄┄┄┄┄┄┄┄┄┄┄┄┄┄┄┄┄┄┄┄┄┄┄┄┄┄┄┄┄┄┄┄┄┄┄┄┄┄┄┄┄
│ #0   AppLogger.database (package:filler/core/logging.dart:49:13)
│ #1   CanvasRepository.add (package:filler/domain/repositories.dart:78:15)
│ #2   main.<anonymous closure>.<anonymous closure> (file:///Users/mr42/code/flutter/tmp/filler/test/integration/platform_specific_test.dart:231:22)
│ #3   Declarer.test.<anonymous closure>.<anonymous closure> (package:test_api/src/backend/declarer.dart:242:19)
│ #4   <asynchronous suspension>
│ #5   Declarer.test.<anonymous closure> (package:test_api/src/backend/declarer.dart:240:7)
│ #6   <asynchronous suspension>
│ #7   Invoker._waitForOutstandingCallbacks.<anonymous closure> (package:test_api/src/backend/invoker.dart:282:9)
├┄┄┄┄┄┄┄┄┄┄┄┄┄┄┄┄┄┄┄┄┄┄┄┄┄┄┄┄┄┄┄┄┄┄┄┄┄┄┄┄┄┄┄┄┄┄┄┄┄┄┄┄┄┄┄┄┄┄┄┄┄┄┄┄┄┄┄┄┄┄┄┄┄┄┄┄┄┄┄┄┄┄┄┄┄┄┄┄┄┄┄┄┄┄┄┄┄┄┄┄┄┄┄┄┄┄┄┄┄┄┄┄┄┄┄┄┄┄┄
│ 07:38:50.196 (+0:00:02.601247)
├┄┄┄┄┄┄┄┄┄┄┄┄┄┄┄┄┄┄┄┄┄┄┄┄┄┄┄┄┄┄┄┄┄┄┄┄┄┄┄┄┄┄┄┄┄┄┄┄┄┄┄┄┄┄┄┄┄┄┄┄┄┄┄┄┄┄┄┄┄┄┄┄┄┄┄┄┄┄┄┄┄┄┄┄┄┄┄┄┄┄┄┄┄┄┄┄┄┄┄┄┄┄┄┄┄┄┄┄┄┄┄┄┄┄┄┄┄┄┄
│ 🐛 💾 Database: Creating new canvas
└───────────────────────────────────────────────────────────────────────────────────────────────────────────────────────
┌───────────────────────────────────────────────────────────────────────────────────────────────────────────────────────
│ {title: Concurrent Test 2, dimensions: 2x2}
├┄┄┄┄┄┄┄┄┄┄┄┄┄┄┄┄┄┄┄┄┄┄┄┄┄┄┄┄┄┄┄┄┄┄┄┄┄┄┄┄┄┄┄┄┄┄┄┄┄┄┄┄┄┄┄┄┄┄┄┄┄┄┄┄┄┄┄┄┄┄┄┄┄┄┄┄┄┄┄┄┄┄┄┄┄┄┄┄┄┄┄┄┄┄┄┄┄┄┄┄┄┄┄┄┄┄┄┄┄┄┄┄┄┄┄┄┄┄┄
│ #0   AppLogger.database (package:filler/core/logging.dart:49:13)
│ #1   AppDatabase.insertCanvas (package:filler/data/database.dart:225:15)
│ #2   CanvasRepository.add (package:filler/domain/repositories.dart:90:34)
│ #3   main.<anonymous closure>.<anonymous closure> (file:///Users/mr42/code/flutter/tmp/filler/test/integration/platform_specific_test.dart:231:22)
│ #4   Declarer.test.<anonymous closure>.<anonymous closure> (package:test_api/src/backend/declarer.dart:242:19)
│ #5   <asynchronous suspension>
│ #6   Declarer.test.<anonymous closure> (package:test_api/src/backend/declarer.dart:240:7)
│ #7   <asynchronous suspension>
├┄┄┄┄┄┄┄┄┄┄┄┄┄┄┄┄┄┄┄┄┄┄┄┄┄┄┄┄┄┄┄┄┄┄┄┄┄┄┄┄┄┄┄┄┄┄┄┄┄┄┄┄┄┄┄┄┄┄┄┄┄┄┄┄┄┄┄┄┄┄┄┄┄┄┄┄┄┄┄┄┄┄┄┄┄┄┄┄┄┄┄┄┄┄┄┄┄┄┄┄┄┄┄┄┄┄┄┄┄┄┄┄┄┄┄┄┄┄┄
│ 07:38:50.197 (+0:00:02.602391)
├┄┄┄┄┄┄┄┄┄┄┄┄┄┄┄┄┄┄┄┄┄┄┄┄┄┄┄┄┄┄┄┄┄┄┄┄┄┄┄┄┄┄┄┄┄┄┄┄┄┄┄┄┄┄┄┄┄┄┄┄┄┄┄┄┄┄┄┄┄┄┄┄┄┄┄┄┄┄┄┄┄┄┄┄┄┄┄┄┄┄┄┄┄┄┄┄┄┄┄┄┄┄┄┄┄┄┄┄┄┄┄┄┄┄┄┄┄┄┄
│ 🐛 💾 Database: Inserting canvas
└───────────────────────────────────────────────────────────────────────────────────────────────────────────────────────
┌───────────────────────────────────────────────────────────────────────────────────────────────────────────────────────
│ {version: 4, wasCreated: true, hadUpgrade: false}
├┄┄┄┄┄┄┄┄┄┄┄┄┄┄┄┄┄┄┄┄┄┄┄┄┄┄┄┄┄┄┄┄┄┄┄┄┄┄┄┄┄┄┄┄┄┄┄┄┄┄┄┄┄┄┄┄┄┄┄┄┄┄┄┄┄┄┄┄┄┄┄┄┄┄┄┄┄┄┄┄┄┄┄┄┄┄┄┄┄┄┄┄┄┄┄┄┄┄┄┄┄┄┄┄┄┄┄┄┄┄┄┄┄┄┄┄┄┄┄
│ #0   AppLogger.database (package:filler/core/logging.dart:49:13)
│ #1   AppDatabase.migration.<anonymous closure> (package:filler/data/database.dart:211:17)
│ #2   GeneratedDatabase.beforeOpen.<anonymous closure> (package:drift/src/runtime/api/db_base.dart:137:44)
│ #3   <asynchronous suspension>
│ #4   DelegatedDatabase._runMigrations (package:drift/src/runtime/executor/helpers/engines.dart:512:5)
│ #5   <asynchronous suspension>
│ #6   DelegatedDatabase.ensureOpen.<anonymous closure> (package:drift/src/runtime/executor/helpers/engines.dart:476:9)
│ #7   <asynchronous suspension>
├┄┄┄┄┄┄┄┄┄┄┄┄┄┄┄┄┄┄┄┄┄┄┄┄┄┄┄┄┄┄┄┄┄┄┄┄┄┄┄┄┄┄┄┄┄┄┄┄┄┄┄┄┄┄┄┄┄┄┄┄┄┄┄┄┄┄┄┄┄┄┄┄┄┄┄┄┄┄┄┄┄┄┄┄┄┄┄┄┄┄┄┄┄┄┄┄┄┄┄┄┄┄┄┄┄┄┄┄┄┄┄┄┄┄┄┄┄┄┄
│ 07:38:50.199 (+0:00:02.604420)
├┄┄┄┄┄┄┄┄┄┄┄┄┄┄┄┄┄┄┄┄┄┄┄┄┄┄┄┄┄┄┄┄┄┄┄┄┄┄┄┄┄┄┄┄┄┄┄┄┄┄┄┄┄┄┄┄┄┄┄┄┄┄┄┄┄┄┄┄┄┄┄┄┄┄┄┄┄┄┄┄┄┄┄┄┄┄┄┄┄┄┄┄┄┄┄┄┄┄┄┄┄┄┄┄┄┄┄┄┄┄┄┄┄┄┄┄┄┄┄
│ 🐛 💾 Database: Database opened
└───────────────────────────────────────────────────────────────────────────────────────────────────────────────────────
┌───────────────────────────────────────────────────────────────────────────────────────────────────────────────────────
│ {id: 1}
├┄┄┄┄┄┄┄┄┄┄┄┄┄┄┄┄┄┄┄┄┄┄┄┄┄┄┄┄┄┄┄┄┄┄┄┄┄┄┄┄┄┄┄┄┄┄┄┄┄┄┄┄┄┄┄┄┄┄┄┄┄┄┄┄┄┄┄┄┄┄┄┄┄┄┄┄┄┄┄┄┄┄┄┄┄┄┄┄┄┄┄┄┄┄┄┄┄┄┄┄┄┄┄┄┄┄┄┄┄┄┄┄┄┄┄┄┄┄┄
│ #0   AppLogger.database (package:filler/core/logging.dart:49:13)
│ #1   AppDatabase.insertCanvas (package:filler/data/database.dart:234:17)
│ #2   <asynchronous suspension>
│ #3   CanvasRepository.add (package:filler/domain/repositories.dart:90:24)
│ #4   <asynchronous suspension>
│ #5   Future.wait.<anonymous closure> (dart:async/future.dart:525:21)
│ #6   <asynchronous suspension>
│ #7   main.<anonymous closure>.<anonymous closure> (file:///Users/mr42/code/flutter/tmp/filler/test/integration/platform_specific_test.dart:245:19)
├┄┄┄┄┄┄┄┄┄┄┄┄┄┄┄┄┄┄┄┄┄┄┄┄┄┄┄┄┄┄┄┄┄┄┄┄┄┄┄┄┄┄┄┄┄┄┄┄┄┄┄┄┄┄┄┄┄┄┄┄┄┄┄┄┄┄┄┄┄┄┄┄┄┄┄┄┄┄┄┄┄┄┄┄┄┄┄┄┄┄┄┄┄┄┄┄┄┄┄┄┄┄┄┄┄┄┄┄┄┄┄┄┄┄┄┄┄┄┄
│ 07:38:50.201 (+0:00:02.605903)
├┄┄┄┄┄┄┄┄┄┄┄┄┄┄┄┄┄┄┄┄┄┄┄┄┄┄┄┄┄┄┄┄┄┄┄┄┄┄┄┄┄┄┄┄┄┄┄┄┄┄┄┄┄┄┄┄┄┄┄┄┄┄┄┄┄┄┄┄┄┄┄┄┄┄┄┄┄┄┄┄┄┄┄┄┄┄┄┄┄┄┄┄┄┄┄┄┄┄┄┄┄┄┄┄┄┄┄┄┄┄┄┄┄┄┄┄┄┄┄
│ 🐛 💾 Database: Canvas inserted with ID
└───────────────────────────────────────────────────────────────────────────────────────────────────────────────────────
┌───────────────────────────────────────────────────────────────────────────────────────────────────────────────────────
│ {id: 1, title: Concurrent Test 0, insertTime: 10ms}
├┄┄┄┄┄┄┄┄┄┄┄┄┄┄┄┄┄┄┄┄┄┄┄┄┄┄┄┄┄┄┄┄┄┄┄┄┄┄┄┄┄┄┄┄┄┄┄┄┄┄┄┄┄┄┄┄┄┄┄┄┄┄┄┄┄┄┄┄┄┄┄┄┄┄┄┄┄┄┄┄┄┄┄┄┄┄┄┄┄┄┄┄┄┄┄┄┄┄┄┄┄┄┄┄┄┄┄┄┄┄┄┄┄┄┄┄┄┄┄
│ #0   AppLogger.database (package:filler/core/logging.dart:49:13)
│ #1   CanvasRepository.add (package:filler/domain/repositories.dart:103:17)
│ #2   <asynchronous suspension>
│ #3   Future.wait.<anonymous closure> (dart:async/future.dart:525:21)
│ #4   <asynchronous suspension>
│ #5   main.<anonymous closure>.<anonymous closure> (file:///Users/mr42/code/flutter/tmp/filler/test/integration/platform_specific_test.dart:245:19)
│ #6   <asynchronous suspension>
│ #7   Declarer.test.<anonymous closure>.<anonymous closure> (package:test_api/src/backend/declarer.dart:242:9)
├┄┄┄┄┄┄┄┄┄┄┄┄┄┄┄┄┄┄┄┄┄┄┄┄┄┄┄┄┄┄┄┄┄┄┄┄┄┄┄┄┄┄┄┄┄┄┄┄┄┄┄┄┄┄┄┄┄┄┄┄┄┄┄┄┄┄┄┄┄┄┄┄┄┄┄┄┄┄┄┄┄┄┄┄┄┄┄┄┄┄┄┄┄┄┄┄┄┄┄┄┄┄┄┄┄┄┄┄┄┄┄┄┄┄┄┄┄┄┄
│ 07:38:50.202 (+0:00:02.607107)
├┄┄┄┄┄┄┄┄┄┄┄┄┄┄┄┄┄┄┄┄┄┄┄┄┄┄┄┄┄┄┄┄┄┄┄┄┄┄┄┄┄┄┄┄┄┄┄┄┄┄┄┄┄┄┄┄┄┄┄┄┄┄┄┄┄┄┄┄┄┄┄┄┄┄┄┄┄┄┄┄┄┄┄┄┄┄┄┄┄┄┄┄┄┄┄┄┄┄┄┄┄┄┄┄┄┄┄┄┄┄┄┄┄┄┄┄┄┄┄
│ 🐛 💾 Database: Canvas created successfully
└───────────────────────────────────────────────────────────────────────────────────────────────────────────────────────
┌───────────────────────────────────────────────────────────────────────────────────────────────────────────────────────
│ {id: 2}
├┄┄┄┄┄┄┄┄┄┄┄┄┄┄┄┄┄┄┄┄┄┄┄┄┄┄┄┄┄┄┄┄┄┄┄┄┄┄┄┄┄┄┄┄┄┄┄┄┄┄┄┄┄┄┄┄┄┄┄┄┄┄┄┄┄┄┄┄┄┄┄┄┄┄┄┄┄┄┄┄┄┄┄┄┄┄┄┄┄┄┄┄┄┄┄┄┄┄┄┄┄┄┄┄┄┄┄┄┄┄┄┄┄┄┄┄┄┄┄
│ #0   AppLogger.database (package:filler/core/logging.dart:49:13)
│ #1   AppDatabase.insertCanvas (package:filler/data/database.dart:234:17)
│ #2   <asynchronous suspension>
│ #3   CanvasRepository.add (package:filler/domain/repositories.dart:90:24)
│ #4   <asynchronous suspension>
│ #5   Future.wait.<anonymous closure> (dart:async/future.dart:525:21)
│ #6   <asynchronous suspension>
│ #7   main.<anonymous closure>.<anonymous closure> (file:///Users/mr42/code/flutter/tmp/filler/test/integration/platform_specific_test.dart:245:19)
├┄┄┄┄┄┄┄┄┄┄┄┄┄┄┄┄┄┄┄┄┄┄┄┄┄┄┄┄┄┄┄┄┄┄┄┄┄┄┄┄┄┄┄┄┄┄┄┄┄┄┄┄┄┄┄┄┄┄┄┄┄┄┄┄┄┄┄┄┄┄┄┄┄┄┄┄┄┄┄┄┄┄┄┄┄┄┄┄┄┄┄┄┄┄┄┄┄┄┄┄┄┄┄┄┄┄┄┄┄┄┄┄┄┄┄┄┄┄┄
│ 07:38:50.203 (+0:00:02.608467)
├┄┄┄┄┄┄┄┄┄┄┄┄┄┄┄┄┄┄┄┄┄┄┄┄┄┄┄┄┄┄┄┄┄┄┄┄┄┄┄┄┄┄┄┄┄┄┄┄┄┄┄┄┄┄┄┄┄┄┄┄┄┄┄┄┄┄┄┄┄┄┄┄┄┄┄┄┄┄┄┄┄┄┄┄┄┄┄┄┄┄┄┄┄┄┄┄┄┄┄┄┄┄┄┄┄┄┄┄┄┄┄┄┄┄┄┄┄┄┄
│ 🐛 💾 Database: Canvas inserted with ID
└───────────────────────────────────────────────────────────────────────────────────────────────────────────────────────
┌───────────────────────────────────────────────────────────────────────────────────────────────────────────────────────
│ {id: 2, title: Concurrent Test 1, insertTime: 9ms}
├┄┄┄┄┄┄┄┄┄┄┄┄┄┄┄┄┄┄┄┄┄┄┄┄┄┄┄┄┄┄┄┄┄┄┄┄┄┄┄┄┄┄┄┄┄┄┄┄┄┄┄┄┄┄┄┄┄┄┄┄┄┄┄┄┄┄┄┄┄┄┄┄┄┄┄┄┄┄┄┄┄┄┄┄┄┄┄┄┄┄┄┄┄┄┄┄┄┄┄┄┄┄┄┄┄┄┄┄┄┄┄┄┄┄┄┄┄┄┄
│ #0   AppLogger.database (package:filler/core/logging.dart:49:13)
│ #1   CanvasRepository.add (package:filler/domain/repositories.dart:103:17)
│ #2   <asynchronous suspension>
│ #3   Future.wait.<anonymous closure> (dart:async/future.dart:525:21)
│ #4   <asynchronous suspension>
│ #5   main.<anonymous closure>.<anonymous closure> (file:///Users/mr42/code/flutter/tmp/filler/test/integration/platform_specific_test.dart:245:19)
│ #6   <asynchronous suspension>
│ #7   Declarer.test.<anonymous closure>.<anonymous closure> (package:test_api/src/backend/declarer.dart:242:9)
├┄┄┄┄┄┄┄┄┄┄┄┄┄┄┄┄┄┄┄┄┄┄┄┄┄┄┄┄┄┄┄┄┄┄┄┄┄┄┄┄┄┄┄┄┄┄┄┄┄┄┄┄┄┄┄┄┄┄┄┄┄┄┄┄┄┄┄┄┄┄┄┄┄┄┄┄┄┄┄┄┄┄┄┄┄┄┄┄┄┄┄┄┄┄┄┄┄┄┄┄┄┄┄┄┄┄┄┄┄┄┄┄┄┄┄┄┄┄┄
│ 07:38:50.205 (+0:00:02.609768)
├┄┄┄┄┄┄┄┄┄┄┄┄┄┄┄┄┄┄┄┄┄┄┄┄┄┄┄┄┄┄┄┄┄┄┄┄┄┄┄┄┄┄┄┄┄┄┄┄┄┄┄┄┄┄┄┄┄┄┄┄┄┄┄┄┄┄┄┄┄┄┄┄┄┄┄┄┄┄┄┄┄┄┄┄┄┄┄┄┄┄┄┄┄┄┄┄┄┄┄┄┄┄┄┄┄┄┄┄┄┄┄┄┄┄┄┄┄┄┄
│ 🐛 💾 Database: Canvas created successfully
└───────────────────────────────────────────────────────────────────────────────────────────────────────────────────────
┌───────────────────────────────────────────────────────────────────────────────────────────────────────────────────────
│ {id: 3}
├┄┄┄┄┄┄┄┄┄┄┄┄┄┄┄┄┄┄┄┄┄┄┄┄┄┄┄┄┄┄┄┄┄┄┄┄┄┄┄┄┄┄┄┄┄┄┄┄┄┄┄┄┄┄┄┄┄┄┄┄┄┄┄┄┄┄┄┄┄┄┄┄┄┄┄┄┄┄┄┄┄┄┄┄┄┄┄┄┄┄┄┄┄┄┄┄┄┄┄┄┄┄┄┄┄┄┄┄┄┄┄┄┄┄┄┄┄┄┄
│ #0   AppLogger.database (package:filler/core/logging.dart:49:13)
│ #1   AppDatabase.insertCanvas (package:filler/data/database.dart:234:17)
│ #2   <asynchronous suspension>
│ #3   CanvasRepository.add (package:filler/domain/repositories.dart:90:24)
│ #4   <asynchronous suspension>
│ #5   Future.wait.<anonymous closure> (dart:async/future.dart:525:21)
│ #6   <asynchronous suspension>
│ #7   main.<anonymous closure>.<anonymous closure> (file:///Users/mr42/code/flutter/tmp/filler/test/integration/platform_specific_test.dart:245:19)
├┄┄┄┄┄┄┄┄┄┄┄┄┄┄┄┄┄┄┄┄┄┄┄┄┄┄┄┄┄┄┄┄┄┄┄┄┄┄┄┄┄┄┄┄┄┄┄┄┄┄┄┄┄┄┄┄┄┄┄┄┄┄┄┄┄┄┄┄┄┄┄┄┄┄┄┄┄┄┄┄┄┄┄┄┄┄┄┄┄┄┄┄┄┄┄┄┄┄┄┄┄┄┄┄┄┄┄┄┄┄┄┄┄┄┄┄┄┄┄
│ 07:38:50.206 (+0:00:02.611084)
├┄┄┄┄┄┄┄┄┄┄┄┄┄┄┄┄┄┄┄┄┄┄┄┄┄┄┄┄┄┄┄┄┄┄┄┄┄┄┄┄┄┄┄┄┄┄┄┄┄┄┄┄┄┄┄┄┄┄┄┄┄┄┄┄┄┄┄┄┄┄┄┄┄┄┄┄┄┄┄┄┄┄┄┄┄┄┄┄┄┄┄┄┄┄┄┄┄┄┄┄┄┄┄┄┄┄┄┄┄┄┄┄┄┄┄┄┄┄┄
│ 🐛 💾 Database: Canvas inserted with ID
└───────────────────────────────────────────────────────────────────────────────────────────────────────────────────────
┌───────────────────────────────────────────────────────────────────────────────────────────────────────────────────────
│ {id: 3, title: Concurrent Test 2, insertTime: 9ms}
├┄┄┄┄┄┄┄┄┄┄┄┄┄┄┄┄┄┄┄┄┄┄┄┄┄┄┄┄┄┄┄┄┄┄┄┄┄┄┄┄┄┄┄┄┄┄┄┄┄┄┄┄┄┄┄┄┄┄┄┄┄┄┄┄┄┄┄┄┄┄┄┄┄┄┄┄┄┄┄┄┄┄┄┄┄┄┄┄┄┄┄┄┄┄┄┄┄┄┄┄┄┄┄┄┄┄┄┄┄┄┄┄┄┄┄┄┄┄┄
│ #0   AppLogger.database (package:filler/core/logging.dart:49:13)
│ #1   CanvasRepository.add (package:filler/domain/repositories.dart:103:17)
│ #2   <asynchronous suspension>
│ #3   Future.wait.<anonymous closure> (dart:async/future.dart:525:21)
│ #4   <asynchronous suspension>
│ #5   main.<anonymous closure>.<anonymous closure> (file:///Users/mr42/code/flutter/tmp/filler/test/integration/platform_specific_test.dart:245:19)
│ #6   <asynchronous suspension>
│ #7   Declarer.test.<anonymous closure>.<anonymous closure> (package:test_api/src/backend/declarer.dart:242:9)
├┄┄┄┄┄┄┄┄┄┄┄┄┄┄┄┄┄┄┄┄┄┄┄┄┄┄┄┄┄┄┄┄┄┄┄┄┄┄┄┄┄┄┄┄┄┄┄┄┄┄┄┄┄┄┄┄┄┄┄┄┄┄┄┄┄┄┄┄┄┄┄┄┄┄┄┄┄┄┄┄┄┄┄┄┄┄┄┄┄┄┄┄┄┄┄┄┄┄┄┄┄┄┄┄┄┄┄┄┄┄┄┄┄┄┄┄┄┄┄
│ 07:38:50.207 (+0:00:02.612247)
├┄┄┄┄┄┄┄┄┄┄┄┄┄┄┄┄┄┄┄┄┄┄┄┄┄┄┄┄┄┄┄┄┄┄┄┄┄┄┄┄┄┄┄┄┄┄┄┄┄┄┄┄┄┄┄┄┄┄┄┄┄┄┄┄┄┄┄┄┄┄┄┄┄┄┄┄┄┄┄┄┄┄┄┄┄┄┄┄┄┄┄┄┄┄┄┄┄┄┄┄┄┄┄┄┄┄┄┄┄┄┄┄┄┄┄┄┄┄┄
│ 🐛 💾 Database: Canvas created successfully
└───────────────────────────────────────────────────────────────────────────────────────────────────────────────────────
┌───────────────────────────────────────────────────────────────────────────────────────────────────────────────────────
│ #0   AppLogger.database (package:filler/core/logging.dart:49:13)
│ #1   CanvasRepository.getAll (package:filler/domain/repositories.dart:23:15)
├┄┄┄┄┄┄┄┄┄┄┄┄┄┄┄┄┄┄┄┄┄┄┄┄┄┄┄┄┄┄┄┄┄┄┄┄┄┄┄┄┄┄┄┄┄┄┄┄┄┄┄┄┄┄┄┄┄┄┄┄┄┄┄┄┄┄┄┄┄┄┄┄┄┄┄┄┄┄┄┄┄┄┄┄┄┄┄┄┄┄┄┄┄┄┄┄┄┄┄┄┄┄┄┄┄┄┄┄┄┄┄┄┄┄┄┄┄┄┄
│ 07:38:50.209 (+0:00:02.614343)
├┄┄┄┄┄┄┄┄┄┄┄┄┄┄┄┄┄┄┄┄┄┄┄┄┄┄┄┄┄┄┄┄┄┄┄┄┄┄┄┄┄┄┄┄┄┄┄┄┄┄┄┄┄┄┄┄┄┄┄┄┄┄┄┄┄┄┄┄┄┄┄┄┄┄┄┄┄┄┄┄┄┄┄┄┄┄┄┄┄┄┄┄┄┄┄┄┄┄┄┄┄┄┄┄┄┄┄┄┄┄┄┄┄┄┄┄┄┄┄
│ 🐛 💾 Database: Fetching all canvases
└───────────────────────────────────────────────────────────────────────────────────────────────────────────────────────
┌───────────────────────────────────────────────────────────────────────────────────────────────────────────────────────
│ #0   AppLogger.database (package:filler/core/logging.dart:49:13)
│ #1   AppDatabase.getAllCanvases (package:filler/data/database.dart:248:15)
├┄┄┄┄┄┄┄┄┄┄┄┄┄┄┄┄┄┄┄┄┄┄┄┄┄┄┄┄┄┄┄┄┄┄┄┄┄┄┄┄┄┄┄┄┄┄┄┄┄┄┄┄┄┄┄┄┄┄┄┄┄┄┄┄┄┄┄┄┄┄┄┄┄┄┄┄┄┄┄┄┄┄┄┄┄┄┄┄┄┄┄┄┄┄┄┄┄┄┄┄┄┄┄┄┄┄┄┄┄┄┄┄┄┄┄┄┄┄┄
│ 07:38:50.210 (+0:00:02.614995)
├┄┄┄┄┄┄┄┄┄┄┄┄┄┄┄┄┄┄┄┄┄┄┄┄┄┄┄┄┄┄┄┄┄┄┄┄┄┄┄┄┄┄┄┄┄┄┄┄┄┄┄┄┄┄┄┄┄┄┄┄┄┄┄┄┄┄┄┄┄┄┄┄┄┄┄┄┄┄┄┄┄┄┄┄┄┄┄┄┄┄┄┄┄┄┄┄┄┄┄┄┄┄┄┄┄┄┄┄┄┄┄┄┄┄┄┄┄┄┄
│ 🐛 💾 Database: Querying all canvases
└───────────────────────────────────────────────────────────────────────────────────────────────────────────────────────
┌───────────────────────────────────────────────────────────────────────────────────────────────────────────────────────
│ {count: 3}
├┄┄┄┄┄┄┄┄┄┄┄┄┄┄┄┄┄┄┄┄┄┄┄┄┄┄┄┄┄┄┄┄┄┄┄┄┄┄┄┄┄┄┄┄┄┄┄┄┄┄┄┄┄┄┄┄┄┄┄┄┄┄┄┄┄┄┄┄┄┄┄┄┄┄┄┄┄┄┄┄┄┄┄┄┄┄┄┄┄┄┄┄┄┄┄┄┄┄┄┄┄┄┄┄┄┄┄┄┄┄┄┄┄┄┄┄┄┄┄
│ #0   AppLogger.database (package:filler/core/logging.dart:49:13)
│ #1   AppDatabase.getAllCanvases (package:filler/data/database.dart:251:17)
│ #2   <asynchronous suspension>
│ #3   CanvasRepository.getAll (package:filler/domain/repositories.dart:26:24)
│ #4   <asynchronous suspension>
│ #5   main.<anonymous closure>.<anonymous closure> (file:///Users/mr42/code/flutter/tmp/filler/test/integration/platform_specific_test.dart:252:27)
│ #6   <asynchronous suspension>
│ #7   Declarer.test.<anonymous closure>.<anonymous closure> (package:test_api/src/backend/declarer.dart:242:9)
├┄┄┄┄┄┄┄┄┄┄┄┄┄┄┄┄┄┄┄┄┄┄┄┄┄┄┄┄┄┄┄┄┄┄┄┄┄┄┄┄┄┄┄┄┄┄┄┄┄┄┄┄┄┄┄┄┄┄┄┄┄┄┄┄┄┄┄┄┄┄┄┄┄┄┄┄┄┄┄┄┄┄┄┄┄┄┄┄┄┄┄┄┄┄┄┄┄┄┄┄┄┄┄┄┄┄┄┄┄┄┄┄┄┄┄┄┄┄┄
│ 07:38:50.211 (+0:00:02.615963)
├┄┄┄┄┄┄┄┄┄┄┄┄┄┄┄┄┄┄┄┄┄┄┄┄┄┄┄┄┄┄┄┄┄┄┄┄┄┄┄┄┄┄┄┄┄┄┄┄┄┄┄┄┄┄┄┄┄┄┄┄┄┄┄┄┄┄┄┄┄┄┄┄┄┄┄┄┄┄┄┄┄┄┄┄┄┄┄┄┄┄┄┄┄┄┄┄┄┄┄┄┄┄┄┄┄┄┄┄┄┄┄┄┄┄┄┄┄┄┄
│ 🐛 💾 Database: Query completed
└───────────────────────────────────────────────────────────────────────────────────────────────────────────────────────
┌───────────────────────────────────────────────────────────────────────────────────────────────────────────────────────
│ {count: 3, queryTime: 2ms}
├┄┄┄┄┄┄┄┄┄┄┄┄┄┄┄┄┄┄┄┄┄┄┄┄┄┄┄┄┄┄┄┄┄┄┄┄┄┄┄┄┄┄┄┄┄┄┄┄┄┄┄┄┄┄┄┄┄┄┄┄┄┄┄┄┄┄┄┄┄┄┄┄┄┄┄┄┄┄┄┄┄┄┄┄┄┄┄┄┄┄┄┄┄┄┄┄┄┄┄┄┄┄┄┄┄┄┄┄┄┄┄┄┄┄┄┄┄┄┄
│ #0   AppLogger.database (package:filler/core/logging.dart:49:13)
│ #1   CanvasRepository.getAll (package:filler/domain/repositories.dart:28:17)
│ #2   <asynchronous suspension>
│ #3   main.<anonymous closure>.<anonymous closure> (file:///Users/mr42/code/flutter/tmp/filler/test/integration/platform_specific_test.dart:252:27)
│ #4   <asynchronous suspension>
│ #5   Declarer.test.<anonymous closure>.<anonymous closure> (package:test_api/src/backend/declarer.dart:242:9)
│ #6   <asynchronous suspension>
│ #7   Declarer.test.<anonymous closure> (package:test_api/src/backend/declarer.dart:240:7)
├┄┄┄┄┄┄┄┄┄┄┄┄┄┄┄┄┄┄┄┄┄┄┄┄┄┄┄┄┄┄┄┄┄┄┄┄┄┄┄┄┄┄┄┄┄┄┄┄┄┄┄┄┄┄┄┄┄┄┄┄┄┄┄┄┄┄┄┄┄┄┄┄┄┄┄┄┄┄┄┄┄┄┄┄┄┄┄┄┄┄┄┄┄┄┄┄┄┄┄┄┄┄┄┄┄┄┄┄┄┄┄┄┄┄┄┄┄┄┄
│ 07:38:50.212 (+0:00:02.617188)
├┄┄┄┄┄┄┄┄┄┄┄┄┄┄┄┄┄┄┄┄┄┄┄┄┄┄┄┄┄┄┄┄┄┄┄┄┄┄┄┄┄┄┄┄┄┄┄┄┄┄┄┄┄┄┄┄┄┄┄┄┄┄┄┄┄┄┄┄┄┄┄┄┄┄┄┄┄┄┄┄┄┄┄┄┄┄┄┄┄┄┄┄┄┄┄┄┄┄┄┄┄┄┄┄┄┄┄┄┄┄┄┄┄┄┄┄┄┄┄
│ 🐛 💾 Database: Retrieved canvases
└───────────────────────────────────────────────────────────────────────────────────────────────────────────────────────
┌───────────────────────────────────────────────────────────────────────────────────────────────────────────────────────
│ #0   TestHelpers.cleanup (file:///Users/mr42/code/flutter/tmp/filler/test/helpers/test_helpers.dart:152:24)
│ #1   main.<anonymous closure> (file:///Users/mr42/code/flutter/tmp/filler/test/integration/platform_specific_test.dart:35:23)
├┄┄┄┄┄┄┄┄┄┄┄┄┄┄┄┄┄┄┄┄┄┄┄┄┄┄┄┄┄┄┄┄┄┄┄┄┄┄┄┄┄┄┄┄┄┄┄┄┄┄┄┄┄┄┄┄┄┄┄┄┄┄┄┄┄┄┄┄┄┄┄┄┄┄┄┄┄┄┄┄┄┄┄┄┄┄┄┄┄┄┄┄┄┄┄┄┄┄┄┄┄┄┄┄┄┄┄┄┄┄┄┄┄┄┄┄┄┄┄
│ 07:38:50.214 (+0:00:02.619396)
├┄┄┄┄┄┄┄┄┄┄┄┄┄┄┄┄┄┄┄┄┄┄┄┄┄┄┄┄┄┄┄┄┄┄┄┄┄┄┄┄┄┄┄┄┄┄┄┄┄┄┄┄┄┄┄┄┄┄┄┄┄┄┄┄┄┄┄┄┄┄┄┄┄┄┄┄┄┄┄┄┄┄┄┄┄┄┄┄┄┄┄┄┄┄┄┄┄┄┄┄┄┄┄┄┄┄┄┄┄┄┄┄┄┄┄┄┄┄┄
│ 🐛 🧹 Cleaning up test environment
└───────────────────────────────────────────────────────────────────────────────────────────────────────────────────────
┌───────────────────────────────────────────────────────────────────────────────────────────────────────────────────────
│ #0   TestHelpers.cleanup (file:///Users/mr42/code/flutter/tmp/filler/test/helpers/test_helpers.dart:166:26)
│ #1   main.<anonymous closure> (file:///Users/mr42/code/flutter/tmp/filler/test/integration/platform_specific_test.dart:35:23)
├┄┄┄┄┄┄┄┄┄┄┄┄┄┄┄┄┄┄┄┄┄┄┄┄┄┄┄┄┄┄┄┄┄┄┄┄┄┄┄┄┄┄┄┄┄┄┄┄┄┄┄┄┄┄┄┄┄┄┄┄┄┄┄┄┄┄┄┄┄┄┄┄┄┄┄┄┄┄┄┄┄┄┄┄┄┄┄┄┄┄┄┄┄┄┄┄┄┄┄┄┄┄┄┄┄┄┄┄┄┄┄┄┄┄┄┄┄┄┄
│ 07:38:50.217 (+0:00:02.622091)
├┄┄┄┄┄┄┄┄┄┄┄┄┄┄┄┄┄┄┄┄┄┄┄┄┄┄┄┄┄┄┄┄┄┄┄┄┄┄┄┄┄┄┄┄┄┄┄┄┄┄┄┄┄┄┄┄┄┄┄┄┄┄┄┄┄┄┄┄┄┄┄┄┄┄┄┄┄┄┄┄┄┄┄┄┄┄┄┄┄┄┄┄┄┄┄┄┄┄┄┄┄┄┄┄┄┄┄┄┄┄┄┄┄┄┄┄┄┄┄
│ 🐛 ✅ Test cleanup completed
└───────────────────────────────────────────────────────────────────────────────────────────────────────────────────────

00:04 +56 -2: /Users/mr42/code/flutter/tmp/filler/test/integration/page_state_transitions_test.dart: BLoC State Transitions - All Pages Preferences BLoC - Update State Transitions                    
00:04 +56 -2: /Users/mr42/code/flutter/tmp/filler/test/integration/page_state_transitions_test.dart: BLoC State Transitions - All Pages Preferences BLoC - Update State Transitions                    
┌───────────────────────────────────────────────────────────────────────────────────────────────────────────────────────
│ {newValue: 15, currentState: _$ReadyImpl}
├┄┄┄┄┄┄┄┄┄┄┄┄┄┄┄┄┄┄┄┄┄┄┄┄┄┄┄┄┄┄┄┄┄┄┄┄┄┄┄┄┄┄┄┄┄┄┄┄┄┄┄┄┄┄┄┄┄┄┄┄┄┄┄┄┄┄┄┄┄┄┄┄┄┄┄┄┄┄┄┄┄┄┄┄┄┄┄┄┄┄┄┄┄┄┄┄┄┄┄┄┄┄┄┄┄┄┄┄┄┄┄┄┄┄┄┄┄┄┄
│ #0   AppLogger.preferences (package:filler/core/logging.dart:64:13)
│ #1   new PreferencesBloc.<anonymous closure> (package:filler/features/prefs/presentation/preferences_bloc.dart:119:17)
│ #2   Bloc.on.<anonymous closure>.handleEvent (package:bloc/src/bloc.dart:226:26)
│ #3   Bloc.on.<anonymous closure> (package:bloc/src/bloc.dart:235:9)
│ #4   _MapStream._handleData (dart:async/stream_pipe.dart:247:31)
│ #5   _ForwardingStreamSubscription._handleData (dart:async/stream_pipe.dart:184:13)
│ #6   StackZoneSpecification._registerUnaryCallback.<anonymous closure>.<anonymous closure> (package:stack_trace/src/stack_zone_specification.dart:127:36)
│ #7   StackZoneSpecification._run (package:stack_trace/src/stack_zone_specification.dart:207:15)
├┄┄┄┄┄┄┄┄┄┄┄┄┄┄┄┄┄┄┄┄┄┄┄┄┄┄┄┄┄┄┄┄┄┄┄┄┄┄┄┄┄┄┄┄┄┄┄┄┄┄┄┄┄┄┄┄┄┄┄┄┄┄┄┄┄┄┄┄┄┄┄┄┄┄┄┄┄┄┄┄┄┄┄┄┄┄┄┄┄┄┄┄┄┄┄┄┄┄┄┄┄┄┄┄┄┄┄┄┄┄┄┄┄┄┄┄┄┄┄
│ 07:38:50.567 (+0:00:02.763773)
├┄┄┄┄┄┄┄┄┄┄┄┄┄┄┄┄┄┄┄┄┄┄┄┄┄┄┄┄┄┄┄┄┄┄┄┄┄┄┄┄┄┄┄┄┄┄┄┄┄┄┄┄┄┄┄┄┄┄┄┄┄┄┄┄┄┄┄┄┄┄┄┄┄┄┄┄┄┄┄┄┄┄┄┄┄┄┄┄┄┄┄┄┄┄┄┄┄┄┄┄┄┄┄┄┄┄┄┄┄┄┄┄┄┄┄┄┄┄┄
│ 🐛 ⚙️ Preferences: Width change requested
└───────────────────────────────────────────────────────────────────────────────────────────────────────────────────────
┌───────────────────────────────────────────────────────────────────────────────────────────────────────────────────────
│ {from: 10, to: 15}
├┄┄┄┄┄┄┄┄┄┄┄┄┄┄┄┄┄┄┄┄┄┄┄┄┄┄┄┄┄┄┄┄┄┄┄┄┄┄┄┄┄┄┄┄┄┄┄┄┄┄┄┄┄┄┄┄┄┄┄┄┄┄┄┄┄┄┄┄┄┄┄┄┄┄┄┄┄┄┄┄┄┄┄┄┄┄┄┄┄┄┄┄┄┄┄┄┄┄┄┄┄┄┄┄┄┄┄┄┄┄┄┄┄┄┄┄┄┄┄
│ #0   AppLogger.preferences (package:filler/core/logging.dart:64:13)
│ #1   new PreferencesBloc.<anonymous closure>.<anonymous closure> (package:filler/features/prefs/presentation/preferences_bloc.dart:129:21)
│ #2   _$ReadyImpl.maybeWhen (package:filler/features/prefs/presentation/preferences_bloc.freezed.dart:1770:19)
│ #3   new PreferencesBloc.<anonymous closure> (package:filler/features/prefs/presentation/preferences_bloc.dart:127:13)
│ #4   Bloc.on.<anonymous closure>.handleEvent (package:bloc/src/bloc.dart:226:26)
│ #5   Bloc.on.<anonymous closure> (package:bloc/src/bloc.dart:235:9)
│ #6   _MapStream._handleData (dart:async/stream_pipe.dart:247:31)
│ #7   _ForwardingStreamSubscription._handleData (dart:async/stream_pipe.dart:184:13)
├┄┄┄┄┄┄┄┄┄┄┄┄┄┄┄┄┄┄┄┄┄┄┄┄┄┄┄┄┄┄┄┄┄┄┄┄┄┄┄┄┄┄┄┄┄┄┄┄┄┄┄┄┄┄┄┄┄┄┄┄┄┄┄┄┄┄┄┄┄┄┄┄┄┄┄┄┄┄┄┄┄┄┄┄┄┄┄┄┄┄┄┄┄┄┄┄┄┄┄┄┄┄┄┄┄┄┄┄┄┄┄┄┄┄┄┄┄┄┄
│ 07:38:50.569 (+0:00:02.765481)
├┄┄┄┄┄┄┄┄┄┄┄┄┄┄┄┄┄┄┄┄┄┄┄┄┄┄┄┄┄┄┄┄┄┄┄┄┄┄┄┄┄┄┄┄┄┄┄┄┄┄┄┄┄┄┄┄┄┄┄┄┄┄┄┄┄┄┄┄┄┄┄┄┄┄┄┄┄┄┄┄┄┄┄┄┄┄┄┄┄┄┄┄┄┄┄┄┄┄┄┄┄┄┄┄┄┄┄┄┄┄┄┄┄┄┄┄┄┄┄
│ 🐛 ⚙️ Preferences: Updating width
└───────────────────────────────────────────────────────────────────────────────────────────────────────────────────────
┌───────────────────────────────────────────────────────────────────────────────────────────────────────────────────────
│ #0   AppLogger.bloc (package:filler/core/logging.dart:44:13)
│ #1   new PreferencesBloc.<anonymous closure>.<anonymous closure> (package:filler/features/prefs/presentation/preferences_bloc.dart:144:21)
├┄┄┄┄┄┄┄┄┄┄┄┄┄┄┄┄┄┄┄┄┄┄┄┄┄┄┄┄┄┄┄┄┄┄┄┄┄┄┄┄┄┄┄┄┄┄┄┄┄┄┄┄┄┄┄┄┄┄┄┄┄┄┄┄┄┄┄┄┄┄┄┄┄┄┄┄┄┄┄┄┄┄┄┄┄┄┄┄┄┄┄┄┄┄┄┄┄┄┄┄┄┄┄┄┄┄┄┄┄┄┄┄┄┄┄┄┄┄┄
│ 07:38:50.570 (+0:00:02.766761)
├┄┄┄┄┄┄┄┄┄┄┄┄┄┄┄┄┄┄┄┄┄┄┄┄┄┄┄┄┄┄┄┄┄┄┄┄┄┄┄┄┄┄┄┄┄┄┄┄┄┄┄┄┄┄┄┄┄┄┄┄┄┄┄┄┄┄┄┄┄┄┄┄┄┄┄┄┄┄┄┄┄┄┄┄┄┄┄┄┄┄┄┄┄┄┄┄┄┄┄┄┄┄┄┄┄┄┄┄┄┄┄┄┄┄┄┄┄┄┄
│ 🐛 🔄 BLoC[Preferences]: SetWidth | ready → ready
└───────────────────────────────────────────────────────────────────────────────────────────────────────────────────────

00:04 +56 -2: /Users/mr42/code/flutter/tmp/filler/test/domain/repositories_test.dart: (setUpAll)                                                                                                       
[38;5;12m┌───────────────────────────────────────────────────────────────────────────────────────────────────────────────────────[0m
[38;5;12m│ #0   AppLogger.initialize (package:filler/core/logging.dart:24:13)[0m
[38;5;12m│ #1   TestHelpers.initializeLogging (file:///Users/mr42/code/flutter/tmp/filler/test/helpers/test_helpers.dart:25:15)[0m
[38;5;12m├┄┄┄┄┄┄┄┄┄┄┄┄┄┄┄┄┄┄┄┄┄┄┄┄┄┄┄┄┄┄┄┄┄┄┄┄┄┄┄┄┄┄┄┄┄┄┄┄┄┄┄┄┄┄┄┄┄┄┄┄┄┄┄┄┄┄┄┄┄┄┄┄┄┄┄┄┄┄┄┄┄┄┄┄┄┄┄┄┄┄┄┄┄┄┄┄┄┄┄┄┄┄┄┄┄┄┄┄┄┄┄┄┄┄┄┄┄┄┄[0m
[38;5;12m│ 07:38:50.623 (+0:00:00.001015)[0m
[38;5;12m├┄┄┄┄┄┄┄┄┄┄┄┄┄┄┄┄┄┄┄┄┄┄┄┄┄┄┄┄┄┄┄┄┄┄┄┄┄┄┄┄┄┄┄┄┄┄┄┄┄┄┄┄┄┄┄┄┄┄┄┄┄┄┄┄┄┄┄┄┄┄┄┄┄┄┄┄┄┄┄┄┄┄┄┄┄┄┄┄┄┄┄┄┄┄┄┄┄┄┄┄┄┄┄┄┄┄┄┄┄┄┄┄┄┄┄┄┄┄┄[0m
[38;5;12m│ 💡 🚀 AppLogger initialized (debug: true)[0m
[38;5;12m└───────────────────────────────────────────────────────────────────────────────────────────────────────────────────────[0m

00:04 +56 -2: /Users/mr42/code/flutter/tmp/filler/test/integration/page_state_transitions_test.dart: BLoC State Transitions - All Pages Preferences BLoC - Update State Transitions                    
00:04 +56 -2: /Users/mr42/code/flutter/tmp/filler/test/domain/repositories_test.dart: CanvasRepository should add and retrieve canvas                                                                  
┌───────────────────────────────────────────────────────────────────────────────────────────────────────────────────────
│ #0   TestHelpers.createTestDatabase (file:///Users/mr42/code/flutter/tmp/filler/test/helpers/test_helpers.dart:30:24)
│ #1   main.<anonymous closure> (file:///Users/mr42/code/flutter/tmp/filler/test/domain/repositories_test.dart:15:28)
├┄┄┄┄┄┄┄┄┄┄┄┄┄┄┄┄┄┄┄┄┄┄┄┄┄┄┄┄┄┄┄┄┄┄┄┄┄┄┄┄┄┄┄┄┄┄┄┄┄┄┄┄┄┄┄┄┄┄┄┄┄┄┄┄┄┄┄┄┄┄┄┄┄┄┄┄┄┄┄┄┄┄┄┄┄┄┄┄┄┄┄┄┄┄┄┄┄┄┄┄┄┄┄┄┄┄┄┄┄┄┄┄┄┄┄┄┄┄┄
│ 07:38:50.635 (+0:00:00.013022)
├┄┄┄┄┄┄┄┄┄┄┄┄┄┄┄┄┄┄┄┄┄┄┄┄┄┄┄┄┄┄┄┄┄┄┄┄┄┄┄┄┄┄┄┄┄┄┄┄┄┄┄┄┄┄┄┄┄┄┄┄┄┄┄┄┄┄┄┄┄┄┄┄┄┄┄┄┄┄┄┄┄┄┄┄┄┄┄┄┄┄┄┄┄┄┄┄┄┄┄┄┄┄┄┄┄┄┄┄┄┄┄┄┄┄┄┄┄┄┄
│ 🐛 🗄️ Creating test database
└───────────────────────────────────────────────────────────────────────────────────────────────────────────────────────
┌───────────────────────────────────────────────────────────────────────────────────────────────────────────────────────
│ {title: Test Canvas, dimensions: 2x2, insets: 0, dataSize: 117 chars}
├┄┄┄┄┄┄┄┄┄┄┄┄┄┄┄┄┄┄┄┄┄┄┄┄┄┄┄┄┄┄┄┄┄┄┄┄┄┄┄┄┄┄┄┄┄┄┄┄┄┄┄┄┄┄┄┄┄┄┄┄┄┄┄┄┄┄┄┄┄┄┄┄┄┄┄┄┄┄┄┄┄┄┄┄┄┄┄┄┄┄┄┄┄┄┄┄┄┄┄┄┄┄┄┄┄┄┄┄┄┄┄┄┄┄┄┄┄┄┄
│ #0   AppLogger.database (package:filler/core/logging.dart:49:13)
│ #1   CanvasRepository.add (package:filler/domain/repositories.dart:78:15)
│ #2   main.<anonymous closure>.<anonymous closure> (file:///Users/mr42/code/flutter/tmp/filler/test/domain/repositories_test.dart:27:41)
│ #3   Declarer.test.<anonymous closure>.<anonymous closure> (package:test_api/src/backend/declarer.dart:242:19)
│ #4   <asynchronous suspension>
│ #5   Declarer.test.<anonymous closure> (package:test_api/src/backend/declarer.dart:240:7)
│ #6   <asynchronous suspension>
│ #7   Invoker._waitForOutstandingCallbacks.<anonymous closure> (package:test_api/src/backend/invoker.dart:282:9)
├┄┄┄┄┄┄┄┄┄┄┄┄┄┄┄┄┄┄┄┄┄┄┄┄┄┄┄┄┄┄┄┄┄┄┄┄┄┄┄┄┄┄┄┄┄┄┄┄┄┄┄┄┄┄┄┄┄┄┄┄┄┄┄┄┄┄┄┄┄┄┄┄┄┄┄┄┄┄┄┄┄┄┄┄┄┄┄┄┄┄┄┄┄┄┄┄┄┄┄┄┄┄┄┄┄┄┄┄┄┄┄┄┄┄┄┄┄┄┄
│ 07:38:50.639 (+0:00:00.017248)
├┄┄┄┄┄┄┄┄┄┄┄┄┄┄┄┄┄┄┄┄┄┄┄┄┄┄┄┄┄┄┄┄┄┄┄┄┄┄┄┄┄┄┄┄┄┄┄┄┄┄┄┄┄┄┄┄┄┄┄┄┄┄┄┄┄┄┄┄┄┄┄┄┄┄┄┄┄┄┄┄┄┄┄┄┄┄┄┄┄┄┄┄┄┄┄┄┄┄┄┄┄┄┄┄┄┄┄┄┄┄┄┄┄┄┄┄┄┄┄
│ 🐛 💾 Database: Creating new canvas
└───────────────────────────────────────────────────────────────────────────────────────────────────────────────────────
┌───────────────────────────────────────────────────────────────────────────────────────────────────────────────────────
│ {title: Test Canvas, dimensions: 2x2}
├┄┄┄┄┄┄┄┄┄┄┄┄┄┄┄┄┄┄┄┄┄┄┄┄┄┄┄┄┄┄┄┄┄┄┄┄┄┄┄┄┄┄┄┄┄┄┄┄┄┄┄┄┄┄┄┄┄┄┄┄┄┄┄┄┄┄┄┄┄┄┄┄┄┄┄┄┄┄┄┄┄┄┄┄┄┄┄┄┄┄┄┄┄┄┄┄┄┄┄┄┄┄┄┄┄┄┄┄┄┄┄┄┄┄┄┄┄┄┄
│ #0   AppLogger.database (package:filler/core/logging.dart:49:13)
│ #1   AppDatabase.insertCanvas (package:filler/data/database.dart:225:15)
│ #2   CanvasRepository.add (package:filler/domain/repositories.dart:90:34)
│ #3   main.<anonymous closure>.<anonymous closure> (file:///Users/mr42/code/flutter/tmp/filler/test/domain/repositories_test.dart:27:41)
│ #4   Declarer.test.<anonymous closure>.<anonymous closure> (package:test_api/src/backend/declarer.dart:242:19)
│ #5   <asynchronous suspension>
│ #6   Declarer.test.<anonymous closure> (package:test_api/src/backend/declarer.dart:240:7)
│ #7   <asynchronous suspension>
├┄┄┄┄┄┄┄┄┄┄┄┄┄┄┄┄┄┄┄┄┄┄┄┄┄┄┄┄┄┄┄┄┄┄┄┄┄┄┄┄┄┄┄┄┄┄┄┄┄┄┄┄┄┄┄┄┄┄┄┄┄┄┄┄┄┄┄┄┄┄┄┄┄┄┄┄┄┄┄┄┄┄┄┄┄┄┄┄┄┄┄┄┄┄┄┄┄┄┄┄┄┄┄┄┄┄┄┄┄┄┄┄┄┄┄┄┄┄┄
│ 07:38:50.642 (+0:00:00.020000)
├┄┄┄┄┄┄┄┄┄┄┄┄┄┄┄┄┄┄┄┄┄┄┄┄┄┄┄┄┄┄┄┄┄┄┄┄┄┄┄┄┄┄┄┄┄┄┄┄┄┄┄┄┄┄┄┄┄┄┄┄┄┄┄┄┄┄┄┄┄┄┄┄┄┄┄┄┄┄┄┄┄┄┄┄┄┄┄┄┄┄┄┄┄┄┄┄┄┄┄┄┄┄┄┄┄┄┄┄┄┄┄┄┄┄┄┄┄┄┄
│ 🐛 💾 Database: Inserting canvas
└───────────────────────────────────────────────────────────────────────────────────────────────────────────────────────
┌───────────────────────────────────────────────────────────────────────────────────────────────────────────────────────
│ #0   AppLogger.database (package:filler/core/logging.dart:49:13)
│ #1   createTestDatabaseConnection.<anonymous closure> (package:filler/data/database_connection.dart:22:15)
├┄┄┄┄┄┄┄┄┄┄┄┄┄┄┄┄┄┄┄┄┄┄┄┄┄┄┄┄┄┄┄┄┄┄┄┄┄┄┄┄┄┄┄┄┄┄┄┄┄┄┄┄┄┄┄┄┄┄┄┄┄┄┄┄┄┄┄┄┄┄┄┄┄┄┄┄┄┄┄┄┄┄┄┄┄┄┄┄┄┄┄┄┄┄┄┄┄┄┄┄┄┄┄┄┄┄┄┄┄┄┄┄┄┄┄┄┄┄┄
│ 07:38:50.652 (+0:00:00.030835)
├┄┄┄┄┄┄┄┄┄┄┄┄┄┄┄┄┄┄┄┄┄┄┄┄┄┄┄┄┄┄┄┄┄┄┄┄┄┄┄┄┄┄┄┄┄┄┄┄┄┄┄┄┄┄┄┄┄┄┄┄┄┄┄┄┄┄┄┄┄┄┄┄┄┄┄┄┄┄┄┄┄┄┄┄┄┄┄┄┄┄┄┄┄┄┄┄┄┄┄┄┄┄┄┄┄┄┄┄┄┄┄┄┄┄┄┄┄┄┄
│ 🐛 💾 Database: Test AppDatabase instance created (in-memory)
└───────────────────────────────────────────────────────────────────────────────────────────────────────────────────────
┌───────────────────────────────────────────────────────────────────────────────────────────────────────────────────────
│ {version: 4, wasCreated: true, hadUpgrade: false}
├┄┄┄┄┄┄┄┄┄┄┄┄┄┄┄┄┄┄┄┄┄┄┄┄┄┄┄┄┄┄┄┄┄┄┄┄┄┄┄┄┄┄┄┄┄┄┄┄┄┄┄┄┄┄┄┄┄┄┄┄┄┄┄┄┄┄┄┄┄┄┄┄┄┄┄┄┄┄┄┄┄┄┄┄┄┄┄┄┄┄┄┄┄┄┄┄┄┄┄┄┄┄┄┄┄┄┄┄┄┄┄┄┄┄┄┄┄┄┄
│ #0   AppLogger.database (package:filler/core/logging.dart:49:13)
│ #1   AppDatabase.migration.<anonymous closure> (package:filler/data/database.dart:211:17)
│ #2   GeneratedDatabase.beforeOpen.<anonymous closure> (package:drift/src/runtime/api/db_base.dart:137:44)
│ #3   <asynchronous suspension>
│ #4   DelegatedDatabase._runMigrations (package:drift/src/runtime/executor/helpers/engines.dart:512:5)
│ #5   <asynchronous suspension>
│ #6   DelegatedDatabase.ensureOpen.<anonymous closure> (package:drift/src/runtime/executor/helpers/engines.dart:476:9)
│ #7   <asynchronous suspension>
├┄┄┄┄┄┄┄┄┄┄┄┄┄┄┄┄┄┄┄┄┄┄┄┄┄┄┄┄┄┄┄┄┄┄┄┄┄┄┄┄┄┄┄┄┄┄┄┄┄┄┄┄┄┄┄┄┄┄┄┄┄┄┄┄┄┄┄┄┄┄┄┄┄┄┄┄┄┄┄┄┄┄┄┄┄┄┄┄┄┄┄┄┄┄┄┄┄┄┄┄┄┄┄┄┄┄┄┄┄┄┄┄┄┄┄┄┄┄┄
│ 07:38:50.681 (+0:00:00.059342)
├┄┄┄┄┄┄┄┄┄┄┄┄┄┄┄┄┄┄┄┄┄┄┄┄┄┄┄┄┄┄┄┄┄┄┄┄┄┄┄┄┄┄┄┄┄┄┄┄┄┄┄┄┄┄┄┄┄┄┄┄┄┄┄┄┄┄┄┄┄┄┄┄┄┄┄┄┄┄┄┄┄┄┄┄┄┄┄┄┄┄┄┄┄┄┄┄┄┄┄┄┄┄┄┄┄┄┄┄┄┄┄┄┄┄┄┄┄┄┄
│ 🐛 💾 Database: Database opened
└───────────────────────────────────────────────────────────────────────────────────────────────────────────────────────
┌───────────────────────────────────────────────────────────────────────────────────────────────────────────────────────
│ {id: 1}
├┄┄┄┄┄┄┄┄┄┄┄┄┄┄┄┄┄┄┄┄┄┄┄┄┄┄┄┄┄┄┄┄┄┄┄┄┄┄┄┄┄┄┄┄┄┄┄┄┄┄┄┄┄┄┄┄┄┄┄┄┄┄┄┄┄┄┄┄┄┄┄┄┄┄┄┄┄┄┄┄┄┄┄┄┄┄┄┄┄┄┄┄┄┄┄┄┄┄┄┄┄┄┄┄┄┄┄┄┄┄┄┄┄┄┄┄┄┄┄
│ #0   AppLogger.database (package:filler/core/logging.dart:49:13)
│ #1   AppDatabase.insertCanvas (package:filler/data/database.dart:234:17)
│ #2   <asynchronous suspension>
│ #3   CanvasRepository.add (package:filler/domain/repositories.dart:90:24)
│ #4   <asynchronous suspension>
│ #5   main.<anonymous closure>.<anonymous closure> (file:///Users/mr42/code/flutter/tmp/filler/test/domain/repositories_test.dart:27:24)
│ #6   <asynchronous suspension>
│ #7   Declarer.test.<anonymous closure>.<anonymous closure> (package:test_api/src/backend/declarer.dart:242:9)
├┄┄┄┄┄┄┄┄┄┄┄┄┄┄┄┄┄┄┄┄┄┄┄┄┄┄┄┄┄┄┄┄┄┄┄┄┄┄┄┄┄┄┄┄┄┄┄┄┄┄┄┄┄┄┄┄┄┄┄┄┄┄┄┄┄┄┄┄┄┄┄┄┄┄┄┄┄┄┄┄┄┄┄┄┄┄┄┄┄┄┄┄┄┄┄┄┄┄┄┄┄┄┄┄┄┄┄┄┄┄┄┄┄┄┄┄┄┄┄
│ 07:38:50.690 (+0:00:00.068762)
├┄┄┄┄┄┄┄┄┄┄┄┄┄┄┄┄┄┄┄┄┄┄┄┄┄┄┄┄┄┄┄┄┄┄┄┄┄┄┄┄┄┄┄┄┄┄┄┄┄┄┄┄┄┄┄┄┄┄┄┄┄┄┄┄┄┄┄┄┄┄┄┄┄┄┄┄┄┄┄┄┄┄┄┄┄┄┄┄┄┄┄┄┄┄┄┄┄┄┄┄┄┄┄┄┄┄┄┄┄┄┄┄┄┄┄┄┄┄┄
│ 🐛 💾 Database: Canvas inserted with ID
└───────────────────────────────────────────────────────────────────────────────────────────────────────────────────────
┌───────────────────────────────────────────────────────────────────────────────────────────────────────────────────────
│ {id: 1, title: Test Canvas, insertTime: 51ms}
├┄┄┄┄┄┄┄┄┄┄┄┄┄┄┄┄┄┄┄┄┄┄┄┄┄┄┄┄┄┄┄┄┄┄┄┄┄┄┄┄┄┄┄┄┄┄┄┄┄┄┄┄┄┄┄┄┄┄┄┄┄┄┄┄┄┄┄┄┄┄┄┄┄┄┄┄┄┄┄┄┄┄┄┄┄┄┄┄┄┄┄┄┄┄┄┄┄┄┄┄┄┄┄┄┄┄┄┄┄┄┄┄┄┄┄┄┄┄┄
│ #0   AppLogger.database (package:filler/core/logging.dart:49:13)
│ #1   CanvasRepository.add (package:filler/domain/repositories.dart:103:17)
│ #2   <asynchronous suspension>
│ #3   main.<anonymous closure>.<anonymous closure> (file:///Users/mr42/code/flutter/tmp/filler/test/domain/repositories_test.dart:27:24)
│ #4   <asynchronous suspension>
│ #5   Declarer.test.<anonymous closure>.<anonymous closure> (package:test_api/src/backend/declarer.dart:242:9)
│ #6   <asynchronous suspension>
│ #7   Declarer.test.<anonymous closure> (package:test_api/src/backend/declarer.dart:240:7)
├┄┄┄┄┄┄┄┄┄┄┄┄┄┄┄┄┄┄┄┄┄┄┄┄┄┄┄┄┄┄┄┄┄┄┄┄┄┄┄┄┄┄┄┄┄┄┄┄┄┄┄┄┄┄┄┄┄┄┄┄┄┄┄┄┄┄┄┄┄┄┄┄┄┄┄┄┄┄┄┄┄┄┄┄┄┄┄┄┄┄┄┄┄┄┄┄┄┄┄┄┄┄┄┄┄┄┄┄┄┄┄┄┄┄┄┄┄┄┄
│ 07:38:50.693 (+0:00:00.071043)
├┄┄┄┄┄┄┄┄┄┄┄┄┄┄┄┄┄┄┄┄┄┄┄┄┄┄┄┄┄┄┄┄┄┄┄┄┄┄┄┄┄┄┄┄┄┄┄┄┄┄┄┄┄┄┄┄┄┄┄┄┄┄┄┄┄┄┄┄┄┄┄┄┄┄┄┄┄┄┄┄┄┄┄┄┄┄┄┄┄┄┄┄┄┄┄┄┄┄┄┄┄┄┄┄┄┄┄┄┄┄┄┄┄┄┄┄┄┄┄
│ 🐛 💾 Database: Canvas created successfully
└───────────────────────────────────────────────────────────────────────────────────────────────────────────────────────
┌───────────────────────────────────────────────────────────────────────────────────────────────────────────────────────
│ {id: 1}
├┄┄┄┄┄┄┄┄┄┄┄┄┄┄┄┄┄┄┄┄┄┄┄┄┄┄┄┄┄┄┄┄┄┄┄┄┄┄┄┄┄┄┄┄┄┄┄┄┄┄┄┄┄┄┄┄┄┄┄┄┄┄┄┄┄┄┄┄┄┄┄┄┄┄┄┄┄┄┄┄┄┄┄┄┄┄┄┄┄┄┄┄┄┄┄┄┄┄┄┄┄┄┄┄┄┄┄┄┄┄┄┄┄┄┄┄┄┄┄
│ #0   AppLogger.database (package:filler/core/logging.dart:49:13)
│ #1   CanvasRepository.getById (package:filler/domain/repositories.dart:49:15)
│ #2   main.<anonymous closure>.<anonymous closure> (file:///Users/mr42/code/flutter/tmp/filler/test/domain/repositories_test.dart:42:39)
│ #3   <asynchronous suspension>
│ #4   Declarer.test.<anonymous closure>.<anonymous closure> (package:test_api/src/backend/declarer.dart:242:9)
│ #5   <asynchronous suspension>
│ #6   Declarer.test.<anonymous closure> (package:test_api/src/backend/declarer.dart:240:7)
│ #7   <asynchronous suspension>
├┄┄┄┄┄┄┄┄┄┄┄┄┄┄┄┄┄┄┄┄┄┄┄┄┄┄┄┄┄┄┄┄┄┄┄┄┄┄┄┄┄┄┄┄┄┄┄┄┄┄┄┄┄┄┄┄┄┄┄┄┄┄┄┄┄┄┄┄┄┄┄┄┄┄┄┄┄┄┄┄┄┄┄┄┄┄┄┄┄┄┄┄┄┄┄┄┄┄┄┄┄┄┄┄┄┄┄┄┄┄┄┄┄┄┄┄┄┄┄
│ 07:38:50.697 (+0:00:00.074979)
├┄┄┄┄┄┄┄┄┄┄┄┄┄┄┄┄┄┄┄┄┄┄┄┄┄┄┄┄┄┄┄┄┄┄┄┄┄┄┄┄┄┄┄┄┄┄┄┄┄┄┄┄┄┄┄┄┄┄┄┄┄┄┄┄┄┄┄┄┄┄┄┄┄┄┄┄┄┄┄┄┄┄┄┄┄┄┄┄┄┄┄┄┄┄┄┄┄┄┄┄┄┄┄┄┄┄┄┄┄┄┄┄┄┄┄┄┄┄┄
│ 🐛 💾 Database: Fetching canvas by ID
└───────────────────────────────────────────────────────────────────────────────────────────────────────────────────────
┌───────────────────────────────────────────────────────────────────────────────────────────────────────────────────────
│ {id: 1, found: true, title: Test Canvas}
├┄┄┄┄┄┄┄┄┄┄┄┄┄┄┄┄┄┄┄┄┄┄┄┄┄┄┄┄┄┄┄┄┄┄┄┄┄┄┄┄┄┄┄┄┄┄┄┄┄┄┄┄┄┄┄┄┄┄┄┄┄┄┄┄┄┄┄┄┄┄┄┄┄┄┄┄┄┄┄┄┄┄┄┄┄┄┄┄┄┄┄┄┄┄┄┄┄┄┄┄┄┄┄┄┄┄┄┄┄┄┄┄┄┄┄┄┄┄┄
│ #0   AppLogger.database (package:filler/core/logging.dart:49:13)
│ #1   CanvasRepository.getById (package:filler/domain/repositories.dart:52:17)
│ #2   <asynchronous suspension>
│ #3   main.<anonymous closure>.<anonymous closure> (file:///Users/mr42/code/flutter/tmp/filler/test/domain/repositories_test.dart:42:22)
│ #4   <asynchronous suspension>
│ #5   Declarer.test.<anonymous closure>.<anonymous closure> (package:test_api/src/backend/declarer.dart:242:9)
│ #6   <asynchronous suspension>
│ #7   Declarer.test.<anonymous closure> (package:test_api/src/backend/declarer.dart:240:7)
├┄┄┄┄┄┄┄┄┄┄┄┄┄┄┄┄┄┄┄┄┄┄┄┄┄┄┄┄┄┄┄┄┄┄┄┄┄┄┄┄┄┄┄┄┄┄┄┄┄┄┄┄┄┄┄┄┄┄┄┄┄┄┄┄┄┄┄┄┄┄┄┄┄┄┄┄┄┄┄┄┄┄┄┄┄┄┄┄┄┄┄┄┄┄┄┄┄┄┄┄┄┄┄┄┄┄┄┄┄┄┄┄┄┄┄┄┄┄┄
│ 07:38:50.704 (+0:00:00.082295)
├┄┄┄┄┄┄┄┄┄┄┄┄┄┄┄┄┄┄┄┄┄┄┄┄┄┄┄┄┄┄┄┄┄┄┄┄┄┄┄┄┄┄┄┄┄┄┄┄┄┄┄┄┄┄┄┄┄┄┄┄┄┄┄┄┄┄┄┄┄┄┄┄┄┄┄┄┄┄┄┄┄┄┄┄┄┄┄┄┄┄┄┄┄┄┄┄┄┄┄┄┄┄┄┄┄┄┄┄┄┄┄┄┄┄┄┄┄┄┄
│ 🐛 💾 Database: Canvas fetch result
└───────────────────────────────────────────────────────────────────────────────────────────────────────────────────────
┌───────────────────────────────────────────────────────────────────────────────────────────────────────────────────────
│ #0   TestHelpers.cleanup (file:///Users/mr42/code/flutter/tmp/filler/test/helpers/test_helpers.dart:152:24)
│ #1   main.<anonymous closure> (file:///Users/mr42/code/flutter/tmp/filler/test/domain/repositories_test.dart:21:23)
├┄┄┄┄┄┄┄┄┄┄┄┄┄┄┄┄┄┄┄┄┄┄┄┄┄┄┄┄┄┄┄┄┄┄┄┄┄┄┄┄┄┄┄┄┄┄┄┄┄┄┄┄┄┄┄┄┄┄┄┄┄┄┄┄┄┄┄┄┄┄┄┄┄┄┄┄┄┄┄┄┄┄┄┄┄┄┄┄┄┄┄┄┄┄┄┄┄┄┄┄┄┄┄┄┄┄┄┄┄┄┄┄┄┄┄┄┄┄┄
│ 07:38:50.707 (+0:00:00.084956)
├┄┄┄┄┄┄┄┄┄┄┄┄┄┄┄┄┄┄┄┄┄┄┄┄┄┄┄┄┄┄┄┄┄┄┄┄┄┄┄┄┄┄┄┄┄┄┄┄┄┄┄┄┄┄┄┄┄┄┄┄┄┄┄┄┄┄┄┄┄┄┄┄┄┄┄┄┄┄┄┄┄┄┄┄┄┄┄┄┄┄┄┄┄┄┄┄┄┄┄┄┄┄┄┄┄┄┄┄┄┄┄┄┄┄┄┄┄┄┄
│ 🐛 🧹 Cleaning up test environment
└───────────────────────────────────────────────────────────────────────────────────────────────────────────────────────
┌───────────────────────────────────────────────────────────────────────────────────────────────────────────────────────
│ #0   TestHelpers.cleanup (file:///Users/mr42/code/flutter/tmp/filler/test/helpers/test_helpers.dart:166:26)
│ #1   main.<anonymous closure> (file:///Users/mr42/code/flutter/tmp/filler/test/domain/repositories_test.dart:21:23)
├┄┄┄┄┄┄┄┄┄┄┄┄┄┄┄┄┄┄┄┄┄┄┄┄┄┄┄┄┄┄┄┄┄┄┄┄┄┄┄┄┄┄┄┄┄┄┄┄┄┄┄┄┄┄┄┄┄┄┄┄┄┄┄┄┄┄┄┄┄┄┄┄┄┄┄┄┄┄┄┄┄┄┄┄┄┄┄┄┄┄┄┄┄┄┄┄┄┄┄┄┄┄┄┄┄┄┄┄┄┄┄┄┄┄┄┄┄┄┄
│ 07:38:50.711 (+0:00:00.089332)
├┄┄┄┄┄┄┄┄┄┄┄┄┄┄┄┄┄┄┄┄┄┄┄┄┄┄┄┄┄┄┄┄┄┄┄┄┄┄┄┄┄┄┄┄┄┄┄┄┄┄┄┄┄┄┄┄┄┄┄┄┄┄┄┄┄┄┄┄┄┄┄┄┄┄┄┄┄┄┄┄┄┄┄┄┄┄┄┄┄┄┄┄┄┄┄┄┄┄┄┄┄┄┄┄┄┄┄┄┄┄┄┄┄┄┄┄┄┄┄
│ 🐛 ✅ Test cleanup completed
└───────────────────────────────────────────────────────────────────────────────────────────────────────────────────────

00:04 +57 -2: /Users/mr42/code/flutter/tmp/filler/test/integration/page_state_transitions_test.dart: BLoC State Transitions - All Pages Preferences BLoC - Update State Transitions                    
00:04 +57 -2: /Users/mr42/code/flutter/tmp/filler/test/domain/repositories_test.dart: CanvasRepository should get all canvases                                                                         
┌───────────────────────────────────────────────────────────────────────────────────────────────────────────────────────
│ #0   TestHelpers.createTestDatabase (file:///Users/mr42/code/flutter/tmp/filler/test/helpers/test_helpers.dart:30:24)
│ #1   main.<anonymous closure> (file:///Users/mr42/code/flutter/tmp/filler/test/domain/repositories_test.dart:15:28)
├┄┄┄┄┄┄┄┄┄┄┄┄┄┄┄┄┄┄┄┄┄┄┄┄┄┄┄┄┄┄┄┄┄┄┄┄┄┄┄┄┄┄┄┄┄┄┄┄┄┄┄┄┄┄┄┄┄┄┄┄┄┄┄┄┄┄┄┄┄┄┄┄┄┄┄┄┄┄┄┄┄┄┄┄┄┄┄┄┄┄┄┄┄┄┄┄┄┄┄┄┄┄┄┄┄┄┄┄┄┄┄┄┄┄┄┄┄┄┄
│ 07:38:50.713 (+0:00:00.091285)
├┄┄┄┄┄┄┄┄┄┄┄┄┄┄┄┄┄┄┄┄┄┄┄┄┄┄┄┄┄┄┄┄┄┄┄┄┄┄┄┄┄┄┄┄┄┄┄┄┄┄┄┄┄┄┄┄┄┄┄┄┄┄┄┄┄┄┄┄┄┄┄┄┄┄┄┄┄┄┄┄┄┄┄┄┄┄┄┄┄┄┄┄┄┄┄┄┄┄┄┄┄┄┄┄┄┄┄┄┄┄┄┄┄┄┄┄┄┄┄
│ 🐛 🗄️ Creating test database
└───────────────────────────────────────────────────────────────────────────────────────────────────────────────────────
WARNING (drift): It looks like you've created the database class AppDatabase multiple times. When these two databases use the same QueryExecutor, race conditions will occur and might corrupt the database. 
Try to follow the advice at https://drift.simonbinder.eu/faq/#using-the-database or, if you know what you're doing, set driftRuntimeOptions.dontWarnAboutMultipleDatabases = true
Here is the stacktrace from when the database was opened a second time:
#0      GeneratedDatabase._handleInstantiated (package:drift/src/runtime/api/db_base.dart:96:30)
#1      GeneratedDatabase._whenConstructed (package:drift/src/runtime/api/db_base.dart:73:12)
#2      new GeneratedDatabase (package:drift/src/runtime/api/db_base.dart:64:5)
#3      new _$AppDatabase (package:filler/data/database.g.dart:991:36)
#4      new AppDatabase.test (package:filler/data/database.dart:90:24)
#5      TestHelpers.createTestDatabase (file:///Users/mr42/code/flutter/tmp/filler/test/helpers/test_helpers.dart:31:24)
#6      main.<anonymous closure> (file:///Users/mr42/code/flutter/tmp/filler/test/domain/repositories_test.dart:15:28)
#7      Declarer._runSetUps.<anonymous closure> (package:test_api/src/backend/declarer.dart:403:61)
#8      Future.forEach.<anonymous closure> (dart:async/future.dart:653:26)
#9      Future.doWhile.<anonymous closure> (dart:async/future.dart:710:26)
#10     StackZoneSpecification._registerUnaryCallback.<anonymous closure>.<anonymous closure> (package:stack_trace/src/stack_zone_specification.dart:127:36)
#11     StackZoneSpecification._run (package:stack_trace/src/stack_zone_specification.dart:207:15)
#12     StackZoneSpecification._registerUnaryCallback.<anonymous closure> (package:stack_trace/src/stack_zone_specification.dart:127:24)
#13     _rootRunUnary (dart:async/zone.dart:1538:47)
#14     _CustomZone.runUnary (dart:async/zone.dart:1429:19)
#15     _CustomZone.runUnaryGuarded (dart:async/zone.dart:1329:7)
#16     _CustomZone.bindUnaryCallbackGuarded.<anonymous closure> (dart:async/zone.dart:1367:26)
#17     Future.doWhile (dart:async/future.dart:727:18)
#18     Future.forEach (dart:async/future.dart:651:12)
#19     Declarer._runSetUps (package:test_api/src/backend/declarer.dart:403:18)
#20     Declarer._runSetUps (package:test_api/src/backend/declarer.dart:401:40)
#21     Declarer.test.<anonymous closure>.<anonymous closure> (package:test_api/src/backend/declarer.dart:241:15)
#22     _rootRun (dart:async/zone.dart:1525:13)
#23     _CustomZone.run (dart:async/zone.dart:1422:19)
#24     _runZoned (dart:async/zone.dart:2034:6)
#25     runZoned (dart:async/zone.dart:1960:10)
#26     Declarer.test.<anonymous closure> (package:test_api/src/backend/declarer.dart:240:13)
#27     Invoker._waitForOutstandingCallbacks.<anonymous closure> (package:test_api/src/backend/invoker.dart:282:17)
#28     _rootRun (dart:async/zone.dart:1525:13)
#29     _CustomZone.run (dart:async/zone.dart:1422:19)
#30     _runZoned (dart:async/zone.dart:2034:6)
#31     runZoned (dart:async/zone.dart:1960:10)
#32     Invoker._waitForOutstandingCallbacks (package:test_api/src/backend/invoker.dart:278:5)
#33     Invoker._onRun.<anonymous closure>.<anonymous closure>.<anonymous closure> (package:test_api/src/backend/invoker.dart:418:17)
<asynchronous suspension>
This warning will only appear on debug builds.
┌───────────────────────────────────────────────────────────────────────────────────────────────────────────────────────
│ {title: Canvas 1, dimensions: 2x2, insets: 0, dataSize: 117 chars}
├┄┄┄┄┄┄┄┄┄┄┄┄┄┄┄┄┄┄┄┄┄┄┄┄┄┄┄┄┄┄┄┄┄┄┄┄┄┄┄┄┄┄┄┄┄┄┄┄┄┄┄┄┄┄┄┄┄┄┄┄┄┄┄┄┄┄┄┄┄┄┄┄┄┄┄┄┄┄┄┄┄┄┄┄┄┄┄┄┄┄┄┄┄┄┄┄┄┄┄┄┄┄┄┄┄┄┄┄┄┄┄┄┄┄┄┄┄┄┄
│ #0   AppLogger.database (package:filler/core/logging.dart:49:13)
│ #1   CanvasRepository.add (package:filler/domain/repositories.dart:78:15)
│ #2   main.<anonymous closure>.<anonymous closure> (file:///Users/mr42/code/flutter/tmp/filler/test/domain/repositories_test.dart:58:24)
│ #3   Declarer.test.<anonymous closure>.<anonymous closure> (package:test_api/src/backend/declarer.dart:242:19)
│ #4   <asynchronous suspension>
│ #5   Declarer.test.<anonymous closure> (package:test_api/src/backend/declarer.dart:240:7)
│ #6   <asynchronous suspension>
│ #7   Invoker._waitForOutstandingCallbacks.<anonymous closure> (package:test_api/src/backend/invoker.dart:282:9)
├┄┄┄┄┄┄┄┄┄┄┄┄┄┄┄┄┄┄┄┄┄┄┄┄┄┄┄┄┄┄┄┄┄┄┄┄┄┄┄┄┄┄┄┄┄┄┄┄┄┄┄┄┄┄┄┄┄┄┄┄┄┄┄┄┄┄┄┄┄┄┄┄┄┄┄┄┄┄┄┄┄┄┄┄┄┄┄┄┄┄┄┄┄┄┄┄┄┄┄┄┄┄┄┄┄┄┄┄┄┄┄┄┄┄┄┄┄┄┄
│ 07:38:50.719 (+0:00:00.097681)
├┄┄┄┄┄┄┄┄┄┄┄┄┄┄┄┄┄┄┄┄┄┄┄┄┄┄┄┄┄┄┄┄┄┄┄┄┄┄┄┄┄┄┄┄┄┄┄┄┄┄┄┄┄┄┄┄┄┄┄┄┄┄┄┄┄┄┄┄┄┄┄┄┄┄┄┄┄┄┄┄┄┄┄┄┄┄┄┄┄┄┄┄┄┄┄┄┄┄┄┄┄┄┄┄┄┄┄┄┄┄┄┄┄┄┄┄┄┄┄
│ 🐛 💾 Database: Creating new canvas
└───────────────────────────────────────────────────────────────────────────────────────────────────────────────────────
┌───────────────────────────────────────────────────────────────────────────────────────────────────────────────────────
│ {title: Canvas 1, dimensions: 2x2}
├┄┄┄┄┄┄┄┄┄┄┄┄┄┄┄┄┄┄┄┄┄┄┄┄┄┄┄┄┄┄┄┄┄┄┄┄┄┄┄┄┄┄┄┄┄┄┄┄┄┄┄┄┄┄┄┄┄┄┄┄┄┄┄┄┄┄┄┄┄┄┄┄┄┄┄┄┄┄┄┄┄┄┄┄┄┄┄┄┄┄┄┄┄┄┄┄┄┄┄┄┄┄┄┄┄┄┄┄┄┄┄┄┄┄┄┄┄┄┄
│ #0   AppLogger.database (package:filler/core/logging.dart:49:13)
│ #1   AppDatabase.insertCanvas (package:filler/data/database.dart:225:15)
│ #2   CanvasRepository.add (package:filler/domain/repositories.dart:90:34)
│ #3   main.<anonymous closure>.<anonymous closure> (file:///Users/mr42/code/flutter/tmp/filler/test/domain/repositories_test.dart:58:24)
│ #4   Declarer.test.<anonymous closure>.<anonymous closure> (package:test_api/src/backend/declarer.dart:242:19)
│ #5   <asynchronous suspension>
│ #6   Declarer.test.<anonymous closure> (package:test_api/src/backend/declarer.dart:240:7)
│ #7   <asynchronous suspension>
├┄┄┄┄┄┄┄┄┄┄┄┄┄┄┄┄┄┄┄┄┄┄┄┄┄┄┄┄┄┄┄┄┄┄┄┄┄┄┄┄┄┄┄┄┄┄┄┄┄┄┄┄┄┄┄┄┄┄┄┄┄┄┄┄┄┄┄┄┄┄┄┄┄┄┄┄┄┄┄┄┄┄┄┄┄┄┄┄┄┄┄┄┄┄┄┄┄┄┄┄┄┄┄┄┄┄┄┄┄┄┄┄┄┄┄┄┄┄┄
│ 07:38:50.721 (+0:00:00.099278)
├┄┄┄┄┄┄┄┄┄┄┄┄┄┄┄┄┄┄┄┄┄┄┄┄┄┄┄┄┄┄┄┄┄┄┄┄┄┄┄┄┄┄┄┄┄┄┄┄┄┄┄┄┄┄┄┄┄┄┄┄┄┄┄┄┄┄┄┄┄┄┄┄┄┄┄┄┄┄┄┄┄┄┄┄┄┄┄┄┄┄┄┄┄┄┄┄┄┄┄┄┄┄┄┄┄┄┄┄┄┄┄┄┄┄┄┄┄┄┄
│ 🐛 💾 Database: Inserting canvas
└───────────────────────────────────────────────────────────────────────────────────────────────────────────────────────
┌───────────────────────────────────────────────────────────────────────────────────────────────────────────────────────
│ #0   AppLogger.database (package:filler/core/logging.dart:49:13)
│ #1   createTestDatabaseConnection.<anonymous closure> (package:filler/data/database_connection.dart:22:15)
├┄┄┄┄┄┄┄┄┄┄┄┄┄┄┄┄┄┄┄┄┄┄┄┄┄┄┄┄┄┄┄┄┄┄┄┄┄┄┄┄┄┄┄┄┄┄┄┄┄┄┄┄┄┄┄┄┄┄┄┄┄┄┄┄┄┄┄┄┄┄┄┄┄┄┄┄┄┄┄┄┄┄┄┄┄┄┄┄┄┄┄┄┄┄┄┄┄┄┄┄┄┄┄┄┄┄┄┄┄┄┄┄┄┄┄┄┄┄┄
│ 07:38:50.722 (+0:00:00.100745)
├┄┄┄┄┄┄┄┄┄┄┄┄┄┄┄┄┄┄┄┄┄┄┄┄┄┄┄┄┄┄┄┄┄┄┄┄┄┄┄┄┄┄┄┄┄┄┄┄┄┄┄┄┄┄┄┄┄┄┄┄┄┄┄┄┄┄┄┄┄┄┄┄┄┄┄┄┄┄┄┄┄┄┄┄┄┄┄┄┄┄┄┄┄┄┄┄┄┄┄┄┄┄┄┄┄┄┄┄┄┄┄┄┄┄┄┄┄┄┄
│ 🐛 💾 Database: Test AppDatabase instance created (in-memory)
└───────────────────────────────────────────────────────────────────────────────────────────────────────────────────────
┌───────────────────────────────────────────────────────────────────────────────────────────────────────────────────────
│ {version: 4, wasCreated: true, hadUpgrade: false}
├┄┄┄┄┄┄┄┄┄┄┄┄┄┄┄┄┄┄┄┄┄┄┄┄┄┄┄┄┄┄┄┄┄┄┄┄┄┄┄┄┄┄┄┄┄┄┄┄┄┄┄┄┄┄┄┄┄┄┄┄┄┄┄┄┄┄┄┄┄┄┄┄┄┄┄┄┄┄┄┄┄┄┄┄┄┄┄┄┄┄┄┄┄┄┄┄┄┄┄┄┄┄┄┄┄┄┄┄┄┄┄┄┄┄┄┄┄┄┄
│ #0   AppLogger.database (package:filler/core/logging.dart:49:13)
│ #1   AppDatabase.migration.<anonymous closure> (package:filler/data/database.dart:211:17)
│ #2   GeneratedDatabase.beforeOpen.<anonymous closure> (package:drift/src/runtime/api/db_base.dart:137:44)
│ #3   <asynchronous suspension>
│ #4   DelegatedDatabase._runMigrations (package:drift/src/runtime/executor/helpers/engines.dart:512:5)
│ #5   <asynchronous suspension>
│ #6   DelegatedDatabase.ensureOpen.<anonymous closure> (package:drift/src/runtime/executor/helpers/engines.dart:476:9)
│ #7   <asynchronous suspension>
├┄┄┄┄┄┄┄┄┄┄┄┄┄┄┄┄┄┄┄┄┄┄┄┄┄┄┄┄┄┄┄┄┄┄┄┄┄┄┄┄┄┄┄┄┄┄┄┄┄┄┄┄┄┄┄┄┄┄┄┄┄┄┄┄┄┄┄┄┄┄┄┄┄┄┄┄┄┄┄┄┄┄┄┄┄┄┄┄┄┄┄┄┄┄┄┄┄┄┄┄┄┄┄┄┄┄┄┄┄┄┄┄┄┄┄┄┄┄┄
│ 07:38:50.724 (+0:00:00.102788)
├┄┄┄┄┄┄┄┄┄┄┄┄┄┄┄┄┄┄┄┄┄┄┄┄┄┄┄┄┄┄┄┄┄┄┄┄┄┄┄┄┄┄┄┄┄┄┄┄┄┄┄┄┄┄┄┄┄┄┄┄┄┄┄┄┄┄┄┄┄┄┄┄┄┄┄┄┄┄┄┄┄┄┄┄┄┄┄┄┄┄┄┄┄┄┄┄┄┄┄┄┄┄┄┄┄┄┄┄┄┄┄┄┄┄┄┄┄┄┄
│ 🐛 💾 Database: Database opened
└───────────────────────────────────────────────────────────────────────────────────────────────────────────────────────
┌───────────────────────────────────────────────────────────────────────────────────────────────────────────────────────
│ {id: 1}
├┄┄┄┄┄┄┄┄┄┄┄┄┄┄┄┄┄┄┄┄┄┄┄┄┄┄┄┄┄┄┄┄┄┄┄┄┄┄┄┄┄┄┄┄┄┄┄┄┄┄┄┄┄┄┄┄┄┄┄┄┄┄┄┄┄┄┄┄┄┄┄┄┄┄┄┄┄┄┄┄┄┄┄┄┄┄┄┄┄┄┄┄┄┄┄┄┄┄┄┄┄┄┄┄┄┄┄┄┄┄┄┄┄┄┄┄┄┄┄
│ #0   AppLogger.database (package:filler/core/logging.dart:49:13)
│ #1   AppDatabase.insertCanvas (package:filler/data/database.dart:234:17)
│ #2   <asynchronous suspension>
│ #3   CanvasRepository.add (package:filler/domain/repositories.dart:90:24)
│ #4   <asynchronous suspension>
│ #5   main.<anonymous closure>.<anonymous closure> (file:///Users/mr42/code/flutter/tmp/filler/test/domain/repositories_test.dart:58:7)
│ #6   <asynchronous suspension>
│ #7   Declarer.test.<anonymous closure>.<anonymous closure> (package:test_api/src/backend/declarer.dart:242:9)
├┄┄┄┄┄┄┄┄┄┄┄┄┄┄┄┄┄┄┄┄┄┄┄┄┄┄┄┄┄┄┄┄┄┄┄┄┄┄┄┄┄┄┄┄┄┄┄┄┄┄┄┄┄┄┄┄┄┄┄┄┄┄┄┄┄┄┄┄┄┄┄┄┄┄┄┄┄┄┄┄┄┄┄┄┄┄┄┄┄┄┄┄┄┄┄┄┄┄┄┄┄┄┄┄┄┄┄┄┄┄┄┄┄┄┄┄┄┄┄
│ 07:38:50.726 (+0:00:00.104403)
├┄┄┄┄┄┄┄┄┄┄┄┄┄┄┄┄┄┄┄┄┄┄┄┄┄┄┄┄┄┄┄┄┄┄┄┄┄┄┄┄┄┄┄┄┄┄┄┄┄┄┄┄┄┄┄┄┄┄┄┄┄┄┄┄┄┄┄┄┄┄┄┄┄┄┄┄┄┄┄┄┄┄┄┄┄┄┄┄┄┄┄┄┄┄┄┄┄┄┄┄┄┄┄┄┄┄┄┄┄┄┄┄┄┄┄┄┄┄┄
│ 🐛 💾 Database: Canvas inserted with ID
└───────────────────────────────────────────────────────────────────────────────────────────────────────────────────────
┌───────────────────────────────────────────────────────────────────────────────────────────────────────────────────────
│ {id: 1, title: Canvas 1, insertTime: 6ms}
├┄┄┄┄┄┄┄┄┄┄┄┄┄┄┄┄┄┄┄┄┄┄┄┄┄┄┄┄┄┄┄┄┄┄┄┄┄┄┄┄┄┄┄┄┄┄┄┄┄┄┄┄┄┄┄┄┄┄┄┄┄┄┄┄┄┄┄┄┄┄┄┄┄┄┄┄┄┄┄┄┄┄┄┄┄┄┄┄┄┄┄┄┄┄┄┄┄┄┄┄┄┄┄┄┄┄┄┄┄┄┄┄┄┄┄┄┄┄┄
│ #0   AppLogger.database (package:filler/core/logging.dart:49:13)
│ #1   CanvasRepository.add (package:filler/domain/repositories.dart:103:17)
│ #2   <asynchronous suspension>
│ #3   main.<anonymous closure>.<anonymous closure> (file:///Users/mr42/code/flutter/tmp/filler/test/domain/repositories_test.dart:58:7)
│ #4   <asynchronous suspension>
│ #5   Declarer.test.<anonymous closure>.<anonymous closure> (package:test_api/src/backend/declarer.dart:242:9)
│ #6   <asynchronous suspension>
│ #7   Declarer.test.<anonymous closure> (package:test_api/src/backend/declarer.dart:240:7)
├┄┄┄┄┄┄┄┄┄┄┄┄┄┄┄┄┄┄┄┄┄┄┄┄┄┄┄┄┄┄┄┄┄┄┄┄┄┄┄┄┄┄┄┄┄┄┄┄┄┄┄┄┄┄┄┄┄┄┄┄┄┄┄┄┄┄┄┄┄┄┄┄┄┄┄┄┄┄┄┄┄┄┄┄┄┄┄┄┄┄┄┄┄┄┄┄┄┄┄┄┄┄┄┄┄┄┄┄┄┄┄┄┄┄┄┄┄┄┄
│ 07:38:50.727 (+0:00:00.105801)
├┄┄┄┄┄┄┄┄┄┄┄┄┄┄┄┄┄┄┄┄┄┄┄┄┄┄┄┄┄┄┄┄┄┄┄┄┄┄┄┄┄┄┄┄┄┄┄┄┄┄┄┄┄┄┄┄┄┄┄┄┄┄┄┄┄┄┄┄┄┄┄┄┄┄┄┄┄┄┄┄┄┄┄┄┄┄┄┄┄┄┄┄┄┄┄┄┄┄┄┄┄┄┄┄┄┄┄┄┄┄┄┄┄┄┄┄┄┄┄
│ 🐛 💾 Database: Canvas created successfully
└───────────────────────────────────────────────────────────────────────────────────────────────────────────────────────
┌───────────────────────────────────────────────────────────────────────────────────────────────────────────────────────
│ {title: Canvas 2, dimensions: 3x3, insets: 1, dataSize: 262 chars}
├┄┄┄┄┄┄┄┄┄┄┄┄┄┄┄┄┄┄┄┄┄┄┄┄┄┄┄┄┄┄┄┄┄┄┄┄┄┄┄┄┄┄┄┄┄┄┄┄┄┄┄┄┄┄┄┄┄┄┄┄┄┄┄┄┄┄┄┄┄┄┄┄┄┄┄┄┄┄┄┄┄┄┄┄┄┄┄┄┄┄┄┄┄┄┄┄┄┄┄┄┄┄┄┄┄┄┄┄┄┄┄┄┄┄┄┄┄┄┄
│ #0   AppLogger.database (package:filler/core/logging.dart:49:13)
│ #1   CanvasRepository.add (package:filler/domain/repositories.dart:78:15)
│ #2   main.<anonymous closure>.<anonymous closure> (file:///Users/mr42/code/flutter/tmp/filler/test/domain/repositories_test.dart:69:24)
│ #3   <asynchronous suspension>
│ #4   Declarer.test.<anonymous closure>.<anonymous closure> (package:test_api/src/backend/declarer.dart:242:9)
│ #5   <asynchronous suspension>
│ #6   Declarer.test.<anonymous closure> (package:test_api/src/backend/declarer.dart:240:7)
│ #7   <asynchronous suspension>
├┄┄┄┄┄┄┄┄┄┄┄┄┄┄┄┄┄┄┄┄┄┄┄┄┄┄┄┄┄┄┄┄┄┄┄┄┄┄┄┄┄┄┄┄┄┄┄┄┄┄┄┄┄┄┄┄┄┄┄┄┄┄┄┄┄┄┄┄┄┄┄┄┄┄┄┄┄┄┄┄┄┄┄┄┄┄┄┄┄┄┄┄┄┄┄┄┄┄┄┄┄┄┄┄┄┄┄┄┄┄┄┄┄┄┄┄┄┄┄
│ 07:38:50.729 (+0:00:00.107276)
├┄┄┄┄┄┄┄┄┄┄┄┄┄┄┄┄┄┄┄┄┄┄┄┄┄┄┄┄┄┄┄┄┄┄┄┄┄┄┄┄┄┄┄┄┄┄┄┄┄┄┄┄┄┄┄┄┄┄┄┄┄┄┄┄┄┄┄┄┄┄┄┄┄┄┄┄┄┄┄┄┄┄┄┄┄┄┄┄┄┄┄┄┄┄┄┄┄┄┄┄┄┄┄┄┄┄┄┄┄┄┄┄┄┄┄┄┄┄┄
│ 🐛 💾 Database: Creating new canvas
└───────────────────────────────────────────────────────────────────────────────────────────────────────────────────────
┌───────────────────────────────────────────────────────────────────────────────────────────────────────────────────────
│ {title: Canvas 2, dimensions: 3x3}
├┄┄┄┄┄┄┄┄┄┄┄┄┄┄┄┄┄┄┄┄┄┄┄┄┄┄┄┄┄┄┄┄┄┄┄┄┄┄┄┄┄┄┄┄┄┄┄┄┄┄┄┄┄┄┄┄┄┄┄┄┄┄┄┄┄┄┄┄┄┄┄┄┄┄┄┄┄┄┄┄┄┄┄┄┄┄┄┄┄┄┄┄┄┄┄┄┄┄┄┄┄┄┄┄┄┄┄┄┄┄┄┄┄┄┄┄┄┄┄
│ #0   AppLogger.database (package:filler/core/logging.dart:49:13)
│ #1   AppDatabase.insertCanvas (package:filler/data/database.dart:225:15)
│ #2   CanvasRepository.add (package:filler/domain/repositories.dart:90:34)
│ #3   main.<anonymous closure>.<anonymous closure> (file:///Users/mr42/code/flutter/tmp/filler/test/domain/repositories_test.dart:69:24)
│ #4   <asynchronous suspension>
│ #5   Declarer.test.<anonymous closure>.<anonymous closure> (package:test_api/src/backend/declarer.dart:242:9)
│ #6   <asynchronous suspension>
│ #7   Declarer.test.<anonymous closure> (package:test_api/src/backend/declarer.dart:240:7)
├┄┄┄┄┄┄┄┄┄┄┄┄┄┄┄┄┄┄┄┄┄┄┄┄┄┄┄┄┄┄┄┄┄┄┄┄┄┄┄┄┄┄┄┄┄┄┄┄┄┄┄┄┄┄┄┄┄┄┄┄┄┄┄┄┄┄┄┄┄┄┄┄┄┄┄┄┄┄┄┄┄┄┄┄┄┄┄┄┄┄┄┄┄┄┄┄┄┄┄┄┄┄┄┄┄┄┄┄┄┄┄┄┄┄┄┄┄┄┄
│ 07:38:50.730 (+0:00:00.108699)
├┄┄┄┄┄┄┄┄┄┄┄┄┄┄┄┄┄┄┄┄┄┄┄┄┄┄┄┄┄┄┄┄┄┄┄┄┄┄┄┄┄┄┄┄┄┄┄┄┄┄┄┄┄┄┄┄┄┄┄┄┄┄┄┄┄┄┄┄┄┄┄┄┄┄┄┄┄┄┄┄┄┄┄┄┄┄┄┄┄┄┄┄┄┄┄┄┄┄┄┄┄┄┄┄┄┄┄┄┄┄┄┄┄┄┄┄┄┄┄
│ 🐛 💾 Database: Inserting canvas
└───────────────────────────────────────────────────────────────────────────────────────────────────────────────────────
┌───────────────────────────────────────────────────────────────────────────────────────────────────────────────────────
│ {id: 2}
├┄┄┄┄┄┄┄┄┄┄┄┄┄┄┄┄┄┄┄┄┄┄┄┄┄┄┄┄┄┄┄┄┄┄┄┄┄┄┄┄┄┄┄┄┄┄┄┄┄┄┄┄┄┄┄┄┄┄┄┄┄┄┄┄┄┄┄┄┄┄┄┄┄┄┄┄┄┄┄┄┄┄┄┄┄┄┄┄┄┄┄┄┄┄┄┄┄┄┄┄┄┄┄┄┄┄┄┄┄┄┄┄┄┄┄┄┄┄┄
│ #0   AppLogger.database (package:filler/core/logging.dart:49:13)
│ #1   AppDatabase.insertCanvas (package:filler/data/database.dart:234:17)
│ #2   <asynchronous suspension>
│ #3   CanvasRepository.add (package:filler/domain/repositories.dart:90:24)
│ #4   <asynchronous suspension>
│ #5   main.<anonymous closure>.<anonymous closure> (file:///Users/mr42/code/flutter/tmp/filler/test/domain/repositories_test.dart:69:7)
│ #6   <asynchronous suspension>
│ #7   Declarer.test.<anonymous closure>.<anonymous closure> (package:test_api/src/backend/declarer.dart:242:9)
├┄┄┄┄┄┄┄┄┄┄┄┄┄┄┄┄┄┄┄┄┄┄┄┄┄┄┄┄┄┄┄┄┄┄┄┄┄┄┄┄┄┄┄┄┄┄┄┄┄┄┄┄┄┄┄┄┄┄┄┄┄┄┄┄┄┄┄┄┄┄┄┄┄┄┄┄┄┄┄┄┄┄┄┄┄┄┄┄┄┄┄┄┄┄┄┄┄┄┄┄┄┄┄┄┄┄┄┄┄┄┄┄┄┄┄┄┄┄┄
│ 07:38:50.732 (+0:00:00.110280)
├┄┄┄┄┄┄┄┄┄┄┄┄┄┄┄┄┄┄┄┄┄┄┄┄┄┄┄┄┄┄┄┄┄┄┄┄┄┄┄┄┄┄┄┄┄┄┄┄┄┄┄┄┄┄┄┄┄┄┄┄┄┄┄┄┄┄┄┄┄┄┄┄┄┄┄┄┄┄┄┄┄┄┄┄┄┄┄┄┄┄┄┄┄┄┄┄┄┄┄┄┄┄┄┄┄┄┄┄┄┄┄┄┄┄┄┄┄┄┄
│ 🐛 💾 Database: Canvas inserted with ID
└───────────────────────────────────────────────────────────────────────────────────────────────────────────────────────
┌───────────────────────────────────────────────────────────────────────────────────────────────────────────────────────
│ {id: 2, title: Canvas 2, insertTime: 3ms}
├┄┄┄┄┄┄┄┄┄┄┄┄┄┄┄┄┄┄┄┄┄┄┄┄┄┄┄┄┄┄┄┄┄┄┄┄┄┄┄┄┄┄┄┄┄┄┄┄┄┄┄┄┄┄┄┄┄┄┄┄┄┄┄┄┄┄┄┄┄┄┄┄┄┄┄┄┄┄┄┄┄┄┄┄┄┄┄┄┄┄┄┄┄┄┄┄┄┄┄┄┄┄┄┄┄┄┄┄┄┄┄┄┄┄┄┄┄┄┄
│ #0   AppLogger.database (package:filler/core/logging.dart:49:13)
│ #1   CanvasRepository.add (package:filler/domain/repositories.dart:103:17)
│ #2   <asynchronous suspension>
│ #3   main.<anonymous closure>.<anonymous closure> (file:///Users/mr42/code/flutter/tmp/filler/test/domain/repositories_test.dart:69:7)
│ #4   <asynchronous suspension>
│ #5   Declarer.test.<anonymous closure>.<anonymous closure> (package:test_api/src/backend/declarer.dart:242:9)
│ #6   <asynchronous suspension>
│ #7   Declarer.test.<anonymous closure> (package:test_api/src/backend/declarer.dart:240:7)
├┄┄┄┄┄┄┄┄┄┄┄┄┄┄┄┄┄┄┄┄┄┄┄┄┄┄┄┄┄┄┄┄┄┄┄┄┄┄┄┄┄┄┄┄┄┄┄┄┄┄┄┄┄┄┄┄┄┄┄┄┄┄┄┄┄┄┄┄┄┄┄┄┄┄┄┄┄┄┄┄┄┄┄┄┄┄┄┄┄┄┄┄┄┄┄┄┄┄┄┄┄┄┄┄┄┄┄┄┄┄┄┄┄┄┄┄┄┄┄
│ 07:38:50.733 (+0:00:00.111721)
├┄┄┄┄┄┄┄┄┄┄┄┄┄┄┄┄┄┄┄┄┄┄┄┄┄┄┄┄┄┄┄┄┄┄┄┄┄┄┄┄┄┄┄┄┄┄┄┄┄┄┄┄┄┄┄┄┄┄┄┄┄┄┄┄┄┄┄┄┄┄┄┄┄┄┄┄┄┄┄┄┄┄┄┄┄┄┄┄┄┄┄┄┄┄┄┄┄┄┄┄┄┄┄┄┄┄┄┄┄┄┄┄┄┄┄┄┄┄┄
│ 🐛 💾 Database: Canvas created successfully
└───────────────────────────────────────────────────────────────────────────────────────────────────────────────────────
┌───────────────────────────────────────────────────────────────────────────────────────────────────────────────────────
│ #0   AppLogger.database (package:filler/core/logging.dart:49:13)
│ #1   CanvasRepository.getAll (package:filler/domain/repositories.dart:23:15)
├┄┄┄┄┄┄┄┄┄┄┄┄┄┄┄┄┄┄┄┄┄┄┄┄┄┄┄┄┄┄┄┄┄┄┄┄┄┄┄┄┄┄┄┄┄┄┄┄┄┄┄┄┄┄┄┄┄┄┄┄┄┄┄┄┄┄┄┄┄┄┄┄┄┄┄┄┄┄┄┄┄┄┄┄┄┄┄┄┄┄┄┄┄┄┄┄┄┄┄┄┄┄┄┄┄┄┄┄┄┄┄┄┄┄┄┄┄┄┄
│ 07:38:50.735 (+0:00:00.113253)
├┄┄┄┄┄┄┄┄┄┄┄┄┄┄┄┄┄┄┄┄┄┄┄┄┄┄┄┄┄┄┄┄┄┄┄┄┄┄┄┄┄┄┄┄┄┄┄┄┄┄┄┄┄┄┄┄┄┄┄┄┄┄┄┄┄┄┄┄┄┄┄┄┄┄┄┄┄┄┄┄┄┄┄┄┄┄┄┄┄┄┄┄┄┄┄┄┄┄┄┄┄┄┄┄┄┄┄┄┄┄┄┄┄┄┄┄┄┄┄
│ 🐛 💾 Database: Fetching all canvases
└───────────────────────────────────────────────────────────────────────────────────────────────────────────────────────
┌───────────────────────────────────────────────────────────────────────────────────────────────────────────────────────
│ #0   AppLogger.database (package:filler/core/logging.dart:49:13)
│ #1   AppDatabase.getAllCanvases (package:filler/data/database.dart:248:15)
├┄┄┄┄┄┄┄┄┄┄┄┄┄┄┄┄┄┄┄┄┄┄┄┄┄┄┄┄┄┄┄┄┄┄┄┄┄┄┄┄┄┄┄┄┄┄┄┄┄┄┄┄┄┄┄┄┄┄┄┄┄┄┄┄┄┄┄┄┄┄┄┄┄┄┄┄┄┄┄┄┄┄┄┄┄┄┄┄┄┄┄┄┄┄┄┄┄┄┄┄┄┄┄┄┄┄┄┄┄┄┄┄┄┄┄┄┄┄┄
│ 07:38:50.736 (+0:00:00.113973)
├┄┄┄┄┄┄┄┄┄┄┄┄┄┄┄┄┄┄┄┄┄┄┄┄┄┄┄┄┄┄┄┄┄┄┄┄┄┄┄┄┄┄┄┄┄┄┄┄┄┄┄┄┄┄┄┄┄┄┄┄┄┄┄┄┄┄┄┄┄┄┄┄┄┄┄┄┄┄┄┄┄┄┄┄┄┄┄┄┄┄┄┄┄┄┄┄┄┄┄┄┄┄┄┄┄┄┄┄┄┄┄┄┄┄┄┄┄┄┄
│ 🐛 💾 Database: Querying all canvases
└───────────────────────────────────────────────────────────────────────────────────────────────────────────────────────
┌───────────────────────────────────────────────────────────────────────────────────────────────────────────────────────
│ {count: 2}
├┄┄┄┄┄┄┄┄┄┄┄┄┄┄┄┄┄┄┄┄┄┄┄┄┄┄┄┄┄┄┄┄┄┄┄┄┄┄┄┄┄┄┄┄┄┄┄┄┄┄┄┄┄┄┄┄┄┄┄┄┄┄┄┄┄┄┄┄┄┄┄┄┄┄┄┄┄┄┄┄┄┄┄┄┄┄┄┄┄┄┄┄┄┄┄┄┄┄┄┄┄┄┄┄┄┄┄┄┄┄┄┄┄┄┄┄┄┄┄
│ #0   AppLogger.database (package:filler/core/logging.dart:49:13)
│ #1   AppDatabase.getAllCanvases (package:filler/data/database.dart:251:17)
│ #2   <asynchronous suspension>
│ #3   CanvasRepository.getAll (package:filler/domain/repositories.dart:26:24)
│ #4   <asynchronous suspension>
│ #5   main.<anonymous closure>.<anonymous closure> (file:///Users/mr42/code/flutter/tmp/filler/test/domain/repositories_test.dart:81:24)
│ #6   <asynchronous suspension>
│ #7   Declarer.test.<anonymous closure>.<anonymous closure> (package:test_api/src/backend/declarer.dart:242:9)
├┄┄┄┄┄┄┄┄┄┄┄┄┄┄┄┄┄┄┄┄┄┄┄┄┄┄┄┄┄┄┄┄┄┄┄┄┄┄┄┄┄┄┄┄┄┄┄┄┄┄┄┄┄┄┄┄┄┄┄┄┄┄┄┄┄┄┄┄┄┄┄┄┄┄┄┄┄┄┄┄┄┄┄┄┄┄┄┄┄┄┄┄┄┄┄┄┄┄┄┄┄┄┄┄┄┄┄┄┄┄┄┄┄┄┄┄┄┄┄
│ 07:38:50.737 (+0:00:00.114988)
├┄┄┄┄┄┄┄┄┄┄┄┄┄┄┄┄┄┄┄┄┄┄┄┄┄┄┄┄┄┄┄┄┄┄┄┄┄┄┄┄┄┄┄┄┄┄┄┄┄┄┄┄┄┄┄┄┄┄┄┄┄┄┄┄┄┄┄┄┄┄┄┄┄┄┄┄┄┄┄┄┄┄┄┄┄┄┄┄┄┄┄┄┄┄┄┄┄┄┄┄┄┄┄┄┄┄┄┄┄┄┄┄┄┄┄┄┄┄┄
│ 🐛 💾 Database: Query completed
└───────────────────────────────────────────────────────────────────────────────────────────────────────────────────────
┌───────────────────────────────────────────────────────────────────────────────────────────────────────────────────────
│ {count: 2, queryTime: 2ms}
├┄┄┄┄┄┄┄┄┄┄┄┄┄┄┄┄┄┄┄┄┄┄┄┄┄┄┄┄┄┄┄┄┄┄┄┄┄┄┄┄┄┄┄┄┄┄┄┄┄┄┄┄┄┄┄┄┄┄┄┄┄┄┄┄┄┄┄┄┄┄┄┄┄┄┄┄┄┄┄┄┄┄┄┄┄┄┄┄┄┄┄┄┄┄┄┄┄┄┄┄┄┄┄┄┄┄┄┄┄┄┄┄┄┄┄┄┄┄┄
│ #0   AppLogger.database (package:filler/core/logging.dart:49:13)
│ #1   CanvasRepository.getAll (package:filler/domain/repositories.dart:28:17)
│ #2   <asynchronous suspension>
│ #3   main.<anonymous closure>.<anonymous closure> (file:///Users/mr42/code/flutter/tmp/filler/test/domain/repositories_test.dart:81:24)
│ #4   <asynchronous suspension>
│ #5   Declarer.test.<anonymous closure>.<anonymous closure> (package:test_api/src/backend/declarer.dart:242:9)
│ #6   <asynchronous suspension>
│ #7   Declarer.test.<anonymous closure> (package:test_api/src/backend/declarer.dart:240:7)
├┄┄┄┄┄┄┄┄┄┄┄┄┄┄┄┄┄┄┄┄┄┄┄┄┄┄┄┄┄┄┄┄┄┄┄┄┄┄┄┄┄┄┄┄┄┄┄┄┄┄┄┄┄┄┄┄┄┄┄┄┄┄┄┄┄┄┄┄┄┄┄┄┄┄┄┄┄┄┄┄┄┄┄┄┄┄┄┄┄┄┄┄┄┄┄┄┄┄┄┄┄┄┄┄┄┄┄┄┄┄┄┄┄┄┄┄┄┄┄
│ 07:38:50.738 (+0:00:00.116220)
├┄┄┄┄┄┄┄┄┄┄┄┄┄┄┄┄┄┄┄┄┄┄┄┄┄┄┄┄┄┄┄┄┄┄┄┄┄┄┄┄┄┄┄┄┄┄┄┄┄┄┄┄┄┄┄┄┄┄┄┄┄┄┄┄┄┄┄┄┄┄┄┄┄┄┄┄┄┄┄┄┄┄┄┄┄┄┄┄┄┄┄┄┄┄┄┄┄┄┄┄┄┄┄┄┄┄┄┄┄┄┄┄┄┄┄┄┄┄┄
│ 🐛 💾 Database: Retrieved canvases
└───────────────────────────────────────────────────────────────────────────────────────────────────────────────────────
┌───────────────────────────────────────────────────────────────────────────────────────────────────────────────────────
│ #0   TestHelpers.cleanup (file:///Users/mr42/code/flutter/tmp/filler/test/helpers/test_helpers.dart:152:24)
│ #1   main.<anonymous closure> (file:///Users/mr42/code/flutter/tmp/filler/test/domain/repositories_test.dart:21:23)
├┄┄┄┄┄┄┄┄┄┄┄┄┄┄┄┄┄┄┄┄┄┄┄┄┄┄┄┄┄┄┄┄┄┄┄┄┄┄┄┄┄┄┄┄┄┄┄┄┄┄┄┄┄┄┄┄┄┄┄┄┄┄┄┄┄┄┄┄┄┄┄┄┄┄┄┄┄┄┄┄┄┄┄┄┄┄┄┄┄┄┄┄┄┄┄┄┄┄┄┄┄┄┄┄┄┄┄┄┄┄┄┄┄┄┄┄┄┄┄
│ 07:38:50.739 (+0:00:00.117607)
├┄┄┄┄┄┄┄┄┄┄┄┄┄┄┄┄┄┄┄┄┄┄┄┄┄┄┄┄┄┄┄┄┄┄┄┄┄┄┄┄┄┄┄┄┄┄┄┄┄┄┄┄┄┄┄┄┄┄┄┄┄┄┄┄┄┄┄┄┄┄┄┄┄┄┄┄┄┄┄┄┄┄┄┄┄┄┄┄┄┄┄┄┄┄┄┄┄┄┄┄┄┄┄┄┄┄┄┄┄┄┄┄┄┄┄┄┄┄┄
│ 🐛 🧹 Cleaning up test environment
└───────────────────────────────────────────────────────────────────────────────────────────────────────────────────────
┌───────────────────────────────────────────────────────────────────────────────────────────────────────────────────────
│ #0   TestHelpers.cleanup (file:///Users/mr42/code/flutter/tmp/filler/test/helpers/test_helpers.dart:166:26)
│ #1   main.<anonymous closure> (file:///Users/mr42/code/flutter/tmp/filler/test/domain/repositories_test.dart:21:23)
├┄┄┄┄┄┄┄┄┄┄┄┄┄┄┄┄┄┄┄┄┄┄┄┄┄┄┄┄┄┄┄┄┄┄┄┄┄┄┄┄┄┄┄┄┄┄┄┄┄┄┄┄┄┄┄┄┄┄┄┄┄┄┄┄┄┄┄┄┄┄┄┄┄┄┄┄┄┄┄┄┄┄┄┄┄┄┄┄┄┄┄┄┄┄┄┄┄┄┄┄┄┄┄┄┄┄┄┄┄┄┄┄┄┄┄┄┄┄┄
│ 07:38:50.743 (+0:00:00.120860)
├┄┄┄┄┄┄┄┄┄┄┄┄┄┄┄┄┄┄┄┄┄┄┄┄┄┄┄┄┄┄┄┄┄┄┄┄┄┄┄┄┄┄┄┄┄┄┄┄┄┄┄┄┄┄┄┄┄┄┄┄┄┄┄┄┄┄┄┄┄┄┄┄┄┄┄┄┄┄┄┄┄┄┄┄┄┄┄┄┄┄┄┄┄┄┄┄┄┄┄┄┄┄┄┄┄┄┄┄┄┄┄┄┄┄┄┄┄┄┄
│ 🐛 ✅ Test cleanup completed
└───────────────────────────────────────────────────────────────────────────────────────────────────────────────────────

00:04 +58 -2: /Users/mr42/code/flutter/tmp/filler/test/integration/page_state_transitions_test.dart: BLoC State Transitions - All Pages Preferences BLoC - Update State Transitions                    
00:04 +58 -2: /Users/mr42/code/flutter/tmp/filler/test/domain/repositories_test.dart: CanvasRepository should handle missing canvas                                                                    
┌───────────────────────────────────────────────────────────────────────────────────────────────────────────────────────
│ #0   TestHelpers.createTestDatabase (file:///Users/mr42/code/flutter/tmp/filler/test/helpers/test_helpers.dart:30:24)
│ #1   main.<anonymous closure> (file:///Users/mr42/code/flutter/tmp/filler/test/domain/repositories_test.dart:15:28)
├┄┄┄┄┄┄┄┄┄┄┄┄┄┄┄┄┄┄┄┄┄┄┄┄┄┄┄┄┄┄┄┄┄┄┄┄┄┄┄┄┄┄┄┄┄┄┄┄┄┄┄┄┄┄┄┄┄┄┄┄┄┄┄┄┄┄┄┄┄┄┄┄┄┄┄┄┄┄┄┄┄┄┄┄┄┄┄┄┄┄┄┄┄┄┄┄┄┄┄┄┄┄┄┄┄┄┄┄┄┄┄┄┄┄┄┄┄┄┄
│ 07:38:50.744 (+0:00:00.122761)
├┄┄┄┄┄┄┄┄┄┄┄┄┄┄┄┄┄┄┄┄┄┄┄┄┄┄┄┄┄┄┄┄┄┄┄┄┄┄┄┄┄┄┄┄┄┄┄┄┄┄┄┄┄┄┄┄┄┄┄┄┄┄┄┄┄┄┄┄┄┄┄┄┄┄┄┄┄┄┄┄┄┄┄┄┄┄┄┄┄┄┄┄┄┄┄┄┄┄┄┄┄┄┄┄┄┄┄┄┄┄┄┄┄┄┄┄┄┄┄
│ 🐛 🗄️ Creating test database
└───────────────────────────────────────────────────────────────────────────────────────────────────────────────────────
WARNING (drift): It looks like you've created the database class AppDatabase multiple times. When these two databases use the same QueryExecutor, race conditions will occur and might corrupt the database. 
Try to follow the advice at https://drift.simonbinder.eu/faq/#using-the-database or, if you know what you're doing, set driftRuntimeOptions.dontWarnAboutMultipleDatabases = true
Here is the stacktrace from when the database was opened a second time:
#0      GeneratedDatabase._handleInstantiated (package:drift/src/runtime/api/db_base.dart:96:30)
#1      GeneratedDatabase._whenConstructed (package:drift/src/runtime/api/db_base.dart:73:12)
#2      new GeneratedDatabase (package:drift/src/runtime/api/db_base.dart:64:5)
#3      new _$AppDatabase (package:filler/data/database.g.dart:991:36)
#4      new AppDatabase.test (package:filler/data/database.dart:90:24)
#5      TestHelpers.createTestDatabase (file:///Users/mr42/code/flutter/tmp/filler/test/helpers/test_helpers.dart:31:24)
#6      main.<anonymous closure> (file:///Users/mr42/code/flutter/tmp/filler/test/domain/repositories_test.dart:15:28)
#7      Declarer._runSetUps.<anonymous closure> (package:test_api/src/backend/declarer.dart:403:61)
#8      Future.forEach.<anonymous closure> (dart:async/future.dart:653:26)
#9      Future.doWhile.<anonymous closure> (dart:async/future.dart:710:26)
#10     StackZoneSpecification._registerUnaryCallback.<anonymous closure>.<anonymous closure> (package:stack_trace/src/stack_zone_specification.dart:127:36)
#11     StackZoneSpecification._run (package:stack_trace/src/stack_zone_specification.dart:207:15)
#12     StackZoneSpecification._registerUnaryCallback.<anonymous closure> (package:stack_trace/src/stack_zone_specification.dart:127:24)
#13     _rootRunUnary (dart:async/zone.dart:1538:47)
#14     _CustomZone.runUnary (dart:async/zone.dart:1429:19)
#15     _CustomZone.runUnaryGuarded (dart:async/zone.dart:1329:7)
#16     _CustomZone.bindUnaryCallbackGuarded.<anonymous closure> (dart:async/zone.dart:1367:26)
#17     Future.doWhile (dart:async/future.dart:727:18)
#18     Future.forEach (dart:async/future.dart:651:12)
#19     Declarer._runSetUps (package:test_api/src/backend/declarer.dart:403:18)
#20     Declarer._runSetUps (package:test_api/src/backend/declarer.dart:401:40)
#21     Declarer.test.<anonymous closure>.<anonymous closure> (package:test_api/src/backend/declarer.dart:241:15)
#22     _rootRun (dart:async/zone.dart:1525:13)
#23     _CustomZone.run (dart:async/zone.dart:1422:19)
#24     _runZoned (dart:async/zone.dart:2034:6)
#25     runZoned (dart:async/zone.dart:1960:10)
#26     Declarer.test.<anonymous closure> (package:test_api/src/backend/declarer.dart:240:13)
#27     Invoker._waitForOutstandingCallbacks.<anonymous closure> (package:test_api/src/backend/invoker.dart:282:17)
#28     _rootRun (dart:async/zone.dart:1525:13)
#29     _CustomZone.run (dart:async/zone.dart:1422:19)
#30     _runZoned (dart:async/zone.dart:2034:6)
#31     runZoned (dart:async/zone.dart:1960:10)
#32     Invoker._waitForOutstandingCallbacks (package:test_api/src/backend/invoker.dart:278:5)
#33     Invoker._onRun.<anonymous closure>.<anonymous closure>.<anonymous closure> (package:test_api/src/backend/invoker.dart:418:17)
<asynchronous suspension>
This warning will only appear on debug builds.
┌───────────────────────────────────────────────────────────────────────────────────────────────────────────────────────
│ {id: 999}
├┄┄┄┄┄┄┄┄┄┄┄┄┄┄┄┄┄┄┄┄┄┄┄┄┄┄┄┄┄┄┄┄┄┄┄┄┄┄┄┄┄┄┄┄┄┄┄┄┄┄┄┄┄┄┄┄┄┄┄┄┄┄┄┄┄┄┄┄┄┄┄┄┄┄┄┄┄┄┄┄┄┄┄┄┄┄┄┄┄┄┄┄┄┄┄┄┄┄┄┄┄┄┄┄┄┄┄┄┄┄┄┄┄┄┄┄┄┄┄
│ #0   AppLogger.database (package:filler/core/logging.dart:49:13)
│ #1   CanvasRepository.getById (package:filler/domain/repositories.dart:49:15)
│ #2   main.<anonymous closure>.<anonymous closure> (file:///Users/mr42/code/flutter/tmp/filler/test/domain/repositories_test.dart:88:39)
│ #3   Declarer.test.<anonymous closure>.<anonymous closure> (package:test_api/src/backend/declarer.dart:242:19)
│ #4   <asynchronous suspension>
│ #5   Declarer.test.<anonymous closure> (package:test_api/src/backend/declarer.dart:240:7)
│ #6   <asynchronous suspension>
│ #7   Invoker._waitForOutstandingCallbacks.<anonymous closure> (package:test_api/src/backend/invoker.dart:282:9)
├┄┄┄┄┄┄┄┄┄┄┄┄┄┄┄┄┄┄┄┄┄┄┄┄┄┄┄┄┄┄┄┄┄┄┄┄┄┄┄┄┄┄┄┄┄┄┄┄┄┄┄┄┄┄┄┄┄┄┄┄┄┄┄┄┄┄┄┄┄┄┄┄┄┄┄┄┄┄┄┄┄┄┄┄┄┄┄┄┄┄┄┄┄┄┄┄┄┄┄┄┄┄┄┄┄┄┄┄┄┄┄┄┄┄┄┄┄┄┄
│ 07:38:50.749 (+0:00:00.127268)
├┄┄┄┄┄┄┄┄┄┄┄┄┄┄┄┄┄┄┄┄┄┄┄┄┄┄┄┄┄┄┄┄┄┄┄┄┄┄┄┄┄┄┄┄┄┄┄┄┄┄┄┄┄┄┄┄┄┄┄┄┄┄┄┄┄┄┄┄┄┄┄┄┄┄┄┄┄┄┄┄┄┄┄┄┄┄┄┄┄┄┄┄┄┄┄┄┄┄┄┄┄┄┄┄┄┄┄┄┄┄┄┄┄┄┄┄┄┄┄
│ 🐛 💾 Database: Fetching canvas by ID
└───────────────────────────────────────────────────────────────────────────────────────────────────────────────────────
┌───────────────────────────────────────────────────────────────────────────────────────────────────────────────────────
│ #0   AppLogger.database (package:filler/core/logging.dart:49:13)
│ #1   createTestDatabaseConnection.<anonymous closure> (package:filler/data/database_connection.dart:22:15)
├┄┄┄┄┄┄┄┄┄┄┄┄┄┄┄┄┄┄┄┄┄┄┄┄┄┄┄┄┄┄┄┄┄┄┄┄┄┄┄┄┄┄┄┄┄┄┄┄┄┄┄┄┄┄┄┄┄┄┄┄┄┄┄┄┄┄┄┄┄┄┄┄┄┄┄┄┄┄┄┄┄┄┄┄┄┄┄┄┄┄┄┄┄┄┄┄┄┄┄┄┄┄┄┄┄┄┄┄┄┄┄┄┄┄┄┄┄┄┄
│ 07:38:50.750 (+0:00:00.128610)
├┄┄┄┄┄┄┄┄┄┄┄┄┄┄┄┄┄┄┄┄┄┄┄┄┄┄┄┄┄┄┄┄┄┄┄┄┄┄┄┄┄┄┄┄┄┄┄┄┄┄┄┄┄┄┄┄┄┄┄┄┄┄┄┄┄┄┄┄┄┄┄┄┄┄┄┄┄┄┄┄┄┄┄┄┄┄┄┄┄┄┄┄┄┄┄┄┄┄┄┄┄┄┄┄┄┄┄┄┄┄┄┄┄┄┄┄┄┄┄
│ 🐛 💾 Database: Test AppDatabase instance created (in-memory)
└───────────────────────────────────────────────────────────────────────────────────────────────────────────────────────
┌───────────────────────────────────────────────────────────────────────────────────────────────────────────────────────
│ {version: 4, wasCreated: true, hadUpgrade: false}
├┄┄┄┄┄┄┄┄┄┄┄┄┄┄┄┄┄┄┄┄┄┄┄┄┄┄┄┄┄┄┄┄┄┄┄┄┄┄┄┄┄┄┄┄┄┄┄┄┄┄┄┄┄┄┄┄┄┄┄┄┄┄┄┄┄┄┄┄┄┄┄┄┄┄┄┄┄┄┄┄┄┄┄┄┄┄┄┄┄┄┄┄┄┄┄┄┄┄┄┄┄┄┄┄┄┄┄┄┄┄┄┄┄┄┄┄┄┄┄
│ #0   AppLogger.database (package:filler/core/logging.dart:49:13)
│ #1   AppDatabase.migration.<anonymous closure> (package:filler/data/database.dart:211:17)
│ #2   GeneratedDatabase.beforeOpen.<anonymous closure> (package:drift/src/runtime/api/db_base.dart:137:44)
│ #3   <asynchronous suspension>
│ #4   DelegatedDatabase._runMigrations (package:drift/src/runtime/executor/helpers/engines.dart:512:5)
│ #5   <asynchronous suspension>
│ #6   DelegatedDatabase.ensureOpen.<anonymous closure> (package:drift/src/runtime/executor/helpers/engines.dart:476:9)
│ #7   <asynchronous suspension>
├┄┄┄┄┄┄┄┄┄┄┄┄┄┄┄┄┄┄┄┄┄┄┄┄┄┄┄┄┄┄┄┄┄┄┄┄┄┄┄┄┄┄┄┄┄┄┄┄┄┄┄┄┄┄┄┄┄┄┄┄┄┄┄┄┄┄┄┄┄┄┄┄┄┄┄┄┄┄┄┄┄┄┄┄┄┄┄┄┄┄┄┄┄┄┄┄┄┄┄┄┄┄┄┄┄┄┄┄┄┄┄┄┄┄┄┄┄┄┄
│ 07:38:50.752 (+0:00:00.130052)
├┄┄┄┄┄┄┄┄┄┄┄┄┄┄┄┄┄┄┄┄┄┄┄┄┄┄┄┄┄┄┄┄┄┄┄┄┄┄┄┄┄┄┄┄┄┄┄┄┄┄┄┄┄┄┄┄┄┄┄┄┄┄┄┄┄┄┄┄┄┄┄┄┄┄┄┄┄┄┄┄┄┄┄┄┄┄┄┄┄┄┄┄┄┄┄┄┄┄┄┄┄┄┄┄┄┄┄┄┄┄┄┄┄┄┄┄┄┄┄
│ 🐛 💾 Database: Database opened
└───────────────────────────────────────────────────────────────────────────────────────────────────────────────────────
┌───────────────────────────────────────────────────────────────────────────────────────────────────────────────────────
│ {id: 999, found: false, title: null}
├┄┄┄┄┄┄┄┄┄┄┄┄┄┄┄┄┄┄┄┄┄┄┄┄┄┄┄┄┄┄┄┄┄┄┄┄┄┄┄┄┄┄┄┄┄┄┄┄┄┄┄┄┄┄┄┄┄┄┄┄┄┄┄┄┄┄┄┄┄┄┄┄┄┄┄┄┄┄┄┄┄┄┄┄┄┄┄┄┄┄┄┄┄┄┄┄┄┄┄┄┄┄┄┄┄┄┄┄┄┄┄┄┄┄┄┄┄┄┄
│ #0   AppLogger.database (package:filler/core/logging.dart:49:13)
│ #1   CanvasRepository.getById (package:filler/domain/repositories.dart:52:17)
│ #2   <asynchronous suspension>
│ #3   main.<anonymous closure>.<anonymous closure> (file:///Users/mr42/code/flutter/tmp/filler/test/domain/repositories_test.dart:88:22)
│ #4   <asynchronous suspension>
│ #5   Declarer.test.<anonymous closure>.<anonymous closure> (package:test_api/src/backend/declarer.dart:242:9)
│ #6   <asynchronous suspension>
│ #7   Declarer.test.<anonymous closure> (package:test_api/src/backend/declarer.dart:240:7)
├┄┄┄┄┄┄┄┄┄┄┄┄┄┄┄┄┄┄┄┄┄┄┄┄┄┄┄┄┄┄┄┄┄┄┄┄┄┄┄┄┄┄┄┄┄┄┄┄┄┄┄┄┄┄┄┄┄┄┄┄┄┄┄┄┄┄┄┄┄┄┄┄┄┄┄┄┄┄┄┄┄┄┄┄┄┄┄┄┄┄┄┄┄┄┄┄┄┄┄┄┄┄┄┄┄┄┄┄┄┄┄┄┄┄┄┄┄┄┄
│ 07:38:50.753 (+0:00:00.131730)
├┄┄┄┄┄┄┄┄┄┄┄┄┄┄┄┄┄┄┄┄┄┄┄┄┄┄┄┄┄┄┄┄┄┄┄┄┄┄┄┄┄┄┄┄┄┄┄┄┄┄┄┄┄┄┄┄┄┄┄┄┄┄┄┄┄┄┄┄┄┄┄┄┄┄┄┄┄┄┄┄┄┄┄┄┄┄┄┄┄┄┄┄┄┄┄┄┄┄┄┄┄┄┄┄┄┄┄┄┄┄┄┄┄┄┄┄┄┄┄
│ 🐛 💾 Database: Canvas fetch result
└───────────────────────────────────────────────────────────────────────────────────────────────────────────────────────
┌───────────────────────────────────────────────────────────────────────────────────────────────────────────────────────
│ #0   TestHelpers.cleanup (file:///Users/mr42/code/flutter/tmp/filler/test/helpers/test_helpers.dart:152:24)
│ #1   main.<anonymous closure> (file:///Users/mr42/code/flutter/tmp/filler/test/domain/repositories_test.dart:21:23)
├┄┄┄┄┄┄┄┄┄┄┄┄┄┄┄┄┄┄┄┄┄┄┄┄┄┄┄┄┄┄┄┄┄┄┄┄┄┄┄┄┄┄┄┄┄┄┄┄┄┄┄┄┄┄┄┄┄┄┄┄┄┄┄┄┄┄┄┄┄┄┄┄┄┄┄┄┄┄┄┄┄┄┄┄┄┄┄┄┄┄┄┄┄┄┄┄┄┄┄┄┄┄┄┄┄┄┄┄┄┄┄┄┄┄┄┄┄┄┄
│ 07:38:50.755 (+0:00:00.133125)
├┄┄┄┄┄┄┄┄┄┄┄┄┄┄┄┄┄┄┄┄┄┄┄┄┄┄┄┄┄┄┄┄┄┄┄┄┄┄┄┄┄┄┄┄┄┄┄┄┄┄┄┄┄┄┄┄┄┄┄┄┄┄┄┄┄┄┄┄┄┄┄┄┄┄┄┄┄┄┄┄┄┄┄┄┄┄┄┄┄┄┄┄┄┄┄┄┄┄┄┄┄┄┄┄┄┄┄┄┄┄┄┄┄┄┄┄┄┄┄
│ 🐛 🧹 Cleaning up test environment
└───────────────────────────────────────────────────────────────────────────────────────────────────────────────────────
┌───────────────────────────────────────────────────────────────────────────────────────────────────────────────────────
│ #0   TestHelpers.cleanup (file:///Users/mr42/code/flutter/tmp/filler/test/helpers/test_helpers.dart:166:26)
│ #1   main.<anonymous closure> (file:///Users/mr42/code/flutter/tmp/filler/test/domain/repositories_test.dart:21:23)
├┄┄┄┄┄┄┄┄┄┄┄┄┄┄┄┄┄┄┄┄┄┄┄┄┄┄┄┄┄┄┄┄┄┄┄┄┄┄┄┄┄┄┄┄┄┄┄┄┄┄┄┄┄┄┄┄┄┄┄┄┄┄┄┄┄┄┄┄┄┄┄┄┄┄┄┄┄┄┄┄┄┄┄┄┄┄┄┄┄┄┄┄┄┄┄┄┄┄┄┄┄┄┄┄┄┄┄┄┄┄┄┄┄┄┄┄┄┄┄
│ 07:38:50.758 (+0:00:00.136705)
├┄┄┄┄┄┄┄┄┄┄┄┄┄┄┄┄┄┄┄┄┄┄┄┄┄┄┄┄┄┄┄┄┄┄┄┄┄┄┄┄┄┄┄┄┄┄┄┄┄┄┄┄┄┄┄┄┄┄┄┄┄┄┄┄┄┄┄┄┄┄┄┄┄┄┄┄┄┄┄┄┄┄┄┄┄┄┄┄┄┄┄┄┄┄┄┄┄┄┄┄┄┄┄┄┄┄┄┄┄┄┄┄┄┄┄┄┄┄┄
│ 🐛 ✅ Test cleanup completed
└───────────────────────────────────────────────────────────────────────────────────────────────────────────────────────

00:04 +59 -2: /Users/mr42/code/flutter/tmp/filler/test/integration/page_state_transitions_test.dart: BLoC State Transitions - All Pages Preferences BLoC - Update State Transitions                    
00:04 +59 -2: /Users/mr42/code/flutter/tmp/filler/test/domain/repositories_test.dart: PreferencesRepository should return default preferences when none exist                                          
┌───────────────────────────────────────────────────────────────────────────────────────────────────────────────────────
│ #0   TestHelpers.createTestDatabase (file:///Users/mr42/code/flutter/tmp/filler/test/helpers/test_helpers.dart:30:24)
│ #1   main.<anonymous closure> (file:///Users/mr42/code/flutter/tmp/filler/test/domain/repositories_test.dart:15:28)
├┄┄┄┄┄┄┄┄┄┄┄┄┄┄┄┄┄┄┄┄┄┄┄┄┄┄┄┄┄┄┄┄┄┄┄┄┄┄┄┄┄┄┄┄┄┄┄┄┄┄┄┄┄┄┄┄┄┄┄┄┄┄┄┄┄┄┄┄┄┄┄┄┄┄┄┄┄┄┄┄┄┄┄┄┄┄┄┄┄┄┄┄┄┄┄┄┄┄┄┄┄┄┄┄┄┄┄┄┄┄┄┄┄┄┄┄┄┄┄
│ 07:38:50.760 (+0:00:00.138486)
├┄┄┄┄┄┄┄┄┄┄┄┄┄┄┄┄┄┄┄┄┄┄┄┄┄┄┄┄┄┄┄┄┄┄┄┄┄┄┄┄┄┄┄┄┄┄┄┄┄┄┄┄┄┄┄┄┄┄┄┄┄┄┄┄┄┄┄┄┄┄┄┄┄┄┄┄┄┄┄┄┄┄┄┄┄┄┄┄┄┄┄┄┄┄┄┄┄┄┄┄┄┄┄┄┄┄┄┄┄┄┄┄┄┄┄┄┄┄┄
│ 🐛 🗄️ Creating test database
└───────────────────────────────────────────────────────────────────────────────────────────────────────────────────────
WARNING (drift): It looks like you've created the database class AppDatabase multiple times. When these two databases use the same QueryExecutor, race conditions will occur and might corrupt the database. 
Try to follow the advice at https://drift.simonbinder.eu/faq/#using-the-database or, if you know what you're doing, set driftRuntimeOptions.dontWarnAboutMultipleDatabases = true
Here is the stacktrace from when the database was opened a second time:
#0      GeneratedDatabase._handleInstantiated (package:drift/src/runtime/api/db_base.dart:96:30)
#1      GeneratedDatabase._whenConstructed (package:drift/src/runtime/api/db_base.dart:73:12)
#2      new GeneratedDatabase (package:drift/src/runtime/api/db_base.dart:64:5)
#3      new _$AppDatabase (package:filler/data/database.g.dart:991:36)
#4      new AppDatabase.test (package:filler/data/database.dart:90:24)
#5      TestHelpers.createTestDatabase (file:///Users/mr42/code/flutter/tmp/filler/test/helpers/test_helpers.dart:31:24)
#6      main.<anonymous closure> (file:///Users/mr42/code/flutter/tmp/filler/test/domain/repositories_test.dart:15:28)
#7      Declarer._runSetUps.<anonymous closure> (package:test_api/src/backend/declarer.dart:403:61)
#8      Future.forEach.<anonymous closure> (dart:async/future.dart:653:26)
#9      Future.doWhile.<anonymous closure> (dart:async/future.dart:710:26)
#10     StackZoneSpecification._registerUnaryCallback.<anonymous closure>.<anonymous closure> (package:stack_trace/src/stack_zone_specification.dart:127:36)
#11     StackZoneSpecification._run (package:stack_trace/src/stack_zone_specification.dart:207:15)
#12     StackZoneSpecification._registerUnaryCallback.<anonymous closure> (package:stack_trace/src/stack_zone_specification.dart:127:24)
#13     _rootRunUnary (dart:async/zone.dart:1538:47)
#14     _CustomZone.runUnary (dart:async/zone.dart:1429:19)
#15     _CustomZone.runUnaryGuarded (dart:async/zone.dart:1329:7)
#16     _CustomZone.bindUnaryCallbackGuarded.<anonymous closure> (dart:async/zone.dart:1367:26)
#17     Future.doWhile (dart:async/future.dart:727:18)
#18     Future.forEach (dart:async/future.dart:651:12)
#19     Declarer._runSetUps (package:test_api/src/backend/declarer.dart:403:18)
#20     Declarer._runSetUps (package:test_api/src/backend/declarer.dart:401:40)
#21     Declarer.test.<anonymous closure>.<anonymous closure> (package:test_api/src/backend/declarer.dart:241:15)
#22     _rootRun (dart:async/zone.dart:1525:13)
#23     _CustomZone.run (dart:async/zone.dart:1422:19)
#24     _runZoned (dart:async/zone.dart:2034:6)
#25     runZoned (dart:async/zone.dart:1960:10)
#26     Declarer.test.<anonymous closure> (package:test_api/src/backend/declarer.dart:240:13)
#27     Invoker._waitForOutstandingCallbacks.<anonymous closure> (package:test_api/src/backend/invoker.dart:282:17)
#28     _rootRun (dart:async/zone.dart:1525:13)
#29     _CustomZone.run (dart:async/zone.dart:1422:19)
#30     _runZoned (dart:async/zone.dart:2034:6)
#31     runZoned (dart:async/zone.dart:1960:10)
#32     Invoker._waitForOutstandingCallbacks (package:test_api/src/backend/invoker.dart:278:5)
#33     Invoker._onRun.<anonymous closure>.<anonymous closure>.<anonymous closure> (package:test_api/src/backend/invoker.dart:418:17)
<asynchronous suspension>
This warning will only appear on debug builds.
┌───────────────────────────────────────────────────────────────────────────────────────────────────────────────────────
│ #0   AppLogger.preferences (package:filler/core/logging.dart:64:13)
│ #1   PreferencesRepository.get (package:filler/domain/repositories.dart:423:15)
├┄┄┄┄┄┄┄┄┄┄┄┄┄┄┄┄┄┄┄┄┄┄┄┄┄┄┄┄┄┄┄┄┄┄┄┄┄┄┄┄┄┄┄┄┄┄┄┄┄┄┄┄┄┄┄┄┄┄┄┄┄┄┄┄┄┄┄┄┄┄┄┄┄┄┄┄┄┄┄┄┄┄┄┄┄┄┄┄┄┄┄┄┄┄┄┄┄┄┄┄┄┄┄┄┄┄┄┄┄┄┄┄┄┄┄┄┄┄┄
│ 07:38:50.764 (+0:00:00.142652)
├┄┄┄┄┄┄┄┄┄┄┄┄┄┄┄┄┄┄┄┄┄┄┄┄┄┄┄┄┄┄┄┄┄┄┄┄┄┄┄┄┄┄┄┄┄┄┄┄┄┄┄┄┄┄┄┄┄┄┄┄┄┄┄┄┄┄┄┄┄┄┄┄┄┄┄┄┄┄┄┄┄┄┄┄┄┄┄┄┄┄┄┄┄┄┄┄┄┄┄┄┄┄┄┄┄┄┄┄┄┄┄┄┄┄┄┄┄┄┄
│ 🐛 ⚙️ Preferences: Fetching preferences from key-value store
└───────────────────────────────────────────────────────────────────────────────────────────────────────────────────────
┌───────────────────────────────────────────────────────────────────────────────────────────────────────────────────────
│ #0   AppLogger.database (package:filler/core/logging.dart:49:13)
│ #1   AppDatabase.getAllPreferences (package:filler/data/database.dart:354:15)
├┄┄┄┄┄┄┄┄┄┄┄┄┄┄┄┄┄┄┄┄┄┄┄┄┄┄┄┄┄┄┄┄┄┄┄┄┄┄┄┄┄┄┄┄┄┄┄┄┄┄┄┄┄┄┄┄┄┄┄┄┄┄┄┄┄┄┄┄┄┄┄┄┄┄┄┄┄┄┄┄┄┄┄┄┄┄┄┄┄┄┄┄┄┄┄┄┄┄┄┄┄┄┄┄┄┄┄┄┄┄┄┄┄┄┄┄┄┄┄
│ 07:38:50.765 (+0:00:00.143480)
├┄┄┄┄┄┄┄┄┄┄┄┄┄┄┄┄┄┄┄┄┄┄┄┄┄┄┄┄┄┄┄┄┄┄┄┄┄┄┄┄┄┄┄┄┄┄┄┄┄┄┄┄┄┄┄┄┄┄┄┄┄┄┄┄┄┄┄┄┄┄┄┄┄┄┄┄┄┄┄┄┄┄┄┄┄┄┄┄┄┄┄┄┄┄┄┄┄┄┄┄┄┄┄┄┄┄┄┄┄┄┄┄┄┄┄┄┄┄┄
│ 🐛 💾 Database: Fetching all preferences
└───────────────────────────────────────────────────────────────────────────────────────────────────────────────────────
┌───────────────────────────────────────────────────────────────────────────────────────────────────────────────────────
│ #0   AppLogger.database (package:filler/core/logging.dart:49:13)
│ #1   createTestDatabaseConnection.<anonymous closure> (package:filler/data/database_connection.dart:22:15)
├┄┄┄┄┄┄┄┄┄┄┄┄┄┄┄┄┄┄┄┄┄┄┄┄┄┄┄┄┄┄┄┄┄┄┄┄┄┄┄┄┄┄┄┄┄┄┄┄┄┄┄┄┄┄┄┄┄┄┄┄┄┄┄┄┄┄┄┄┄┄┄┄┄┄┄┄┄┄┄┄┄┄┄┄┄┄┄┄┄┄┄┄┄┄┄┄┄┄┄┄┄┄┄┄┄┄┄┄┄┄┄┄┄┄┄┄┄┄┄
│ 07:38:50.766 (+0:00:00.144225)
├┄┄┄┄┄┄┄┄┄┄┄┄┄┄┄┄┄┄┄┄┄┄┄┄┄┄┄┄┄┄┄┄┄┄┄┄┄┄┄┄┄┄┄┄┄┄┄┄┄┄┄┄┄┄┄┄┄┄┄┄┄┄┄┄┄┄┄┄┄┄┄┄┄┄┄┄┄┄┄┄┄┄┄┄┄┄┄┄┄┄┄┄┄┄┄┄┄┄┄┄┄┄┄┄┄┄┄┄┄┄┄┄┄┄┄┄┄┄┄
│ 🐛 💾 Database: Test AppDatabase instance created (in-memory)
└───────────────────────────────────────────────────────────────────────────────────────────────────────────────────────
┌───────────────────────────────────────────────────────────────────────────────────────────────────────────────────────
│ {version: 4, wasCreated: true, hadUpgrade: false}
├┄┄┄┄┄┄┄┄┄┄┄┄┄┄┄┄┄┄┄┄┄┄┄┄┄┄┄┄┄┄┄┄┄┄┄┄┄┄┄┄┄┄┄┄┄┄┄┄┄┄┄┄┄┄┄┄┄┄┄┄┄┄┄┄┄┄┄┄┄┄┄┄┄┄┄┄┄┄┄┄┄┄┄┄┄┄┄┄┄┄┄┄┄┄┄┄┄┄┄┄┄┄┄┄┄┄┄┄┄┄┄┄┄┄┄┄┄┄┄
│ #0   AppLogger.database (package:filler/core/logging.dart:49:13)
│ #1   AppDatabase.migration.<anonymous closure> (package:filler/data/database.dart:211:17)
│ #2   GeneratedDatabase.beforeOpen.<anonymous closure> (package:drift/src/runtime/api/db_base.dart:137:44)
│ #3   <asynchronous suspension>
│ #4   DelegatedDatabase._runMigrations (package:drift/src/runtime/executor/helpers/engines.dart:512:5)
│ #5   <asynchronous suspension>
│ #6   DelegatedDatabase.ensureOpen.<anonymous closure> (package:drift/src/runtime/executor/helpers/engines.dart:476:9)
│ #7   <asynchronous suspension>
├┄┄┄┄┄┄┄┄┄┄┄┄┄┄┄┄┄┄┄┄┄┄┄┄┄┄┄┄┄┄┄┄┄┄┄┄┄┄┄┄┄┄┄┄┄┄┄┄┄┄┄┄┄┄┄┄┄┄┄┄┄┄┄┄┄┄┄┄┄┄┄┄┄┄┄┄┄┄┄┄┄┄┄┄┄┄┄┄┄┄┄┄┄┄┄┄┄┄┄┄┄┄┄┄┄┄┄┄┄┄┄┄┄┄┄┄┄┄┄
│ 07:38:50.767 (+0:00:00.145568)
├┄┄┄┄┄┄┄┄┄┄┄┄┄┄┄┄┄┄┄┄┄┄┄┄┄┄┄┄┄┄┄┄┄┄┄┄┄┄┄┄┄┄┄┄┄┄┄┄┄┄┄┄┄┄┄┄┄┄┄┄┄┄┄┄┄┄┄┄┄┄┄┄┄┄┄┄┄┄┄┄┄┄┄┄┄┄┄┄┄┄┄┄┄┄┄┄┄┄┄┄┄┄┄┄┄┄┄┄┄┄┄┄┄┄┄┄┄┄┄
│ 🐛 💾 Database: Database opened
└───────────────────────────────────────────────────────────────────────────────────────────────────────────────────────
┌───────────────────────────────────────────────────────────────────────────────────────────────────────────────────────
│ {count: 0, keys: []}
├┄┄┄┄┄┄┄┄┄┄┄┄┄┄┄┄┄┄┄┄┄┄┄┄┄┄┄┄┄┄┄┄┄┄┄┄┄┄┄┄┄┄┄┄┄┄┄┄┄┄┄┄┄┄┄┄┄┄┄┄┄┄┄┄┄┄┄┄┄┄┄┄┄┄┄┄┄┄┄┄┄┄┄┄┄┄┄┄┄┄┄┄┄┄┄┄┄┄┄┄┄┄┄┄┄┄┄┄┄┄┄┄┄┄┄┄┄┄┄
│ #0   AppLogger.database (package:filler/core/logging.dart:49:13)
│ #1   AppDatabase.getAllPreferences (package:filler/data/database.dart:364:17)
│ #2   <asynchronous suspension>
│ #3   PreferencesRepository.get (package:filler/domain/repositories.dart:427:24)
│ #4   <asynchronous suspension>
│ #5   main.<anonymous closure>.<anonymous closure> (file:///Users/mr42/code/flutter/tmp/filler/test/domain/repositories_test.dart:95:27)
│ #6   <asynchronous suspension>
│ #7   Declarer.test.<anonymous closure>.<anonymous closure> (package:test_api/src/backend/declarer.dart:242:9)
├┄┄┄┄┄┄┄┄┄┄┄┄┄┄┄┄┄┄┄┄┄┄┄┄┄┄┄┄┄┄┄┄┄┄┄┄┄┄┄┄┄┄┄┄┄┄┄┄┄┄┄┄┄┄┄┄┄┄┄┄┄┄┄┄┄┄┄┄┄┄┄┄┄┄┄┄┄┄┄┄┄┄┄┄┄┄┄┄┄┄┄┄┄┄┄┄┄┄┄┄┄┄┄┄┄┄┄┄┄┄┄┄┄┄┄┄┄┄┄
│ 07:38:50.769 (+0:00:00.147492)
├┄┄┄┄┄┄┄┄┄┄┄┄┄┄┄┄┄┄┄┄┄┄┄┄┄┄┄┄┄┄┄┄┄┄┄┄┄┄┄┄┄┄┄┄┄┄┄┄┄┄┄┄┄┄┄┄┄┄┄┄┄┄┄┄┄┄┄┄┄┄┄┄┄┄┄┄┄┄┄┄┄┄┄┄┄┄┄┄┄┄┄┄┄┄┄┄┄┄┄┄┄┄┄┄┄┄┄┄┄┄┄┄┄┄┄┄┄┄┄
│ 🐛 💾 Database: Retrieved all preferences
└───────────────────────────────────────────────────────────────────────────────────────────────────────────────────────
┌───────────────────────────────────────────────────────────────────────────────────────────────────────────────────────
│ {key: width, defaultValue: 10}
├┄┄┄┄┄┄┄┄┄┄┄┄┄┄┄┄┄┄┄┄┄┄┄┄┄┄┄┄┄┄┄┄┄┄┄┄┄┄┄┄┄┄┄┄┄┄┄┄┄┄┄┄┄┄┄┄┄┄┄┄┄┄┄┄┄┄┄┄┄┄┄┄┄┄┄┄┄┄┄┄┄┄┄┄┄┄┄┄┄┄┄┄┄┄┄┄┄┄┄┄┄┄┄┄┄┄┄┄┄┄┄┄┄┄┄┄┄┄┄
│ #0   AppLogger.preferences (package:filler/core/logging.dart:64:13)
│ #1   PreferencesRepository._getIntValue (package:filler/domain/repositories.dart:493:17)
│ #2   PreferencesRepository.get (package:filler/domain/repositories.dart:431:21)
│ #3   <asynchronous suspension>
│ #4   main.<anonymous closure>.<anonymous closure> (file:///Users/mr42/code/flutter/tmp/filler/test/domain/repositories_test.dart:95:27)
│ #5   <asynchronous suspension>
│ #6   Declarer.test.<anonymous closure>.<anonymous closure> (package:test_api/src/backend/declarer.dart:242:9)
│ #7   <asynchronous suspension>
├┄┄┄┄┄┄┄┄┄┄┄┄┄┄┄┄┄┄┄┄┄┄┄┄┄┄┄┄┄┄┄┄┄┄┄┄┄┄┄┄┄┄┄┄┄┄┄┄┄┄┄┄┄┄┄┄┄┄┄┄┄┄┄┄┄┄┄┄┄┄┄┄┄┄┄┄┄┄┄┄┄┄┄┄┄┄┄┄┄┄┄┄┄┄┄┄┄┄┄┄┄┄┄┄┄┄┄┄┄┄┄┄┄┄┄┄┄┄┄
│ 07:38:50.771 (+0:00:00.148985)
├┄┄┄┄┄┄┄┄┄┄┄┄┄┄┄┄┄┄┄┄┄┄┄┄┄┄┄┄┄┄┄┄┄┄┄┄┄┄┄┄┄┄┄┄┄┄┄┄┄┄┄┄┄┄┄┄┄┄┄┄┄┄┄┄┄┄┄┄┄┄┄┄┄┄┄┄┄┄┄┄┄┄┄┄┄┄┄┄┄┄┄┄┄┄┄┄┄┄┄┄┄┄┄┄┄┄┄┄┄┄┄┄┄┄┄┄┄┄┄
│ 🐛 ⚙️ Preferences: Using default for missing key
└───────────────────────────────────────────────────────────────────────────────────────────────────────────────────────
┌───────────────────────────────────────────────────────────────────────────────────────────────────────────────────────
│ {key: height, defaultValue: 10}
├┄┄┄┄┄┄┄┄┄┄┄┄┄┄┄┄┄┄┄┄┄┄┄┄┄┄┄┄┄┄┄┄┄┄┄┄┄┄┄┄┄┄┄┄┄┄┄┄┄┄┄┄┄┄┄┄┄┄┄┄┄┄┄┄┄┄┄┄┄┄┄┄┄┄┄┄┄┄┄┄┄┄┄┄┄┄┄┄┄┄┄┄┄┄┄┄┄┄┄┄┄┄┄┄┄┄┄┄┄┄┄┄┄┄┄┄┄┄┄
│ #0   AppLogger.preferences (package:filler/core/logging.dart:64:13)
│ #1   PreferencesRepository._getIntValue (package:filler/domain/repositories.dart:493:17)
│ #2   PreferencesRepository.get (package:filler/domain/repositories.dart:432:22)
│ #3   <asynchronous suspension>
│ #4   main.<anonymous closure>.<anonymous closure> (file:///Users/mr42/code/flutter/tmp/filler/test/domain/repositories_test.dart:95:27)
│ #5   <asynchronous suspension>
│ #6   Declarer.test.<anonymous closure>.<anonymous closure> (package:test_api/src/backend/declarer.dart:242:9)
│ #7   <asynchronous suspension>
├┄┄┄┄┄┄┄┄┄┄┄┄┄┄┄┄┄┄┄┄┄┄┄┄┄┄┄┄┄┄┄┄┄┄┄┄┄┄┄┄┄┄┄┄┄┄┄┄┄┄┄┄┄┄┄┄┄┄┄┄┄┄┄┄┄┄┄┄┄┄┄┄┄┄┄┄┄┄┄┄┄┄┄┄┄┄┄┄┄┄┄┄┄┄┄┄┄┄┄┄┄┄┄┄┄┄┄┄┄┄┄┄┄┄┄┄┄┄┄
│ 07:38:50.772 (+0:00:00.150294)
├┄┄┄┄┄┄┄┄┄┄┄┄┄┄┄┄┄┄┄┄┄┄┄┄┄┄┄┄┄┄┄┄┄┄┄┄┄┄┄┄┄┄┄┄┄┄┄┄┄┄┄┄┄┄┄┄┄┄┄┄┄┄┄┄┄┄┄┄┄┄┄┄┄┄┄┄┄┄┄┄┄┄┄┄┄┄┄┄┄┄┄┄┄┄┄┄┄┄┄┄┄┄┄┄┄┄┄┄┄┄┄┄┄┄┄┄┄┄┄
│ 🐛 ⚙️ Preferences: Using default for missing key
└───────────────────────────────────────────────────────────────────────────────────────────────────────────────────────

00:04 +59 -2: /Users/mr42/code/flutter/tmp/filler/test/integration/page_state_transitions_test.dart: BLoC State Transitions - All Pages Preferences BLoC - Update State Transitions                    
┌───────────────────────────────────────────────────────────────────────────────────────────────────────────────────────
│ #0   TestHelpers.cleanup (file:///Users/mr42/code/flutter/tmp/filler/test/helpers/test_helpers.dart:152:24)

00:04 +59 -2: /Users/mr42/code/flutter/tmp/filler/test/domain/repositories_test.dart: PreferencesRepository should return default preferences when none exist                                          
┌───────────────────────────────────────────────────────────────────────────────────────────────────────────────────────
│ {key: insets, defaultValue: 0}
├┄┄┄┄┄┄┄┄┄┄┄┄┄┄┄┄┄┄┄┄┄┄┄┄┄┄┄┄┄┄┄┄┄┄┄┄┄┄┄┄┄┄┄┄┄┄┄┄┄┄┄┄┄┄┄┄┄┄┄┄┄┄┄┄┄┄┄┄┄┄┄┄┄┄┄┄┄┄┄┄┄┄┄┄┄┄┄┄┄┄┄┄┄┄┄┄┄┄┄┄┄┄┄┄┄┄┄┄┄┄┄┄┄┄┄┄┄┄┄
│ #0   AppLogger.preferences (package:filler/core/logging.dart:64:13)
│ #1   PreferencesRepository._getIntValue (package:filler/domain/repositories.dart:493:17)
│ #2   PreferencesRepository.get (package:filler/domain/repositories.dart:437:22)
│ #3   <asynchronous suspension>
│ #4   main.<anonymous closure>.<anonymous closure> (file:///Users/mr42/code/flutter/tmp/filler/test/domain/repositories_test.dart:95:27)

00:04 +59 -2: /Users/mr42/code/flutter/tmp/filler/test/integration/page_state_transitions_test.dart: BLoC State Transitions - All Pages Preferences BLoC - Update State Transitions                    
│ #1   main.<anonymous closure> (file:///Users/mr42/code/flutter/tmp/filler/test/integration/page_state_transitions_test.dart:35:23)
├┄┄┄┄┄┄┄┄┄┄┄┄┄┄┄┄┄┄┄┄┄┄┄┄┄┄┄┄┄┄┄┄┄┄┄┄┄┄┄┄┄┄┄┄┄┄┄┄┄┄┄┄┄┄┄┄┄┄┄┄┄┄┄┄┄┄┄┄┄┄┄┄┄┄┄┄┄┄┄┄┄┄┄┄┄┄┄┄┄┄┄┄┄┄┄┄┄┄┄┄┄┄┄┄┄┄┄┄┄┄┄┄┄┄┄┄┄┄┄
│ 07:38:50.773 (+0:00:02.969345)
├┄┄┄┄┄┄┄┄┄┄┄┄┄┄┄┄┄┄┄┄┄┄┄┄┄┄┄┄┄┄┄┄┄┄┄┄┄┄┄┄┄┄┄┄┄┄┄┄┄┄┄┄┄┄┄┄┄┄┄┄┄┄┄┄┄┄┄┄┄┄┄┄┄┄┄┄┄┄┄┄┄┄┄┄┄┄┄┄┄┄┄┄┄┄┄┄┄┄┄┄┄┄┄┄┄┄┄┄┄┄┄┄┄┄┄┄┄┄┄
│ 🐛 🧹 Cleaning up test environment
└───────────────────────────────────────────────────────────────────────────────────────────────────────────────────────

00:04 +59 -2: /Users/mr42/code/flutter/tmp/filler/test/domain/repositories_test.dart: PreferencesRepository should return default preferences when none exist                                          
│ #5   <asynchronous suspension>
│ #6   Declarer.test.<anonymous closure>.<anonymous closure> (package:test_api/src/backend/declarer.dart:242:9)
│ #7   <asynchronous suspension>
├┄┄┄┄┄┄┄┄┄┄┄┄┄┄┄┄┄┄┄┄┄┄┄┄┄┄┄┄┄┄┄┄┄┄┄┄┄┄┄┄┄┄┄┄┄┄┄┄┄┄┄┄┄┄┄┄┄┄┄┄┄┄┄┄┄┄┄┄┄┄┄┄┄┄┄┄┄┄┄┄┄┄┄┄┄┄┄┄┄┄┄┄┄┄┄┄┄┄┄┄┄┄┄┄┄┄┄┄┄┄┄┄┄┄┄┄┄┄┄
│ 07:38:50.773 (+0:00:00.151675)
├┄┄┄┄┄┄┄┄┄┄┄┄┄┄┄┄┄┄┄┄┄┄┄┄┄┄┄┄┄┄┄┄┄┄┄┄┄┄┄┄┄┄┄┄┄┄┄┄┄┄┄┄┄┄┄┄┄┄┄┄┄┄┄┄┄┄┄┄┄┄┄┄┄┄┄┄┄┄┄┄┄┄┄┄┄┄┄┄┄┄┄┄┄┄┄┄┄┄┄┄┄┄┄┄┄┄┄┄┄┄┄┄┄┄┄┄┄┄┄
│ 🐛 ⚙️ Preferences: Using default for missing key
└───────────────────────────────────────────────────────────────────────────────────────────────────────────────────────
┌───────────────────────────────────────────────────────────────────────────────────────────────────────────────────────
│ {key: defaultPattern, defaultValue: 1}
├┄┄┄┄┄┄┄┄┄┄┄┄┄┄┄┄┄┄┄┄┄┄┄┄┄┄┄┄┄┄┄┄┄┄┄┄┄┄┄┄┄┄┄┄┄┄┄┄┄┄┄┄┄┄┄┄┄┄┄┄┄┄┄┄┄┄┄┄┄┄┄┄┄┄┄┄┄┄┄┄┄┄┄┄┄┄┄┄┄┄┄┄┄┄┄┄┄┄┄┄┄┄┄┄┄┄┄┄┄┄┄┄┄┄┄┄┄┄┄
│ #0   AppLogger.preferences (package:filler/core/logging.dart:64:13)
│ #1   PreferencesRepository._getIntValue (package:filler/domain/repositories.dart:493:17)
│ #2   PreferencesRepository.get (package:filler/domain/repositories.dart:442:30)
│ #3   <asynchronous suspension>
│ #4   main.<anonymous closure>.<anonymous closure> (file:///Users/mr42/code/flutter/tmp/filler/test/domain/repositories_test.dart:95:27)
│ #5   <asynchronous suspension>
│ #6   Declarer.test.<anonymous closure>.<anonymous closure> (package:test_api/src/backend/declarer.dart:242:9)
│ #7   <asynchronous suspension>
├┄┄┄┄┄┄┄┄┄┄┄┄┄┄┄┄┄┄┄┄┄┄┄┄┄┄┄┄┄┄┄┄┄┄┄┄┄┄┄┄┄┄┄┄┄┄┄┄┄┄┄┄┄┄┄┄┄┄┄┄┄┄┄┄┄┄┄┄┄┄┄┄┄┄┄┄┄┄┄┄┄┄┄┄┄┄┄┄┄┄┄┄┄┄┄┄┄┄┄┄┄┄┄┄┄┄┄┄┄┄┄┄┄┄┄┄┄┄┄
│ 07:38:50.775 (+0:00:00.153001)
├┄┄┄┄┄┄┄┄┄┄┄┄┄┄┄┄┄┄┄┄┄┄┄┄┄┄┄┄┄┄┄┄┄┄┄┄┄┄┄┄┄┄┄┄┄┄┄┄┄┄┄┄┄┄┄┄┄┄┄┄┄┄┄┄┄┄┄┄┄┄┄┄┄┄┄┄┄┄┄┄┄┄┄┄┄┄┄┄┄┄┄┄┄┄┄┄┄┄┄┄┄┄┄┄┄┄┄┄┄┄┄┄┄┄┄┄┄┄┄
│ 🐛 ⚙️ Preferences: Using default for missing key
└───────────────────────────────────────────────────────────────────────────────────────────────────────────────────────

00:04 +59 -2: /Users/mr42/code/flutter/tmp/filler/test/integration/page_state_transitions_test.dart: BLoC State Transitions - All Pages Preferences BLoC - Update State Transitions                    
┌───────────────────────────────────────────────────────────────────────────────────────────────────────────────────────

00:04 +59 -2: /Users/mr42/code/flutter/tmp/filler/test/domain/repositories_test.dart: PreferencesRepository should return default preferences when none exist                                          
┌───────────────────────────────────────────────────────────────────────────────────────────────────────────────────────

00:04 +59 -2: /Users/mr42/code/flutter/tmp/filler/test/integration/page_state_transitions_test.dart: BLoC State Transitions - All Pages Preferences BLoC - Update State Transitions                    
│ #0   TestHelpers.cleanup (file:///Users/mr42/code/flutter/tmp/filler/test/helpers/test_helpers.dart:166:26)

00:04 +59 -2: /Users/mr42/code/flutter/tmp/filler/test/domain/repositories_test.dart: PreferencesRepository should return default preferences when none exist                                          
│ {key: themeMode, defaultValue: 2}

00:04 +59 -2: /Users/mr42/code/flutter/tmp/filler/test/integration/page_state_transitions_test.dart: BLoC State Transitions - All Pages Preferences BLoC - Update State Transitions                    
│ #1   main.<anonymous closure> (file:///Users/mr42/code/flutter/tmp/filler/test/integration/page_state_transitions_test.dart:35:23)

00:04 +59 -2: /Users/mr42/code/flutter/tmp/filler/test/domain/repositories_test.dart: PreferencesRepository should return default preferences when none exist                                          
├┄┄┄┄┄┄┄┄┄┄┄┄┄┄┄┄┄┄┄┄┄┄┄┄┄┄┄┄┄┄┄┄┄┄┄┄┄┄┄┄┄┄┄┄┄┄┄┄┄┄┄┄┄┄┄┄┄┄┄┄┄┄┄┄┄┄┄┄┄┄┄┄┄┄┄┄┄┄┄┄┄┄┄┄┄┄┄┄┄┄┄┄┄┄┄┄┄┄┄┄┄┄┄┄┄┄┄┄┄┄┄┄┄┄┄┄┄┄┄
│ #0   AppLogger.preferences (package:filler/core/logging.dart:64:13)
│ #1   PreferencesRepository._getIntValue (package:filler/domain/repositories.dart:493:17)
│ #2   PreferencesRepository.get (package:filler/domain/repositories.dart:447:25)
│ #3   <asynchronous suspension>
│ #4   main.<anonymous closure>.<anonymous closure> (file:///Users/mr42/code/flutter/tmp/filler/test/domain/repositories_test.dart:95:27)
│ #5   <asynchronous suspension>
│ #6   Declarer.test.<anonymous closure>.<anonymous closure> (package:test_api/src/backend/declarer.dart:242:9)

00:04 +59 -2: /Users/mr42/code/flutter/tmp/filler/test/integration/page_state_transitions_test.dart: BLoC State Transitions - All Pages Preferences BLoC - Update State Transitions                    
├┄┄┄┄┄┄┄┄┄┄┄┄┄┄┄┄┄┄┄┄┄┄┄┄┄┄┄┄┄┄┄┄┄┄┄┄┄┄┄┄┄┄┄┄┄┄┄┄┄┄┄┄┄┄┄┄┄┄┄┄┄┄┄┄┄┄┄┄┄┄┄┄┄┄┄┄┄┄┄┄┄┄┄┄┄┄┄┄┄┄┄┄┄┄┄┄┄┄┄┄┄┄┄┄┄┄┄┄┄┄┄┄┄┄┄┄┄┄┄

00:04 +59 -2: /Users/mr42/code/flutter/tmp/filler/test/domain/repositories_test.dart: PreferencesRepository should return default preferences when none exist                                          
│ #7   <asynchronous suspension>

00:04 +59 -2: /Users/mr42/code/flutter/tmp/filler/test/integration/page_state_transitions_test.dart: BLoC State Transitions - All Pages Preferences BLoC - Update State Transitions                    
│ 07:38:50.776 (+0:00:02.972144)

00:04 +59 -2: /Users/mr42/code/flutter/tmp/filler/test/domain/repositories_test.dart: PreferencesRepository should return default preferences when none exist                                          
├┄┄┄┄┄┄┄┄┄┄┄┄┄┄┄┄┄┄┄┄┄┄┄┄┄┄┄┄┄┄┄┄┄┄┄┄┄┄┄┄┄┄┄┄┄┄┄┄┄┄┄┄┄┄┄┄┄┄┄┄┄┄┄┄┄┄┄┄┄┄┄┄┄┄┄┄┄┄┄┄┄┄┄┄┄┄┄┄┄┄┄┄┄┄┄┄┄┄┄┄┄┄┄┄┄┄┄┄┄┄┄┄┄┄┄┄┄┄┄

00:04 +59 -2: /Users/mr42/code/flutter/tmp/filler/test/integration/page_state_transitions_test.dart: BLoC State Transitions - All Pages Preferences BLoC - Update State Transitions                    
├┄┄┄┄┄┄┄┄┄┄┄┄┄┄┄┄┄┄┄┄┄┄┄┄┄┄┄┄┄┄┄┄┄┄┄┄┄┄┄┄┄┄┄┄┄┄┄┄┄┄┄┄┄┄┄┄┄┄┄┄┄┄┄┄┄┄┄┄┄┄┄┄┄┄┄┄┄┄┄┄┄┄┄┄┄┄┄┄┄┄┄┄┄┄┄┄┄┄┄┄┄┄┄┄┄┄┄┄┄┄┄┄┄┄┄┄┄┄┄

00:04 +59 -2: /Users/mr42/code/flutter/tmp/filler/test/domain/repositories_test.dart: PreferencesRepository should return default preferences when none exist                                          
│ 07:38:50.776 (+0:00:00.154228)
├┄┄┄┄┄┄┄┄┄┄┄┄┄┄┄┄┄┄┄┄┄┄┄┄┄┄┄┄┄┄┄┄┄┄┄┄┄┄┄┄┄┄┄┄┄┄┄┄┄┄┄┄┄┄┄┄┄┄┄┄┄┄┄┄┄┄┄┄┄┄┄┄┄┄┄┄┄┄┄┄┄┄┄┄┄┄┄┄┄┄┄┄┄┄┄┄┄┄┄┄┄┄┄┄┄┄┄┄┄┄┄┄┄┄┄┄┄┄┄

00:04 +59 -2: /Users/mr42/code/flutter/tmp/filler/test/integration/page_state_transitions_test.dart: BLoC State Transitions - All Pages Preferences BLoC - Update State Transitions                    
│ 🐛 ✅ Test cleanup completed
└───────────────────────────────────────────────────────────────────────────────────────────────────────────────────────

00:04 +59 -2: /Users/mr42/code/flutter/tmp/filler/test/domain/repositories_test.dart: PreferencesRepository should return default preferences when none exist                                          
│ 🐛 ⚙️ Preferences: Using default for missing key
└───────────────────────────────────────────────────────────────────────────────────────────────────────────────────────

00:04 +60 -2: /Users/mr42/code/flutter/tmp/filler/test/domain/repositories_test.dart: PreferencesRepository should return default preferences when none exist                                          
00:04 +60 -2: /Users/mr42/code/flutter/tmp/filler/test/domain/repositories_test.dart: PreferencesRepository should return default preferences when none exist                                          
┌───────────────────────────────────────────────────────────────────────────────────────────────────────────────────────
│ {key: width, value: 10}
├┄┄┄┄┄┄┄┄┄┄┄┄┄┄┄┄┄┄┄┄┄┄┄┄┄┄┄┄┄┄┄┄┄┄┄┄┄┄┄┄┄┄┄┄┄┄┄┄┄┄┄┄┄┄┄┄┄┄┄┄┄┄┄┄┄┄┄┄┄┄┄┄┄┄┄┄┄┄┄┄┄┄┄┄┄┄┄┄┄┄┄┄┄┄┄┄┄┄┄┄┄┄┄┄┄┄┄┄┄┄┄┄┄┄┄┄┄┄┄

00:04 +60 -2: /Users/mr42/code/flutter/tmp/filler/test/integration/page_state_transitions_test.dart: BLoC State Transitions - All Pages Canvas BLoC - Paint State Transitions                          
┌───────────────────────────────────────────────────────────────────────────────────────────────────────────────────────

00:04 +60 -2: /Users/mr42/code/flutter/tmp/filler/test/domain/repositories_test.dart: PreferencesRepository should return default preferences when none exist                                          
│ #0   AppLogger.preferences (package:filler/core/logging.dart:64:13)

00:04 +60 -2: /Users/mr42/code/flutter/tmp/filler/test/integration/page_state_transitions_test.dart: BLoC State Transitions - All Pages Canvas BLoC - Paint State Transitions                          
│ #0   TestHelpers.createTestDatabase (file:///Users/mr42/code/flutter/tmp/filler/test/helpers/test_helpers.dart:30:24)

00:04 +60 -2: /Users/mr42/code/flutter/tmp/filler/test/domain/repositories_test.dart: PreferencesRepository should return default preferences when none exist                                          
│ #1   PreferencesRepository._ensureDefaults (package:filler/domain/repositories.dart:519:19)

00:04 +60 -2: /Users/mr42/code/flutter/tmp/filler/test/integration/page_state_transitions_test.dart: BLoC State Transitions - All Pages Canvas BLoC - Paint State Transitions                          
│ #1   main.<anonymous closure> (file:///Users/mr42/code/flutter/tmp/filler/test/integration/page_state_transitions_test.dart:22:28)

00:04 +60 -2: /Users/mr42/code/flutter/tmp/filler/test/domain/repositories_test.dart: PreferencesRepository should return default preferences when none exist                                          
│ #2   PreferencesRepository.get (package:filler/domain/repositories.dart:454:13)

00:04 +60 -2: /Users/mr42/code/flutter/tmp/filler/test/integration/page_state_transitions_test.dart: BLoC State Transitions - All Pages Canvas BLoC - Paint State Transitions                          
├┄┄┄┄┄┄┄┄┄┄┄┄┄┄┄┄┄┄┄┄┄┄┄┄┄┄┄┄┄┄┄┄┄┄┄┄┄┄┄┄┄┄┄┄┄┄┄┄┄┄┄┄┄┄┄┄┄┄┄┄┄┄┄┄┄┄┄┄┄┄┄┄┄┄┄┄┄┄┄┄┄┄┄┄┄┄┄┄┄┄┄┄┄┄┄┄┄┄┄┄┄┄┄┄┄┄┄┄┄┄┄┄┄┄┄┄┄┄┄

00:04 +60 -2: /Users/mr42/code/flutter/tmp/filler/test/domain/repositories_test.dart: PreferencesRepository should return default preferences when none exist                                          
│ #3   <asynchronous suspension>
│ #4   main.<anonymous closure>.<anonymous closure> (file:///Users/mr42/code/flutter/tmp/filler/test/domain/repositories_test.dart:95:27)

00:04 +60 -2: /Users/mr42/code/flutter/tmp/filler/test/integration/page_state_transitions_test.dart: BLoC State Transitions - All Pages Canvas BLoC - Paint State Transitions                          
│ 07:38:50.778 (+0:00:02.974383)
├┄┄┄┄┄┄┄┄┄┄┄┄┄┄┄┄┄┄┄┄┄┄┄┄┄┄┄┄┄┄┄┄┄┄┄┄┄┄┄┄┄┄┄┄┄┄┄┄┄┄┄┄┄┄┄┄┄┄┄┄┄┄┄┄┄┄┄┄┄┄┄┄┄┄┄┄┄┄┄┄┄┄┄┄┄┄┄┄┄┄┄┄┄┄┄┄┄┄┄┄┄┄┄┄┄┄┄┄┄┄┄┄┄┄┄┄┄┄┄

00:04 +60 -2: /Users/mr42/code/flutter/tmp/filler/test/domain/repositories_test.dart: PreferencesRepository should return default preferences when none exist                                          
│ #5   <asynchronous suspension>

00:04 +60 -2: /Users/mr42/code/flutter/tmp/filler/test/integration/page_state_transitions_test.dart: BLoC State Transitions - All Pages Canvas BLoC - Paint State Transitions                          
│ 🐛 🗄️ Creating test database

00:04 +60 -2: /Users/mr42/code/flutter/tmp/filler/test/domain/repositories_test.dart: PreferencesRepository should return default preferences when none exist                                          
│ #6   Declarer.test.<anonymous closure>.<anonymous closure> (package:test_api/src/backend/declarer.dart:242:9)

00:04 +60 -2: /Users/mr42/code/flutter/tmp/filler/test/integration/page_state_transitions_test.dart: BLoC State Transitions - All Pages Canvas BLoC - Paint State Transitions                          
└───────────────────────────────────────────────────────────────────────────────────────────────────────────────────────

00:04 +60 -2: /Users/mr42/code/flutter/tmp/filler/test/domain/repositories_test.dart: PreferencesRepository should return default preferences when none exist                                          
│ #7   <asynchronous suspension>
├┄┄┄┄┄┄┄┄┄┄┄┄┄┄┄┄┄┄┄┄┄┄┄┄┄┄┄┄┄┄┄┄┄┄┄┄┄┄┄┄┄┄┄┄┄┄┄┄┄┄┄┄┄┄┄┄┄┄┄┄┄┄┄┄┄┄┄┄┄┄┄┄┄┄┄┄┄┄┄┄┄┄┄┄┄┄┄┄┄┄┄┄┄┄┄┄┄┄┄┄┄┄┄┄┄┄┄┄┄┄┄┄┄┄┄┄┄┄┄
│ 07:38:50.778 (+0:00:00.156337)

00:04 +60 -2: /Users/mr42/code/flutter/tmp/filler/test/integration/page_state_transitions_test.dart: BLoC State Transitions - All Pages Canvas BLoC - Paint State Transitions                          
┌───────────────────────────────────────────────────────────────────────────────────────────────────────────────────────
│ #0   AppLogger.bloc (package:filler/core/logging.dart:44:13)

00:04 +60 -2: /Users/mr42/code/flutter/tmp/filler/test/domain/repositories_test.dart: PreferencesRepository should return default preferences when none exist                                          
├┄┄┄┄┄┄┄┄┄┄┄┄┄┄┄┄┄┄┄┄┄┄┄┄┄┄┄┄┄┄┄┄┄┄┄┄┄┄┄┄┄┄┄┄┄┄┄┄┄┄┄┄┄┄┄┄┄┄┄┄┄┄┄┄┄┄┄┄┄┄┄┄┄┄┄┄┄┄┄┄┄┄┄┄┄┄┄┄┄┄┄┄┄┄┄┄┄┄┄┄┄┄┄┄┄┄┄┄┄┄┄┄┄┄┄┄┄┄┄

00:04 +60 -2: /Users/mr42/code/flutter/tmp/filler/test/integration/page_state_transitions_test.dart: BLoC State Transitions - All Pages Canvas BLoC - Paint State Transitions                          
│ #1   new CanvasBloc (package:filler/features/canvas/presentation/canvas_bloc.dart:106:15)

00:04 +60 -2: /Users/mr42/code/flutter/tmp/filler/test/domain/repositories_test.dart: PreferencesRepository should return default preferences when none exist                                          
│ 🐛 ⚙️ Preferences: Creating missing default preference

00:04 +60 -2: /Users/mr42/code/flutter/tmp/filler/test/integration/page_state_transitions_test.dart: BLoC State Transitions - All Pages Canvas BLoC - Paint State Transitions                          
├┄┄┄┄┄┄┄┄┄┄┄┄┄┄┄┄┄┄┄┄┄┄┄┄┄┄┄┄┄┄┄┄┄┄┄┄┄┄┄┄┄┄┄┄┄┄┄┄┄┄┄┄┄┄┄┄┄┄┄┄┄┄┄┄┄┄┄┄┄┄┄┄┄┄┄┄┄┄┄┄┄┄┄┄┄┄┄┄┄┄┄┄┄┄┄┄┄┄┄┄┄┄┄┄┄┄┄┄┄┄┄┄┄┄┄┄┄┄┄
│ 07:38:50.779 (+0:00:02.975254)

00:04 +60 -2: /Users/mr42/code/flutter/tmp/filler/test/domain/repositories_test.dart: PreferencesRepository should return default preferences when none exist                                          
└───────────────────────────────────────────────────────────────────────────────────────────────────────────────────────

00:04 +60 -2: /Users/mr42/code/flutter/tmp/filler/test/integration/page_state_transitions_test.dart: BLoC State Transitions - All Pages Canvas BLoC - Paint State Transitions                          
├┄┄┄┄┄┄┄┄┄┄┄┄┄┄┄┄┄┄┄┄┄┄┄┄┄┄┄┄┄┄┄┄┄┄┄┄┄┄┄┄┄┄┄┄┄┄┄┄┄┄┄┄┄┄┄┄┄┄┄┄┄┄┄┄┄┄┄┄┄┄┄┄┄┄┄┄┄┄┄┄┄┄┄┄┄┄┄┄┄┄┄┄┄┄┄┄┄┄┄┄┄┄┄┄┄┄┄┄┄┄┄┄┄┄┄┄┄┄┄
│ 🐛 🔄 BLoC[Canvas]: BLoC Created | null → initial
└───────────────────────────────────────────────────────────────────────────────────────────────────────────────────────

00:04 +60 -2: /Users/mr42/code/flutter/tmp/filler/test/domain/repositories_test.dart: PreferencesRepository should return default preferences when none exist                                          
┌───────────────────────────────────────────────────────────────────────────────────────────────────────────────────────
│ {key: width, value: 10, type: int}
├┄┄┄┄┄┄┄┄┄┄┄┄┄┄┄┄┄┄┄┄┄┄┄┄┄┄┄┄┄┄┄┄┄┄┄┄┄┄┄┄┄┄┄┄┄┄┄┄┄┄┄┄┄┄┄┄┄┄┄┄┄┄┄┄┄┄┄┄┄┄┄┄┄┄┄┄┄┄┄┄┄┄┄┄┄┄┄┄┄┄┄┄┄┄┄┄┄┄┄┄┄┄┄┄┄┄┄┄┄┄┄┄┄┄┄┄┄┄┄
│ #0   AppLogger.database (package:filler/core/logging.dart:49:13)
│ #1   AppDatabase.setPreferenceValue (package:filler/data/database.dart:301:15)
│ #2   PreferencesRepository._ensureDefaults (package:filler/domain/repositories.dart:524:19)
│ #3   PreferencesRepository.get (package:filler/domain/repositories.dart:454:13)
│ #4   <asynchronous suspension>
│ #5   main.<anonymous closure>.<anonymous closure> (file:///Users/mr42/code/flutter/tmp/filler/test/domain/repositories_test.dart:95:27)
│ #6   <asynchronous suspension>

00:04 +60 -2: /Users/mr42/code/flutter/tmp/filler/test/integration/page_state_transitions_test.dart: BLoC State Transitions - All Pages Canvas BLoC - Paint State Transitions                          
┌───────────────────────────────────────────────────────────────────────────────────────────────────────────────────────

00:04 +60 -2: /Users/mr42/code/flutter/tmp/filler/test/domain/repositories_test.dart: PreferencesRepository should return default preferences when none exist                                          
│ #7   Declarer.test.<anonymous closure>.<anonymous closure> (package:test_api/src/backend/declarer.dart:242:9)

00:04 +60 -2: /Users/mr42/code/flutter/tmp/filler/test/integration/page_state_transitions_test.dart: BLoC State Transitions - All Pages Canvas BLoC - Paint State Transitions                          
│ #0   AppLogger.bloc (package:filler/core/logging.dart:44:13)

00:04 +60 -2: /Users/mr42/code/flutter/tmp/filler/test/domain/repositories_test.dart: PreferencesRepository should return default preferences when none exist                                          
├┄┄┄┄┄┄┄┄┄┄┄┄┄┄┄┄┄┄┄┄┄┄┄┄┄┄┄┄┄┄┄┄┄┄┄┄┄┄┄┄┄┄┄┄┄┄┄┄┄┄┄┄┄┄┄┄┄┄┄┄┄┄┄┄┄┄┄┄┄┄┄┄┄┄┄┄┄┄┄┄┄┄┄┄┄┄┄┄┄┄┄┄┄┄┄┄┄┄┄┄┄┄┄┄┄┄┄┄┄┄┄┄┄┄┄┄┄┄┄
│ 07:38:50.780 (+0:00:00.158169)

00:04 +60 -2: /Users/mr42/code/flutter/tmp/filler/test/integration/page_state_transitions_test.dart: BLoC State Transitions - All Pages Canvas BLoC - Paint State Transitions                          
│ #1   new GalleryBloc (package:filler/features/gallery/presentation/gallery_bloc.dart:77:15)

00:04 +60 -2: /Users/mr42/code/flutter/tmp/filler/test/domain/repositories_test.dart: PreferencesRepository should return default preferences when none exist                                          
├┄┄┄┄┄┄┄┄┄┄┄┄┄┄┄┄┄┄┄┄┄┄┄┄┄┄┄┄┄┄┄┄┄┄┄┄┄┄┄┄┄┄┄┄┄┄┄┄┄┄┄┄┄┄┄┄┄┄┄┄┄┄┄┄┄┄┄┄┄┄┄┄┄┄┄┄┄┄┄┄┄┄┄┄┄┄┄┄┄┄┄┄┄┄┄┄┄┄┄┄┄┄┄┄┄┄┄┄┄┄┄┄┄┄┄┄┄┄┄

00:04 +60 -2: /Users/mr42/code/flutter/tmp/filler/test/integration/page_state_transitions_test.dart: BLoC State Transitions - All Pages Canvas BLoC - Paint State Transitions                          
├┄┄┄┄┄┄┄┄┄┄┄┄┄┄┄┄┄┄┄┄┄┄┄┄┄┄┄┄┄┄┄┄┄┄┄┄┄┄┄┄┄┄┄┄┄┄┄┄┄┄┄┄┄┄┄┄┄┄┄┄┄┄┄┄┄┄┄┄┄┄┄┄┄┄┄┄┄┄┄┄┄┄┄┄┄┄┄┄┄┄┄┄┄┄┄┄┄┄┄┄┄┄┄┄┄┄┄┄┄┄┄┄┄┄┄┄┄┄┄
│ 07:38:50.781 (+0:00:02.976828)

00:04 +60 -2: /Users/mr42/code/flutter/tmp/filler/test/domain/repositories_test.dart: PreferencesRepository should return default preferences when none exist                                          
│ 🐛 💾 Database: Setting preference value

00:04 +60 -2: /Users/mr42/code/flutter/tmp/filler/test/integration/page_state_transitions_test.dart: BLoC State Transitions - All Pages Canvas BLoC - Paint State Transitions                          
├┄┄┄┄┄┄┄┄┄┄┄┄┄┄┄┄┄┄┄┄┄┄┄┄┄┄┄┄┄┄┄┄┄┄┄┄┄┄┄┄┄┄┄┄┄┄┄┄┄┄┄┄┄┄┄┄┄┄┄┄┄┄┄┄┄┄┄┄┄┄┄┄┄┄┄┄┄┄┄┄┄┄┄┄┄┄┄┄┄┄┄┄┄┄┄┄┄┄┄┄┄┄┄┄┄┄┄┄┄┄┄┄┄┄┄┄┄┄┄

00:04 +60 -2: /Users/mr42/code/flutter/tmp/filler/test/domain/repositories_test.dart: PreferencesRepository should return default preferences when none exist                                          
└───────────────────────────────────────────────────────────────────────────────────────────────────────────────────────

00:04 +60 -2: /Users/mr42/code/flutter/tmp/filler/test/integration/page_state_transitions_test.dart: BLoC State Transitions - All Pages Canvas BLoC - Paint State Transitions                          
│ 🐛 🔄 BLoC[Gallery]: BLoC Created | null → initial
└───────────────────────────────────────────────────────────────────────────────────────────────────────────────────────
┌───────────────────────────────────────────────────────────────────────────────────────────────────────────────────────
│ #0   AppLogger.bloc (package:filler/core/logging.dart:44:13)
│ #1   new PreferencesBloc (package:filler/features/prefs/presentation/preferences_bloc.dart:77:15)
├┄┄┄┄┄┄┄┄┄┄┄┄┄┄┄┄┄┄┄┄┄┄┄┄┄┄┄┄┄┄┄┄┄┄┄┄┄┄┄┄┄┄┄┄┄┄┄┄┄┄┄┄┄┄┄┄┄┄┄┄┄┄┄┄┄┄┄┄┄┄┄┄┄┄┄┄┄┄┄┄┄┄┄┄┄┄┄┄┄┄┄┄┄┄┄┄┄┄┄┄┄┄┄┄┄┄┄┄┄┄┄┄┄┄┄┄┄┄┄
│ 07:38:50.781 (+0:00:02.977761)
├┄┄┄┄┄┄┄┄┄┄┄┄┄┄┄┄┄┄┄┄┄┄┄┄┄┄┄┄┄┄┄┄┄┄┄┄┄┄┄┄┄┄┄┄┄┄┄┄┄┄┄┄┄┄┄┄┄┄┄┄┄┄┄┄┄┄┄┄┄┄┄┄┄┄┄┄┄┄┄┄┄┄┄┄┄┄┄┄┄┄┄┄┄┄┄┄┄┄┄┄┄┄┄┄┄┄┄┄┄┄┄┄┄┄┄┄┄┄┄
│ 🐛 🔄 BLoC[Preferences]: BLoC Created | null → initial
└───────────────────────────────────────────────────────────────────────────────────────────────────────────────────────

00:04 +60 -2: /Users/mr42/code/flutter/tmp/filler/test/domain/repositories_test.dart: PreferencesRepository should return default preferences when none exist                                          
┌───────────────────────────────────────────────────────────────────────────────────────────────────────────────────────
│ {key: width, value: 10}
├┄┄┄┄┄┄┄┄┄┄┄┄┄┄┄┄┄┄┄┄┄┄┄┄┄┄┄┄┄┄┄┄┄┄┄┄┄┄┄┄┄┄┄┄┄┄┄┄┄┄┄┄┄┄┄┄┄┄┄┄┄┄┄┄┄┄┄┄┄┄┄┄┄┄┄┄┄┄┄┄┄┄┄┄┄┄┄┄┄┄┄┄┄┄┄┄┄┄┄┄┄┄┄┄┄┄┄┄┄┄┄┄┄┄┄┄┄┄┄
│ #0   AppLogger.database (package:filler/core/logging.dart:49:13)
│ #1   AppDatabase.setPreferenceValue (package:filler/data/database.dart:337:17)
│ #2   <asynchronous suspension>
│ #3   PreferencesRepository._ensureDefaults (package:filler/domain/repositories.dart:524:9)
│ #4   <asynchronous suspension>
│ #5   PreferencesRepository.get (package:filler/domain/repositories.dart:454:7)
│ #6   <asynchronous suspension>
│ #7   main.<anonymous closure>.<anonymous closure> (file:///Users/mr42/code/flutter/tmp/filler/test/domain/repositories_test.dart:95:27)
├┄┄┄┄┄┄┄┄┄┄┄┄┄┄┄┄┄┄┄┄┄┄┄┄┄┄┄┄┄┄┄┄┄┄┄┄┄┄┄┄┄┄┄┄┄┄┄┄┄┄┄┄┄┄┄┄┄┄┄┄┄┄┄┄┄┄┄┄┄┄┄┄┄┄┄┄┄┄┄┄┄┄┄┄┄┄┄┄┄┄┄┄┄┄┄┄┄┄┄┄┄┄┄┄┄┄┄┄┄┄┄┄┄┄┄┄┄┄┄
│ 07:38:50.783 (+0:00:00.160876)
├┄┄┄┄┄┄┄┄┄┄┄┄┄┄┄┄┄┄┄┄┄┄┄┄┄┄┄┄┄┄┄┄┄┄┄┄┄┄┄┄┄┄┄┄┄┄┄┄┄┄┄┄┄┄┄┄┄┄┄┄┄┄┄┄┄┄┄┄┄┄┄┄┄┄┄┄┄┄┄┄┄┄┄┄┄┄┄┄┄┄┄┄┄┄┄┄┄┄┄┄┄┄┄┄┄┄┄┄┄┄┄┄┄┄┄┄┄┄┄

00:04 +60 -2: /Users/mr42/code/flutter/tmp/filler/test/integration/page_state_transitions_test.dart: BLoC State Transitions - All Pages Canvas BLoC - Paint State Transitions                          
┌───────────────────────────────────────────────────────────────────────────────────────────────────────────────────────

00:04 +60 -2: /Users/mr42/code/flutter/tmp/filler/test/domain/repositories_test.dart: PreferencesRepository should return default preferences when none exist                                          
│ 🐛 💾 Database: Preference value saved

00:04 +60 -2: /Users/mr42/code/flutter/tmp/filler/test/integration/page_state_transitions_test.dart: BLoC State Transitions - All Pages Canvas BLoC - Paint State Transitions                          
│ #0   AppLogger.bloc (package:filler/core/logging.dart:44:13)

00:04 +60 -2: /Users/mr42/code/flutter/tmp/filler/test/domain/repositories_test.dart: PreferencesRepository should return default preferences when none exist                                          
└───────────────────────────────────────────────────────────────────────────────────────────────────────────────────────

00:04 +60 -2: /Users/mr42/code/flutter/tmp/filler/test/integration/page_state_transitions_test.dart: BLoC State Transitions - All Pages Canvas BLoC - Paint State Transitions                          
│ #1   new CanvasBloc.<anonymous closure> (package:filler/features/canvas/presentation/canvas_bloc.dart:108:17)
├┄┄┄┄┄┄┄┄┄┄┄┄┄┄┄┄┄┄┄┄┄┄┄┄┄┄┄┄┄┄┄┄┄┄┄┄┄┄┄┄┄┄┄┄┄┄┄┄┄┄┄┄┄┄┄┄┄┄┄┄┄┄┄┄┄┄┄┄┄┄┄┄┄┄┄┄┄┄┄┄┄┄┄┄┄┄┄┄┄┄┄┄┄┄┄┄┄┄┄┄┄┄┄┄┄┄┄┄┄┄┄┄┄┄┄┄┄┄┄

00:04 +60 -2: /Users/mr42/code/flutter/tmp/filler/test/domain/repositories_test.dart: PreferencesRepository should return default preferences when none exist                                          
┌───────────────────────────────────────────────────────────────────────────────────────────────────────────────────────

00:04 +60 -2: /Users/mr42/code/flutter/tmp/filler/test/integration/page_state_transitions_test.dart: BLoC State Transitions - All Pages Canvas BLoC - Paint State Transitions                          
│ 07:38:50.783 (+0:00:02.979716)
├┄┄┄┄┄┄┄┄┄┄┄┄┄┄┄┄┄┄┄┄┄┄┄┄┄┄┄┄┄┄┄┄┄┄┄┄┄┄┄┄┄┄┄┄┄┄┄┄┄┄┄┄┄┄┄┄┄┄┄┄┄┄┄┄┄┄┄┄┄┄┄┄┄┄┄┄┄┄┄┄┄┄┄┄┄┄┄┄┄┄┄┄┄┄┄┄┄┄┄┄┄┄┄┄┄┄┄┄┄┄┄┄┄┄┄┄┄┄┄

00:04 +60 -2: /Users/mr42/code/flutter/tmp/filler/test/domain/repositories_test.dart: PreferencesRepository should return default preferences when none exist                                          
│ {key: height, value: 10}

00:04 +60 -2: /Users/mr42/code/flutter/tmp/filler/test/integration/page_state_transitions_test.dart: BLoC State Transitions - All Pages Canvas BLoC - Paint State Transitions                          
│ 🐛 🔄 BLoC[Canvas]: Init Event | initial → loading

00:04 +60 -2: /Users/mr42/code/flutter/tmp/filler/test/domain/repositories_test.dart: PreferencesRepository should return default preferences when none exist                                          
├┄┄┄┄┄┄┄┄┄┄┄┄┄┄┄┄┄┄┄┄┄┄┄┄┄┄┄┄┄┄┄┄┄┄┄┄┄┄┄┄┄┄┄┄┄┄┄┄┄┄┄┄┄┄┄┄┄┄┄┄┄┄┄┄┄┄┄┄┄┄┄┄┄┄┄┄┄┄┄┄┄┄┄┄┄┄┄┄┄┄┄┄┄┄┄┄┄┄┄┄┄┄┄┄┄┄┄┄┄┄┄┄┄┄┄┄┄┄┄

00:04 +60 -2: /Users/mr42/code/flutter/tmp/filler/test/integration/page_state_transitions_test.dart: BLoC State Transitions - All Pages Canvas BLoC - Paint State Transitions                          
└───────────────────────────────────────────────────────────────────────────────────────────────────────────────────────

00:04 +60 -2: /Users/mr42/code/flutter/tmp/filler/test/domain/repositories_test.dart: PreferencesRepository should return default preferences when none exist                                          
│ #0   AppLogger.preferences (package:filler/core/logging.dart:64:13)
│ #1   PreferencesRepository._ensureDefaults (package:filler/domain/repositories.dart:519:19)
│ #2   <asynchronous suspension>

00:04 +60 -2: /Users/mr42/code/flutter/tmp/filler/test/integration/page_state_transitions_test.dart: BLoC State Transitions - All Pages Canvas BLoC - Paint State Transitions                          
┌───────────────────────────────────────────────────────────────────────────────────────────────────────────────────────

00:04 +60 -2: /Users/mr42/code/flutter/tmp/filler/test/domain/repositories_test.dart: PreferencesRepository should return default preferences when none exist                                          
│ #3   PreferencesRepository.get (package:filler/domain/repositories.dart:454:7)

00:04 +60 -2: /Users/mr42/code/flutter/tmp/filler/test/integration/page_state_transitions_test.dart: BLoC State Transitions - All Pages Canvas BLoC - Paint State Transitions                          
│ #0   AppLogger.preferences (package:filler/core/logging.dart:64:13)

00:04 +60 -2: /Users/mr42/code/flutter/tmp/filler/test/domain/repositories_test.dart: PreferencesRepository should return default preferences when none exist                                          
│ #4   <asynchronous suspension>

00:04 +60 -2: /Users/mr42/code/flutter/tmp/filler/test/integration/page_state_transitions_test.dart: BLoC State Transitions - All Pages Canvas BLoC - Paint State Transitions                          
│ #1   PreferencesRepository.get (package:filler/domain/repositories.dart:423:15)
├┄┄┄┄┄┄┄┄┄┄┄┄┄┄┄┄┄┄┄┄┄┄┄┄┄┄┄┄┄┄┄┄┄┄┄┄┄┄┄┄┄┄┄┄┄┄┄┄┄┄┄┄┄┄┄┄┄┄┄┄┄┄┄┄┄┄┄┄┄┄┄┄┄┄┄┄┄┄┄┄┄┄┄┄┄┄┄┄┄┄┄┄┄┄┄┄┄┄┄┄┄┄┄┄┄┄┄┄┄┄┄┄┄┄┄┄┄┄┄

00:04 +60 -2: /Users/mr42/code/flutter/tmp/filler/test/domain/repositories_test.dart: PreferencesRepository should return default preferences when none exist                                          
│ #5   main.<anonymous closure>.<anonymous closure> (file:///Users/mr42/code/flutter/tmp/filler/test/domain/repositories_test.dart:95:27)

00:04 +60 -2: /Users/mr42/code/flutter/tmp/filler/test/integration/page_state_transitions_test.dart: BLoC State Transitions - All Pages Canvas BLoC - Paint State Transitions                          
│ 07:38:50.784 (+0:00:02.980534)

00:04 +60 -2: /Users/mr42/code/flutter/tmp/filler/test/domain/repositories_test.dart: PreferencesRepository should return default preferences when none exist                                          
│ #6   <asynchronous suspension>

00:04 +60 -2: /Users/mr42/code/flutter/tmp/filler/test/integration/page_state_transitions_test.dart: BLoC State Transitions - All Pages Canvas BLoC - Paint State Transitions                          
├┄┄┄┄┄┄┄┄┄┄┄┄┄┄┄┄┄┄┄┄┄┄┄┄┄┄┄┄┄┄┄┄┄┄┄┄┄┄┄┄┄┄┄┄┄┄┄┄┄┄┄┄┄┄┄┄┄┄┄┄┄┄┄┄┄┄┄┄┄┄┄┄┄┄┄┄┄┄┄┄┄┄┄┄┄┄┄┄┄┄┄┄┄┄┄┄┄┄┄┄┄┄┄┄┄┄┄┄┄┄┄┄┄┄┄┄┄┄┄

00:04 +60 -2: /Users/mr42/code/flutter/tmp/filler/test/domain/repositories_test.dart: PreferencesRepository should return default preferences when none exist                                          
│ #7   Declarer.test.<anonymous closure>.<anonymous closure> (package:test_api/src/backend/declarer.dart:242:9)
├┄┄┄┄┄┄┄┄┄┄┄┄┄┄┄┄┄┄┄┄┄┄┄┄┄┄┄┄┄┄┄┄┄┄┄┄┄┄┄┄┄┄┄┄┄┄┄┄┄┄┄┄┄┄┄┄┄┄┄┄┄┄┄┄┄┄┄┄┄┄┄┄┄┄┄┄┄┄┄┄┄┄┄┄┄┄┄┄┄┄┄┄┄┄┄┄┄┄┄┄┄┄┄┄┄┄┄┄┄┄┄┄┄┄┄┄┄┄┄

00:04 +60 -2: /Users/mr42/code/flutter/tmp/filler/test/integration/page_state_transitions_test.dart: BLoC State Transitions - All Pages Canvas BLoC - Paint State Transitions                          
│ 🐛 ⚙️ Preferences: Fetching preferences from key-value store
└───────────────────────────────────────────────────────────────────────────────────────────────────────────────────────

00:04 +60 -2: /Users/mr42/code/flutter/tmp/filler/test/domain/repositories_test.dart: PreferencesRepository should return default preferences when none exist                                          
│ 07:38:50.784 (+0:00:00.162204)
├┄┄┄┄┄┄┄┄┄┄┄┄┄┄┄┄┄┄┄┄┄┄┄┄┄┄┄┄┄┄┄┄┄┄┄┄┄┄┄┄┄┄┄┄┄┄┄┄┄┄┄┄┄┄┄┄┄┄┄┄┄┄┄┄┄┄┄┄┄┄┄┄┄┄┄┄┄┄┄┄┄┄┄┄┄┄┄┄┄┄┄┄┄┄┄┄┄┄┄┄┄┄┄┄┄┄┄┄┄┄┄┄┄┄┄┄┄┄┄
│ 🐛 ⚙️ Preferences: Creating missing default preference

00:04 +60 -2: /Users/mr42/code/flutter/tmp/filler/test/integration/page_state_transitions_test.dart: BLoC State Transitions - All Pages Canvas BLoC - Paint State Transitions                          
┌───────────────────────────────────────────────────────────────────────────────────────────────────────────────────────

00:04 +60 -2: /Users/mr42/code/flutter/tmp/filler/test/domain/repositories_test.dart: PreferencesRepository should return default preferences when none exist                                          
└───────────────────────────────────────────────────────────────────────────────────────────────────────────────────────

00:04 +60 -2: /Users/mr42/code/flutter/tmp/filler/test/integration/page_state_transitions_test.dart: BLoC State Transitions - All Pages Canvas BLoC - Paint State Transitions                          
│ #0   AppLogger.database (package:filler/core/logging.dart:49:13)
│ #1   AppDatabase.getAllPreferences (package:filler/data/database.dart:354:15)

00:04 +60 -2: /Users/mr42/code/flutter/tmp/filler/test/domain/repositories_test.dart: PreferencesRepository should return default preferences when none exist                                          
┌───────────────────────────────────────────────────────────────────────────────────────────────────────────────────────

00:04 +60 -2: /Users/mr42/code/flutter/tmp/filler/test/integration/page_state_transitions_test.dart: BLoC State Transitions - All Pages Canvas BLoC - Paint State Transitions                          
├┄┄┄┄┄┄┄┄┄┄┄┄┄┄┄┄┄┄┄┄┄┄┄┄┄┄┄┄┄┄┄┄┄┄┄┄┄┄┄┄┄┄┄┄┄┄┄┄┄┄┄┄┄┄┄┄┄┄┄┄┄┄┄┄┄┄┄┄┄┄┄┄┄┄┄┄┄┄┄┄┄┄┄┄┄┄┄┄┄┄┄┄┄┄┄┄┄┄┄┄┄┄┄┄┄┄┄┄┄┄┄┄┄┄┄┄┄┄┄

00:04 +60 -2: /Users/mr42/code/flutter/tmp/filler/test/domain/repositories_test.dart: PreferencesRepository should return default preferences when none exist                                          
│ {key: height, value: 10, type: int}

00:04 +60 -2: /Users/mr42/code/flutter/tmp/filler/test/integration/page_state_transitions_test.dart: BLoC State Transitions - All Pages Canvas BLoC - Paint State Transitions                          
│ 07:38:50.785 (+0:00:02.981278)

00:04 +60 -2: /Users/mr42/code/flutter/tmp/filler/test/domain/repositories_test.dart: PreferencesRepository should return default preferences when none exist                                          
├┄┄┄┄┄┄┄┄┄┄┄┄┄┄┄┄┄┄┄┄┄┄┄┄┄┄┄┄┄┄┄┄┄┄┄┄┄┄┄┄┄┄┄┄┄┄┄┄┄┄┄┄┄┄┄┄┄┄┄┄┄┄┄┄┄┄┄┄┄┄┄┄┄┄┄┄┄┄┄┄┄┄┄┄┄┄┄┄┄┄┄┄┄┄┄┄┄┄┄┄┄┄┄┄┄┄┄┄┄┄┄┄┄┄┄┄┄┄┄

00:04 +60 -2: /Users/mr42/code/flutter/tmp/filler/test/integration/page_state_transitions_test.dart: BLoC State Transitions - All Pages Canvas BLoC - Paint State Transitions                          
├┄┄┄┄┄┄┄┄┄┄┄┄┄┄┄┄┄┄┄┄┄┄┄┄┄┄┄┄┄┄┄┄┄┄┄┄┄┄┄┄┄┄┄┄┄┄┄┄┄┄┄┄┄┄┄┄┄┄┄┄┄┄┄┄┄┄┄┄┄┄┄┄┄┄┄┄┄┄┄┄┄┄┄┄┄┄┄┄┄┄┄┄┄┄┄┄┄┄┄┄┄┄┄┄┄┄┄┄┄┄┄┄┄┄┄┄┄┄┄

00:04 +60 -2: /Users/mr42/code/flutter/tmp/filler/test/domain/repositories_test.dart: PreferencesRepository should return default preferences when none exist                                          
│ #0   AppLogger.database (package:filler/core/logging.dart:49:13)

00:04 +60 -2: /Users/mr42/code/flutter/tmp/filler/test/integration/page_state_transitions_test.dart: BLoC State Transitions - All Pages Canvas BLoC - Paint State Transitions                          
│ 🐛 💾 Database: Fetching all preferences

00:04 +60 -2: /Users/mr42/code/flutter/tmp/filler/test/domain/repositories_test.dart: PreferencesRepository should return default preferences when none exist                                          
│ #1   AppDatabase.setPreferenceValue (package:filler/data/database.dart:301:15)

00:04 +60 -2: /Users/mr42/code/flutter/tmp/filler/test/integration/page_state_transitions_test.dart: BLoC State Transitions - All Pages Canvas BLoC - Paint State Transitions                          
└───────────────────────────────────────────────────────────────────────────────────────────────────────────────────────

00:04 +60 -2: /Users/mr42/code/flutter/tmp/filler/test/domain/repositories_test.dart: PreferencesRepository should return default preferences when none exist                                          
│ #2   PreferencesRepository._ensureDefaults (package:filler/domain/repositories.dart:524:19)
│ #3   <asynchronous suspension>
│ #4   PreferencesRepository.get (package:filler/domain/repositories.dart:454:7)
│ #5   <asynchronous suspension>

00:04 +60 -2: /Users/mr42/code/flutter/tmp/filler/test/integration/page_state_transitions_test.dart: BLoC State Transitions - All Pages Canvas BLoC - Paint State Transitions                          
┌───────────────────────────────────────────────────────────────────────────────────────────────────────────────────────
│ #0   AppLogger.database (package:filler/core/logging.dart:49:13)

00:04 +60 -2: /Users/mr42/code/flutter/tmp/filler/test/domain/repositories_test.dart: PreferencesRepository should return default preferences when none exist                                          
│ #6   main.<anonymous closure>.<anonymous closure> (file:///Users/mr42/code/flutter/tmp/filler/test/domain/repositories_test.dart:95:27)
│ #7   <asynchronous suspension>

00:04 +60 -2: /Users/mr42/code/flutter/tmp/filler/test/integration/page_state_transitions_test.dart: BLoC State Transitions - All Pages Canvas BLoC - Paint State Transitions                          
│ #1   createTestDatabaseConnection.<anonymous closure> (package:filler/data/database_connection.dart:22:15)
├┄┄┄┄┄┄┄┄┄┄┄┄┄┄┄┄┄┄┄┄┄┄┄┄┄┄┄┄┄┄┄┄┄┄┄┄┄┄┄┄┄┄┄┄┄┄┄┄┄┄┄┄┄┄┄┄┄┄┄┄┄┄┄┄┄┄┄┄┄┄┄┄┄┄┄┄┄┄┄┄┄┄┄┄┄┄┄┄┄┄┄┄┄┄┄┄┄┄┄┄┄┄┄┄┄┄┄┄┄┄┄┄┄┄┄┄┄┄┄

00:04 +60 -2: /Users/mr42/code/flutter/tmp/filler/test/domain/repositories_test.dart: PreferencesRepository should return default preferences when none exist                                          
├┄┄┄┄┄┄┄┄┄┄┄┄┄┄┄┄┄┄┄┄┄┄┄┄┄┄┄┄┄┄┄┄┄┄┄┄┄┄┄┄┄┄┄┄┄┄┄┄┄┄┄┄┄┄┄┄┄┄┄┄┄┄┄┄┄┄┄┄┄┄┄┄┄┄┄┄┄┄┄┄┄┄┄┄┄┄┄┄┄┄┄┄┄┄┄┄┄┄┄┄┄┄┄┄┄┄┄┄┄┄┄┄┄┄┄┄┄┄┄

00:04 +60 -2: /Users/mr42/code/flutter/tmp/filler/test/integration/page_state_transitions_test.dart: BLoC State Transitions - All Pages Canvas BLoC - Paint State Transitions                          
│ 07:38:50.786 (+0:00:02.982029)

00:04 +60 -2: /Users/mr42/code/flutter/tmp/filler/test/domain/repositories_test.dart: PreferencesRepository should return default preferences when none exist                                          
│ 07:38:50.785 (+0:00:00.163549)

00:04 +60 -2: /Users/mr42/code/flutter/tmp/filler/test/integration/page_state_transitions_test.dart: BLoC State Transitions - All Pages Canvas BLoC - Paint State Transitions                          
├┄┄┄┄┄┄┄┄┄┄┄┄┄┄┄┄┄┄┄┄┄┄┄┄┄┄┄┄┄┄┄┄┄┄┄┄┄┄┄┄┄┄┄┄┄┄┄┄┄┄┄┄┄┄┄┄┄┄┄┄┄┄┄┄┄┄┄┄┄┄┄┄┄┄┄┄┄┄┄┄┄┄┄┄┄┄┄┄┄┄┄┄┄┄┄┄┄┄┄┄┄┄┄┄┄┄┄┄┄┄┄┄┄┄┄┄┄┄┄

00:04 +60 -2: /Users/mr42/code/flutter/tmp/filler/test/domain/repositories_test.dart: PreferencesRepository should return default preferences when none exist                                          
├┄┄┄┄┄┄┄┄┄┄┄┄┄┄┄┄┄┄┄┄┄┄┄┄┄┄┄┄┄┄┄┄┄┄┄┄┄┄┄┄┄┄┄┄┄┄┄┄┄┄┄┄┄┄┄┄┄┄┄┄┄┄┄┄┄┄┄┄┄┄┄┄┄┄┄┄┄┄┄┄┄┄┄┄┄┄┄┄┄┄┄┄┄┄┄┄┄┄┄┄┄┄┄┄┄┄┄┄┄┄┄┄┄┄┄┄┄┄┄

00:04 +60 -2: /Users/mr42/code/flutter/tmp/filler/test/integration/page_state_transitions_test.dart: BLoC State Transitions - All Pages Canvas BLoC - Paint State Transitions                          
│ 🐛 💾 Database: Test AppDatabase instance created (in-memory)

00:04 +60 -2: /Users/mr42/code/flutter/tmp/filler/test/domain/repositories_test.dart: PreferencesRepository should return default preferences when none exist                                          
│ 🐛 💾 Database: Setting preference value

00:04 +60 -2: /Users/mr42/code/flutter/tmp/filler/test/integration/page_state_transitions_test.dart: BLoC State Transitions - All Pages Canvas BLoC - Paint State Transitions                          
└───────────────────────────────────────────────────────────────────────────────────────────────────────────────────────

00:04 +60 -2: /Users/mr42/code/flutter/tmp/filler/test/domain/repositories_test.dart: PreferencesRepository should return default preferences when none exist                                          
└───────────────────────────────────────────────────────────────────────────────────────────────────────────────────────
┌───────────────────────────────────────────────────────────────────────────────────────────────────────────────────────
│ {key: height, value: 10}
├┄┄┄┄┄┄┄┄┄┄┄┄┄┄┄┄┄┄┄┄┄┄┄┄┄┄┄┄┄┄┄┄┄┄┄┄┄┄┄┄┄┄┄┄┄┄┄┄┄┄┄┄┄┄┄┄┄┄┄┄┄┄┄┄┄┄┄┄┄┄┄┄┄┄┄┄┄┄┄┄┄┄┄┄┄┄┄┄┄┄┄┄┄┄┄┄┄┄┄┄┄┄┄┄┄┄┄┄┄┄┄┄┄┄┄┄┄┄┄
│ #0   AppLogger.database (package:filler/core/logging.dart:49:13)
│ #1   AppDatabase.setPreferenceValue (package:filler/data/database.dart:337:17)
│ #2   <asynchronous suspension>
│ #3   PreferencesRepository._ensureDefaults (package:filler/domain/repositories.dart:524:9)

00:04 +60 -2: /Users/mr42/code/flutter/tmp/filler/test/integration/page_state_transitions_test.dart: BLoC State Transitions - All Pages Canvas BLoC - Paint State Transitions                          
┌───────────────────────────────────────────────────────────────────────────────────────────────────────────────────────

00:04 +60 -2: /Users/mr42/code/flutter/tmp/filler/test/domain/repositories_test.dart: PreferencesRepository should return default preferences when none exist                                          
│ #4   <asynchronous suspension>

00:04 +60 -2: /Users/mr42/code/flutter/tmp/filler/test/integration/page_state_transitions_test.dart: BLoC State Transitions - All Pages Canvas BLoC - Paint State Transitions                          
│ {version: 4, wasCreated: true, hadUpgrade: false}

00:04 +60 -2: /Users/mr42/code/flutter/tmp/filler/test/domain/repositories_test.dart: PreferencesRepository should return default preferences when none exist                                          
│ #5   PreferencesRepository.get (package:filler/domain/repositories.dart:454:7)

00:04 +60 -2: /Users/mr42/code/flutter/tmp/filler/test/integration/page_state_transitions_test.dart: BLoC State Transitions - All Pages Canvas BLoC - Paint State Transitions                          
├┄┄┄┄┄┄┄┄┄┄┄┄┄┄┄┄┄┄┄┄┄┄┄┄┄┄┄┄┄┄┄┄┄┄┄┄┄┄┄┄┄┄┄┄┄┄┄┄┄┄┄┄┄┄┄┄┄┄┄┄┄┄┄┄┄┄┄┄┄┄┄┄┄┄┄┄┄┄┄┄┄┄┄┄┄┄┄┄┄┄┄┄┄┄┄┄┄┄┄┄┄┄┄┄┄┄┄┄┄┄┄┄┄┄┄┄┄┄┄

00:04 +60 -2: /Users/mr42/code/flutter/tmp/filler/test/domain/repositories_test.dart: PreferencesRepository should return default preferences when none exist                                          
│ #6   <asynchronous suspension>

00:04 +60 -2: /Users/mr42/code/flutter/tmp/filler/test/integration/page_state_transitions_test.dart: BLoC State Transitions - All Pages Canvas BLoC - Paint State Transitions                          
│ #0   AppLogger.database (package:filler/core/logging.dart:49:13)

00:04 +60 -2: /Users/mr42/code/flutter/tmp/filler/test/domain/repositories_test.dart: PreferencesRepository should return default preferences when none exist                                          
│ #7   main.<anonymous closure>.<anonymous closure> (file:///Users/mr42/code/flutter/tmp/filler/test/domain/repositories_test.dart:95:27)

00:04 +60 -2: /Users/mr42/code/flutter/tmp/filler/test/integration/page_state_transitions_test.dart: BLoC State Transitions - All Pages Canvas BLoC - Paint State Transitions                          
│ #1   AppDatabase.migration.<anonymous closure> (package:filler/data/database.dart:211:17)

00:04 +60 -2: /Users/mr42/code/flutter/tmp/filler/test/domain/repositories_test.dart: PreferencesRepository should return default preferences when none exist                                          
├┄┄┄┄┄┄┄┄┄┄┄┄┄┄┄┄┄┄┄┄┄┄┄┄┄┄┄┄┄┄┄┄┄┄┄┄┄┄┄┄┄┄┄┄┄┄┄┄┄┄┄┄┄┄┄┄┄┄┄┄┄┄┄┄┄┄┄┄┄┄┄┄┄┄┄┄┄┄┄┄┄┄┄┄┄┄┄┄┄┄┄┄┄┄┄┄┄┄┄┄┄┄┄┄┄┄┄┄┄┄┄┄┄┄┄┄┄┄┄

00:04 +60 -2: /Users/mr42/code/flutter/tmp/filler/test/integration/page_state_transitions_test.dart: BLoC State Transitions - All Pages Canvas BLoC - Paint State Transitions                          
│ #2   GeneratedDatabase.beforeOpen.<anonymous closure> (package:drift/src/runtime/api/db_base.dart:137:44)

00:04 +60 -2: /Users/mr42/code/flutter/tmp/filler/test/domain/repositories_test.dart: PreferencesRepository should return default preferences when none exist                                          
│ 07:38:50.787 (+0:00:00.165202)

00:04 +60 -2: /Users/mr42/code/flutter/tmp/filler/test/integration/page_state_transitions_test.dart: BLoC State Transitions - All Pages Canvas BLoC - Paint State Transitions                          
│ #3   <asynchronous suspension>

00:04 +60 -2: /Users/mr42/code/flutter/tmp/filler/test/domain/repositories_test.dart: PreferencesRepository should return default preferences when none exist                                          
├┄┄┄┄┄┄┄┄┄┄┄┄┄┄┄┄┄┄┄┄┄┄┄┄┄┄┄┄┄┄┄┄┄┄┄┄┄┄┄┄┄┄┄┄┄┄┄┄┄┄┄┄┄┄┄┄┄┄┄┄┄┄┄┄┄┄┄┄┄┄┄┄┄┄┄┄┄┄┄┄┄┄┄┄┄┄┄┄┄┄┄┄┄┄┄┄┄┄┄┄┄┄┄┄┄┄┄┄┄┄┄┄┄┄┄┄┄┄┄

00:04 +60 -2: /Users/mr42/code/flutter/tmp/filler/test/integration/page_state_transitions_test.dart: BLoC State Transitions - All Pages Canvas BLoC - Paint State Transitions                          
│ #4   DelegatedDatabase._runMigrations (package:drift/src/runtime/executor/helpers/engines.dart:512:5)
│ #5   <asynchronous suspension>

00:04 +60 -2: /Users/mr42/code/flutter/tmp/filler/test/domain/repositories_test.dart: PreferencesRepository should return default preferences when none exist                                          
│ 🐛 💾 Database: Preference value saved
└───────────────────────────────────────────────────────────────────────────────────────────────────────────────────────

00:04 +60 -2: /Users/mr42/code/flutter/tmp/filler/test/integration/page_state_transitions_test.dart: BLoC State Transitions - All Pages Canvas BLoC - Paint State Transitions                          
│ #6   DelegatedDatabase.ensureOpen.<anonymous closure> (package:drift/src/runtime/executor/helpers/engines.dart:476:9)
│ #7   <asynchronous suspension>
├┄┄┄┄┄┄┄┄┄┄┄┄┄┄┄┄┄┄┄┄┄┄┄┄┄┄┄┄┄┄┄┄┄┄┄┄┄┄┄┄┄┄┄┄┄┄┄┄┄┄┄┄┄┄┄┄┄┄┄┄┄┄┄┄┄┄┄┄┄┄┄┄┄┄┄┄┄┄┄┄┄┄┄┄┄┄┄┄┄┄┄┄┄┄┄┄┄┄┄┄┄┄┄┄┄┄┄┄┄┄┄┄┄┄┄┄┄┄┄

00:04 +60 -2: /Users/mr42/code/flutter/tmp/filler/test/domain/repositories_test.dart: PreferencesRepository should return default preferences when none exist                                          
┌───────────────────────────────────────────────────────────────────────────────────────────────────────────────────────

00:04 +60 -2: /Users/mr42/code/flutter/tmp/filler/test/integration/page_state_transitions_test.dart: BLoC State Transitions - All Pages Canvas BLoC - Paint State Transitions                          
│ 07:38:50.787 (+0:00:02.983557)

00:04 +60 -2: /Users/mr42/code/flutter/tmp/filler/test/domain/repositories_test.dart: PreferencesRepository should return default preferences when none exist                                          
│ {key: insets, value: 0}

00:04 +60 -2: /Users/mr42/code/flutter/tmp/filler/test/integration/page_state_transitions_test.dart: BLoC State Transitions - All Pages Canvas BLoC - Paint State Transitions                          
├┄┄┄┄┄┄┄┄┄┄┄┄┄┄┄┄┄┄┄┄┄┄┄┄┄┄┄┄┄┄┄┄┄┄┄┄┄┄┄┄┄┄┄┄┄┄┄┄┄┄┄┄┄┄┄┄┄┄┄┄┄┄┄┄┄┄┄┄┄┄┄┄┄┄┄┄┄┄┄┄┄┄┄┄┄┄┄┄┄┄┄┄┄┄┄┄┄┄┄┄┄┄┄┄┄┄┄┄┄┄┄┄┄┄┄┄┄┄┄

00:04 +60 -2: /Users/mr42/code/flutter/tmp/filler/test/domain/repositories_test.dart: PreferencesRepository should return default preferences when none exist                                          
├┄┄┄┄┄┄┄┄┄┄┄┄┄┄┄┄┄┄┄┄┄┄┄┄┄┄┄┄┄┄┄┄┄┄┄┄┄┄┄┄┄┄┄┄┄┄┄┄┄┄┄┄┄┄┄┄┄┄┄┄┄┄┄┄┄┄┄┄┄┄┄┄┄┄┄┄┄┄┄┄┄┄┄┄┄┄┄┄┄┄┄┄┄┄┄┄┄┄┄┄┄┄┄┄┄┄┄┄┄┄┄┄┄┄┄┄┄┄┄

00:04 +60 -2: /Users/mr42/code/flutter/tmp/filler/test/integration/page_state_transitions_test.dart: BLoC State Transitions - All Pages Canvas BLoC - Paint State Transitions                          
│ 🐛 💾 Database: Database opened

00:04 +60 -2: /Users/mr42/code/flutter/tmp/filler/test/domain/repositories_test.dart: PreferencesRepository should return default preferences when none exist                                          
│ #0   AppLogger.preferences (package:filler/core/logging.dart:64:13)

00:04 +60 -2: /Users/mr42/code/flutter/tmp/filler/test/integration/page_state_transitions_test.dart: BLoC State Transitions - All Pages Canvas BLoC - Paint State Transitions                          
└───────────────────────────────────────────────────────────────────────────────────────────────────────────────────────

00:04 +60 -2: /Users/mr42/code/flutter/tmp/filler/test/domain/repositories_test.dart: PreferencesRepository should return default preferences when none exist                                          
│ #1   PreferencesRepository._ensureDefaults (package:filler/domain/repositories.dart:519:19)
│ #2   <asynchronous suspension>
│ #3   PreferencesRepository.get (package:filler/domain/repositories.dart:454:7)
│ #4   <asynchronous suspension>

00:04 +60 -2: /Users/mr42/code/flutter/tmp/filler/test/integration/page_state_transitions_test.dart: BLoC State Transitions - All Pages Canvas BLoC - Paint State Transitions                          
┌───────────────────────────────────────────────────────────────────────────────────────────────────────────────────────

00:04 +60 -2: /Users/mr42/code/flutter/tmp/filler/test/domain/repositories_test.dart: PreferencesRepository should return default preferences when none exist                                          
│ #5   main.<anonymous closure>.<anonymous closure> (file:///Users/mr42/code/flutter/tmp/filler/test/domain/repositories_test.dart:95:27)

00:04 +60 -2: /Users/mr42/code/flutter/tmp/filler/test/integration/page_state_transitions_test.dart: BLoC State Transitions - All Pages Canvas BLoC - Paint State Transitions                          
│ {count: 0, keys: []}

00:04 +60 -2: /Users/mr42/code/flutter/tmp/filler/test/domain/repositories_test.dart: PreferencesRepository should return default preferences when none exist                                          
│ #6   <asynchronous suspension>

00:04 +60 -2: /Users/mr42/code/flutter/tmp/filler/test/integration/page_state_transitions_test.dart: BLoC State Transitions - All Pages Canvas BLoC - Paint State Transitions                          
├┄┄┄┄┄┄┄┄┄┄┄┄┄┄┄┄┄┄┄┄┄┄┄┄┄┄┄┄┄┄┄┄┄┄┄┄┄┄┄┄┄┄┄┄┄┄┄┄┄┄┄┄┄┄┄┄┄┄┄┄┄┄┄┄┄┄┄┄┄┄┄┄┄┄┄┄┄┄┄┄┄┄┄┄┄┄┄┄┄┄┄┄┄┄┄┄┄┄┄┄┄┄┄┄┄┄┄┄┄┄┄┄┄┄┄┄┄┄┄

00:04 +60 -2: /Users/mr42/code/flutter/tmp/filler/test/domain/repositories_test.dart: PreferencesRepository should return default preferences when none exist                                          
│ #7   Declarer.test.<anonymous closure>.<anonymous closure> (package:test_api/src/backend/declarer.dart:242:9)

00:04 +60 -2: /Users/mr42/code/flutter/tmp/filler/test/integration/page_state_transitions_test.dart: BLoC State Transitions - All Pages Canvas BLoC - Paint State Transitions                          
│ #0   AppLogger.database (package:filler/core/logging.dart:49:13)

00:04 +60 -2: /Users/mr42/code/flutter/tmp/filler/test/domain/repositories_test.dart: PreferencesRepository should return default preferences when none exist                                          
├┄┄┄┄┄┄┄┄┄┄┄┄┄┄┄┄┄┄┄┄┄┄┄┄┄┄┄┄┄┄┄┄┄┄┄┄┄┄┄┄┄┄┄┄┄┄┄┄┄┄┄┄┄┄┄┄┄┄┄┄┄┄┄┄┄┄┄┄┄┄┄┄┄┄┄┄┄┄┄┄┄┄┄┄┄┄┄┄┄┄┄┄┄┄┄┄┄┄┄┄┄┄┄┄┄┄┄┄┄┄┄┄┄┄┄┄┄┄┄

00:04 +60 -2: /Users/mr42/code/flutter/tmp/filler/test/integration/page_state_transitions_test.dart: BLoC State Transitions - All Pages Canvas BLoC - Paint State Transitions                          
│ #1   AppDatabase.getAllPreferences (package:filler/data/database.dart:364:17)

00:04 +60 -2: /Users/mr42/code/flutter/tmp/filler/test/domain/repositories_test.dart: PreferencesRepository should return default preferences when none exist                                          
│ 07:38:50.788 (+0:00:00.166499)

00:04 +60 -2: /Users/mr42/code/flutter/tmp/filler/test/integration/page_state_transitions_test.dart: BLoC State Transitions - All Pages Canvas BLoC - Paint State Transitions                          
│ #2   <asynchronous suspension>
│ #3   PreferencesRepository.get (package:filler/domain/repositories.dart:427:24)

00:04 +60 -2: /Users/mr42/code/flutter/tmp/filler/test/domain/repositories_test.dart: PreferencesRepository should return default preferences when none exist                                          
├┄┄┄┄┄┄┄┄┄┄┄┄┄┄┄┄┄┄┄┄┄┄┄┄┄┄┄┄┄┄┄┄┄┄┄┄┄┄┄┄┄┄┄┄┄┄┄┄┄┄┄┄┄┄┄┄┄┄┄┄┄┄┄┄┄┄┄┄┄┄┄┄┄┄┄┄┄┄┄┄┄┄┄┄┄┄┄┄┄┄┄┄┄┄┄┄┄┄┄┄┄┄┄┄┄┄┄┄┄┄┄┄┄┄┄┄┄┄┄

00:04 +60 -2: /Users/mr42/code/flutter/tmp/filler/test/integration/page_state_transitions_test.dart: BLoC State Transitions - All Pages Canvas BLoC - Paint State Transitions                          
│ #4   <asynchronous suspension>

00:04 +60 -2: /Users/mr42/code/flutter/tmp/filler/test/domain/repositories_test.dart: PreferencesRepository should return default preferences when none exist                                          
│ 🐛 ⚙️ Preferences: Creating missing default preference
└───────────────────────────────────────────────────────────────────────────────────────────────────────────────────────

00:04 +60 -2: /Users/mr42/code/flutter/tmp/filler/test/integration/page_state_transitions_test.dart: BLoC State Transitions - All Pages Canvas BLoC - Paint State Transitions                          
│ #5   new CanvasBloc.<anonymous closure> (package:filler/features/canvas/presentation/canvas_bloc.dart:113:19)
│ #6   <asynchronous suspension>
│ #7   Bloc.on.<anonymous closure>.handleEvent (package:bloc/src/bloc.dart:226:13)

00:04 +60 -2: /Users/mr42/code/flutter/tmp/filler/test/domain/repositories_test.dart: PreferencesRepository should return default preferences when none exist                                          
┌───────────────────────────────────────────────────────────────────────────────────────────────────────────────────────

00:04 +60 -2: /Users/mr42/code/flutter/tmp/filler/test/integration/page_state_transitions_test.dart: BLoC State Transitions - All Pages Canvas BLoC - Paint State Transitions                          
├┄┄┄┄┄┄┄┄┄┄┄┄┄┄┄┄┄┄┄┄┄┄┄┄┄┄┄┄┄┄┄┄┄┄┄┄┄┄┄┄┄┄┄┄┄┄┄┄┄┄┄┄┄┄┄┄┄┄┄┄┄┄┄┄┄┄┄┄┄┄┄┄┄┄┄┄┄┄┄┄┄┄┄┄┄┄┄┄┄┄┄┄┄┄┄┄┄┄┄┄┄┄┄┄┄┄┄┄┄┄┄┄┄┄┄┄┄┄┄

00:04 +60 -2: /Users/mr42/code/flutter/tmp/filler/test/domain/repositories_test.dart: PreferencesRepository should return default preferences when none exist                                          
│ {key: insets, value: 0, type: int}

00:04 +60 -2: /Users/mr42/code/flutter/tmp/filler/test/integration/page_state_transitions_test.dart: BLoC State Transitions - All Pages Canvas BLoC - Paint State Transitions                          
│ 07:38:50.789 (+0:00:02.985065)

00:04 +60 -2: /Users/mr42/code/flutter/tmp/filler/test/domain/repositories_test.dart: PreferencesRepository should return default preferences when none exist                                          
├┄┄┄┄┄┄┄┄┄┄┄┄┄┄┄┄┄┄┄┄┄┄┄┄┄┄┄┄┄┄┄┄┄┄┄┄┄┄┄┄┄┄┄┄┄┄┄┄┄┄┄┄┄┄┄┄┄┄┄┄┄┄┄┄┄┄┄┄┄┄┄┄┄┄┄┄┄┄┄┄┄┄┄┄┄┄┄┄┄┄┄┄┄┄┄┄┄┄┄┄┄┄┄┄┄┄┄┄┄┄┄┄┄┄┄┄┄┄┄

00:04 +60 -2: /Users/mr42/code/flutter/tmp/filler/test/integration/page_state_transitions_test.dart: BLoC State Transitions - All Pages Canvas BLoC - Paint State Transitions                          
├┄┄┄┄┄┄┄┄┄┄┄┄┄┄┄┄┄┄┄┄┄┄┄┄┄┄┄┄┄┄┄┄┄┄┄┄┄┄┄┄┄┄┄┄┄┄┄┄┄┄┄┄┄┄┄┄┄┄┄┄┄┄┄┄┄┄┄┄┄┄┄┄┄┄┄┄┄┄┄┄┄┄┄┄┄┄┄┄┄┄┄┄┄┄┄┄┄┄┄┄┄┄┄┄┄┄┄┄┄┄┄┄┄┄┄┄┄┄┄

00:04 +60 -2: /Users/mr42/code/flutter/tmp/filler/test/domain/repositories_test.dart: PreferencesRepository should return default preferences when none exist                                          
│ #0   AppLogger.database (package:filler/core/logging.dart:49:13)

00:04 +60 -2: /Users/mr42/code/flutter/tmp/filler/test/integration/page_state_transitions_test.dart: BLoC State Transitions - All Pages Canvas BLoC - Paint State Transitions                          
│ 🐛 💾 Database: Retrieved all preferences

00:04 +60 -2: /Users/mr42/code/flutter/tmp/filler/test/domain/repositories_test.dart: PreferencesRepository should return default preferences when none exist                                          
│ #1   AppDatabase.setPreferenceValue (package:filler/data/database.dart:301:15)

00:04 +60 -2: /Users/mr42/code/flutter/tmp/filler/test/integration/page_state_transitions_test.dart: BLoC State Transitions - All Pages Canvas BLoC - Paint State Transitions                          
└───────────────────────────────────────────────────────────────────────────────────────────────────────────────────────

00:04 +60 -2: /Users/mr42/code/flutter/tmp/filler/test/domain/repositories_test.dart: PreferencesRepository should return default preferences when none exist                                          
│ #2   PreferencesRepository._ensureDefaults (package:filler/domain/repositories.dart:524:19)

00:04 +60 -2: /Users/mr42/code/flutter/tmp/filler/test/integration/page_state_transitions_test.dart: BLoC State Transitions - All Pages Canvas BLoC - Paint State Transitions                          
┌───────────────────────────────────────────────────────────────────────────────────────────────────────────────────────

00:04 +60 -2: /Users/mr42/code/flutter/tmp/filler/test/domain/repositories_test.dart: PreferencesRepository should return default preferences when none exist                                          
│ #3   <asynchronous suspension>
│ #4   PreferencesRepository.get (package:filler/domain/repositories.dart:454:7)

00:04 +60 -2: /Users/mr42/code/flutter/tmp/filler/test/integration/page_state_transitions_test.dart: BLoC State Transitions - All Pages Canvas BLoC - Paint State Transitions                          
│ {key: width, defaultValue: 10}
├┄┄┄┄┄┄┄┄┄┄┄┄┄┄┄┄┄┄┄┄┄┄┄┄┄┄┄┄┄┄┄┄┄┄┄┄┄┄┄┄┄┄┄┄┄┄┄┄┄┄┄┄┄┄┄┄┄┄┄┄┄┄┄┄┄┄┄┄┄┄┄┄┄┄┄┄┄┄┄┄┄┄┄┄┄┄┄┄┄┄┄┄┄┄┄┄┄┄┄┄┄┄┄┄┄┄┄┄┄┄┄┄┄┄┄┄┄┄┄

00:04 +60 -2: /Users/mr42/code/flutter/tmp/filler/test/domain/repositories_test.dart: PreferencesRepository should return default preferences when none exist                                          
│ #5   <asynchronous suspension>

00:04 +60 -2: /Users/mr42/code/flutter/tmp/filler/test/integration/page_state_transitions_test.dart: BLoC State Transitions - All Pages Canvas BLoC - Paint State Transitions                          
│ #0   AppLogger.preferences (package:filler/core/logging.dart:64:13)

00:04 +60 -2: /Users/mr42/code/flutter/tmp/filler/test/domain/repositories_test.dart: PreferencesRepository should return default preferences when none exist                                          
│ #6   main.<anonymous closure>.<anonymous closure> (file:///Users/mr42/code/flutter/tmp/filler/test/domain/repositories_test.dart:95:27)
│ #7   <asynchronous suspension>

00:04 +60 -2: /Users/mr42/code/flutter/tmp/filler/test/integration/page_state_transitions_test.dart: BLoC State Transitions - All Pages Canvas BLoC - Paint State Transitions                          
│ #1   PreferencesRepository._getIntValue (package:filler/domain/repositories.dart:493:17)
│ #2   PreferencesRepository.get (package:filler/domain/repositories.dart:431:21)

00:04 +60 -2: /Users/mr42/code/flutter/tmp/filler/test/domain/repositories_test.dart: PreferencesRepository should return default preferences when none exist                                          
├┄┄┄┄┄┄┄┄┄┄┄┄┄┄┄┄┄┄┄┄┄┄┄┄┄┄┄┄┄┄┄┄┄┄┄┄┄┄┄┄┄┄┄┄┄┄┄┄┄┄┄┄┄┄┄┄┄┄┄┄┄┄┄┄┄┄┄┄┄┄┄┄┄┄┄┄┄┄┄┄┄┄┄┄┄┄┄┄┄┄┄┄┄┄┄┄┄┄┄┄┄┄┄┄┄┄┄┄┄┄┄┄┄┄┄┄┄┄┄

00:04 +60 -2: /Users/mr42/code/flutter/tmp/filler/test/integration/page_state_transitions_test.dart: BLoC State Transitions - All Pages Canvas BLoC - Paint State Transitions                          
│ #3   <asynchronous suspension>

00:04 +60 -2: /Users/mr42/code/flutter/tmp/filler/test/domain/repositories_test.dart: PreferencesRepository should return default preferences when none exist                                          
│ 07:38:50.790 (+0:00:00.167880)

00:04 +60 -2: /Users/mr42/code/flutter/tmp/filler/test/integration/page_state_transitions_test.dart: BLoC State Transitions - All Pages Canvas BLoC - Paint State Transitions                          
│ #4   new CanvasBloc.<anonymous closure> (package:filler/features/canvas/presentation/canvas_bloc.dart:113:19)

00:04 +60 -2: /Users/mr42/code/flutter/tmp/filler/test/domain/repositories_test.dart: PreferencesRepository should return default preferences when none exist                                          
├┄┄┄┄┄┄┄┄┄┄┄┄┄┄┄┄┄┄┄┄┄┄┄┄┄┄┄┄┄┄┄┄┄┄┄┄┄┄┄┄┄┄┄┄┄┄┄┄┄┄┄┄┄┄┄┄┄┄┄┄┄┄┄┄┄┄┄┄┄┄┄┄┄┄┄┄┄┄┄┄┄┄┄┄┄┄┄┄┄┄┄┄┄┄┄┄┄┄┄┄┄┄┄┄┄┄┄┄┄┄┄┄┄┄┄┄┄┄┄

00:04 +60 -2: /Users/mr42/code/flutter/tmp/filler/test/integration/page_state_transitions_test.dart: BLoC State Transitions - All Pages Canvas BLoC - Paint State Transitions                          
│ #5   <asynchronous suspension>

00:04 +60 -2: /Users/mr42/code/flutter/tmp/filler/test/domain/repositories_test.dart: PreferencesRepository should return default preferences when none exist                                          
│ 🐛 💾 Database: Setting preference value

00:04 +60 -2: /Users/mr42/code/flutter/tmp/filler/test/integration/page_state_transitions_test.dart: BLoC State Transitions - All Pages Canvas BLoC - Paint State Transitions                          
│ #6   Bloc.on.<anonymous closure>.handleEvent (package:bloc/src/bloc.dart:226:13)

00:04 +60 -2: /Users/mr42/code/flutter/tmp/filler/test/domain/repositories_test.dart: PreferencesRepository should return default preferences when none exist                                          
└───────────────────────────────────────────────────────────────────────────────────────────────────────────────────────

00:04 +60 -2: /Users/mr42/code/flutter/tmp/filler/test/integration/page_state_transitions_test.dart: BLoC State Transitions - All Pages Canvas BLoC - Paint State Transitions                          
│ #7   <asynchronous suspension>
├┄┄┄┄┄┄┄┄┄┄┄┄┄┄┄┄┄┄┄┄┄┄┄┄┄┄┄┄┄┄┄┄┄┄┄┄┄┄┄┄┄┄┄┄┄┄┄┄┄┄┄┄┄┄┄┄┄┄┄┄┄┄┄┄┄┄┄┄┄┄┄┄┄┄┄┄┄┄┄┄┄┄┄┄┄┄┄┄┄┄┄┄┄┄┄┄┄┄┄┄┄┄┄┄┄┄┄┄┄┄┄┄┄┄┄┄┄┄┄
│ 07:38:50.790 (+0:00:02.986355)
├┄┄┄┄┄┄┄┄┄┄┄┄┄┄┄┄┄┄┄┄┄┄┄┄┄┄┄┄┄┄┄┄┄┄┄┄┄┄┄┄┄┄┄┄┄┄┄┄┄┄┄┄┄┄┄┄┄┄┄┄┄┄┄┄┄┄┄┄┄┄┄┄┄┄┄┄┄┄┄┄┄┄┄┄┄┄┄┄┄┄┄┄┄┄┄┄┄┄┄┄┄┄┄┄┄┄┄┄┄┄┄┄┄┄┄┄┄┄┄
│ 🐛 ⚙️ Preferences: Using default for missing key
└───────────────────────────────────────────────────────────────────────────────────────────────────────────────────────
┌───────────────────────────────────────────────────────────────────────────────────────────────────────────────────────

00:04 +60 -2: /Users/mr42/code/flutter/tmp/filler/test/domain/repositories_test.dart: PreferencesRepository should return default preferences when none exist                                          
┌───────────────────────────────────────────────────────────────────────────────────────────────────────────────────────

00:04 +60 -2: /Users/mr42/code/flutter/tmp/filler/test/integration/page_state_transitions_test.dart: BLoC State Transitions - All Pages Canvas BLoC - Paint State Transitions                          
│ {key: height, defaultValue: 10}

00:04 +60 -2: /Users/mr42/code/flutter/tmp/filler/test/domain/repositories_test.dart: PreferencesRepository should return default preferences when none exist                                          
│ {key: insets, value: 0}
├┄┄┄┄┄┄┄┄┄┄┄┄┄┄┄┄┄┄┄┄┄┄┄┄┄┄┄┄┄┄┄┄┄┄┄┄┄┄┄┄┄┄┄┄┄┄┄┄┄┄┄┄┄┄┄┄┄┄┄┄┄┄┄┄┄┄┄┄┄┄┄┄┄┄┄┄┄┄┄┄┄┄┄┄┄┄┄┄┄┄┄┄┄┄┄┄┄┄┄┄┄┄┄┄┄┄┄┄┄┄┄┄┄┄┄┄┄┄┄

00:04 +60 -2: /Users/mr42/code/flutter/tmp/filler/test/integration/page_state_transitions_test.dart: BLoC State Transitions - All Pages Canvas BLoC - Paint State Transitions                          
├┄┄┄┄┄┄┄┄┄┄┄┄┄┄┄┄┄┄┄┄┄┄┄┄┄┄┄┄┄┄┄┄┄┄┄┄┄┄┄┄┄┄┄┄┄┄┄┄┄┄┄┄┄┄┄┄┄┄┄┄┄┄┄┄┄┄┄┄┄┄┄┄┄┄┄┄┄┄┄┄┄┄┄┄┄┄┄┄┄┄┄┄┄┄┄┄┄┄┄┄┄┄┄┄┄┄┄┄┄┄┄┄┄┄┄┄┄┄┄
│ #0   AppLogger.preferences (package:filler/core/logging.dart:64:13)

00:04 +60 -2: /Users/mr42/code/flutter/tmp/filler/test/domain/repositories_test.dart: PreferencesRepository should return default preferences when none exist                                          
│ #0   AppLogger.database (package:filler/core/logging.dart:49:13)

00:04 +60 -2: /Users/mr42/code/flutter/tmp/filler/test/integration/page_state_transitions_test.dart: BLoC State Transitions - All Pages Canvas BLoC - Paint State Transitions                          
│ #1   PreferencesRepository._getIntValue (package:filler/domain/repositories.dart:493:17)

00:04 +60 -2: /Users/mr42/code/flutter/tmp/filler/test/domain/repositories_test.dart: PreferencesRepository should return default preferences when none exist                                          
│ #1   AppDatabase.setPreferenceValue (package:filler/data/database.dart:337:17)

00:04 +60 -2: /Users/mr42/code/flutter/tmp/filler/test/integration/page_state_transitions_test.dart: BLoC State Transitions - All Pages Canvas BLoC - Paint State Transitions                          
│ #2   PreferencesRepository.get (package:filler/domain/repositories.dart:432:22)

00:04 +60 -2: /Users/mr42/code/flutter/tmp/filler/test/domain/repositories_test.dart: PreferencesRepository should return default preferences when none exist                                          
│ #2   <asynchronous suspension>

00:04 +60 -2: /Users/mr42/code/flutter/tmp/filler/test/integration/page_state_transitions_test.dart: BLoC State Transitions - All Pages Canvas BLoC - Paint State Transitions                          
│ #3   <asynchronous suspension>
│ #4   new CanvasBloc.<anonymous closure> (package:filler/features/canvas/presentation/canvas_bloc.dart:113:19)

00:04 +60 -2: /Users/mr42/code/flutter/tmp/filler/test/domain/repositories_test.dart: PreferencesRepository should return default preferences when none exist                                          
│ #3   PreferencesRepository._ensureDefaults (package:filler/domain/repositories.dart:524:9)

00:04 +60 -2: /Users/mr42/code/flutter/tmp/filler/test/integration/page_state_transitions_test.dart: BLoC State Transitions - All Pages Canvas BLoC - Paint State Transitions                          
│ #5   <asynchronous suspension>

00:04 +60 -2: /Users/mr42/code/flutter/tmp/filler/test/domain/repositories_test.dart: PreferencesRepository should return default preferences when none exist                                          
│ #4   <asynchronous suspension>

00:04 +60 -2: /Users/mr42/code/flutter/tmp/filler/test/integration/page_state_transitions_test.dart: BLoC State Transitions - All Pages Canvas BLoC - Paint State Transitions                          
│ #6   Bloc.on.<anonymous closure>.handleEvent (package:bloc/src/bloc.dart:226:13)

00:04 +60 -2: /Users/mr42/code/flutter/tmp/filler/test/domain/repositories_test.dart: PreferencesRepository should return default preferences when none exist                                          
│ #5   PreferencesRepository.get (package:filler/domain/repositories.dart:454:7)

00:04 +60 -2: /Users/mr42/code/flutter/tmp/filler/test/integration/page_state_transitions_test.dart: BLoC State Transitions - All Pages Canvas BLoC - Paint State Transitions                          
│ #7   <asynchronous suspension>

00:04 +60 -2: /Users/mr42/code/flutter/tmp/filler/test/domain/repositories_test.dart: PreferencesRepository should return default preferences when none exist                                          
│ #6   <asynchronous suspension>

00:04 +60 -2: /Users/mr42/code/flutter/tmp/filler/test/integration/page_state_transitions_test.dart: BLoC State Transitions - All Pages Canvas BLoC - Paint State Transitions                          
├┄┄┄┄┄┄┄┄┄┄┄┄┄┄┄┄┄┄┄┄┄┄┄┄┄┄┄┄┄┄┄┄┄┄┄┄┄┄┄┄┄┄┄┄┄┄┄┄┄┄┄┄┄┄┄┄┄┄┄┄┄┄┄┄┄┄┄┄┄┄┄┄┄┄┄┄┄┄┄┄┄┄┄┄┄┄┄┄┄┄┄┄┄┄┄┄┄┄┄┄┄┄┄┄┄┄┄┄┄┄┄┄┄┄┄┄┄┄┄

00:04 +60 -2: /Users/mr42/code/flutter/tmp/filler/test/domain/repositories_test.dart: PreferencesRepository should return default preferences when none exist                                          
│ #7   main.<anonymous closure>.<anonymous closure> (file:///Users/mr42/code/flutter/tmp/filler/test/domain/repositories_test.dart:95:27)

00:04 +60 -2: /Users/mr42/code/flutter/tmp/filler/test/integration/page_state_transitions_test.dart: BLoC State Transitions - All Pages Canvas BLoC - Paint State Transitions                          
│ 07:38:50.791 (+0:00:02.987584)

00:04 +60 -2: /Users/mr42/code/flutter/tmp/filler/test/domain/repositories_test.dart: PreferencesRepository should return default preferences when none exist                                          
├┄┄┄┄┄┄┄┄┄┄┄┄┄┄┄┄┄┄┄┄┄┄┄┄┄┄┄┄┄┄┄┄┄┄┄┄┄┄┄┄┄┄┄┄┄┄┄┄┄┄┄┄┄┄┄┄┄┄┄┄┄┄┄┄┄┄┄┄┄┄┄┄┄┄┄┄┄┄┄┄┄┄┄┄┄┄┄┄┄┄┄┄┄┄┄┄┄┄┄┄┄┄┄┄┄┄┄┄┄┄┄┄┄┄┄┄┄┄┄

00:04 +60 -2: /Users/mr42/code/flutter/tmp/filler/test/integration/page_state_transitions_test.dart: BLoC State Transitions - All Pages Canvas BLoC - Paint State Transitions                          
├┄┄┄┄┄┄┄┄┄┄┄┄┄┄┄┄┄┄┄┄┄┄┄┄┄┄┄┄┄┄┄┄┄┄┄┄┄┄┄┄┄┄┄┄┄┄┄┄┄┄┄┄┄┄┄┄┄┄┄┄┄┄┄┄┄┄┄┄┄┄┄┄┄┄┄┄┄┄┄┄┄┄┄┄┄┄┄┄┄┄┄┄┄┄┄┄┄┄┄┄┄┄┄┄┄┄┄┄┄┄┄┄┄┄┄┄┄┄┄

00:04 +60 -2: /Users/mr42/code/flutter/tmp/filler/test/domain/repositories_test.dart: PreferencesRepository should return default preferences when none exist                                          
│ 07:38:50.791 (+0:00:00.169620)

00:04 +60 -2: /Users/mr42/code/flutter/tmp/filler/test/integration/page_state_transitions_test.dart: BLoC State Transitions - All Pages Canvas BLoC - Paint State Transitions                          
│ 🐛 ⚙️ Preferences: Using default for missing key

00:04 +60 -2: /Users/mr42/code/flutter/tmp/filler/test/domain/repositories_test.dart: PreferencesRepository should return default preferences when none exist                                          
├┄┄┄┄┄┄┄┄┄┄┄┄┄┄┄┄┄┄┄┄┄┄┄┄┄┄┄┄┄┄┄┄┄┄┄┄┄┄┄┄┄┄┄┄┄┄┄┄┄┄┄┄┄┄┄┄┄┄┄┄┄┄┄┄┄┄┄┄┄┄┄┄┄┄┄┄┄┄┄┄┄┄┄┄┄┄┄┄┄┄┄┄┄┄┄┄┄┄┄┄┄┄┄┄┄┄┄┄┄┄┄┄┄┄┄┄┄┄┄

00:04 +60 -2: /Users/mr42/code/flutter/tmp/filler/test/integration/page_state_transitions_test.dart: BLoC State Transitions - All Pages Canvas BLoC - Paint State Transitions                          
└───────────────────────────────────────────────────────────────────────────────────────────────────────────────────────

00:04 +60 -2: /Users/mr42/code/flutter/tmp/filler/test/domain/repositories_test.dart: PreferencesRepository should return default preferences when none exist                                          
│ 🐛 💾 Database: Preference value saved
└───────────────────────────────────────────────────────────────────────────────────────────────────────────────────────

00:04 +60 -2: /Users/mr42/code/flutter/tmp/filler/test/integration/page_state_transitions_test.dart: BLoC State Transitions - All Pages Canvas BLoC - Paint State Transitions                          
┌───────────────────────────────────────────────────────────────────────────────────────────────────────────────────────
│ {key: insets, defaultValue: 0}

00:04 +60 -2: /Users/mr42/code/flutter/tmp/filler/test/domain/repositories_test.dart: PreferencesRepository should return default preferences when none exist                                          
┌───────────────────────────────────────────────────────────────────────────────────────────────────────────────────────

00:04 +60 -2: /Users/mr42/code/flutter/tmp/filler/test/integration/page_state_transitions_test.dart: BLoC State Transitions - All Pages Canvas BLoC - Paint State Transitions                          
├┄┄┄┄┄┄┄┄┄┄┄┄┄┄┄┄┄┄┄┄┄┄┄┄┄┄┄┄┄┄┄┄┄┄┄┄┄┄┄┄┄┄┄┄┄┄┄┄┄┄┄┄┄┄┄┄┄┄┄┄┄┄┄┄┄┄┄┄┄┄┄┄┄┄┄┄┄┄┄┄┄┄┄┄┄┄┄┄┄┄┄┄┄┄┄┄┄┄┄┄┄┄┄┄┄┄┄┄┄┄┄┄┄┄┄┄┄┄┄

00:04 +60 -2: /Users/mr42/code/flutter/tmp/filler/test/domain/repositories_test.dart: PreferencesRepository should return default preferences when none exist                                          
│ {key: defaultPattern, value: 1}

00:04 +60 -2: /Users/mr42/code/flutter/tmp/filler/test/integration/page_state_transitions_test.dart: BLoC State Transitions - All Pages Canvas BLoC - Paint State Transitions                          
│ #0   AppLogger.preferences (package:filler/core/logging.dart:64:13)

00:04 +60 -2: /Users/mr42/code/flutter/tmp/filler/test/domain/repositories_test.dart: PreferencesRepository should return default preferences when none exist                                          
├┄┄┄┄┄┄┄┄┄┄┄┄┄┄┄┄┄┄┄┄┄┄┄┄┄┄┄┄┄┄┄┄┄┄┄┄┄┄┄┄┄┄┄┄┄┄┄┄┄┄┄┄┄┄┄┄┄┄┄┄┄┄┄┄┄┄┄┄┄┄┄┄┄┄┄┄┄┄┄┄┄┄┄┄┄┄┄┄┄┄┄┄┄┄┄┄┄┄┄┄┄┄┄┄┄┄┄┄┄┄┄┄┄┄┄┄┄┄┄

00:04 +60 -2: /Users/mr42/code/flutter/tmp/filler/test/integration/page_state_transitions_test.dart: BLoC State Transitions - All Pages Canvas BLoC - Paint State Transitions                          
│ #1   PreferencesRepository._getIntValue (package:filler/domain/repositories.dart:493:17)

00:04 +60 -2: /Users/mr42/code/flutter/tmp/filler/test/domain/repositories_test.dart: PreferencesRepository should return default preferences when none exist                                          
│ #0   AppLogger.preferences (package:filler/core/logging.dart:64:13)

00:04 +60 -2: /Users/mr42/code/flutter/tmp/filler/test/integration/page_state_transitions_test.dart: BLoC State Transitions - All Pages Canvas BLoC - Paint State Transitions                          
│ #2   PreferencesRepository.get (package:filler/domain/repositories.dart:437:22)

00:04 +60 -2: /Users/mr42/code/flutter/tmp/filler/test/domain/repositories_test.dart: PreferencesRepository should return default preferences when none exist                                          
│ #1   PreferencesRepository._ensureDefaults (package:filler/domain/repositories.dart:519:19)

00:04 +60 -2: /Users/mr42/code/flutter/tmp/filler/test/integration/page_state_transitions_test.dart: BLoC State Transitions - All Pages Canvas BLoC - Paint State Transitions                          
│ #3   <asynchronous suspension>

00:04 +60 -2: /Users/mr42/code/flutter/tmp/filler/test/domain/repositories_test.dart: PreferencesRepository should return default preferences when none exist                                          
│ #2   <asynchronous suspension>

00:04 +60 -2: /Users/mr42/code/flutter/tmp/filler/test/integration/page_state_transitions_test.dart: BLoC State Transitions - All Pages Canvas BLoC - Paint State Transitions                          
│ #4   new CanvasBloc.<anonymous closure> (package:filler/features/canvas/presentation/canvas_bloc.dart:113:19)

00:04 +60 -2: /Users/mr42/code/flutter/tmp/filler/test/domain/repositories_test.dart: PreferencesRepository should return default preferences when none exist                                          
│ #3   PreferencesRepository.get (package:filler/domain/repositories.dart:454:7)

00:04 +60 -2: /Users/mr42/code/flutter/tmp/filler/test/integration/page_state_transitions_test.dart: BLoC State Transitions - All Pages Canvas BLoC - Paint State Transitions                          
│ #5   <asynchronous suspension>

00:04 +60 -2: /Users/mr42/code/flutter/tmp/filler/test/domain/repositories_test.dart: PreferencesRepository should return default preferences when none exist                                          
│ #4   <asynchronous suspension>

00:04 +60 -2: /Users/mr42/code/flutter/tmp/filler/test/integration/page_state_transitions_test.dart: BLoC State Transitions - All Pages Canvas BLoC - Paint State Transitions                          
│ #6   Bloc.on.<anonymous closure>.handleEvent (package:bloc/src/bloc.dart:226:13)

00:04 +60 -2: /Users/mr42/code/flutter/tmp/filler/test/domain/repositories_test.dart: PreferencesRepository should return default preferences when none exist                                          
│ #5   main.<anonymous closure>.<anonymous closure> (file:///Users/mr42/code/flutter/tmp/filler/test/domain/repositories_test.dart:95:27)

00:04 +60 -2: /Users/mr42/code/flutter/tmp/filler/test/integration/page_state_transitions_test.dart: BLoC State Transitions - All Pages Canvas BLoC - Paint State Transitions                          
│ #7   <asynchronous suspension>

00:04 +60 -2: /Users/mr42/code/flutter/tmp/filler/test/domain/repositories_test.dart: PreferencesRepository should return default preferences when none exist                                          
│ #6   <asynchronous suspension>

00:04 +60 -2: /Users/mr42/code/flutter/tmp/filler/test/integration/page_state_transitions_test.dart: BLoC State Transitions - All Pages Canvas BLoC - Paint State Transitions                          
├┄┄┄┄┄┄┄┄┄┄┄┄┄┄┄┄┄┄┄┄┄┄┄┄┄┄┄┄┄┄┄┄┄┄┄┄┄┄┄┄┄┄┄┄┄┄┄┄┄┄┄┄┄┄┄┄┄┄┄┄┄┄┄┄┄┄┄┄┄┄┄┄┄┄┄┄┄┄┄┄┄┄┄┄┄┄┄┄┄┄┄┄┄┄┄┄┄┄┄┄┄┄┄┄┄┄┄┄┄┄┄┄┄┄┄┄┄┄┄

00:04 +60 -2: /Users/mr42/code/flutter/tmp/filler/test/domain/repositories_test.dart: PreferencesRepository should return default preferences when none exist                                          
│ #7   Declarer.test.<anonymous closure>.<anonymous closure> (package:test_api/src/backend/declarer.dart:242:9)

00:04 +60 -2: /Users/mr42/code/flutter/tmp/filler/test/integration/page_state_transitions_test.dart: BLoC State Transitions - All Pages Canvas BLoC - Paint State Transitions                          
│ 07:38:50.793 (+0:00:02.988828)
├┄┄┄┄┄┄┄┄┄┄┄┄┄┄┄┄┄┄┄┄┄┄┄┄┄┄┄┄┄┄┄┄┄┄┄┄┄┄┄┄┄┄┄┄┄┄┄┄┄┄┄┄┄┄┄┄┄┄┄┄┄┄┄┄┄┄┄┄┄┄┄┄┄┄┄┄┄┄┄┄┄┄┄┄┄┄┄┄┄┄┄┄┄┄┄┄┄┄┄┄┄┄┄┄┄┄┄┄┄┄┄┄┄┄┄┄┄┄┄

00:04 +60 -2: /Users/mr42/code/flutter/tmp/filler/test/domain/repositories_test.dart: PreferencesRepository should return default preferences when none exist                                          
├┄┄┄┄┄┄┄┄┄┄┄┄┄┄┄┄┄┄┄┄┄┄┄┄┄┄┄┄┄┄┄┄┄┄┄┄┄┄┄┄┄┄┄┄┄┄┄┄┄┄┄┄┄┄┄┄┄┄┄┄┄┄┄┄┄┄┄┄┄┄┄┄┄┄┄┄┄┄┄┄┄┄┄┄┄┄┄┄┄┄┄┄┄┄┄┄┄┄┄┄┄┄┄┄┄┄┄┄┄┄┄┄┄┄┄┄┄┄┄

00:04 +60 -2: /Users/mr42/code/flutter/tmp/filler/test/integration/page_state_transitions_test.dart: BLoC State Transitions - All Pages Canvas BLoC - Paint State Transitions                          
│ 🐛 ⚙️ Preferences: Using default for missing key

00:04 +60 -2: /Users/mr42/code/flutter/tmp/filler/test/domain/repositories_test.dart: PreferencesRepository should return default preferences when none exist                                          
│ 07:38:50.793 (+0:00:00.170984)
├┄┄┄┄┄┄┄┄┄┄┄┄┄┄┄┄┄┄┄┄┄┄┄┄┄┄┄┄┄┄┄┄┄┄┄┄┄┄┄┄┄┄┄┄┄┄┄┄┄┄┄┄┄┄┄┄┄┄┄┄┄┄┄┄┄┄┄┄┄┄┄┄┄┄┄┄┄┄┄┄┄┄┄┄┄┄┄┄┄┄┄┄┄┄┄┄┄┄┄┄┄┄┄┄┄┄┄┄┄┄┄┄┄┄┄┄┄┄┄

00:04 +60 -2: /Users/mr42/code/flutter/tmp/filler/test/integration/page_state_transitions_test.dart: BLoC State Transitions - All Pages Canvas BLoC - Paint State Transitions                          
└───────────────────────────────────────────────────────────────────────────────────────────────────────────────────────

00:04 +60 -2: /Users/mr42/code/flutter/tmp/filler/test/domain/repositories_test.dart: PreferencesRepository should return default preferences when none exist                                          
│ 🐛 ⚙️ Preferences: Creating missing default preference

00:04 +60 -2: /Users/mr42/code/flutter/tmp/filler/test/integration/page_state_transitions_test.dart: BLoC State Transitions - All Pages Canvas BLoC - Paint State Transitions                          
┌───────────────────────────────────────────────────────────────────────────────────────────────────────────────────────

00:04 +60 -2: /Users/mr42/code/flutter/tmp/filler/test/domain/repositories_test.dart: PreferencesRepository should return default preferences when none exist                                          
└───────────────────────────────────────────────────────────────────────────────────────────────────────────────────────

00:04 +60 -2: /Users/mr42/code/flutter/tmp/filler/test/integration/page_state_transitions_test.dart: BLoC State Transitions - All Pages Canvas BLoC - Paint State Transitions                          
│ {key: defaultPattern, defaultValue: 1}
├┄┄┄┄┄┄┄┄┄┄┄┄┄┄┄┄┄┄┄┄┄┄┄┄┄┄┄┄┄┄┄┄┄┄┄┄┄┄┄┄┄┄┄┄┄┄┄┄┄┄┄┄┄┄┄┄┄┄┄┄┄┄┄┄┄┄┄┄┄┄┄┄┄┄┄┄┄┄┄┄┄┄┄┄┄┄┄┄┄┄┄┄┄┄┄┄┄┄┄┄┄┄┄┄┄┄┄┄┄┄┄┄┄┄┄┄┄┄┄

00:04 +60 -2: /Users/mr42/code/flutter/tmp/filler/test/domain/repositories_test.dart: PreferencesRepository should return default preferences when none exist                                          
┌───────────────────────────────────────────────────────────────────────────────────────────────────────────────────────

00:04 +60 -2: /Users/mr42/code/flutter/tmp/filler/test/integration/page_state_transitions_test.dart: BLoC State Transitions - All Pages Canvas BLoC - Paint State Transitions                          
│ #0   AppLogger.preferences (package:filler/core/logging.dart:64:13)

00:04 +60 -2: /Users/mr42/code/flutter/tmp/filler/test/domain/repositories_test.dart: PreferencesRepository should return default preferences when none exist                                          
│ {key: defaultPattern, value: 1, type: int}

00:04 +60 -2: /Users/mr42/code/flutter/tmp/filler/test/integration/page_state_transitions_test.dart: BLoC State Transitions - All Pages Canvas BLoC - Paint State Transitions                          
│ #1   PreferencesRepository._getIntValue (package:filler/domain/repositories.dart:493:17)

00:04 +60 -2: /Users/mr42/code/flutter/tmp/filler/test/domain/repositories_test.dart: PreferencesRepository should return default preferences when none exist                                          
├┄┄┄┄┄┄┄┄┄┄┄┄┄┄┄┄┄┄┄┄┄┄┄┄┄┄┄┄┄┄┄┄┄┄┄┄┄┄┄┄┄┄┄┄┄┄┄┄┄┄┄┄┄┄┄┄┄┄┄┄┄┄┄┄┄┄┄┄┄┄┄┄┄┄┄┄┄┄┄┄┄┄┄┄┄┄┄┄┄┄┄┄┄┄┄┄┄┄┄┄┄┄┄┄┄┄┄┄┄┄┄┄┄┄┄┄┄┄┄

00:04 +60 -2: /Users/mr42/code/flutter/tmp/filler/test/integration/page_state_transitions_test.dart: BLoC State Transitions - All Pages Canvas BLoC - Paint State Transitions                          
│ #2   PreferencesRepository.get (package:filler/domain/repositories.dart:442:30)

00:04 +60 -2: /Users/mr42/code/flutter/tmp/filler/test/domain/repositories_test.dart: PreferencesRepository should return default preferences when none exist                                          
│ #0   AppLogger.database (package:filler/core/logging.dart:49:13)

00:04 +60 -2: /Users/mr42/code/flutter/tmp/filler/test/integration/page_state_transitions_test.dart: BLoC State Transitions - All Pages Canvas BLoC - Paint State Transitions                          
│ #3   <asynchronous suspension>

00:04 +60 -2: /Users/mr42/code/flutter/tmp/filler/test/domain/repositories_test.dart: PreferencesRepository should return default preferences when none exist                                          
│ #1   AppDatabase.setPreferenceValue (package:filler/data/database.dart:301:15)

00:04 +60 -2: /Users/mr42/code/flutter/tmp/filler/test/integration/page_state_transitions_test.dart: BLoC State Transitions - All Pages Canvas BLoC - Paint State Transitions                          
│ #4   new CanvasBloc.<anonymous closure> (package:filler/features/canvas/presentation/canvas_bloc.dart:113:19)
│ #5   <asynchronous suspension>

00:04 +60 -2: /Users/mr42/code/flutter/tmp/filler/test/domain/repositories_test.dart: PreferencesRepository should return default preferences when none exist                                          
│ #2   PreferencesRepository._ensureDefaults (package:filler/domain/repositories.dart:524:19)

00:04 +60 -2: /Users/mr42/code/flutter/tmp/filler/test/integration/page_state_transitions_test.dart: BLoC State Transitions - All Pages Canvas BLoC - Paint State Transitions                          
│ #6   Bloc.on.<anonymous closure>.handleEvent (package:bloc/src/bloc.dart:226:13)

00:04 +60 -2: /Users/mr42/code/flutter/tmp/filler/test/domain/repositories_test.dart: PreferencesRepository should return default preferences when none exist                                          
│ #3   <asynchronous suspension>

00:04 +60 -2: /Users/mr42/code/flutter/tmp/filler/test/integration/page_state_transitions_test.dart: BLoC State Transitions - All Pages Canvas BLoC - Paint State Transitions                          
│ #7   <asynchronous suspension>

00:04 +60 -2: /Users/mr42/code/flutter/tmp/filler/test/domain/repositories_test.dart: PreferencesRepository should return default preferences when none exist                                          
│ #4   PreferencesRepository.get (package:filler/domain/repositories.dart:454:7)

00:04 +60 -2: /Users/mr42/code/flutter/tmp/filler/test/integration/page_state_transitions_test.dart: BLoC State Transitions - All Pages Canvas BLoC - Paint State Transitions                          
├┄┄┄┄┄┄┄┄┄┄┄┄┄┄┄┄┄┄┄┄┄┄┄┄┄┄┄┄┄┄┄┄┄┄┄┄┄┄┄┄┄┄┄┄┄┄┄┄┄┄┄┄┄┄┄┄┄┄┄┄┄┄┄┄┄┄┄┄┄┄┄┄┄┄┄┄┄┄┄┄┄┄┄┄┄┄┄┄┄┄┄┄┄┄┄┄┄┄┄┄┄┄┄┄┄┄┄┄┄┄┄┄┄┄┄┄┄┄┄

00:04 +60 -2: /Users/mr42/code/flutter/tmp/filler/test/domain/repositories_test.dart: PreferencesRepository should return default preferences when none exist                                          
│ #5   <asynchronous suspension>

00:04 +60 -2: /Users/mr42/code/flutter/tmp/filler/test/integration/page_state_transitions_test.dart: BLoC State Transitions - All Pages Canvas BLoC - Paint State Transitions                          
│ 07:38:50.794 (+0:00:02.990109)
├┄┄┄┄┄┄┄┄┄┄┄┄┄┄┄┄┄┄┄┄┄┄┄┄┄┄┄┄┄┄┄┄┄┄┄┄┄┄┄┄┄┄┄┄┄┄┄┄┄┄┄┄┄┄┄┄┄┄┄┄┄┄┄┄┄┄┄┄┄┄┄┄┄┄┄┄┄┄┄┄┄┄┄┄┄┄┄┄┄┄┄┄┄┄┄┄┄┄┄┄┄┄┄┄┄┄┄┄┄┄┄┄┄┄┄┄┄┄┄

00:04 +60 -2: /Users/mr42/code/flutter/tmp/filler/test/domain/repositories_test.dart: PreferencesRepository should return default preferences when none exist                                          
│ #6   main.<anonymous closure>.<anonymous closure> (file:///Users/mr42/code/flutter/tmp/filler/test/domain/repositories_test.dart:95:27)

00:04 +60 -2: /Users/mr42/code/flutter/tmp/filler/test/integration/page_state_transitions_test.dart: BLoC State Transitions - All Pages Canvas BLoC - Paint State Transitions                          
│ 🐛 ⚙️ Preferences: Using default for missing key

00:04 +60 -2: /Users/mr42/code/flutter/tmp/filler/test/domain/repositories_test.dart: PreferencesRepository should return default preferences when none exist                                          
│ #7   <asynchronous suspension>

00:04 +60 -2: /Users/mr42/code/flutter/tmp/filler/test/integration/page_state_transitions_test.dart: BLoC State Transitions - All Pages Canvas BLoC - Paint State Transitions                          
└───────────────────────────────────────────────────────────────────────────────────────────────────────────────────────

00:04 +60 -2: /Users/mr42/code/flutter/tmp/filler/test/domain/repositories_test.dart: PreferencesRepository should return default preferences when none exist                                          
├┄┄┄┄┄┄┄┄┄┄┄┄┄┄┄┄┄┄┄┄┄┄┄┄┄┄┄┄┄┄┄┄┄┄┄┄┄┄┄┄┄┄┄┄┄┄┄┄┄┄┄┄┄┄┄┄┄┄┄┄┄┄┄┄┄┄┄┄┄┄┄┄┄┄┄┄┄┄┄┄┄┄┄┄┄┄┄┄┄┄┄┄┄┄┄┄┄┄┄┄┄┄┄┄┄┄┄┄┄┄┄┄┄┄┄┄┄┄┄
│ 07:38:50.794 (+0:00:00.172326)

00:04 +60 -2: /Users/mr42/code/flutter/tmp/filler/test/integration/page_state_transitions_test.dart: BLoC State Transitions - All Pages Canvas BLoC - Paint State Transitions                          
┌───────────────────────────────────────────────────────────────────────────────────────────────────────────────────────

00:04 +60 -2: /Users/mr42/code/flutter/tmp/filler/test/domain/repositories_test.dart: PreferencesRepository should return default preferences when none exist                                          
├┄┄┄┄┄┄┄┄┄┄┄┄┄┄┄┄┄┄┄┄┄┄┄┄┄┄┄┄┄┄┄┄┄┄┄┄┄┄┄┄┄┄┄┄┄┄┄┄┄┄┄┄┄┄┄┄┄┄┄┄┄┄┄┄┄┄┄┄┄┄┄┄┄┄┄┄┄┄┄┄┄┄┄┄┄┄┄┄┄┄┄┄┄┄┄┄┄┄┄┄┄┄┄┄┄┄┄┄┄┄┄┄┄┄┄┄┄┄┄

00:04 +60 -2: /Users/mr42/code/flutter/tmp/filler/test/integration/page_state_transitions_test.dart: BLoC State Transitions - All Pages Canvas BLoC - Paint State Transitions                          
│ {key: themeMode, defaultValue: 2}
├┄┄┄┄┄┄┄┄┄┄┄┄┄┄┄┄┄┄┄┄┄┄┄┄┄┄┄┄┄┄┄┄┄┄┄┄┄┄┄┄┄┄┄┄┄┄┄┄┄┄┄┄┄┄┄┄┄┄┄┄┄┄┄┄┄┄┄┄┄┄┄┄┄┄┄┄┄┄┄┄┄┄┄┄┄┄┄┄┄┄┄┄┄┄┄┄┄┄┄┄┄┄┄┄┄┄┄┄┄┄┄┄┄┄┄┄┄┄┄

00:04 +60 -2: /Users/mr42/code/flutter/tmp/filler/test/domain/repositories_test.dart: PreferencesRepository should return default preferences when none exist                                          
│ 🐛 💾 Database: Setting preference value

00:04 +60 -2: /Users/mr42/code/flutter/tmp/filler/test/integration/page_state_transitions_test.dart: BLoC State Transitions - All Pages Canvas BLoC - Paint State Transitions                          
│ #0   AppLogger.preferences (package:filler/core/logging.dart:64:13)

00:04 +60 -2: /Users/mr42/code/flutter/tmp/filler/test/domain/repositories_test.dart: PreferencesRepository should return default preferences when none exist                                          
└───────────────────────────────────────────────────────────────────────────────────────────────────────────────────────

00:04 +60 -2: /Users/mr42/code/flutter/tmp/filler/test/integration/page_state_transitions_test.dart: BLoC State Transitions - All Pages Canvas BLoC - Paint State Transitions                          
│ #1   PreferencesRepository._getIntValue (package:filler/domain/repositories.dart:493:17)
│ #2   PreferencesRepository.get (package:filler/domain/repositories.dart:447:25)
│ #3   <asynchronous suspension>
│ #4   new CanvasBloc.<anonymous closure> (package:filler/features/canvas/presentation/canvas_bloc.dart:113:19)
│ #5   <asynchronous suspension>
│ #6   Bloc.on.<anonymous closure>.handleEvent (package:bloc/src/bloc.dart:226:13)
│ #7   <asynchronous suspension>

00:04 +60 -2: /Users/mr42/code/flutter/tmp/filler/test/domain/repositories_test.dart: PreferencesRepository should return default preferences when none exist                                          
┌───────────────────────────────────────────────────────────────────────────────────────────────────────────────────────
│ {key: defaultPattern, value: 1}

00:04 +60 -2: /Users/mr42/code/flutter/tmp/filler/test/integration/page_state_transitions_test.dart: BLoC State Transitions - All Pages Canvas BLoC - Paint State Transitions                          
├┄┄┄┄┄┄┄┄┄┄┄┄┄┄┄┄┄┄┄┄┄┄┄┄┄┄┄┄┄┄┄┄┄┄┄┄┄┄┄┄┄┄┄┄┄┄┄┄┄┄┄┄┄┄┄┄┄┄┄┄┄┄┄┄┄┄┄┄┄┄┄┄┄┄┄┄┄┄┄┄┄┄┄┄┄┄┄┄┄┄┄┄┄┄┄┄┄┄┄┄┄┄┄┄┄┄┄┄┄┄┄┄┄┄┄┄┄┄┄
│ 07:38:50.795 (+0:00:02.991315)

00:04 +60 -2: /Users/mr42/code/flutter/tmp/filler/test/domain/repositories_test.dart: PreferencesRepository should return default preferences when none exist                                          
├┄┄┄┄┄┄┄┄┄┄┄┄┄┄┄┄┄┄┄┄┄┄┄┄┄┄┄┄┄┄┄┄┄┄┄┄┄┄┄┄┄┄┄┄┄┄┄┄┄┄┄┄┄┄┄┄┄┄┄┄┄┄┄┄┄┄┄┄┄┄┄┄┄┄┄┄┄┄┄┄┄┄┄┄┄┄┄┄┄┄┄┄┄┄┄┄┄┄┄┄┄┄┄┄┄┄┄┄┄┄┄┄┄┄┄┄┄┄┄

00:04 +60 -2: /Users/mr42/code/flutter/tmp/filler/test/integration/page_state_transitions_test.dart: BLoC State Transitions - All Pages Canvas BLoC - Paint State Transitions                          
├┄┄┄┄┄┄┄┄┄┄┄┄┄┄┄┄┄┄┄┄┄┄┄┄┄┄┄┄┄┄┄┄┄┄┄┄┄┄┄┄┄┄┄┄┄┄┄┄┄┄┄┄┄┄┄┄┄┄┄┄┄┄┄┄┄┄┄┄┄┄┄┄┄┄┄┄┄┄┄┄┄┄┄┄┄┄┄┄┄┄┄┄┄┄┄┄┄┄┄┄┄┄┄┄┄┄┄┄┄┄┄┄┄┄┄┄┄┄┄

00:04 +60 -2: /Users/mr42/code/flutter/tmp/filler/test/domain/repositories_test.dart: PreferencesRepository should return default preferences when none exist                                          
│ #0   AppLogger.database (package:filler/core/logging.dart:49:13)

00:04 +60 -2: /Users/mr42/code/flutter/tmp/filler/test/integration/page_state_transitions_test.dart: BLoC State Transitions - All Pages Canvas BLoC - Paint State Transitions                          
│ 🐛 ⚙️ Preferences: Using default for missing key

00:04 +60 -2: /Users/mr42/code/flutter/tmp/filler/test/domain/repositories_test.dart: PreferencesRepository should return default preferences when none exist                                          
│ #1   AppDatabase.setPreferenceValue (package:filler/data/database.dart:337:17)

00:04 +60 -2: /Users/mr42/code/flutter/tmp/filler/test/integration/page_state_transitions_test.dart: BLoC State Transitions - All Pages Canvas BLoC - Paint State Transitions                          
└───────────────────────────────────────────────────────────────────────────────────────────────────────────────────────

00:04 +60 -2: /Users/mr42/code/flutter/tmp/filler/test/domain/repositories_test.dart: PreferencesRepository should return default preferences when none exist                                          
│ #2   <asynchronous suspension>
│ #3   PreferencesRepository._ensureDefaults (package:filler/domain/repositories.dart:524:9)

00:04 +60 -2: /Users/mr42/code/flutter/tmp/filler/test/integration/page_state_transitions_test.dart: BLoC State Transitions - All Pages Canvas BLoC - Paint State Transitions                          
┌───────────────────────────────────────────────────────────────────────────────────────────────────────────────────────

00:04 +60 -2: /Users/mr42/code/flutter/tmp/filler/test/domain/repositories_test.dart: PreferencesRepository should return default preferences when none exist                                          
│ #4   <asynchronous suspension>

00:04 +60 -2: /Users/mr42/code/flutter/tmp/filler/test/integration/page_state_transitions_test.dart: BLoC State Transitions - All Pages Canvas BLoC - Paint State Transitions                          
│ {key: width, value: 10}

00:04 +60 -2: /Users/mr42/code/flutter/tmp/filler/test/domain/repositories_test.dart: PreferencesRepository should return default preferences when none exist                                          
│ #5   PreferencesRepository.get (package:filler/domain/repositories.dart:454:7)

00:04 +60 -2: /Users/mr42/code/flutter/tmp/filler/test/integration/page_state_transitions_test.dart: BLoC State Transitions - All Pages Canvas BLoC - Paint State Transitions                          
├┄┄┄┄┄┄┄┄┄┄┄┄┄┄┄┄┄┄┄┄┄┄┄┄┄┄┄┄┄┄┄┄┄┄┄┄┄┄┄┄┄┄┄┄┄┄┄┄┄┄┄┄┄┄┄┄┄┄┄┄┄┄┄┄┄┄┄┄┄┄┄┄┄┄┄┄┄┄┄┄┄┄┄┄┄┄┄┄┄┄┄┄┄┄┄┄┄┄┄┄┄┄┄┄┄┄┄┄┄┄┄┄┄┄┄┄┄┄┄

00:04 +60 -2: /Users/mr42/code/flutter/tmp/filler/test/domain/repositories_test.dart: PreferencesRepository should return default preferences when none exist                                          
│ #6   <asynchronous suspension>

00:04 +60 -2: /Users/mr42/code/flutter/tmp/filler/test/integration/page_state_transitions_test.dart: BLoC State Transitions - All Pages Canvas BLoC - Paint State Transitions                          
│ #0   AppLogger.preferences (package:filler/core/logging.dart:64:13)

00:04 +60 -2: /Users/mr42/code/flutter/tmp/filler/test/domain/repositories_test.dart: PreferencesRepository should return default preferences when none exist                                          
│ #7   main.<anonymous closure>.<anonymous closure> (file:///Users/mr42/code/flutter/tmp/filler/test/domain/repositories_test.dart:95:27)

00:04 +60 -2: /Users/mr42/code/flutter/tmp/filler/test/integration/page_state_transitions_test.dart: BLoC State Transitions - All Pages Canvas BLoC - Paint State Transitions                          
│ #1   PreferencesRepository._ensureDefaults (package:filler/domain/repositories.dart:519:19)

00:04 +60 -2: /Users/mr42/code/flutter/tmp/filler/test/domain/repositories_test.dart: PreferencesRepository should return default preferences when none exist                                          
├┄┄┄┄┄┄┄┄┄┄┄┄┄┄┄┄┄┄┄┄┄┄┄┄┄┄┄┄┄┄┄┄┄┄┄┄┄┄┄┄┄┄┄┄┄┄┄┄┄┄┄┄┄┄┄┄┄┄┄┄┄┄┄┄┄┄┄┄┄┄┄┄┄┄┄┄┄┄┄┄┄┄┄┄┄┄┄┄┄┄┄┄┄┄┄┄┄┄┄┄┄┄┄┄┄┄┄┄┄┄┄┄┄┄┄┄┄┄┄

00:04 +60 -2: /Users/mr42/code/flutter/tmp/filler/test/integration/page_state_transitions_test.dart: BLoC State Transitions - All Pages Canvas BLoC - Paint State Transitions                          
│ #2   PreferencesRepository.get (package:filler/domain/repositories.dart:454:13)

00:04 +60 -2: /Users/mr42/code/flutter/tmp/filler/test/domain/repositories_test.dart: PreferencesRepository should return default preferences when none exist                                          
│ 07:38:50.796 (+0:00:00.174035)

00:04 +60 -2: /Users/mr42/code/flutter/tmp/filler/test/integration/page_state_transitions_test.dart: BLoC State Transitions - All Pages Canvas BLoC - Paint State Transitions                          
│ #3   <asynchronous suspension>
│ #4   new CanvasBloc.<anonymous closure> (package:filler/features/canvas/presentation/canvas_bloc.dart:113:19)

00:04 +60 -2: /Users/mr42/code/flutter/tmp/filler/test/domain/repositories_test.dart: PreferencesRepository should return default preferences when none exist                                          
├┄┄┄┄┄┄┄┄┄┄┄┄┄┄┄┄┄┄┄┄┄┄┄┄┄┄┄┄┄┄┄┄┄┄┄┄┄┄┄┄┄┄┄┄┄┄┄┄┄┄┄┄┄┄┄┄┄┄┄┄┄┄┄┄┄┄┄┄┄┄┄┄┄┄┄┄┄┄┄┄┄┄┄┄┄┄┄┄┄┄┄┄┄┄┄┄┄┄┄┄┄┄┄┄┄┄┄┄┄┄┄┄┄┄┄┄┄┄┄
│ 🐛 💾 Database: Preference value saved

00:04 +60 -2: /Users/mr42/code/flutter/tmp/filler/test/integration/page_state_transitions_test.dart: BLoC State Transitions - All Pages Canvas BLoC - Paint State Transitions                          
│ #5   <asynchronous suspension>

00:04 +60 -2: /Users/mr42/code/flutter/tmp/filler/test/domain/repositories_test.dart: PreferencesRepository should return default preferences when none exist                                          
└───────────────────────────────────────────────────────────────────────────────────────────────────────────────────────

00:04 +60 -2: /Users/mr42/code/flutter/tmp/filler/test/integration/page_state_transitions_test.dart: BLoC State Transitions - All Pages Canvas BLoC - Paint State Transitions                          
│ #6   Bloc.on.<anonymous closure>.handleEvent (package:bloc/src/bloc.dart:226:13)
│ #7   <asynchronous suspension>

00:04 +60 -2: /Users/mr42/code/flutter/tmp/filler/test/domain/repositories_test.dart: PreferencesRepository should return default preferences when none exist                                          
┌───────────────────────────────────────────────────────────────────────────────────────────────────────────────────────

00:04 +60 -2: /Users/mr42/code/flutter/tmp/filler/test/integration/page_state_transitions_test.dart: BLoC State Transitions - All Pages Canvas BLoC - Paint State Transitions                          
├┄┄┄┄┄┄┄┄┄┄┄┄┄┄┄┄┄┄┄┄┄┄┄┄┄┄┄┄┄┄┄┄┄┄┄┄┄┄┄┄┄┄┄┄┄┄┄┄┄┄┄┄┄┄┄┄┄┄┄┄┄┄┄┄┄┄┄┄┄┄┄┄┄┄┄┄┄┄┄┄┄┄┄┄┄┄┄┄┄┄┄┄┄┄┄┄┄┄┄┄┄┄┄┄┄┄┄┄┄┄┄┄┄┄┄┄┄┄┄

00:04 +60 -2: /Users/mr42/code/flutter/tmp/filler/test/domain/repositories_test.dart: PreferencesRepository should return default preferences when none exist                                          
│ {key: themeMode, value: 2}

00:04 +60 -2: /Users/mr42/code/flutter/tmp/filler/test/integration/page_state_transitions_test.dart: BLoC State Transitions - All Pages Canvas BLoC - Paint State Transitions                          
│ 07:38:50.796 (+0:00:02.992537)
├┄┄┄┄┄┄┄┄┄┄┄┄┄┄┄┄┄┄┄┄┄┄┄┄┄┄┄┄┄┄┄┄┄┄┄┄┄┄┄┄┄┄┄┄┄┄┄┄┄┄┄┄┄┄┄┄┄┄┄┄┄┄┄┄┄┄┄┄┄┄┄┄┄┄┄┄┄┄┄┄┄┄┄┄┄┄┄┄┄┄┄┄┄┄┄┄┄┄┄┄┄┄┄┄┄┄┄┄┄┄┄┄┄┄┄┄┄┄┄

00:04 +60 -2: /Users/mr42/code/flutter/tmp/filler/test/domain/repositories_test.dart: PreferencesRepository should return default preferences when none exist                                          
├┄┄┄┄┄┄┄┄┄┄┄┄┄┄┄┄┄┄┄┄┄┄┄┄┄┄┄┄┄┄┄┄┄┄┄┄┄┄┄┄┄┄┄┄┄┄┄┄┄┄┄┄┄┄┄┄┄┄┄┄┄┄┄┄┄┄┄┄┄┄┄┄┄┄┄┄┄┄┄┄┄┄┄┄┄┄┄┄┄┄┄┄┄┄┄┄┄┄┄┄┄┄┄┄┄┄┄┄┄┄┄┄┄┄┄┄┄┄┄

00:04 +60 -2: /Users/mr42/code/flutter/tmp/filler/test/integration/page_state_transitions_test.dart: BLoC State Transitions - All Pages Canvas BLoC - Paint State Transitions                          
│ 🐛 ⚙️ Preferences: Creating missing default preference

00:04 +60 -2: /Users/mr42/code/flutter/tmp/filler/test/domain/repositories_test.dart: PreferencesRepository should return default preferences when none exist                                          
│ #0   AppLogger.preferences (package:filler/core/logging.dart:64:13)
│ #1   PreferencesRepository._ensureDefaults (package:filler/domain/repositories.dart:519:19)

00:04 +60 -2: /Users/mr42/code/flutter/tmp/filler/test/integration/page_state_transitions_test.dart: BLoC State Transitions - All Pages Canvas BLoC - Paint State Transitions                          
└───────────────────────────────────────────────────────────────────────────────────────────────────────────────────────

00:04 +60 -2: /Users/mr42/code/flutter/tmp/filler/test/domain/repositories_test.dart: PreferencesRepository should return default preferences when none exist                                          
│ #2   <asynchronous suspension>

00:04 +60 -2: /Users/mr42/code/flutter/tmp/filler/test/integration/page_state_transitions_test.dart: BLoC State Transitions - All Pages Canvas BLoC - Paint State Transitions                          
┌───────────────────────────────────────────────────────────────────────────────────────────────────────────────────────

00:04 +60 -2: /Users/mr42/code/flutter/tmp/filler/test/domain/repositories_test.dart: PreferencesRepository should return default preferences when none exist                                          
│ #3   PreferencesRepository.get (package:filler/domain/repositories.dart:454:7)

00:04 +60 -2: /Users/mr42/code/flutter/tmp/filler/test/integration/page_state_transitions_test.dart: BLoC State Transitions - All Pages Canvas BLoC - Paint State Transitions                          
│ {key: width, value: 10, type: int}

00:04 +60 -2: /Users/mr42/code/flutter/tmp/filler/test/domain/repositories_test.dart: PreferencesRepository should return default preferences when none exist                                          
│ #4   <asynchronous suspension>

00:04 +60 -2: /Users/mr42/code/flutter/tmp/filler/test/integration/page_state_transitions_test.dart: BLoC State Transitions - All Pages Canvas BLoC - Paint State Transitions                          
├┄┄┄┄┄┄┄┄┄┄┄┄┄┄┄┄┄┄┄┄┄┄┄┄┄┄┄┄┄┄┄┄┄┄┄┄┄┄┄┄┄┄┄┄┄┄┄┄┄┄┄┄┄┄┄┄┄┄┄┄┄┄┄┄┄┄┄┄┄┄┄┄┄┄┄┄┄┄┄┄┄┄┄┄┄┄┄┄┄┄┄┄┄┄┄┄┄┄┄┄┄┄┄┄┄┄┄┄┄┄┄┄┄┄┄┄┄┄┄

00:04 +60 -2: /Users/mr42/code/flutter/tmp/filler/test/domain/repositories_test.dart: PreferencesRepository should return default preferences when none exist                                          
│ #5   main.<anonymous closure>.<anonymous closure> (file:///Users/mr42/code/flutter/tmp/filler/test/domain/repositories_test.dart:95:27)
│ #6   <asynchronous suspension>

00:04 +60 -2: /Users/mr42/code/flutter/tmp/filler/test/integration/page_state_transitions_test.dart: BLoC State Transitions - All Pages Canvas BLoC - Paint State Transitions                          
│ #0   AppLogger.database (package:filler/core/logging.dart:49:13)
│ #1   AppDatabase.setPreferenceValue (package:filler/data/database.dart:301:15)

00:04 +60 -2: /Users/mr42/code/flutter/tmp/filler/test/domain/repositories_test.dart: PreferencesRepository should return default preferences when none exist                                          
│ #7   Declarer.test.<anonymous closure>.<anonymous closure> (package:test_api/src/backend/declarer.dart:242:9)

00:04 +60 -2: /Users/mr42/code/flutter/tmp/filler/test/integration/page_state_transitions_test.dart: BLoC State Transitions - All Pages Canvas BLoC - Paint State Transitions                          
│ #2   PreferencesRepository._ensureDefaults (package:filler/domain/repositories.dart:524:19)

00:04 +60 -2: /Users/mr42/code/flutter/tmp/filler/test/domain/repositories_test.dart: PreferencesRepository should return default preferences when none exist                                          
├┄┄┄┄┄┄┄┄┄┄┄┄┄┄┄┄┄┄┄┄┄┄┄┄┄┄┄┄┄┄┄┄┄┄┄┄┄┄┄┄┄┄┄┄┄┄┄┄┄┄┄┄┄┄┄┄┄┄┄┄┄┄┄┄┄┄┄┄┄┄┄┄┄┄┄┄┄┄┄┄┄┄┄┄┄┄┄┄┄┄┄┄┄┄┄┄┄┄┄┄┄┄┄┄┄┄┄┄┄┄┄┄┄┄┄┄┄┄┄

00:04 +60 -2: /Users/mr42/code/flutter/tmp/filler/test/integration/page_state_transitions_test.dart: BLoC State Transitions - All Pages Canvas BLoC - Paint State Transitions                          
│ #3   PreferencesRepository.get (package:filler/domain/repositories.dart:454:13)

00:04 +60 -2: /Users/mr42/code/flutter/tmp/filler/test/domain/repositories_test.dart: PreferencesRepository should return default preferences when none exist                                          
│ 07:38:50.797 (+0:00:00.175430)

00:04 +60 -2: /Users/mr42/code/flutter/tmp/filler/test/integration/page_state_transitions_test.dart: BLoC State Transitions - All Pages Canvas BLoC - Paint State Transitions                          
│ #4   <asynchronous suspension>

00:04 +60 -2: /Users/mr42/code/flutter/tmp/filler/test/domain/repositories_test.dart: PreferencesRepository should return default preferences when none exist                                          
├┄┄┄┄┄┄┄┄┄┄┄┄┄┄┄┄┄┄┄┄┄┄┄┄┄┄┄┄┄┄┄┄┄┄┄┄┄┄┄┄┄┄┄┄┄┄┄┄┄┄┄┄┄┄┄┄┄┄┄┄┄┄┄┄┄┄┄┄┄┄┄┄┄┄┄┄┄┄┄┄┄┄┄┄┄┄┄┄┄┄┄┄┄┄┄┄┄┄┄┄┄┄┄┄┄┄┄┄┄┄┄┄┄┄┄┄┄┄┄

00:04 +60 -2: /Users/mr42/code/flutter/tmp/filler/test/integration/page_state_transitions_test.dart: BLoC State Transitions - All Pages Canvas BLoC - Paint State Transitions                          
│ #5   new CanvasBloc.<anonymous closure> (package:filler/features/canvas/presentation/canvas_bloc.dart:113:19)

00:04 +60 -2: /Users/mr42/code/flutter/tmp/filler/test/domain/repositories_test.dart: PreferencesRepository should return default preferences when none exist                                          
│ 🐛 ⚙️ Preferences: Creating missing default preference

00:04 +60 -2: /Users/mr42/code/flutter/tmp/filler/test/integration/page_state_transitions_test.dart: BLoC State Transitions - All Pages Canvas BLoC - Paint State Transitions                          
│ #6   <asynchronous suspension>

00:04 +60 -2: /Users/mr42/code/flutter/tmp/filler/test/domain/repositories_test.dart: PreferencesRepository should return default preferences when none exist                                          
└───────────────────────────────────────────────────────────────────────────────────────────────────────────────────────

00:04 +60 -2: /Users/mr42/code/flutter/tmp/filler/test/integration/page_state_transitions_test.dart: BLoC State Transitions - All Pages Canvas BLoC - Paint State Transitions                          
│ #7   Bloc.on.<anonymous closure>.handleEvent (package:bloc/src/bloc.dart:226:13)
├┄┄┄┄┄┄┄┄┄┄┄┄┄┄┄┄┄┄┄┄┄┄┄┄┄┄┄┄┄┄┄┄┄┄┄┄┄┄┄┄┄┄┄┄┄┄┄┄┄┄┄┄┄┄┄┄┄┄┄┄┄┄┄┄┄┄┄┄┄┄┄┄┄┄┄┄┄┄┄┄┄┄┄┄┄┄┄┄┄┄┄┄┄┄┄┄┄┄┄┄┄┄┄┄┄┄┄┄┄┄┄┄┄┄┄┄┄┄┄

00:04 +60 -2: /Users/mr42/code/flutter/tmp/filler/test/domain/repositories_test.dart: PreferencesRepository should return default preferences when none exist                                          
┌───────────────────────────────────────────────────────────────────────────────────────────────────────────────────────

00:04 +60 -2: /Users/mr42/code/flutter/tmp/filler/test/integration/page_state_transitions_test.dart: BLoC State Transitions - All Pages Canvas BLoC - Paint State Transitions                          
│ 07:38:50.798 (+0:00:02.993858)
├┄┄┄┄┄┄┄┄┄┄┄┄┄┄┄┄┄┄┄┄┄┄┄┄┄┄┄┄┄┄┄┄┄┄┄┄┄┄┄┄┄┄┄┄┄┄┄┄┄┄┄┄┄┄┄┄┄┄┄┄┄┄┄┄┄┄┄┄┄┄┄┄┄┄┄┄┄┄┄┄┄┄┄┄┄┄┄┄┄┄┄┄┄┄┄┄┄┄┄┄┄┄┄┄┄┄┄┄┄┄┄┄┄┄┄┄┄┄┄

00:04 +60 -2: /Users/mr42/code/flutter/tmp/filler/test/domain/repositories_test.dart: PreferencesRepository should return default preferences when none exist                                          
│ {key: themeMode, value: 2, type: int}

00:04 +60 -2: /Users/mr42/code/flutter/tmp/filler/test/integration/page_state_transitions_test.dart: BLoC State Transitions - All Pages Canvas BLoC - Paint State Transitions                          
│ 🐛 💾 Database: Setting preference value

00:04 +60 -2: /Users/mr42/code/flutter/tmp/filler/test/domain/repositories_test.dart: PreferencesRepository should return default preferences when none exist                                          
├┄┄┄┄┄┄┄┄┄┄┄┄┄┄┄┄┄┄┄┄┄┄┄┄┄┄┄┄┄┄┄┄┄┄┄┄┄┄┄┄┄┄┄┄┄┄┄┄┄┄┄┄┄┄┄┄┄┄┄┄┄┄┄┄┄┄┄┄┄┄┄┄┄┄┄┄┄┄┄┄┄┄┄┄┄┄┄┄┄┄┄┄┄┄┄┄┄┄┄┄┄┄┄┄┄┄┄┄┄┄┄┄┄┄┄┄┄┄┄

00:04 +60 -2: /Users/mr42/code/flutter/tmp/filler/test/integration/page_state_transitions_test.dart: BLoC State Transitions - All Pages Canvas BLoC - Paint State Transitions                          
└───────────────────────────────────────────────────────────────────────────────────────────────────────────────────────

00:04 +60 -2: /Users/mr42/code/flutter/tmp/filler/test/domain/repositories_test.dart: PreferencesRepository should return default preferences when none exist                                          
│ #0   AppLogger.database (package:filler/core/logging.dart:49:13)
│ #1   AppDatabase.setPreferenceValue (package:filler/data/database.dart:301:15)
│ #2   PreferencesRepository._ensureDefaults (package:filler/domain/repositories.dart:524:19)
│ #3   <asynchronous suspension>
│ #4   PreferencesRepository.get (package:filler/domain/repositories.dart:454:7)
│ #5   <asynchronous suspension>
│ #6   main.<anonymous closure>.<anonymous closure> (file:///Users/mr42/code/flutter/tmp/filler/test/domain/repositories_test.dart:95:27)
│ #7   <asynchronous suspension>

00:04 +60 -2: /Users/mr42/code/flutter/tmp/filler/test/integration/page_state_transitions_test.dart: BLoC State Transitions - All Pages Canvas BLoC - Paint State Transitions                          
┌───────────────────────────────────────────────────────────────────────────────────────────────────────────────────────

00:04 +60 -2: /Users/mr42/code/flutter/tmp/filler/test/domain/repositories_test.dart: PreferencesRepository should return default preferences when none exist                                          
├┄┄┄┄┄┄┄┄┄┄┄┄┄┄┄┄┄┄┄┄┄┄┄┄┄┄┄┄┄┄┄┄┄┄┄┄┄┄┄┄┄┄┄┄┄┄┄┄┄┄┄┄┄┄┄┄┄┄┄┄┄┄┄┄┄┄┄┄┄┄┄┄┄┄┄┄┄┄┄┄┄┄┄┄┄┄┄┄┄┄┄┄┄┄┄┄┄┄┄┄┄┄┄┄┄┄┄┄┄┄┄┄┄┄┄┄┄┄┄
│ 07:38:50.798 (+0:00:00.176755)

00:04 +60 -2: /Users/mr42/code/flutter/tmp/filler/test/integration/page_state_transitions_test.dart: BLoC State Transitions - All Pages Canvas BLoC - Paint State Transitions                          
│ {key: width, value: 10}
├┄┄┄┄┄┄┄┄┄┄┄┄┄┄┄┄┄┄┄┄┄┄┄┄┄┄┄┄┄┄┄┄┄┄┄┄┄┄┄┄┄┄┄┄┄┄┄┄┄┄┄┄┄┄┄┄┄┄┄┄┄┄┄┄┄┄┄┄┄┄┄┄┄┄┄┄┄┄┄┄┄┄┄┄┄┄┄┄┄┄┄┄┄┄┄┄┄┄┄┄┄┄┄┄┄┄┄┄┄┄┄┄┄┄┄┄┄┄┄

00:04 +60 -2: /Users/mr42/code/flutter/tmp/filler/test/domain/repositories_test.dart: PreferencesRepository should return default preferences when none exist                                          
├┄┄┄┄┄┄┄┄┄┄┄┄┄┄┄┄┄┄┄┄┄┄┄┄┄┄┄┄┄┄┄┄┄┄┄┄┄┄┄┄┄┄┄┄┄┄┄┄┄┄┄┄┄┄┄┄┄┄┄┄┄┄┄┄┄┄┄┄┄┄┄┄┄┄┄┄┄┄┄┄┄┄┄┄┄┄┄┄┄┄┄┄┄┄┄┄┄┄┄┄┄┄┄┄┄┄┄┄┄┄┄┄┄┄┄┄┄┄┄

00:04 +60 -2: /Users/mr42/code/flutter/tmp/filler/test/integration/page_state_transitions_test.dart: BLoC State Transitions - All Pages Canvas BLoC - Paint State Transitions                          
│ #0   AppLogger.database (package:filler/core/logging.dart:49:13)

00:04 +60 -2: /Users/mr42/code/flutter/tmp/filler/test/domain/repositories_test.dart: PreferencesRepository should return default preferences when none exist                                          
│ 🐛 💾 Database: Setting preference value

00:04 +60 -2: /Users/mr42/code/flutter/tmp/filler/test/integration/page_state_transitions_test.dart: BLoC State Transitions - All Pages Canvas BLoC - Paint State Transitions                          
│ #1   AppDatabase.setPreferenceValue (package:filler/data/database.dart:337:17)

00:04 +60 -2: /Users/mr42/code/flutter/tmp/filler/test/domain/repositories_test.dart: PreferencesRepository should return default preferences when none exist                                          
└───────────────────────────────────────────────────────────────────────────────────────────────────────────────────────

00:04 +60 -2: /Users/mr42/code/flutter/tmp/filler/test/integration/page_state_transitions_test.dart: BLoC State Transitions - All Pages Canvas BLoC - Paint State Transitions                          
│ #2   <asynchronous suspension>
│ #3   PreferencesRepository._ensureDefaults (package:filler/domain/repositories.dart:524:9)
│ #4   <asynchronous suspension>
│ #5   PreferencesRepository.get (package:filler/domain/repositories.dart:454:7)
│ #6   <asynchronous suspension>
│ #7   new CanvasBloc.<anonymous closure> (package:filler/features/canvas/presentation/canvas_bloc.dart:113:19)
├┄┄┄┄┄┄┄┄┄┄┄┄┄┄┄┄┄┄┄┄┄┄┄┄┄┄┄┄┄┄┄┄┄┄┄┄┄┄┄┄┄┄┄┄┄┄┄┄┄┄┄┄┄┄┄┄┄┄┄┄┄┄┄┄┄┄┄┄┄┄┄┄┄┄┄┄┄┄┄┄┄┄┄┄┄┄┄┄┄┄┄┄┄┄┄┄┄┄┄┄┄┄┄┄┄┄┄┄┄┄┄┄┄┄┄┄┄┄┄
│ 07:38:50.799 (+0:00:02.995580)

00:04 +60 -2: /Users/mr42/code/flutter/tmp/filler/test/domain/repositories_test.dart: PreferencesRepository should return default preferences when none exist                                          
┌───────────────────────────────────────────────────────────────────────────────────────────────────────────────────────

00:04 +60 -2: /Users/mr42/code/flutter/tmp/filler/test/integration/page_state_transitions_test.dart: BLoC State Transitions - All Pages Canvas BLoC - Paint State Transitions                          
├┄┄┄┄┄┄┄┄┄┄┄┄┄┄┄┄┄┄┄┄┄┄┄┄┄┄┄┄┄┄┄┄┄┄┄┄┄┄┄┄┄┄┄┄┄┄┄┄┄┄┄┄┄┄┄┄┄┄┄┄┄┄┄┄┄┄┄┄┄┄┄┄┄┄┄┄┄┄┄┄┄┄┄┄┄┄┄┄┄┄┄┄┄┄┄┄┄┄┄┄┄┄┄┄┄┄┄┄┄┄┄┄┄┄┄┄┄┄┄
│ 🐛 💾 Database: Preference value saved

00:04 +60 -2: /Users/mr42/code/flutter/tmp/filler/test/domain/repositories_test.dart: PreferencesRepository should return default preferences when none exist                                          
│ {key: themeMode, value: 2}

00:04 +60 -2: /Users/mr42/code/flutter/tmp/filler/test/integration/page_state_transitions_test.dart: BLoC State Transitions - All Pages Canvas BLoC - Paint State Transitions                          
└───────────────────────────────────────────────────────────────────────────────────────────────────────────────────────

00:04 +60 -2: /Users/mr42/code/flutter/tmp/filler/test/domain/repositories_test.dart: PreferencesRepository should return default preferences when none exist                                          
├┄┄┄┄┄┄┄┄┄┄┄┄┄┄┄┄┄┄┄┄┄┄┄┄┄┄┄┄┄┄┄┄┄┄┄┄┄┄┄┄┄┄┄┄┄┄┄┄┄┄┄┄┄┄┄┄┄┄┄┄┄┄┄┄┄┄┄┄┄┄┄┄┄┄┄┄┄┄┄┄┄┄┄┄┄┄┄┄┄┄┄┄┄┄┄┄┄┄┄┄┄┄┄┄┄┄┄┄┄┄┄┄┄┄┄┄┄┄┄
│ #0   AppLogger.database (package:filler/core/logging.dart:49:13)

00:04 +60 -2: /Users/mr42/code/flutter/tmp/filler/test/integration/page_state_transitions_test.dart: BLoC State Transitions - All Pages Canvas BLoC - Paint State Transitions                          
┌───────────────────────────────────────────────────────────────────────────────────────────────────────────────────────

00:04 +60 -2: /Users/mr42/code/flutter/tmp/filler/test/domain/repositories_test.dart: PreferencesRepository should return default preferences when none exist                                          
│ #1   AppDatabase.setPreferenceValue (package:filler/data/database.dart:337:17)

00:04 +60 -2: /Users/mr42/code/flutter/tmp/filler/test/integration/page_state_transitions_test.dart: BLoC State Transitions - All Pages Canvas BLoC - Paint State Transitions                          
│ {key: height, value: 10}

00:04 +60 -2: /Users/mr42/code/flutter/tmp/filler/test/domain/repositories_test.dart: PreferencesRepository should return default preferences when none exist                                          
│ #2   <asynchronous suspension>

00:04 +60 -2: /Users/mr42/code/flutter/tmp/filler/test/integration/page_state_transitions_test.dart: BLoC State Transitions - All Pages Canvas BLoC - Paint State Transitions                          
├┄┄┄┄┄┄┄┄┄┄┄┄┄┄┄┄┄┄┄┄┄┄┄┄┄┄┄┄┄┄┄┄┄┄┄┄┄┄┄┄┄┄┄┄┄┄┄┄┄┄┄┄┄┄┄┄┄┄┄┄┄┄┄┄┄┄┄┄┄┄┄┄┄┄┄┄┄┄┄┄┄┄┄┄┄┄┄┄┄┄┄┄┄┄┄┄┄┄┄┄┄┄┄┄┄┄┄┄┄┄┄┄┄┄┄┄┄┄┄

00:04 +60 -2: /Users/mr42/code/flutter/tmp/filler/test/domain/repositories_test.dart: PreferencesRepository should return default preferences when none exist                                          
│ #3   PreferencesRepository._ensureDefaults (package:filler/domain/repositories.dart:524:9)

00:04 +60 -2: /Users/mr42/code/flutter/tmp/filler/test/integration/page_state_transitions_test.dart: BLoC State Transitions - All Pages Canvas BLoC - Paint State Transitions                          
│ #0   AppLogger.preferences (package:filler/core/logging.dart:64:13)

00:04 +60 -2: /Users/mr42/code/flutter/tmp/filler/test/domain/repositories_test.dart: PreferencesRepository should return default preferences when none exist                                          
│ #4   <asynchronous suspension>

00:04 +60 -2: /Users/mr42/code/flutter/tmp/filler/test/integration/page_state_transitions_test.dart: BLoC State Transitions - All Pages Canvas BLoC - Paint State Transitions                          
│ #1   PreferencesRepository._ensureDefaults (package:filler/domain/repositories.dart:519:19)

00:04 +60 -2: /Users/mr42/code/flutter/tmp/filler/test/domain/repositories_test.dart: PreferencesRepository should return default preferences when none exist                                          
│ #5   PreferencesRepository.get (package:filler/domain/repositories.dart:454:7)

00:04 +60 -2: /Users/mr42/code/flutter/tmp/filler/test/integration/page_state_transitions_test.dart: BLoC State Transitions - All Pages Canvas BLoC - Paint State Transitions                          
│ #2   <asynchronous suspension>

00:04 +60 -2: /Users/mr42/code/flutter/tmp/filler/test/domain/repositories_test.dart: PreferencesRepository should return default preferences when none exist                                          
│ #6   <asynchronous suspension>

00:04 +60 -2: /Users/mr42/code/flutter/tmp/filler/test/integration/page_state_transitions_test.dart: BLoC State Transitions - All Pages Canvas BLoC - Paint State Transitions                          
│ #3   PreferencesRepository.get (package:filler/domain/repositories.dart:454:7)

00:04 +60 -2: /Users/mr42/code/flutter/tmp/filler/test/domain/repositories_test.dart: PreferencesRepository should return default preferences when none exist                                          
│ #7   main.<anonymous closure>.<anonymous closure> (file:///Users/mr42/code/flutter/tmp/filler/test/domain/repositories_test.dart:95:27)

00:04 +60 -2: /Users/mr42/code/flutter/tmp/filler/test/integration/page_state_transitions_test.dart: BLoC State Transitions - All Pages Canvas BLoC - Paint State Transitions                          
│ #4   <asynchronous suspension>

00:04 +60 -2: /Users/mr42/code/flutter/tmp/filler/test/domain/repositories_test.dart: PreferencesRepository should return default preferences when none exist                                          
├┄┄┄┄┄┄┄┄┄┄┄┄┄┄┄┄┄┄┄┄┄┄┄┄┄┄┄┄┄┄┄┄┄┄┄┄┄┄┄┄┄┄┄┄┄┄┄┄┄┄┄┄┄┄┄┄┄┄┄┄┄┄┄┄┄┄┄┄┄┄┄┄┄┄┄┄┄┄┄┄┄┄┄┄┄┄┄┄┄┄┄┄┄┄┄┄┄┄┄┄┄┄┄┄┄┄┄┄┄┄┄┄┄┄┄┄┄┄┄

00:04 +60 -2: /Users/mr42/code/flutter/tmp/filler/test/integration/page_state_transitions_test.dart: BLoC State Transitions - All Pages Canvas BLoC - Paint State Transitions                          
│ #5   new CanvasBloc.<anonymous closure> (package:filler/features/canvas/presentation/canvas_bloc.dart:113:19)

00:04 +60 -2: /Users/mr42/code/flutter/tmp/filler/test/domain/repositories_test.dart: PreferencesRepository should return default preferences when none exist                                          
│ 07:38:50.800 (+0:00:00.178512)

00:04 +60 -2: /Users/mr42/code/flutter/tmp/filler/test/integration/page_state_transitions_test.dart: BLoC State Transitions - All Pages Canvas BLoC - Paint State Transitions                          
│ #6   <asynchronous suspension>
│ #7   Bloc.on.<anonymous closure>.handleEvent (package:bloc/src/bloc.dart:226:13)

00:04 +60 -2: /Users/mr42/code/flutter/tmp/filler/test/domain/repositories_test.dart: PreferencesRepository should return default preferences when none exist                                          
├┄┄┄┄┄┄┄┄┄┄┄┄┄┄┄┄┄┄┄┄┄┄┄┄┄┄┄┄┄┄┄┄┄┄┄┄┄┄┄┄┄┄┄┄┄┄┄┄┄┄┄┄┄┄┄┄┄┄┄┄┄┄┄┄┄┄┄┄┄┄┄┄┄┄┄┄┄┄┄┄┄┄┄┄┄┄┄┄┄┄┄┄┄┄┄┄┄┄┄┄┄┄┄┄┄┄┄┄┄┄┄┄┄┄┄┄┄┄┄

00:04 +60 -2: /Users/mr42/code/flutter/tmp/filler/test/integration/page_state_transitions_test.dart: BLoC State Transitions - All Pages Canvas BLoC - Paint State Transitions                          
├┄┄┄┄┄┄┄┄┄┄┄┄┄┄┄┄┄┄┄┄┄┄┄┄┄┄┄┄┄┄┄┄┄┄┄┄┄┄┄┄┄┄┄┄┄┄┄┄┄┄┄┄┄┄┄┄┄┄┄┄┄┄┄┄┄┄┄┄┄┄┄┄┄┄┄┄┄┄┄┄┄┄┄┄┄┄┄┄┄┄┄┄┄┄┄┄┄┄┄┄┄┄┄┄┄┄┄┄┄┄┄┄┄┄┄┄┄┄┄

00:04 +60 -2: /Users/mr42/code/flutter/tmp/filler/test/domain/repositories_test.dart: PreferencesRepository should return default preferences when none exist                                          
│ 🐛 💾 Database: Preference value saved
└───────────────────────────────────────────────────────────────────────────────────────────────────────────────────────

00:04 +60 -2: /Users/mr42/code/flutter/tmp/filler/test/integration/page_state_transitions_test.dart: BLoC State Transitions - All Pages Canvas BLoC - Paint State Transitions                          
│ 07:38:50.801 (+0:00:02.996834)
├┄┄┄┄┄┄┄┄┄┄┄┄┄┄┄┄┄┄┄┄┄┄┄┄┄┄┄┄┄┄┄┄┄┄┄┄┄┄┄┄┄┄┄┄┄┄┄┄┄┄┄┄┄┄┄┄┄┄┄┄┄┄┄┄┄┄┄┄┄┄┄┄┄┄┄┄┄┄┄┄┄┄┄┄┄┄┄┄┄┄┄┄┄┄┄┄┄┄┄┄┄┄┄┄┄┄┄┄┄┄┄┄┄┄┄┄┄┄┄
│ 🐛 ⚙️ Preferences: Creating missing default preference
└───────────────────────────────────────────────────────────────────────────────────────────────────────────────────────

00:04 +60 -2: /Users/mr42/code/flutter/tmp/filler/test/domain/repositories_test.dart: PreferencesRepository should return default preferences when none exist                                          
┌───────────────────────────────────────────────────────────────────────────────────────────────────────────────────────

00:04 +60 -2: /Users/mr42/code/flutter/tmp/filler/test/integration/page_state_transitions_test.dart: BLoC State Transitions - All Pages Canvas BLoC - Paint State Transitions                          
┌───────────────────────────────────────────────────────────────────────────────────────────────────────────────────────

00:04 +60 -2: /Users/mr42/code/flutter/tmp/filler/test/domain/repositories_test.dart: PreferencesRepository should return default preferences when none exist                                          
│ {width: 10, height: 10, insets: 0, defaultPattern: 1, themeMode: 2, fetchTime: 5ms, keysFromDb: 0}

00:04 +60 -2: /Users/mr42/code/flutter/tmp/filler/test/integration/page_state_transitions_test.dart: BLoC State Transitions - All Pages Canvas BLoC - Paint State Transitions                          
│ {key: height, value: 10, type: int}

00:04 +60 -2: /Users/mr42/code/flutter/tmp/filler/test/domain/repositories_test.dart: PreferencesRepository should return default preferences when none exist                                          
├┄┄┄┄┄┄┄┄┄┄┄┄┄┄┄┄┄┄┄┄┄┄┄┄┄┄┄┄┄┄┄┄┄┄┄┄┄┄┄┄┄┄┄┄┄┄┄┄┄┄┄┄┄┄┄┄┄┄┄┄┄┄┄┄┄┄┄┄┄┄┄┄┄┄┄┄┄┄┄┄┄┄┄┄┄┄┄┄┄┄┄┄┄┄┄┄┄┄┄┄┄┄┄┄┄┄┄┄┄┄┄┄┄┄┄┄┄┄┄

00:04 +60 -2: /Users/mr42/code/flutter/tmp/filler/test/integration/page_state_transitions_test.dart: BLoC State Transitions - All Pages Canvas BLoC - Paint State Transitions                          
├┄┄┄┄┄┄┄┄┄┄┄┄┄┄┄┄┄┄┄┄┄┄┄┄┄┄┄┄┄┄┄┄┄┄┄┄┄┄┄┄┄┄┄┄┄┄┄┄┄┄┄┄┄┄┄┄┄┄┄┄┄┄┄┄┄┄┄┄┄┄┄┄┄┄┄┄┄┄┄┄┄┄┄┄┄┄┄┄┄┄┄┄┄┄┄┄┄┄┄┄┄┄┄┄┄┄┄┄┄┄┄┄┄┄┄┄┄┄┄

00:04 +60 -2: /Users/mr42/code/flutter/tmp/filler/test/domain/repositories_test.dart: PreferencesRepository should return default preferences when none exist                                          
│ #0   AppLogger.preferences (package:filler/core/logging.dart:64:13)

00:04 +60 -2: /Users/mr42/code/flutter/tmp/filler/test/integration/page_state_transitions_test.dart: BLoC State Transitions - All Pages Canvas BLoC - Paint State Transitions                          
│ #0   AppLogger.database (package:filler/core/logging.dart:49:13)

00:04 +60 -2: /Users/mr42/code/flutter/tmp/filler/test/domain/repositories_test.dart: PreferencesRepository should return default preferences when none exist                                          
│ #1   PreferencesRepository.get (package:filler/domain/repositories.dart:464:17)

00:04 +60 -2: /Users/mr42/code/flutter/tmp/filler/test/integration/page_state_transitions_test.dart: BLoC State Transitions - All Pages Canvas BLoC - Paint State Transitions                          
│ #1   AppDatabase.setPreferenceValue (package:filler/data/database.dart:301:15)
│ #2   PreferencesRepository._ensureDefaults (package:filler/domain/repositories.dart:524:19)

00:04 +60 -2: /Users/mr42/code/flutter/tmp/filler/test/domain/repositories_test.dart: PreferencesRepository should return default preferences when none exist                                          
│ #2   <asynchronous suspension>

00:04 +60 -2: /Users/mr42/code/flutter/tmp/filler/test/integration/page_state_transitions_test.dart: BLoC State Transitions - All Pages Canvas BLoC - Paint State Transitions                          
│ #3   <asynchronous suspension>

00:04 +60 -2: /Users/mr42/code/flutter/tmp/filler/test/domain/repositories_test.dart: PreferencesRepository should return default preferences when none exist                                          
│ #3   main.<anonymous closure>.<anonymous closure> (file:///Users/mr42/code/flutter/tmp/filler/test/domain/repositories_test.dart:95:27)

00:04 +60 -2: /Users/mr42/code/flutter/tmp/filler/test/integration/page_state_transitions_test.dart: BLoC State Transitions - All Pages Canvas BLoC - Paint State Transitions                          
│ #4   PreferencesRepository.get (package:filler/domain/repositories.dart:454:7)

00:04 +60 -2: /Users/mr42/code/flutter/tmp/filler/test/domain/repositories_test.dart: PreferencesRepository should return default preferences when none exist                                          
│ #4   <asynchronous suspension>

00:04 +60 -2: /Users/mr42/code/flutter/tmp/filler/test/integration/page_state_transitions_test.dart: BLoC State Transitions - All Pages Canvas BLoC - Paint State Transitions                          
│ #5   <asynchronous suspension>

00:04 +60 -2: /Users/mr42/code/flutter/tmp/filler/test/domain/repositories_test.dart: PreferencesRepository should return default preferences when none exist                                          
│ #5   Declarer.test.<anonymous closure>.<anonymous closure> (package:test_api/src/backend/declarer.dart:242:9)

00:04 +60 -2: /Users/mr42/code/flutter/tmp/filler/test/integration/page_state_transitions_test.dart: BLoC State Transitions - All Pages Canvas BLoC - Paint State Transitions                          
│ #6   new CanvasBloc.<anonymous closure> (package:filler/features/canvas/presentation/canvas_bloc.dart:113:19)

00:04 +60 -2: /Users/mr42/code/flutter/tmp/filler/test/domain/repositories_test.dart: PreferencesRepository should return default preferences when none exist                                          
│ #6   <asynchronous suspension>

00:04 +60 -2: /Users/mr42/code/flutter/tmp/filler/test/integration/page_state_transitions_test.dart: BLoC State Transitions - All Pages Canvas BLoC - Paint State Transitions                          
│ #7   <asynchronous suspension>

00:04 +60 -2: /Users/mr42/code/flutter/tmp/filler/test/domain/repositories_test.dart: PreferencesRepository should return default preferences when none exist                                          
│ #7   Declarer.test.<anonymous closure> (package:test_api/src/backend/declarer.dart:240:7)

00:04 +60 -2: /Users/mr42/code/flutter/tmp/filler/test/integration/page_state_transitions_test.dart: BLoC State Transitions - All Pages Canvas BLoC - Paint State Transitions                          
├┄┄┄┄┄┄┄┄┄┄┄┄┄┄┄┄┄┄┄┄┄┄┄┄┄┄┄┄┄┄┄┄┄┄┄┄┄┄┄┄┄┄┄┄┄┄┄┄┄┄┄┄┄┄┄┄┄┄┄┄┄┄┄┄┄┄┄┄┄┄┄┄┄┄┄┄┄┄┄┄┄┄┄┄┄┄┄┄┄┄┄┄┄┄┄┄┄┄┄┄┄┄┄┄┄┄┄┄┄┄┄┄┄┄┄┄┄┄┄

00:04 +60 -2: /Users/mr42/code/flutter/tmp/filler/test/domain/repositories_test.dart: PreferencesRepository should return default preferences when none exist                                          
├┄┄┄┄┄┄┄┄┄┄┄┄┄┄┄┄┄┄┄┄┄┄┄┄┄┄┄┄┄┄┄┄┄┄┄┄┄┄┄┄┄┄┄┄┄┄┄┄┄┄┄┄┄┄┄┄┄┄┄┄┄┄┄┄┄┄┄┄┄┄┄┄┄┄┄┄┄┄┄┄┄┄┄┄┄┄┄┄┄┄┄┄┄┄┄┄┄┄┄┄┄┄┄┄┄┄┄┄┄┄┄┄┄┄┄┄┄┄┄

00:04 +60 -2: /Users/mr42/code/flutter/tmp/filler/test/integration/page_state_transitions_test.dart: BLoC State Transitions - All Pages Canvas BLoC - Paint State Transitions                          
│ 07:38:50.802 (+0:00:02.998035)

00:04 +60 -2: /Users/mr42/code/flutter/tmp/filler/test/domain/repositories_test.dart: PreferencesRepository should return default preferences when none exist                                          
│ 07:38:50.802 (+0:00:00.180030)

00:04 +60 -2: /Users/mr42/code/flutter/tmp/filler/test/integration/page_state_transitions_test.dart: BLoC State Transitions - All Pages Canvas BLoC - Paint State Transitions                          
├┄┄┄┄┄┄┄┄┄┄┄┄┄┄┄┄┄┄┄┄┄┄┄┄┄┄┄┄┄┄┄┄┄┄┄┄┄┄┄┄┄┄┄┄┄┄┄┄┄┄┄┄┄┄┄┄┄┄┄┄┄┄┄┄┄┄┄┄┄┄┄┄┄┄┄┄┄┄┄┄┄┄┄┄┄┄┄┄┄┄┄┄┄┄┄┄┄┄┄┄┄┄┄┄┄┄┄┄┄┄┄┄┄┄┄┄┄┄┄

00:04 +60 -2: /Users/mr42/code/flutter/tmp/filler/test/domain/repositories_test.dart: PreferencesRepository should return default preferences when none exist                                          
├┄┄┄┄┄┄┄┄┄┄┄┄┄┄┄┄┄┄┄┄┄┄┄┄┄┄┄┄┄┄┄┄┄┄┄┄┄┄┄┄┄┄┄┄┄┄┄┄┄┄┄┄┄┄┄┄┄┄┄┄┄┄┄┄┄┄┄┄┄┄┄┄┄┄┄┄┄┄┄┄┄┄┄┄┄┄┄┄┄┄┄┄┄┄┄┄┄┄┄┄┄┄┄┄┄┄┄┄┄┄┄┄┄┄┄┄┄┄┄

00:04 +60 -2: /Users/mr42/code/flutter/tmp/filler/test/integration/page_state_transitions_test.dart: BLoC State Transitions - All Pages Canvas BLoC - Paint State Transitions                          
│ 🐛 💾 Database: Setting preference value
└───────────────────────────────────────────────────────────────────────────────────────────────────────────────────────

00:04 +60 -2: /Users/mr42/code/flutter/tmp/filler/test/domain/repositories_test.dart: PreferencesRepository should return default preferences when none exist                                          
│ 🐛 ⚙️ Preferences: Constructed preferences model
└───────────────────────────────────────────────────────────────────────────────────────────────────────────────────────

00:04 +60 -2: /Users/mr42/code/flutter/tmp/filler/test/integration/page_state_transitions_test.dart: BLoC State Transitions - All Pages Canvas BLoC - Paint State Transitions                          
┌───────────────────────────────────────────────────────────────────────────────────────────────────────────────────────

00:04 +60 -2: /Users/mr42/code/flutter/tmp/filler/test/domain/repositories_test.dart: PreferencesRepository should return default preferences when none exist                                          
┌───────────────────────────────────────────────────────────────────────────────────────────────────────────────────────

00:04 +60 -2: /Users/mr42/code/flutter/tmp/filler/test/integration/page_state_transitions_test.dart: BLoC State Transitions - All Pages Canvas BLoC - Paint State Transitions                          
│ {key: height, value: 10}

00:04 +60 -2: /Users/mr42/code/flutter/tmp/filler/test/domain/repositories_test.dart: PreferencesRepository should return default preferences when none exist                                          
│ #0   TestHelpers.cleanup (file:///Users/mr42/code/flutter/tmp/filler/test/helpers/test_helpers.dart:152:24)

00:04 +60 -2: /Users/mr42/code/flutter/tmp/filler/test/integration/page_state_transitions_test.dart: BLoC State Transitions - All Pages Canvas BLoC - Paint State Transitions                          
├┄┄┄┄┄┄┄┄┄┄┄┄┄┄┄┄┄┄┄┄┄┄┄┄┄┄┄┄┄┄┄┄┄┄┄┄┄┄┄┄┄┄┄┄┄┄┄┄┄┄┄┄┄┄┄┄┄┄┄┄┄┄┄┄┄┄┄┄┄┄┄┄┄┄┄┄┄┄┄┄┄┄┄┄┄┄┄┄┄┄┄┄┄┄┄┄┄┄┄┄┄┄┄┄┄┄┄┄┄┄┄┄┄┄┄┄┄┄┄

00:04 +60 -2: /Users/mr42/code/flutter/tmp/filler/test/domain/repositories_test.dart: PreferencesRepository should return default preferences when none exist                                          
│ #1   main.<anonymous closure> (file:///Users/mr42/code/flutter/tmp/filler/test/domain/repositories_test.dart:21:23)

00:04 +60 -2: /Users/mr42/code/flutter/tmp/filler/test/integration/page_state_transitions_test.dart: BLoC State Transitions - All Pages Canvas BLoC - Paint State Transitions                          
│ #0   AppLogger.database (package:filler/core/logging.dart:49:13)
│ #1   AppDatabase.setPreferenceValue (package:filler/data/database.dart:337:17)

00:04 +60 -2: /Users/mr42/code/flutter/tmp/filler/test/domain/repositories_test.dart: PreferencesRepository should return default preferences when none exist                                          
├┄┄┄┄┄┄┄┄┄┄┄┄┄┄┄┄┄┄┄┄┄┄┄┄┄┄┄┄┄┄┄┄┄┄┄┄┄┄┄┄┄┄┄┄┄┄┄┄┄┄┄┄┄┄┄┄┄┄┄┄┄┄┄┄┄┄┄┄┄┄┄┄┄┄┄┄┄┄┄┄┄┄┄┄┄┄┄┄┄┄┄┄┄┄┄┄┄┄┄┄┄┄┄┄┄┄┄┄┄┄┄┄┄┄┄┄┄┄┄

00:04 +60 -2: /Users/mr42/code/flutter/tmp/filler/test/integration/page_state_transitions_test.dart: BLoC State Transitions - All Pages Canvas BLoC - Paint State Transitions                          
│ #2   <asynchronous suspension>

00:04 +60 -2: /Users/mr42/code/flutter/tmp/filler/test/domain/repositories_test.dart: PreferencesRepository should return default preferences when none exist                                          
│ 07:38:50.803 (+0:00:00.181612)
├┄┄┄┄┄┄┄┄┄┄┄┄┄┄┄┄┄┄┄┄┄┄┄┄┄┄┄┄┄┄┄┄┄┄┄┄┄┄┄┄┄┄┄┄┄┄┄┄┄┄┄┄┄┄┄┄┄┄┄┄┄┄┄┄┄┄┄┄┄┄┄┄┄┄┄┄┄┄┄┄┄┄┄┄┄┄┄┄┄┄┄┄┄┄┄┄┄┄┄┄┄┄┄┄┄┄┄┄┄┄┄┄┄┄┄┄┄┄┄

00:04 +60 -2: /Users/mr42/code/flutter/tmp/filler/test/integration/page_state_transitions_test.dart: BLoC State Transitions - All Pages Canvas BLoC - Paint State Transitions                          
│ #3   PreferencesRepository._ensureDefaults (package:filler/domain/repositories.dart:524:9)

00:04 +60 -2: /Users/mr42/code/flutter/tmp/filler/test/domain/repositories_test.dart: PreferencesRepository should return default preferences when none exist                                          
│ 🐛 🧹 Cleaning up test environment

00:04 +60 -2: /Users/mr42/code/flutter/tmp/filler/test/integration/page_state_transitions_test.dart: BLoC State Transitions - All Pages Canvas BLoC - Paint State Transitions                          
│ #4   <asynchronous suspension>

00:04 +60 -2: /Users/mr42/code/flutter/tmp/filler/test/domain/repositories_test.dart: PreferencesRepository should return default preferences when none exist                                          
└───────────────────────────────────────────────────────────────────────────────────────────────────────────────────────

00:04 +60 -2: /Users/mr42/code/flutter/tmp/filler/test/integration/page_state_transitions_test.dart: BLoC State Transitions - All Pages Canvas BLoC - Paint State Transitions                          
│ #5   PreferencesRepository.get (package:filler/domain/repositories.dart:454:7)
│ #6   <asynchronous suspension>
│ #7   new CanvasBloc.<anonymous closure> (package:filler/features/canvas/presentation/canvas_bloc.dart:113:19)
├┄┄┄┄┄┄┄┄┄┄┄┄┄┄┄┄┄┄┄┄┄┄┄┄┄┄┄┄┄┄┄┄┄┄┄┄┄┄┄┄┄┄┄┄┄┄┄┄┄┄┄┄┄┄┄┄┄┄┄┄┄┄┄┄┄┄┄┄┄┄┄┄┄┄┄┄┄┄┄┄┄┄┄┄┄┄┄┄┄┄┄┄┄┄┄┄┄┄┄┄┄┄┄┄┄┄┄┄┄┄┄┄┄┄┄┄┄┄┄
│ 07:38:50.803 (+0:00:02.999572)
├┄┄┄┄┄┄┄┄┄┄┄┄┄┄┄┄┄┄┄┄┄┄┄┄┄┄┄┄┄┄┄┄┄┄┄┄┄┄┄┄┄┄┄┄┄┄┄┄┄┄┄┄┄┄┄┄┄┄┄┄┄┄┄┄┄┄┄┄┄┄┄┄┄┄┄┄┄┄┄┄┄┄┄┄┄┄┄┄┄┄┄┄┄┄┄┄┄┄┄┄┄┄┄┄┄┄┄┄┄┄┄┄┄┄┄┄┄┄┄
│ 🐛 💾 Database: Preference value saved
└───────────────────────────────────────────────────────────────────────────────────────────────────────────────────────
┌───────────────────────────────────────────────────────────────────────────────────────────────────────────────────────
│ {key: insets, value: 0}
├┄┄┄┄┄┄┄┄┄┄┄┄┄┄┄┄┄┄┄┄┄┄┄┄┄┄┄┄┄┄┄┄┄┄┄┄┄┄┄┄┄┄┄┄┄┄┄┄┄┄┄┄┄┄┄┄┄┄┄┄┄┄┄┄┄┄┄┄┄┄┄┄┄┄┄┄┄┄┄┄┄┄┄┄┄┄┄┄┄┄┄┄┄┄┄┄┄┄┄┄┄┄┄┄┄┄┄┄┄┄┄┄┄┄┄┄┄┄┄
│ #0   AppLogger.preferences (package:filler/core/logging.dart:64:13)
│ #1   PreferencesRepository._ensureDefaults (package:filler/domain/repositories.dart:519:19)
│ #2   <asynchronous suspension>
│ #3   PreferencesRepository.get (package:filler/domain/repositories.dart:454:7)
│ #4   <asynchronous suspension>
│ #5   new CanvasBloc.<anonymous closure> (package:filler/features/canvas/presentation/canvas_bloc.dart:113:19)
│ #6   <asynchronous suspension>
│ #7   Bloc.on.<anonymous closure>.handleEvent (package:bloc/src/bloc.dart:226:13)
├┄┄┄┄┄┄┄┄┄┄┄┄┄┄┄┄┄┄┄┄┄┄┄┄┄┄┄┄┄┄┄┄┄┄┄┄┄┄┄┄┄┄┄┄┄┄┄┄┄┄┄┄┄┄┄┄┄┄┄┄┄┄┄┄┄┄┄┄┄┄┄┄┄┄┄┄┄┄┄┄┄┄┄┄┄┄┄┄┄┄┄┄┄┄┄┄┄┄┄┄┄┄┄┄┄┄┄┄┄┄┄┄┄┄┄┄┄┄┄
│ 07:38:50.804 (+0:00:03.000801)
├┄┄┄┄┄┄┄┄┄┄┄┄┄┄┄┄┄┄┄┄┄┄┄┄┄┄┄┄┄┄┄┄┄┄┄┄┄┄┄┄┄┄┄┄┄┄┄┄┄┄┄┄┄┄┄┄┄┄┄┄┄┄┄┄┄┄┄┄┄┄┄┄┄┄┄┄┄┄┄┄┄┄┄┄┄┄┄┄┄┄┄┄┄┄┄┄┄┄┄┄┄┄┄┄┄┄┄┄┄┄┄┄┄┄┄┄┄┄┄
│ 🐛 ⚙️ Preferences: Creating missing default preference
└───────────────────────────────────────────────────────────────────────────────────────────────────────────────────────
┌───────────────────────────────────────────────────────────────────────────────────────────────────────────────────────
│ {key: insets, value: 0, type: int}
├┄┄┄┄┄┄┄┄┄┄┄┄┄┄┄┄┄┄┄┄┄┄┄┄┄┄┄┄┄┄┄┄┄┄┄┄┄┄┄┄┄┄┄┄┄┄┄┄┄┄┄┄┄┄┄┄┄┄┄┄┄┄┄┄┄┄┄┄┄┄┄┄┄┄┄┄┄┄┄┄┄┄┄┄┄┄┄┄┄┄┄┄┄┄┄┄┄┄┄┄┄┄┄┄┄┄┄┄┄┄┄┄┄┄┄┄┄┄┄
│ #0   AppLogger.database (package:filler/core/logging.dart:49:13)
│ #1   AppDatabase.setPreferenceValue (package:filler/data/database.dart:301:15)
│ #2   PreferencesRepository._ensureDefaults (package:filler/domain/repositories.dart:524:19)
│ #3   <asynchronous suspension>
│ #4   PreferencesRepository.get (package:filler/domain/repositories.dart:454:7)
│ #5   <asynchronous suspension>
│ #6   new CanvasBloc.<anonymous closure> (package:filler/features/canvas/presentation/canvas_bloc.dart:113:19)
│ #7   <asynchronous suspension>
├┄┄┄┄┄┄┄┄┄┄┄┄┄┄┄┄┄┄┄┄┄┄┄┄┄┄┄┄┄┄┄┄┄┄┄┄┄┄┄┄┄┄┄┄┄┄┄┄┄┄┄┄┄┄┄┄┄┄┄┄┄┄┄┄┄┄┄┄┄┄┄┄┄┄┄┄┄┄┄┄┄┄┄┄┄┄┄┄┄┄┄┄┄┄┄┄┄┄┄┄┄┄┄┄┄┄┄┄┄┄┄┄┄┄┄┄┄┄┄
│ 07:38:50.806 (+0:00:03.001947)
├┄┄┄┄┄┄┄┄┄┄┄┄┄┄┄┄┄┄┄┄┄┄┄┄┄┄┄┄┄┄┄┄┄┄┄┄┄┄┄┄┄┄┄┄┄┄┄┄┄┄┄┄┄┄┄┄┄┄┄┄┄┄┄┄┄┄┄┄┄┄┄┄┄┄┄┄┄┄┄┄┄┄┄┄┄┄┄┄┄┄┄┄┄┄┄┄┄┄┄┄┄┄┄┄┄┄┄┄┄┄┄┄┄┄┄┄┄┄┄
│ 🐛 💾 Database: Setting preference value

00:04 +60 -2: /Users/mr42/code/flutter/tmp/filler/test/domain/repositories_test.dart: PreferencesRepository should return default preferences when none exist                                          
┌───────────────────────────────────────────────────────────────────────────────────────────────────────────────────────

00:04 +60 -2: /Users/mr42/code/flutter/tmp/filler/test/integration/page_state_transitions_test.dart: BLoC State Transitions - All Pages Canvas BLoC - Paint State Transitions                          
└───────────────────────────────────────────────────────────────────────────────────────────────────────────────────────

00:04 +60 -2: /Users/mr42/code/flutter/tmp/filler/test/domain/repositories_test.dart: PreferencesRepository should return default preferences when none exist                                          
│ #0   TestHelpers.cleanup (file:///Users/mr42/code/flutter/tmp/filler/test/helpers/test_helpers.dart:166:26)
│ #1   main.<anonymous closure> (file:///Users/mr42/code/flutter/tmp/filler/test/domain/repositories_test.dart:21:23)
├┄┄┄┄┄┄┄┄┄┄┄┄┄┄┄┄┄┄┄┄┄┄┄┄┄┄┄┄┄┄┄┄┄┄┄┄┄┄┄┄┄┄┄┄┄┄┄┄┄┄┄┄┄┄┄┄┄┄┄┄┄┄┄┄┄┄┄┄┄┄┄┄┄┄┄┄┄┄┄┄┄┄┄┄┄┄┄┄┄┄┄┄┄┄┄┄┄┄┄┄┄┄┄┄┄┄┄┄┄┄┄┄┄┄┄┄┄┄┄
│ 07:38:50.806 (+0:00:00.184854)
├┄┄┄┄┄┄┄┄┄┄┄┄┄┄┄┄┄┄┄┄┄┄┄┄┄┄┄┄┄┄┄┄┄┄┄┄┄┄┄┄┄┄┄┄┄┄┄┄┄┄┄┄┄┄┄┄┄┄┄┄┄┄┄┄┄┄┄┄┄┄┄┄┄┄┄┄┄┄┄┄┄┄┄┄┄┄┄┄┄┄┄┄┄┄┄┄┄┄┄┄┄┄┄┄┄┄┄┄┄┄┄┄┄┄┄┄┄┄┄
│ 🐛 ✅ Test cleanup completed
└───────────────────────────────────────────────────────────────────────────────────────────────────────────────────────

00:04 +60 -2: /Users/mr42/code/flutter/tmp/filler/test/integration/page_state_transitions_test.dart: BLoC State Transitions - All Pages Canvas BLoC - Paint State Transitions                          
┌───────────────────────────────────────────────────────────────────────────────────────────────────────────────────────
│ {key: insets, value: 0}
├┄┄┄┄┄┄┄┄┄┄┄┄┄┄┄┄┄┄┄┄┄┄┄┄┄┄┄┄┄┄┄┄┄┄┄┄┄┄┄┄┄┄┄┄┄┄┄┄┄┄┄┄┄┄┄┄┄┄┄┄┄┄┄┄┄┄┄┄┄┄┄┄┄┄┄┄┄┄┄┄┄┄┄┄┄┄┄┄┄┄┄┄┄┄┄┄┄┄┄┄┄┄┄┄┄┄┄┄┄┄┄┄┄┄┄┄┄┄┄
│ #0   AppLogger.database (package:filler/core/logging.dart:49:13)

00:04 +61 -2: /Users/mr42/code/flutter/tmp/filler/test/integration/page_state_transitions_test.dart: BLoC State Transitions - All Pages Canvas BLoC - Paint State Transitions                          
00:04 +61 -2: /Users/mr42/code/flutter/tmp/filler/test/integration/page_state_transitions_test.dart: BLoC State Transitions - All Pages Canvas BLoC - Paint State Transitions                          
│ #1   AppDatabase.setPreferenceValue (package:filler/data/database.dart:337:17)
│ #2   <asynchronous suspension>
│ #3   PreferencesRepository._ensureDefaults (package:filler/domain/repositories.dart:524:9)
│ #4   <asynchronous suspension>
│ #5   PreferencesRepository.get (package:filler/domain/repositories.dart:454:7)
│ #6   <asynchronous suspension>
│ #7   new CanvasBloc.<anonymous closure> (package:filler/features/canvas/presentation/canvas_bloc.dart:113:19)
├┄┄┄┄┄┄┄┄┄┄┄┄┄┄┄┄┄┄┄┄┄┄┄┄┄┄┄┄┄┄┄┄┄┄┄┄┄┄┄┄┄┄┄┄┄┄┄┄┄┄┄┄┄┄┄┄┄┄┄┄┄┄┄┄┄┄┄┄┄┄┄┄┄┄┄┄┄┄┄┄┄┄┄┄┄┄┄┄┄┄┄┄┄┄┄┄┄┄┄┄┄┄┄┄┄┄┄┄┄┄┄┄┄┄┄┄┄┄┄
│ 07:38:50.807 (+0:00:03.003386)
├┄┄┄┄┄┄┄┄┄┄┄┄┄┄┄┄┄┄┄┄┄┄┄┄┄┄┄┄┄┄┄┄┄┄┄┄┄┄┄┄┄┄┄┄┄┄┄┄┄┄┄┄┄┄┄┄┄┄┄┄┄┄┄┄┄┄┄┄┄┄┄┄┄┄┄┄┄┄┄┄┄┄┄┄┄┄┄┄┄┄┄┄┄┄┄┄┄┄┄┄┄┄┄┄┄┄┄┄┄┄┄┄┄┄┄┄┄┄┄
│ 🐛 💾 Database: Preference value saved
└───────────────────────────────────────────────────────────────────────────────────────────────────────────────────────
┌───────────────────────────────────────────────────────────────────────────────────────────────────────────────────────
│ {key: defaultPattern, value: 1}
├┄┄┄┄┄┄┄┄┄┄┄┄┄┄┄┄┄┄┄┄┄┄┄┄┄┄┄┄┄┄┄┄┄┄┄┄┄┄┄┄┄┄┄┄┄┄┄┄┄┄┄┄┄┄┄┄┄┄┄┄┄┄┄┄┄┄┄┄┄┄┄┄┄┄┄┄┄┄┄┄┄┄┄┄┄┄┄┄┄┄┄┄┄┄┄┄┄┄┄┄┄┄┄┄┄┄┄┄┄┄┄┄┄┄┄┄┄┄┄
│ #0   AppLogger.preferences (package:filler/core/logging.dart:64:13)
│ #1   PreferencesRepository._ensureDefaults (package:filler/domain/repositories.dart:519:19)
│ #2   <asynchronous suspension>
│ #3   PreferencesRepository.get (package:filler/domain/repositories.dart:454:7)
│ #4   <asynchronous suspension>
│ #5   new CanvasBloc.<anonymous closure> (package:filler/features/canvas/presentation/canvas_bloc.dart:113:19)
│ #6   <asynchronous suspension>

00:04 +61 -2: /Users/mr42/code/flutter/tmp/filler/test/domain/repositories_test.dart: PreferencesRepository should save and retrieve preferences                                                       
┌───────────────────────────────────────────────────────────────────────────────────────────────────────────────────────
│ #0   TestHelpers.createTestDatabase (file:///Users/mr42/code/flutter/tmp/filler/test/helpers/test_helpers.dart:30:24)

00:04 +61 -2: /Users/mr42/code/flutter/tmp/filler/test/integration/page_state_transitions_test.dart: BLoC State Transitions - All Pages Canvas BLoC - Paint State Transitions                          
│ #7   Bloc.on.<anonymous closure>.handleEvent (package:bloc/src/bloc.dart:226:13)
├┄┄┄┄┄┄┄┄┄┄┄┄┄┄┄┄┄┄┄┄┄┄┄┄┄┄┄┄┄┄┄┄┄┄┄┄┄┄┄┄┄┄┄┄┄┄┄┄┄┄┄┄┄┄┄┄┄┄┄┄┄┄┄┄┄┄┄┄┄┄┄┄┄┄┄┄┄┄┄┄┄┄┄┄┄┄┄┄┄┄┄┄┄┄┄┄┄┄┄┄┄┄┄┄┄┄┄┄┄┄┄┄┄┄┄┄┄┄┄
│ 07:38:50.808 (+0:00:03.004568)

00:04 +61 -2: /Users/mr42/code/flutter/tmp/filler/test/domain/repositories_test.dart: PreferencesRepository should save and retrieve preferences                                                       
│ #1   main.<anonymous closure> (file:///Users/mr42/code/flutter/tmp/filler/test/domain/repositories_test.dart:15:28)

00:04 +61 -2: /Users/mr42/code/flutter/tmp/filler/test/integration/page_state_transitions_test.dart: BLoC State Transitions - All Pages Canvas BLoC - Paint State Transitions                          
├┄┄┄┄┄┄┄┄┄┄┄┄┄┄┄┄┄┄┄┄┄┄┄┄┄┄┄┄┄┄┄┄┄┄┄┄┄┄┄┄┄┄┄┄┄┄┄┄┄┄┄┄┄┄┄┄┄┄┄┄┄┄┄┄┄┄┄┄┄┄┄┄┄┄┄┄┄┄┄┄┄┄┄┄┄┄┄┄┄┄┄┄┄┄┄┄┄┄┄┄┄┄┄┄┄┄┄┄┄┄┄┄┄┄┄┄┄┄┄

00:04 +61 -2: /Users/mr42/code/flutter/tmp/filler/test/domain/repositories_test.dart: PreferencesRepository should save and retrieve preferences                                                       
├┄┄┄┄┄┄┄┄┄┄┄┄┄┄┄┄┄┄┄┄┄┄┄┄┄┄┄┄┄┄┄┄┄┄┄┄┄┄┄┄┄┄┄┄┄┄┄┄┄┄┄┄┄┄┄┄┄┄┄┄┄┄┄┄┄┄┄┄┄┄┄┄┄┄┄┄┄┄┄┄┄┄┄┄┄┄┄┄┄┄┄┄┄┄┄┄┄┄┄┄┄┄┄┄┄┄┄┄┄┄┄┄┄┄┄┄┄┄┄

00:04 +61 -2: /Users/mr42/code/flutter/tmp/filler/test/integration/page_state_transitions_test.dart: BLoC State Transitions - All Pages Canvas BLoC - Paint State Transitions                          
│ 🐛 ⚙️ Preferences: Creating missing default preference

00:04 +61 -2: /Users/mr42/code/flutter/tmp/filler/test/domain/repositories_test.dart: PreferencesRepository should save and retrieve preferences                                                       
│ 07:38:50.809 (+0:00:00.187172)

00:04 +61 -2: /Users/mr42/code/flutter/tmp/filler/test/integration/page_state_transitions_test.dart: BLoC State Transitions - All Pages Canvas BLoC - Paint State Transitions                          
└───────────────────────────────────────────────────────────────────────────────────────────────────────────────────────

00:04 +61 -2: /Users/mr42/code/flutter/tmp/filler/test/domain/repositories_test.dart: PreferencesRepository should save and retrieve preferences                                                       
├┄┄┄┄┄┄┄┄┄┄┄┄┄┄┄┄┄┄┄┄┄┄┄┄┄┄┄┄┄┄┄┄┄┄┄┄┄┄┄┄┄┄┄┄┄┄┄┄┄┄┄┄┄┄┄┄┄┄┄┄┄┄┄┄┄┄┄┄┄┄┄┄┄┄┄┄┄┄┄┄┄┄┄┄┄┄┄┄┄┄┄┄┄┄┄┄┄┄┄┄┄┄┄┄┄┄┄┄┄┄┄┄┄┄┄┄┄┄┄
│ 🐛 🗄️ Creating test database
└───────────────────────────────────────────────────────────────────────────────────────────────────────────────────────

00:04 +61 -2: /Users/mr42/code/flutter/tmp/filler/test/integration/page_state_transitions_test.dart: BLoC State Transitions - All Pages Canvas BLoC - Paint State Transitions                          
┌───────────────────────────────────────────────────────────────────────────────────────────────────────────────────────
│ {key: defaultPattern, value: 1, type: int}
├┄┄┄┄┄┄┄┄┄┄┄┄┄┄┄┄┄┄┄┄┄┄┄┄┄┄┄┄┄┄┄┄┄┄┄┄┄┄┄┄┄┄┄┄┄┄┄┄┄┄┄┄┄┄┄┄┄┄┄┄┄┄┄┄┄┄┄┄┄┄┄┄┄┄┄┄┄┄┄┄┄┄┄┄┄┄┄┄┄┄┄┄┄┄┄┄┄┄┄┄┄┄┄┄┄┄┄┄┄┄┄┄┄┄┄┄┄┄┄
│ #0   AppLogger.database (package:filler/core/logging.dart:49:13)

00:04 +61 -2: /Users/mr42/code/flutter/tmp/filler/test/domain/repositories_test.dart: PreferencesRepository should save and retrieve preferences                                                       
WARNING (drift): It looks like you've created the database class AppDatabase multiple times. When these two databases use the same QueryExecutor, race conditions will occur and might corrupt the database. 

00:04 +61 -2: /Users/mr42/code/flutter/tmp/filler/test/integration/page_state_transitions_test.dart: BLoC State Transitions - All Pages Canvas BLoC - Paint State Transitions                          
│ #1   AppDatabase.setPreferenceValue (package:filler/data/database.dart:301:15)

00:04 +61 -2: /Users/mr42/code/flutter/tmp/filler/test/domain/repositories_test.dart: PreferencesRepository should save and retrieve preferences                                                       
Try to follow the advice at https://drift.simonbinder.eu/faq/#using-the-database or, if you know what you're doing, set driftRuntimeOptions.dontWarnAboutMultipleDatabases = true

00:04 +61 -2: /Users/mr42/code/flutter/tmp/filler/test/integration/page_state_transitions_test.dart: BLoC State Transitions - All Pages Canvas BLoC - Paint State Transitions                          
│ #2   PreferencesRepository._ensureDefaults (package:filler/domain/repositories.dart:524:19)

00:04 +61 -2: /Users/mr42/code/flutter/tmp/filler/test/domain/repositories_test.dart: PreferencesRepository should save and retrieve preferences                                                       
Here is the stacktrace from when the database was opened a second time:

00:04 +61 -2: /Users/mr42/code/flutter/tmp/filler/test/integration/page_state_transitions_test.dart: BLoC State Transitions - All Pages Canvas BLoC - Paint State Transitions                          
│ #3   <asynchronous suspension>

00:04 +61 -2: /Users/mr42/code/flutter/tmp/filler/test/domain/repositories_test.dart: PreferencesRepository should save and retrieve preferences                                                       
#0      GeneratedDatabase._handleInstantiated (package:drift/src/runtime/api/db_base.dart:96:30)

00:04 +61 -2: /Users/mr42/code/flutter/tmp/filler/test/integration/page_state_transitions_test.dart: BLoC State Transitions - All Pages Canvas BLoC - Paint State Transitions                          
│ #4   PreferencesRepository.get (package:filler/domain/repositories.dart:454:7)

00:04 +61 -2: /Users/mr42/code/flutter/tmp/filler/test/domain/repositories_test.dart: PreferencesRepository should save and retrieve preferences                                                       
#1      GeneratedDatabase._whenConstructed (package:drift/src/runtime/api/db_base.dart:73:12)

00:04 +61 -2: /Users/mr42/code/flutter/tmp/filler/test/integration/page_state_transitions_test.dart: BLoC State Transitions - All Pages Canvas BLoC - Paint State Transitions                          
│ #5   <asynchronous suspension>

00:04 +61 -2: /Users/mr42/code/flutter/tmp/filler/test/domain/repositories_test.dart: PreferencesRepository should save and retrieve preferences                                                       
#2      new GeneratedDatabase (package:drift/src/runtime/api/db_base.dart:64:5)

00:04 +61 -2: /Users/mr42/code/flutter/tmp/filler/test/integration/page_state_transitions_test.dart: BLoC State Transitions - All Pages Canvas BLoC - Paint State Transitions                          
│ #6   new CanvasBloc.<anonymous closure> (package:filler/features/canvas/presentation/canvas_bloc.dart:113:19)

00:04 +61 -2: /Users/mr42/code/flutter/tmp/filler/test/domain/repositories_test.dart: PreferencesRepository should save and retrieve preferences                                                       
#3      new _$AppDatabase (package:filler/data/database.g.dart:991:36)

00:04 +61 -2: /Users/mr42/code/flutter/tmp/filler/test/integration/page_state_transitions_test.dart: BLoC State Transitions - All Pages Canvas BLoC - Paint State Transitions                          
│ #7   <asynchronous suspension>

00:04 +61 -2: /Users/mr42/code/flutter/tmp/filler/test/domain/repositories_test.dart: PreferencesRepository should save and retrieve preferences                                                       
#4      new AppDatabase.test (package:filler/data/database.dart:90:24)

00:04 +61 -2: /Users/mr42/code/flutter/tmp/filler/test/integration/page_state_transitions_test.dart: BLoC State Transitions - All Pages Canvas BLoC - Paint State Transitions                          
├┄┄┄┄┄┄┄┄┄┄┄┄┄┄┄┄┄┄┄┄┄┄┄┄┄┄┄┄┄┄┄┄┄┄┄┄┄┄┄┄┄┄┄┄┄┄┄┄┄┄┄┄┄┄┄┄┄┄┄┄┄┄┄┄┄┄┄┄┄┄┄┄┄┄┄┄┄┄┄┄┄┄┄┄┄┄┄┄┄┄┄┄┄┄┄┄┄┄┄┄┄┄┄┄┄┄┄┄┄┄┄┄┄┄┄┄┄┄┄
│ 07:38:50.810 (+0:00:03.005833)

00:04 +61 -2: /Users/mr42/code/flutter/tmp/filler/test/domain/repositories_test.dart: PreferencesRepository should save and retrieve preferences                                                       
#5      TestHelpers.createTestDatabase (file:///Users/mr42/code/flutter/tmp/filler/test/helpers/test_helpers.dart:31:24)

00:04 +61 -2: /Users/mr42/code/flutter/tmp/filler/test/integration/page_state_transitions_test.dart: BLoC State Transitions - All Pages Canvas BLoC - Paint State Transitions                          
├┄┄┄┄┄┄┄┄┄┄┄┄┄┄┄┄┄┄┄┄┄┄┄┄┄┄┄┄┄┄┄┄┄┄┄┄┄┄┄┄┄┄┄┄┄┄┄┄┄┄┄┄┄┄┄┄┄┄┄┄┄┄┄┄┄┄┄┄┄┄┄┄┄┄┄┄┄┄┄┄┄┄┄┄┄┄┄┄┄┄┄┄┄┄┄┄┄┄┄┄┄┄┄┄┄┄┄┄┄┄┄┄┄┄┄┄┄┄┄

00:04 +61 -2: /Users/mr42/code/flutter/tmp/filler/test/domain/repositories_test.dart: PreferencesRepository should save and retrieve preferences                                                       
#6      main.<anonymous closure> (file:///Users/mr42/code/flutter/tmp/filler/test/domain/repositories_test.dart:15:28)

00:04 +61 -2: /Users/mr42/code/flutter/tmp/filler/test/integration/page_state_transitions_test.dart: BLoC State Transitions - All Pages Canvas BLoC - Paint State Transitions                          
│ 🐛 💾 Database: Setting preference value

00:04 +61 -2: /Users/mr42/code/flutter/tmp/filler/test/domain/repositories_test.dart: PreferencesRepository should save and retrieve preferences                                                       
#7      Declarer._runSetUps.<anonymous closure> (package:test_api/src/backend/declarer.dart:403:61)

00:04 +61 -2: /Users/mr42/code/flutter/tmp/filler/test/integration/page_state_transitions_test.dart: BLoC State Transitions - All Pages Canvas BLoC - Paint State Transitions                          
└───────────────────────────────────────────────────────────────────────────────────────────────────────────────────────

00:04 +61 -2: /Users/mr42/code/flutter/tmp/filler/test/domain/repositories_test.dart: PreferencesRepository should save and retrieve preferences                                                       
#8      Future.forEach.<anonymous closure> (dart:async/future.dart:653:26)
#9      Future.doWhile.<anonymous closure> (dart:async/future.dart:710:26)
#10     StackZoneSpecification._registerUnaryCallback.<anonymous closure>.<anonymous closure> (package:stack_trace/src/stack_zone_specification.dart:127:36)
#11     StackZoneSpecification._run (package:stack_trace/src/stack_zone_specification.dart:207:15)
#12     StackZoneSpecification._registerUnaryCallback.<anonymous closure> (package:stack_trace/src/stack_zone_specification.dart:127:24)
#13     _rootRunUnary (dart:async/zone.dart:1538:47)
#14     _CustomZone.runUnary (dart:async/zone.dart:1429:19)
#15     _CustomZone.runUnaryGuarded (dart:async/zone.dart:1329:7)

00:04 +61 -2: /Users/mr42/code/flutter/tmp/filler/test/integration/page_state_transitions_test.dart: BLoC State Transitions - All Pages Canvas BLoC - Paint State Transitions                          
┌───────────────────────────────────────────────────────────────────────────────────────────────────────────────────────

00:04 +61 -2: /Users/mr42/code/flutter/tmp/filler/test/domain/repositories_test.dart: PreferencesRepository should save and retrieve preferences                                                       
#16     _CustomZone.bindUnaryCallbackGuarded.<anonymous closure> (dart:async/zone.dart:1367:26)

00:04 +61 -2: /Users/mr42/code/flutter/tmp/filler/test/integration/page_state_transitions_test.dart: BLoC State Transitions - All Pages Canvas BLoC - Paint State Transitions                          
│ {key: defaultPattern, value: 1}

00:04 +61 -2: /Users/mr42/code/flutter/tmp/filler/test/domain/repositories_test.dart: PreferencesRepository should save and retrieve preferences                                                       
#17     Future.doWhile (dart:async/future.dart:727:18)
#18     Future.forEach (dart:async/future.dart:651:12)

00:04 +61 -2: /Users/mr42/code/flutter/tmp/filler/test/integration/page_state_transitions_test.dart: BLoC State Transitions - All Pages Canvas BLoC - Paint State Transitions                          
├┄┄┄┄┄┄┄┄┄┄┄┄┄┄┄┄┄┄┄┄┄┄┄┄┄┄┄┄┄┄┄┄┄┄┄┄┄┄┄┄┄┄┄┄┄┄┄┄┄┄┄┄┄┄┄┄┄┄┄┄┄┄┄┄┄┄┄┄┄┄┄┄┄┄┄┄┄┄┄┄┄┄┄┄┄┄┄┄┄┄┄┄┄┄┄┄┄┄┄┄┄┄┄┄┄┄┄┄┄┄┄┄┄┄┄┄┄┄┄
│ #0   AppLogger.database (package:filler/core/logging.dart:49:13)

00:04 +61 -2: /Users/mr42/code/flutter/tmp/filler/test/domain/repositories_test.dart: PreferencesRepository should save and retrieve preferences                                                       
#19     Declarer._runSetUps (package:test_api/src/backend/declarer.dart:403:18)

00:04 +61 -2: /Users/mr42/code/flutter/tmp/filler/test/integration/page_state_transitions_test.dart: BLoC State Transitions - All Pages Canvas BLoC - Paint State Transitions                          
│ #1   AppDatabase.setPreferenceValue (package:filler/data/database.dart:337:17)

00:04 +61 -2: /Users/mr42/code/flutter/tmp/filler/test/domain/repositories_test.dart: PreferencesRepository should save and retrieve preferences                                                       
#20     Declarer._runSetUps (package:test_api/src/backend/declarer.dart:401:40)

00:04 +61 -2: /Users/mr42/code/flutter/tmp/filler/test/integration/page_state_transitions_test.dart: BLoC State Transitions - All Pages Canvas BLoC - Paint State Transitions                          
│ #2   <asynchronous suspension>

00:04 +61 -2: /Users/mr42/code/flutter/tmp/filler/test/domain/repositories_test.dart: PreferencesRepository should save and retrieve preferences                                                       
#21     Declarer.test.<anonymous closure>.<anonymous closure> (package:test_api/src/backend/declarer.dart:241:15)

00:04 +61 -2: /Users/mr42/code/flutter/tmp/filler/test/integration/page_state_transitions_test.dart: BLoC State Transitions - All Pages Canvas BLoC - Paint State Transitions                          
│ #3   PreferencesRepository._ensureDefaults (package:filler/domain/repositories.dart:524:9)

00:04 +61 -2: /Users/mr42/code/flutter/tmp/filler/test/domain/repositories_test.dart: PreferencesRepository should save and retrieve preferences                                                       
#22     _rootRun (dart:async/zone.dart:1525:13)

00:04 +61 -2: /Users/mr42/code/flutter/tmp/filler/test/integration/page_state_transitions_test.dart: BLoC State Transitions - All Pages Canvas BLoC - Paint State Transitions                          
│ #4   <asynchronous suspension>

00:04 +61 -2: /Users/mr42/code/flutter/tmp/filler/test/domain/repositories_test.dart: PreferencesRepository should save and retrieve preferences                                                       
#23     _CustomZone.run (dart:async/zone.dart:1422:19)

00:04 +61 -2: /Users/mr42/code/flutter/tmp/filler/test/integration/page_state_transitions_test.dart: BLoC State Transitions - All Pages Canvas BLoC - Paint State Transitions                          
│ #5   PreferencesRepository.get (package:filler/domain/repositories.dart:454:7)

00:04 +61 -2: /Users/mr42/code/flutter/tmp/filler/test/domain/repositories_test.dart: PreferencesRepository should save and retrieve preferences                                                       
#24     _runZoned (dart:async/zone.dart:2034:6)

00:04 +61 -2: /Users/mr42/code/flutter/tmp/filler/test/integration/page_state_transitions_test.dart: BLoC State Transitions - All Pages Canvas BLoC - Paint State Transitions                          
│ #6   <asynchronous suspension>

00:04 +61 -2: /Users/mr42/code/flutter/tmp/filler/test/domain/repositories_test.dart: PreferencesRepository should save and retrieve preferences                                                       
#25     runZoned (dart:async/zone.dart:1960:10)

00:04 +61 -2: /Users/mr42/code/flutter/tmp/filler/test/integration/page_state_transitions_test.dart: BLoC State Transitions - All Pages Canvas BLoC - Paint State Transitions                          
│ #7   new CanvasBloc.<anonymous closure> (package:filler/features/canvas/presentation/canvas_bloc.dart:113:19)
├┄┄┄┄┄┄┄┄┄┄┄┄┄┄┄┄┄┄┄┄┄┄┄┄┄┄┄┄┄┄┄┄┄┄┄┄┄┄┄┄┄┄┄┄┄┄┄┄┄┄┄┄┄┄┄┄┄┄┄┄┄┄┄┄┄┄┄┄┄┄┄┄┄┄┄┄┄┄┄┄┄┄┄┄┄┄┄┄┄┄┄┄┄┄┄┄┄┄┄┄┄┄┄┄┄┄┄┄┄┄┄┄┄┄┄┄┄┄┄
│ 07:38:50.811 (+0:00:03.007803)

00:04 +61 -2: /Users/mr42/code/flutter/tmp/filler/test/domain/repositories_test.dart: PreferencesRepository should save and retrieve preferences                                                       
#26     Declarer.test.<anonymous closure> (package:test_api/src/backend/declarer.dart:240:13)

00:04 +61 -2: /Users/mr42/code/flutter/tmp/filler/test/integration/page_state_transitions_test.dart: BLoC State Transitions - All Pages Canvas BLoC - Paint State Transitions                          
├┄┄┄┄┄┄┄┄┄┄┄┄┄┄┄┄┄┄┄┄┄┄┄┄┄┄┄┄┄┄┄┄┄┄┄┄┄┄┄┄┄┄┄┄┄┄┄┄┄┄┄┄┄┄┄┄┄┄┄┄┄┄┄┄┄┄┄┄┄┄┄┄┄┄┄┄┄┄┄┄┄┄┄┄┄┄┄┄┄┄┄┄┄┄┄┄┄┄┄┄┄┄┄┄┄┄┄┄┄┄┄┄┄┄┄┄┄┄┄

00:04 +61 -2: /Users/mr42/code/flutter/tmp/filler/test/domain/repositories_test.dart: PreferencesRepository should save and retrieve preferences                                                       
#27     Invoker._waitForOutstandingCallbacks.<anonymous closure> (package:test_api/src/backend/invoker.dart:282:17)

00:04 +61 -2: /Users/mr42/code/flutter/tmp/filler/test/integration/page_state_transitions_test.dart: BLoC State Transitions - All Pages Canvas BLoC - Paint State Transitions                          
│ 🐛 💾 Database: Preference value saved

00:04 +61 -2: /Users/mr42/code/flutter/tmp/filler/test/domain/repositories_test.dart: PreferencesRepository should save and retrieve preferences                                                       
#28     _rootRun (dart:async/zone.dart:1525:13)

00:04 +61 -2: /Users/mr42/code/flutter/tmp/filler/test/integration/page_state_transitions_test.dart: BLoC State Transitions - All Pages Canvas BLoC - Paint State Transitions                          
└───────────────────────────────────────────────────────────────────────────────────────────────────────────────────────

00:04 +61 -2: /Users/mr42/code/flutter/tmp/filler/test/domain/repositories_test.dart: PreferencesRepository should save and retrieve preferences                                                       
#29     _CustomZone.run (dart:async/zone.dart:1422:19)
#30     _runZoned (dart:async/zone.dart:2034:6)

00:04 +61 -2: /Users/mr42/code/flutter/tmp/filler/test/integration/page_state_transitions_test.dart: BLoC State Transitions - All Pages Canvas BLoC - Paint State Transitions                          
┌───────────────────────────────────────────────────────────────────────────────────────────────────────────────────────

00:04 +61 -2: /Users/mr42/code/flutter/tmp/filler/test/domain/repositories_test.dart: PreferencesRepository should save and retrieve preferences                                                       
#31     runZoned (dart:async/zone.dart:1960:10)

00:04 +61 -2: /Users/mr42/code/flutter/tmp/filler/test/integration/page_state_transitions_test.dart: BLoC State Transitions - All Pages Canvas BLoC - Paint State Transitions                          
│ {key: themeMode, value: 2}

00:04 +61 -2: /Users/mr42/code/flutter/tmp/filler/test/domain/repositories_test.dart: PreferencesRepository should save and retrieve preferences                                                       
#32     Invoker._waitForOutstandingCallbacks (package:test_api/src/backend/invoker.dart:278:5)

00:04 +61 -2: /Users/mr42/code/flutter/tmp/filler/test/integration/page_state_transitions_test.dart: BLoC State Transitions - All Pages Canvas BLoC - Paint State Transitions                          
├┄┄┄┄┄┄┄┄┄┄┄┄┄┄┄┄┄┄┄┄┄┄┄┄┄┄┄┄┄┄┄┄┄┄┄┄┄┄┄┄┄┄┄┄┄┄┄┄┄┄┄┄┄┄┄┄┄┄┄┄┄┄┄┄┄┄┄┄┄┄┄┄┄┄┄┄┄┄┄┄┄┄┄┄┄┄┄┄┄┄┄┄┄┄┄┄┄┄┄┄┄┄┄┄┄┄┄┄┄┄┄┄┄┄┄┄┄┄┄

00:04 +61 -2: /Users/mr42/code/flutter/tmp/filler/test/domain/repositories_test.dart: PreferencesRepository should save and retrieve preferences                                                       
#33     Invoker._onRun.<anonymous closure>.<anonymous closure>.<anonymous closure> (package:test_api/src/backend/invoker.dart:418:17)

00:04 +61 -2: /Users/mr42/code/flutter/tmp/filler/test/integration/page_state_transitions_test.dart: BLoC State Transitions - All Pages Canvas BLoC - Paint State Transitions                          
│ #0   AppLogger.preferences (package:filler/core/logging.dart:64:13)

00:04 +61 -2: /Users/mr42/code/flutter/tmp/filler/test/domain/repositories_test.dart: PreferencesRepository should save and retrieve preferences                                                       
<asynchronous suspension>

00:04 +61 -2: /Users/mr42/code/flutter/tmp/filler/test/integration/page_state_transitions_test.dart: BLoC State Transitions - All Pages Canvas BLoC - Paint State Transitions                          
│ #1   PreferencesRepository._ensureDefaults (package:filler/domain/repositories.dart:519:19)

00:04 +61 -2: /Users/mr42/code/flutter/tmp/filler/test/domain/repositories_test.dart: PreferencesRepository should save and retrieve preferences                                                       
This warning will only appear on debug builds.

00:04 +61 -2: /Users/mr42/code/flutter/tmp/filler/test/integration/page_state_transitions_test.dart: BLoC State Transitions - All Pages Canvas BLoC - Paint State Transitions                          
│ #2   <asynchronous suspension>
│ #3   PreferencesRepository.get (package:filler/domain/repositories.dart:454:7)
│ #4   <asynchronous suspension>
│ #5   new CanvasBloc.<anonymous closure> (package:filler/features/canvas/presentation/canvas_bloc.dart:113:19)
│ #6   <asynchronous suspension>
│ #7   Bloc.on.<anonymous closure>.handleEvent (package:bloc/src/bloc.dart:226:13)
├┄┄┄┄┄┄┄┄┄┄┄┄┄┄┄┄┄┄┄┄┄┄┄┄┄┄┄┄┄┄┄┄┄┄┄┄┄┄┄┄┄┄┄┄┄┄┄┄┄┄┄┄┄┄┄┄┄┄┄┄┄┄┄┄┄┄┄┄┄┄┄┄┄┄┄┄┄┄┄┄┄┄┄┄┄┄┄┄┄┄┄┄┄┄┄┄┄┄┄┄┄┄┄┄┄┄┄┄┄┄┄┄┄┄┄┄┄┄┄
│ 07:38:50.813 (+0:00:03.009164)
├┄┄┄┄┄┄┄┄┄┄┄┄┄┄┄┄┄┄┄┄┄┄┄┄┄┄┄┄┄┄┄┄┄┄┄┄┄┄┄┄┄┄┄┄┄┄┄┄┄┄┄┄┄┄┄┄┄┄┄┄┄┄┄┄┄┄┄┄┄┄┄┄┄┄┄┄┄┄┄┄┄┄┄┄┄┄┄┄┄┄┄┄┄┄┄┄┄┄┄┄┄┄┄┄┄┄┄┄┄┄┄┄┄┄┄┄┄┄┄
│ 🐛 ⚙️ Preferences: Creating missing default preference
└───────────────────────────────────────────────────────────────────────────────────────────────────────────────────────

00:04 +61 -2: /Users/mr42/code/flutter/tmp/filler/test/domain/repositories_test.dart: PreferencesRepository should save and retrieve preferences                                                       
┌───────────────────────────────────────────────────────────────────────────────────────────────────────────────────────
│ {width: 15, height: 20, insets: 2, defaultPattern: 2, themeMode: 2}

00:04 +61 -2: /Users/mr42/code/flutter/tmp/filler/test/integration/page_state_transitions_test.dart: BLoC State Transitions - All Pages Canvas BLoC - Paint State Transitions                          
┌───────────────────────────────────────────────────────────────────────────────────────────────────────────────────────
│ {key: themeMode, value: 2, type: int}

00:04 +61 -2: /Users/mr42/code/flutter/tmp/filler/test/domain/repositories_test.dart: PreferencesRepository should save and retrieve preferences                                                       
├┄┄┄┄┄┄┄┄┄┄┄┄┄┄┄┄┄┄┄┄┄┄┄┄┄┄┄┄┄┄┄┄┄┄┄┄┄┄┄┄┄┄┄┄┄┄┄┄┄┄┄┄┄┄┄┄┄┄┄┄┄┄┄┄┄┄┄┄┄┄┄┄┄┄┄┄┄┄┄┄┄┄┄┄┄┄┄┄┄┄┄┄┄┄┄┄┄┄┄┄┄┄┄┄┄┄┄┄┄┄┄┄┄┄┄┄┄┄┄

00:04 +61 -2: /Users/mr42/code/flutter/tmp/filler/test/integration/page_state_transitions_test.dart: BLoC State Transitions - All Pages Canvas BLoC - Paint State Transitions                          
├┄┄┄┄┄┄┄┄┄┄┄┄┄┄┄┄┄┄┄┄┄┄┄┄┄┄┄┄┄┄┄┄┄┄┄┄┄┄┄┄┄┄┄┄┄┄┄┄┄┄┄┄┄┄┄┄┄┄┄┄┄┄┄┄┄┄┄┄┄┄┄┄┄┄┄┄┄┄┄┄┄┄┄┄┄┄┄┄┄┄┄┄┄┄┄┄┄┄┄┄┄┄┄┄┄┄┄┄┄┄┄┄┄┄┄┄┄┄┄

00:04 +61 -2: /Users/mr42/code/flutter/tmp/filler/test/domain/repositories_test.dart: PreferencesRepository should save and retrieve preferences                                                       
│ #0   AppLogger.preferences (package:filler/core/logging.dart:64:13)

00:04 +61 -2: /Users/mr42/code/flutter/tmp/filler/test/integration/page_state_transitions_test.dart: BLoC State Transitions - All Pages Canvas BLoC - Paint State Transitions                          
│ #0   AppLogger.database (package:filler/core/logging.dart:49:13)

00:04 +61 -2: /Users/mr42/code/flutter/tmp/filler/test/domain/repositories_test.dart: PreferencesRepository should save and retrieve preferences                                                       
│ #1   PreferencesRepository.save (package:filler/domain/repositories.dart:541:15)

00:04 +61 -2: /Users/mr42/code/flutter/tmp/filler/test/integration/page_state_transitions_test.dart: BLoC State Transitions - All Pages Canvas BLoC - Paint State Transitions                          
│ #1   AppDatabase.setPreferenceValue (package:filler/data/database.dart:301:15)

00:04 +61 -2: /Users/mr42/code/flutter/tmp/filler/test/domain/repositories_test.dart: PreferencesRepository should save and retrieve preferences                                                       
│ #2   main.<anonymous closure>.<anonymous closure> (file:///Users/mr42/code/flutter/tmp/filler/test/domain/repositories_test.dart:105:23)

00:04 +61 -2: /Users/mr42/code/flutter/tmp/filler/test/integration/page_state_transitions_test.dart: BLoC State Transitions - All Pages Canvas BLoC - Paint State Transitions                          
│ #2   PreferencesRepository._ensureDefaults (package:filler/domain/repositories.dart:524:19)

00:04 +61 -2: /Users/mr42/code/flutter/tmp/filler/test/domain/repositories_test.dart: PreferencesRepository should save and retrieve preferences                                                       
│ #3   Declarer.test.<anonymous closure>.<anonymous closure> (package:test_api/src/backend/declarer.dart:242:19)

00:04 +61 -2: /Users/mr42/code/flutter/tmp/filler/test/integration/page_state_transitions_test.dart: BLoC State Transitions - All Pages Canvas BLoC - Paint State Transitions                          
│ #3   <asynchronous suspension>
│ #4   PreferencesRepository.get (package:filler/domain/repositories.dart:454:7)

00:04 +61 -2: /Users/mr42/code/flutter/tmp/filler/test/domain/repositories_test.dart: PreferencesRepository should save and retrieve preferences                                                       
│ #4   <asynchronous suspension>

00:04 +61 -2: /Users/mr42/code/flutter/tmp/filler/test/integration/page_state_transitions_test.dart: BLoC State Transitions - All Pages Canvas BLoC - Paint State Transitions                          
│ #5   <asynchronous suspension>

00:04 +61 -2: /Users/mr42/code/flutter/tmp/filler/test/domain/repositories_test.dart: PreferencesRepository should save and retrieve preferences                                                       
│ #5   Declarer.test.<anonymous closure> (package:test_api/src/backend/declarer.dart:240:7)

00:04 +61 -2: /Users/mr42/code/flutter/tmp/filler/test/integration/page_state_transitions_test.dart: BLoC State Transitions - All Pages Canvas BLoC - Paint State Transitions                          
│ #6   new CanvasBloc.<anonymous closure> (package:filler/features/canvas/presentation/canvas_bloc.dart:113:19)

00:04 +61 -2: /Users/mr42/code/flutter/tmp/filler/test/domain/repositories_test.dart: PreferencesRepository should save and retrieve preferences                                                       
│ #6   <asynchronous suspension>

00:04 +61 -2: /Users/mr42/code/flutter/tmp/filler/test/integration/page_state_transitions_test.dart: BLoC State Transitions - All Pages Canvas BLoC - Paint State Transitions                          
│ #7   <asynchronous suspension>

00:04 +61 -2: /Users/mr42/code/flutter/tmp/filler/test/domain/repositories_test.dart: PreferencesRepository should save and retrieve preferences                                                       
│ #7   Invoker._waitForOutstandingCallbacks.<anonymous closure> (package:test_api/src/backend/invoker.dart:282:9)

00:04 +61 -2: /Users/mr42/code/flutter/tmp/filler/test/integration/page_state_transitions_test.dart: BLoC State Transitions - All Pages Canvas BLoC - Paint State Transitions                          
├┄┄┄┄┄┄┄┄┄┄┄┄┄┄┄┄┄┄┄┄┄┄┄┄┄┄┄┄┄┄┄┄┄┄┄┄┄┄┄┄┄┄┄┄┄┄┄┄┄┄┄┄┄┄┄┄┄┄┄┄┄┄┄┄┄┄┄┄┄┄┄┄┄┄┄┄┄┄┄┄┄┄┄┄┄┄┄┄┄┄┄┄┄┄┄┄┄┄┄┄┄┄┄┄┄┄┄┄┄┄┄┄┄┄┄┄┄┄┄

00:04 +61 -2: /Users/mr42/code/flutter/tmp/filler/test/domain/repositories_test.dart: PreferencesRepository should save and retrieve preferences                                                       
├┄┄┄┄┄┄┄┄┄┄┄┄┄┄┄┄┄┄┄┄┄┄┄┄┄┄┄┄┄┄┄┄┄┄┄┄┄┄┄┄┄┄┄┄┄┄┄┄┄┄┄┄┄┄┄┄┄┄┄┄┄┄┄┄┄┄┄┄┄┄┄┄┄┄┄┄┄┄┄┄┄┄┄┄┄┄┄┄┄┄┄┄┄┄┄┄┄┄┄┄┄┄┄┄┄┄┄┄┄┄┄┄┄┄┄┄┄┄┄

00:04 +61 -2: /Users/mr42/code/flutter/tmp/filler/test/integration/page_state_transitions_test.dart: BLoC State Transitions - All Pages Canvas BLoC - Paint State Transitions                          
│ 07:38:50.814 (+0:00:03.010359)

00:04 +61 -2: /Users/mr42/code/flutter/tmp/filler/test/domain/repositories_test.dart: PreferencesRepository should save and retrieve preferences                                                       
│ 07:38:50.814 (+0:00:00.192243)

00:04 +61 -2: /Users/mr42/code/flutter/tmp/filler/test/integration/page_state_transitions_test.dart: BLoC State Transitions - All Pages Canvas BLoC - Paint State Transitions                          
├┄┄┄┄┄┄┄┄┄┄┄┄┄┄┄┄┄┄┄┄┄┄┄┄┄┄┄┄┄┄┄┄┄┄┄┄┄┄┄┄┄┄┄┄┄┄┄┄┄┄┄┄┄┄┄┄┄┄┄┄┄┄┄┄┄┄┄┄┄┄┄┄┄┄┄┄┄┄┄┄┄┄┄┄┄┄┄┄┄┄┄┄┄┄┄┄┄┄┄┄┄┄┄┄┄┄┄┄┄┄┄┄┄┄┄┄┄┄┄

00:04 +61 -2: /Users/mr42/code/flutter/tmp/filler/test/domain/repositories_test.dart: PreferencesRepository should save and retrieve preferences                                                       
├┄┄┄┄┄┄┄┄┄┄┄┄┄┄┄┄┄┄┄┄┄┄┄┄┄┄┄┄┄┄┄┄┄┄┄┄┄┄┄┄┄┄┄┄┄┄┄┄┄┄┄┄┄┄┄┄┄┄┄┄┄┄┄┄┄┄┄┄┄┄┄┄┄┄┄┄┄┄┄┄┄┄┄┄┄┄┄┄┄┄┄┄┄┄┄┄┄┄┄┄┄┄┄┄┄┄┄┄┄┄┄┄┄┄┄┄┄┄┄

00:04 +61 -2: /Users/mr42/code/flutter/tmp/filler/test/integration/page_state_transitions_test.dart: BLoC State Transitions - All Pages Canvas BLoC - Paint State Transitions                          
│ 🐛 💾 Database: Setting preference value

00:04 +61 -2: /Users/mr42/code/flutter/tmp/filler/test/domain/repositories_test.dart: PreferencesRepository should save and retrieve preferences                                                       
│ 🐛 ⚙️ Preferences: Saving preferences to key-value store

00:04 +61 -2: /Users/mr42/code/flutter/tmp/filler/test/integration/page_state_transitions_test.dart: BLoC State Transitions - All Pages Canvas BLoC - Paint State Transitions                          
└───────────────────────────────────────────────────────────────────────────────────────────────────────────────────────

00:04 +61 -2: /Users/mr42/code/flutter/tmp/filler/test/domain/repositories_test.dart: PreferencesRepository should save and retrieve preferences                                                       
└───────────────────────────────────────────────────────────────────────────────────────────────────────────────────────
┌───────────────────────────────────────────────────────────────────────────────────────────────────────────────────────
│ {key: width, value: 15, type: int}
├┄┄┄┄┄┄┄┄┄┄┄┄┄┄┄┄┄┄┄┄┄┄┄┄┄┄┄┄┄┄┄┄┄┄┄┄┄┄┄┄┄┄┄┄┄┄┄┄┄┄┄┄┄┄┄┄┄┄┄┄┄┄┄┄┄┄┄┄┄┄┄┄┄┄┄┄┄┄┄┄┄┄┄┄┄┄┄┄┄┄┄┄┄┄┄┄┄┄┄┄┄┄┄┄┄┄┄┄┄┄┄┄┄┄┄┄┄┄┄
│ #0   AppLogger.database (package:filler/core/logging.dart:49:13)
│ #1   AppDatabase.setPreferenceValue (package:filler/data/database.dart:301:15)
│ #2   PreferencesRepository.save (package:filler/domain/repositories.dart:557:13)
│ #3   main.<anonymous closure>.<anonymous closure> (file:///Users/mr42/code/flutter/tmp/filler/test/domain/repositories_test.dart:105:23)

00:04 +61 -2: /Users/mr42/code/flutter/tmp/filler/test/integration/page_state_transitions_test.dart: BLoC State Transitions - All Pages Canvas BLoC - Paint State Transitions                          
┌───────────────────────────────────────────────────────────────────────────────────────────────────────────────────────
│ {key: themeMode, value: 2}

00:04 +61 -2: /Users/mr42/code/flutter/tmp/filler/test/domain/repositories_test.dart: PreferencesRepository should save and retrieve preferences                                                       
│ #4   Declarer.test.<anonymous closure>.<anonymous closure> (package:test_api/src/backend/declarer.dart:242:19)
│ #5   <asynchronous suspension>
│ #6   Declarer.test.<anonymous closure> (package:test_api/src/backend/declarer.dart:240:7)

00:04 +61 -2: /Users/mr42/code/flutter/tmp/filler/test/integration/page_state_transitions_test.dart: BLoC State Transitions - All Pages Canvas BLoC - Paint State Transitions                          
├┄┄┄┄┄┄┄┄┄┄┄┄┄┄┄┄┄┄┄┄┄┄┄┄┄┄┄┄┄┄┄┄┄┄┄┄┄┄┄┄┄┄┄┄┄┄┄┄┄┄┄┄┄┄┄┄┄┄┄┄┄┄┄┄┄┄┄┄┄┄┄┄┄┄┄┄┄┄┄┄┄┄┄┄┄┄┄┄┄┄┄┄┄┄┄┄┄┄┄┄┄┄┄┄┄┄┄┄┄┄┄┄┄┄┄┄┄┄┄
│ #0   AppLogger.database (package:filler/core/logging.dart:49:13)

00:04 +61 -2: /Users/mr42/code/flutter/tmp/filler/test/domain/repositories_test.dart: PreferencesRepository should save and retrieve preferences                                                       
│ #7   <asynchronous suspension>
├┄┄┄┄┄┄┄┄┄┄┄┄┄┄┄┄┄┄┄┄┄┄┄┄┄┄┄┄┄┄┄┄┄┄┄┄┄┄┄┄┄┄┄┄┄┄┄┄┄┄┄┄┄┄┄┄┄┄┄┄┄┄┄┄┄┄┄┄┄┄┄┄┄┄┄┄┄┄┄┄┄┄┄┄┄┄┄┄┄┄┄┄┄┄┄┄┄┄┄┄┄┄┄┄┄┄┄┄┄┄┄┄┄┄┄┄┄┄┄
│ 07:38:50.815 (+0:00:00.193819)

00:04 +61 -2: /Users/mr42/code/flutter/tmp/filler/test/integration/page_state_transitions_test.dart: BLoC State Transitions - All Pages Canvas BLoC - Paint State Transitions                          
│ #1   AppDatabase.setPreferenceValue (package:filler/data/database.dart:337:17)

00:04 +61 -2: /Users/mr42/code/flutter/tmp/filler/test/domain/repositories_test.dart: PreferencesRepository should save and retrieve preferences                                                       
├┄┄┄┄┄┄┄┄┄┄┄┄┄┄┄┄┄┄┄┄┄┄┄┄┄┄┄┄┄┄┄┄┄┄┄┄┄┄┄┄┄┄┄┄┄┄┄┄┄┄┄┄┄┄┄┄┄┄┄┄┄┄┄┄┄┄┄┄┄┄┄┄┄┄┄┄┄┄┄┄┄┄┄┄┄┄┄┄┄┄┄┄┄┄┄┄┄┄┄┄┄┄┄┄┄┄┄┄┄┄┄┄┄┄┄┄┄┄┄

00:04 +61 -2: /Users/mr42/code/flutter/tmp/filler/test/integration/page_state_transitions_test.dart: BLoC State Transitions - All Pages Canvas BLoC - Paint State Transitions                          
│ #2   <asynchronous suspension>
│ #3   PreferencesRepository._ensureDefaults (package:filler/domain/repositories.dart:524:9)

00:04 +61 -2: /Users/mr42/code/flutter/tmp/filler/test/domain/repositories_test.dart: PreferencesRepository should save and retrieve preferences                                                       
│ 🐛 💾 Database: Setting preference value

00:04 +61 -2: /Users/mr42/code/flutter/tmp/filler/test/integration/page_state_transitions_test.dart: BLoC State Transitions - All Pages Canvas BLoC - Paint State Transitions                          
│ #4   <asynchronous suspension>

00:04 +61 -2: /Users/mr42/code/flutter/tmp/filler/test/domain/repositories_test.dart: PreferencesRepository should save and retrieve preferences                                                       
└───────────────────────────────────────────────────────────────────────────────────────────────────────────────────────

00:04 +61 -2: /Users/mr42/code/flutter/tmp/filler/test/integration/page_state_transitions_test.dart: BLoC State Transitions - All Pages Canvas BLoC - Paint State Transitions                          
│ #5   PreferencesRepository.get (package:filler/domain/repositories.dart:454:7)
│ #6   <asynchronous suspension>
│ #7   new CanvasBloc.<anonymous closure> (package:filler/features/canvas/presentation/canvas_bloc.dart:113:19)
├┄┄┄┄┄┄┄┄┄┄┄┄┄┄┄┄┄┄┄┄┄┄┄┄┄┄┄┄┄┄┄┄┄┄┄┄┄┄┄┄┄┄┄┄┄┄┄┄┄┄┄┄┄┄┄┄┄┄┄┄┄┄┄┄┄┄┄┄┄┄┄┄┄┄┄┄┄┄┄┄┄┄┄┄┄┄┄┄┄┄┄┄┄┄┄┄┄┄┄┄┄┄┄┄┄┄┄┄┄┄┄┄┄┄┄┄┄┄┄
│ 07:38:50.816 (+0:00:03.012199)
├┄┄┄┄┄┄┄┄┄┄┄┄┄┄┄┄┄┄┄┄┄┄┄┄┄┄┄┄┄┄┄┄┄┄┄┄┄┄┄┄┄┄┄┄┄┄┄┄┄┄┄┄┄┄┄┄┄┄┄┄┄┄┄┄┄┄┄┄┄┄┄┄┄┄┄┄┄┄┄┄┄┄┄┄┄┄┄┄┄┄┄┄┄┄┄┄┄┄┄┄┄┄┄┄┄┄┄┄┄┄┄┄┄┄┄┄┄┄┄

00:04 +61 -2: /Users/mr42/code/flutter/tmp/filler/test/domain/repositories_test.dart: PreferencesRepository should save and retrieve preferences                                                       
┌───────────────────────────────────────────────────────────────────────────────────────────────────────────────────────

00:04 +61 -2: /Users/mr42/code/flutter/tmp/filler/test/integration/page_state_transitions_test.dart: BLoC State Transitions - All Pages Canvas BLoC - Paint State Transitions                          
│ 🐛 💾 Database: Preference value saved

00:04 +61 -2: /Users/mr42/code/flutter/tmp/filler/test/domain/repositories_test.dart: PreferencesRepository should save and retrieve preferences                                                       
│ #0   AppLogger.database (package:filler/core/logging.dart:49:13)

00:04 +61 -2: /Users/mr42/code/flutter/tmp/filler/test/integration/page_state_transitions_test.dart: BLoC State Transitions - All Pages Canvas BLoC - Paint State Transitions                          
└───────────────────────────────────────────────────────────────────────────────────────────────────────────────────────

00:04 +61 -2: /Users/mr42/code/flutter/tmp/filler/test/domain/repositories_test.dart: PreferencesRepository should save and retrieve preferences                                                       
│ #1   createTestDatabaseConnection.<anonymous closure> (package:filler/data/database_connection.dart:22:15)
├┄┄┄┄┄┄┄┄┄┄┄┄┄┄┄┄┄┄┄┄┄┄┄┄┄┄┄┄┄┄┄┄┄┄┄┄┄┄┄┄┄┄┄┄┄┄┄┄┄┄┄┄┄┄┄┄┄┄┄┄┄┄┄┄┄┄┄┄┄┄┄┄┄┄┄┄┄┄┄┄┄┄┄┄┄┄┄┄┄┄┄┄┄┄┄┄┄┄┄┄┄┄┄┄┄┄┄┄┄┄┄┄┄┄┄┄┄┄┄

00:04 +61 -2: /Users/mr42/code/flutter/tmp/filler/test/integration/page_state_transitions_test.dart: BLoC State Transitions - All Pages Canvas BLoC - Paint State Transitions                          
┌───────────────────────────────────────────────────────────────────────────────────────────────────────────────────────

00:04 +61 -2: /Users/mr42/code/flutter/tmp/filler/test/domain/repositories_test.dart: PreferencesRepository should save and retrieve preferences                                                       
│ 07:38:50.817 (+0:00:00.195481)

00:04 +61 -2: /Users/mr42/code/flutter/tmp/filler/test/integration/page_state_transitions_test.dart: BLoC State Transitions - All Pages Canvas BLoC - Paint State Transitions                          
│ {width: 10, height: 10, insets: 0, defaultPattern: 1, themeMode: 2, fetchTime: 5ms, keysFromDb: 0}
├┄┄┄┄┄┄┄┄┄┄┄┄┄┄┄┄┄┄┄┄┄┄┄┄┄┄┄┄┄┄┄┄┄┄┄┄┄┄┄┄┄┄┄┄┄┄┄┄┄┄┄┄┄┄┄┄┄┄┄┄┄┄┄┄┄┄┄┄┄┄┄┄┄┄┄┄┄┄┄┄┄┄┄┄┄┄┄┄┄┄┄┄┄┄┄┄┄┄┄┄┄┄┄┄┄┄┄┄┄┄┄┄┄┄┄┄┄┄┄

00:04 +61 -2: /Users/mr42/code/flutter/tmp/filler/test/domain/repositories_test.dart: PreferencesRepository should save and retrieve preferences                                                       
├┄┄┄┄┄┄┄┄┄┄┄┄┄┄┄┄┄┄┄┄┄┄┄┄┄┄┄┄┄┄┄┄┄┄┄┄┄┄┄┄┄┄┄┄┄┄┄┄┄┄┄┄┄┄┄┄┄┄┄┄┄┄┄┄┄┄┄┄┄┄┄┄┄┄┄┄┄┄┄┄┄┄┄┄┄┄┄┄┄┄┄┄┄┄┄┄┄┄┄┄┄┄┄┄┄┄┄┄┄┄┄┄┄┄┄┄┄┄┄

00:04 +61 -2: /Users/mr42/code/flutter/tmp/filler/test/integration/page_state_transitions_test.dart: BLoC State Transitions - All Pages Canvas BLoC - Paint State Transitions                          
│ #0   AppLogger.preferences (package:filler/core/logging.dart:64:13)

00:04 +61 -2: /Users/mr42/code/flutter/tmp/filler/test/domain/repositories_test.dart: PreferencesRepository should save and retrieve preferences                                                       
│ 🐛 💾 Database: Test AppDatabase instance created (in-memory)

00:04 +61 -2: /Users/mr42/code/flutter/tmp/filler/test/integration/page_state_transitions_test.dart: BLoC State Transitions - All Pages Canvas BLoC - Paint State Transitions                          
│ #1   PreferencesRepository.get (package:filler/domain/repositories.dart:464:17)

00:04 +61 -2: /Users/mr42/code/flutter/tmp/filler/test/domain/repositories_test.dart: PreferencesRepository should save and retrieve preferences                                                       
└───────────────────────────────────────────────────────────────────────────────────────────────────────────────────────

00:04 +61 -2: /Users/mr42/code/flutter/tmp/filler/test/integration/page_state_transitions_test.dart: BLoC State Transitions - All Pages Canvas BLoC - Paint State Transitions                          
│ #2   <asynchronous suspension>
│ #3   new CanvasBloc.<anonymous closure> (package:filler/features/canvas/presentation/canvas_bloc.dart:113:19)
│ #4   <asynchronous suspension>
│ #5   Bloc.on.<anonymous closure>.handleEvent (package:bloc/src/bloc.dart:226:13)

00:04 +61 -2: /Users/mr42/code/flutter/tmp/filler/test/domain/repositories_test.dart: PreferencesRepository should save and retrieve preferences                                                       
┌───────────────────────────────────────────────────────────────────────────────────────────────────────────────────────
│ {key: height, value: 20, type: int}

00:04 +61 -2: /Users/mr42/code/flutter/tmp/filler/test/integration/page_state_transitions_test.dart: BLoC State Transitions - All Pages Canvas BLoC - Paint State Transitions                          
│ #6   <asynchronous suspension>
├┄┄┄┄┄┄┄┄┄┄┄┄┄┄┄┄┄┄┄┄┄┄┄┄┄┄┄┄┄┄┄┄┄┄┄┄┄┄┄┄┄┄┄┄┄┄┄┄┄┄┄┄┄┄┄┄┄┄┄┄┄┄┄┄┄┄┄┄┄┄┄┄┄┄┄┄┄┄┄┄┄┄┄┄┄┄┄┄┄┄┄┄┄┄┄┄┄┄┄┄┄┄┄┄┄┄┄┄┄┄┄┄┄┄┄┄┄┄┄
│ 07:38:50.817 (+0:00:03.013758)
├┄┄┄┄┄┄┄┄┄┄┄┄┄┄┄┄┄┄┄┄┄┄┄┄┄┄┄┄┄┄┄┄┄┄┄┄┄┄┄┄┄┄┄┄┄┄┄┄┄┄┄┄┄┄┄┄┄┄┄┄┄┄┄┄┄┄┄┄┄┄┄┄┄┄┄┄┄┄┄┄┄┄┄┄┄┄┄┄┄┄┄┄┄┄┄┄┄┄┄┄┄┄┄┄┄┄┄┄┄┄┄┄┄┄┄┄┄┄┄
│ 🐛 ⚙️ Preferences: Constructed preferences model
└───────────────────────────────────────────────────────────────────────────────────────────────────────────────────────
┌───────────────────────────────────────────────────────────────────────────────────────────────────────────────────────

00:04 +61 -2: /Users/mr42/code/flutter/tmp/filler/test/domain/repositories_test.dart: PreferencesRepository should save and retrieve preferences                                                       
├┄┄┄┄┄┄┄┄┄┄┄┄┄┄┄┄┄┄┄┄┄┄┄┄┄┄┄┄┄┄┄┄┄┄┄┄┄┄┄┄┄┄┄┄┄┄┄┄┄┄┄┄┄┄┄┄┄┄┄┄┄┄┄┄┄┄┄┄┄┄┄┄┄┄┄┄┄┄┄┄┄┄┄┄┄┄┄┄┄┄┄┄┄┄┄┄┄┄┄┄┄┄┄┄┄┄┄┄┄┄┄┄┄┄┄┄┄┄┄
│ #0   AppLogger.database (package:filler/core/logging.dart:49:13)
│ #1   AppDatabase.setPreferenceValue (package:filler/data/database.dart:301:15)
│ #2   PreferencesRepository.save (package:filler/domain/repositories.dart:558:13)
│ #3   main.<anonymous closure>.<anonymous closure> (file:///Users/mr42/code/flutter/tmp/filler/test/domain/repositories_test.dart:105:23)

00:04 +61 -2: /Users/mr42/code/flutter/tmp/filler/test/integration/page_state_transitions_test.dart: BLoC State Transitions - All Pages Canvas BLoC - Paint State Transitions                          
│ {width: 10, height: 10, insets: 0, defaultPattern: 1}

00:04 +61 -2: /Users/mr42/code/flutter/tmp/filler/test/domain/repositories_test.dart: PreferencesRepository should save and retrieve preferences                                                       
│ #4   Declarer.test.<anonymous closure>.<anonymous closure> (package:test_api/src/backend/declarer.dart:242:19)

00:04 +61 -2: /Users/mr42/code/flutter/tmp/filler/test/integration/page_state_transitions_test.dart: BLoC State Transitions - All Pages Canvas BLoC - Paint State Transitions                          
├┄┄┄┄┄┄┄┄┄┄┄┄┄┄┄┄┄┄┄┄┄┄┄┄┄┄┄┄┄┄┄┄┄┄┄┄┄┄┄┄┄┄┄┄┄┄┄┄┄┄┄┄┄┄┄┄┄┄┄┄┄┄┄┄┄┄┄┄┄┄┄┄┄┄┄┄┄┄┄┄┄┄┄┄┄┄┄┄┄┄┄┄┄┄┄┄┄┄┄┄┄┄┄┄┄┄┄┄┄┄┄┄┄┄┄┄┄┄┄

00:04 +61 -2: /Users/mr42/code/flutter/tmp/filler/test/domain/repositories_test.dart: PreferencesRepository should save and retrieve preferences                                                       
│ #5   <asynchronous suspension>

00:04 +61 -2: /Users/mr42/code/flutter/tmp/filler/test/integration/page_state_transitions_test.dart: BLoC State Transitions - All Pages Canvas BLoC - Paint State Transitions                          
│ #0   AppLogger.preferences (package:filler/core/logging.dart:64:13)

00:04 +61 -2: /Users/mr42/code/flutter/tmp/filler/test/domain/repositories_test.dart: PreferencesRepository should save and retrieve preferences                                                       
│ #6   Declarer.test.<anonymous closure> (package:test_api/src/backend/declarer.dart:240:7)

00:04 +61 -2: /Users/mr42/code/flutter/tmp/filler/test/integration/page_state_transitions_test.dart: BLoC State Transitions - All Pages Canvas BLoC - Paint State Transitions                          
│ #1   new CanvasBloc.<anonymous closure> (package:filler/features/canvas/presentation/canvas_bloc.dart:116:19)

00:04 +61 -2: /Users/mr42/code/flutter/tmp/filler/test/domain/repositories_test.dart: PreferencesRepository should save and retrieve preferences                                                       
│ #7   <asynchronous suspension>

00:04 +61 -2: /Users/mr42/code/flutter/tmp/filler/test/integration/page_state_transitions_test.dart: BLoC State Transitions - All Pages Canvas BLoC - Paint State Transitions                          
│ #2   <asynchronous suspension>

00:04 +61 -2: /Users/mr42/code/flutter/tmp/filler/test/domain/repositories_test.dart: PreferencesRepository should save and retrieve preferences                                                       
├┄┄┄┄┄┄┄┄┄┄┄┄┄┄┄┄┄┄┄┄┄┄┄┄┄┄┄┄┄┄┄┄┄┄┄┄┄┄┄┄┄┄┄┄┄┄┄┄┄┄┄┄┄┄┄┄┄┄┄┄┄┄┄┄┄┄┄┄┄┄┄┄┄┄┄┄┄┄┄┄┄┄┄┄┄┄┄┄┄┄┄┄┄┄┄┄┄┄┄┄┄┄┄┄┄┄┄┄┄┄┄┄┄┄┄┄┄┄┄

00:04 +61 -2: /Users/mr42/code/flutter/tmp/filler/test/integration/page_state_transitions_test.dart: BLoC State Transitions - All Pages Canvas BLoC - Paint State Transitions                          
│ #3   Bloc.on.<anonymous closure>.handleEvent (package:bloc/src/bloc.dart:226:13)

00:04 +61 -2: /Users/mr42/code/flutter/tmp/filler/test/domain/repositories_test.dart: PreferencesRepository should save and retrieve preferences                                                       
│ 07:38:50.818 (+0:00:00.196480)

00:04 +61 -2: /Users/mr42/code/flutter/tmp/filler/test/integration/page_state_transitions_test.dart: BLoC State Transitions - All Pages Canvas BLoC - Paint State Transitions                          
│ #4   <asynchronous suspension>

00:04 +61 -2: /Users/mr42/code/flutter/tmp/filler/test/domain/repositories_test.dart: PreferencesRepository should save and retrieve preferences                                                       
├┄┄┄┄┄┄┄┄┄┄┄┄┄┄┄┄┄┄┄┄┄┄┄┄┄┄┄┄┄┄┄┄┄┄┄┄┄┄┄┄┄┄┄┄┄┄┄┄┄┄┄┄┄┄┄┄┄┄┄┄┄┄┄┄┄┄┄┄┄┄┄┄┄┄┄┄┄┄┄┄┄┄┄┄┄┄┄┄┄┄┄┄┄┄┄┄┄┄┄┄┄┄┄┄┄┄┄┄┄┄┄┄┄┄┄┄┄┄┄

00:04 +61 -2: /Users/mr42/code/flutter/tmp/filler/test/integration/page_state_transitions_test.dart: BLoC State Transitions - All Pages Canvas BLoC - Paint State Transitions                          
├┄┄┄┄┄┄┄┄┄┄┄┄┄┄┄┄┄┄┄┄┄┄┄┄┄┄┄┄┄┄┄┄┄┄┄┄┄┄┄┄┄┄┄┄┄┄┄┄┄┄┄┄┄┄┄┄┄┄┄┄┄┄┄┄┄┄┄┄┄┄┄┄┄┄┄┄┄┄┄┄┄┄┄┄┄┄┄┄┄┄┄┄┄┄┄┄┄┄┄┄┄┄┄┄┄┄┄┄┄┄┄┄┄┄┄┄┄┄┄

00:04 +61 -2: /Users/mr42/code/flutter/tmp/filler/test/domain/repositories_test.dart: PreferencesRepository should save and retrieve preferences                                                       
│ 🐛 💾 Database: Setting preference value

00:04 +61 -2: /Users/mr42/code/flutter/tmp/filler/test/integration/page_state_transitions_test.dart: BLoC State Transitions - All Pages Canvas BLoC - Paint State Transitions                          
│ 07:38:50.819 (+0:00:03.015023)
├┄┄┄┄┄┄┄┄┄┄┄┄┄┄┄┄┄┄┄┄┄┄┄┄┄┄┄┄┄┄┄┄┄┄┄┄┄┄┄┄┄┄┄┄┄┄┄┄┄┄┄┄┄┄┄┄┄┄┄┄┄┄┄┄┄┄┄┄┄┄┄┄┄┄┄┄┄┄┄┄┄┄┄┄┄┄┄┄┄┄┄┄┄┄┄┄┄┄┄┄┄┄┄┄┄┄┄┄┄┄┄┄┄┄┄┄┄┄┄

00:04 +61 -2: /Users/mr42/code/flutter/tmp/filler/test/domain/repositories_test.dart: PreferencesRepository should save and retrieve preferences                                                       
└───────────────────────────────────────────────────────────────────────────────────────────────────────────────────────

00:04 +61 -2: /Users/mr42/code/flutter/tmp/filler/test/integration/page_state_transitions_test.dart: BLoC State Transitions - All Pages Canvas BLoC - Paint State Transitions                          
│ 🐛 ⚙️ Preferences: Loaded preferences from key-value store
└───────────────────────────────────────────────────────────────────────────────────────────────────────────────────────

00:04 +61 -2: /Users/mr42/code/flutter/tmp/filler/test/domain/repositories_test.dart: PreferencesRepository should save and retrieve preferences                                                       
┌───────────────────────────────────────────────────────────────────────────────────────────────────────────────────────

00:04 +61 -2: /Users/mr42/code/flutter/tmp/filler/test/integration/page_state_transitions_test.dart: BLoC State Transitions - All Pages Canvas BLoC - Paint State Transitions                          
[38;5;12m┌───────────────────────────────────────────────────────────────────────────────────────────────────────────────────────[0m

00:04 +61 -2: /Users/mr42/code/flutter/tmp/filler/test/domain/repositories_test.dart: PreferencesRepository should save and retrieve preferences                                                       
│ {key: insets, value: 2, type: int}
├┄┄┄┄┄┄┄┄┄┄┄┄┄┄┄┄┄┄┄┄┄┄┄┄┄┄┄┄┄┄┄┄┄┄┄┄┄┄┄┄┄┄┄┄┄┄┄┄┄┄┄┄┄┄┄┄┄┄┄┄┄┄┄┄┄┄┄┄┄┄┄┄┄┄┄┄┄┄┄┄┄┄┄┄┄┄┄┄┄┄┄┄┄┄┄┄┄┄┄┄┄┄┄┄┄┄┄┄┄┄┄┄┄┄┄┄┄┄┄

00:04 +61 -2: /Users/mr42/code/flutter/tmp/filler/test/integration/page_state_transitions_test.dart: BLoC State Transitions - All Pages Canvas BLoC - Paint State Transitions                          
[38;5;12m│ #0   AppLogger.performance (package:filler/core/logging.dart:131:13)[0m

00:04 +61 -2: /Users/mr42/code/flutter/tmp/filler/test/domain/repositories_test.dart: PreferencesRepository should save and retrieve preferences                                                       
│ #0   AppLogger.database (package:filler/core/logging.dart:49:13)

00:04 +61 -2: /Users/mr42/code/flutter/tmp/filler/test/integration/page_state_transitions_test.dart: BLoC State Transitions - All Pages Canvas BLoC - Paint State Transitions                          
[38;5;12m│ #1   new CanvasBloc.<anonymous closure> (package:filler/features/canvas/presentation/canvas_bloc.dart:125:19)[0m

00:04 +61 -2: /Users/mr42/code/flutter/tmp/filler/test/domain/repositories_test.dart: PreferencesRepository should save and retrieve preferences                                                       
│ #1   AppDatabase.setPreferenceValue (package:filler/data/database.dart:301:15)

00:04 +61 -2: /Users/mr42/code/flutter/tmp/filler/test/integration/page_state_transitions_test.dart: BLoC State Transitions - All Pages Canvas BLoC - Paint State Transitions                          
[38;5;12m├┄┄┄┄┄┄┄┄┄┄┄┄┄┄┄┄┄┄┄┄┄┄┄┄┄┄┄┄┄┄┄┄┄┄┄┄┄┄┄┄┄┄┄┄┄┄┄┄┄┄┄┄┄┄┄┄┄┄┄┄┄┄┄┄┄┄┄┄┄┄┄┄┄┄┄┄┄┄┄┄┄┄┄┄┄┄┄┄┄┄┄┄┄┄┄┄┄┄┄┄┄┄┄┄┄┄┄┄┄┄┄┄┄┄┄┄┄┄┄[0m

00:04 +61 -2: /Users/mr42/code/flutter/tmp/filler/test/domain/repositories_test.dart: PreferencesRepository should save and retrieve preferences                                                       
│ #2   PreferencesRepository.save (package:filler/domain/repositories.dart:559:13)

00:04 +61 -2: /Users/mr42/code/flutter/tmp/filler/test/integration/page_state_transitions_test.dart: BLoC State Transitions - All Pages Canvas BLoC - Paint State Transitions                          
[38;5;12m│ 07:38:50.820 (+0:00:03.016158)[0m

00:04 +61 -2: /Users/mr42/code/flutter/tmp/filler/test/domain/repositories_test.dart: PreferencesRepository should save and retrieve preferences                                                       
│ #3   main.<anonymous closure>.<anonymous closure> (file:///Users/mr42/code/flutter/tmp/filler/test/domain/repositories_test.dart:105:23)

00:04 +61 -2: /Users/mr42/code/flutter/tmp/filler/test/integration/page_state_transitions_test.dart: BLoC State Transitions - All Pages Canvas BLoC - Paint State Transitions                          
[38;5;12m├┄┄┄┄┄┄┄┄┄┄┄┄┄┄┄┄┄┄┄┄┄┄┄┄┄┄┄┄┄┄┄┄┄┄┄┄┄┄┄┄┄┄┄┄┄┄┄┄┄┄┄┄┄┄┄┄┄┄┄┄┄┄┄┄┄┄┄┄┄┄┄┄┄┄┄┄┄┄┄┄┄┄┄┄┄┄┄┄┄┄┄┄┄┄┄┄┄┄┄┄┄┄┄┄┄┄┄┄┄┄┄┄┄┄┄┄┄┄┄[0m

00:04 +61 -2: /Users/mr42/code/flutter/tmp/filler/test/domain/repositories_test.dart: PreferencesRepository should save and retrieve preferences                                                       
│ #4   Declarer.test.<anonymous closure>.<anonymous closure> (package:test_api/src/backend/declarer.dart:242:19)
│ #5   <asynchronous suspension>

00:04 +61 -2: /Users/mr42/code/flutter/tmp/filler/test/integration/page_state_transitions_test.dart: BLoC State Transitions - All Pages Canvas BLoC - Paint State Transitions                          
[38;5;12m│ 💡 ⏱️ Performance: Preferences fetch took 34ms[0m
[38;5;12m└───────────────────────────────────────────────────────────────────────────────────────────────────────────────────────[0m

00:04 +61 -2: /Users/mr42/code/flutter/tmp/filler/test/domain/repositories_test.dart: PreferencesRepository should save and retrieve preferences                                                       
│ #6   Declarer.test.<anonymous closure> (package:test_api/src/backend/declarer.dart:240:7)
│ #7   <asynchronous suspension>

00:04 +61 -2: /Users/mr42/code/flutter/tmp/filler/test/integration/page_state_transitions_test.dart: BLoC State Transitions - All Pages Canvas BLoC - Paint State Transitions                          
┌───────────────────────────────────────────────────────────────────────────────────────────────────────────────────────

00:04 +61 -2: /Users/mr42/code/flutter/tmp/filler/test/domain/repositories_test.dart: PreferencesRepository should save and retrieve preferences                                                       
├┄┄┄┄┄┄┄┄┄┄┄┄┄┄┄┄┄┄┄┄┄┄┄┄┄┄┄┄┄┄┄┄┄┄┄┄┄┄┄┄┄┄┄┄┄┄┄┄┄┄┄┄┄┄┄┄┄┄┄┄┄┄┄┄┄┄┄┄┄┄┄┄┄┄┄┄┄┄┄┄┄┄┄┄┄┄┄┄┄┄┄┄┄┄┄┄┄┄┄┄┄┄┄┄┄┄┄┄┄┄┄┄┄┄┄┄┄┄┄

00:04 +61 -2: /Users/mr42/code/flutter/tmp/filler/test/integration/page_state_transitions_test.dart: BLoC State Transitions - All Pages Canvas BLoC - Paint State Transitions                          
│ {dimensions: 10x10, pixelCount: 100, insets: 0, defaultPattern: 1}
├┄┄┄┄┄┄┄┄┄┄┄┄┄┄┄┄┄┄┄┄┄┄┄┄┄┄┄┄┄┄┄┄┄┄┄┄┄┄┄┄┄┄┄┄┄┄┄┄┄┄┄┄┄┄┄┄┄┄┄┄┄┄┄┄┄┄┄┄┄┄┄┄┄┄┄┄┄┄┄┄┄┄┄┄┄┄┄┄┄┄┄┄┄┄┄┄┄┄┄┄┄┄┄┄┄┄┄┄┄┄┄┄┄┄┄┄┄┄┄
│ #0   AppLogger.canvas (package:filler/core/logging.dart:59:13)
│ #1   new CanvasBloc.<anonymous closure> (package:filler/features/canvas/presentation/canvas_bloc.dart:133:19)

00:04 +61 -2: /Users/mr42/code/flutter/tmp/filler/test/domain/repositories_test.dart: PreferencesRepository should save and retrieve preferences                                                       
│ 07:38:50.820 (+0:00:00.198113)

00:04 +61 -2: /Users/mr42/code/flutter/tmp/filler/test/integration/page_state_transitions_test.dart: BLoC State Transitions - All Pages Canvas BLoC - Paint State Transitions                          
│ #2   <asynchronous suspension>
│ #3   Bloc.on.<anonymous closure>.handleEvent (package:bloc/src/bloc.dart:226:13)

00:04 +61 -2: /Users/mr42/code/flutter/tmp/filler/test/domain/repositories_test.dart: PreferencesRepository should save and retrieve preferences                                                       
├┄┄┄┄┄┄┄┄┄┄┄┄┄┄┄┄┄┄┄┄┄┄┄┄┄┄┄┄┄┄┄┄┄┄┄┄┄┄┄┄┄┄┄┄┄┄┄┄┄┄┄┄┄┄┄┄┄┄┄┄┄┄┄┄┄┄┄┄┄┄┄┄┄┄┄┄┄┄┄┄┄┄┄┄┄┄┄┄┄┄┄┄┄┄┄┄┄┄┄┄┄┄┄┄┄┄┄┄┄┄┄┄┄┄┄┄┄┄┄

00:04 +61 -2: /Users/mr42/code/flutter/tmp/filler/test/integration/page_state_transitions_test.dart: BLoC State Transitions - All Pages Canvas BLoC - Paint State Transitions                          
│ #4   <asynchronous suspension>

00:04 +61 -2: /Users/mr42/code/flutter/tmp/filler/test/domain/repositories_test.dart: PreferencesRepository should save and retrieve preferences                                                       
│ 🐛 💾 Database: Setting preference value

00:04 +61 -2: /Users/mr42/code/flutter/tmp/filler/test/integration/page_state_transitions_test.dart: BLoC State Transitions - All Pages Canvas BLoC - Paint State Transitions                          
├┄┄┄┄┄┄┄┄┄┄┄┄┄┄┄┄┄┄┄┄┄┄┄┄┄┄┄┄┄┄┄┄┄┄┄┄┄┄┄┄┄┄┄┄┄┄┄┄┄┄┄┄┄┄┄┄┄┄┄┄┄┄┄┄┄┄┄┄┄┄┄┄┄┄┄┄┄┄┄┄┄┄┄┄┄┄┄┄┄┄┄┄┄┄┄┄┄┄┄┄┄┄┄┄┄┄┄┄┄┄┄┄┄┄┄┄┄┄┄
│ 07:38:50.821 (+0:00:03.016939)

00:04 +61 -2: /Users/mr42/code/flutter/tmp/filler/test/domain/repositories_test.dart: PreferencesRepository should save and retrieve preferences                                                       
└───────────────────────────────────────────────────────────────────────────────────────────────────────────────────────

00:04 +61 -2: /Users/mr42/code/flutter/tmp/filler/test/integration/page_state_transitions_test.dart: BLoC State Transitions - All Pages Canvas BLoC - Paint State Transitions                          
├┄┄┄┄┄┄┄┄┄┄┄┄┄┄┄┄┄┄┄┄┄┄┄┄┄┄┄┄┄┄┄┄┄┄┄┄┄┄┄┄┄┄┄┄┄┄┄┄┄┄┄┄┄┄┄┄┄┄┄┄┄┄┄┄┄┄┄┄┄┄┄┄┄┄┄┄┄┄┄┄┄┄┄┄┄┄┄┄┄┄┄┄┄┄┄┄┄┄┄┄┄┄┄┄┄┄┄┄┄┄┄┄┄┄┄┄┄┄┄
│ 🐛 🎨 Canvas: Initialized canvas
└───────────────────────────────────────────────────────────────────────────────────────────────────────────────────────

00:04 +61 -2: /Users/mr42/code/flutter/tmp/filler/test/domain/repositories_test.dart: PreferencesRepository should save and retrieve preferences                                                       
┌───────────────────────────────────────────────────────────────────────────────────────────────────────────────────────
│ {key: defaultPattern, value: 2, type: int}

00:04 +61 -2: /Users/mr42/code/flutter/tmp/filler/test/integration/page_state_transitions_test.dart: BLoC State Transitions - All Pages Canvas BLoC - Paint State Transitions                          
┌───────────────────────────────────────────────────────────────────────────────────────────────────────────────────────

00:04 +61 -2: /Users/mr42/code/flutter/tmp/filler/test/domain/repositories_test.dart: PreferencesRepository should save and retrieve preferences                                                       
├┄┄┄┄┄┄┄┄┄┄┄┄┄┄┄┄┄┄┄┄┄┄┄┄┄┄┄┄┄┄┄┄┄┄┄┄┄┄┄┄┄┄┄┄┄┄┄┄┄┄┄┄┄┄┄┄┄┄┄┄┄┄┄┄┄┄┄┄┄┄┄┄┄┄┄┄┄┄┄┄┄┄┄┄┄┄┄┄┄┄┄┄┄┄┄┄┄┄┄┄┄┄┄┄┄┄┄┄┄┄┄┄┄┄┄┄┄┄┄

00:04 +61 -2: /Users/mr42/code/flutter/tmp/filler/test/integration/page_state_transitions_test.dart: BLoC State Transitions - All Pages Canvas BLoC - Paint State Transitions                          
│ #0   AppLogger.bloc (package:filler/core/logging.dart:44:13)

00:04 +61 -2: /Users/mr42/code/flutter/tmp/filler/test/domain/repositories_test.dart: PreferencesRepository should save and retrieve preferences                                                       
│ #0   AppLogger.database (package:filler/core/logging.dart:49:13)

00:04 +61 -2: /Users/mr42/code/flutter/tmp/filler/test/integration/page_state_transitions_test.dart: BLoC State Transitions - All Pages Canvas BLoC - Paint State Transitions                          
│ #1   new CanvasBloc.<anonymous closure> (package:filler/features/canvas/presentation/canvas_bloc.dart:156:19)

00:04 +61 -2: /Users/mr42/code/flutter/tmp/filler/test/domain/repositories_test.dart: PreferencesRepository should save and retrieve preferences                                                       
│ #1   AppDatabase.setPreferenceValue (package:filler/data/database.dart:301:15)

00:04 +61 -2: /Users/mr42/code/flutter/tmp/filler/test/integration/page_state_transitions_test.dart: BLoC State Transitions - All Pages Canvas BLoC - Paint State Transitions                          
├┄┄┄┄┄┄┄┄┄┄┄┄┄┄┄┄┄┄┄┄┄┄┄┄┄┄┄┄┄┄┄┄┄┄┄┄┄┄┄┄┄┄┄┄┄┄┄┄┄┄┄┄┄┄┄┄┄┄┄┄┄┄┄┄┄┄┄┄┄┄┄┄┄┄┄┄┄┄┄┄┄┄┄┄┄┄┄┄┄┄┄┄┄┄┄┄┄┄┄┄┄┄┄┄┄┄┄┄┄┄┄┄┄┄┄┄┄┄┄

00:04 +61 -2: /Users/mr42/code/flutter/tmp/filler/test/domain/repositories_test.dart: PreferencesRepository should save and retrieve preferences                                                       
│ #2   PreferencesRepository.save (package:filler/domain/repositories.dart:560:13)

00:04 +61 -2: /Users/mr42/code/flutter/tmp/filler/test/integration/page_state_transitions_test.dart: BLoC State Transitions - All Pages Canvas BLoC - Paint State Transitions                          
│ 07:38:50.822 (+0:00:03.017875)

00:04 +61 -2: /Users/mr42/code/flutter/tmp/filler/test/domain/repositories_test.dart: PreferencesRepository should save and retrieve preferences                                                       
│ #3   main.<anonymous closure>.<anonymous closure> (file:///Users/mr42/code/flutter/tmp/filler/test/domain/repositories_test.dart:105:23)

00:04 +61 -2: /Users/mr42/code/flutter/tmp/filler/test/integration/page_state_transitions_test.dart: BLoC State Transitions - All Pages Canvas BLoC - Paint State Transitions                          
├┄┄┄┄┄┄┄┄┄┄┄┄┄┄┄┄┄┄┄┄┄┄┄┄┄┄┄┄┄┄┄┄┄┄┄┄┄┄┄┄┄┄┄┄┄┄┄┄┄┄┄┄┄┄┄┄┄┄┄┄┄┄┄┄┄┄┄┄┄┄┄┄┄┄┄┄┄┄┄┄┄┄┄┄┄┄┄┄┄┄┄┄┄┄┄┄┄┄┄┄┄┄┄┄┄┄┄┄┄┄┄┄┄┄┄┄┄┄┄

00:04 +61 -2: /Users/mr42/code/flutter/tmp/filler/test/domain/repositories_test.dart: PreferencesRepository should save and retrieve preferences                                                       
│ #4   Declarer.test.<anonymous closure>.<anonymous closure> (package:test_api/src/backend/declarer.dart:242:19)

00:04 +61 -2: /Users/mr42/code/flutter/tmp/filler/test/integration/page_state_transitions_test.dart: BLoC State Transitions - All Pages Canvas BLoC - Paint State Transitions                          
│ 🐛 🔄 BLoC[Canvas]: Init Complete | loading → ready

00:04 +61 -2: /Users/mr42/code/flutter/tmp/filler/test/domain/repositories_test.dart: PreferencesRepository should save and retrieve preferences                                                       
│ #5   <asynchronous suspension>

00:04 +61 -2: /Users/mr42/code/flutter/tmp/filler/test/integration/page_state_transitions_test.dart: BLoC State Transitions - All Pages Canvas BLoC - Paint State Transitions                          
└───────────────────────────────────────────────────────────────────────────────────────────────────────────────────────

00:04 +61 -2: /Users/mr42/code/flutter/tmp/filler/test/domain/repositories_test.dart: PreferencesRepository should save and retrieve preferences                                                       
│ #6   Declarer.test.<anonymous closure> (package:test_api/src/backend/declarer.dart:240:7)
│ #7   <asynchronous suspension>
├┄┄┄┄┄┄┄┄┄┄┄┄┄┄┄┄┄┄┄┄┄┄┄┄┄┄┄┄┄┄┄┄┄┄┄┄┄┄┄┄┄┄┄┄┄┄┄┄┄┄┄┄┄┄┄┄┄┄┄┄┄┄┄┄┄┄┄┄┄┄┄┄┄┄┄┄┄┄┄┄┄┄┄┄┄┄┄┄┄┄┄┄┄┄┄┄┄┄┄┄┄┄┄┄┄┄┄┄┄┄┄┄┄┄┄┄┄┄┄
│ 07:38:50.821 (+0:00:00.199789)
├┄┄┄┄┄┄┄┄┄┄┄┄┄┄┄┄┄┄┄┄┄┄┄┄┄┄┄┄┄┄┄┄┄┄┄┄┄┄┄┄┄┄┄┄┄┄┄┄┄┄┄┄┄┄┄┄┄┄┄┄┄┄┄┄┄┄┄┄┄┄┄┄┄┄┄┄┄┄┄┄┄┄┄┄┄┄┄┄┄┄┄┄┄┄┄┄┄┄┄┄┄┄┄┄┄┄┄┄┄┄┄┄┄┄┄┄┄┄┄
│ 🐛 💾 Database: Setting preference value
└───────────────────────────────────────────────────────────────────────────────────────────────────────────────────────
┌───────────────────────────────────────────────────────────────────────────────────────────────────────────────────────
│ {key: themeMode, value: 2, type: int}
├┄┄┄┄┄┄┄┄┄┄┄┄┄┄┄┄┄┄┄┄┄┄┄┄┄┄┄┄┄┄┄┄┄┄┄┄┄┄┄┄┄┄┄┄┄┄┄┄┄┄┄┄┄┄┄┄┄┄┄┄┄┄┄┄┄┄┄┄┄┄┄┄┄┄┄┄┄┄┄┄┄┄┄┄┄┄┄┄┄┄┄┄┄┄┄┄┄┄┄┄┄┄┄┄┄┄┄┄┄┄┄┄┄┄┄┄┄┄┄
│ #0   AppLogger.database (package:filler/core/logging.dart:49:13)
│ #1   AppDatabase.setPreferenceValue (package:filler/data/database.dart:301:15)
│ #2   PreferencesRepository.save (package:filler/domain/repositories.dart:565:13)
│ #3   main.<anonymous closure>.<anonymous closure> (file:///Users/mr42/code/flutter/tmp/filler/test/domain/repositories_test.dart:105:23)
│ #4   Declarer.test.<anonymous closure>.<anonymous closure> (package:test_api/src/backend/declarer.dart:242:19)
│ #5   <asynchronous suspension>
│ #6   Declarer.test.<anonymous closure> (package:test_api/src/backend/declarer.dart:240:7)
│ #7   <asynchronous suspension>
├┄┄┄┄┄┄┄┄┄┄┄┄┄┄┄┄┄┄┄┄┄┄┄┄┄┄┄┄┄┄┄┄┄┄┄┄┄┄┄┄┄┄┄┄┄┄┄┄┄┄┄┄┄┄┄┄┄┄┄┄┄┄┄┄┄┄┄┄┄┄┄┄┄┄┄┄┄┄┄┄┄┄┄┄┄┄┄┄┄┄┄┄┄┄┄┄┄┄┄┄┄┄┄┄┄┄┄┄┄┄┄┄┄┄┄┄┄┄┄
│ 07:38:50.823 (+0:00:00.201115)
├┄┄┄┄┄┄┄┄┄┄┄┄┄┄┄┄┄┄┄┄┄┄┄┄┄┄┄┄┄┄┄┄┄┄┄┄┄┄┄┄┄┄┄┄┄┄┄┄┄┄┄┄┄┄┄┄┄┄┄┄┄┄┄┄┄┄┄┄┄┄┄┄┄┄┄┄┄┄┄┄┄┄┄┄┄┄┄┄┄┄┄┄┄┄┄┄┄┄┄┄┄┄┄┄┄┄┄┄┄┄┄┄┄┄┄┄┄┄┄
│ 🐛 💾 Database: Setting preference value
└───────────────────────────────────────────────────────────────────────────────────────────────────────────────────────
┌───────────────────────────────────────────────────────────────────────────────────────────────────────────────────────
│ {version: 4, wasCreated: true, hadUpgrade: false}
├┄┄┄┄┄┄┄┄┄┄┄┄┄┄┄┄┄┄┄┄┄┄┄┄┄┄┄┄┄┄┄┄┄┄┄┄┄┄┄┄┄┄┄┄┄┄┄┄┄┄┄┄┄┄┄┄┄┄┄┄┄┄┄┄┄┄┄┄┄┄┄┄┄┄┄┄┄┄┄┄┄┄┄┄┄┄┄┄┄┄┄┄┄┄┄┄┄┄┄┄┄┄┄┄┄┄┄┄┄┄┄┄┄┄┄┄┄┄┄
│ #0   AppLogger.database (package:filler/core/logging.dart:49:13)
│ #1   AppDatabase.migration.<anonymous closure> (package:filler/data/database.dart:211:17)
│ #2   GeneratedDatabase.beforeOpen.<anonymous closure> (package:drift/src/runtime/api/db_base.dart:137:44)
│ #3   <asynchronous suspension>
│ #4   DelegatedDatabase._runMigrations (package:drift/src/runtime/executor/helpers/engines.dart:512:5)
│ #5   <asynchronous suspension>
│ #6   DelegatedDatabase.ensureOpen.<anonymous closure> (package:drift/src/runtime/executor/helpers/engines.dart:476:9)
│ #7   <asynchronous suspension>
├┄┄┄┄┄┄┄┄┄┄┄┄┄┄┄┄┄┄┄┄┄┄┄┄┄┄┄┄┄┄┄┄┄┄┄┄┄┄┄┄┄┄┄┄┄┄┄┄┄┄┄┄┄┄┄┄┄┄┄┄┄┄┄┄┄┄┄┄┄┄┄┄┄┄┄┄┄┄┄┄┄┄┄┄┄┄┄┄┄┄┄┄┄┄┄┄┄┄┄┄┄┄┄┄┄┄┄┄┄┄┄┄┄┄┄┄┄┄┄
│ 07:38:50.825 (+0:00:00.203295)
├┄┄┄┄┄┄┄┄┄┄┄┄┄┄┄┄┄┄┄┄┄┄┄┄┄┄┄┄┄┄┄┄┄┄┄┄┄┄┄┄┄┄┄┄┄┄┄┄┄┄┄┄┄┄┄┄┄┄┄┄┄┄┄┄┄┄┄┄┄┄┄┄┄┄┄┄┄┄┄┄┄┄┄┄┄┄┄┄┄┄┄┄┄┄┄┄┄┄┄┄┄┄┄┄┄┄┄┄┄┄┄┄┄┄┄┄┄┄┄
│ 🐛 💾 Database: Database opened
└───────────────────────────────────────────────────────────────────────────────────────────────────────────────────────
┌───────────────────────────────────────────────────────────────────────────────────────────────────────────────────────
│ {key: width, value: 15}
├┄┄┄┄┄┄┄┄┄┄┄┄┄┄┄┄┄┄┄┄┄┄┄┄┄┄┄┄┄┄┄┄┄┄┄┄┄┄┄┄┄┄┄┄┄┄┄┄┄┄┄┄┄┄┄┄┄┄┄┄┄┄┄┄┄┄┄┄┄┄┄┄┄┄┄┄┄┄┄┄┄┄┄┄┄┄┄┄┄┄┄┄┄┄┄┄┄┄┄┄┄┄┄┄┄┄┄┄┄┄┄┄┄┄┄┄┄┄┄
│ #0   AppLogger.database (package:filler/core/logging.dart:49:13)
│ #1   AppDatabase.setPreferenceValue (package:filler/data/database.dart:337:17)
│ #2   <asynchronous suspension>
│ #3   Future.wait.<anonymous closure> (dart:async/future.dart:525:21)
│ #4   <asynchronous suspension>
│ #5   PreferencesRepository.save (package:filler/domain/repositories.dart:556:7)
│ #6   <asynchronous suspension>
│ #7   main.<anonymous closure>.<anonymous closure> (file:///Users/mr42/code/flutter/tmp/filler/test/domain/repositories_test.dart:105:7)
├┄┄┄┄┄┄┄┄┄┄┄┄┄┄┄┄┄┄┄┄┄┄┄┄┄┄┄┄┄┄┄┄┄┄┄┄┄┄┄┄┄┄┄┄┄┄┄┄┄┄┄┄┄┄┄┄┄┄┄┄┄┄┄┄┄┄┄┄┄┄┄┄┄┄┄┄┄┄┄┄┄┄┄┄┄┄┄┄┄┄┄┄┄┄┄┄┄┄┄┄┄┄┄┄┄┄┄┄┄┄┄┄┄┄┄┄┄┄┄
│ 07:38:50.827 (+0:00:00.205577)
├┄┄┄┄┄┄┄┄┄┄┄┄┄┄┄┄┄┄┄┄┄┄┄┄┄┄┄┄┄┄┄┄┄┄┄┄┄┄┄┄┄┄┄┄┄┄┄┄┄┄┄┄┄┄┄┄┄┄┄┄┄┄┄┄┄┄┄┄┄┄┄┄┄┄┄┄┄┄┄┄┄┄┄┄┄┄┄┄┄┄┄┄┄┄┄┄┄┄┄┄┄┄┄┄┄┄┄┄┄┄┄┄┄┄┄┄┄┄┄
│ 🐛 💾 Database: Preference value saved
└───────────────────────────────────────────────────────────────────────────────────────────────────────────────────────
┌───────────────────────────────────────────────────────────────────────────────────────────────────────────────────────
│ {key: height, value: 20}
├┄┄┄┄┄┄┄┄┄┄┄┄┄┄┄┄┄┄┄┄┄┄┄┄┄┄┄┄┄┄┄┄┄┄┄┄┄┄┄┄┄┄┄┄┄┄┄┄┄┄┄┄┄┄┄┄┄┄┄┄┄┄┄┄┄┄┄┄┄┄┄┄┄┄┄┄┄┄┄┄┄┄┄┄┄┄┄┄┄┄┄┄┄┄┄┄┄┄┄┄┄┄┄┄┄┄┄┄┄┄┄┄┄┄┄┄┄┄┄
│ #0   AppLogger.database (package:filler/core/logging.dart:49:13)
│ #1   AppDatabase.setPreferenceValue (package:filler/data/database.dart:337:17)
│ #2   <asynchronous suspension>
│ #3   Future.wait.<anonymous closure> (dart:async/future.dart:525:21)
│ #4   <asynchronous suspension>
│ #5   PreferencesRepository.save (package:filler/domain/repositories.dart:556:7)
│ #6   <asynchronous suspension>
│ #7   main.<anonymous closure>.<anonymous closure> (file:///Users/mr42/code/flutter/tmp/filler/test/domain/repositories_test.dart:105:7)
├┄┄┄┄┄┄┄┄┄┄┄┄┄┄┄┄┄┄┄┄┄┄┄┄┄┄┄┄┄┄┄┄┄┄┄┄┄┄┄┄┄┄┄┄┄┄┄┄┄┄┄┄┄┄┄┄┄┄┄┄┄┄┄┄┄┄┄┄┄┄┄┄┄┄┄┄┄┄┄┄┄┄┄┄┄┄┄┄┄┄┄┄┄┄┄┄┄┄┄┄┄┄┄┄┄┄┄┄┄┄┄┄┄┄┄┄┄┄┄
│ 07:38:50.829 (+0:00:00.206899)
├┄┄┄┄┄┄┄┄┄┄┄┄┄┄┄┄┄┄┄┄┄┄┄┄┄┄┄┄┄┄┄┄┄┄┄┄┄┄┄┄┄┄┄┄┄┄┄┄┄┄┄┄┄┄┄┄┄┄┄┄┄┄┄┄┄┄┄┄┄┄┄┄┄┄┄┄┄┄┄┄┄┄┄┄┄┄┄┄┄┄┄┄┄┄┄┄┄┄┄┄┄┄┄┄┄┄┄┄┄┄┄┄┄┄┄┄┄┄┄
│ 🐛 💾 Database: Preference value saved
└───────────────────────────────────────────────────────────────────────────────────────────────────────────────────────
┌───────────────────────────────────────────────────────────────────────────────────────────────────────────────────────
│ {key: insets, value: 2}
├┄┄┄┄┄┄┄┄┄┄┄┄┄┄┄┄┄┄┄┄┄┄┄┄┄┄┄┄┄┄┄┄┄┄┄┄┄┄┄┄┄┄┄┄┄┄┄┄┄┄┄┄┄┄┄┄┄┄┄┄┄┄┄┄┄┄┄┄┄┄┄┄┄┄┄┄┄┄┄┄┄┄┄┄┄┄┄┄┄┄┄┄┄┄┄┄┄┄┄┄┄┄┄┄┄┄┄┄┄┄┄┄┄┄┄┄┄┄┄
│ #0   AppLogger.database (package:filler/core/logging.dart:49:13)
│ #1   AppDatabase.setPreferenceValue (package:filler/data/database.dart:337:17)
│ #2   <asynchronous suspension>
│ #3   Future.wait.<anonymous closure> (dart:async/future.dart:525:21)
│ #4   <asynchronous suspension>
│ #5   PreferencesRepository.save (package:filler/domain/repositories.dart:556:7)
│ #6   <asynchronous suspension>
│ #7   main.<anonymous closure>.<anonymous closure> (file:///Users/mr42/code/flutter/tmp/filler/test/domain/repositories_test.dart:105:7)
├┄┄┄┄┄┄┄┄┄┄┄┄┄┄┄┄┄┄┄┄┄┄┄┄┄┄┄┄┄┄┄┄┄┄┄┄┄┄┄┄┄┄┄┄┄┄┄┄┄┄┄┄┄┄┄┄┄┄┄┄┄┄┄┄┄┄┄┄┄┄┄┄┄┄┄┄┄┄┄┄┄┄┄┄┄┄┄┄┄┄┄┄┄┄┄┄┄┄┄┄┄┄┄┄┄┄┄┄┄┄┄┄┄┄┄┄┄┄┄
│ 07:38:50.830 (+0:00:00.208203)
├┄┄┄┄┄┄┄┄┄┄┄┄┄┄┄┄┄┄┄┄┄┄┄┄┄┄┄┄┄┄┄┄┄┄┄┄┄┄┄┄┄┄┄┄┄┄┄┄┄┄┄┄┄┄┄┄┄┄┄┄┄┄┄┄┄┄┄┄┄┄┄┄┄┄┄┄┄┄┄┄┄┄┄┄┄┄┄┄┄┄┄┄┄┄┄┄┄┄┄┄┄┄┄┄┄┄┄┄┄┄┄┄┄┄┄┄┄┄┄
│ 🐛 💾 Database: Preference value saved
└───────────────────────────────────────────────────────────────────────────────────────────────────────────────────────
┌───────────────────────────────────────────────────────────────────────────────────────────────────────────────────────
│ {key: defaultPattern, value: 2}
├┄┄┄┄┄┄┄┄┄┄┄┄┄┄┄┄┄┄┄┄┄┄┄┄┄┄┄┄┄┄┄┄┄┄┄┄┄┄┄┄┄┄┄┄┄┄┄┄┄┄┄┄┄┄┄┄┄┄┄┄┄┄┄┄┄┄┄┄┄┄┄┄┄┄┄┄┄┄┄┄┄┄┄┄┄┄┄┄┄┄┄┄┄┄┄┄┄┄┄┄┄┄┄┄┄┄┄┄┄┄┄┄┄┄┄┄┄┄┄
│ #0   AppLogger.database (package:filler/core/logging.dart:49:13)
│ #1   AppDatabase.setPreferenceValue (package:filler/data/database.dart:337:17)
│ #2   <asynchronous suspension>
│ #3   Future.wait.<anonymous closure> (dart:async/future.dart:525:21)
│ #4   <asynchronous suspension>
│ #5   PreferencesRepository.save (package:filler/domain/repositories.dart:556:7)
│ #6   <asynchronous suspension>
│ #7   main.<anonymous closure>.<anonymous closure> (file:///Users/mr42/code/flutter/tmp/filler/test/domain/repositories_test.dart:105:7)
├┄┄┄┄┄┄┄┄┄┄┄┄┄┄┄┄┄┄┄┄┄┄┄┄┄┄┄┄┄┄┄┄┄┄┄┄┄┄┄┄┄┄┄┄┄┄┄┄┄┄┄┄┄┄┄┄┄┄┄┄┄┄┄┄┄┄┄┄┄┄┄┄┄┄┄┄┄┄┄┄┄┄┄┄┄┄┄┄┄┄┄┄┄┄┄┄┄┄┄┄┄┄┄┄┄┄┄┄┄┄┄┄┄┄┄┄┄┄┄
│ 07:38:50.831 (+0:00:00.209507)
├┄┄┄┄┄┄┄┄┄┄┄┄┄┄┄┄┄┄┄┄┄┄┄┄┄┄┄┄┄┄┄┄┄┄┄┄┄┄┄┄┄┄┄┄┄┄┄┄┄┄┄┄┄┄┄┄┄┄┄┄┄┄┄┄┄┄┄┄┄┄┄┄┄┄┄┄┄┄┄┄┄┄┄┄┄┄┄┄┄┄┄┄┄┄┄┄┄┄┄┄┄┄┄┄┄┄┄┄┄┄┄┄┄┄┄┄┄┄┄
│ 🐛 💾 Database: Preference value saved
└───────────────────────────────────────────────────────────────────────────────────────────────────────────────────────
┌───────────────────────────────────────────────────────────────────────────────────────────────────────────────────────
│ {key: themeMode, value: 2}
├┄┄┄┄┄┄┄┄┄┄┄┄┄┄┄┄┄┄┄┄┄┄┄┄┄┄┄┄┄┄┄┄┄┄┄┄┄┄┄┄┄┄┄┄┄┄┄┄┄┄┄┄┄┄┄┄┄┄┄┄┄┄┄┄┄┄┄┄┄┄┄┄┄┄┄┄┄┄┄┄┄┄┄┄┄┄┄┄┄┄┄┄┄┄┄┄┄┄┄┄┄┄┄┄┄┄┄┄┄┄┄┄┄┄┄┄┄┄┄
│ #0   AppLogger.database (package:filler/core/logging.dart:49:13)
│ #1   AppDatabase.setPreferenceValue (package:filler/data/database.dart:337:17)
│ #2   <asynchronous suspension>
│ #3   Future.wait.<anonymous closure> (dart:async/future.dart:525:21)
│ #4   <asynchronous suspension>
│ #5   PreferencesRepository.save (package:filler/domain/repositories.dart:556:7)
│ #6   <asynchronous suspension>
│ #7   main.<anonymous closure>.<anonymous closure> (file:///Users/mr42/code/flutter/tmp/filler/test/domain/repositories_test.dart:105:7)
├┄┄┄┄┄┄┄┄┄┄┄┄┄┄┄┄┄┄┄┄┄┄┄┄┄┄┄┄┄┄┄┄┄┄┄┄┄┄┄┄┄┄┄┄┄┄┄┄┄┄┄┄┄┄┄┄┄┄┄┄┄┄┄┄┄┄┄┄┄┄┄┄┄┄┄┄┄┄┄┄┄┄┄┄┄┄┄┄┄┄┄┄┄┄┄┄┄┄┄┄┄┄┄┄┄┄┄┄┄┄┄┄┄┄┄┄┄┄┄
│ 07:38:50.832 (+0:00:00.210842)
├┄┄┄┄┄┄┄┄┄┄┄┄┄┄┄┄┄┄┄┄┄┄┄┄┄┄┄┄┄┄┄┄┄┄┄┄┄┄┄┄┄┄┄┄┄┄┄┄┄┄┄┄┄┄┄┄┄┄┄┄┄┄┄┄┄┄┄┄┄┄┄┄┄┄┄┄┄┄┄┄┄┄┄┄┄┄┄┄┄┄┄┄┄┄┄┄┄┄┄┄┄┄┄┄┄┄┄┄┄┄┄┄┄┄┄┄┄┄┄
│ 🐛 💾 Database: Preference value saved
└───────────────────────────────────────────────────────────────────────────────────────────────────────────────────────
┌───────────────────────────────────────────────────────────────────────────────────────────────────────────────────────
│ {saveTime: 18ms, keysUpdated: [width, height, insets, defaultPattern, themeMode]}
├┄┄┄┄┄┄┄┄┄┄┄┄┄┄┄┄┄┄┄┄┄┄┄┄┄┄┄┄┄┄┄┄┄┄┄┄┄┄┄┄┄┄┄┄┄┄┄┄┄┄┄┄┄┄┄┄┄┄┄┄┄┄┄┄┄┄┄┄┄┄┄┄┄┄┄┄┄┄┄┄┄┄┄┄┄┄┄┄┄┄┄┄┄┄┄┄┄┄┄┄┄┄┄┄┄┄┄┄┄┄┄┄┄┄┄┄┄┄┄
│ #0   AppLogger.preferences (package:filler/core/logging.dart:64:13)
│ #1   PreferencesRepository.save (package:filler/domain/repositories.dart:570:17)
│ #2   <asynchronous suspension>
│ #3   main.<anonymous closure>.<anonymous closure> (file:///Users/mr42/code/flutter/tmp/filler/test/domain/repositories_test.dart:105:7)
│ #4   <asynchronous suspension>
│ #5   Declarer.test.<anonymous closure>.<anonymous closure> (package:test_api/src/backend/declarer.dart:242:9)
│ #6   <asynchronous suspension>
│ #7   Declarer.test.<anonymous closure> (package:test_api/src/backend/declarer.dart:240:7)
├┄┄┄┄┄┄┄┄┄┄┄┄┄┄┄┄┄┄┄┄┄┄┄┄┄┄┄┄┄┄┄┄┄┄┄┄┄┄┄┄┄┄┄┄┄┄┄┄┄┄┄┄┄┄┄┄┄┄┄┄┄┄┄┄┄┄┄┄┄┄┄┄┄┄┄┄┄┄┄┄┄┄┄┄┄┄┄┄┄┄┄┄┄┄┄┄┄┄┄┄┄┄┄┄┄┄┄┄┄┄┄┄┄┄┄┄┄┄┄
│ 07:38:50.834 (+0:00:00.212048)
├┄┄┄┄┄┄┄┄┄┄┄┄┄┄┄┄┄┄┄┄┄┄┄┄┄┄┄┄┄┄┄┄┄┄┄┄┄┄┄┄┄┄┄┄┄┄┄┄┄┄┄┄┄┄┄┄┄┄┄┄┄┄┄┄┄┄┄┄┄┄┄┄┄┄┄┄┄┄┄┄┄┄┄┄┄┄┄┄┄┄┄┄┄┄┄┄┄┄┄┄┄┄┄┄┄┄┄┄┄┄┄┄┄┄┄┄┄┄┄
│ 🐛 ⚙️ Preferences: All preferences saved successfully
└───────────────────────────────────────────────────────────────────────────────────────────────────────────────────────
┌───────────────────────────────────────────────────────────────────────────────────────────────────────────────────────
│ #0   AppLogger.preferences (package:filler/core/logging.dart:64:13)
│ #1   PreferencesRepository.get (package:filler/domain/repositories.dart:423:15)
├┄┄┄┄┄┄┄┄┄┄┄┄┄┄┄┄┄┄┄┄┄┄┄┄┄┄┄┄┄┄┄┄┄┄┄┄┄┄┄┄┄┄┄┄┄┄┄┄┄┄┄┄┄┄┄┄┄┄┄┄┄┄┄┄┄┄┄┄┄┄┄┄┄┄┄┄┄┄┄┄┄┄┄┄┄┄┄┄┄┄┄┄┄┄┄┄┄┄┄┄┄┄┄┄┄┄┄┄┄┄┄┄┄┄┄┄┄┄┄
│ 07:38:50.835 (+0:00:00.213235)
├┄┄┄┄┄┄┄┄┄┄┄┄┄┄┄┄┄┄┄┄┄┄┄┄┄┄┄┄┄┄┄┄┄┄┄┄┄┄┄┄┄┄┄┄┄┄┄┄┄┄┄┄┄┄┄┄┄┄┄┄┄┄┄┄┄┄┄┄┄┄┄┄┄┄┄┄┄┄┄┄┄┄┄┄┄┄┄┄┄┄┄┄┄┄┄┄┄┄┄┄┄┄┄┄┄┄┄┄┄┄┄┄┄┄┄┄┄┄┄
│ 🐛 ⚙️ Preferences: Fetching preferences from key-value store
└───────────────────────────────────────────────────────────────────────────────────────────────────────────────────────
┌───────────────────────────────────────────────────────────────────────────────────────────────────────────────────────
│ #0   AppLogger.database (package:filler/core/logging.dart:49:13)
│ #1   AppDatabase.getAllPreferences (package:filler/data/database.dart:354:15)
├┄┄┄┄┄┄┄┄┄┄┄┄┄┄┄┄┄┄┄┄┄┄┄┄┄┄┄┄┄┄┄┄┄┄┄┄┄┄┄┄┄┄┄┄┄┄┄┄┄┄┄┄┄┄┄┄┄┄┄┄┄┄┄┄┄┄┄┄┄┄┄┄┄┄┄┄┄┄┄┄┄┄┄┄┄┄┄┄┄┄┄┄┄┄┄┄┄┄┄┄┄┄┄┄┄┄┄┄┄┄┄┄┄┄┄┄┄┄┄
│ 07:38:50.835 (+0:00:00.213854)
├┄┄┄┄┄┄┄┄┄┄┄┄┄┄┄┄┄┄┄┄┄┄┄┄┄┄┄┄┄┄┄┄┄┄┄┄┄┄┄┄┄┄┄┄┄┄┄┄┄┄┄┄┄┄┄┄┄┄┄┄┄┄┄┄┄┄┄┄┄┄┄┄┄┄┄┄┄┄┄┄┄┄┄┄┄┄┄┄┄┄┄┄┄┄┄┄┄┄┄┄┄┄┄┄┄┄┄┄┄┄┄┄┄┄┄┄┄┄┄
│ 🐛 💾 Database: Fetching all preferences
└───────────────────────────────────────────────────────────────────────────────────────────────────────────────────────
┌───────────────────────────────────────────────────────────────────────────────────────────────────────────────────────
│ {count: 5, keys: [width, height, insets, defaultPattern, themeMode]}
├┄┄┄┄┄┄┄┄┄┄┄┄┄┄┄┄┄┄┄┄┄┄┄┄┄┄┄┄┄┄┄┄┄┄┄┄┄┄┄┄┄┄┄┄┄┄┄┄┄┄┄┄┄┄┄┄┄┄┄┄┄┄┄┄┄┄┄┄┄┄┄┄┄┄┄┄┄┄┄┄┄┄┄┄┄┄┄┄┄┄┄┄┄┄┄┄┄┄┄┄┄┄┄┄┄┄┄┄┄┄┄┄┄┄┄┄┄┄┄
│ #0   AppLogger.database (package:filler/core/logging.dart:49:13)
│ #1   AppDatabase.getAllPreferences (package:filler/data/database.dart:364:17)
│ #2   <asynchronous suspension>
│ #3   PreferencesRepository.get (package:filler/domain/repositories.dart:427:24)
│ #4   <asynchronous suspension>
│ #5   main.<anonymous closure>.<anonymous closure> (file:///Users/mr42/code/flutter/tmp/filler/test/domain/repositories_test.dart:114:27)
│ #6   <asynchronous suspension>
│ #7   Declarer.test.<anonymous closure>.<anonymous closure> (package:test_api/src/backend/declarer.dart:242:9)
├┄┄┄┄┄┄┄┄┄┄┄┄┄┄┄┄┄┄┄┄┄┄┄┄┄┄┄┄┄┄┄┄┄┄┄┄┄┄┄┄┄┄┄┄┄┄┄┄┄┄┄┄┄┄┄┄┄┄┄┄┄┄┄┄┄┄┄┄┄┄┄┄┄┄┄┄┄┄┄┄┄┄┄┄┄┄┄┄┄┄┄┄┄┄┄┄┄┄┄┄┄┄┄┄┄┄┄┄┄┄┄┄┄┄┄┄┄┄┄
│ 07:38:50.837 (+0:00:00.215131)
├┄┄┄┄┄┄┄┄┄┄┄┄┄┄┄┄┄┄┄┄┄┄┄┄┄┄┄┄┄┄┄┄┄┄┄┄┄┄┄┄┄┄┄┄┄┄┄┄┄┄┄┄┄┄┄┄┄┄┄┄┄┄┄┄┄┄┄┄┄┄┄┄┄┄┄┄┄┄┄┄┄┄┄┄┄┄┄┄┄┄┄┄┄┄┄┄┄┄┄┄┄┄┄┄┄┄┄┄┄┄┄┄┄┄┄┄┄┄┄
│ 🐛 💾 Database: Retrieved all preferences
└───────────────────────────────────────────────────────────────────────────────────────────────────────────────────────
┌───────────────────────────────────────────────────────────────────────────────────────────────────────────────────────
│ {width: 15, height: 20, insets: 2, defaultPattern: 2, themeMode: 2, fetchTime: 2ms, keysFromDb: 5}
├┄┄┄┄┄┄┄┄┄┄┄┄┄┄┄┄┄┄┄┄┄┄┄┄┄┄┄┄┄┄┄┄┄┄┄┄┄┄┄┄┄┄┄┄┄┄┄┄┄┄┄┄┄┄┄┄┄┄┄┄┄┄┄┄┄┄┄┄┄┄┄┄┄┄┄┄┄┄┄┄┄┄┄┄┄┄┄┄┄┄┄┄┄┄┄┄┄┄┄┄┄┄┄┄┄┄┄┄┄┄┄┄┄┄┄┄┄┄┄
│ #0   AppLogger.preferences (package:filler/core/logging.dart:64:13)
│ #1   PreferencesRepository.get (package:filler/domain/repositories.dart:464:17)
│ #2   <asynchronous suspension>
│ #3   main.<anonymous closure>.<anonymous closure> (file:///Users/mr42/code/flutter/tmp/filler/test/domain/repositories_test.dart:114:27)
│ #4   <asynchronous suspension>
│ #5   Declarer.test.<anonymous closure>.<anonymous closure> (package:test_api/src/backend/declarer.dart:242:9)
│ #6   <asynchronous suspension>
│ #7   Declarer.test.<anonymous closure> (package:test_api/src/backend/declarer.dart:240:7)
├┄┄┄┄┄┄┄┄┄┄┄┄┄┄┄┄┄┄┄┄┄┄┄┄┄┄┄┄┄┄┄┄┄┄┄┄┄┄┄┄┄┄┄┄┄┄┄┄┄┄┄┄┄┄┄┄┄┄┄┄┄┄┄┄┄┄┄┄┄┄┄┄┄┄┄┄┄┄┄┄┄┄┄┄┄┄┄┄┄┄┄┄┄┄┄┄┄┄┄┄┄┄┄┄┄┄┄┄┄┄┄┄┄┄┄┄┄┄┄
│ 07:38:50.838 (+0:00:00.216511)
├┄┄┄┄┄┄┄┄┄┄┄┄┄┄┄┄┄┄┄┄┄┄┄┄┄┄┄┄┄┄┄┄┄┄┄┄┄┄┄┄┄┄┄┄┄┄┄┄┄┄┄┄┄┄┄┄┄┄┄┄┄┄┄┄┄┄┄┄┄┄┄┄┄┄┄┄┄┄┄┄┄┄┄┄┄┄┄┄┄┄┄┄┄┄┄┄┄┄┄┄┄┄┄┄┄┄┄┄┄┄┄┄┄┄┄┄┄┄┄
│ 🐛 ⚙️ Preferences: Constructed preferences model
└───────────────────────────────────────────────────────────────────────────────────────────────────────────────────────
┌───────────────────────────────────────────────────────────────────────────────────────────────────────────────────────
│ #0   TestHelpers.cleanup (file:///Users/mr42/code/flutter/tmp/filler/test/helpers/test_helpers.dart:152:24)
│ #1   main.<anonymous closure> (file:///Users/mr42/code/flutter/tmp/filler/test/domain/repositories_test.dart:21:23)
├┄┄┄┄┄┄┄┄┄┄┄┄┄┄┄┄┄┄┄┄┄┄┄┄┄┄┄┄┄┄┄┄┄┄┄┄┄┄┄┄┄┄┄┄┄┄┄┄┄┄┄┄┄┄┄┄┄┄┄┄┄┄┄┄┄┄┄┄┄┄┄┄┄┄┄┄┄┄┄┄┄┄┄┄┄┄┄┄┄┄┄┄┄┄┄┄┄┄┄┄┄┄┄┄┄┄┄┄┄┄┄┄┄┄┄┄┄┄┄
│ 07:38:50.839 (+0:00:00.217826)
├┄┄┄┄┄┄┄┄┄┄┄┄┄┄┄┄┄┄┄┄┄┄┄┄┄┄┄┄┄┄┄┄┄┄┄┄┄┄┄┄┄┄┄┄┄┄┄┄┄┄┄┄┄┄┄┄┄┄┄┄┄┄┄┄┄┄┄┄┄┄┄┄┄┄┄┄┄┄┄┄┄┄┄┄┄┄┄┄┄┄┄┄┄┄┄┄┄┄┄┄┄┄┄┄┄┄┄┄┄┄┄┄┄┄┄┄┄┄┄
│ 🐛 🧹 Cleaning up test environment
└───────────────────────────────────────────────────────────────────────────────────────────────────────────────────────
┌───────────────────────────────────────────────────────────────────────────────────────────────────────────────────────
│ #0   TestHelpers.cleanup (file:///Users/mr42/code/flutter/tmp/filler/test/helpers/test_helpers.dart:166:26)
│ #1   main.<anonymous closure> (file:///Users/mr42/code/flutter/tmp/filler/test/domain/repositories_test.dart:21:23)
├┄┄┄┄┄┄┄┄┄┄┄┄┄┄┄┄┄┄┄┄┄┄┄┄┄┄┄┄┄┄┄┄┄┄┄┄┄┄┄┄┄┄┄┄┄┄┄┄┄┄┄┄┄┄┄┄┄┄┄┄┄┄┄┄┄┄┄┄┄┄┄┄┄┄┄┄┄┄┄┄┄┄┄┄┄┄┄┄┄┄┄┄┄┄┄┄┄┄┄┄┄┄┄┄┄┄┄┄┄┄┄┄┄┄┄┄┄┄┄
│ 07:38:50.842 (+0:00:00.220419)
├┄┄┄┄┄┄┄┄┄┄┄┄┄┄┄┄┄┄┄┄┄┄┄┄┄┄┄┄┄┄┄┄┄┄┄┄┄┄┄┄┄┄┄┄┄┄┄┄┄┄┄┄┄┄┄┄┄┄┄┄┄┄┄┄┄┄┄┄┄┄┄┄┄┄┄┄┄┄┄┄┄┄┄┄┄┄┄┄┄┄┄┄┄┄┄┄┄┄┄┄┄┄┄┄┄┄┄┄┄┄┄┄┄┄┄┄┄┄┄
│ 🐛 ✅ Test cleanup completed
└───────────────────────────────────────────────────────────────────────────────────────────────────────────────────────

00:04 +62 -2: /Users/mr42/code/flutter/tmp/filler/test/integration/page_state_transitions_test.dart: BLoC State Transitions - All Pages Canvas BLoC - Paint State Transitions                          
00:04 +62 -2: /Users/mr42/code/flutter/tmp/filler/test/domain/repositories_test.dart: PreferencesRepository should update existing preferences                                                         
┌───────────────────────────────────────────────────────────────────────────────────────────────────────────────────────
│ #0   TestHelpers.createTestDatabase (file:///Users/mr42/code/flutter/tmp/filler/test/helpers/test_helpers.dart:30:24)
│ #1   main.<anonymous closure> (file:///Users/mr42/code/flutter/tmp/filler/test/domain/repositories_test.dart:15:28)
├┄┄┄┄┄┄┄┄┄┄┄┄┄┄┄┄┄┄┄┄┄┄┄┄┄┄┄┄┄┄┄┄┄┄┄┄┄┄┄┄┄┄┄┄┄┄┄┄┄┄┄┄┄┄┄┄┄┄┄┄┄┄┄┄┄┄┄┄┄┄┄┄┄┄┄┄┄┄┄┄┄┄┄┄┄┄┄┄┄┄┄┄┄┄┄┄┄┄┄┄┄┄┄┄┄┄┄┄┄┄┄┄┄┄┄┄┄┄┄
│ 07:38:50.844 (+0:00:00.221974)
├┄┄┄┄┄┄┄┄┄┄┄┄┄┄┄┄┄┄┄┄┄┄┄┄┄┄┄┄┄┄┄┄┄┄┄┄┄┄┄┄┄┄┄┄┄┄┄┄┄┄┄┄┄┄┄┄┄┄┄┄┄┄┄┄┄┄┄┄┄┄┄┄┄┄┄┄┄┄┄┄┄┄┄┄┄┄┄┄┄┄┄┄┄┄┄┄┄┄┄┄┄┄┄┄┄┄┄┄┄┄┄┄┄┄┄┄┄┄┄
│ 🐛 🗄️ Creating test database
└───────────────────────────────────────────────────────────────────────────────────────────────────────────────────────
WARNING (drift): It looks like you've created the database class AppDatabase multiple times. When these two databases use the same QueryExecutor, race conditions will occur and might corrupt the database. 
Try to follow the advice at https://drift.simonbinder.eu/faq/#using-the-database or, if you know what you're doing, set driftRuntimeOptions.dontWarnAboutMultipleDatabases = true
Here is the stacktrace from when the database was opened a second time:
#0      GeneratedDatabase._handleInstantiated (package:drift/src/runtime/api/db_base.dart:96:30)
#1      GeneratedDatabase._whenConstructed (package:drift/src/runtime/api/db_base.dart:73:12)
#2      new GeneratedDatabase (package:drift/src/runtime/api/db_base.dart:64:5)
#3      new _$AppDatabase (package:filler/data/database.g.dart:991:36)
#4      new AppDatabase.test (package:filler/data/database.dart:90:24)
#5      TestHelpers.createTestDatabase (file:///Users/mr42/code/flutter/tmp/filler/test/helpers/test_helpers.dart:31:24)
#6      main.<anonymous closure> (file:///Users/mr42/code/flutter/tmp/filler/test/domain/repositories_test.dart:15:28)
#7      Declarer._runSetUps.<anonymous closure> (package:test_api/src/backend/declarer.dart:403:61)
#8      Future.forEach.<anonymous closure> (dart:async/future.dart:653:26)
#9      Future.doWhile.<anonymous closure> (dart:async/future.dart:710:26)
#10     StackZoneSpecification._registerUnaryCallback.<anonymous closure>.<anonymous closure> (package:stack_trace/src/stack_zone_specification.dart:127:36)
#11     StackZoneSpecification._run (package:stack_trace/src/stack_zone_specification.dart:207:15)
#12     StackZoneSpecification._registerUnaryCallback.<anonymous closure> (package:stack_trace/src/stack_zone_specification.dart:127:24)
#13     _rootRunUnary (dart:async/zone.dart:1538:47)
#14     _CustomZone.runUnary (dart:async/zone.dart:1429:19)
#15     _CustomZone.runUnaryGuarded (dart:async/zone.dart:1329:7)
#16     _CustomZone.bindUnaryCallbackGuarded.<anonymous closure> (dart:async/zone.dart:1367:26)
#17     Future.doWhile (dart:async/future.dart:727:18)
#18     Future.forEach (dart:async/future.dart:651:12)
#19     Declarer._runSetUps (package:test_api/src/backend/declarer.dart:403:18)
#20     Declarer._runSetUps (package:test_api/src/backend/declarer.dart:401:40)
#21     Declarer.test.<anonymous closure>.<anonymous closure> (package:test_api/src/backend/declarer.dart:241:15)
#22     _rootRun (dart:async/zone.dart:1525:13)
#23     _CustomZone.run (dart:async/zone.dart:1422:19)
#24     _runZoned (dart:async/zone.dart:2034:6)
#25     runZoned (dart:async/zone.dart:1960:10)
#26     Declarer.test.<anonymous closure> (package:test_api/src/backend/declarer.dart:240:13)
#27     Invoker._waitForOutstandingCallbacks.<anonymous closure> (package:test_api/src/backend/invoker.dart:282:17)
#28     _rootRun (dart:async/zone.dart:1525:13)
#29     _CustomZone.run (dart:async/zone.dart:1422:19)
#30     _runZoned (dart:async/zone.dart:2034:6)
#31     runZoned (dart:async/zone.dart:1960:10)
#32     Invoker._waitForOutstandingCallbacks (package:test_api/src/backend/invoker.dart:278:5)
#33     Invoker._onRun.<anonymous closure>.<anonymous closure>.<anonymous closure> (package:test_api/src/backend/invoker.dart:418:17)
<asynchronous suspension>
This warning will only appear on debug builds.
┌───────────────────────────────────────────────────────────────────────────────────────────────────────────────────────
│ {width: 10, height: 10, insets: 0, defaultPattern: 1, themeMode: 2}
├┄┄┄┄┄┄┄┄┄┄┄┄┄┄┄┄┄┄┄┄┄┄┄┄┄┄┄┄┄┄┄┄┄┄┄┄┄┄┄┄┄┄┄┄┄┄┄┄┄┄┄┄┄┄┄┄┄┄┄┄┄┄┄┄┄┄┄┄┄┄┄┄┄┄┄┄┄┄┄┄┄┄┄┄┄┄┄┄┄┄┄┄┄┄┄┄┄┄┄┄┄┄┄┄┄┄┄┄┄┄┄┄┄┄┄┄┄┄┄
│ #0   AppLogger.preferences (package:filler/core/logging.dart:64:13)
│ #1   PreferencesRepository.save (package:filler/domain/repositories.dart:541:15)
│ #2   main.<anonymous closure>.<anonymous closure> (file:///Users/mr42/code/flutter/tmp/filler/test/domain/repositories_test.dart:124:23)
│ #3   Declarer.test.<anonymous closure>.<anonymous closure> (package:test_api/src/backend/declarer.dart:242:19)
│ #4   <asynchronous suspension>
│ #5   Declarer.test.<anonymous closure> (package:test_api/src/backend/declarer.dart:240:7)
│ #6   <asynchronous suspension>
│ #7   Invoker._waitForOutstandingCallbacks.<anonymous closure> (package:test_api/src/backend/invoker.dart:282:9)
├┄┄┄┄┄┄┄┄┄┄┄┄┄┄┄┄┄┄┄┄┄┄┄┄┄┄┄┄┄┄┄┄┄┄┄┄┄┄┄┄┄┄┄┄┄┄┄┄┄┄┄┄┄┄┄┄┄┄┄┄┄┄┄┄┄┄┄┄┄┄┄┄┄┄┄┄┄┄┄┄┄┄┄┄┄┄┄┄┄┄┄┄┄┄┄┄┄┄┄┄┄┄┄┄┄┄┄┄┄┄┄┄┄┄┄┄┄┄┄
│ 07:38:50.847 (+0:00:00.225654)
├┄┄┄┄┄┄┄┄┄┄┄┄┄┄┄┄┄┄┄┄┄┄┄┄┄┄┄┄┄┄┄┄┄┄┄┄┄┄┄┄┄┄┄┄┄┄┄┄┄┄┄┄┄┄┄┄┄┄┄┄┄┄┄┄┄┄┄┄┄┄┄┄┄┄┄┄┄┄┄┄┄┄┄┄┄┄┄┄┄┄┄┄┄┄┄┄┄┄┄┄┄┄┄┄┄┄┄┄┄┄┄┄┄┄┄┄┄┄┄
│ 🐛 ⚙️ Preferences: Saving preferences to key-value store
└───────────────────────────────────────────────────────────────────────────────────────────────────────────────────────
┌───────────────────────────────────────────────────────────────────────────────────────────────────────────────────────
│ {key: width, value: 10, type: int}
├┄┄┄┄┄┄┄┄┄┄┄┄┄┄┄┄┄┄┄┄┄┄┄┄┄┄┄┄┄┄┄┄┄┄┄┄┄┄┄┄┄┄┄┄┄┄┄┄┄┄┄┄┄┄┄┄┄┄┄┄┄┄┄┄┄┄┄┄┄┄┄┄┄┄┄┄┄┄┄┄┄┄┄┄┄┄┄┄┄┄┄┄┄┄┄┄┄┄┄┄┄┄┄┄┄┄┄┄┄┄┄┄┄┄┄┄┄┄┄
│ #0   AppLogger.database (package:filler/core/logging.dart:49:13)
│ #1   AppDatabase.setPreferenceValue (package:filler/data/database.dart:301:15)
│ #2   PreferencesRepository.save (package:filler/domain/repositories.dart:557:13)
│ #3   main.<anonymous closure>.<anonymous closure> (file:///Users/mr42/code/flutter/tmp/filler/test/domain/repositories_test.dart:124:23)
│ #4   Declarer.test.<anonymous closure>.<anonymous closure> (package:test_api/src/backend/declarer.dart:242:19)
│ #5   <asynchronous suspension>
│ #6   Declarer.test.<anonymous closure> (package:test_api/src/backend/declarer.dart:240:7)
│ #7   <asynchronous suspension>
├┄┄┄┄┄┄┄┄┄┄┄┄┄┄┄┄┄┄┄┄┄┄┄┄┄┄┄┄┄┄┄┄┄┄┄┄┄┄┄┄┄┄┄┄┄┄┄┄┄┄┄┄┄┄┄┄┄┄┄┄┄┄┄┄┄┄┄┄┄┄┄┄┄┄┄┄┄┄┄┄┄┄┄┄┄┄┄┄┄┄┄┄┄┄┄┄┄┄┄┄┄┄┄┄┄┄┄┄┄┄┄┄┄┄┄┄┄┄┄
│ 07:38:50.848 (+0:00:00.226817)
├┄┄┄┄┄┄┄┄┄┄┄┄┄┄┄┄┄┄┄┄┄┄┄┄┄┄┄┄┄┄┄┄┄┄┄┄┄┄┄┄┄┄┄┄┄┄┄┄┄┄┄┄┄┄┄┄┄┄┄┄┄┄┄┄┄┄┄┄┄┄┄┄┄┄┄┄┄┄┄┄┄┄┄┄┄┄┄┄┄┄┄┄┄┄┄┄┄┄┄┄┄┄┄┄┄┄┄┄┄┄┄┄┄┄┄┄┄┄┄
│ 🐛 💾 Database: Setting preference value
└───────────────────────────────────────────────────────────────────────────────────────────────────────────────────────
┌───────────────────────────────────────────────────────────────────────────────────────────────────────────────────────
│ #0   AppLogger.database (package:filler/core/logging.dart:49:13)
│ #1   createTestDatabaseConnection.<anonymous closure> (package:filler/data/database_connection.dart:22:15)
├┄┄┄┄┄┄┄┄┄┄┄┄┄┄┄┄┄┄┄┄┄┄┄┄┄┄┄┄┄┄┄┄┄┄┄┄┄┄┄┄┄┄┄┄┄┄┄┄┄┄┄┄┄┄┄┄┄┄┄┄┄┄┄┄┄┄┄┄┄┄┄┄┄┄┄┄┄┄┄┄┄┄┄┄┄┄┄┄┄┄┄┄┄┄┄┄┄┄┄┄┄┄┄┄┄┄┄┄┄┄┄┄┄┄┄┄┄┄┄
│ 07:38:50.850 (+0:00:00.228001)
├┄┄┄┄┄┄┄┄┄┄┄┄┄┄┄┄┄┄┄┄┄┄┄┄┄┄┄┄┄┄┄┄┄┄┄┄┄┄┄┄┄┄┄┄┄┄┄┄┄┄┄┄┄┄┄┄┄┄┄┄┄┄┄┄┄┄┄┄┄┄┄┄┄┄┄┄┄┄┄┄┄┄┄┄┄┄┄┄┄┄┄┄┄┄┄┄┄┄┄┄┄┄┄┄┄┄┄┄┄┄┄┄┄┄┄┄┄┄┄
│ 🐛 💾 Database: Test AppDatabase instance created (in-memory)
└───────────────────────────────────────────────────────────────────────────────────────────────────────────────────────
┌───────────────────────────────────────────────────────────────────────────────────────────────────────────────────────
│ {key: height, value: 10, type: int}
├┄┄┄┄┄┄┄┄┄┄┄┄┄┄┄┄┄┄┄┄┄┄┄┄┄┄┄┄┄┄┄┄┄┄┄┄┄┄┄┄┄┄┄┄┄┄┄┄┄┄┄┄┄┄┄┄┄┄┄┄┄┄┄┄┄┄┄┄┄┄┄┄┄┄┄┄┄┄┄┄┄┄┄┄┄┄┄┄┄┄┄┄┄┄┄┄┄┄┄┄┄┄┄┄┄┄┄┄┄┄┄┄┄┄┄┄┄┄┄
│ #0   AppLogger.database (package:filler/core/logging.dart:49:13)
│ #1   AppDatabase.setPreferenceValue (package:filler/data/database.dart:301:15)
│ #2   PreferencesRepository.save (package:filler/domain/repositories.dart:558:13)
│ #3   main.<anonymous closure>.<anonymous closure> (file:///Users/mr42/code/flutter/tmp/filler/test/domain/repositories_test.dart:124:23)
│ #4   Declarer.test.<anonymous closure>.<anonymous closure> (package:test_api/src/backend/declarer.dart:242:19)
│ #5   <asynchronous suspension>
│ #6   Declarer.test.<anonymous closure> (package:test_api/src/backend/declarer.dart:240:7)
│ #7   <asynchronous suspension>
├┄┄┄┄┄┄┄┄┄┄┄┄┄┄┄┄┄┄┄┄┄┄┄┄┄┄┄┄┄┄┄┄┄┄┄┄┄┄┄┄┄┄┄┄┄┄┄┄┄┄┄┄┄┄┄┄┄┄┄┄┄┄┄┄┄┄┄┄┄┄┄┄┄┄┄┄┄┄┄┄┄┄┄┄┄┄┄┄┄┄┄┄┄┄┄┄┄┄┄┄┄┄┄┄┄┄┄┄┄┄┄┄┄┄┄┄┄┄┄
│ 07:38:50.850 (+0:00:00.228725)
├┄┄┄┄┄┄┄┄┄┄┄┄┄┄┄┄┄┄┄┄┄┄┄┄┄┄┄┄┄┄┄┄┄┄┄┄┄┄┄┄┄┄┄┄┄┄┄┄┄┄┄┄┄┄┄┄┄┄┄┄┄┄┄┄┄┄┄┄┄┄┄┄┄┄┄┄┄┄┄┄┄┄┄┄┄┄┄┄┄┄┄┄┄┄┄┄┄┄┄┄┄┄┄┄┄┄┄┄┄┄┄┄┄┄┄┄┄┄┄
│ 🐛 💾 Database: Setting preference value
└───────────────────────────────────────────────────────────────────────────────────────────────────────────────────────
┌───────────────────────────────────────────────────────────────────────────────────────────────────────────────────────
│ {key: insets, value: 0, type: int}
├┄┄┄┄┄┄┄┄┄┄┄┄┄┄┄┄┄┄┄┄┄┄┄┄┄┄┄┄┄┄┄┄┄┄┄┄┄┄┄┄┄┄┄┄┄┄┄┄┄┄┄┄┄┄┄┄┄┄┄┄┄┄┄┄┄┄┄┄┄┄┄┄┄┄┄┄┄┄┄┄┄┄┄┄┄┄┄┄┄┄┄┄┄┄┄┄┄┄┄┄┄┄┄┄┄┄┄┄┄┄┄┄┄┄┄┄┄┄┄
│ #0   AppLogger.database (package:filler/core/logging.dart:49:13)
│ #1   AppDatabase.setPreferenceValue (package:filler/data/database.dart:301:15)
│ #2   PreferencesRepository.save (package:filler/domain/repositories.dart:559:13)
│ #3   main.<anonymous closure>.<anonymous closure> (file:///Users/mr42/code/flutter/tmp/filler/test/domain/repositories_test.dart:124:23)
│ #4   Declarer.test.<anonymous closure>.<anonymous closure> (package:test_api/src/backend/declarer.dart:242:19)
│ #5   <asynchronous suspension>
│ #6   Declarer.test.<anonymous closure> (package:test_api/src/backend/declarer.dart:240:7)
│ #7   <asynchronous suspension>
├┄┄┄┄┄┄┄┄┄┄┄┄┄┄┄┄┄┄┄┄┄┄┄┄┄┄┄┄┄┄┄┄┄┄┄┄┄┄┄┄┄┄┄┄┄┄┄┄┄┄┄┄┄┄┄┄┄┄┄┄┄┄┄┄┄┄┄┄┄┄┄┄┄┄┄┄┄┄┄┄┄┄┄┄┄┄┄┄┄┄┄┄┄┄┄┄┄┄┄┄┄┄┄┄┄┄┄┄┄┄┄┄┄┄┄┄┄┄┄
│ 07:38:50.852 (+0:00:00.229857)
├┄┄┄┄┄┄┄┄┄┄┄┄┄┄┄┄┄┄┄┄┄┄┄┄┄┄┄┄┄┄┄┄┄┄┄┄┄┄┄┄┄┄┄┄┄┄┄┄┄┄┄┄┄┄┄┄┄┄┄┄┄┄┄┄┄┄┄┄┄┄┄┄┄┄┄┄┄┄┄┄┄┄┄┄┄┄┄┄┄┄┄┄┄┄┄┄┄┄┄┄┄┄┄┄┄┄┄┄┄┄┄┄┄┄┄┄┄┄┄
│ 🐛 💾 Database: Setting preference value
└───────────────────────────────────────────────────────────────────────────────────────────────────────────────────────
┌───────────────────────────────────────────────────────────────────────────────────────────────────────────────────────
│ {key: defaultPattern, value: 1, type: int}
├┄┄┄┄┄┄┄┄┄┄┄┄┄┄┄┄┄┄┄┄┄┄┄┄┄┄┄┄┄┄┄┄┄┄┄┄┄┄┄┄┄┄┄┄┄┄┄┄┄┄┄┄┄┄┄┄┄┄┄┄┄┄┄┄┄┄┄┄┄┄┄┄┄┄┄┄┄┄┄┄┄┄┄┄┄┄┄┄┄┄┄┄┄┄┄┄┄┄┄┄┄┄┄┄┄┄┄┄┄┄┄┄┄┄┄┄┄┄┄
│ #0   AppLogger.database (package:filler/core/logging.dart:49:13)
│ #1   AppDatabase.setPreferenceValue (package:filler/data/database.dart:301:15)
│ #2   PreferencesRepository.save (package:filler/domain/repositories.dart:560:13)
│ #3   main.<anonymous closure>.<anonymous closure> (file:///Users/mr42/code/flutter/tmp/filler/test/domain/repositories_test.dart:124:23)
│ #4   Declarer.test.<anonymous closure>.<anonymous closure> (package:test_api/src/backend/declarer.dart:242:19)
│ #5   <asynchronous suspension>
│ #6   Declarer.test.<anonymous closure> (package:test_api/src/backend/declarer.dart:240:7)
│ #7   <asynchronous suspension>
├┄┄┄┄┄┄┄┄┄┄┄┄┄┄┄┄┄┄┄┄┄┄┄┄┄┄┄┄┄┄┄┄┄┄┄┄┄┄┄┄┄┄┄┄┄┄┄┄┄┄┄┄┄┄┄┄┄┄┄┄┄┄┄┄┄┄┄┄┄┄┄┄┄┄┄┄┄┄┄┄┄┄┄┄┄┄┄┄┄┄┄┄┄┄┄┄┄┄┄┄┄┄┄┄┄┄┄┄┄┄┄┄┄┄┄┄┄┄┄
│ 07:38:50.853 (+0:00:00.231007)
├┄┄┄┄┄┄┄┄┄┄┄┄┄┄┄┄┄┄┄┄┄┄┄┄┄┄┄┄┄┄┄┄┄┄┄┄┄┄┄┄┄┄┄┄┄┄┄┄┄┄┄┄┄┄┄┄┄┄┄┄┄┄┄┄┄┄┄┄┄┄┄┄┄┄┄┄┄┄┄┄┄┄┄┄┄┄┄┄┄┄┄┄┄┄┄┄┄┄┄┄┄┄┄┄┄┄┄┄┄┄┄┄┄┄┄┄┄┄┄
│ 🐛 💾 Database: Setting preference value
└───────────────────────────────────────────────────────────────────────────────────────────────────────────────────────
┌───────────────────────────────────────────────────────────────────────────────────────────────────────────────────────
│ {key: themeMode, value: 2, type: int}
├┄┄┄┄┄┄┄┄┄┄┄┄┄┄┄┄┄┄┄┄┄┄┄┄┄┄┄┄┄┄┄┄┄┄┄┄┄┄┄┄┄┄┄┄┄┄┄┄┄┄┄┄┄┄┄┄┄┄┄┄┄┄┄┄┄┄┄┄┄┄┄┄┄┄┄┄┄┄┄┄┄┄┄┄┄┄┄┄┄┄┄┄┄┄┄┄┄┄┄┄┄┄┄┄┄┄┄┄┄┄┄┄┄┄┄┄┄┄┄
│ #0   AppLogger.database (package:filler/core/logging.dart:49:13)
│ #1   AppDatabase.setPreferenceValue (package:filler/data/database.dart:301:15)
│ #2   PreferencesRepository.save (package:filler/domain/repositories.dart:565:13)
│ #3   main.<anonymous closure>.<anonymous closure> (file:///Users/mr42/code/flutter/tmp/filler/test/domain/repositories_test.dart:124:23)
│ #4   Declarer.test.<anonymous closure>.<anonymous closure> (package:test_api/src/backend/declarer.dart:242:19)
│ #5   <asynchronous suspension>
│ #6   Declarer.test.<anonymous closure> (package:test_api/src/backend/declarer.dart:240:7)
│ #7   <asynchronous suspension>
├┄┄┄┄┄┄┄┄┄┄┄┄┄┄┄┄┄┄┄┄┄┄┄┄┄┄┄┄┄┄┄┄┄┄┄┄┄┄┄┄┄┄┄┄┄┄┄┄┄┄┄┄┄┄┄┄┄┄┄┄┄┄┄┄┄┄┄┄┄┄┄┄┄┄┄┄┄┄┄┄┄┄┄┄┄┄┄┄┄┄┄┄┄┄┄┄┄┄┄┄┄┄┄┄┄┄┄┄┄┄┄┄┄┄┄┄┄┄┄
│ 07:38:50.854 (+0:00:00.232149)
├┄┄┄┄┄┄┄┄┄┄┄┄┄┄┄┄┄┄┄┄┄┄┄┄┄┄┄┄┄┄┄┄┄┄┄┄┄┄┄┄┄┄┄┄┄┄┄┄┄┄┄┄┄┄┄┄┄┄┄┄┄┄┄┄┄┄┄┄┄┄┄┄┄┄┄┄┄┄┄┄┄┄┄┄┄┄┄┄┄┄┄┄┄┄┄┄┄┄┄┄┄┄┄┄┄┄┄┄┄┄┄┄┄┄┄┄┄┄┄
│ 🐛 💾 Database: Setting preference value
└───────────────────────────────────────────────────────────────────────────────────────────────────────────────────────
┌───────────────────────────────────────────────────────────────────────────────────────────────────────────────────────
│ {version: 4, wasCreated: true, hadUpgrade: false}
├┄┄┄┄┄┄┄┄┄┄┄┄┄┄┄┄┄┄┄┄┄┄┄┄┄┄┄┄┄┄┄┄┄┄┄┄┄┄┄┄┄┄┄┄┄┄┄┄┄┄┄┄┄┄┄┄┄┄┄┄┄┄┄┄┄┄┄┄┄┄┄┄┄┄┄┄┄┄┄┄┄┄┄┄┄┄┄┄┄┄┄┄┄┄┄┄┄┄┄┄┄┄┄┄┄┄┄┄┄┄┄┄┄┄┄┄┄┄┄
│ #0   AppLogger.database (package:filler/core/logging.dart:49:13)
│ #1   AppDatabase.migration.<anonymous closure> (package:filler/data/database.dart:211:17)
│ #2   GeneratedDatabase.beforeOpen.<anonymous closure> (package:drift/src/runtime/api/db_base.dart:137:44)
│ #3   <asynchronous suspension>
│ #4   DelegatedDatabase._runMigrations (package:drift/src/runtime/executor/helpers/engines.dart:512:5)
│ #5   <asynchronous suspension>
│ #6   DelegatedDatabase.ensureOpen.<anonymous closure> (package:drift/src/runtime/executor/helpers/engines.dart:476:9)
│ #7   <asynchronous suspension>
├┄┄┄┄┄┄┄┄┄┄┄┄┄┄┄┄┄┄┄┄┄┄┄┄┄┄┄┄┄┄┄┄┄┄┄┄┄┄┄┄┄┄┄┄┄┄┄┄┄┄┄┄┄┄┄┄┄┄┄┄┄┄┄┄┄┄┄┄┄┄┄┄┄┄┄┄┄┄┄┄┄┄┄┄┄┄┄┄┄┄┄┄┄┄┄┄┄┄┄┄┄┄┄┄┄┄┄┄┄┄┄┄┄┄┄┄┄┄┄
│ 07:38:50.856 (+0:00:00.234211)
├┄┄┄┄┄┄┄┄┄┄┄┄┄┄┄┄┄┄┄┄┄┄┄┄┄┄┄┄┄┄┄┄┄┄┄┄┄┄┄┄┄┄┄┄┄┄┄┄┄┄┄┄┄┄┄┄┄┄┄┄┄┄┄┄┄┄┄┄┄┄┄┄┄┄┄┄┄┄┄┄┄┄┄┄┄┄┄┄┄┄┄┄┄┄┄┄┄┄┄┄┄┄┄┄┄┄┄┄┄┄┄┄┄┄┄┄┄┄┄
│ 🐛 💾 Database: Database opened
└───────────────────────────────────────────────────────────────────────────────────────────────────────────────────────
┌───────────────────────────────────────────────────────────────────────────────────────────────────────────────────────
│ {key: width, value: 10}
├┄┄┄┄┄┄┄┄┄┄┄┄┄┄┄┄┄┄┄┄┄┄┄┄┄┄┄┄┄┄┄┄┄┄┄┄┄┄┄┄┄┄┄┄┄┄┄┄┄┄┄┄┄┄┄┄┄┄┄┄┄┄┄┄┄┄┄┄┄┄┄┄┄┄┄┄┄┄┄┄┄┄┄┄┄┄┄┄┄┄┄┄┄┄┄┄┄┄┄┄┄┄┄┄┄┄┄┄┄┄┄┄┄┄┄┄┄┄┄
│ #0   AppLogger.database (package:filler/core/logging.dart:49:13)
│ #1   AppDatabase.setPreferenceValue (package:filler/data/database.dart:337:17)
│ #2   <asynchronous suspension>
│ #3   Future.wait.<anonymous closure> (dart:async/future.dart:525:21)
│ #4   <asynchronous suspension>
│ #5   PreferencesRepository.save (package:filler/domain/repositories.dart:556:7)
│ #6   <asynchronous suspension>
│ #7   main.<anonymous closure>.<anonymous closure> (file:///Users/mr42/code/flutter/tmp/filler/test/domain/repositories_test.dart:124:7)
├┄┄┄┄┄┄┄┄┄┄┄┄┄┄┄┄┄┄┄┄┄┄┄┄┄┄┄┄┄┄┄┄┄┄┄┄┄┄┄┄┄┄┄┄┄┄┄┄┄┄┄┄┄┄┄┄┄┄┄┄┄┄┄┄┄┄┄┄┄┄┄┄┄┄┄┄┄┄┄┄┄┄┄┄┄┄┄┄┄┄┄┄┄┄┄┄┄┄┄┄┄┄┄┄┄┄┄┄┄┄┄┄┄┄┄┄┄┄┄
│ 07:38:50.858 (+0:00:00.236371)
├┄┄┄┄┄┄┄┄┄┄┄┄┄┄┄┄┄┄┄┄┄┄┄┄┄┄┄┄┄┄┄┄┄┄┄┄┄┄┄┄┄┄┄┄┄┄┄┄┄┄┄┄┄┄┄┄┄┄┄┄┄┄┄┄┄┄┄┄┄┄┄┄┄┄┄┄┄┄┄┄┄┄┄┄┄┄┄┄┄┄┄┄┄┄┄┄┄┄┄┄┄┄┄┄┄┄┄┄┄┄┄┄┄┄┄┄┄┄┄
│ 🐛 💾 Database: Preference value saved
└───────────────────────────────────────────────────────────────────────────────────────────────────────────────────────
┌───────────────────────────────────────────────────────────────────────────────────────────────────────────────────────
│ {key: height, value: 10}
├┄┄┄┄┄┄┄┄┄┄┄┄┄┄┄┄┄┄┄┄┄┄┄┄┄┄┄┄┄┄┄┄┄┄┄┄┄┄┄┄┄┄┄┄┄┄┄┄┄┄┄┄┄┄┄┄┄┄┄┄┄┄┄┄┄┄┄┄┄┄┄┄┄┄┄┄┄┄┄┄┄┄┄┄┄┄┄┄┄┄┄┄┄┄┄┄┄┄┄┄┄┄┄┄┄┄┄┄┄┄┄┄┄┄┄┄┄┄┄
│ #0   AppLogger.database (package:filler/core/logging.dart:49:13)
│ #1   AppDatabase.setPreferenceValue (package:filler/data/database.dart:337:17)
│ #2   <asynchronous suspension>
│ #3   Future.wait.<anonymous closure> (dart:async/future.dart:525:21)
│ #4   <asynchronous suspension>
│ #5   PreferencesRepository.save (package:filler/domain/repositories.dart:556:7)
│ #6   <asynchronous suspension>
│ #7   main.<anonymous closure>.<anonymous closure> (file:///Users/mr42/code/flutter/tmp/filler/test/domain/repositories_test.dart:124:7)
├┄┄┄┄┄┄┄┄┄┄┄┄┄┄┄┄┄┄┄┄┄┄┄┄┄┄┄┄┄┄┄┄┄┄┄┄┄┄┄┄┄┄┄┄┄┄┄┄┄┄┄┄┄┄┄┄┄┄┄┄┄┄┄┄┄┄┄┄┄┄┄┄┄┄┄┄┄┄┄┄┄┄┄┄┄┄┄┄┄┄┄┄┄┄┄┄┄┄┄┄┄┄┄┄┄┄┄┄┄┄┄┄┄┄┄┄┄┄┄
│ 07:38:50.859 (+0:00:00.237720)
├┄┄┄┄┄┄┄┄┄┄┄┄┄┄┄┄┄┄┄┄┄┄┄┄┄┄┄┄┄┄┄┄┄┄┄┄┄┄┄┄┄┄┄┄┄┄┄┄┄┄┄┄┄┄┄┄┄┄┄┄┄┄┄┄┄┄┄┄┄┄┄┄┄┄┄┄┄┄┄┄┄┄┄┄┄┄┄┄┄┄┄┄┄┄┄┄┄┄┄┄┄┄┄┄┄┄┄┄┄┄┄┄┄┄┄┄┄┄┄
│ 🐛 💾 Database: Preference value saved
└───────────────────────────────────────────────────────────────────────────────────────────────────────────────────────
┌───────────────────────────────────────────────────────────────────────────────────────────────────────────────────────
│ {key: insets, value: 0}
├┄┄┄┄┄┄┄┄┄┄┄┄┄┄┄┄┄┄┄┄┄┄┄┄┄┄┄┄┄┄┄┄┄┄┄┄┄┄┄┄┄┄┄┄┄┄┄┄┄┄┄┄┄┄┄┄┄┄┄┄┄┄┄┄┄┄┄┄┄┄┄┄┄┄┄┄┄┄┄┄┄┄┄┄┄┄┄┄┄┄┄┄┄┄┄┄┄┄┄┄┄┄┄┄┄┄┄┄┄┄┄┄┄┄┄┄┄┄┄
│ #0   AppLogger.database (package:filler/core/logging.dart:49:13)
│ #1   AppDatabase.setPreferenceValue (package:filler/data/database.dart:337:17)
│ #2   <asynchronous suspension>
│ #3   Future.wait.<anonymous closure> (dart:async/future.dart:525:21)
│ #4   <asynchronous suspension>
│ #5   PreferencesRepository.save (package:filler/domain/repositories.dart:556:7)
│ #6   <asynchronous suspension>
│ #7   main.<anonymous closure>.<anonymous closure> (file:///Users/mr42/code/flutter/tmp/filler/test/domain/repositories_test.dart:124:7)
├┄┄┄┄┄┄┄┄┄┄┄┄┄┄┄┄┄┄┄┄┄┄┄┄┄┄┄┄┄┄┄┄┄┄┄┄┄┄┄┄┄┄┄┄┄┄┄┄┄┄┄┄┄┄┄┄┄┄┄┄┄┄┄┄┄┄┄┄┄┄┄┄┄┄┄┄┄┄┄┄┄┄┄┄┄┄┄┄┄┄┄┄┄┄┄┄┄┄┄┄┄┄┄┄┄┄┄┄┄┄┄┄┄┄┄┄┄┄┄
│ 07:38:50.861 (+0:00:00.238956)
├┄┄┄┄┄┄┄┄┄┄┄┄┄┄┄┄┄┄┄┄┄┄┄┄┄┄┄┄┄┄┄┄┄┄┄┄┄┄┄┄┄┄┄┄┄┄┄┄┄┄┄┄┄┄┄┄┄┄┄┄┄┄┄┄┄┄┄┄┄┄┄┄┄┄┄┄┄┄┄┄┄┄┄┄┄┄┄┄┄┄┄┄┄┄┄┄┄┄┄┄┄┄┄┄┄┄┄┄┄┄┄┄┄┄┄┄┄┄┄
│ 🐛 💾 Database: Preference value saved
└───────────────────────────────────────────────────────────────────────────────────────────────────────────────────────
┌───────────────────────────────────────────────────────────────────────────────────────────────────────────────────────
│ {key: defaultPattern, value: 1}
├┄┄┄┄┄┄┄┄┄┄┄┄┄┄┄┄┄┄┄┄┄┄┄┄┄┄┄┄┄┄┄┄┄┄┄┄┄┄┄┄┄┄┄┄┄┄┄┄┄┄┄┄┄┄┄┄┄┄┄┄┄┄┄┄┄┄┄┄┄┄┄┄┄┄┄┄┄┄┄┄┄┄┄┄┄┄┄┄┄┄┄┄┄┄┄┄┄┄┄┄┄┄┄┄┄┄┄┄┄┄┄┄┄┄┄┄┄┄┄
│ #0   AppLogger.database (package:filler/core/logging.dart:49:13)
│ #1   AppDatabase.setPreferenceValue (package:filler/data/database.dart:337:17)
│ #2   <asynchronous suspension>
│ #3   Future.wait.<anonymous closure> (dart:async/future.dart:525:21)
│ #4   <asynchronous suspension>
│ #5   PreferencesRepository.save (package:filler/domain/repositories.dart:556:7)
│ #6   <asynchronous suspension>
│ #7   main.<anonymous closure>.<anonymous closure> (file:///Users/mr42/code/flutter/tmp/filler/test/domain/repositories_test.dart:124:7)
├┄┄┄┄┄┄┄┄┄┄┄┄┄┄┄┄┄┄┄┄┄┄┄┄┄┄┄┄┄┄┄┄┄┄┄┄┄┄┄┄┄┄┄┄┄┄┄┄┄┄┄┄┄┄┄┄┄┄┄┄┄┄┄┄┄┄┄┄┄┄┄┄┄┄┄┄┄┄┄┄┄┄┄┄┄┄┄┄┄┄┄┄┄┄┄┄┄┄┄┄┄┄┄┄┄┄┄┄┄┄┄┄┄┄┄┄┄┄┄
│ 07:38:50.862 (+0:00:00.240134)
├┄┄┄┄┄┄┄┄┄┄┄┄┄┄┄┄┄┄┄┄┄┄┄┄┄┄┄┄┄┄┄┄┄┄┄┄┄┄┄┄┄┄┄┄┄┄┄┄┄┄┄┄┄┄┄┄┄┄┄┄┄┄┄┄┄┄┄┄┄┄┄┄┄┄┄┄┄┄┄┄┄┄┄┄┄┄┄┄┄┄┄┄┄┄┄┄┄┄┄┄┄┄┄┄┄┄┄┄┄┄┄┄┄┄┄┄┄┄┄
│ 🐛 💾 Database: Preference value saved
└───────────────────────────────────────────────────────────────────────────────────────────────────────────────────────
┌───────────────────────────────────────────────────────────────────────────────────────────────────────────────────────
│ {key: themeMode, value: 2}
├┄┄┄┄┄┄┄┄┄┄┄┄┄┄┄┄┄┄┄┄┄┄┄┄┄┄┄┄┄┄┄┄┄┄┄┄┄┄┄┄┄┄┄┄┄┄┄┄┄┄┄┄┄┄┄┄┄┄┄┄┄┄┄┄┄┄┄┄┄┄┄┄┄┄┄┄┄┄┄┄┄┄┄┄┄┄┄┄┄┄┄┄┄┄┄┄┄┄┄┄┄┄┄┄┄┄┄┄┄┄┄┄┄┄┄┄┄┄┄
│ #0   AppLogger.database (package:filler/core/logging.dart:49:13)
│ #1   AppDatabase.setPreferenceValue (package:filler/data/database.dart:337:17)
│ #2   <asynchronous suspension>
│ #3   Future.wait.<anonymous closure> (dart:async/future.dart:525:21)
│ #4   <asynchronous suspension>
│ #5   PreferencesRepository.save (package:filler/domain/repositories.dart:556:7)
│ #6   <asynchronous suspension>
│ #7   main.<anonymous closure>.<anonymous closure> (file:///Users/mr42/code/flutter/tmp/filler/test/domain/repositories_test.dart:124:7)
├┄┄┄┄┄┄┄┄┄┄┄┄┄┄┄┄┄┄┄┄┄┄┄┄┄┄┄┄┄┄┄┄┄┄┄┄┄┄┄┄┄┄┄┄┄┄┄┄┄┄┄┄┄┄┄┄┄┄┄┄┄┄┄┄┄┄┄┄┄┄┄┄┄┄┄┄┄┄┄┄┄┄┄┄┄┄┄┄┄┄┄┄┄┄┄┄┄┄┄┄┄┄┄┄┄┄┄┄┄┄┄┄┄┄┄┄┄┄┄
│ 07:38:50.864 (+0:00:00.242022)
├┄┄┄┄┄┄┄┄┄┄┄┄┄┄┄┄┄┄┄┄┄┄┄┄┄┄┄┄┄┄┄┄┄┄┄┄┄┄┄┄┄┄┄┄┄┄┄┄┄┄┄┄┄┄┄┄┄┄┄┄┄┄┄┄┄┄┄┄┄┄┄┄┄┄┄┄┄┄┄┄┄┄┄┄┄┄┄┄┄┄┄┄┄┄┄┄┄┄┄┄┄┄┄┄┄┄┄┄┄┄┄┄┄┄┄┄┄┄┄
│ 🐛 💾 Database: Preference value saved
└───────────────────────────────────────────────────────────────────────────────────────────────────────────────────────
┌───────────────────────────────────────────────────────────────────────────────────────────────────────────────────────
│ {saveTime: 16ms, keysUpdated: [width, height, insets, defaultPattern, themeMode]}
├┄┄┄┄┄┄┄┄┄┄┄┄┄┄┄┄┄┄┄┄┄┄┄┄┄┄┄┄┄┄┄┄┄┄┄┄┄┄┄┄┄┄┄┄┄┄┄┄┄┄┄┄┄┄┄┄┄┄┄┄┄┄┄┄┄┄┄┄┄┄┄┄┄┄┄┄┄┄┄┄┄┄┄┄┄┄┄┄┄┄┄┄┄┄┄┄┄┄┄┄┄┄┄┄┄┄┄┄┄┄┄┄┄┄┄┄┄┄┄
│ #0   AppLogger.preferences (package:filler/core/logging.dart:64:13)
│ #1   PreferencesRepository.save (package:filler/domain/repositories.dart:570:17)
│ #2   <asynchronous suspension>
│ #3   main.<anonymous closure>.<anonymous closure> (file:///Users/mr42/code/flutter/tmp/filler/test/domain/repositories_test.dart:124:7)
│ #4   <asynchronous suspension>
│ #5   Declarer.test.<anonymous closure>.<anonymous closure> (package:test_api/src/backend/declarer.dart:242:9)
│ #6   <asynchronous suspension>
│ #7   Declarer.test.<anonymous closure> (package:test_api/src/backend/declarer.dart:240:7)
├┄┄┄┄┄┄┄┄┄┄┄┄┄┄┄┄┄┄┄┄┄┄┄┄┄┄┄┄┄┄┄┄┄┄┄┄┄┄┄┄┄┄┄┄┄┄┄┄┄┄┄┄┄┄┄┄┄┄┄┄┄┄┄┄┄┄┄┄┄┄┄┄┄┄┄┄┄┄┄┄┄┄┄┄┄┄┄┄┄┄┄┄┄┄┄┄┄┄┄┄┄┄┄┄┄┄┄┄┄┄┄┄┄┄┄┄┄┄┄
│ 07:38:50.865 (+0:00:00.243199)
├┄┄┄┄┄┄┄┄┄┄┄┄┄┄┄┄┄┄┄┄┄┄┄┄┄┄┄┄┄┄┄┄┄┄┄┄┄┄┄┄┄┄┄┄┄┄┄┄┄┄┄┄┄┄┄┄┄┄┄┄┄┄┄┄┄┄┄┄┄┄┄┄┄┄┄┄┄┄┄┄┄┄┄┄┄┄┄┄┄┄┄┄┄┄┄┄┄┄┄┄┄┄┄┄┄┄┄┄┄┄┄┄┄┄┄┄┄┄┄
│ 🐛 ⚙️ Preferences: All preferences saved successfully
└───────────────────────────────────────────────────────────────────────────────────────────────────────────────────────
┌───────────────────────────────────────────────────────────────────────────────────────────────────────────────────────
│ {width: 25, height: 30, insets: 5, defaultPattern: 2, themeMode: 1}
├┄┄┄┄┄┄┄┄┄┄┄┄┄┄┄┄┄┄┄┄┄┄┄┄┄┄┄┄┄┄┄┄┄┄┄┄┄┄┄┄┄┄┄┄┄┄┄┄┄┄┄┄┄┄┄┄┄┄┄┄┄┄┄┄┄┄┄┄┄┄┄┄┄┄┄┄┄┄┄┄┄┄┄┄┄┄┄┄┄┄┄┄┄┄┄┄┄┄┄┄┄┄┄┄┄┄┄┄┄┄┄┄┄┄┄┄┄┄┄
│ #0   AppLogger.preferences (package:filler/core/logging.dart:64:13)
│ #1   PreferencesRepository.save (package:filler/domain/repositories.dart:541:15)
│ #2   main.<anonymous closure>.<anonymous closure> (file:///Users/mr42/code/flutter/tmp/filler/test/domain/repositories_test.dart:133:23)
│ #3   <asynchronous suspension>
│ #4   Declarer.test.<anonymous closure>.<anonymous closure> (package:test_api/src/backend/declarer.dart:242:9)
│ #5   <asynchronous suspension>
│ #6   Declarer.test.<anonymous closure> (package:test_api/src/backend/declarer.dart:240:7)
│ #7   <asynchronous suspension>
├┄┄┄┄┄┄┄┄┄┄┄┄┄┄┄┄┄┄┄┄┄┄┄┄┄┄┄┄┄┄┄┄┄┄┄┄┄┄┄┄┄┄┄┄┄┄┄┄┄┄┄┄┄┄┄┄┄┄┄┄┄┄┄┄┄┄┄┄┄┄┄┄┄┄┄┄┄┄┄┄┄┄┄┄┄┄┄┄┄┄┄┄┄┄┄┄┄┄┄┄┄┄┄┄┄┄┄┄┄┄┄┄┄┄┄┄┄┄┄
│ 07:38:50.866 (+0:00:00.244404)
├┄┄┄┄┄┄┄┄┄┄┄┄┄┄┄┄┄┄┄┄┄┄┄┄┄┄┄┄┄┄┄┄┄┄┄┄┄┄┄┄┄┄┄┄┄┄┄┄┄┄┄┄┄┄┄┄┄┄┄┄┄┄┄┄┄┄┄┄┄┄┄┄┄┄┄┄┄┄┄┄┄┄┄┄┄┄┄┄┄┄┄┄┄┄┄┄┄┄┄┄┄┄┄┄┄┄┄┄┄┄┄┄┄┄┄┄┄┄┄
│ 🐛 ⚙️ Preferences: Saving preferences to key-value store
└───────────────────────────────────────────────────────────────────────────────────────────────────────────────────────
┌───────────────────────────────────────────────────────────────────────────────────────────────────────────────────────
│ {key: width, value: 25, type: int}
├┄┄┄┄┄┄┄┄┄┄┄┄┄┄┄┄┄┄┄┄┄┄┄┄┄┄┄┄┄┄┄┄┄┄┄┄┄┄┄┄┄┄┄┄┄┄┄┄┄┄┄┄┄┄┄┄┄┄┄┄┄┄┄┄┄┄┄┄┄┄┄┄┄┄┄┄┄┄┄┄┄┄┄┄┄┄┄┄┄┄┄┄┄┄┄┄┄┄┄┄┄┄┄┄┄┄┄┄┄┄┄┄┄┄┄┄┄┄┄
│ #0   AppLogger.database (package:filler/core/logging.dart:49:13)
│ #1   AppDatabase.setPreferenceValue (package:filler/data/database.dart:301:15)
│ #2   PreferencesRepository.save (package:filler/domain/repositories.dart:557:13)
│ #3   main.<anonymous closure>.<anonymous closure> (file:///Users/mr42/code/flutter/tmp/filler/test/domain/repositories_test.dart:133:23)
│ #4   <asynchronous suspension>
│ #5   Declarer.test.<anonymous closure>.<anonymous closure> (package:test_api/src/backend/declarer.dart:242:9)
│ #6   <asynchronous suspension>
│ #7   Declarer.test.<anonymous closure> (package:test_api/src/backend/declarer.dart:240:7)
├┄┄┄┄┄┄┄┄┄┄┄┄┄┄┄┄┄┄┄┄┄┄┄┄┄┄┄┄┄┄┄┄┄┄┄┄┄┄┄┄┄┄┄┄┄┄┄┄┄┄┄┄┄┄┄┄┄┄┄┄┄┄┄┄┄┄┄┄┄┄┄┄┄┄┄┄┄┄┄┄┄┄┄┄┄┄┄┄┄┄┄┄┄┄┄┄┄┄┄┄┄┄┄┄┄┄┄┄┄┄┄┄┄┄┄┄┄┄┄
│ 07:38:50.867 (+0:00:00.245574)
├┄┄┄┄┄┄┄┄┄┄┄┄┄┄┄┄┄┄┄┄┄┄┄┄┄┄┄┄┄┄┄┄┄┄┄┄┄┄┄┄┄┄┄┄┄┄┄┄┄┄┄┄┄┄┄┄┄┄┄┄┄┄┄┄┄┄┄┄┄┄┄┄┄┄┄┄┄┄┄┄┄┄┄┄┄┄┄┄┄┄┄┄┄┄┄┄┄┄┄┄┄┄┄┄┄┄┄┄┄┄┄┄┄┄┄┄┄┄┄
│ 🐛 💾 Database: Setting preference value
└───────────────────────────────────────────────────────────────────────────────────────────────────────────────────────
┌───────────────────────────────────────────────────────────────────────────────────────────────────────────────────────
│ {key: height, value: 30, type: int}
├┄┄┄┄┄┄┄┄┄┄┄┄┄┄┄┄┄┄┄┄┄┄┄┄┄┄┄┄┄┄┄┄┄┄┄┄┄┄┄┄┄┄┄┄┄┄┄┄┄┄┄┄┄┄┄┄┄┄┄┄┄┄┄┄┄┄┄┄┄┄┄┄┄┄┄┄┄┄┄┄┄┄┄┄┄┄┄┄┄┄┄┄┄┄┄┄┄┄┄┄┄┄┄┄┄┄┄┄┄┄┄┄┄┄┄┄┄┄┄
│ #0   AppLogger.database (package:filler/core/logging.dart:49:13)
│ #1   AppDatabase.setPreferenceValue (package:filler/data/database.dart:301:15)
│ #2   PreferencesRepository.save (package:filler/domain/repositories.dart:558:13)
│ #3   main.<anonymous closure>.<anonymous closure> (file:///Users/mr42/code/flutter/tmp/filler/test/domain/repositories_test.dart:133:23)
│ #4   <asynchronous suspension>
│ #5   Declarer.test.<anonymous closure>.<anonymous closure> (package:test_api/src/backend/declarer.dart:242:9)
│ #6   <asynchronous suspension>
│ #7   Declarer.test.<anonymous closure> (package:test_api/src/backend/declarer.dart:240:7)
├┄┄┄┄┄┄┄┄┄┄┄┄┄┄┄┄┄┄┄┄┄┄┄┄┄┄┄┄┄┄┄┄┄┄┄┄┄┄┄┄┄┄┄┄┄┄┄┄┄┄┄┄┄┄┄┄┄┄┄┄┄┄┄┄┄┄┄┄┄┄┄┄┄┄┄┄┄┄┄┄┄┄┄┄┄┄┄┄┄┄┄┄┄┄┄┄┄┄┄┄┄┄┄┄┄┄┄┄┄┄┄┄┄┄┄┄┄┄┄
│ 07:38:50.869 (+0:00:00.246877)
├┄┄┄┄┄┄┄┄┄┄┄┄┄┄┄┄┄┄┄┄┄┄┄┄┄┄┄┄┄┄┄┄┄┄┄┄┄┄┄┄┄┄┄┄┄┄┄┄┄┄┄┄┄┄┄┄┄┄┄┄┄┄┄┄┄┄┄┄┄┄┄┄┄┄┄┄┄┄┄┄┄┄┄┄┄┄┄┄┄┄┄┄┄┄┄┄┄┄┄┄┄┄┄┄┄┄┄┄┄┄┄┄┄┄┄┄┄┄┄
│ 🐛 💾 Database: Setting preference value
└───────────────────────────────────────────────────────────────────────────────────────────────────────────────────────
┌───────────────────────────────────────────────────────────────────────────────────────────────────────────────────────
│ {key: insets, value: 5, type: int}
├┄┄┄┄┄┄┄┄┄┄┄┄┄┄┄┄┄┄┄┄┄┄┄┄┄┄┄┄┄┄┄┄┄┄┄┄┄┄┄┄┄┄┄┄┄┄┄┄┄┄┄┄┄┄┄┄┄┄┄┄┄┄┄┄┄┄┄┄┄┄┄┄┄┄┄┄┄┄┄┄┄┄┄┄┄┄┄┄┄┄┄┄┄┄┄┄┄┄┄┄┄┄┄┄┄┄┄┄┄┄┄┄┄┄┄┄┄┄┄
│ #0   AppLogger.database (package:filler/core/logging.dart:49:13)
│ #1   AppDatabase.setPreferenceValue (package:filler/data/database.dart:301:15)
│ #2   PreferencesRepository.save (package:filler/domain/repositories.dart:559:13)
│ #3   main.<anonymous closure>.<anonymous closure> (file:///Users/mr42/code/flutter/tmp/filler/test/domain/repositories_test.dart:133:23)
│ #4   <asynchronous suspension>
│ #5   Declarer.test.<anonymous closure>.<anonymous closure> (package:test_api/src/backend/declarer.dart:242:9)
│ #6   <asynchronous suspension>
│ #7   Declarer.test.<anonymous closure> (package:test_api/src/backend/declarer.dart:240:7)
├┄┄┄┄┄┄┄┄┄┄┄┄┄┄┄┄┄┄┄┄┄┄┄┄┄┄┄┄┄┄┄┄┄┄┄┄┄┄┄┄┄┄┄┄┄┄┄┄┄┄┄┄┄┄┄┄┄┄┄┄┄┄┄┄┄┄┄┄┄┄┄┄┄┄┄┄┄┄┄┄┄┄┄┄┄┄┄┄┄┄┄┄┄┄┄┄┄┄┄┄┄┄┄┄┄┄┄┄┄┄┄┄┄┄┄┄┄┄┄
│ 07:38:50.870 (+0:00:00.248209)
├┄┄┄┄┄┄┄┄┄┄┄┄┄┄┄┄┄┄┄┄┄┄┄┄┄┄┄┄┄┄┄┄┄┄┄┄┄┄┄┄┄┄┄┄┄┄┄┄┄┄┄┄┄┄┄┄┄┄┄┄┄┄┄┄┄┄┄┄┄┄┄┄┄┄┄┄┄┄┄┄┄┄┄┄┄┄┄┄┄┄┄┄┄┄┄┄┄┄┄┄┄┄┄┄┄┄┄┄┄┄┄┄┄┄┄┄┄┄┄
│ 🐛 💾 Database: Setting preference value
└───────────────────────────────────────────────────────────────────────────────────────────────────────────────────────
┌───────────────────────────────────────────────────────────────────────────────────────────────────────────────────────
│ {key: defaultPattern, value: 2, type: int}
├┄┄┄┄┄┄┄┄┄┄┄┄┄┄┄┄┄┄┄┄┄┄┄┄┄┄┄┄┄┄┄┄┄┄┄┄┄┄┄┄┄┄┄┄┄┄┄┄┄┄┄┄┄┄┄┄┄┄┄┄┄┄┄┄┄┄┄┄┄┄┄┄┄┄┄┄┄┄┄┄┄┄┄┄┄┄┄┄┄┄┄┄┄┄┄┄┄┄┄┄┄┄┄┄┄┄┄┄┄┄┄┄┄┄┄┄┄┄┄
│ #0   AppLogger.database (package:filler/core/logging.dart:49:13)
│ #1   AppDatabase.setPreferenceValue (package:filler/data/database.dart:301:15)
│ #2   PreferencesRepository.save (package:filler/domain/repositories.dart:560:13)
│ #3   main.<anonymous closure>.<anonymous closure> (file:///Users/mr42/code/flutter/tmp/filler/test/domain/repositories_test.dart:133:23)
│ #4   <asynchronous suspension>
│ #5   Declarer.test.<anonymous closure>.<anonymous closure> (package:test_api/src/backend/declarer.dart:242:9)
│ #6   <asynchronous suspension>
│ #7   Declarer.test.<anonymous closure> (package:test_api/src/backend/declarer.dart:240:7)
├┄┄┄┄┄┄┄┄┄┄┄┄┄┄┄┄┄┄┄┄┄┄┄┄┄┄┄┄┄┄┄┄┄┄┄┄┄┄┄┄┄┄┄┄┄┄┄┄┄┄┄┄┄┄┄┄┄┄┄┄┄┄┄┄┄┄┄┄┄┄┄┄┄┄┄┄┄┄┄┄┄┄┄┄┄┄┄┄┄┄┄┄┄┄┄┄┄┄┄┄┄┄┄┄┄┄┄┄┄┄┄┄┄┄┄┄┄┄┄
│ 07:38:50.871 (+0:00:00.249504)
├┄┄┄┄┄┄┄┄┄┄┄┄┄┄┄┄┄┄┄┄┄┄┄┄┄┄┄┄┄┄┄┄┄┄┄┄┄┄┄┄┄┄┄┄┄┄┄┄┄┄┄┄┄┄┄┄┄┄┄┄┄┄┄┄┄┄┄┄┄┄┄┄┄┄┄┄┄┄┄┄┄┄┄┄┄┄┄┄┄┄┄┄┄┄┄┄┄┄┄┄┄┄┄┄┄┄┄┄┄┄┄┄┄┄┄┄┄┄┄
│ 🐛 💾 Database: Setting preference value
└───────────────────────────────────────────────────────────────────────────────────────────────────────────────────────
┌───────────────────────────────────────────────────────────────────────────────────────────────────────────────────────
│ {key: themeMode, value: 1, type: int}
├┄┄┄┄┄┄┄┄┄┄┄┄┄┄┄┄┄┄┄┄┄┄┄┄┄┄┄┄┄┄┄┄┄┄┄┄┄┄┄┄┄┄┄┄┄┄┄┄┄┄┄┄┄┄┄┄┄┄┄┄┄┄┄┄┄┄┄┄┄┄┄┄┄┄┄┄┄┄┄┄┄┄┄┄┄┄┄┄┄┄┄┄┄┄┄┄┄┄┄┄┄┄┄┄┄┄┄┄┄┄┄┄┄┄┄┄┄┄┄
│ #0   AppLogger.database (package:filler/core/logging.dart:49:13)
│ #1   AppDatabase.setPreferenceValue (package:filler/data/database.dart:301:15)
│ #2   PreferencesRepository.save (package:filler/domain/repositories.dart:565:13)
│ #3   main.<anonymous closure>.<anonymous closure> (file:///Users/mr42/code/flutter/tmp/filler/test/domain/repositories_test.dart:133:23)
│ #4   <asynchronous suspension>
│ #5   Declarer.test.<anonymous closure>.<anonymous closure> (package:test_api/src/backend/declarer.dart:242:9)
│ #6   <asynchronous suspension>
│ #7   Declarer.test.<anonymous closure> (package:test_api/src/backend/declarer.dart:240:7)
├┄┄┄┄┄┄┄┄┄┄┄┄┄┄┄┄┄┄┄┄┄┄┄┄┄┄┄┄┄┄┄┄┄┄┄┄┄┄┄┄┄┄┄┄┄┄┄┄┄┄┄┄┄┄┄┄┄┄┄┄┄┄┄┄┄┄┄┄┄┄┄┄┄┄┄┄┄┄┄┄┄┄┄┄┄┄┄┄┄┄┄┄┄┄┄┄┄┄┄┄┄┄┄┄┄┄┄┄┄┄┄┄┄┄┄┄┄┄┄
│ 07:38:50.872 (+0:00:00.250647)
├┄┄┄┄┄┄┄┄┄┄┄┄┄┄┄┄┄┄┄┄┄┄┄┄┄┄┄┄┄┄┄┄┄┄┄┄┄┄┄┄┄┄┄┄┄┄┄┄┄┄┄┄┄┄┄┄┄┄┄┄┄┄┄┄┄┄┄┄┄┄┄┄┄┄┄┄┄┄┄┄┄┄┄┄┄┄┄┄┄┄┄┄┄┄┄┄┄┄┄┄┄┄┄┄┄┄┄┄┄┄┄┄┄┄┄┄┄┄┄
│ 🐛 💾 Database: Setting preference value
└───────────────────────────────────────────────────────────────────────────────────────────────────────────────────────
┌───────────────────────────────────────────────────────────────────────────────────────────────────────────────────────
│ {key: width, value: 25}
├┄┄┄┄┄┄┄┄┄┄┄┄┄┄┄┄┄┄┄┄┄┄┄┄┄┄┄┄┄┄┄┄┄┄┄┄┄┄┄┄┄┄┄┄┄┄┄┄┄┄┄┄┄┄┄┄┄┄┄┄┄┄┄┄┄┄┄┄┄┄┄┄┄┄┄┄┄┄┄┄┄┄┄┄┄┄┄┄┄┄┄┄┄┄┄┄┄┄┄┄┄┄┄┄┄┄┄┄┄┄┄┄┄┄┄┄┄┄┄
│ #0   AppLogger.database (package:filler/core/logging.dart:49:13)
│ #1   AppDatabase.setPreferenceValue (package:filler/data/database.dart:337:17)
│ #2   <asynchronous suspension>
│ #3   Future.wait.<anonymous closure> (dart:async/future.dart:525:21)
│ #4   <asynchronous suspension>
│ #5   PreferencesRepository.save (package:filler/domain/repositories.dart:556:7)
│ #6   <asynchronous suspension>
│ #7   main.<anonymous closure>.<anonymous closure> (file:///Users/mr42/code/flutter/tmp/filler/test/domain/repositories_test.dart:133:7)
├┄┄┄┄┄┄┄┄┄┄┄┄┄┄┄┄┄┄┄┄┄┄┄┄┄┄┄┄┄┄┄┄┄┄┄┄┄┄┄┄┄┄┄┄┄┄┄┄┄┄┄┄┄┄┄┄┄┄┄┄┄┄┄┄┄┄┄┄┄┄┄┄┄┄┄┄┄┄┄┄┄┄┄┄┄┄┄┄┄┄┄┄┄┄┄┄┄┄┄┄┄┄┄┄┄┄┄┄┄┄┄┄┄┄┄┄┄┄┄
│ 07:38:50.876 (+0:00:00.254180)
├┄┄┄┄┄┄┄┄┄┄┄┄┄┄┄┄┄┄┄┄┄┄┄┄┄┄┄┄┄┄┄┄┄┄┄┄┄┄┄┄┄┄┄┄┄┄┄┄┄┄┄┄┄┄┄┄┄┄┄┄┄┄┄┄┄┄┄┄┄┄┄┄┄┄┄┄┄┄┄┄┄┄┄┄┄┄┄┄┄┄┄┄┄┄┄┄┄┄┄┄┄┄┄┄┄┄┄┄┄┄┄┄┄┄┄┄┄┄┄
│ 🐛 💾 Database: Preference value saved
└───────────────────────────────────────────────────────────────────────────────────────────────────────────────────────
┌───────────────────────────────────────────────────────────────────────────────────────────────────────────────────────
│ {key: height, value: 30}
├┄┄┄┄┄┄┄┄┄┄┄┄┄┄┄┄┄┄┄┄┄┄┄┄┄┄┄┄┄┄┄┄┄┄┄┄┄┄┄┄┄┄┄┄┄┄┄┄┄┄┄┄┄┄┄┄┄┄┄┄┄┄┄┄┄┄┄┄┄┄┄┄┄┄┄┄┄┄┄┄┄┄┄┄┄┄┄┄┄┄┄┄┄┄┄┄┄┄┄┄┄┄┄┄┄┄┄┄┄┄┄┄┄┄┄┄┄┄┄
│ #0   AppLogger.database (package:filler/core/logging.dart:49:13)
│ #1   AppDatabase.setPreferenceValue (package:filler/data/database.dart:337:17)
│ #2   <asynchronous suspension>
│ #3   Future.wait.<anonymous closure> (dart:async/future.dart:525:21)
│ #4   <asynchronous suspension>
│ #5   PreferencesRepository.save (package:filler/domain/repositories.dart:556:7)
│ #6   <asynchronous suspension>
│ #7   main.<anonymous closure>.<anonymous closure> (file:///Users/mr42/code/flutter/tmp/filler/test/domain/repositories_test.dart:133:7)
├┄┄┄┄┄┄┄┄┄┄┄┄┄┄┄┄┄┄┄┄┄┄┄┄┄┄┄┄┄┄┄┄┄┄┄┄┄┄┄┄┄┄┄┄┄┄┄┄┄┄┄┄┄┄┄┄┄┄┄┄┄┄┄┄┄┄┄┄┄┄┄┄┄┄┄┄┄┄┄┄┄┄┄┄┄┄┄┄┄┄┄┄┄┄┄┄┄┄┄┄┄┄┄┄┄┄┄┄┄┄┄┄┄┄┄┄┄┄┄
│ 07:38:50.877 (+0:00:00.255521)
├┄┄┄┄┄┄┄┄┄┄┄┄┄┄┄┄┄┄┄┄┄┄┄┄┄┄┄┄┄┄┄┄┄┄┄┄┄┄┄┄┄┄┄┄┄┄┄┄┄┄┄┄┄┄┄┄┄┄┄┄┄┄┄┄┄┄┄┄┄┄┄┄┄┄┄┄┄┄┄┄┄┄┄┄┄┄┄┄┄┄┄┄┄┄┄┄┄┄┄┄┄┄┄┄┄┄┄┄┄┄┄┄┄┄┄┄┄┄┄
│ 🐛 💾 Database: Preference value saved
└───────────────────────────────────────────────────────────────────────────────────────────────────────────────────────
┌───────────────────────────────────────────────────────────────────────────────────────────────────────────────────────
│ {key: insets, value: 5}
├┄┄┄┄┄┄┄┄┄┄┄┄┄┄┄┄┄┄┄┄┄┄┄┄┄┄┄┄┄┄┄┄┄┄┄┄┄┄┄┄┄┄┄┄┄┄┄┄┄┄┄┄┄┄┄┄┄┄┄┄┄┄┄┄┄┄┄┄┄┄┄┄┄┄┄┄┄┄┄┄┄┄┄┄┄┄┄┄┄┄┄┄┄┄┄┄┄┄┄┄┄┄┄┄┄┄┄┄┄┄┄┄┄┄┄┄┄┄┄
│ #0   AppLogger.database (package:filler/core/logging.dart:49:13)
│ #1   AppDatabase.setPreferenceValue (package:filler/data/database.dart:337:17)
│ #2   <asynchronous suspension>
│ #3   Future.wait.<anonymous closure> (dart:async/future.dart:525:21)
│ #4   <asynchronous suspension>
│ #5   PreferencesRepository.save (package:filler/domain/repositories.dart:556:7)
│ #6   <asynchronous suspension>
│ #7   main.<anonymous closure>.<anonymous closure> (file:///Users/mr42/code/flutter/tmp/filler/test/domain/repositories_test.dart:133:7)
├┄┄┄┄┄┄┄┄┄┄┄┄┄┄┄┄┄┄┄┄┄┄┄┄┄┄┄┄┄┄┄┄┄┄┄┄┄┄┄┄┄┄┄┄┄┄┄┄┄┄┄┄┄┄┄┄┄┄┄┄┄┄┄┄┄┄┄┄┄┄┄┄┄┄┄┄┄┄┄┄┄┄┄┄┄┄┄┄┄┄┄┄┄┄┄┄┄┄┄┄┄┄┄┄┄┄┄┄┄┄┄┄┄┄┄┄┄┄┄
│ 07:38:50.878 (+0:00:00.256763)
├┄┄┄┄┄┄┄┄┄┄┄┄┄┄┄┄┄┄┄┄┄┄┄┄┄┄┄┄┄┄┄┄┄┄┄┄┄┄┄┄┄┄┄┄┄┄┄┄┄┄┄┄┄┄┄┄┄┄┄┄┄┄┄┄┄┄┄┄┄┄┄┄┄┄┄┄┄┄┄┄┄┄┄┄┄┄┄┄┄┄┄┄┄┄┄┄┄┄┄┄┄┄┄┄┄┄┄┄┄┄┄┄┄┄┄┄┄┄┄
│ 🐛 💾 Database: Preference value saved
└───────────────────────────────────────────────────────────────────────────────────────────────────────────────────────
┌───────────────────────────────────────────────────────────────────────────────────────────────────────────────────────
│ {key: defaultPattern, value: 2}
├┄┄┄┄┄┄┄┄┄┄┄┄┄┄┄┄┄┄┄┄┄┄┄┄┄┄┄┄┄┄┄┄┄┄┄┄┄┄┄┄┄┄┄┄┄┄┄┄┄┄┄┄┄┄┄┄┄┄┄┄┄┄┄┄┄┄┄┄┄┄┄┄┄┄┄┄┄┄┄┄┄┄┄┄┄┄┄┄┄┄┄┄┄┄┄┄┄┄┄┄┄┄┄┄┄┄┄┄┄┄┄┄┄┄┄┄┄┄┄
│ #0   AppLogger.database (package:filler/core/logging.dart:49:13)
│ #1   AppDatabase.setPreferenceValue (package:filler/data/database.dart:337:17)
│ #2   <asynchronous suspension>
│ #3   Future.wait.<anonymous closure> (dart:async/future.dart:525:21)
│ #4   <asynchronous suspension>
│ #5   PreferencesRepository.save (package:filler/domain/repositories.dart:556:7)
│ #6   <asynchronous suspension>
│ #7   main.<anonymous closure>.<anonymous closure> (file:///Users/mr42/code/flutter/tmp/filler/test/domain/repositories_test.dart:133:7)
├┄┄┄┄┄┄┄┄┄┄┄┄┄┄┄┄┄┄┄┄┄┄┄┄┄┄┄┄┄┄┄┄┄┄┄┄┄┄┄┄┄┄┄┄┄┄┄┄┄┄┄┄┄┄┄┄┄┄┄┄┄┄┄┄┄┄┄┄┄┄┄┄┄┄┄┄┄┄┄┄┄┄┄┄┄┄┄┄┄┄┄┄┄┄┄┄┄┄┄┄┄┄┄┄┄┄┄┄┄┄┄┄┄┄┄┄┄┄┄
│ 07:38:50.880 (+0:00:00.257942)
├┄┄┄┄┄┄┄┄┄┄┄┄┄┄┄┄┄┄┄┄┄┄┄┄┄┄┄┄┄┄┄┄┄┄┄┄┄┄┄┄┄┄┄┄┄┄┄┄┄┄┄┄┄┄┄┄┄┄┄┄┄┄┄┄┄┄┄┄┄┄┄┄┄┄┄┄┄┄┄┄┄┄┄┄┄┄┄┄┄┄┄┄┄┄┄┄┄┄┄┄┄┄┄┄┄┄┄┄┄┄┄┄┄┄┄┄┄┄┄
│ 🐛 💾 Database: Preference value saved
└───────────────────────────────────────────────────────────────────────────────────────────────────────────────────────
┌───────────────────────────────────────────────────────────────────────────────────────────────────────────────────────
│ {key: themeMode, value: 1}
├┄┄┄┄┄┄┄┄┄┄┄┄┄┄┄┄┄┄┄┄┄┄┄┄┄┄┄┄┄┄┄┄┄┄┄┄┄┄┄┄┄┄┄┄┄┄┄┄┄┄┄┄┄┄┄┄┄┄┄┄┄┄┄┄┄┄┄┄┄┄┄┄┄┄┄┄┄┄┄┄┄┄┄┄┄┄┄┄┄┄┄┄┄┄┄┄┄┄┄┄┄┄┄┄┄┄┄┄┄┄┄┄┄┄┄┄┄┄┄
│ #0   AppLogger.database (package:filler/core/logging.dart:49:13)
│ #1   AppDatabase.setPreferenceValue (package:filler/data/database.dart:337:17)
│ #2   <asynchronous suspension>
│ #3   Future.wait.<anonymous closure> (dart:async/future.dart:525:21)
│ #4   <asynchronous suspension>
│ #5   PreferencesRepository.save (package:filler/domain/repositories.dart:556:7)
│ #6   <asynchronous suspension>
│ #7   main.<anonymous closure>.<anonymous closure> (file:///Users/mr42/code/flutter/tmp/filler/test/domain/repositories_test.dart:133:7)
├┄┄┄┄┄┄┄┄┄┄┄┄┄┄┄┄┄┄┄┄┄┄┄┄┄┄┄┄┄┄┄┄┄┄┄┄┄┄┄┄┄┄┄┄┄┄┄┄┄┄┄┄┄┄┄┄┄┄┄┄┄┄┄┄┄┄┄┄┄┄┄┄┄┄┄┄┄┄┄┄┄┄┄┄┄┄┄┄┄┄┄┄┄┄┄┄┄┄┄┄┄┄┄┄┄┄┄┄┄┄┄┄┄┄┄┄┄┄┄
│ 07:38:50.881 (+0:00:00.259112)
├┄┄┄┄┄┄┄┄┄┄┄┄┄┄┄┄┄┄┄┄┄┄┄┄┄┄┄┄┄┄┄┄┄┄┄┄┄┄┄┄┄┄┄┄┄┄┄┄┄┄┄┄┄┄┄┄┄┄┄┄┄┄┄┄┄┄┄┄┄┄┄┄┄┄┄┄┄┄┄┄┄┄┄┄┄┄┄┄┄┄┄┄┄┄┄┄┄┄┄┄┄┄┄┄┄┄┄┄┄┄┄┄┄┄┄┄┄┄┄
│ 🐛 💾 Database: Preference value saved
└───────────────────────────────────────────────────────────────────────────────────────────────────────────────────────
┌───────────────────────────────────────────────────────────────────────────────────────────────────────────────────────
│ {saveTime: 14ms, keysUpdated: [width, height, insets, defaultPattern, themeMode]}
├┄┄┄┄┄┄┄┄┄┄┄┄┄┄┄┄┄┄┄┄┄┄┄┄┄┄┄┄┄┄┄┄┄┄┄┄┄┄┄┄┄┄┄┄┄┄┄┄┄┄┄┄┄┄┄┄┄┄┄┄┄┄┄┄┄┄┄┄┄┄┄┄┄┄┄┄┄┄┄┄┄┄┄┄┄┄┄┄┄┄┄┄┄┄┄┄┄┄┄┄┄┄┄┄┄┄┄┄┄┄┄┄┄┄┄┄┄┄┄
│ #0   AppLogger.preferences (package:filler/core/logging.dart:64:13)
│ #1   PreferencesRepository.save (package:filler/domain/repositories.dart:570:17)
│ #2   <asynchronous suspension>
│ #3   main.<anonymous closure>.<anonymous closure> (file:///Users/mr42/code/flutter/tmp/filler/test/domain/repositories_test.dart:133:7)
│ #4   <asynchronous suspension>
│ #5   Declarer.test.<anonymous closure>.<anonymous closure> (package:test_api/src/backend/declarer.dart:242:9)
│ #6   <asynchronous suspension>
│ #7   Declarer.test.<anonymous closure> (package:test_api/src/backend/declarer.dart:240:7)
├┄┄┄┄┄┄┄┄┄┄┄┄┄┄┄┄┄┄┄┄┄┄┄┄┄┄┄┄┄┄┄┄┄┄┄┄┄┄┄┄┄┄┄┄┄┄┄┄┄┄┄┄┄┄┄┄┄┄┄┄┄┄┄┄┄┄┄┄┄┄┄┄┄┄┄┄┄┄┄┄┄┄┄┄┄┄┄┄┄┄┄┄┄┄┄┄┄┄┄┄┄┄┄┄┄┄┄┄┄┄┄┄┄┄┄┄┄┄┄
│ 07:38:50.882 (+0:00:00.260316)
├┄┄┄┄┄┄┄┄┄┄┄┄┄┄┄┄┄┄┄┄┄┄┄┄┄┄┄┄┄┄┄┄┄┄┄┄┄┄┄┄┄┄┄┄┄┄┄┄┄┄┄┄┄┄┄┄┄┄┄┄┄┄┄┄┄┄┄┄┄┄┄┄┄┄┄┄┄┄┄┄┄┄┄┄┄┄┄┄┄┄┄┄┄┄┄┄┄┄┄┄┄┄┄┄┄┄┄┄┄┄┄┄┄┄┄┄┄┄┄
│ 🐛 ⚙️ Preferences: All preferences saved successfully
└───────────────────────────────────────────────────────────────────────────────────────────────────────────────────────
┌───────────────────────────────────────────────────────────────────────────────────────────────────────────────────────
│ #0   AppLogger.preferences (package:filler/core/logging.dart:64:13)
│ #1   PreferencesRepository.get (package:filler/domain/repositories.dart:423:15)
├┄┄┄┄┄┄┄┄┄┄┄┄┄┄┄┄┄┄┄┄┄┄┄┄┄┄┄┄┄┄┄┄┄┄┄┄┄┄┄┄┄┄┄┄┄┄┄┄┄┄┄┄┄┄┄┄┄┄┄┄┄┄┄┄┄┄┄┄┄┄┄┄┄┄┄┄┄┄┄┄┄┄┄┄┄┄┄┄┄┄┄┄┄┄┄┄┄┄┄┄┄┄┄┄┄┄┄┄┄┄┄┄┄┄┄┄┄┄┄
│ 07:38:50.883 (+0:00:00.261486)
├┄┄┄┄┄┄┄┄┄┄┄┄┄┄┄┄┄┄┄┄┄┄┄┄┄┄┄┄┄┄┄┄┄┄┄┄┄┄┄┄┄┄┄┄┄┄┄┄┄┄┄┄┄┄┄┄┄┄┄┄┄┄┄┄┄┄┄┄┄┄┄┄┄┄┄┄┄┄┄┄┄┄┄┄┄┄┄┄┄┄┄┄┄┄┄┄┄┄┄┄┄┄┄┄┄┄┄┄┄┄┄┄┄┄┄┄┄┄┄
│ 🐛 ⚙️ Preferences: Fetching preferences from key-value store
└───────────────────────────────────────────────────────────────────────────────────────────────────────────────────────
┌───────────────────────────────────────────────────────────────────────────────────────────────────────────────────────
│ #0   AppLogger.database (package:filler/core/logging.dart:49:13)
│ #1   AppDatabase.getAllPreferences (package:filler/data/database.dart:354:15)
├┄┄┄┄┄┄┄┄┄┄┄┄┄┄┄┄┄┄┄┄┄┄┄┄┄┄┄┄┄┄┄┄┄┄┄┄┄┄┄┄┄┄┄┄┄┄┄┄┄┄┄┄┄┄┄┄┄┄┄┄┄┄┄┄┄┄┄┄┄┄┄┄┄┄┄┄┄┄┄┄┄┄┄┄┄┄┄┄┄┄┄┄┄┄┄┄┄┄┄┄┄┄┄┄┄┄┄┄┄┄┄┄┄┄┄┄┄┄┄
│ 07:38:50.884 (+0:00:00.262074)
├┄┄┄┄┄┄┄┄┄┄┄┄┄┄┄┄┄┄┄┄┄┄┄┄┄┄┄┄┄┄┄┄┄┄┄┄┄┄┄┄┄┄┄┄┄┄┄┄┄┄┄┄┄┄┄┄┄┄┄┄┄┄┄┄┄┄┄┄┄┄┄┄┄┄┄┄┄┄┄┄┄┄┄┄┄┄┄┄┄┄┄┄┄┄┄┄┄┄┄┄┄┄┄┄┄┄┄┄┄┄┄┄┄┄┄┄┄┄┄
│ 🐛 💾 Database: Fetching all preferences
└───────────────────────────────────────────────────────────────────────────────────────────────────────────────────────
┌───────────────────────────────────────────────────────────────────────────────────────────────────────────────────────
│ {count: 5, keys: [width, height, insets, defaultPattern, themeMode]}
├┄┄┄┄┄┄┄┄┄┄┄┄┄┄┄┄┄┄┄┄┄┄┄┄┄┄┄┄┄┄┄┄┄┄┄┄┄┄┄┄┄┄┄┄┄┄┄┄┄┄┄┄┄┄┄┄┄┄┄┄┄┄┄┄┄┄┄┄┄┄┄┄┄┄┄┄┄┄┄┄┄┄┄┄┄┄┄┄┄┄┄┄┄┄┄┄┄┄┄┄┄┄┄┄┄┄┄┄┄┄┄┄┄┄┄┄┄┄┄
│ #0   AppLogger.database (package:filler/core/logging.dart:49:13)
│ #1   AppDatabase.getAllPreferences (package:filler/data/database.dart:364:17)
│ #2   <asynchronous suspension>
│ #3   PreferencesRepository.get (package:filler/domain/repositories.dart:427:24)
│ #4   <asynchronous suspension>
│ #5   main.<anonymous closure>.<anonymous closure> (file:///Users/mr42/code/flutter/tmp/filler/test/domain/repositories_test.dart:142:27)
│ #6   <asynchronous suspension>
│ #7   Declarer.test.<anonymous closure>.<anonymous closure> (package:test_api/src/backend/declarer.dart:242:9)
├┄┄┄┄┄┄┄┄┄┄┄┄┄┄┄┄┄┄┄┄┄┄┄┄┄┄┄┄┄┄┄┄┄┄┄┄┄┄┄┄┄┄┄┄┄┄┄┄┄┄┄┄┄┄┄┄┄┄┄┄┄┄┄┄┄┄┄┄┄┄┄┄┄┄┄┄┄┄┄┄┄┄┄┄┄┄┄┄┄┄┄┄┄┄┄┄┄┄┄┄┄┄┄┄┄┄┄┄┄┄┄┄┄┄┄┄┄┄┄
│ 07:38:50.884 (+0:00:00.262830)
├┄┄┄┄┄┄┄┄┄┄┄┄┄┄┄┄┄┄┄┄┄┄┄┄┄┄┄┄┄┄┄┄┄┄┄┄┄┄┄┄┄┄┄┄┄┄┄┄┄┄┄┄┄┄┄┄┄┄┄┄┄┄┄┄┄┄┄┄┄┄┄┄┄┄┄┄┄┄┄┄┄┄┄┄┄┄┄┄┄┄┄┄┄┄┄┄┄┄┄┄┄┄┄┄┄┄┄┄┄┄┄┄┄┄┄┄┄┄┄
│ 🐛 💾 Database: Retrieved all preferences
└───────────────────────────────────────────────────────────────────────────────────────────────────────────────────────
┌───────────────────────────────────────────────────────────────────────────────────────────────────────────────────────
│ {width: 25, height: 30, insets: 5, defaultPattern: 2, themeMode: 1, fetchTime: 1ms, keysFromDb: 5}
├┄┄┄┄┄┄┄┄┄┄┄┄┄┄┄┄┄┄┄┄┄┄┄┄┄┄┄┄┄┄┄┄┄┄┄┄┄┄┄┄┄┄┄┄┄┄┄┄┄┄┄┄┄┄┄┄┄┄┄┄┄┄┄┄┄┄┄┄┄┄┄┄┄┄┄┄┄┄┄┄┄┄┄┄┄┄┄┄┄┄┄┄┄┄┄┄┄┄┄┄┄┄┄┄┄┄┄┄┄┄┄┄┄┄┄┄┄┄┄
│ #0   AppLogger.preferences (package:filler/core/logging.dart:64:13)
│ #1   PreferencesRepository.get (package:filler/domain/repositories.dart:464:17)
│ #2   <asynchronous suspension>
│ #3   main.<anonymous closure>.<anonymous closure> (file:///Users/mr42/code/flutter/tmp/filler/test/domain/repositories_test.dart:142:27)
│ #4   <asynchronous suspension>
│ #5   Declarer.test.<anonymous closure>.<anonymous closure> (package:test_api/src/backend/declarer.dart:242:9)
│ #6   <asynchronous suspension>
│ #7   Declarer.test.<anonymous closure> (package:test_api/src/backend/declarer.dart:240:7)
├┄┄┄┄┄┄┄┄┄┄┄┄┄┄┄┄┄┄┄┄┄┄┄┄┄┄┄┄┄┄┄┄┄┄┄┄┄┄┄┄┄┄┄┄┄┄┄┄┄┄┄┄┄┄┄┄┄┄┄┄┄┄┄┄┄┄┄┄┄┄┄┄┄┄┄┄┄┄┄┄┄┄┄┄┄┄┄┄┄┄┄┄┄┄┄┄┄┄┄┄┄┄┄┄┄┄┄┄┄┄┄┄┄┄┄┄┄┄┄
│ 07:38:50.886 (+0:00:00.263977)
├┄┄┄┄┄┄┄┄┄┄┄┄┄┄┄┄┄┄┄┄┄┄┄┄┄┄┄┄┄┄┄┄┄┄┄┄┄┄┄┄┄┄┄┄┄┄┄┄┄┄┄┄┄┄┄┄┄┄┄┄┄┄┄┄┄┄┄┄┄┄┄┄┄┄┄┄┄┄┄┄┄┄┄┄┄┄┄┄┄┄┄┄┄┄┄┄┄┄┄┄┄┄┄┄┄┄┄┄┄┄┄┄┄┄┄┄┄┄┄
│ 🐛 ⚙️ Preferences: Constructed preferences model
└───────────────────────────────────────────────────────────────────────────────────────────────────────────────────────
┌───────────────────────────────────────────────────────────────────────────────────────────────────────────────────────
│ #0   TestHelpers.cleanup (file:///Users/mr42/code/flutter/tmp/filler/test/helpers/test_helpers.dart:152:24)
│ #1   main.<anonymous closure> (file:///Users/mr42/code/flutter/tmp/filler/test/domain/repositories_test.dart:21:23)
├┄┄┄┄┄┄┄┄┄┄┄┄┄┄┄┄┄┄┄┄┄┄┄┄┄┄┄┄┄┄┄┄┄┄┄┄┄┄┄┄┄┄┄┄┄┄┄┄┄┄┄┄┄┄┄┄┄┄┄┄┄┄┄┄┄┄┄┄┄┄┄┄┄┄┄┄┄┄┄┄┄┄┄┄┄┄┄┄┄┄┄┄┄┄┄┄┄┄┄┄┄┄┄┄┄┄┄┄┄┄┄┄┄┄┄┄┄┄┄
│ 07:38:50.887 (+0:00:00.265285)
├┄┄┄┄┄┄┄┄┄┄┄┄┄┄┄┄┄┄┄┄┄┄┄┄┄┄┄┄┄┄┄┄┄┄┄┄┄┄┄┄┄┄┄┄┄┄┄┄┄┄┄┄┄┄┄┄┄┄┄┄┄┄┄┄┄┄┄┄┄┄┄┄┄┄┄┄┄┄┄┄┄┄┄┄┄┄┄┄┄┄┄┄┄┄┄┄┄┄┄┄┄┄┄┄┄┄┄┄┄┄┄┄┄┄┄┄┄┄┄
│ 🐛 🧹 Cleaning up test environment
└───────────────────────────────────────────────────────────────────────────────────────────────────────────────────────
┌───────────────────────────────────────────────────────────────────────────────────────────────────────────────────────
│ #0   TestHelpers.cleanup (file:///Users/mr42/code/flutter/tmp/filler/test/helpers/test_helpers.dart:166:26)
│ #1   main.<anonymous closure> (file:///Users/mr42/code/flutter/tmp/filler/test/domain/repositories_test.dart:21:23)
├┄┄┄┄┄┄┄┄┄┄┄┄┄┄┄┄┄┄┄┄┄┄┄┄┄┄┄┄┄┄┄┄┄┄┄┄┄┄┄┄┄┄┄┄┄┄┄┄┄┄┄┄┄┄┄┄┄┄┄┄┄┄┄┄┄┄┄┄┄┄┄┄┄┄┄┄┄┄┄┄┄┄┄┄┄┄┄┄┄┄┄┄┄┄┄┄┄┄┄┄┄┄┄┄┄┄┄┄┄┄┄┄┄┄┄┄┄┄┄
│ 07:38:50.889 (+0:00:00.267783)
├┄┄┄┄┄┄┄┄┄┄┄┄┄┄┄┄┄┄┄┄┄┄┄┄┄┄┄┄┄┄┄┄┄┄┄┄┄┄┄┄┄┄┄┄┄┄┄┄┄┄┄┄┄┄┄┄┄┄┄┄┄┄┄┄┄┄┄┄┄┄┄┄┄┄┄┄┄┄┄┄┄┄┄┄┄┄┄┄┄┄┄┄┄┄┄┄┄┄┄┄┄┄┄┄┄┄┄┄┄┄┄┄┄┄┄┄┄┄┄
│ 🐛 ✅ Test cleanup completed
└───────────────────────────────────────────────────────────────────────────────────────────────────────────────────────

00:04 +63 -2: /Users/mr42/code/flutter/tmp/filler/test/integration/page_state_transitions_test.dart: BLoC State Transitions - All Pages Canvas BLoC - Paint State Transitions                          
00:04 +63 -2: /Users/mr42/code/flutter/tmp/filler/test/domain/repositories_test.dart: PreferencesRepository should handle individual preference updates                                                
┌───────────────────────────────────────────────────────────────────────────────────────────────────────────────────────
│ #0   TestHelpers.createTestDatabase (file:///Users/mr42/code/flutter/tmp/filler/test/helpers/test_helpers.dart:30:24)
│ #1   main.<anonymous closure> (file:///Users/mr42/code/flutter/tmp/filler/test/domain/repositories_test.dart:15:28)
├┄┄┄┄┄┄┄┄┄┄┄┄┄┄┄┄┄┄┄┄┄┄┄┄┄┄┄┄┄┄┄┄┄┄┄┄┄┄┄┄┄┄┄┄┄┄┄┄┄┄┄┄┄┄┄┄┄┄┄┄┄┄┄┄┄┄┄┄┄┄┄┄┄┄┄┄┄┄┄┄┄┄┄┄┄┄┄┄┄┄┄┄┄┄┄┄┄┄┄┄┄┄┄┄┄┄┄┄┄┄┄┄┄┄┄┄┄┄┄
│ 07:38:50.891 (+0:00:00.269349)
├┄┄┄┄┄┄┄┄┄┄┄┄┄┄┄┄┄┄┄┄┄┄┄┄┄┄┄┄┄┄┄┄┄┄┄┄┄┄┄┄┄┄┄┄┄┄┄┄┄┄┄┄┄┄┄┄┄┄┄┄┄┄┄┄┄┄┄┄┄┄┄┄┄┄┄┄┄┄┄┄┄┄┄┄┄┄┄┄┄┄┄┄┄┄┄┄┄┄┄┄┄┄┄┄┄┄┄┄┄┄┄┄┄┄┄┄┄┄┄
│ 🐛 🗄️ Creating test database
└───────────────────────────────────────────────────────────────────────────────────────────────────────────────────────
WARNING (drift): It looks like you've created the database class AppDatabase multiple times. When these two databases use the same QueryExecutor, race conditions will occur and might corrupt the database. 
Try to follow the advice at https://drift.simonbinder.eu/faq/#using-the-database or, if you know what you're doing, set driftRuntimeOptions.dontWarnAboutMultipleDatabases = true
Here is the stacktrace from when the database was opened a second time:
#0      GeneratedDatabase._handleInstantiated (package:drift/src/runtime/api/db_base.dart:96:30)
#1      GeneratedDatabase._whenConstructed (package:drift/src/runtime/api/db_base.dart:73:12)
#2      new GeneratedDatabase (package:drift/src/runtime/api/db_base.dart:64:5)
#3      new _$AppDatabase (package:filler/data/database.g.dart:991:36)
#4      new AppDatabase.test (package:filler/data/database.dart:90:24)
#5      TestHelpers.createTestDatabase (file:///Users/mr42/code/flutter/tmp/filler/test/helpers/test_helpers.dart:31:24)
#6      main.<anonymous closure> (file:///Users/mr42/code/flutter/tmp/filler/test/domain/repositories_test.dart:15:28)
#7      Declarer._runSetUps.<anonymous closure> (package:test_api/src/backend/declarer.dart:403:61)
#8      Future.forEach.<anonymous closure> (dart:async/future.dart:653:26)
#9      Future.doWhile.<anonymous closure> (dart:async/future.dart:710:26)
#10     StackZoneSpecification._registerUnaryCallback.<anonymous closure>.<anonymous closure> (package:stack_trace/src/stack_zone_specification.dart:127:36)
#11     StackZoneSpecification._run (package:stack_trace/src/stack_zone_specification.dart:207:15)
#12     StackZoneSpecification._registerUnaryCallback.<anonymous closure> (package:stack_trace/src/stack_zone_specification.dart:127:24)
#13     _rootRunUnary (dart:async/zone.dart:1538:47)
#14     _CustomZone.runUnary (dart:async/zone.dart:1429:19)
#15     _CustomZone.runUnaryGuarded (dart:async/zone.dart:1329:7)
#16     _CustomZone.bindUnaryCallbackGuarded.<anonymous closure> (dart:async/zone.dart:1367:26)
#17     Future.doWhile (dart:async/future.dart:727:18)
#18     Future.forEach (dart:async/future.dart:651:12)
#19     Declarer._runSetUps (package:test_api/src/backend/declarer.dart:403:18)
#20     Declarer._runSetUps (package:test_api/src/backend/declarer.dart:401:40)
#21     Declarer.test.<anonymous closure>.<anonymous closure> (package:test_api/src/backend/declarer.dart:241:15)
#22     _rootRun (dart:async/zone.dart:1525:13)
#23     _CustomZone.run (dart:async/zone.dart:1422:19)
#24     _runZoned (dart:async/zone.dart:2034:6)
#25     runZoned (dart:async/zone.dart:1960:10)
#26     Declarer.test.<anonymous closure> (package:test_api/src/backend/declarer.dart:240:13)
#27     Invoker._waitForOutstandingCallbacks.<anonymous closure> (package:test_api/src/backend/invoker.dart:282:17)
#28     _rootRun (dart:async/zone.dart:1525:13)
#29     _CustomZone.run (dart:async/zone.dart:1422:19)
#30     _runZoned (dart:async/zone.dart:2034:6)
#31     runZoned (dart:async/zone.dart:1960:10)
#32     Invoker._waitForOutstandingCallbacks (package:test_api/src/backend/invoker.dart:278:5)
#33     Invoker._onRun.<anonymous closure>.<anonymous closure>.<anonymous closure> (package:test_api/src/backend/invoker.dart:418:17)
<asynchronous suspension>
This warning will only appear on debug builds.
┌───────────────────────────────────────────────────────────────────────────────────────────────────────────────────────
│ {key: width, value: 12, type: int}
├┄┄┄┄┄┄┄┄┄┄┄┄┄┄┄┄┄┄┄┄┄┄┄┄┄┄┄┄┄┄┄┄┄┄┄┄┄┄┄┄┄┄┄┄┄┄┄┄┄┄┄┄┄┄┄┄┄┄┄┄┄┄┄┄┄┄┄┄┄┄┄┄┄┄┄┄┄┄┄┄┄┄┄┄┄┄┄┄┄┄┄┄┄┄┄┄┄┄┄┄┄┄┄┄┄┄┄┄┄┄┄┄┄┄┄┄┄┄┄
│ #0   AppLogger.preferences (package:filler/core/logging.dart:64:13)
│ #1   PreferencesRepository.setPreference (package:filler/domain/repositories.dart:608:15)
│ #2   main.<anonymous closure>.<anonymous closure> (file:///Users/mr42/code/flutter/tmp/filler/test/domain/repositories_test.dart:152:23)
│ #3   Declarer.test.<anonymous closure>.<anonymous closure> (package:test_api/src/backend/declarer.dart:242:19)
│ #4   <asynchronous suspension>
│ #5   Declarer.test.<anonymous closure> (package:test_api/src/backend/declarer.dart:240:7)
│ #6   <asynchronous suspension>
│ #7   Invoker._waitForOutstandingCallbacks.<anonymous closure> (package:test_api/src/backend/invoker.dart:282:9)
├┄┄┄┄┄┄┄┄┄┄┄┄┄┄┄┄┄┄┄┄┄┄┄┄┄┄┄┄┄┄┄┄┄┄┄┄┄┄┄┄┄┄┄┄┄┄┄┄┄┄┄┄┄┄┄┄┄┄┄┄┄┄┄┄┄┄┄┄┄┄┄┄┄┄┄┄┄┄┄┄┄┄┄┄┄┄┄┄┄┄┄┄┄┄┄┄┄┄┄┄┄┄┄┄┄┄┄┄┄┄┄┄┄┄┄┄┄┄┄
│ 07:38:50.895 (+0:00:00.273250)
├┄┄┄┄┄┄┄┄┄┄┄┄┄┄┄┄┄┄┄┄┄┄┄┄┄┄┄┄┄┄┄┄┄┄┄┄┄┄┄┄┄┄┄┄┄┄┄┄┄┄┄┄┄┄┄┄┄┄┄┄┄┄┄┄┄┄┄┄┄┄┄┄┄┄┄┄┄┄┄┄┄┄┄┄┄┄┄┄┄┄┄┄┄┄┄┄┄┄┄┄┄┄┄┄┄┄┄┄┄┄┄┄┄┄┄┄┄┄┄
│ 🐛 ⚙️ Preferences: Setting individual preference
└───────────────────────────────────────────────────────────────────────────────────────────────────────────────────────
┌───────────────────────────────────────────────────────────────────────────────────────────────────────────────────────
│ {key: width, value: 12, type: int}
├┄┄┄┄┄┄┄┄┄┄┄┄┄┄┄┄┄┄┄┄┄┄┄┄┄┄┄┄┄┄┄┄┄┄┄┄┄┄┄┄┄┄┄┄┄┄┄┄┄┄┄┄┄┄┄┄┄┄┄┄┄┄┄┄┄┄┄┄┄┄┄┄┄┄┄┄┄┄┄┄┄┄┄┄┄┄┄┄┄┄┄┄┄┄┄┄┄┄┄┄┄┄┄┄┄┄┄┄┄┄┄┄┄┄┄┄┄┄┄
│ #0   AppLogger.database (package:filler/core/logging.dart:49:13)
│ #1   AppDatabase.setPreferenceValue (package:filler/data/database.dart:301:15)
│ #2   PreferencesRepository.setPreference (package:filler/domain/repositories.dart:613:15)
│ #3   main.<anonymous closure>.<anonymous closure> (file:///Users/mr42/code/flutter/tmp/filler/test/domain/repositories_test.dart:152:23)
│ #4   Declarer.test.<anonymous closure>.<anonymous closure> (package:test_api/src/backend/declarer.dart:242:19)
│ #5   <asynchronous suspension>
│ #6   Declarer.test.<anonymous closure> (package:test_api/src/backend/declarer.dart:240:7)
│ #7   <asynchronous suspension>
├┄┄┄┄┄┄┄┄┄┄┄┄┄┄┄┄┄┄┄┄┄┄┄┄┄┄┄┄┄┄┄┄┄┄┄┄┄┄┄┄┄┄┄┄┄┄┄┄┄┄┄┄┄┄┄┄┄┄┄┄┄┄┄┄┄┄┄┄┄┄┄┄┄┄┄┄┄┄┄┄┄┄┄┄┄┄┄┄┄┄┄┄┄┄┄┄┄┄┄┄┄┄┄┄┄┄┄┄┄┄┄┄┄┄┄┄┄┄┄
│ 07:38:50.896 (+0:00:00.274385)
├┄┄┄┄┄┄┄┄┄┄┄┄┄┄┄┄┄┄┄┄┄┄┄┄┄┄┄┄┄┄┄┄┄┄┄┄┄┄┄┄┄┄┄┄┄┄┄┄┄┄┄┄┄┄┄┄┄┄┄┄┄┄┄┄┄┄┄┄┄┄┄┄┄┄┄┄┄┄┄┄┄┄┄┄┄┄┄┄┄┄┄┄┄┄┄┄┄┄┄┄┄┄┄┄┄┄┄┄┄┄┄┄┄┄┄┄┄┄┄
│ 🐛 💾 Database: Setting preference value
└───────────────────────────────────────────────────────────────────────────────────────────────────────────────────────
┌───────────────────────────────────────────────────────────────────────────────────────────────────────────────────────
│ #0   AppLogger.database (package:filler/core/logging.dart:49:13)
│ #1   createTestDatabaseConnection.<anonymous closure> (package:filler/data/database_connection.dart:22:15)
├┄┄┄┄┄┄┄┄┄┄┄┄┄┄┄┄┄┄┄┄┄┄┄┄┄┄┄┄┄┄┄┄┄┄┄┄┄┄┄┄┄┄┄┄┄┄┄┄┄┄┄┄┄┄┄┄┄┄┄┄┄┄┄┄┄┄┄┄┄┄┄┄┄┄┄┄┄┄┄┄┄┄┄┄┄┄┄┄┄┄┄┄┄┄┄┄┄┄┄┄┄┄┄┄┄┄┄┄┄┄┄┄┄┄┄┄┄┄┄
│ 07:38:50.897 (+0:00:00.275814)
├┄┄┄┄┄┄┄┄┄┄┄┄┄┄┄┄┄┄┄┄┄┄┄┄┄┄┄┄┄┄┄┄┄┄┄┄┄┄┄┄┄┄┄┄┄┄┄┄┄┄┄┄┄┄┄┄┄┄┄┄┄┄┄┄┄┄┄┄┄┄┄┄┄┄┄┄┄┄┄┄┄┄┄┄┄┄┄┄┄┄┄┄┄┄┄┄┄┄┄┄┄┄┄┄┄┄┄┄┄┄┄┄┄┄┄┄┄┄┄
│ 🐛 💾 Database: Test AppDatabase instance created (in-memory)
└───────────────────────────────────────────────────────────────────────────────────────────────────────────────────────
┌───────────────────────────────────────────────────────────────────────────────────────────────────────────────────────
│ {version: 4, wasCreated: true, hadUpgrade: false}
├┄┄┄┄┄┄┄┄┄┄┄┄┄┄┄┄┄┄┄┄┄┄┄┄┄┄┄┄┄┄┄┄┄┄┄┄┄┄┄┄┄┄┄┄┄┄┄┄┄┄┄┄┄┄┄┄┄┄┄┄┄┄┄┄┄┄┄┄┄┄┄┄┄┄┄┄┄┄┄┄┄┄┄┄┄┄┄┄┄┄┄┄┄┄┄┄┄┄┄┄┄┄┄┄┄┄┄┄┄┄┄┄┄┄┄┄┄┄┄
│ #0   AppLogger.database (package:filler/core/logging.dart:49:13)
│ #1   AppDatabase.migration.<anonymous closure> (package:filler/data/database.dart:211:17)
│ #2   GeneratedDatabase.beforeOpen.<anonymous closure> (package:drift/src/runtime/api/db_base.dart:137:44)
│ #3   <asynchronous suspension>
│ #4   DelegatedDatabase._runMigrations (package:drift/src/runtime/executor/helpers/engines.dart:512:5)
│ #5   <asynchronous suspension>
│ #6   DelegatedDatabase.ensureOpen.<anonymous closure> (package:drift/src/runtime/executor/helpers/engines.dart:476:9)
│ #7   <asynchronous suspension>
├┄┄┄┄┄┄┄┄┄┄┄┄┄┄┄┄┄┄┄┄┄┄┄┄┄┄┄┄┄┄┄┄┄┄┄┄┄┄┄┄┄┄┄┄┄┄┄┄┄┄┄┄┄┄┄┄┄┄┄┄┄┄┄┄┄┄┄┄┄┄┄┄┄┄┄┄┄┄┄┄┄┄┄┄┄┄┄┄┄┄┄┄┄┄┄┄┄┄┄┄┄┄┄┄┄┄┄┄┄┄┄┄┄┄┄┄┄┄┄
│ 07:38:50.899 (+0:00:00.277160)
├┄┄┄┄┄┄┄┄┄┄┄┄┄┄┄┄┄┄┄┄┄┄┄┄┄┄┄┄┄┄┄┄┄┄┄┄┄┄┄┄┄┄┄┄┄┄┄┄┄┄┄┄┄┄┄┄┄┄┄┄┄┄┄┄┄┄┄┄┄┄┄┄┄┄┄┄┄┄┄┄┄┄┄┄┄┄┄┄┄┄┄┄┄┄┄┄┄┄┄┄┄┄┄┄┄┄┄┄┄┄┄┄┄┄┄┄┄┄┄
│ 🐛 💾 Database: Database opened
└───────────────────────────────────────────────────────────────────────────────────────────────────────────────────────
┌───────────────────────────────────────────────────────────────────────────────────────────────────────────────────────
│ {key: width, value: 12}
├┄┄┄┄┄┄┄┄┄┄┄┄┄┄┄┄┄┄┄┄┄┄┄┄┄┄┄┄┄┄┄┄┄┄┄┄┄┄┄┄┄┄┄┄┄┄┄┄┄┄┄┄┄┄┄┄┄┄┄┄┄┄┄┄┄┄┄┄┄┄┄┄┄┄┄┄┄┄┄┄┄┄┄┄┄┄┄┄┄┄┄┄┄┄┄┄┄┄┄┄┄┄┄┄┄┄┄┄┄┄┄┄┄┄┄┄┄┄┄
│ #0   AppLogger.database (package:filler/core/logging.dart:49:13)
│ #1   AppDatabase.setPreferenceValue (package:filler/data/database.dart:337:17)
│ #2   <asynchronous suspension>
│ #3   PreferencesRepository.setPreference (package:filler/domain/repositories.dart:613:5)
│ #4   <asynchronous suspension>
│ #5   main.<anonymous closure>.<anonymous closure> (file:///Users/mr42/code/flutter/tmp/filler/test/domain/repositories_test.dart:152:7)
│ #6   <asynchronous suspension>
│ #7   Declarer.test.<anonymous closure>.<anonymous closure> (package:test_api/src/backend/declarer.dart:242:9)
├┄┄┄┄┄┄┄┄┄┄┄┄┄┄┄┄┄┄┄┄┄┄┄┄┄┄┄┄┄┄┄┄┄┄┄┄┄┄┄┄┄┄┄┄┄┄┄┄┄┄┄┄┄┄┄┄┄┄┄┄┄┄┄┄┄┄┄┄┄┄┄┄┄┄┄┄┄┄┄┄┄┄┄┄┄┄┄┄┄┄┄┄┄┄┄┄┄┄┄┄┄┄┄┄┄┄┄┄┄┄┄┄┄┄┄┄┄┄┄
│ 07:38:50.900 (+0:00:00.278779)
├┄┄┄┄┄┄┄┄┄┄┄┄┄┄┄┄┄┄┄┄┄┄┄┄┄┄┄┄┄┄┄┄┄┄┄┄┄┄┄┄┄┄┄┄┄┄┄┄┄┄┄┄┄┄┄┄┄┄┄┄┄┄┄┄┄┄┄┄┄┄┄┄┄┄┄┄┄┄┄┄┄┄┄┄┄┄┄┄┄┄┄┄┄┄┄┄┄┄┄┄┄┄┄┄┄┄┄┄┄┄┄┄┄┄┄┄┄┄┄
│ 🐛 💾 Database: Preference value saved
└───────────────────────────────────────────────────────────────────────────────────────────────────────────────────────
┌───────────────────────────────────────────────────────────────────────────────────────────────────────────────────────
│ {key: height, value: 18, type: int}
├┄┄┄┄┄┄┄┄┄┄┄┄┄┄┄┄┄┄┄┄┄┄┄┄┄┄┄┄┄┄┄┄┄┄┄┄┄┄┄┄┄┄┄┄┄┄┄┄┄┄┄┄┄┄┄┄┄┄┄┄┄┄┄┄┄┄┄┄┄┄┄┄┄┄┄┄┄┄┄┄┄┄┄┄┄┄┄┄┄┄┄┄┄┄┄┄┄┄┄┄┄┄┄┄┄┄┄┄┄┄┄┄┄┄┄┄┄┄┄
│ #0   AppLogger.preferences (package:filler/core/logging.dart:64:13)
│ #1   PreferencesRepository.setPreference (package:filler/domain/repositories.dart:608:15)
│ #2   main.<anonymous closure>.<anonymous closure> (file:///Users/mr42/code/flutter/tmp/filler/test/domain/repositories_test.dart:153:23)
│ #3   <asynchronous suspension>
│ #4   Declarer.test.<anonymous closure>.<anonymous closure> (package:test_api/src/backend/declarer.dart:242:9)
│ #5   <asynchronous suspension>
│ #6   Declarer.test.<anonymous closure> (package:test_api/src/backend/declarer.dart:240:7)
│ #7   <asynchronous suspension>
├┄┄┄┄┄┄┄┄┄┄┄┄┄┄┄┄┄┄┄┄┄┄┄┄┄┄┄┄┄┄┄┄┄┄┄┄┄┄┄┄┄┄┄┄┄┄┄┄┄┄┄┄┄┄┄┄┄┄┄┄┄┄┄┄┄┄┄┄┄┄┄┄┄┄┄┄┄┄┄┄┄┄┄┄┄┄┄┄┄┄┄┄┄┄┄┄┄┄┄┄┄┄┄┄┄┄┄┄┄┄┄┄┄┄┄┄┄┄┄
│ 07:38:50.902 (+0:00:00.279910)
├┄┄┄┄┄┄┄┄┄┄┄┄┄┄┄┄┄┄┄┄┄┄┄┄┄┄┄┄┄┄┄┄┄┄┄┄┄┄┄┄┄┄┄┄┄┄┄┄┄┄┄┄┄┄┄┄┄┄┄┄┄┄┄┄┄┄┄┄┄┄┄┄┄┄┄┄┄┄┄┄┄┄┄┄┄┄┄┄┄┄┄┄┄┄┄┄┄┄┄┄┄┄┄┄┄┄┄┄┄┄┄┄┄┄┄┄┄┄┄
│ 🐛 ⚙️ Preferences: Setting individual preference
└───────────────────────────────────────────────────────────────────────────────────────────────────────────────────────
┌───────────────────────────────────────────────────────────────────────────────────────────────────────────────────────
│ {key: height, value: 18, type: int}
├┄┄┄┄┄┄┄┄┄┄┄┄┄┄┄┄┄┄┄┄┄┄┄┄┄┄┄┄┄┄┄┄┄┄┄┄┄┄┄┄┄┄┄┄┄┄┄┄┄┄┄┄┄┄┄┄┄┄┄┄┄┄┄┄┄┄┄┄┄┄┄┄┄┄┄┄┄┄┄┄┄┄┄┄┄┄┄┄┄┄┄┄┄┄┄┄┄┄┄┄┄┄┄┄┄┄┄┄┄┄┄┄┄┄┄┄┄┄┄
│ #0   AppLogger.database (package:filler/core/logging.dart:49:13)
│ #1   AppDatabase.setPreferenceValue (package:filler/data/database.dart:301:15)
│ #2   PreferencesRepository.setPreference (package:filler/domain/repositories.dart:613:15)
│ #3   main.<anonymous closure>.<anonymous closure> (file:///Users/mr42/code/flutter/tmp/filler/test/domain/repositories_test.dart:153:23)
│ #4   <asynchronous suspension>
│ #5   Declarer.test.<anonymous closure>.<anonymous closure> (package:test_api/src/backend/declarer.dart:242:9)
│ #6   <asynchronous suspension>
│ #7   Declarer.test.<anonymous closure> (package:test_api/src/backend/declarer.dart:240:7)
├┄┄┄┄┄┄┄┄┄┄┄┄┄┄┄┄┄┄┄┄┄┄┄┄┄┄┄┄┄┄┄┄┄┄┄┄┄┄┄┄┄┄┄┄┄┄┄┄┄┄┄┄┄┄┄┄┄┄┄┄┄┄┄┄┄┄┄┄┄┄┄┄┄┄┄┄┄┄┄┄┄┄┄┄┄┄┄┄┄┄┄┄┄┄┄┄┄┄┄┄┄┄┄┄┄┄┄┄┄┄┄┄┄┄┄┄┄┄┄
│ 07:38:50.903 (+0:00:00.280992)
├┄┄┄┄┄┄┄┄┄┄┄┄┄┄┄┄┄┄┄┄┄┄┄┄┄┄┄┄┄┄┄┄┄┄┄┄┄┄┄┄┄┄┄┄┄┄┄┄┄┄┄┄┄┄┄┄┄┄┄┄┄┄┄┄┄┄┄┄┄┄┄┄┄┄┄┄┄┄┄┄┄┄┄┄┄┄┄┄┄┄┄┄┄┄┄┄┄┄┄┄┄┄┄┄┄┄┄┄┄┄┄┄┄┄┄┄┄┄┄
│ 🐛 💾 Database: Setting preference value
└───────────────────────────────────────────────────────────────────────────────────────────────────────────────────────
┌───────────────────────────────────────────────────────────────────────────────────────────────────────────────────────
│ {key: height, value: 18}
├┄┄┄┄┄┄┄┄┄┄┄┄┄┄┄┄┄┄┄┄┄┄┄┄┄┄┄┄┄┄┄┄┄┄┄┄┄┄┄┄┄┄┄┄┄┄┄┄┄┄┄┄┄┄┄┄┄┄┄┄┄┄┄┄┄┄┄┄┄┄┄┄┄┄┄┄┄┄┄┄┄┄┄┄┄┄┄┄┄┄┄┄┄┄┄┄┄┄┄┄┄┄┄┄┄┄┄┄┄┄┄┄┄┄┄┄┄┄┄
│ #0   AppLogger.database (package:filler/core/logging.dart:49:13)
│ #1   AppDatabase.setPreferenceValue (package:filler/data/database.dart:337:17)
│ #2   <asynchronous suspension>
│ #3   PreferencesRepository.setPreference (package:filler/domain/repositories.dart:613:5)
│ #4   <asynchronous suspension>
│ #5   main.<anonymous closure>.<anonymous closure> (file:///Users/mr42/code/flutter/tmp/filler/test/domain/repositories_test.dart:153:7)
│ #6   <asynchronous suspension>
│ #7   Declarer.test.<anonymous closure>.<anonymous closure> (package:test_api/src/backend/declarer.dart:242:9)
├┄┄┄┄┄┄┄┄┄┄┄┄┄┄┄┄┄┄┄┄┄┄┄┄┄┄┄┄┄┄┄┄┄┄┄┄┄┄┄┄┄┄┄┄┄┄┄┄┄┄┄┄┄┄┄┄┄┄┄┄┄┄┄┄┄┄┄┄┄┄┄┄┄┄┄┄┄┄┄┄┄┄┄┄┄┄┄┄┄┄┄┄┄┄┄┄┄┄┄┄┄┄┄┄┄┄┄┄┄┄┄┄┄┄┄┄┄┄┄
│ 07:38:50.904 (+0:00:00.282461)
├┄┄┄┄┄┄┄┄┄┄┄┄┄┄┄┄┄┄┄┄┄┄┄┄┄┄┄┄┄┄┄┄┄┄┄┄┄┄┄┄┄┄┄┄┄┄┄┄┄┄┄┄┄┄┄┄┄┄┄┄┄┄┄┄┄┄┄┄┄┄┄┄┄┄┄┄┄┄┄┄┄┄┄┄┄┄┄┄┄┄┄┄┄┄┄┄┄┄┄┄┄┄┄┄┄┄┄┄┄┄┄┄┄┄┄┄┄┄┄
│ 🐛 💾 Database: Preference value saved
└───────────────────────────────────────────────────────────────────────────────────────────────────────────────────────
┌───────────────────────────────────────────────────────────────────────────────────────────────────────────────────────
│ {key: insets, value: 3, type: int}
├┄┄┄┄┄┄┄┄┄┄┄┄┄┄┄┄┄┄┄┄┄┄┄┄┄┄┄┄┄┄┄┄┄┄┄┄┄┄┄┄┄┄┄┄┄┄┄┄┄┄┄┄┄┄┄┄┄┄┄┄┄┄┄┄┄┄┄┄┄┄┄┄┄┄┄┄┄┄┄┄┄┄┄┄┄┄┄┄┄┄┄┄┄┄┄┄┄┄┄┄┄┄┄┄┄┄┄┄┄┄┄┄┄┄┄┄┄┄┄
│ #0   AppLogger.preferences (package:filler/core/logging.dart:64:13)
│ #1   PreferencesRepository.setPreference (package:filler/domain/repositories.dart:608:15)
│ #2   main.<anonymous closure>.<anonymous closure> (file:///Users/mr42/code/flutter/tmp/filler/test/domain/repositories_test.dart:154:23)
│ #3   <asynchronous suspension>
│ #4   Declarer.test.<anonymous closure>.<anonymous closure> (package:test_api/src/backend/declarer.dart:242:9)
│ #5   <asynchronous suspension>
│ #6   Declarer.test.<anonymous closure> (package:test_api/src/backend/declarer.dart:240:7)
│ #7   <asynchronous suspension>
├┄┄┄┄┄┄┄┄┄┄┄┄┄┄┄┄┄┄┄┄┄┄┄┄┄┄┄┄┄┄┄┄┄┄┄┄┄┄┄┄┄┄┄┄┄┄┄┄┄┄┄┄┄┄┄┄┄┄┄┄┄┄┄┄┄┄┄┄┄┄┄┄┄┄┄┄┄┄┄┄┄┄┄┄┄┄┄┄┄┄┄┄┄┄┄┄┄┄┄┄┄┄┄┄┄┄┄┄┄┄┄┄┄┄┄┄┄┄┄
│ 07:38:50.905 (+0:00:00.283576)
├┄┄┄┄┄┄┄┄┄┄┄┄┄┄┄┄┄┄┄┄┄┄┄┄┄┄┄┄┄┄┄┄┄┄┄┄┄┄┄┄┄┄┄┄┄┄┄┄┄┄┄┄┄┄┄┄┄┄┄┄┄┄┄┄┄┄┄┄┄┄┄┄┄┄┄┄┄┄┄┄┄┄┄┄┄┄┄┄┄┄┄┄┄┄┄┄┄┄┄┄┄┄┄┄┄┄┄┄┄┄┄┄┄┄┄┄┄┄┄
│ 🐛 ⚙️ Preferences: Setting individual preference
└───────────────────────────────────────────────────────────────────────────────────────────────────────────────────────
┌───────────────────────────────────────────────────────────────────────────────────────────────────────────────────────
│ {key: insets, value: 3, type: int}
├┄┄┄┄┄┄┄┄┄┄┄┄┄┄┄┄┄┄┄┄┄┄┄┄┄┄┄┄┄┄┄┄┄┄┄┄┄┄┄┄┄┄┄┄┄┄┄┄┄┄┄┄┄┄┄┄┄┄┄┄┄┄┄┄┄┄┄┄┄┄┄┄┄┄┄┄┄┄┄┄┄┄┄┄┄┄┄┄┄┄┄┄┄┄┄┄┄┄┄┄┄┄┄┄┄┄┄┄┄┄┄┄┄┄┄┄┄┄┄
│ #0   AppLogger.database (package:filler/core/logging.dart:49:13)
│ #1   AppDatabase.setPreferenceValue (package:filler/data/database.dart:301:15)
│ #2   PreferencesRepository.setPreference (package:filler/domain/repositories.dart:613:15)
│ #3   main.<anonymous closure>.<anonymous closure> (file:///Users/mr42/code/flutter/tmp/filler/test/domain/repositories_test.dart:154:23)
│ #4   <asynchronous suspension>
│ #5   Declarer.test.<anonymous closure>.<anonymous closure> (package:test_api/src/backend/declarer.dart:242:9)
│ #6   <asynchronous suspension>
│ #7   Declarer.test.<anonymous closure> (package:test_api/src/backend/declarer.dart:240:7)
├┄┄┄┄┄┄┄┄┄┄┄┄┄┄┄┄┄┄┄┄┄┄┄┄┄┄┄┄┄┄┄┄┄┄┄┄┄┄┄┄┄┄┄┄┄┄┄┄┄┄┄┄┄┄┄┄┄┄┄┄┄┄┄┄┄┄┄┄┄┄┄┄┄┄┄┄┄┄┄┄┄┄┄┄┄┄┄┄┄┄┄┄┄┄┄┄┄┄┄┄┄┄┄┄┄┄┄┄┄┄┄┄┄┄┄┄┄┄┄
│ 07:38:50.906 (+0:00:00.284686)
├┄┄┄┄┄┄┄┄┄┄┄┄┄┄┄┄┄┄┄┄┄┄┄┄┄┄┄┄┄┄┄┄┄┄┄┄┄┄┄┄┄┄┄┄┄┄┄┄┄┄┄┄┄┄┄┄┄┄┄┄┄┄┄┄┄┄┄┄┄┄┄┄┄┄┄┄┄┄┄┄┄┄┄┄┄┄┄┄┄┄┄┄┄┄┄┄┄┄┄┄┄┄┄┄┄┄┄┄┄┄┄┄┄┄┄┄┄┄┄
│ 🐛 💾 Database: Setting preference value
└───────────────────────────────────────────────────────────────────────────────────────────────────────────────────────
┌───────────────────────────────────────────────────────────────────────────────────────────────────────────────────────
│ {key: insets, value: 3}
├┄┄┄┄┄┄┄┄┄┄┄┄┄┄┄┄┄┄┄┄┄┄┄┄┄┄┄┄┄┄┄┄┄┄┄┄┄┄┄┄┄┄┄┄┄┄┄┄┄┄┄┄┄┄┄┄┄┄┄┄┄┄┄┄┄┄┄┄┄┄┄┄┄┄┄┄┄┄┄┄┄┄┄┄┄┄┄┄┄┄┄┄┄┄┄┄┄┄┄┄┄┄┄┄┄┄┄┄┄┄┄┄┄┄┄┄┄┄┄
│ #0   AppLogger.database (package:filler/core/logging.dart:49:13)
│ #1   AppDatabase.setPreferenceValue (package:filler/data/database.dart:337:17)
│ #2   <asynchronous suspension>
│ #3   PreferencesRepository.setPreference (package:filler/domain/repositories.dart:613:5)
│ #4   <asynchronous suspension>
│ #5   main.<anonymous closure>.<anonymous closure> (file:///Users/mr42/code/flutter/tmp/filler/test/domain/repositories_test.dart:154:7)
│ #6   <asynchronous suspension>
│ #7   Declarer.test.<anonymous closure>.<anonymous closure> (package:test_api/src/backend/declarer.dart:242:9)
├┄┄┄┄┄┄┄┄┄┄┄┄┄┄┄┄┄┄┄┄┄┄┄┄┄┄┄┄┄┄┄┄┄┄┄┄┄┄┄┄┄┄┄┄┄┄┄┄┄┄┄┄┄┄┄┄┄┄┄┄┄┄┄┄┄┄┄┄┄┄┄┄┄┄┄┄┄┄┄┄┄┄┄┄┄┄┄┄┄┄┄┄┄┄┄┄┄┄┄┄┄┄┄┄┄┄┄┄┄┄┄┄┄┄┄┄┄┄┄
│ 07:38:50.908 (+0:00:00.286057)
├┄┄┄┄┄┄┄┄┄┄┄┄┄┄┄┄┄┄┄┄┄┄┄┄┄┄┄┄┄┄┄┄┄┄┄┄┄┄┄┄┄┄┄┄┄┄┄┄┄┄┄┄┄┄┄┄┄┄┄┄┄┄┄┄┄┄┄┄┄┄┄┄┄┄┄┄┄┄┄┄┄┄┄┄┄┄┄┄┄┄┄┄┄┄┄┄┄┄┄┄┄┄┄┄┄┄┄┄┄┄┄┄┄┄┄┄┄┄┄
│ 🐛 💾 Database: Preference value saved
└───────────────────────────────────────────────────────────────────────────────────────────────────────────────────────
┌───────────────────────────────────────────────────────────────────────────────────────────────────────────────────────
│ {key: defaultPattern, value: 3, type: int}
├┄┄┄┄┄┄┄┄┄┄┄┄┄┄┄┄┄┄┄┄┄┄┄┄┄┄┄┄┄┄┄┄┄┄┄┄┄┄┄┄┄┄┄┄┄┄┄┄┄┄┄┄┄┄┄┄┄┄┄┄┄┄┄┄┄┄┄┄┄┄┄┄┄┄┄┄┄┄┄┄┄┄┄┄┄┄┄┄┄┄┄┄┄┄┄┄┄┄┄┄┄┄┄┄┄┄┄┄┄┄┄┄┄┄┄┄┄┄┄
│ #0   AppLogger.preferences (package:filler/core/logging.dart:64:13)
│ #1   PreferencesRepository.setPreference (package:filler/domain/repositories.dart:608:15)
│ #2   main.<anonymous closure>.<anonymous closure> (file:///Users/mr42/code/flutter/tmp/filler/test/domain/repositories_test.dart:155:23)
│ #3   <asynchronous suspension>
│ #4   Declarer.test.<anonymous closure>.<anonymous closure> (package:test_api/src/backend/declarer.dart:242:9)
│ #5   <asynchronous suspension>
│ #6   Declarer.test.<anonymous closure> (package:test_api/src/backend/declarer.dart:240:7)
│ #7   <asynchronous suspension>
├┄┄┄┄┄┄┄┄┄┄┄┄┄┄┄┄┄┄┄┄┄┄┄┄┄┄┄┄┄┄┄┄┄┄┄┄┄┄┄┄┄┄┄┄┄┄┄┄┄┄┄┄┄┄┄┄┄┄┄┄┄┄┄┄┄┄┄┄┄┄┄┄┄┄┄┄┄┄┄┄┄┄┄┄┄┄┄┄┄┄┄┄┄┄┄┄┄┄┄┄┄┄┄┄┄┄┄┄┄┄┄┄┄┄┄┄┄┄┄
│ 07:38:50.909 (+0:00:00.287149)
├┄┄┄┄┄┄┄┄┄┄┄┄┄┄┄┄┄┄┄┄┄┄┄┄┄┄┄┄┄┄┄┄┄┄┄┄┄┄┄┄┄┄┄┄┄┄┄┄┄┄┄┄┄┄┄┄┄┄┄┄┄┄┄┄┄┄┄┄┄┄┄┄┄┄┄┄┄┄┄┄┄┄┄┄┄┄┄┄┄┄┄┄┄┄┄┄┄┄┄┄┄┄┄┄┄┄┄┄┄┄┄┄┄┄┄┄┄┄┄
│ 🐛 ⚙️ Preferences: Setting individual preference
└───────────────────────────────────────────────────────────────────────────────────────────────────────────────────────
┌───────────────────────────────────────────────────────────────────────────────────────────────────────────────────────
│ {key: defaultPattern, value: 3, type: int}
├┄┄┄┄┄┄┄┄┄┄┄┄┄┄┄┄┄┄┄┄┄┄┄┄┄┄┄┄┄┄┄┄┄┄┄┄┄┄┄┄┄┄┄┄┄┄┄┄┄┄┄┄┄┄┄┄┄┄┄┄┄┄┄┄┄┄┄┄┄┄┄┄┄┄┄┄┄┄┄┄┄┄┄┄┄┄┄┄┄┄┄┄┄┄┄┄┄┄┄┄┄┄┄┄┄┄┄┄┄┄┄┄┄┄┄┄┄┄┄
│ #0   AppLogger.database (package:filler/core/logging.dart:49:13)
│ #1   AppDatabase.setPreferenceValue (package:filler/data/database.dart:301:15)
│ #2   PreferencesRepository.setPreference (package:filler/domain/repositories.dart:613:15)
│ #3   main.<anonymous closure>.<anonymous closure> (file:///Users/mr42/code/flutter/tmp/filler/test/domain/repositories_test.dart:155:23)
│ #4   <asynchronous suspension>
│ #5   Declarer.test.<anonymous closure>.<anonymous closure> (package:test_api/src/backend/declarer.dart:242:9)
│ #6   <asynchronous suspension>
│ #7   Declarer.test.<anonymous closure> (package:test_api/src/backend/declarer.dart:240:7)
├┄┄┄┄┄┄┄┄┄┄┄┄┄┄┄┄┄┄┄┄┄┄┄┄┄┄┄┄┄┄┄┄┄┄┄┄┄┄┄┄┄┄┄┄┄┄┄┄┄┄┄┄┄┄┄┄┄┄┄┄┄┄┄┄┄┄┄┄┄┄┄┄┄┄┄┄┄┄┄┄┄┄┄┄┄┄┄┄┄┄┄┄┄┄┄┄┄┄┄┄┄┄┄┄┄┄┄┄┄┄┄┄┄┄┄┄┄┄┄
│ 07:38:50.910 (+0:00:00.288244)
├┄┄┄┄┄┄┄┄┄┄┄┄┄┄┄┄┄┄┄┄┄┄┄┄┄┄┄┄┄┄┄┄┄┄┄┄┄┄┄┄┄┄┄┄┄┄┄┄┄┄┄┄┄┄┄┄┄┄┄┄┄┄┄┄┄┄┄┄┄┄┄┄┄┄┄┄┄┄┄┄┄┄┄┄┄┄┄┄┄┄┄┄┄┄┄┄┄┄┄┄┄┄┄┄┄┄┄┄┄┄┄┄┄┄┄┄┄┄┄
│ 🐛 💾 Database: Setting preference value
└───────────────────────────────────────────────────────────────────────────────────────────────────────────────────────
┌───────────────────────────────────────────────────────────────────────────────────────────────────────────────────────
│ {key: defaultPattern, value: 3}
├┄┄┄┄┄┄┄┄┄┄┄┄┄┄┄┄┄┄┄┄┄┄┄┄┄┄┄┄┄┄┄┄┄┄┄┄┄┄┄┄┄┄┄┄┄┄┄┄┄┄┄┄┄┄┄┄┄┄┄┄┄┄┄┄┄┄┄┄┄┄┄┄┄┄┄┄┄┄┄┄┄┄┄┄┄┄┄┄┄┄┄┄┄┄┄┄┄┄┄┄┄┄┄┄┄┄┄┄┄┄┄┄┄┄┄┄┄┄┄
│ #0   AppLogger.database (package:filler/core/logging.dart:49:13)
│ #1   AppDatabase.setPreferenceValue (package:filler/data/database.dart:337:17)
│ #2   <asynchronous suspension>
│ #3   PreferencesRepository.setPreference (package:filler/domain/repositories.dart:613:5)
│ #4   <asynchronous suspension>
│ #5   main.<anonymous closure>.<anonymous closure> (file:///Users/mr42/code/flutter/tmp/filler/test/domain/repositories_test.dart:155:7)
│ #6   <asynchronous suspension>
│ #7   Declarer.test.<anonymous closure>.<anonymous closure> (package:test_api/src/backend/declarer.dart:242:9)
├┄┄┄┄┄┄┄┄┄┄┄┄┄┄┄┄┄┄┄┄┄┄┄┄┄┄┄┄┄┄┄┄┄┄┄┄┄┄┄┄┄┄┄┄┄┄┄┄┄┄┄┄┄┄┄┄┄┄┄┄┄┄┄┄┄┄┄┄┄┄┄┄┄┄┄┄┄┄┄┄┄┄┄┄┄┄┄┄┄┄┄┄┄┄┄┄┄┄┄┄┄┄┄┄┄┄┄┄┄┄┄┄┄┄┄┄┄┄┄
│ 07:38:50.911 (+0:00:00.289595)
├┄┄┄┄┄┄┄┄┄┄┄┄┄┄┄┄┄┄┄┄┄┄┄┄┄┄┄┄┄┄┄┄┄┄┄┄┄┄┄┄┄┄┄┄┄┄┄┄┄┄┄┄┄┄┄┄┄┄┄┄┄┄┄┄┄┄┄┄┄┄┄┄┄┄┄┄┄┄┄┄┄┄┄┄┄┄┄┄┄┄┄┄┄┄┄┄┄┄┄┄┄┄┄┄┄┄┄┄┄┄┄┄┄┄┄┄┄┄┄
│ 🐛 💾 Database: Preference value saved
└───────────────────────────────────────────────────────────────────────────────────────────────────────────────────────
┌───────────────────────────────────────────────────────────────────────────────────────────────────────────────────────
│ #0   AppLogger.preferences (package:filler/core/logging.dart:64:13)
│ #1   PreferencesRepository.get (package:filler/domain/repositories.dart:423:15)
├┄┄┄┄┄┄┄┄┄┄┄┄┄┄┄┄┄┄┄┄┄┄┄┄┄┄┄┄┄┄┄┄┄┄┄┄┄┄┄┄┄┄┄┄┄┄┄┄┄┄┄┄┄┄┄┄┄┄┄┄┄┄┄┄┄┄┄┄┄┄┄┄┄┄┄┄┄┄┄┄┄┄┄┄┄┄┄┄┄┄┄┄┄┄┄┄┄┄┄┄┄┄┄┄┄┄┄┄┄┄┄┄┄┄┄┄┄┄┄
│ 07:38:50.912 (+0:00:00.290679)
├┄┄┄┄┄┄┄┄┄┄┄┄┄┄┄┄┄┄┄┄┄┄┄┄┄┄┄┄┄┄┄┄┄┄┄┄┄┄┄┄┄┄┄┄┄┄┄┄┄┄┄┄┄┄┄┄┄┄┄┄┄┄┄┄┄┄┄┄┄┄┄┄┄┄┄┄┄┄┄┄┄┄┄┄┄┄┄┄┄┄┄┄┄┄┄┄┄┄┄┄┄┄┄┄┄┄┄┄┄┄┄┄┄┄┄┄┄┄┄
│ 🐛 ⚙️ Preferences: Fetching preferences from key-value store
└───────────────────────────────────────────────────────────────────────────────────────────────────────────────────────
┌───────────────────────────────────────────────────────────────────────────────────────────────────────────────────────
│ #0   AppLogger.database (package:filler/core/logging.dart:49:13)
│ #1   AppDatabase.getAllPreferences (package:filler/data/database.dart:354:15)
├┄┄┄┄┄┄┄┄┄┄┄┄┄┄┄┄┄┄┄┄┄┄┄┄┄┄┄┄┄┄┄┄┄┄┄┄┄┄┄┄┄┄┄┄┄┄┄┄┄┄┄┄┄┄┄┄┄┄┄┄┄┄┄┄┄┄┄┄┄┄┄┄┄┄┄┄┄┄┄┄┄┄┄┄┄┄┄┄┄┄┄┄┄┄┄┄┄┄┄┄┄┄┄┄┄┄┄┄┄┄┄┄┄┄┄┄┄┄┄
│ 07:38:50.913 (+0:00:00.291244)
├┄┄┄┄┄┄┄┄┄┄┄┄┄┄┄┄┄┄┄┄┄┄┄┄┄┄┄┄┄┄┄┄┄┄┄┄┄┄┄┄┄┄┄┄┄┄┄┄┄┄┄┄┄┄┄┄┄┄┄┄┄┄┄┄┄┄┄┄┄┄┄┄┄┄┄┄┄┄┄┄┄┄┄┄┄┄┄┄┄┄┄┄┄┄┄┄┄┄┄┄┄┄┄┄┄┄┄┄┄┄┄┄┄┄┄┄┄┄┄
│ 🐛 💾 Database: Fetching all preferences
└───────────────────────────────────────────────────────────────────────────────────────────────────────────────────────
┌───────────────────────────────────────────────────────────────────────────────────────────────────────────────────────
│ {count: 4, keys: [width, height, insets, defaultPattern]}
├┄┄┄┄┄┄┄┄┄┄┄┄┄┄┄┄┄┄┄┄┄┄┄┄┄┄┄┄┄┄┄┄┄┄┄┄┄┄┄┄┄┄┄┄┄┄┄┄┄┄┄┄┄┄┄┄┄┄┄┄┄┄┄┄┄┄┄┄┄┄┄┄┄┄┄┄┄┄┄┄┄┄┄┄┄┄┄┄┄┄┄┄┄┄┄┄┄┄┄┄┄┄┄┄┄┄┄┄┄┄┄┄┄┄┄┄┄┄┄
│ #0   AppLogger.database (package:filler/core/logging.dart:49:13)
│ #1   AppDatabase.getAllPreferences (package:filler/data/database.dart:364:17)
│ #2   <asynchronous suspension>
│ #3   PreferencesRepository.get (package:filler/domain/repositories.dart:427:24)
│ #4   <asynchronous suspension>
│ #5   main.<anonymous closure>.<anonymous closure> (file:///Users/mr42/code/flutter/tmp/filler/test/domain/repositories_test.dart:158:27)
│ #6   <asynchronous suspension>
│ #7   Declarer.test.<anonymous closure>.<anonymous closure> (package:test_api/src/backend/declarer.dart:242:9)
├┄┄┄┄┄┄┄┄┄┄┄┄┄┄┄┄┄┄┄┄┄┄┄┄┄┄┄┄┄┄┄┄┄┄┄┄┄┄┄┄┄┄┄┄┄┄┄┄┄┄┄┄┄┄┄┄┄┄┄┄┄┄┄┄┄┄┄┄┄┄┄┄┄┄┄┄┄┄┄┄┄┄┄┄┄┄┄┄┄┄┄┄┄┄┄┄┄┄┄┄┄┄┄┄┄┄┄┄┄┄┄┄┄┄┄┄┄┄┄
│ 07:38:50.914 (+0:00:00.292011)
├┄┄┄┄┄┄┄┄┄┄┄┄┄┄┄┄┄┄┄┄┄┄┄┄┄┄┄┄┄┄┄┄┄┄┄┄┄┄┄┄┄┄┄┄┄┄┄┄┄┄┄┄┄┄┄┄┄┄┄┄┄┄┄┄┄┄┄┄┄┄┄┄┄┄┄┄┄┄┄┄┄┄┄┄┄┄┄┄┄┄┄┄┄┄┄┄┄┄┄┄┄┄┄┄┄┄┄┄┄┄┄┄┄┄┄┄┄┄┄
│ 🐛 💾 Database: Retrieved all preferences
└───────────────────────────────────────────────────────────────────────────────────────────────────────────────────────
┌───────────────────────────────────────────────────────────────────────────────────────────────────────────────────────
│ {key: themeMode, defaultValue: 2}
├┄┄┄┄┄┄┄┄┄┄┄┄┄┄┄┄┄┄┄┄┄┄┄┄┄┄┄┄┄┄┄┄┄┄┄┄┄┄┄┄┄┄┄┄┄┄┄┄┄┄┄┄┄┄┄┄┄┄┄┄┄┄┄┄┄┄┄┄┄┄┄┄┄┄┄┄┄┄┄┄┄┄┄┄┄┄┄┄┄┄┄┄┄┄┄┄┄┄┄┄┄┄┄┄┄┄┄┄┄┄┄┄┄┄┄┄┄┄┄
│ #0   AppLogger.preferences (package:filler/core/logging.dart:64:13)
│ #1   PreferencesRepository._getIntValue (package:filler/domain/repositories.dart:493:17)
│ #2   PreferencesRepository.get (package:filler/domain/repositories.dart:447:25)
│ #3   <asynchronous suspension>
│ #4   main.<anonymous closure>.<anonymous closure> (file:///Users/mr42/code/flutter/tmp/filler/test/domain/repositories_test.dart:158:27)
│ #5   <asynchronous suspension>
│ #6   Declarer.test.<anonymous closure>.<anonymous closure> (package:test_api/src/backend/declarer.dart:242:9)
│ #7   <asynchronous suspension>
├┄┄┄┄┄┄┄┄┄┄┄┄┄┄┄┄┄┄┄┄┄┄┄┄┄┄┄┄┄┄┄┄┄┄┄┄┄┄┄┄┄┄┄┄┄┄┄┄┄┄┄┄┄┄┄┄┄┄┄┄┄┄┄┄┄┄┄┄┄┄┄┄┄┄┄┄┄┄┄┄┄┄┄┄┄┄┄┄┄┄┄┄┄┄┄┄┄┄┄┄┄┄┄┄┄┄┄┄┄┄┄┄┄┄┄┄┄┄┄
│ 07:38:50.915 (+0:00:00.293118)
├┄┄┄┄┄┄┄┄┄┄┄┄┄┄┄┄┄┄┄┄┄┄┄┄┄┄┄┄┄┄┄┄┄┄┄┄┄┄┄┄┄┄┄┄┄┄┄┄┄┄┄┄┄┄┄┄┄┄┄┄┄┄┄┄┄┄┄┄┄┄┄┄┄┄┄┄┄┄┄┄┄┄┄┄┄┄┄┄┄┄┄┄┄┄┄┄┄┄┄┄┄┄┄┄┄┄┄┄┄┄┄┄┄┄┄┄┄┄┄
│ 🐛 ⚙️ Preferences: Using default for missing key
└───────────────────────────────────────────────────────────────────────────────────────────────────────────────────────
┌───────────────────────────────────────────────────────────────────────────────────────────────────────────────────────
│ {key: themeMode, value: 2}
├┄┄┄┄┄┄┄┄┄┄┄┄┄┄┄┄┄┄┄┄┄┄┄┄┄┄┄┄┄┄┄┄┄┄┄┄┄┄┄┄┄┄┄┄┄┄┄┄┄┄┄┄┄┄┄┄┄┄┄┄┄┄┄┄┄┄┄┄┄┄┄┄┄┄┄┄┄┄┄┄┄┄┄┄┄┄┄┄┄┄┄┄┄┄┄┄┄┄┄┄┄┄┄┄┄┄┄┄┄┄┄┄┄┄┄┄┄┄┄
│ #0   AppLogger.preferences (package:filler/core/logging.dart:64:13)
│ #1   PreferencesRepository._ensureDefaults (package:filler/domain/repositories.dart:519:19)
│ #2   PreferencesRepository.get (package:filler/domain/repositories.dart:454:13)
│ #3   <asynchronous suspension>
│ #4   main.<anonymous closure>.<anonymous closure> (file:///Users/mr42/code/flutter/tmp/filler/test/domain/repositories_test.dart:158:27)
│ #5   <asynchronous suspension>
│ #6   Declarer.test.<anonymous closure>.<anonymous closure> (package:test_api/src/backend/declarer.dart:242:9)
│ #7   <asynchronous suspension>
├┄┄┄┄┄┄┄┄┄┄┄┄┄┄┄┄┄┄┄┄┄┄┄┄┄┄┄┄┄┄┄┄┄┄┄┄┄┄┄┄┄┄┄┄┄┄┄┄┄┄┄┄┄┄┄┄┄┄┄┄┄┄┄┄┄┄┄┄┄┄┄┄┄┄┄┄┄┄┄┄┄┄┄┄┄┄┄┄┄┄┄┄┄┄┄┄┄┄┄┄┄┄┄┄┄┄┄┄┄┄┄┄┄┄┄┄┄┄┄
│ 07:38:50.916 (+0:00:00.294182)
├┄┄┄┄┄┄┄┄┄┄┄┄┄┄┄┄┄┄┄┄┄┄┄┄┄┄┄┄┄┄┄┄┄┄┄┄┄┄┄┄┄┄┄┄┄┄┄┄┄┄┄┄┄┄┄┄┄┄┄┄┄┄┄┄┄┄┄┄┄┄┄┄┄┄┄┄┄┄┄┄┄┄┄┄┄┄┄┄┄┄┄┄┄┄┄┄┄┄┄┄┄┄┄┄┄┄┄┄┄┄┄┄┄┄┄┄┄┄┄
│ 🐛 ⚙️ Preferences: Creating missing default preference
└───────────────────────────────────────────────────────────────────────────────────────────────────────────────────────
┌───────────────────────────────────────────────────────────────────────────────────────────────────────────────────────
│ {key: themeMode, value: 2, type: int}
├┄┄┄┄┄┄┄┄┄┄┄┄┄┄┄┄┄┄┄┄┄┄┄┄┄┄┄┄┄┄┄┄┄┄┄┄┄┄┄┄┄┄┄┄┄┄┄┄┄┄┄┄┄┄┄┄┄┄┄┄┄┄┄┄┄┄┄┄┄┄┄┄┄┄┄┄┄┄┄┄┄┄┄┄┄┄┄┄┄┄┄┄┄┄┄┄┄┄┄┄┄┄┄┄┄┄┄┄┄┄┄┄┄┄┄┄┄┄┄
│ #0   AppLogger.database (package:filler/core/logging.dart:49:13)
│ #1   AppDatabase.setPreferenceValue (package:filler/data/database.dart:301:15)
│ #2   PreferencesRepository._ensureDefaults (package:filler/domain/repositories.dart:524:19)
│ #3   PreferencesRepository.get (package:filler/domain/repositories.dart:454:13)
│ #4   <asynchronous suspension>
│ #5   main.<anonymous closure>.<anonymous closure> (file:///Users/mr42/code/flutter/tmp/filler/test/domain/repositories_test.dart:158:27)
│ #6   <asynchronous suspension>
│ #7   Declarer.test.<anonymous closure>.<anonymous closure> (package:test_api/src/backend/declarer.dart:242:9)
├┄┄┄┄┄┄┄┄┄┄┄┄┄┄┄┄┄┄┄┄┄┄┄┄┄┄┄┄┄┄┄┄┄┄┄┄┄┄┄┄┄┄┄┄┄┄┄┄┄┄┄┄┄┄┄┄┄┄┄┄┄┄┄┄┄┄┄┄┄┄┄┄┄┄┄┄┄┄┄┄┄┄┄┄┄┄┄┄┄┄┄┄┄┄┄┄┄┄┄┄┄┄┄┄┄┄┄┄┄┄┄┄┄┄┄┄┄┄┄
│ 07:38:50.917 (+0:00:00.295230)
├┄┄┄┄┄┄┄┄┄┄┄┄┄┄┄┄┄┄┄┄┄┄┄┄┄┄┄┄┄┄┄┄┄┄┄┄┄┄┄┄┄┄┄┄┄┄┄┄┄┄┄┄┄┄┄┄┄┄┄┄┄┄┄┄┄┄┄┄┄┄┄┄┄┄┄┄┄┄┄┄┄┄┄┄┄┄┄┄┄┄┄┄┄┄┄┄┄┄┄┄┄┄┄┄┄┄┄┄┄┄┄┄┄┄┄┄┄┄┄
│ 🐛 💾 Database: Setting preference value
└───────────────────────────────────────────────────────────────────────────────────────────────────────────────────────
┌───────────────────────────────────────────────────────────────────────────────────────────────────────────────────────
│ {key: themeMode, value: 2}
├┄┄┄┄┄┄┄┄┄┄┄┄┄┄┄┄┄┄┄┄┄┄┄┄┄┄┄┄┄┄┄┄┄┄┄┄┄┄┄┄┄┄┄┄┄┄┄┄┄┄┄┄┄┄┄┄┄┄┄┄┄┄┄┄┄┄┄┄┄┄┄┄┄┄┄┄┄┄┄┄┄┄┄┄┄┄┄┄┄┄┄┄┄┄┄┄┄┄┄┄┄┄┄┄┄┄┄┄┄┄┄┄┄┄┄┄┄┄┄
│ #0   AppLogger.database (package:filler/core/logging.dart:49:13)
│ #1   AppDatabase.setPreferenceValue (package:filler/data/database.dart:337:17)
│ #2   <asynchronous suspension>
│ #3   PreferencesRepository._ensureDefaults (package:filler/domain/repositories.dart:524:9)
│ #4   <asynchronous suspension>
│ #5   PreferencesRepository.get (package:filler/domain/repositories.dart:454:7)
│ #6   <asynchronous suspension>
│ #7   main.<anonymous closure>.<anonymous closure> (file:///Users/mr42/code/flutter/tmp/filler/test/domain/repositories_test.dart:158:27)
├┄┄┄┄┄┄┄┄┄┄┄┄┄┄┄┄┄┄┄┄┄┄┄┄┄┄┄┄┄┄┄┄┄┄┄┄┄┄┄┄┄┄┄┄┄┄┄┄┄┄┄┄┄┄┄┄┄┄┄┄┄┄┄┄┄┄┄┄┄┄┄┄┄┄┄┄┄┄┄┄┄┄┄┄┄┄┄┄┄┄┄┄┄┄┄┄┄┄┄┄┄┄┄┄┄┄┄┄┄┄┄┄┄┄┄┄┄┄┄
│ 07:38:50.918 (+0:00:00.296541)
├┄┄┄┄┄┄┄┄┄┄┄┄┄┄┄┄┄┄┄┄┄┄┄┄┄┄┄┄┄┄┄┄┄┄┄┄┄┄┄┄┄┄┄┄┄┄┄┄┄┄┄┄┄┄┄┄┄┄┄┄┄┄┄┄┄┄┄┄┄┄┄┄┄┄┄┄┄┄┄┄┄┄┄┄┄┄┄┄┄┄┄┄┄┄┄┄┄┄┄┄┄┄┄┄┄┄┄┄┄┄┄┄┄┄┄┄┄┄┄
│ 🐛 💾 Database: Preference value saved
└───────────────────────────────────────────────────────────────────────────────────────────────────────────────────────
┌───────────────────────────────────────────────────────────────────────────────────────────────────────────────────────
│ {width: 12, height: 18, insets: 3, defaultPattern: 3, themeMode: 2, fetchTime: 1ms, keysFromDb: 4}
├┄┄┄┄┄┄┄┄┄┄┄┄┄┄┄┄┄┄┄┄┄┄┄┄┄┄┄┄┄┄┄┄┄┄┄┄┄┄┄┄┄┄┄┄┄┄┄┄┄┄┄┄┄┄┄┄┄┄┄┄┄┄┄┄┄┄┄┄┄┄┄┄┄┄┄┄┄┄┄┄┄┄┄┄┄┄┄┄┄┄┄┄┄┄┄┄┄┄┄┄┄┄┄┄┄┄┄┄┄┄┄┄┄┄┄┄┄┄┄
│ #0   AppLogger.preferences (package:filler/core/logging.dart:64:13)
│ #1   PreferencesRepository.get (package:filler/domain/repositories.dart:464:17)
│ #2   <asynchronous suspension>
│ #3   main.<anonymous closure>.<anonymous closure> (file:///Users/mr42/code/flutter/tmp/filler/test/domain/repositories_test.dart:158:27)
│ #4   <asynchronous suspension>
│ #5   Declarer.test.<anonymous closure>.<anonymous closure> (package:test_api/src/backend/declarer.dart:242:9)
│ #6   <asynchronous suspension>
│ #7   Declarer.test.<anonymous closure> (package:test_api/src/backend/declarer.dart:240:7)
├┄┄┄┄┄┄┄┄┄┄┄┄┄┄┄┄┄┄┄┄┄┄┄┄┄┄┄┄┄┄┄┄┄┄┄┄┄┄┄┄┄┄┄┄┄┄┄┄┄┄┄┄┄┄┄┄┄┄┄┄┄┄┄┄┄┄┄┄┄┄┄┄┄┄┄┄┄┄┄┄┄┄┄┄┄┄┄┄┄┄┄┄┄┄┄┄┄┄┄┄┄┄┄┄┄┄┄┄┄┄┄┄┄┄┄┄┄┄┄
│ 07:38:50.919 (+0:00:00.297613)
├┄┄┄┄┄┄┄┄┄┄┄┄┄┄┄┄┄┄┄┄┄┄┄┄┄┄┄┄┄┄┄┄┄┄┄┄┄┄┄┄┄┄┄┄┄┄┄┄┄┄┄┄┄┄┄┄┄┄┄┄┄┄┄┄┄┄┄┄┄┄┄┄┄┄┄┄┄┄┄┄┄┄┄┄┄┄┄┄┄┄┄┄┄┄┄┄┄┄┄┄┄┄┄┄┄┄┄┄┄┄┄┄┄┄┄┄┄┄┄
│ 🐛 ⚙️ Preferences: Constructed preferences model
└───────────────────────────────────────────────────────────────────────────────────────────────────────────────────────
┌───────────────────────────────────────────────────────────────────────────────────────────────────────────────────────
│ #0   TestHelpers.cleanup (file:///Users/mr42/code/flutter/tmp/filler/test/helpers/test_helpers.dart:152:24)
│ #1   main.<anonymous closure> (file:///Users/mr42/code/flutter/tmp/filler/test/domain/repositories_test.dart:21:23)
├┄┄┄┄┄┄┄┄┄┄┄┄┄┄┄┄┄┄┄┄┄┄┄┄┄┄┄┄┄┄┄┄┄┄┄┄┄┄┄┄┄┄┄┄┄┄┄┄┄┄┄┄┄┄┄┄┄┄┄┄┄┄┄┄┄┄┄┄┄┄┄┄┄┄┄┄┄┄┄┄┄┄┄┄┄┄┄┄┄┄┄┄┄┄┄┄┄┄┄┄┄┄┄┄┄┄┄┄┄┄┄┄┄┄┄┄┄┄┄
│ 07:38:50.921 (+0:00:00.298896)
├┄┄┄┄┄┄┄┄┄┄┄┄┄┄┄┄┄┄┄┄┄┄┄┄┄┄┄┄┄┄┄┄┄┄┄┄┄┄┄┄┄┄┄┄┄┄┄┄┄┄┄┄┄┄┄┄┄┄┄┄┄┄┄┄┄┄┄┄┄┄┄┄┄┄┄┄┄┄┄┄┄┄┄┄┄┄┄┄┄┄┄┄┄┄┄┄┄┄┄┄┄┄┄┄┄┄┄┄┄┄┄┄┄┄┄┄┄┄┄
│ 🐛 🧹 Cleaning up test environment
└───────────────────────────────────────────────────────────────────────────────────────────────────────────────────────
┌───────────────────────────────────────────────────────────────────────────────────────────────────────────────────────
│ #0   TestHelpers.cleanup (file:///Users/mr42/code/flutter/tmp/filler/test/helpers/test_helpers.dart:166:26)
│ #1   main.<anonymous closure> (file:///Users/mr42/code/flutter/tmp/filler/test/domain/repositories_test.dart:21:23)
├┄┄┄┄┄┄┄┄┄┄┄┄┄┄┄┄┄┄┄┄┄┄┄┄┄┄┄┄┄┄┄┄┄┄┄┄┄┄┄┄┄┄┄┄┄┄┄┄┄┄┄┄┄┄┄┄┄┄┄┄┄┄┄┄┄┄┄┄┄┄┄┄┄┄┄┄┄┄┄┄┄┄┄┄┄┄┄┄┄┄┄┄┄┄┄┄┄┄┄┄┄┄┄┄┄┄┄┄┄┄┄┄┄┄┄┄┄┄┄
│ 07:38:50.923 (+0:00:00.301339)
├┄┄┄┄┄┄┄┄┄┄┄┄┄┄┄┄┄┄┄┄┄┄┄┄┄┄┄┄┄┄┄┄┄┄┄┄┄┄┄┄┄┄┄┄┄┄┄┄┄┄┄┄┄┄┄┄┄┄┄┄┄┄┄┄┄┄┄┄┄┄┄┄┄┄┄┄┄┄┄┄┄┄┄┄┄┄┄┄┄┄┄┄┄┄┄┄┄┄┄┄┄┄┄┄┄┄┄┄┄┄┄┄┄┄┄┄┄┄┄
│ 🐛 ✅ Test cleanup completed
└───────────────────────────────────────────────────────────────────────────────────────────────────────────────────────

00:04 +64 -2: /Users/mr42/code/flutter/tmp/filler/test/integration/page_state_transitions_test.dart: BLoC State Transitions - All Pages Canvas BLoC - Paint State Transitions                          
00:04 +64 -2: /Users/mr42/code/flutter/tmp/filler/test/domain/repositories_test.dart: PreferencesRepository should handle type conversion for individual preferences                                   
┌───────────────────────────────────────────────────────────────────────────────────────────────────────────────────────
│ #0   TestHelpers.createTestDatabase (file:///Users/mr42/code/flutter/tmp/filler/test/helpers/test_helpers.dart:30:24)
│ #1   main.<anonymous closure> (file:///Users/mr42/code/flutter/tmp/filler/test/domain/repositories_test.dart:15:28)
├┄┄┄┄┄┄┄┄┄┄┄┄┄┄┄┄┄┄┄┄┄┄┄┄┄┄┄┄┄┄┄┄┄┄┄┄┄┄┄┄┄┄┄┄┄┄┄┄┄┄┄┄┄┄┄┄┄┄┄┄┄┄┄┄┄┄┄┄┄┄┄┄┄┄┄┄┄┄┄┄┄┄┄┄┄┄┄┄┄┄┄┄┄┄┄┄┄┄┄┄┄┄┄┄┄┄┄┄┄┄┄┄┄┄┄┄┄┄┄
│ 07:38:50.924 (+0:00:00.302830)
├┄┄┄┄┄┄┄┄┄┄┄┄┄┄┄┄┄┄┄┄┄┄┄┄┄┄┄┄┄┄┄┄┄┄┄┄┄┄┄┄┄┄┄┄┄┄┄┄┄┄┄┄┄┄┄┄┄┄┄┄┄┄┄┄┄┄┄┄┄┄┄┄┄┄┄┄┄┄┄┄┄┄┄┄┄┄┄┄┄┄┄┄┄┄┄┄┄┄┄┄┄┄┄┄┄┄┄┄┄┄┄┄┄┄┄┄┄┄┄
│ 🐛 🗄️ Creating test database
└───────────────────────────────────────────────────────────────────────────────────────────────────────────────────────
WARNING (drift): It looks like you've created the database class AppDatabase multiple times. When these two databases use the same QueryExecutor, race conditions will occur and might corrupt the database. 
Try to follow the advice at https://drift.simonbinder.eu/faq/#using-the-database or, if you know what you're doing, set driftRuntimeOptions.dontWarnAboutMultipleDatabases = true
Here is the stacktrace from when the database was opened a second time:
#0      GeneratedDatabase._handleInstantiated (package:drift/src/runtime/api/db_base.dart:96:30)
#1      GeneratedDatabase._whenConstructed (package:drift/src/runtime/api/db_base.dart:73:12)
#2      new GeneratedDatabase (package:drift/src/runtime/api/db_base.dart:64:5)
#3      new _$AppDatabase (package:filler/data/database.g.dart:991:36)
#4      new AppDatabase.test (package:filler/data/database.dart:90:24)
#5      TestHelpers.createTestDatabase (file:///Users/mr42/code/flutter/tmp/filler/test/helpers/test_helpers.dart:31:24)
#6      main.<anonymous closure> (file:///Users/mr42/code/flutter/tmp/filler/test/domain/repositories_test.dart:15:28)
#7      Declarer._runSetUps.<anonymous closure> (package:test_api/src/backend/declarer.dart:403:61)
#8      Future.forEach.<anonymous closure> (dart:async/future.dart:653:26)
#9      Future.doWhile.<anonymous closure> (dart:async/future.dart:710:26)
#10     StackZoneSpecification._registerUnaryCallback.<anonymous closure>.<anonymous closure> (package:stack_trace/src/stack_zone_specification.dart:127:36)
#11     StackZoneSpecification._run (package:stack_trace/src/stack_zone_specification.dart:207:15)
#12     StackZoneSpecification._registerUnaryCallback.<anonymous closure> (package:stack_trace/src/stack_zone_specification.dart:127:24)
#13     _rootRunUnary (dart:async/zone.dart:1538:47)
#14     _CustomZone.runUnary (dart:async/zone.dart:1429:19)
#15     _CustomZone.runUnaryGuarded (dart:async/zone.dart:1329:7)
#16     _CustomZone.bindUnaryCallbackGuarded.<anonymous closure> (dart:async/zone.dart:1367:26)
#17     Future.doWhile (dart:async/future.dart:727:18)
#18     Future.forEach (dart:async/future.dart:651:12)
#19     Declarer._runSetUps (package:test_api/src/backend/declarer.dart:403:18)
#20     Declarer._runSetUps (package:test_api/src/backend/declarer.dart:401:40)
#21     Declarer.test.<anonymous closure>.<anonymous closure> (package:test_api/src/backend/declarer.dart:241:15)
#22     _rootRun (dart:async/zone.dart:1525:13)
#23     _CustomZone.run (dart:async/zone.dart:1422:19)
#24     _runZoned (dart:async/zone.dart:2034:6)
#25     runZoned (dart:async/zone.dart:1960:10)
#26     Declarer.test.<anonymous closure> (package:test_api/src/backend/declarer.dart:240:13)
#27     Invoker._waitForOutstandingCallbacks.<anonymous closure> (package:test_api/src/backend/invoker.dart:282:17)
#28     _rootRun (dart:async/zone.dart:1525:13)
#29     _CustomZone.run (dart:async/zone.dart:1422:19)
#30     _runZoned (dart:async/zone.dart:2034:6)
#31     runZoned (dart:async/zone.dart:1960:10)
#32     Invoker._waitForOutstandingCallbacks (package:test_api/src/backend/invoker.dart:278:5)
#33     Invoker._onRun.<anonymous closure>.<anonymous closure>.<anonymous closure> (package:test_api/src/backend/invoker.dart:418:17)
<asynchronous suspension>
This warning will only appear on debug builds.
┌───────────────────────────────────────────────────────────────────────────────────────────────────────────────────────
│ {key: width, defaultValue: 10}
├┄┄┄┄┄┄┄┄┄┄┄┄┄┄┄┄┄┄┄┄┄┄┄┄┄┄┄┄┄┄┄┄┄┄┄┄┄┄┄┄┄┄┄┄┄┄┄┄┄┄┄┄┄┄┄┄┄┄┄┄┄┄┄┄┄┄┄┄┄┄┄┄┄┄┄┄┄┄┄┄┄┄┄┄┄┄┄┄┄┄┄┄┄┄┄┄┄┄┄┄┄┄┄┄┄┄┄┄┄┄┄┄┄┄┄┄┄┄┄
│ #0   AppLogger.database (package:filler/core/logging.dart:49:13)
│ #1   AppDatabase.getPreferenceValue (package:filler/data/database.dart:277:15)
│ #2   PreferencesRepository.getPreference (package:filler/domain/repositories.dart:618:35)
│ #3   main.<anonymous closure>.<anonymous closure> (file:///Users/mr42/code/flutter/tmp/filler/test/domain/repositories_test.dart:168:37)
│ #4   Declarer.test.<anonymous closure>.<anonymous closure> (package:test_api/src/backend/declarer.dart:242:19)
│ #5   <asynchronous suspension>
│ #6   Declarer.test.<anonymous closure> (package:test_api/src/backend/declarer.dart:240:7)
│ #7   <asynchronous suspension>
├┄┄┄┄┄┄┄┄┄┄┄┄┄┄┄┄┄┄┄┄┄┄┄┄┄┄┄┄┄┄┄┄┄┄┄┄┄┄┄┄┄┄┄┄┄┄┄┄┄┄┄┄┄┄┄┄┄┄┄┄┄┄┄┄┄┄┄┄┄┄┄┄┄┄┄┄┄┄┄┄┄┄┄┄┄┄┄┄┄┄┄┄┄┄┄┄┄┄┄┄┄┄┄┄┄┄┄┄┄┄┄┄┄┄┄┄┄┄┄
│ 07:38:50.928 (+0:00:00.306630)
├┄┄┄┄┄┄┄┄┄┄┄┄┄┄┄┄┄┄┄┄┄┄┄┄┄┄┄┄┄┄┄┄┄┄┄┄┄┄┄┄┄┄┄┄┄┄┄┄┄┄┄┄┄┄┄┄┄┄┄┄┄┄┄┄┄┄┄┄┄┄┄┄┄┄┄┄┄┄┄┄┄┄┄┄┄┄┄┄┄┄┄┄┄┄┄┄┄┄┄┄┄┄┄┄┄┄┄┄┄┄┄┄┄┄┄┄┄┄┄
│ 🐛 💾 Database: Getting preference value
└───────────────────────────────────────────────────────────────────────────────────────────────────────────────────────
┌───────────────────────────────────────────────────────────────────────────────────────────────────────────────────────
│ #0   AppLogger.database (package:filler/core/logging.dart:49:13)
│ #1   createTestDatabaseConnection.<anonymous closure> (package:filler/data/database_connection.dart:22:15)
├┄┄┄┄┄┄┄┄┄┄┄┄┄┄┄┄┄┄┄┄┄┄┄┄┄┄┄┄┄┄┄┄┄┄┄┄┄┄┄┄┄┄┄┄┄┄┄┄┄┄┄┄┄┄┄┄┄┄┄┄┄┄┄┄┄┄┄┄┄┄┄┄┄┄┄┄┄┄┄┄┄┄┄┄┄┄┄┄┄┄┄┄┄┄┄┄┄┄┄┄┄┄┄┄┄┄┄┄┄┄┄┄┄┄┄┄┄┄┄
│ 07:38:50.930 (+0:00:00.307888)
├┄┄┄┄┄┄┄┄┄┄┄┄┄┄┄┄┄┄┄┄┄┄┄┄┄┄┄┄┄┄┄┄┄┄┄┄┄┄┄┄┄┄┄┄┄┄┄┄┄┄┄┄┄┄┄┄┄┄┄┄┄┄┄┄┄┄┄┄┄┄┄┄┄┄┄┄┄┄┄┄┄┄┄┄┄┄┄┄┄┄┄┄┄┄┄┄┄┄┄┄┄┄┄┄┄┄┄┄┄┄┄┄┄┄┄┄┄┄┄
│ 🐛 💾 Database: Test AppDatabase instance created (in-memory)
└───────────────────────────────────────────────────────────────────────────────────────────────────────────────────────
┌───────────────────────────────────────────────────────────────────────────────────────────────────────────────────────
│ {version: 4, wasCreated: true, hadUpgrade: false}
├┄┄┄┄┄┄┄┄┄┄┄┄┄┄┄┄┄┄┄┄┄┄┄┄┄┄┄┄┄┄┄┄┄┄┄┄┄┄┄┄┄┄┄┄┄┄┄┄┄┄┄┄┄┄┄┄┄┄┄┄┄┄┄┄┄┄┄┄┄┄┄┄┄┄┄┄┄┄┄┄┄┄┄┄┄┄┄┄┄┄┄┄┄┄┄┄┄┄┄┄┄┄┄┄┄┄┄┄┄┄┄┄┄┄┄┄┄┄┄
│ #0   AppLogger.database (package:filler/core/logging.dart:49:13)
│ #1   AppDatabase.migration.<anonymous closure> (package:filler/data/database.dart:211:17)
│ #2   GeneratedDatabase.beforeOpen.<anonymous closure> (package:drift/src/runtime/api/db_base.dart:137:44)
│ #3   <asynchronous suspension>
│ #4   DelegatedDatabase._runMigrations (package:drift/src/runtime/executor/helpers/engines.dart:512:5)
│ #5   <asynchronous suspension>
│ #6   DelegatedDatabase.ensureOpen.<anonymous closure> (package:drift/src/runtime/executor/helpers/engines.dart:476:9)
│ #7   <asynchronous suspension>
├┄┄┄┄┄┄┄┄┄┄┄┄┄┄┄┄┄┄┄┄┄┄┄┄┄┄┄┄┄┄┄┄┄┄┄┄┄┄┄┄┄┄┄┄┄┄┄┄┄┄┄┄┄┄┄┄┄┄┄┄┄┄┄┄┄┄┄┄┄┄┄┄┄┄┄┄┄┄┄┄┄┄┄┄┄┄┄┄┄┄┄┄┄┄┄┄┄┄┄┄┄┄┄┄┄┄┄┄┄┄┄┄┄┄┄┄┄┄┄
│ 07:38:50.931 (+0:00:00.309214)
├┄┄┄┄┄┄┄┄┄┄┄┄┄┄┄┄┄┄┄┄┄┄┄┄┄┄┄┄┄┄┄┄┄┄┄┄┄┄┄┄┄┄┄┄┄┄┄┄┄┄┄┄┄┄┄┄┄┄┄┄┄┄┄┄┄┄┄┄┄┄┄┄┄┄┄┄┄┄┄┄┄┄┄┄┄┄┄┄┄┄┄┄┄┄┄┄┄┄┄┄┄┄┄┄┄┄┄┄┄┄┄┄┄┄┄┄┄┄┄
│ 🐛 💾 Database: Database opened
└───────────────────────────────────────────────────────────────────────────────────────────────────────────────────────
┌───────────────────────────────────────────────────────────────────────────────────────────────────────────────────────
│ {key: width, value: 10, wasDefault: true}
├┄┄┄┄┄┄┄┄┄┄┄┄┄┄┄┄┄┄┄┄┄┄┄┄┄┄┄┄┄┄┄┄┄┄┄┄┄┄┄┄┄┄┄┄┄┄┄┄┄┄┄┄┄┄┄┄┄┄┄┄┄┄┄┄┄┄┄┄┄┄┄┄┄┄┄┄┄┄┄┄┄┄┄┄┄┄┄┄┄┄┄┄┄┄┄┄┄┄┄┄┄┄┄┄┄┄┄┄┄┄┄┄┄┄┄┄┄┄┄
│ #0   AppLogger.database (package:filler/core/logging.dart:49:13)
│ #1   AppDatabase.getPreferenceValue (package:filler/data/database.dart:287:15)
│ #2   <asynchronous suspension>
│ #3   PreferencesRepository.getPreference (package:filler/domain/repositories.dart:618:25)
│ #4   <asynchronous suspension>
│ #5   main.<anonymous closure>.<anonymous closure> (file:///Users/mr42/code/flutter/tmp/filler/test/domain/repositories_test.dart:168:21)
│ #6   <asynchronous suspension>
│ #7   Declarer.test.<anonymous closure>.<anonymous closure> (package:test_api/src/backend/declarer.dart:242:9)
├┄┄┄┄┄┄┄┄┄┄┄┄┄┄┄┄┄┄┄┄┄┄┄┄┄┄┄┄┄┄┄┄┄┄┄┄┄┄┄┄┄┄┄┄┄┄┄┄┄┄┄┄┄┄┄┄┄┄┄┄┄┄┄┄┄┄┄┄┄┄┄┄┄┄┄┄┄┄┄┄┄┄┄┄┄┄┄┄┄┄┄┄┄┄┄┄┄┄┄┄┄┄┄┄┄┄┄┄┄┄┄┄┄┄┄┄┄┄┄
│ 07:38:50.932 (+0:00:00.310563)
├┄┄┄┄┄┄┄┄┄┄┄┄┄┄┄┄┄┄┄┄┄┄┄┄┄┄┄┄┄┄┄┄┄┄┄┄┄┄┄┄┄┄┄┄┄┄┄┄┄┄┄┄┄┄┄┄┄┄┄┄┄┄┄┄┄┄┄┄┄┄┄┄┄┄┄┄┄┄┄┄┄┄┄┄┄┄┄┄┄┄┄┄┄┄┄┄┄┄┄┄┄┄┄┄┄┄┄┄┄┄┄┄┄┄┄┄┄┄┄
│ 🐛 💾 Database: Retrieved preference
└───────────────────────────────────────────────────────────────────────────────────────────────────────────────────────
┌───────────────────────────────────────────────────────────────────────────────────────────────────────────────────────
│ {key: width, value: 15, type: int}
├┄┄┄┄┄┄┄┄┄┄┄┄┄┄┄┄┄┄┄┄┄┄┄┄┄┄┄┄┄┄┄┄┄┄┄┄┄┄┄┄┄┄┄┄┄┄┄┄┄┄┄┄┄┄┄┄┄┄┄┄┄┄┄┄┄┄┄┄┄┄┄┄┄┄┄┄┄┄┄┄┄┄┄┄┄┄┄┄┄┄┄┄┄┄┄┄┄┄┄┄┄┄┄┄┄┄┄┄┄┄┄┄┄┄┄┄┄┄┄
│ #0   AppLogger.preferences (package:filler/core/logging.dart:64:13)
│ #1   PreferencesRepository.setPreference (package:filler/domain/repositories.dart:608:15)
│ #2   main.<anonymous closure>.<anonymous closure> (file:///Users/mr42/code/flutter/tmp/filler/test/domain/repositories_test.dart:175:23)
│ #3   <asynchronous suspension>
│ #4   Declarer.test.<anonymous closure>.<anonymous closure> (package:test_api/src/backend/declarer.dart:242:9)
│ #5   <asynchronous suspension>
│ #6   Declarer.test.<anonymous closure> (package:test_api/src/backend/declarer.dart:240:7)
│ #7   <asynchronous suspension>
├┄┄┄┄┄┄┄┄┄┄┄┄┄┄┄┄┄┄┄┄┄┄┄┄┄┄┄┄┄┄┄┄┄┄┄┄┄┄┄┄┄┄┄┄┄┄┄┄┄┄┄┄┄┄┄┄┄┄┄┄┄┄┄┄┄┄┄┄┄┄┄┄┄┄┄┄┄┄┄┄┄┄┄┄┄┄┄┄┄┄┄┄┄┄┄┄┄┄┄┄┄┄┄┄┄┄┄┄┄┄┄┄┄┄┄┄┄┄┄
│ 07:38:50.933 (+0:00:00.311732)
├┄┄┄┄┄┄┄┄┄┄┄┄┄┄┄┄┄┄┄┄┄┄┄┄┄┄┄┄┄┄┄┄┄┄┄┄┄┄┄┄┄┄┄┄┄┄┄┄┄┄┄┄┄┄┄┄┄┄┄┄┄┄┄┄┄┄┄┄┄┄┄┄┄┄┄┄┄┄┄┄┄┄┄┄┄┄┄┄┄┄┄┄┄┄┄┄┄┄┄┄┄┄┄┄┄┄┄┄┄┄┄┄┄┄┄┄┄┄┄
│ 🐛 ⚙️ Preferences: Setting individual preference
└───────────────────────────────────────────────────────────────────────────────────────────────────────────────────────
┌───────────────────────────────────────────────────────────────────────────────────────────────────────────────────────
│ {key: width, value: 15, type: int}
├┄┄┄┄┄┄┄┄┄┄┄┄┄┄┄┄┄┄┄┄┄┄┄┄┄┄┄┄┄┄┄┄┄┄┄┄┄┄┄┄┄┄┄┄┄┄┄┄┄┄┄┄┄┄┄┄┄┄┄┄┄┄┄┄┄┄┄┄┄┄┄┄┄┄┄┄┄┄┄┄┄┄┄┄┄┄┄┄┄┄┄┄┄┄┄┄┄┄┄┄┄┄┄┄┄┄┄┄┄┄┄┄┄┄┄┄┄┄┄
│ #0   AppLogger.database (package:filler/core/logging.dart:49:13)
│ #1   AppDatabase.setPreferenceValue (package:filler/data/database.dart:301:15)
│ #2   PreferencesRepository.setPreference (package:filler/domain/repositories.dart:613:15)
│ #3   main.<anonymous closure>.<anonymous closure> (file:///Users/mr42/code/flutter/tmp/filler/test/domain/repositories_test.dart:175:23)
│ #4   <asynchronous suspension>
│ #5   Declarer.test.<anonymous closure>.<anonymous closure> (package:test_api/src/backend/declarer.dart:242:9)
│ #6   <asynchronous suspension>
│ #7   Declarer.test.<anonymous closure> (package:test_api/src/backend/declarer.dart:240:7)
├┄┄┄┄┄┄┄┄┄┄┄┄┄┄┄┄┄┄┄┄┄┄┄┄┄┄┄┄┄┄┄┄┄┄┄┄┄┄┄┄┄┄┄┄┄┄┄┄┄┄┄┄┄┄┄┄┄┄┄┄┄┄┄┄┄┄┄┄┄┄┄┄┄┄┄┄┄┄┄┄┄┄┄┄┄┄┄┄┄┄┄┄┄┄┄┄┄┄┄┄┄┄┄┄┄┄┄┄┄┄┄┄┄┄┄┄┄┄┄
│ 07:38:50.935 (+0:00:00.312884)
├┄┄┄┄┄┄┄┄┄┄┄┄┄┄┄┄┄┄┄┄┄┄┄┄┄┄┄┄┄┄┄┄┄┄┄┄┄┄┄┄┄┄┄┄┄┄┄┄┄┄┄┄┄┄┄┄┄┄┄┄┄┄┄┄┄┄┄┄┄┄┄┄┄┄┄┄┄┄┄┄┄┄┄┄┄┄┄┄┄┄┄┄┄┄┄┄┄┄┄┄┄┄┄┄┄┄┄┄┄┄┄┄┄┄┄┄┄┄┄
│ 🐛 💾 Database: Setting preference value
└───────────────────────────────────────────────────────────────────────────────────────────────────────────────────────
┌───────────────────────────────────────────────────────────────────────────────────────────────────────────────────────
│ {key: width, value: 15}
├┄┄┄┄┄┄┄┄┄┄┄┄┄┄┄┄┄┄┄┄┄┄┄┄┄┄┄┄┄┄┄┄┄┄┄┄┄┄┄┄┄┄┄┄┄┄┄┄┄┄┄┄┄┄┄┄┄┄┄┄┄┄┄┄┄┄┄┄┄┄┄┄┄┄┄┄┄┄┄┄┄┄┄┄┄┄┄┄┄┄┄┄┄┄┄┄┄┄┄┄┄┄┄┄┄┄┄┄┄┄┄┄┄┄┄┄┄┄┄
│ #0   AppLogger.database (package:filler/core/logging.dart:49:13)
│ #1   AppDatabase.setPreferenceValue (package:filler/data/database.dart:337:17)
│ #2   <asynchronous suspension>
│ #3   PreferencesRepository.setPreference (package:filler/domain/repositories.dart:613:5)
│ #4   <asynchronous suspension>
│ #5   main.<anonymous closure>.<anonymous closure> (file:///Users/mr42/code/flutter/tmp/filler/test/domain/repositories_test.dart:175:7)
│ #6   <asynchronous suspension>
│ #7   Declarer.test.<anonymous closure>.<anonymous closure> (package:test_api/src/backend/declarer.dart:242:9)
├┄┄┄┄┄┄┄┄┄┄┄┄┄┄┄┄┄┄┄┄┄┄┄┄┄┄┄┄┄┄┄┄┄┄┄┄┄┄┄┄┄┄┄┄┄┄┄┄┄┄┄┄┄┄┄┄┄┄┄┄┄┄┄┄┄┄┄┄┄┄┄┄┄┄┄┄┄┄┄┄┄┄┄┄┄┄┄┄┄┄┄┄┄┄┄┄┄┄┄┄┄┄┄┄┄┄┄┄┄┄┄┄┄┄┄┄┄┄┄
│ 07:38:50.936 (+0:00:00.314411)
├┄┄┄┄┄┄┄┄┄┄┄┄┄┄┄┄┄┄┄┄┄┄┄┄┄┄┄┄┄┄┄┄┄┄┄┄┄┄┄┄┄┄┄┄┄┄┄┄┄┄┄┄┄┄┄┄┄┄┄┄┄┄┄┄┄┄┄┄┄┄┄┄┄┄┄┄┄┄┄┄┄┄┄┄┄┄┄┄┄┄┄┄┄┄┄┄┄┄┄┄┄┄┄┄┄┄┄┄┄┄┄┄┄┄┄┄┄┄┄
│ 🐛 💾 Database: Preference value saved
└───────────────────────────────────────────────────────────────────────────────────────────────────────────────────────
┌───────────────────────────────────────────────────────────────────────────────────────────────────────────────────────
│ {key: width, defaultValue: 10}
├┄┄┄┄┄┄┄┄┄┄┄┄┄┄┄┄┄┄┄┄┄┄┄┄┄┄┄┄┄┄┄┄┄┄┄┄┄┄┄┄┄┄┄┄┄┄┄┄┄┄┄┄┄┄┄┄┄┄┄┄┄┄┄┄┄┄┄┄┄┄┄┄┄┄┄┄┄┄┄┄┄┄┄┄┄┄┄┄┄┄┄┄┄┄┄┄┄┄┄┄┄┄┄┄┄┄┄┄┄┄┄┄┄┄┄┄┄┄┄
│ #0   AppLogger.database (package:filler/core/logging.dart:49:13)
│ #1   AppDatabase.getPreferenceValue (package:filler/data/database.dart:277:15)
│ #2   PreferencesRepository.getPreference (package:filler/domain/repositories.dart:618:35)
│ #3   main.<anonymous closure>.<anonymous closure> (file:///Users/mr42/code/flutter/tmp/filler/test/domain/repositories_test.dart:176:46)
│ #4   <asynchronous suspension>
│ #5   Declarer.test.<anonymous closure>.<anonymous closure> (package:test_api/src/backend/declarer.dart:242:9)
│ #6   <asynchronous suspension>
│ #7   Declarer.test.<anonymous closure> (package:test_api/src/backend/declarer.dart:240:7)
├┄┄┄┄┄┄┄┄┄┄┄┄┄┄┄┄┄┄┄┄┄┄┄┄┄┄┄┄┄┄┄┄┄┄┄┄┄┄┄┄┄┄┄┄┄┄┄┄┄┄┄┄┄┄┄┄┄┄┄┄┄┄┄┄┄┄┄┄┄┄┄┄┄┄┄┄┄┄┄┄┄┄┄┄┄┄┄┄┄┄┄┄┄┄┄┄┄┄┄┄┄┄┄┄┄┄┄┄┄┄┄┄┄┄┄┄┄┄┄
│ 07:38:50.937 (+0:00:00.315550)
├┄┄┄┄┄┄┄┄┄┄┄┄┄┄┄┄┄┄┄┄┄┄┄┄┄┄┄┄┄┄┄┄┄┄┄┄┄┄┄┄┄┄┄┄┄┄┄┄┄┄┄┄┄┄┄┄┄┄┄┄┄┄┄┄┄┄┄┄┄┄┄┄┄┄┄┄┄┄┄┄┄┄┄┄┄┄┄┄┄┄┄┄┄┄┄┄┄┄┄┄┄┄┄┄┄┄┄┄┄┄┄┄┄┄┄┄┄┄┄
│ 🐛 💾 Database: Getting preference value
└───────────────────────────────────────────────────────────────────────────────────────────────────────────────────────
┌───────────────────────────────────────────────────────────────────────────────────────────────────────────────────────
│ {key: width, value: 15, wasDefault: false}
├┄┄┄┄┄┄┄┄┄┄┄┄┄┄┄┄┄┄┄┄┄┄┄┄┄┄┄┄┄┄┄┄┄┄┄┄┄┄┄┄┄┄┄┄┄┄┄┄┄┄┄┄┄┄┄┄┄┄┄┄┄┄┄┄┄┄┄┄┄┄┄┄┄┄┄┄┄┄┄┄┄┄┄┄┄┄┄┄┄┄┄┄┄┄┄┄┄┄┄┄┄┄┄┄┄┄┄┄┄┄┄┄┄┄┄┄┄┄┄
│ #0   AppLogger.database (package:filler/core/logging.dart:49:13)
│ #1   AppDatabase.getPreferenceValue (package:filler/data/database.dart:287:15)
│ #2   <asynchronous suspension>
│ #3   PreferencesRepository.getPreference (package:filler/domain/repositories.dart:618:25)
│ #4   <asynchronous suspension>
│ #5   main.<anonymous closure>.<anonymous closure> (file:///Users/mr42/code/flutter/tmp/filler/test/domain/repositories_test.dart:176:30)
│ #6   <asynchronous suspension>
│ #7   Declarer.test.<anonymous closure>.<anonymous closure> (package:test_api/src/backend/declarer.dart:242:9)
├┄┄┄┄┄┄┄┄┄┄┄┄┄┄┄┄┄┄┄┄┄┄┄┄┄┄┄┄┄┄┄┄┄┄┄┄┄┄┄┄┄┄┄┄┄┄┄┄┄┄┄┄┄┄┄┄┄┄┄┄┄┄┄┄┄┄┄┄┄┄┄┄┄┄┄┄┄┄┄┄┄┄┄┄┄┄┄┄┄┄┄┄┄┄┄┄┄┄┄┄┄┄┄┄┄┄┄┄┄┄┄┄┄┄┄┄┄┄┄
│ 07:38:50.938 (+0:00:00.316818)
├┄┄┄┄┄┄┄┄┄┄┄┄┄┄┄┄┄┄┄┄┄┄┄┄┄┄┄┄┄┄┄┄┄┄┄┄┄┄┄┄┄┄┄┄┄┄┄┄┄┄┄┄┄┄┄┄┄┄┄┄┄┄┄┄┄┄┄┄┄┄┄┄┄┄┄┄┄┄┄┄┄┄┄┄┄┄┄┄┄┄┄┄┄┄┄┄┄┄┄┄┄┄┄┄┄┄┄┄┄┄┄┄┄┄┄┄┄┄┄
│ 🐛 💾 Database: Retrieved preference
└───────────────────────────────────────────────────────────────────────────────────────────────────────────────────────
┌───────────────────────────────────────────────────────────────────────────────────────────────────────────────────────
│ {key: testBool, value: true, type: bool}
├┄┄┄┄┄┄┄┄┄┄┄┄┄┄┄┄┄┄┄┄┄┄┄┄┄┄┄┄┄┄┄┄┄┄┄┄┄┄┄┄┄┄┄┄┄┄┄┄┄┄┄┄┄┄┄┄┄┄┄┄┄┄┄┄┄┄┄┄┄┄┄┄┄┄┄┄┄┄┄┄┄┄┄┄┄┄┄┄┄┄┄┄┄┄┄┄┄┄┄┄┄┄┄┄┄┄┄┄┄┄┄┄┄┄┄┄┄┄┄
│ #0   AppLogger.preferences (package:filler/core/logging.dart:64:13)
│ #1   PreferencesRepository.setPreference (package:filler/domain/repositories.dart:608:15)
│ #2   main.<anonymous closure>.<anonymous closure> (file:///Users/mr42/code/flutter/tmp/filler/test/domain/repositories_test.dart:180:23)
│ #3   <asynchronous suspension>
│ #4   Declarer.test.<anonymous closure>.<anonymous closure> (package:test_api/src/backend/declarer.dart:242:9)
│ #5   <asynchronous suspension>
│ #6   Declarer.test.<anonymous closure> (package:test_api/src/backend/declarer.dart:240:7)
│ #7   <asynchronous suspension>
├┄┄┄┄┄┄┄┄┄┄┄┄┄┄┄┄┄┄┄┄┄┄┄┄┄┄┄┄┄┄┄┄┄┄┄┄┄┄┄┄┄┄┄┄┄┄┄┄┄┄┄┄┄┄┄┄┄┄┄┄┄┄┄┄┄┄┄┄┄┄┄┄┄┄┄┄┄┄┄┄┄┄┄┄┄┄┄┄┄┄┄┄┄┄┄┄┄┄┄┄┄┄┄┄┄┄┄┄┄┄┄┄┄┄┄┄┄┄┄
│ 07:38:50.940 (+0:00:00.318013)
├┄┄┄┄┄┄┄┄┄┄┄┄┄┄┄┄┄┄┄┄┄┄┄┄┄┄┄┄┄┄┄┄┄┄┄┄┄┄┄┄┄┄┄┄┄┄┄┄┄┄┄┄┄┄┄┄┄┄┄┄┄┄┄┄┄┄┄┄┄┄┄┄┄┄┄┄┄┄┄┄┄┄┄┄┄┄┄┄┄┄┄┄┄┄┄┄┄┄┄┄┄┄┄┄┄┄┄┄┄┄┄┄┄┄┄┄┄┄┄
│ 🐛 ⚙️ Preferences: Setting individual preference
└───────────────────────────────────────────────────────────────────────────────────────────────────────────────────────
┌───────────────────────────────────────────────────────────────────────────────────────────────────────────────────────
│ {key: testBool, value: true, type: bool}
├┄┄┄┄┄┄┄┄┄┄┄┄┄┄┄┄┄┄┄┄┄┄┄┄┄┄┄┄┄┄┄┄┄┄┄┄┄┄┄┄┄┄┄┄┄┄┄┄┄┄┄┄┄┄┄┄┄┄┄┄┄┄┄┄┄┄┄┄┄┄┄┄┄┄┄┄┄┄┄┄┄┄┄┄┄┄┄┄┄┄┄┄┄┄┄┄┄┄┄┄┄┄┄┄┄┄┄┄┄┄┄┄┄┄┄┄┄┄┄
│ #0   AppLogger.database (package:filler/core/logging.dart:49:13)
│ #1   AppDatabase.setPreferenceValue (package:filler/data/database.dart:301:15)
│ #2   PreferencesRepository.setPreference (package:filler/domain/repositories.dart:613:15)
│ #3   main.<anonymous closure>.<anonymous closure> (file:///Users/mr42/code/flutter/tmp/filler/test/domain/repositories_test.dart:180:23)
│ #4   <asynchronous suspension>
│ #5   Declarer.test.<anonymous closure>.<anonymous closure> (package:test_api/src/backend/declarer.dart:242:9)
│ #6   <asynchronous suspension>
│ #7   Declarer.test.<anonymous closure> (package:test_api/src/backend/declarer.dart:240:7)
├┄┄┄┄┄┄┄┄┄┄┄┄┄┄┄┄┄┄┄┄┄┄┄┄┄┄┄┄┄┄┄┄┄┄┄┄┄┄┄┄┄┄┄┄┄┄┄┄┄┄┄┄┄┄┄┄┄┄┄┄┄┄┄┄┄┄┄┄┄┄┄┄┄┄┄┄┄┄┄┄┄┄┄┄┄┄┄┄┄┄┄┄┄┄┄┄┄┄┄┄┄┄┄┄┄┄┄┄┄┄┄┄┄┄┄┄┄┄┄
│ 07:38:50.941 (+0:00:00.319134)
├┄┄┄┄┄┄┄┄┄┄┄┄┄┄┄┄┄┄┄┄┄┄┄┄┄┄┄┄┄┄┄┄┄┄┄┄┄┄┄┄┄┄┄┄┄┄┄┄┄┄┄┄┄┄┄┄┄┄┄┄┄┄┄┄┄┄┄┄┄┄┄┄┄┄┄┄┄┄┄┄┄┄┄┄┄┄┄┄┄┄┄┄┄┄┄┄┄┄┄┄┄┄┄┄┄┄┄┄┄┄┄┄┄┄┄┄┄┄┄
│ 🐛 💾 Database: Setting preference value
└───────────────────────────────────────────────────────────────────────────────────────────────────────────────────────
┌───────────────────────────────────────────────────────────────────────────────────────────────────────────────────────
│ {key: testBool, value: true}
├┄┄┄┄┄┄┄┄┄┄┄┄┄┄┄┄┄┄┄┄┄┄┄┄┄┄┄┄┄┄┄┄┄┄┄┄┄┄┄┄┄┄┄┄┄┄┄┄┄┄┄┄┄┄┄┄┄┄┄┄┄┄┄┄┄┄┄┄┄┄┄┄┄┄┄┄┄┄┄┄┄┄┄┄┄┄┄┄┄┄┄┄┄┄┄┄┄┄┄┄┄┄┄┄┄┄┄┄┄┄┄┄┄┄┄┄┄┄┄
│ #0   AppLogger.database (package:filler/core/logging.dart:49:13)
│ #1   AppDatabase.setPreferenceValue (package:filler/data/database.dart:337:17)
│ #2   <asynchronous suspension>
│ #3   PreferencesRepository.setPreference (package:filler/domain/repositories.dart:613:5)
│ #4   <asynchronous suspension>
│ #5   main.<anonymous closure>.<anonymous closure> (file:///Users/mr42/code/flutter/tmp/filler/test/domain/repositories_test.dart:180:7)
│ #6   <asynchronous suspension>
│ #7   Declarer.test.<anonymous closure>.<anonymous closure> (package:test_api/src/backend/declarer.dart:242:9)
├┄┄┄┄┄┄┄┄┄┄┄┄┄┄┄┄┄┄┄┄┄┄┄┄┄┄┄┄┄┄┄┄┄┄┄┄┄┄┄┄┄┄┄┄┄┄┄┄┄┄┄┄┄┄┄┄┄┄┄┄┄┄┄┄┄┄┄┄┄┄┄┄┄┄┄┄┄┄┄┄┄┄┄┄┄┄┄┄┄┄┄┄┄┄┄┄┄┄┄┄┄┄┄┄┄┄┄┄┄┄┄┄┄┄┄┄┄┄┄
│ 07:38:50.942 (+0:00:00.320761)
├┄┄┄┄┄┄┄┄┄┄┄┄┄┄┄┄┄┄┄┄┄┄┄┄┄┄┄┄┄┄┄┄┄┄┄┄┄┄┄┄┄┄┄┄┄┄┄┄┄┄┄┄┄┄┄┄┄┄┄┄┄┄┄┄┄┄┄┄┄┄┄┄┄┄┄┄┄┄┄┄┄┄┄┄┄┄┄┄┄┄┄┄┄┄┄┄┄┄┄┄┄┄┄┄┄┄┄┄┄┄┄┄┄┄┄┄┄┄┄
│ 🐛 💾 Database: Preference value saved
└───────────────────────────────────────────────────────────────────────────────────────────────────────────────────────
┌───────────────────────────────────────────────────────────────────────────────────────────────────────────────────────
│ {key: testBool, defaultValue: false}
├┄┄┄┄┄┄┄┄┄┄┄┄┄┄┄┄┄┄┄┄┄┄┄┄┄┄┄┄┄┄┄┄┄┄┄┄┄┄┄┄┄┄┄┄┄┄┄┄┄┄┄┄┄┄┄┄┄┄┄┄┄┄┄┄┄┄┄┄┄┄┄┄┄┄┄┄┄┄┄┄┄┄┄┄┄┄┄┄┄┄┄┄┄┄┄┄┄┄┄┄┄┄┄┄┄┄┄┄┄┄┄┄┄┄┄┄┄┄┄
│ #0   AppLogger.database (package:filler/core/logging.dart:49:13)
│ #1   AppDatabase.getPreferenceValue (package:filler/data/database.dart:277:15)
│ #2   PreferencesRepository.getPreference (package:filler/domain/repositories.dart:618:35)
│ #3   main.<anonymous closure>.<anonymous closure> (file:///Users/mr42/code/flutter/tmp/filler/test/domain/repositories_test.dart:181:41)
│ #4   <asynchronous suspension>
│ #5   Declarer.test.<anonymous closure>.<anonymous closure> (package:test_api/src/backend/declarer.dart:242:9)
│ #6   <asynchronous suspension>
│ #7   Declarer.test.<anonymous closure> (package:test_api/src/backend/declarer.dart:240:7)
├┄┄┄┄┄┄┄┄┄┄┄┄┄┄┄┄┄┄┄┄┄┄┄┄┄┄┄┄┄┄┄┄┄┄┄┄┄┄┄┄┄┄┄┄┄┄┄┄┄┄┄┄┄┄┄┄┄┄┄┄┄┄┄┄┄┄┄┄┄┄┄┄┄┄┄┄┄┄┄┄┄┄┄┄┄┄┄┄┄┄┄┄┄┄┄┄┄┄┄┄┄┄┄┄┄┄┄┄┄┄┄┄┄┄┄┄┄┄┄
│ 07:38:50.944 (+0:00:00.321868)
├┄┄┄┄┄┄┄┄┄┄┄┄┄┄┄┄┄┄┄┄┄┄┄┄┄┄┄┄┄┄┄┄┄┄┄┄┄┄┄┄┄┄┄┄┄┄┄┄┄┄┄┄┄┄┄┄┄┄┄┄┄┄┄┄┄┄┄┄┄┄┄┄┄┄┄┄┄┄┄┄┄┄┄┄┄┄┄┄┄┄┄┄┄┄┄┄┄┄┄┄┄┄┄┄┄┄┄┄┄┄┄┄┄┄┄┄┄┄┄
│ 🐛 💾 Database: Getting preference value
└───────────────────────────────────────────────────────────────────────────────────────────────────────────────────────
┌───────────────────────────────────────────────────────────────────────────────────────────────────────────────────────
│ {key: testBool, value: true, wasDefault: false}
├┄┄┄┄┄┄┄┄┄┄┄┄┄┄┄┄┄┄┄┄┄┄┄┄┄┄┄┄┄┄┄┄┄┄┄┄┄┄┄┄┄┄┄┄┄┄┄┄┄┄┄┄┄┄┄┄┄┄┄┄┄┄┄┄┄┄┄┄┄┄┄┄┄┄┄┄┄┄┄┄┄┄┄┄┄┄┄┄┄┄┄┄┄┄┄┄┄┄┄┄┄┄┄┄┄┄┄┄┄┄┄┄┄┄┄┄┄┄┄
│ #0   AppLogger.database (package:filler/core/logging.dart:49:13)
│ #1   AppDatabase.getPreferenceValue (package:filler/data/database.dart:287:15)
│ #2   <asynchronous suspension>
│ #3   PreferencesRepository.getPreference (package:filler/domain/repositories.dart:618:25)
│ #4   <asynchronous suspension>
│ #5   main.<anonymous closure>.<anonymous closure> (file:///Users/mr42/code/flutter/tmp/filler/test/domain/repositories_test.dart:181:25)
│ #6   <asynchronous suspension>
│ #7   Declarer.test.<anonymous closure>.<anonymous closure> (package:test_api/src/backend/declarer.dart:242:9)
├┄┄┄┄┄┄┄┄┄┄┄┄┄┄┄┄┄┄┄┄┄┄┄┄┄┄┄┄┄┄┄┄┄┄┄┄┄┄┄┄┄┄┄┄┄┄┄┄┄┄┄┄┄┄┄┄┄┄┄┄┄┄┄┄┄┄┄┄┄┄┄┄┄┄┄┄┄┄┄┄┄┄┄┄┄┄┄┄┄┄┄┄┄┄┄┄┄┄┄┄┄┄┄┄┄┄┄┄┄┄┄┄┄┄┄┄┄┄┄
│ 07:38:50.945 (+0:00:00.323214)
├┄┄┄┄┄┄┄┄┄┄┄┄┄┄┄┄┄┄┄┄┄┄┄┄┄┄┄┄┄┄┄┄┄┄┄┄┄┄┄┄┄┄┄┄┄┄┄┄┄┄┄┄┄┄┄┄┄┄┄┄┄┄┄┄┄┄┄┄┄┄┄┄┄┄┄┄┄┄┄┄┄┄┄┄┄┄┄┄┄┄┄┄┄┄┄┄┄┄┄┄┄┄┄┄┄┄┄┄┄┄┄┄┄┄┄┄┄┄┄
│ 🐛 💾 Database: Retrieved preference
└───────────────────────────────────────────────────────────────────────────────────────────────────────────────────────
┌───────────────────────────────────────────────────────────────────────────────────────────────────────────────────────
│ {key: testString, value: test value, type: string}
├┄┄┄┄┄┄┄┄┄┄┄┄┄┄┄┄┄┄┄┄┄┄┄┄┄┄┄┄┄┄┄┄┄┄┄┄┄┄┄┄┄┄┄┄┄┄┄┄┄┄┄┄┄┄┄┄┄┄┄┄┄┄┄┄┄┄┄┄┄┄┄┄┄┄┄┄┄┄┄┄┄┄┄┄┄┄┄┄┄┄┄┄┄┄┄┄┄┄┄┄┄┄┄┄┄┄┄┄┄┄┄┄┄┄┄┄┄┄┄
│ #0   AppLogger.preferences (package:filler/core/logging.dart:64:13)
│ #1   PreferencesRepository.setPreference (package:filler/domain/repositories.dart:608:15)
│ #2   main.<anonymous closure>.<anonymous closure> (file:///Users/mr42/code/flutter/tmp/filler/test/domain/repositories_test.dart:185:23)
│ #3   <asynchronous suspension>
│ #4   Declarer.test.<anonymous closure>.<anonymous closure> (package:test_api/src/backend/declarer.dart:242:9)
│ #5   <asynchronous suspension>
│ #6   Declarer.test.<anonymous closure> (package:test_api/src/backend/declarer.dart:240:7)
│ #7   <asynchronous suspension>
├┄┄┄┄┄┄┄┄┄┄┄┄┄┄┄┄┄┄┄┄┄┄┄┄┄┄┄┄┄┄┄┄┄┄┄┄┄┄┄┄┄┄┄┄┄┄┄┄┄┄┄┄┄┄┄┄┄┄┄┄┄┄┄┄┄┄┄┄┄┄┄┄┄┄┄┄┄┄┄┄┄┄┄┄┄┄┄┄┄┄┄┄┄┄┄┄┄┄┄┄┄┄┄┄┄┄┄┄┄┄┄┄┄┄┄┄┄┄┄
│ 07:38:50.946 (+0:00:00.324384)
├┄┄┄┄┄┄┄┄┄┄┄┄┄┄┄┄┄┄┄┄┄┄┄┄┄┄┄┄┄┄┄┄┄┄┄┄┄┄┄┄┄┄┄┄┄┄┄┄┄┄┄┄┄┄┄┄┄┄┄┄┄┄┄┄┄┄┄┄┄┄┄┄┄┄┄┄┄┄┄┄┄┄┄┄┄┄┄┄┄┄┄┄┄┄┄┄┄┄┄┄┄┄┄┄┄┄┄┄┄┄┄┄┄┄┄┄┄┄┄
│ 🐛 ⚙️ Preferences: Setting individual preference
└───────────────────────────────────────────────────────────────────────────────────────────────────────────────────────
┌───────────────────────────────────────────────────────────────────────────────────────────────────────────────────────
│ {key: testString, value: test value, type: string}
├┄┄┄┄┄┄┄┄┄┄┄┄┄┄┄┄┄┄┄┄┄┄┄┄┄┄┄┄┄┄┄┄┄┄┄┄┄┄┄┄┄┄┄┄┄┄┄┄┄┄┄┄┄┄┄┄┄┄┄┄┄┄┄┄┄┄┄┄┄┄┄┄┄┄┄┄┄┄┄┄┄┄┄┄┄┄┄┄┄┄┄┄┄┄┄┄┄┄┄┄┄┄┄┄┄┄┄┄┄┄┄┄┄┄┄┄┄┄┄
│ #0   AppLogger.database (package:filler/core/logging.dart:49:13)
│ #1   AppDatabase.setPreferenceValue (package:filler/data/database.dart:301:15)
│ #2   PreferencesRepository.setPreference (package:filler/domain/repositories.dart:613:15)
│ #3   main.<anonymous closure>.<anonymous closure> (file:///Users/mr42/code/flutter/tmp/filler/test/domain/repositories_test.dart:185:23)
│ #4   <asynchronous suspension>
│ #5   Declarer.test.<anonymous closure>.<anonymous closure> (package:test_api/src/backend/declarer.dart:242:9)
│ #6   <asynchronous suspension>
│ #7   Declarer.test.<anonymous closure> (package:test_api/src/backend/declarer.dart:240:7)
├┄┄┄┄┄┄┄┄┄┄┄┄┄┄┄┄┄┄┄┄┄┄┄┄┄┄┄┄┄┄┄┄┄┄┄┄┄┄┄┄┄┄┄┄┄┄┄┄┄┄┄┄┄┄┄┄┄┄┄┄┄┄┄┄┄┄┄┄┄┄┄┄┄┄┄┄┄┄┄┄┄┄┄┄┄┄┄┄┄┄┄┄┄┄┄┄┄┄┄┄┄┄┄┄┄┄┄┄┄┄┄┄┄┄┄┄┄┄┄
│ 07:38:50.947 (+0:00:00.325448)
├┄┄┄┄┄┄┄┄┄┄┄┄┄┄┄┄┄┄┄┄┄┄┄┄┄┄┄┄┄┄┄┄┄┄┄┄┄┄┄┄┄┄┄┄┄┄┄┄┄┄┄┄┄┄┄┄┄┄┄┄┄┄┄┄┄┄┄┄┄┄┄┄┄┄┄┄┄┄┄┄┄┄┄┄┄┄┄┄┄┄┄┄┄┄┄┄┄┄┄┄┄┄┄┄┄┄┄┄┄┄┄┄┄┄┄┄┄┄┄
│ 🐛 💾 Database: Setting preference value
└───────────────────────────────────────────────────────────────────────────────────────────────────────────────────────
┌───────────────────────────────────────────────────────────────────────────────────────────────────────────────────────
│ {key: testString, value: test value}
├┄┄┄┄┄┄┄┄┄┄┄┄┄┄┄┄┄┄┄┄┄┄┄┄┄┄┄┄┄┄┄┄┄┄┄┄┄┄┄┄┄┄┄┄┄┄┄┄┄┄┄┄┄┄┄┄┄┄┄┄┄┄┄┄┄┄┄┄┄┄┄┄┄┄┄┄┄┄┄┄┄┄┄┄┄┄┄┄┄┄┄┄┄┄┄┄┄┄┄┄┄┄┄┄┄┄┄┄┄┄┄┄┄┄┄┄┄┄┄
│ #0   AppLogger.database (package:filler/core/logging.dart:49:13)
│ #1   AppDatabase.setPreferenceValue (package:filler/data/database.dart:337:17)
│ #2   <asynchronous suspension>
│ #3   PreferencesRepository.setPreference (package:filler/domain/repositories.dart:613:5)
│ #4   <asynchronous suspension>
│ #5   main.<anonymous closure>.<anonymous closure> (file:///Users/mr42/code/flutter/tmp/filler/test/domain/repositories_test.dart:185:7)
│ #6   <asynchronous suspension>
│ #7   Declarer.test.<anonymous closure>.<anonymous closure> (package:test_api/src/backend/declarer.dart:242:9)
├┄┄┄┄┄┄┄┄┄┄┄┄┄┄┄┄┄┄┄┄┄┄┄┄┄┄┄┄┄┄┄┄┄┄┄┄┄┄┄┄┄┄┄┄┄┄┄┄┄┄┄┄┄┄┄┄┄┄┄┄┄┄┄┄┄┄┄┄┄┄┄┄┄┄┄┄┄┄┄┄┄┄┄┄┄┄┄┄┄┄┄┄┄┄┄┄┄┄┄┄┄┄┄┄┄┄┄┄┄┄┄┄┄┄┄┄┄┄┄
│ 07:38:50.948 (+0:00:00.326799)
├┄┄┄┄┄┄┄┄┄┄┄┄┄┄┄┄┄┄┄┄┄┄┄┄┄┄┄┄┄┄┄┄┄┄┄┄┄┄┄┄┄┄┄┄┄┄┄┄┄┄┄┄┄┄┄┄┄┄┄┄┄┄┄┄┄┄┄┄┄┄┄┄┄┄┄┄┄┄┄┄┄┄┄┄┄┄┄┄┄┄┄┄┄┄┄┄┄┄┄┄┄┄┄┄┄┄┄┄┄┄┄┄┄┄┄┄┄┄┄
│ 🐛 💾 Database: Preference value saved
└───────────────────────────────────────────────────────────────────────────────────────────────────────────────────────
┌───────────────────────────────────────────────────────────────────────────────────────────────────────────────────────
│ {key: testString, defaultValue: default}
├┄┄┄┄┄┄┄┄┄┄┄┄┄┄┄┄┄┄┄┄┄┄┄┄┄┄┄┄┄┄┄┄┄┄┄┄┄┄┄┄┄┄┄┄┄┄┄┄┄┄┄┄┄┄┄┄┄┄┄┄┄┄┄┄┄┄┄┄┄┄┄┄┄┄┄┄┄┄┄┄┄┄┄┄┄┄┄┄┄┄┄┄┄┄┄┄┄┄┄┄┄┄┄┄┄┄┄┄┄┄┄┄┄┄┄┄┄┄┄
│ #0   AppLogger.database (package:filler/core/logging.dart:49:13)
│ #1   AppDatabase.getPreferenceValue (package:filler/data/database.dart:277:15)
│ #2   PreferencesRepository.getPreference (package:filler/domain/repositories.dart:618:35)
│ #3   main.<anonymous closure>.<anonymous closure> (file:///Users/mr42/code/flutter/tmp/filler/test/domain/repositories_test.dart:186:43)
│ #4   <asynchronous suspension>
│ #5   Declarer.test.<anonymous closure>.<anonymous closure> (package:test_api/src/backend/declarer.dart:242:9)
│ #6   <asynchronous suspension>
│ #7   Declarer.test.<anonymous closure> (package:test_api/src/backend/declarer.dart:240:7)
├┄┄┄┄┄┄┄┄┄┄┄┄┄┄┄┄┄┄┄┄┄┄┄┄┄┄┄┄┄┄┄┄┄┄┄┄┄┄┄┄┄┄┄┄┄┄┄┄┄┄┄┄┄┄┄┄┄┄┄┄┄┄┄┄┄┄┄┄┄┄┄┄┄┄┄┄┄┄┄┄┄┄┄┄┄┄┄┄┄┄┄┄┄┄┄┄┄┄┄┄┄┄┄┄┄┄┄┄┄┄┄┄┄┄┄┄┄┄┄
│ 07:38:50.950 (+0:00:00.327906)
├┄┄┄┄┄┄┄┄┄┄┄┄┄┄┄┄┄┄┄┄┄┄┄┄┄┄┄┄┄┄┄┄┄┄┄┄┄┄┄┄┄┄┄┄┄┄┄┄┄┄┄┄┄┄┄┄┄┄┄┄┄┄┄┄┄┄┄┄┄┄┄┄┄┄┄┄┄┄┄┄┄┄┄┄┄┄┄┄┄┄┄┄┄┄┄┄┄┄┄┄┄┄┄┄┄┄┄┄┄┄┄┄┄┄┄┄┄┄┄
│ 🐛 💾 Database: Getting preference value
└───────────────────────────────────────────────────────────────────────────────────────────────────────────────────────
┌───────────────────────────────────────────────────────────────────────────────────────────────────────────────────────
│ {key: testString, value: test value, wasDefault: false}
├┄┄┄┄┄┄┄┄┄┄┄┄┄┄┄┄┄┄┄┄┄┄┄┄┄┄┄┄┄┄┄┄┄┄┄┄┄┄┄┄┄┄┄┄┄┄┄┄┄┄┄┄┄┄┄┄┄┄┄┄┄┄┄┄┄┄┄┄┄┄┄┄┄┄┄┄┄┄┄┄┄┄┄┄┄┄┄┄┄┄┄┄┄┄┄┄┄┄┄┄┄┄┄┄┄┄┄┄┄┄┄┄┄┄┄┄┄┄┄
│ #0   AppLogger.database (package:filler/core/logging.dart:49:13)
│ #1   AppDatabase.getPreferenceValue (package:filler/data/database.dart:287:15)
│ #2   <asynchronous suspension>
│ #3   PreferencesRepository.getPreference (package:filler/domain/repositories.dart:618:25)
│ #4   <asynchronous suspension>
│ #5   main.<anonymous closure>.<anonymous closure> (file:///Users/mr42/code/flutter/tmp/filler/test/domain/repositories_test.dart:186:27)
│ #6   <asynchronous suspension>
│ #7   Declarer.test.<anonymous closure>.<anonymous closure> (package:test_api/src/backend/declarer.dart:242:9)
├┄┄┄┄┄┄┄┄┄┄┄┄┄┄┄┄┄┄┄┄┄┄┄┄┄┄┄┄┄┄┄┄┄┄┄┄┄┄┄┄┄┄┄┄┄┄┄┄┄┄┄┄┄┄┄┄┄┄┄┄┄┄┄┄┄┄┄┄┄┄┄┄┄┄┄┄┄┄┄┄┄┄┄┄┄┄┄┄┄┄┄┄┄┄┄┄┄┄┄┄┄┄┄┄┄┄┄┄┄┄┄┄┄┄┄┄┄┄┄
│ 07:38:50.951 (+0:00:00.329356)
├┄┄┄┄┄┄┄┄┄┄┄┄┄┄┄┄┄┄┄┄┄┄┄┄┄┄┄┄┄┄┄┄┄┄┄┄┄┄┄┄┄┄┄┄┄┄┄┄┄┄┄┄┄┄┄┄┄┄┄┄┄┄┄┄┄┄┄┄┄┄┄┄┄┄┄┄┄┄┄┄┄┄┄┄┄┄┄┄┄┄┄┄┄┄┄┄┄┄┄┄┄┄┄┄┄┄┄┄┄┄┄┄┄┄┄┄┄┄┄
│ 🐛 💾 Database: Retrieved preference
└───────────────────────────────────────────────────────────────────────────────────────────────────────────────────────
┌───────────────────────────────────────────────────────────────────────────────────────────────────────────────────────
│ #0   TestHelpers.cleanup (file:///Users/mr42/code/flutter/tmp/filler/test/helpers/test_helpers.dart:152:24)
│ #1   main.<anonymous closure> (file:///Users/mr42/code/flutter/tmp/filler/test/domain/repositories_test.dart:21:23)
├┄┄┄┄┄┄┄┄┄┄┄┄┄┄┄┄┄┄┄┄┄┄┄┄┄┄┄┄┄┄┄┄┄┄┄┄┄┄┄┄┄┄┄┄┄┄┄┄┄┄┄┄┄┄┄┄┄┄┄┄┄┄┄┄┄┄┄┄┄┄┄┄┄┄┄┄┄┄┄┄┄┄┄┄┄┄┄┄┄┄┄┄┄┄┄┄┄┄┄┄┄┄┄┄┄┄┄┄┄┄┄┄┄┄┄┄┄┄┄
│ 07:38:50.952 (+0:00:00.330569)
├┄┄┄┄┄┄┄┄┄┄┄┄┄┄┄┄┄┄┄┄┄┄┄┄┄┄┄┄┄┄┄┄┄┄┄┄┄┄┄┄┄┄┄┄┄┄┄┄┄┄┄┄┄┄┄┄┄┄┄┄┄┄┄┄┄┄┄┄┄┄┄┄┄┄┄┄┄┄┄┄┄┄┄┄┄┄┄┄┄┄┄┄┄┄┄┄┄┄┄┄┄┄┄┄┄┄┄┄┄┄┄┄┄┄┄┄┄┄┄
│ 🐛 🧹 Cleaning up test environment
└───────────────────────────────────────────────────────────────────────────────────────────────────────────────────────
┌───────────────────────────────────────────────────────────────────────────────────────────────────────────────────────
│ #0   TestHelpers.cleanup (file:///Users/mr42/code/flutter/tmp/filler/test/helpers/test_helpers.dart:166:26)
│ #1   main.<anonymous closure> (file:///Users/mr42/code/flutter/tmp/filler/test/domain/repositories_test.dart:21:23)
├┄┄┄┄┄┄┄┄┄┄┄┄┄┄┄┄┄┄┄┄┄┄┄┄┄┄┄┄┄┄┄┄┄┄┄┄┄┄┄┄┄┄┄┄┄┄┄┄┄┄┄┄┄┄┄┄┄┄┄┄┄┄┄┄┄┄┄┄┄┄┄┄┄┄┄┄┄┄┄┄┄┄┄┄┄┄┄┄┄┄┄┄┄┄┄┄┄┄┄┄┄┄┄┄┄┄┄┄┄┄┄┄┄┄┄┄┄┄┄
│ 07:38:50.954 (+0:00:00.332831)
├┄┄┄┄┄┄┄┄┄┄┄┄┄┄┄┄┄┄┄┄┄┄┄┄┄┄┄┄┄┄┄┄┄┄┄┄┄┄┄┄┄┄┄┄┄┄┄┄┄┄┄┄┄┄┄┄┄┄┄┄┄┄┄┄┄┄┄┄┄┄┄┄┄┄┄┄┄┄┄┄┄┄┄┄┄┄┄┄┄┄┄┄┄┄┄┄┄┄┄┄┄┄┄┄┄┄┄┄┄┄┄┄┄┄┄┄┄┄┄
│ 🐛 ✅ Test cleanup completed
└───────────────────────────────────────────────────────────────────────────────────────────────────────────────────────

00:04 +65 -2: /Users/mr42/code/flutter/tmp/filler/test/integration/page_state_transitions_test.dart: BLoC State Transitions - All Pages Canvas BLoC - Paint State Transitions                          
00:05 +65 -2: /Users/mr42/code/flutter/tmp/filler/test/integration/page_state_transitions_test.dart: BLoC State Transitions - All Pages Canvas BLoC - Paint State Transitions                          
00:05 +65 -2: /Users/mr42/code/flutter/tmp/filler/test/integration/page_state_transitions_test.dart: BLoC State Transitions - All Pages Canvas BLoC - Paint State Transitions                          
┌───────────────────────────────────────────────────────────────────────────────────────────────────────────────────────
│ {from: 1, to: 2}
├┄┄┄┄┄┄┄┄┄┄┄┄┄┄┄┄┄┄┄┄┄┄┄┄┄┄┄┄┄┄┄┄┄┄┄┄┄┄┄┄┄┄┄┄┄┄┄┄┄┄┄┄┄┄┄┄┄┄┄┄┄┄┄┄┄┄┄┄┄┄┄┄┄┄┄┄┄┄┄┄┄┄┄┄┄┄┄┄┄┄┄┄┄┄┄┄┄┄┄┄┄┄┄┄┄┄┄┄┄┄┄┄┄┄┄┄┄┄┄
│ #0   AppLogger.canvas (package:filler/core/logging.dart:59:13)
│ #1   new CanvasBloc.<anonymous closure>.<anonymous closure> (package:filler/features/canvas/presentation/canvas_bloc.dart:228:25)
│ #2   _$ReadyImpl.maybeWhen (package:filler/features/canvas/presentation/canvas_bloc.freezed.dart:2714:19)
│ #3   new CanvasBloc.<anonymous closure> (package:filler/features/canvas/presentation/canvas_bloc.dart:215:13)
│ #4   Bloc.on.<anonymous closure>.handleEvent (package:bloc/src/bloc.dart:226:26)
│ #5   Bloc.on.<anonymous closure> (package:bloc/src/bloc.dart:235:9)
│ #6   _MapStream._handleData (dart:async/stream_pipe.dart:247:31)
│ #7   _ForwardingStreamSubscription._handleData (dart:async/stream_pipe.dart:184:13)
├┄┄┄┄┄┄┄┄┄┄┄┄┄┄┄┄┄┄┄┄┄┄┄┄┄┄┄┄┄┄┄┄┄┄┄┄┄┄┄┄┄┄┄┄┄┄┄┄┄┄┄┄┄┄┄┄┄┄┄┄┄┄┄┄┄┄┄┄┄┄┄┄┄┄┄┄┄┄┄┄┄┄┄┄┄┄┄┄┄┄┄┄┄┄┄┄┄┄┄┄┄┄┄┄┄┄┄┄┄┄┄┄┄┄┄┄┄┄┄
│ 07:38:51.289 (+0:00:03.485057)
├┄┄┄┄┄┄┄┄┄┄┄┄┄┄┄┄┄┄┄┄┄┄┄┄┄┄┄┄┄┄┄┄┄┄┄┄┄┄┄┄┄┄┄┄┄┄┄┄┄┄┄┄┄┄┄┄┄┄┄┄┄┄┄┄┄┄┄┄┄┄┄┄┄┄┄┄┄┄┄┄┄┄┄┄┄┄┄┄┄┄┄┄┄┄┄┄┄┄┄┄┄┄┄┄┄┄┄┄┄┄┄┄┄┄┄┄┄┄┄
│ 🐛 🎨 Canvas: Active color changed
└───────────────────────────────────────────────────────────────────────────────────────────────────────────────────────
┌───────────────────────────────────────────────────────────────────────────────────────────────────────────────────────
│ {index: 0, pattern: 2, position: 0,0}
├┄┄┄┄┄┄┄┄┄┄┄┄┄┄┄┄┄┄┄┄┄┄┄┄┄┄┄┄┄┄┄┄┄┄┄┄┄┄┄┄┄┄┄┄┄┄┄┄┄┄┄┄┄┄┄┄┄┄┄┄┄┄┄┄┄┄┄┄┄┄┄┄┄┄┄┄┄┄┄┄┄┄┄┄┄┄┄┄┄┄┄┄┄┄┄┄┄┄┄┄┄┄┄┄┄┄┄┄┄┄┄┄┄┄┄┄┄┄┄
│ #0   AppLogger.canvas (package:filler/core/logging.dart:59:13)
│ #1   new CanvasBloc.<anonymous closure>.<anonymous closure> (package:filler/features/canvas/presentation/canvas_bloc.dart:275:25)
│ #2   _$ReadyImpl.maybeWhen (package:filler/features/canvas/presentation/canvas_bloc.freezed.dart:2714:19)
│ #3   new CanvasBloc.<anonymous closure> (package:filler/features/canvas/presentation/canvas_bloc.dart:251:13)
│ #4   Bloc.on.<anonymous closure>.handleEvent (package:bloc/src/bloc.dart:226:26)
│ #5   Bloc.on.<anonymous closure> (package:bloc/src/bloc.dart:235:9)
│ #6   _MapStream._handleData (dart:async/stream_pipe.dart:247:31)
│ #7   _ForwardingStreamSubscription._handleData (dart:async/stream_pipe.dart:184:13)
├┄┄┄┄┄┄┄┄┄┄┄┄┄┄┄┄┄┄┄┄┄┄┄┄┄┄┄┄┄┄┄┄┄┄┄┄┄┄┄┄┄┄┄┄┄┄┄┄┄┄┄┄┄┄┄┄┄┄┄┄┄┄┄┄┄┄┄┄┄┄┄┄┄┄┄┄┄┄┄┄┄┄┄┄┄┄┄┄┄┄┄┄┄┄┄┄┄┄┄┄┄┄┄┄┄┄┄┄┄┄┄┄┄┄┄┄┄┄┄
│ 07:38:51.393 (+0:00:03.589500)
├┄┄┄┄┄┄┄┄┄┄┄┄┄┄┄┄┄┄┄┄┄┄┄┄┄┄┄┄┄┄┄┄┄┄┄┄┄┄┄┄┄┄┄┄┄┄┄┄┄┄┄┄┄┄┄┄┄┄┄┄┄┄┄┄┄┄┄┄┄┄┄┄┄┄┄┄┄┄┄┄┄┄┄┄┄┄┄┄┄┄┄┄┄┄┄┄┄┄┄┄┄┄┄┄┄┄┄┄┄┄┄┄┄┄┄┄┄┄┄
│ 🐛 🎨 Canvas: Pixel painted
└───────────────────────────────────────────────────────────────────────────────────────────────────────────────────────
┌───────────────────────────────────────────────────────────────────────────────────────────────────────────────────────
│ {index: 5, pattern: 2, position: 5,0}
├┄┄┄┄┄┄┄┄┄┄┄┄┄┄┄┄┄┄┄┄┄┄┄┄┄┄┄┄┄┄┄┄┄┄┄┄┄┄┄┄┄┄┄┄┄┄┄┄┄┄┄┄┄┄┄┄┄┄┄┄┄┄┄┄┄┄┄┄┄┄┄┄┄┄┄┄┄┄┄┄┄┄┄┄┄┄┄┄┄┄┄┄┄┄┄┄┄┄┄┄┄┄┄┄┄┄┄┄┄┄┄┄┄┄┄┄┄┄┄
│ #0   AppLogger.canvas (package:filler/core/logging.dart:59:13)
│ #1   new CanvasBloc.<anonymous closure>.<anonymous closure> (package:filler/features/canvas/presentation/canvas_bloc.dart:275:25)
│ #2   _$ReadyImpl.maybeWhen (package:filler/features/canvas/presentation/canvas_bloc.freezed.dart:2714:19)
│ #3   new CanvasBloc.<anonymous closure> (package:filler/features/canvas/presentation/canvas_bloc.dart:251:13)
│ #4   Bloc.on.<anonymous closure>.handleEvent (package:bloc/src/bloc.dart:226:26)
│ #5   Bloc.on.<anonymous closure> (package:bloc/src/bloc.dart:235:9)
│ #6   _MapStream._handleData (dart:async/stream_pipe.dart:247:31)
│ #7   _ForwardingStreamSubscription._handleData (dart:async/stream_pipe.dart:184:13)
├┄┄┄┄┄┄┄┄┄┄┄┄┄┄┄┄┄┄┄┄┄┄┄┄┄┄┄┄┄┄┄┄┄┄┄┄┄┄┄┄┄┄┄┄┄┄┄┄┄┄┄┄┄┄┄┄┄┄┄┄┄┄┄┄┄┄┄┄┄┄┄┄┄┄┄┄┄┄┄┄┄┄┄┄┄┄┄┄┄┄┄┄┄┄┄┄┄┄┄┄┄┄┄┄┄┄┄┄┄┄┄┄┄┄┄┄┄┄┄
│ 07:38:51.408 (+0:00:03.603917)
├┄┄┄┄┄┄┄┄┄┄┄┄┄┄┄┄┄┄┄┄┄┄┄┄┄┄┄┄┄┄┄┄┄┄┄┄┄┄┄┄┄┄┄┄┄┄┄┄┄┄┄┄┄┄┄┄┄┄┄┄┄┄┄┄┄┄┄┄┄┄┄┄┄┄┄┄┄┄┄┄┄┄┄┄┄┄┄┄┄┄┄┄┄┄┄┄┄┄┄┄┄┄┄┄┄┄┄┄┄┄┄┄┄┄┄┄┄┄┄
│ 🐛 🎨 Canvas: Pixel painted
└───────────────────────────────────────────────────────────────────────────────────────────────────────────────────────
┌───────────────────────────────────────────────────────────────────────────────────────────────────────────────────────
│ {index: 10, pattern: 2, position: 0,1}
├┄┄┄┄┄┄┄┄┄┄┄┄┄┄┄┄┄┄┄┄┄┄┄┄┄┄┄┄┄┄┄┄┄┄┄┄┄┄┄┄┄┄┄┄┄┄┄┄┄┄┄┄┄┄┄┄┄┄┄┄┄┄┄┄┄┄┄┄┄┄┄┄┄┄┄┄┄┄┄┄┄┄┄┄┄┄┄┄┄┄┄┄┄┄┄┄┄┄┄┄┄┄┄┄┄┄┄┄┄┄┄┄┄┄┄┄┄┄┄
│ #0   AppLogger.canvas (package:filler/core/logging.dart:59:13)
│ #1   new CanvasBloc.<anonymous closure>.<anonymous closure> (package:filler/features/canvas/presentation/canvas_bloc.dart:275:25)
│ #2   _$ReadyImpl.maybeWhen (package:filler/features/canvas/presentation/canvas_bloc.freezed.dart:2714:19)
│ #3   new CanvasBloc.<anonymous closure> (package:filler/features/canvas/presentation/canvas_bloc.dart:251:13)
│ #4   Bloc.on.<anonymous closure>.handleEvent (package:bloc/src/bloc.dart:226:26)
│ #5   Bloc.on.<anonymous closure> (package:bloc/src/bloc.dart:235:9)
│ #6   _MapStream._handleData (dart:async/stream_pipe.dart:247:31)
│ #7   _ForwardingStreamSubscription._handleData (dart:async/stream_pipe.dart:184:13)
├┄┄┄┄┄┄┄┄┄┄┄┄┄┄┄┄┄┄┄┄┄┄┄┄┄┄┄┄┄┄┄┄┄┄┄┄┄┄┄┄┄┄┄┄┄┄┄┄┄┄┄┄┄┄┄┄┄┄┄┄┄┄┄┄┄┄┄┄┄┄┄┄┄┄┄┄┄┄┄┄┄┄┄┄┄┄┄┄┄┄┄┄┄┄┄┄┄┄┄┄┄┄┄┄┄┄┄┄┄┄┄┄┄┄┄┄┄┄┄
│ 07:38:51.416 (+0:00:03.612473)
├┄┄┄┄┄┄┄┄┄┄┄┄┄┄┄┄┄┄┄┄┄┄┄┄┄┄┄┄┄┄┄┄┄┄┄┄┄┄┄┄┄┄┄┄┄┄┄┄┄┄┄┄┄┄┄┄┄┄┄┄┄┄┄┄┄┄┄┄┄┄┄┄┄┄┄┄┄┄┄┄┄┄┄┄┄┄┄┄┄┄┄┄┄┄┄┄┄┄┄┄┄┄┄┄┄┄┄┄┄┄┄┄┄┄┄┄┄┄┄
│ 🐛 🎨 Canvas: Pixel painted
└───────────────────────────────────────────────────────────────────────────────────────────────────────────────────────

00:05 +65 -3: /Users/mr42/code/flutter/tmp/filler/test/integration/page_state_transitions_test.dart: BLoC State Transitions - All Pages Canvas BLoC - Paint State Transitions [E]                      
  Expected: <4280391411>
    Actual: <1>
  
  package:matcher                                                               expect
  package:flutter_test/src/widget_tester.dart 473:18                            expect
  test/integration/page_state_transitions_test.dart 236:11                      main.<fn>.<fn>.<fn>
  package:filler/features/canvas/presentation/canvas_bloc.freezed.dart 2714:19  _$ReadyImpl.maybeWhen
  test/integration/page_state_transitions_test.dart 229:24                      main.<fn>.<fn>
  
┌───────────────────────────────────────────────────────────────────────────────────────────────────────────────────────
│ #0   TestHelpers.cleanup (file:///Users/mr42/code/flutter/tmp/filler/test/helpers/test_helpers.dart:152:24)
│ #1   main.<anonymous closure> (file:///Users/mr42/code/flutter/tmp/filler/test/integration/page_state_transitions_test.dart:35:23)
├┄┄┄┄┄┄┄┄┄┄┄┄┄┄┄┄┄┄┄┄┄┄┄┄┄┄┄┄┄┄┄┄┄┄┄┄┄┄┄┄┄┄┄┄┄┄┄┄┄┄┄┄┄┄┄┄┄┄┄┄┄┄┄┄┄┄┄┄┄┄┄┄┄┄┄┄┄┄┄┄┄┄┄┄┄┄┄┄┄┄┄┄┄┄┄┄┄┄┄┄┄┄┄┄┄┄┄┄┄┄┄┄┄┄┄┄┄┄┄
│ 07:38:51.516 (+0:00:03.712091)
├┄┄┄┄┄┄┄┄┄┄┄┄┄┄┄┄┄┄┄┄┄┄┄┄┄┄┄┄┄┄┄┄┄┄┄┄┄┄┄┄┄┄┄┄┄┄┄┄┄┄┄┄┄┄┄┄┄┄┄┄┄┄┄┄┄┄┄┄┄┄┄┄┄┄┄┄┄┄┄┄┄┄┄┄┄┄┄┄┄┄┄┄┄┄┄┄┄┄┄┄┄┄┄┄┄┄┄┄┄┄┄┄┄┄┄┄┄┄┄
│ 🐛 🧹 Cleaning up test environment
└───────────────────────────────────────────────────────────────────────────────────────────────────────────────────────
┌───────────────────────────────────────────────────────────────────────────────────────────────────────────────────────
│ #0   TestHelpers.cleanup (file:///Users/mr42/code/flutter/tmp/filler/test/helpers/test_helpers.dart:166:26)
│ #1   main.<anonymous closure> (file:///Users/mr42/code/flutter/tmp/filler/test/integration/page_state_transitions_test.dart:35:23)
├┄┄┄┄┄┄┄┄┄┄┄┄┄┄┄┄┄┄┄┄┄┄┄┄┄┄┄┄┄┄┄┄┄┄┄┄┄┄┄┄┄┄┄┄┄┄┄┄┄┄┄┄┄┄┄┄┄┄┄┄┄┄┄┄┄┄┄┄┄┄┄┄┄┄┄┄┄┄┄┄┄┄┄┄┄┄┄┄┄┄┄┄┄┄┄┄┄┄┄┄┄┄┄┄┄┄┄┄┄┄┄┄┄┄┄┄┄┄┄
│ 07:38:51.519 (+0:00:03.715066)
├┄┄┄┄┄┄┄┄┄┄┄┄┄┄┄┄┄┄┄┄┄┄┄┄┄┄┄┄┄┄┄┄┄┄┄┄┄┄┄┄┄┄┄┄┄┄┄┄┄┄┄┄┄┄┄┄┄┄┄┄┄┄┄┄┄┄┄┄┄┄┄┄┄┄┄┄┄┄┄┄┄┄┄┄┄┄┄┄┄┄┄┄┄┄┄┄┄┄┄┄┄┄┄┄┄┄┄┄┄┄┄┄┄┄┄┄┄┄┄
│ 🐛 ✅ Test cleanup completed
└───────────────────────────────────────────────────────────────────────────────────────────────────────────────────────

To run this test again: /Users/mr42/bin/flutter/bin/cache/dart-sdk/bin/dart test /Users/mr42/code/flutter/tmp/filler/test/integration/page_state_transitions_test.dart -p vm --plain-name 'BLoC State Transitions - All Pages Canvas BLoC - Paint State Transitions'

00:05 +65 -3: /Users/mr42/code/flutter/tmp/filler/test/integration/page_state_transitions_test.dart: BLoC State Transitions - All Pages Canvas BLoC - Save State Transitions                           
00:05 +65 -3: /Users/mr42/code/flutter/tmp/filler/test/integration/page_state_transitions_test.dart: BLoC State Transitions - All Pages Canvas BLoC - Save State Transitions                           
┌───────────────────────────────────────────────────────────────────────────────────────────────────────────────────────
│ #0   TestHelpers.createTestDatabase (file:///Users/mr42/code/flutter/tmp/filler/test/helpers/test_helpers.dart:30:24)
│ #1   main.<anonymous closure> (file:///Users/mr42/code/flutter/tmp/filler/test/integration/page_state_transitions_test.dart:22:28)
├┄┄┄┄┄┄┄┄┄┄┄┄┄┄┄┄┄┄┄┄┄┄┄┄┄┄┄┄┄┄┄┄┄┄┄┄┄┄┄┄┄┄┄┄┄┄┄┄┄┄┄┄┄┄┄┄┄┄┄┄┄┄┄┄┄┄┄┄┄┄┄┄┄┄┄┄┄┄┄┄┄┄┄┄┄┄┄┄┄┄┄┄┄┄┄┄┄┄┄┄┄┄┄┄┄┄┄┄┄┄┄┄┄┄┄┄┄┄┄
│ 07:38:51.521 (+0:00:03.717102)
├┄┄┄┄┄┄┄┄┄┄┄┄┄┄┄┄┄┄┄┄┄┄┄┄┄┄┄┄┄┄┄┄┄┄┄┄┄┄┄┄┄┄┄┄┄┄┄┄┄┄┄┄┄┄┄┄┄┄┄┄┄┄┄┄┄┄┄┄┄┄┄┄┄┄┄┄┄┄┄┄┄┄┄┄┄┄┄┄┄┄┄┄┄┄┄┄┄┄┄┄┄┄┄┄┄┄┄┄┄┄┄┄┄┄┄┄┄┄┄
│ 🐛 🗄️ Creating test database
└───────────────────────────────────────────────────────────────────────────────────────────────────────────────────────
┌───────────────────────────────────────────────────────────────────────────────────────────────────────────────────────
│ #0   AppLogger.bloc (package:filler/core/logging.dart:44:13)
│ #1   new CanvasBloc (package:filler/features/canvas/presentation/canvas_bloc.dart:106:15)
├┄┄┄┄┄┄┄┄┄┄┄┄┄┄┄┄┄┄┄┄┄┄┄┄┄┄┄┄┄┄┄┄┄┄┄┄┄┄┄┄┄┄┄┄┄┄┄┄┄┄┄┄┄┄┄┄┄┄┄┄┄┄┄┄┄┄┄┄┄┄┄┄┄┄┄┄┄┄┄┄┄┄┄┄┄┄┄┄┄┄┄┄┄┄┄┄┄┄┄┄┄┄┄┄┄┄┄┄┄┄┄┄┄┄┄┄┄┄┄
│ 07:38:51.522 (+0:00:03.717859)
├┄┄┄┄┄┄┄┄┄┄┄┄┄┄┄┄┄┄┄┄┄┄┄┄┄┄┄┄┄┄┄┄┄┄┄┄┄┄┄┄┄┄┄┄┄┄┄┄┄┄┄┄┄┄┄┄┄┄┄┄┄┄┄┄┄┄┄┄┄┄┄┄┄┄┄┄┄┄┄┄┄┄┄┄┄┄┄┄┄┄┄┄┄┄┄┄┄┄┄┄┄┄┄┄┄┄┄┄┄┄┄┄┄┄┄┄┄┄┄
│ 🐛 🔄 BLoC[Canvas]: BLoC Created | null → initial
└───────────────────────────────────────────────────────────────────────────────────────────────────────────────────────
┌───────────────────────────────────────────────────────────────────────────────────────────────────────────────────────
│ #0   AppLogger.bloc (package:filler/core/logging.dart:44:13)
│ #1   new GalleryBloc (package:filler/features/gallery/presentation/gallery_bloc.dart:77:15)
├┄┄┄┄┄┄┄┄┄┄┄┄┄┄┄┄┄┄┄┄┄┄┄┄┄┄┄┄┄┄┄┄┄┄┄┄┄┄┄┄┄┄┄┄┄┄┄┄┄┄┄┄┄┄┄┄┄┄┄┄┄┄┄┄┄┄┄┄┄┄┄┄┄┄┄┄┄┄┄┄┄┄┄┄┄┄┄┄┄┄┄┄┄┄┄┄┄┄┄┄┄┄┄┄┄┄┄┄┄┄┄┄┄┄┄┄┄┄┄
│ 07:38:51.523 (+0:00:03.719290)
├┄┄┄┄┄┄┄┄┄┄┄┄┄┄┄┄┄┄┄┄┄┄┄┄┄┄┄┄┄┄┄┄┄┄┄┄┄┄┄┄┄┄┄┄┄┄┄┄┄┄┄┄┄┄┄┄┄┄┄┄┄┄┄┄┄┄┄┄┄┄┄┄┄┄┄┄┄┄┄┄┄┄┄┄┄┄┄┄┄┄┄┄┄┄┄┄┄┄┄┄┄┄┄┄┄┄┄┄┄┄┄┄┄┄┄┄┄┄┄
│ 🐛 🔄 BLoC[Gallery]: BLoC Created | null → initial
└───────────────────────────────────────────────────────────────────────────────────────────────────────────────────────
┌───────────────────────────────────────────────────────────────────────────────────────────────────────────────────────
│ #0   AppLogger.bloc (package:filler/core/logging.dart:44:13)
│ #1   new PreferencesBloc (package:filler/features/prefs/presentation/preferences_bloc.dart:77:15)
├┄┄┄┄┄┄┄┄┄┄┄┄┄┄┄┄┄┄┄┄┄┄┄┄┄┄┄┄┄┄┄┄┄┄┄┄┄┄┄┄┄┄┄┄┄┄┄┄┄┄┄┄┄┄┄┄┄┄┄┄┄┄┄┄┄┄┄┄┄┄┄┄┄┄┄┄┄┄┄┄┄┄┄┄┄┄┄┄┄┄┄┄┄┄┄┄┄┄┄┄┄┄┄┄┄┄┄┄┄┄┄┄┄┄┄┄┄┄┄
│ 07:38:51.524 (+0:00:03.720069)
├┄┄┄┄┄┄┄┄┄┄┄┄┄┄┄┄┄┄┄┄┄┄┄┄┄┄┄┄┄┄┄┄┄┄┄┄┄┄┄┄┄┄┄┄┄┄┄┄┄┄┄┄┄┄┄┄┄┄┄┄┄┄┄┄┄┄┄┄┄┄┄┄┄┄┄┄┄┄┄┄┄┄┄┄┄┄┄┄┄┄┄┄┄┄┄┄┄┄┄┄┄┄┄┄┄┄┄┄┄┄┄┄┄┄┄┄┄┄┄
│ 🐛 🔄 BLoC[Preferences]: BLoC Created | null → initial
└───────────────────────────────────────────────────────────────────────────────────────────────────────────────────────
┌───────────────────────────────────────────────────────────────────────────────────────────────────────────────────────
│ #0   AppLogger.bloc (package:filler/core/logging.dart:44:13)
│ #1   new CanvasBloc.<anonymous closure> (package:filler/features/canvas/presentation/canvas_bloc.dart:108:17)
├┄┄┄┄┄┄┄┄┄┄┄┄┄┄┄┄┄┄┄┄┄┄┄┄┄┄┄┄┄┄┄┄┄┄┄┄┄┄┄┄┄┄┄┄┄┄┄┄┄┄┄┄┄┄┄┄┄┄┄┄┄┄┄┄┄┄┄┄┄┄┄┄┄┄┄┄┄┄┄┄┄┄┄┄┄┄┄┄┄┄┄┄┄┄┄┄┄┄┄┄┄┄┄┄┄┄┄┄┄┄┄┄┄┄┄┄┄┄┄
│ 07:38:51.526 (+0:00:03.722005)
├┄┄┄┄┄┄┄┄┄┄┄┄┄┄┄┄┄┄┄┄┄┄┄┄┄┄┄┄┄┄┄┄┄┄┄┄┄┄┄┄┄┄┄┄┄┄┄┄┄┄┄┄┄┄┄┄┄┄┄┄┄┄┄┄┄┄┄┄┄┄┄┄┄┄┄┄┄┄┄┄┄┄┄┄┄┄┄┄┄┄┄┄┄┄┄┄┄┄┄┄┄┄┄┄┄┄┄┄┄┄┄┄┄┄┄┄┄┄┄
│ 🐛 🔄 BLoC[Canvas]: Init Event | initial → loading
└───────────────────────────────────────────────────────────────────────────────────────────────────────────────────────
┌───────────────────────────────────────────────────────────────────────────────────────────────────────────────────────
│ #0   AppLogger.preferences (package:filler/core/logging.dart:64:13)
│ #1   PreferencesRepository.get (package:filler/domain/repositories.dart:423:15)
├┄┄┄┄┄┄┄┄┄┄┄┄┄┄┄┄┄┄┄┄┄┄┄┄┄┄┄┄┄┄┄┄┄┄┄┄┄┄┄┄┄┄┄┄┄┄┄┄┄┄┄┄┄┄┄┄┄┄┄┄┄┄┄┄┄┄┄┄┄┄┄┄┄┄┄┄┄┄┄┄┄┄┄┄┄┄┄┄┄┄┄┄┄┄┄┄┄┄┄┄┄┄┄┄┄┄┄┄┄┄┄┄┄┄┄┄┄┄┄
│ 07:38:51.526 (+0:00:03.722717)
├┄┄┄┄┄┄┄┄┄┄┄┄┄┄┄┄┄┄┄┄┄┄┄┄┄┄┄┄┄┄┄┄┄┄┄┄┄┄┄┄┄┄┄┄┄┄┄┄┄┄┄┄┄┄┄┄┄┄┄┄┄┄┄┄┄┄┄┄┄┄┄┄┄┄┄┄┄┄┄┄┄┄┄┄┄┄┄┄┄┄┄┄┄┄┄┄┄┄┄┄┄┄┄┄┄┄┄┄┄┄┄┄┄┄┄┄┄┄┄
│ 🐛 ⚙️ Preferences: Fetching preferences from key-value store
└───────────────────────────────────────────────────────────────────────────────────────────────────────────────────────
┌───────────────────────────────────────────────────────────────────────────────────────────────────────────────────────
│ #0   AppLogger.database (package:filler/core/logging.dart:49:13)
│ #1   AppDatabase.getAllPreferences (package:filler/data/database.dart:354:15)
├┄┄┄┄┄┄┄┄┄┄┄┄┄┄┄┄┄┄┄┄┄┄┄┄┄┄┄┄┄┄┄┄┄┄┄┄┄┄┄┄┄┄┄┄┄┄┄┄┄┄┄┄┄┄┄┄┄┄┄┄┄┄┄┄┄┄┄┄┄┄┄┄┄┄┄┄┄┄┄┄┄┄┄┄┄┄┄┄┄┄┄┄┄┄┄┄┄┄┄┄┄┄┄┄┄┄┄┄┄┄┄┄┄┄┄┄┄┄┄
│ 07:38:51.527 (+0:00:03.723382)
├┄┄┄┄┄┄┄┄┄┄┄┄┄┄┄┄┄┄┄┄┄┄┄┄┄┄┄┄┄┄┄┄┄┄┄┄┄┄┄┄┄┄┄┄┄┄┄┄┄┄┄┄┄┄┄┄┄┄┄┄┄┄┄┄┄┄┄┄┄┄┄┄┄┄┄┄┄┄┄┄┄┄┄┄┄┄┄┄┄┄┄┄┄┄┄┄┄┄┄┄┄┄┄┄┄┄┄┄┄┄┄┄┄┄┄┄┄┄┄
│ 🐛 💾 Database: Fetching all preferences
└───────────────────────────────────────────────────────────────────────────────────────────────────────────────────────
┌───────────────────────────────────────────────────────────────────────────────────────────────────────────────────────
│ #0   AppLogger.database (package:filler/core/logging.dart:49:13)
│ #1   createTestDatabaseConnection.<anonymous closure> (package:filler/data/database_connection.dart:22:15)
├┄┄┄┄┄┄┄┄┄┄┄┄┄┄┄┄┄┄┄┄┄┄┄┄┄┄┄┄┄┄┄┄┄┄┄┄┄┄┄┄┄┄┄┄┄┄┄┄┄┄┄┄┄┄┄┄┄┄┄┄┄┄┄┄┄┄┄┄┄┄┄┄┄┄┄┄┄┄┄┄┄┄┄┄┄┄┄┄┄┄┄┄┄┄┄┄┄┄┄┄┄┄┄┄┄┄┄┄┄┄┄┄┄┄┄┄┄┄┄
│ 07:38:51.528 (+0:00:03.724071)
├┄┄┄┄┄┄┄┄┄┄┄┄┄┄┄┄┄┄┄┄┄┄┄┄┄┄┄┄┄┄┄┄┄┄┄┄┄┄┄┄┄┄┄┄┄┄┄┄┄┄┄┄┄┄┄┄┄┄┄┄┄┄┄┄┄┄┄┄┄┄┄┄┄┄┄┄┄┄┄┄┄┄┄┄┄┄┄┄┄┄┄┄┄┄┄┄┄┄┄┄┄┄┄┄┄┄┄┄┄┄┄┄┄┄┄┄┄┄┄
│ 🐛 💾 Database: Test AppDatabase instance created (in-memory)
└───────────────────────────────────────────────────────────────────────────────────────────────────────────────────────
┌───────────────────────────────────────────────────────────────────────────────────────────────────────────────────────
│ {version: 4, wasCreated: true, hadUpgrade: false}
├┄┄┄┄┄┄┄┄┄┄┄┄┄┄┄┄┄┄┄┄┄┄┄┄┄┄┄┄┄┄┄┄┄┄┄┄┄┄┄┄┄┄┄┄┄┄┄┄┄┄┄┄┄┄┄┄┄┄┄┄┄┄┄┄┄┄┄┄┄┄┄┄┄┄┄┄┄┄┄┄┄┄┄┄┄┄┄┄┄┄┄┄┄┄┄┄┄┄┄┄┄┄┄┄┄┄┄┄┄┄┄┄┄┄┄┄┄┄┄
│ #0   AppLogger.database (package:filler/core/logging.dart:49:13)
│ #1   AppDatabase.migration.<anonymous closure> (package:filler/data/database.dart:211:17)
│ #2   GeneratedDatabase.beforeOpen.<anonymous closure> (package:drift/src/runtime/api/db_base.dart:137:44)
│ #3   <asynchronous suspension>
│ #4   DelegatedDatabase._runMigrations (package:drift/src/runtime/executor/helpers/engines.dart:512:5)
│ #5   <asynchronous suspension>
│ #6   DelegatedDatabase.ensureOpen.<anonymous closure> (package:drift/src/runtime/executor/helpers/engines.dart:476:9)
│ #7   <asynchronous suspension>
├┄┄┄┄┄┄┄┄┄┄┄┄┄┄┄┄┄┄┄┄┄┄┄┄┄┄┄┄┄┄┄┄┄┄┄┄┄┄┄┄┄┄┄┄┄┄┄┄┄┄┄┄┄┄┄┄┄┄┄┄┄┄┄┄┄┄┄┄┄┄┄┄┄┄┄┄┄┄┄┄┄┄┄┄┄┄┄┄┄┄┄┄┄┄┄┄┄┄┄┄┄┄┄┄┄┄┄┄┄┄┄┄┄┄┄┄┄┄┄
│ 07:38:51.529 (+0:00:03.725640)
├┄┄┄┄┄┄┄┄┄┄┄┄┄┄┄┄┄┄┄┄┄┄┄┄┄┄┄┄┄┄┄┄┄┄┄┄┄┄┄┄┄┄┄┄┄┄┄┄┄┄┄┄┄┄┄┄┄┄┄┄┄┄┄┄┄┄┄┄┄┄┄┄┄┄┄┄┄┄┄┄┄┄┄┄┄┄┄┄┄┄┄┄┄┄┄┄┄┄┄┄┄┄┄┄┄┄┄┄┄┄┄┄┄┄┄┄┄┄┄
│ 🐛 💾 Database: Database opened
└───────────────────────────────────────────────────────────────────────────────────────────────────────────────────────
┌───────────────────────────────────────────────────────────────────────────────────────────────────────────────────────
│ {count: 0, keys: []}
├┄┄┄┄┄┄┄┄┄┄┄┄┄┄┄┄┄┄┄┄┄┄┄┄┄┄┄┄┄┄┄┄┄┄┄┄┄┄┄┄┄┄┄┄┄┄┄┄┄┄┄┄┄┄┄┄┄┄┄┄┄┄┄┄┄┄┄┄┄┄┄┄┄┄┄┄┄┄┄┄┄┄┄┄┄┄┄┄┄┄┄┄┄┄┄┄┄┄┄┄┄┄┄┄┄┄┄┄┄┄┄┄┄┄┄┄┄┄┄
│ #0   AppLogger.database (package:filler/core/logging.dart:49:13)
│ #1   AppDatabase.getAllPreferences (package:filler/data/database.dart:364:17)
│ #2   <asynchronous suspension>
│ #3   PreferencesRepository.get (package:filler/domain/repositories.dart:427:24)
│ #4   <asynchronous suspension>
│ #5   new CanvasBloc.<anonymous closure> (package:filler/features/canvas/presentation/canvas_bloc.dart:113:19)
│ #6   <asynchronous suspension>
│ #7   Bloc.on.<anonymous closure>.handleEvent (package:bloc/src/bloc.dart:226:13)
├┄┄┄┄┄┄┄┄┄┄┄┄┄┄┄┄┄┄┄┄┄┄┄┄┄┄┄┄┄┄┄┄┄┄┄┄┄┄┄┄┄┄┄┄┄┄┄┄┄┄┄┄┄┄┄┄┄┄┄┄┄┄┄┄┄┄┄┄┄┄┄┄┄┄┄┄┄┄┄┄┄┄┄┄┄┄┄┄┄┄┄┄┄┄┄┄┄┄┄┄┄┄┄┄┄┄┄┄┄┄┄┄┄┄┄┄┄┄┄
│ 07:38:51.531 (+0:00:03.726998)
├┄┄┄┄┄┄┄┄┄┄┄┄┄┄┄┄┄┄┄┄┄┄┄┄┄┄┄┄┄┄┄┄┄┄┄┄┄┄┄┄┄┄┄┄┄┄┄┄┄┄┄┄┄┄┄┄┄┄┄┄┄┄┄┄┄┄┄┄┄┄┄┄┄┄┄┄┄┄┄┄┄┄┄┄┄┄┄┄┄┄┄┄┄┄┄┄┄┄┄┄┄┄┄┄┄┄┄┄┄┄┄┄┄┄┄┄┄┄┄
│ 🐛 💾 Database: Retrieved all preferences
└───────────────────────────────────────────────────────────────────────────────────────────────────────────────────────
┌───────────────────────────────────────────────────────────────────────────────────────────────────────────────────────
│ {key: width, defaultValue: 10}
├┄┄┄┄┄┄┄┄┄┄┄┄┄┄┄┄┄┄┄┄┄┄┄┄┄┄┄┄┄┄┄┄┄┄┄┄┄┄┄┄┄┄┄┄┄┄┄┄┄┄┄┄┄┄┄┄┄┄┄┄┄┄┄┄┄┄┄┄┄┄┄┄┄┄┄┄┄┄┄┄┄┄┄┄┄┄┄┄┄┄┄┄┄┄┄┄┄┄┄┄┄┄┄┄┄┄┄┄┄┄┄┄┄┄┄┄┄┄┄
│ #0   AppLogger.preferences (package:filler/core/logging.dart:64:13)
│ #1   PreferencesRepository._getIntValue (package:filler/domain/repositories.dart:493:17)
│ #2   PreferencesRepository.get (package:filler/domain/repositories.dart:431:21)
│ #3   <asynchronous suspension>
│ #4   new CanvasBloc.<anonymous closure> (package:filler/features/canvas/presentation/canvas_bloc.dart:113:19)
│ #5   <asynchronous suspension>
│ #6   Bloc.on.<anonymous closure>.handleEvent (package:bloc/src/bloc.dart:226:13)
│ #7   <asynchronous suspension>
├┄┄┄┄┄┄┄┄┄┄┄┄┄┄┄┄┄┄┄┄┄┄┄┄┄┄┄┄┄┄┄┄┄┄┄┄┄┄┄┄┄┄┄┄┄┄┄┄┄┄┄┄┄┄┄┄┄┄┄┄┄┄┄┄┄┄┄┄┄┄┄┄┄┄┄┄┄┄┄┄┄┄┄┄┄┄┄┄┄┄┄┄┄┄┄┄┄┄┄┄┄┄┄┄┄┄┄┄┄┄┄┄┄┄┄┄┄┄┄
│ 07:38:51.532 (+0:00:03.728126)
├┄┄┄┄┄┄┄┄┄┄┄┄┄┄┄┄┄┄┄┄┄┄┄┄┄┄┄┄┄┄┄┄┄┄┄┄┄┄┄┄┄┄┄┄┄┄┄┄┄┄┄┄┄┄┄┄┄┄┄┄┄┄┄┄┄┄┄┄┄┄┄┄┄┄┄┄┄┄┄┄┄┄┄┄┄┄┄┄┄┄┄┄┄┄┄┄┄┄┄┄┄┄┄┄┄┄┄┄┄┄┄┄┄┄┄┄┄┄┄
│ 🐛 ⚙️ Preferences: Using default for missing key
└───────────────────────────────────────────────────────────────────────────────────────────────────────────────────────
┌───────────────────────────────────────────────────────────────────────────────────────────────────────────────────────
│ {key: height, defaultValue: 10}
├┄┄┄┄┄┄┄┄┄┄┄┄┄┄┄┄┄┄┄┄┄┄┄┄┄┄┄┄┄┄┄┄┄┄┄┄┄┄┄┄┄┄┄┄┄┄┄┄┄┄┄┄┄┄┄┄┄┄┄┄┄┄┄┄┄┄┄┄┄┄┄┄┄┄┄┄┄┄┄┄┄┄┄┄┄┄┄┄┄┄┄┄┄┄┄┄┄┄┄┄┄┄┄┄┄┄┄┄┄┄┄┄┄┄┄┄┄┄┄
│ #0   AppLogger.preferences (package:filler/core/logging.dart:64:13)
│ #1   PreferencesRepository._getIntValue (package:filler/domain/repositories.dart:493:17)
│ #2   PreferencesRepository.get (package:filler/domain/repositories.dart:432:22)
│ #3   <asynchronous suspension>
│ #4   new CanvasBloc.<anonymous closure> (package:filler/features/canvas/presentation/canvas_bloc.dart:113:19)
│ #5   <asynchronous suspension>
│ #6   Bloc.on.<anonymous closure>.handleEvent (package:bloc/src/bloc.dart:226:13)
│ #7   <asynchronous suspension>
├┄┄┄┄┄┄┄┄┄┄┄┄┄┄┄┄┄┄┄┄┄┄┄┄┄┄┄┄┄┄┄┄┄┄┄┄┄┄┄┄┄┄┄┄┄┄┄┄┄┄┄┄┄┄┄┄┄┄┄┄┄┄┄┄┄┄┄┄┄┄┄┄┄┄┄┄┄┄┄┄┄┄┄┄┄┄┄┄┄┄┄┄┄┄┄┄┄┄┄┄┄┄┄┄┄┄┄┄┄┄┄┄┄┄┄┄┄┄┄
│ 07:38:51.533 (+0:00:03.729475)
├┄┄┄┄┄┄┄┄┄┄┄┄┄┄┄┄┄┄┄┄┄┄┄┄┄┄┄┄┄┄┄┄┄┄┄┄┄┄┄┄┄┄┄┄┄┄┄┄┄┄┄┄┄┄┄┄┄┄┄┄┄┄┄┄┄┄┄┄┄┄┄┄┄┄┄┄┄┄┄┄┄┄┄┄┄┄┄┄┄┄┄┄┄┄┄┄┄┄┄┄┄┄┄┄┄┄┄┄┄┄┄┄┄┄┄┄┄┄┄
│ 🐛 ⚙️ Preferences: Using default for missing key
└───────────────────────────────────────────────────────────────────────────────────────────────────────────────────────
┌───────────────────────────────────────────────────────────────────────────────────────────────────────────────────────
│ {key: insets, defaultValue: 0}
├┄┄┄┄┄┄┄┄┄┄┄┄┄┄┄┄┄┄┄┄┄┄┄┄┄┄┄┄┄┄┄┄┄┄┄┄┄┄┄┄┄┄┄┄┄┄┄┄┄┄┄┄┄┄┄┄┄┄┄┄┄┄┄┄┄┄┄┄┄┄┄┄┄┄┄┄┄┄┄┄┄┄┄┄┄┄┄┄┄┄┄┄┄┄┄┄┄┄┄┄┄┄┄┄┄┄┄┄┄┄┄┄┄┄┄┄┄┄┄
│ #0   AppLogger.preferences (package:filler/core/logging.dart:64:13)
│ #1   PreferencesRepository._getIntValue (package:filler/domain/repositories.dart:493:17)
│ #2   PreferencesRepository.get (package:filler/domain/repositories.dart:437:22)
│ #3   <asynchronous suspension>
│ #4   new CanvasBloc.<anonymous closure> (package:filler/features/canvas/presentation/canvas_bloc.dart:113:19)
│ #5   <asynchronous suspension>
│ #6   Bloc.on.<anonymous closure>.handleEvent (package:bloc/src/bloc.dart:226:13)
│ #7   <asynchronous suspension>
├┄┄┄┄┄┄┄┄┄┄┄┄┄┄┄┄┄┄┄┄┄┄┄┄┄┄┄┄┄┄┄┄┄┄┄┄┄┄┄┄┄┄┄┄┄┄┄┄┄┄┄┄┄┄┄┄┄┄┄┄┄┄┄┄┄┄┄┄┄┄┄┄┄┄┄┄┄┄┄┄┄┄┄┄┄┄┄┄┄┄┄┄┄┄┄┄┄┄┄┄┄┄┄┄┄┄┄┄┄┄┄┄┄┄┄┄┄┄┄
│ 07:38:51.534 (+0:00:03.730663)
├┄┄┄┄┄┄┄┄┄┄┄┄┄┄┄┄┄┄┄┄┄┄┄┄┄┄┄┄┄┄┄┄┄┄┄┄┄┄┄┄┄┄┄┄┄┄┄┄┄┄┄┄┄┄┄┄┄┄┄┄┄┄┄┄┄┄┄┄┄┄┄┄┄┄┄┄┄┄┄┄┄┄┄┄┄┄┄┄┄┄┄┄┄┄┄┄┄┄┄┄┄┄┄┄┄┄┄┄┄┄┄┄┄┄┄┄┄┄┄
│ 🐛 ⚙️ Preferences: Using default for missing key
└───────────────────────────────────────────────────────────────────────────────────────────────────────────────────────
┌───────────────────────────────────────────────────────────────────────────────────────────────────────────────────────
│ {key: defaultPattern, defaultValue: 1}
├┄┄┄┄┄┄┄┄┄┄┄┄┄┄┄┄┄┄┄┄┄┄┄┄┄┄┄┄┄┄┄┄┄┄┄┄┄┄┄┄┄┄┄┄┄┄┄┄┄┄┄┄┄┄┄┄┄┄┄┄┄┄┄┄┄┄┄┄┄┄┄┄┄┄┄┄┄┄┄┄┄┄┄┄┄┄┄┄┄┄┄┄┄┄┄┄┄┄┄┄┄┄┄┄┄┄┄┄┄┄┄┄┄┄┄┄┄┄┄
│ #0   AppLogger.preferences (package:filler/core/logging.dart:64:13)
│ #1   PreferencesRepository._getIntValue (package:filler/domain/repositories.dart:493:17)
│ #2   PreferencesRepository.get (package:filler/domain/repositories.dart:442:30)
│ #3   <asynchronous suspension>
│ #4   new CanvasBloc.<anonymous closure> (package:filler/features/canvas/presentation/canvas_bloc.dart:113:19)
│ #5   <asynchronous suspension>
│ #6   Bloc.on.<anonymous closure>.handleEvent (package:bloc/src/bloc.dart:226:13)
│ #7   <asynchronous suspension>
├┄┄┄┄┄┄┄┄┄┄┄┄┄┄┄┄┄┄┄┄┄┄┄┄┄┄┄┄┄┄┄┄┄┄┄┄┄┄┄┄┄┄┄┄┄┄┄┄┄┄┄┄┄┄┄┄┄┄┄┄┄┄┄┄┄┄┄┄┄┄┄┄┄┄┄┄┄┄┄┄┄┄┄┄┄┄┄┄┄┄┄┄┄┄┄┄┄┄┄┄┄┄┄┄┄┄┄┄┄┄┄┄┄┄┄┄┄┄┄
│ 07:38:51.535 (+0:00:03.731759)
├┄┄┄┄┄┄┄┄┄┄┄┄┄┄┄┄┄┄┄┄┄┄┄┄┄┄┄┄┄┄┄┄┄┄┄┄┄┄┄┄┄┄┄┄┄┄┄┄┄┄┄┄┄┄┄┄┄┄┄┄┄┄┄┄┄┄┄┄┄┄┄┄┄┄┄┄┄┄┄┄┄┄┄┄┄┄┄┄┄┄┄┄┄┄┄┄┄┄┄┄┄┄┄┄┄┄┄┄┄┄┄┄┄┄┄┄┄┄┄
│ 🐛 ⚙️ Preferences: Using default for missing key
└───────────────────────────────────────────────────────────────────────────────────────────────────────────────────────
┌───────────────────────────────────────────────────────────────────────────────────────────────────────────────────────
│ {key: themeMode, defaultValue: 2}
├┄┄┄┄┄┄┄┄┄┄┄┄┄┄┄┄┄┄┄┄┄┄┄┄┄┄┄┄┄┄┄┄┄┄┄┄┄┄┄┄┄┄┄┄┄┄┄┄┄┄┄┄┄┄┄┄┄┄┄┄┄┄┄┄┄┄┄┄┄┄┄┄┄┄┄┄┄┄┄┄┄┄┄┄┄┄┄┄┄┄┄┄┄┄┄┄┄┄┄┄┄┄┄┄┄┄┄┄┄┄┄┄┄┄┄┄┄┄┄
│ #0   AppLogger.preferences (package:filler/core/logging.dart:64:13)
│ #1   PreferencesRepository._getIntValue (package:filler/domain/repositories.dart:493:17)
│ #2   PreferencesRepository.get (package:filler/domain/repositories.dart:447:25)
│ #3   <asynchronous suspension>
│ #4   new CanvasBloc.<anonymous closure> (package:filler/features/canvas/presentation/canvas_bloc.dart:113:19)
│ #5   <asynchronous suspension>
│ #6   Bloc.on.<anonymous closure>.handleEvent (package:bloc/src/bloc.dart:226:13)
│ #7   <asynchronous suspension>
├┄┄┄┄┄┄┄┄┄┄┄┄┄┄┄┄┄┄┄┄┄┄┄┄┄┄┄┄┄┄┄┄┄┄┄┄┄┄┄┄┄┄┄┄┄┄┄┄┄┄┄┄┄┄┄┄┄┄┄┄┄┄┄┄┄┄┄┄┄┄┄┄┄┄┄┄┄┄┄┄┄┄┄┄┄┄┄┄┄┄┄┄┄┄┄┄┄┄┄┄┄┄┄┄┄┄┄┄┄┄┄┄┄┄┄┄┄┄┄
│ 07:38:51.537 (+0:00:03.733001)
├┄┄┄┄┄┄┄┄┄┄┄┄┄┄┄┄┄┄┄┄┄┄┄┄┄┄┄┄┄┄┄┄┄┄┄┄┄┄┄┄┄┄┄┄┄┄┄┄┄┄┄┄┄┄┄┄┄┄┄┄┄┄┄┄┄┄┄┄┄┄┄┄┄┄┄┄┄┄┄┄┄┄┄┄┄┄┄┄┄┄┄┄┄┄┄┄┄┄┄┄┄┄┄┄┄┄┄┄┄┄┄┄┄┄┄┄┄┄┄
│ 🐛 ⚙️ Preferences: Using default for missing key
└───────────────────────────────────────────────────────────────────────────────────────────────────────────────────────
┌───────────────────────────────────────────────────────────────────────────────────────────────────────────────────────
│ {key: width, value: 10}
├┄┄┄┄┄┄┄┄┄┄┄┄┄┄┄┄┄┄┄┄┄┄┄┄┄┄┄┄┄┄┄┄┄┄┄┄┄┄┄┄┄┄┄┄┄┄┄┄┄┄┄┄┄┄┄┄┄┄┄┄┄┄┄┄┄┄┄┄┄┄┄┄┄┄┄┄┄┄┄┄┄┄┄┄┄┄┄┄┄┄┄┄┄┄┄┄┄┄┄┄┄┄┄┄┄┄┄┄┄┄┄┄┄┄┄┄┄┄┄
│ #0   AppLogger.preferences (package:filler/core/logging.dart:64:13)
│ #1   PreferencesRepository._ensureDefaults (package:filler/domain/repositories.dart:519:19)
│ #2   PreferencesRepository.get (package:filler/domain/repositories.dart:454:13)
│ #3   <asynchronous suspension>
│ #4   new CanvasBloc.<anonymous closure> (package:filler/features/canvas/presentation/canvas_bloc.dart:113:19)
│ #5   <asynchronous suspension>
│ #6   Bloc.on.<anonymous closure>.handleEvent (package:bloc/src/bloc.dart:226:13)
│ #7   <asynchronous suspension>
├┄┄┄┄┄┄┄┄┄┄┄┄┄┄┄┄┄┄┄┄┄┄┄┄┄┄┄┄┄┄┄┄┄┄┄┄┄┄┄┄┄┄┄┄┄┄┄┄┄┄┄┄┄┄┄┄┄┄┄┄┄┄┄┄┄┄┄┄┄┄┄┄┄┄┄┄┄┄┄┄┄┄┄┄┄┄┄┄┄┄┄┄┄┄┄┄┄┄┄┄┄┄┄┄┄┄┄┄┄┄┄┄┄┄┄┄┄┄┄
│ 07:38:51.538 (+0:00:03.734580)
├┄┄┄┄┄┄┄┄┄┄┄┄┄┄┄┄┄┄┄┄┄┄┄┄┄┄┄┄┄┄┄┄┄┄┄┄┄┄┄┄┄┄┄┄┄┄┄┄┄┄┄┄┄┄┄┄┄┄┄┄┄┄┄┄┄┄┄┄┄┄┄┄┄┄┄┄┄┄┄┄┄┄┄┄┄┄┄┄┄┄┄┄┄┄┄┄┄┄┄┄┄┄┄┄┄┄┄┄┄┄┄┄┄┄┄┄┄┄┄
│ 🐛 ⚙️ Preferences: Creating missing default preference
└───────────────────────────────────────────────────────────────────────────────────────────────────────────────────────
┌───────────────────────────────────────────────────────────────────────────────────────────────────────────────────────
│ {key: width, value: 10, type: int}
├┄┄┄┄┄┄┄┄┄┄┄┄┄┄┄┄┄┄┄┄┄┄┄┄┄┄┄┄┄┄┄┄┄┄┄┄┄┄┄┄┄┄┄┄┄┄┄┄┄┄┄┄┄┄┄┄┄┄┄┄┄┄┄┄┄┄┄┄┄┄┄┄┄┄┄┄┄┄┄┄┄┄┄┄┄┄┄┄┄┄┄┄┄┄┄┄┄┄┄┄┄┄┄┄┄┄┄┄┄┄┄┄┄┄┄┄┄┄┄
│ #0   AppLogger.database (package:filler/core/logging.dart:49:13)
│ #1   AppDatabase.setPreferenceValue (package:filler/data/database.dart:301:15)
│ #2   PreferencesRepository._ensureDefaults (package:filler/domain/repositories.dart:524:19)
│ #3   PreferencesRepository.get (package:filler/domain/repositories.dart:454:13)
│ #4   <asynchronous suspension>
│ #5   new CanvasBloc.<anonymous closure> (package:filler/features/canvas/presentation/canvas_bloc.dart:113:19)
│ #6   <asynchronous suspension>
│ #7   Bloc.on.<anonymous closure>.handleEvent (package:bloc/src/bloc.dart:226:13)
├┄┄┄┄┄┄┄┄┄┄┄┄┄┄┄┄┄┄┄┄┄┄┄┄┄┄┄┄┄┄┄┄┄┄┄┄┄┄┄┄┄┄┄┄┄┄┄┄┄┄┄┄┄┄┄┄┄┄┄┄┄┄┄┄┄┄┄┄┄┄┄┄┄┄┄┄┄┄┄┄┄┄┄┄┄┄┄┄┄┄┄┄┄┄┄┄┄┄┄┄┄┄┄┄┄┄┄┄┄┄┄┄┄┄┄┄┄┄┄
│ 07:38:51.540 (+0:00:03.736502)
├┄┄┄┄┄┄┄┄┄┄┄┄┄┄┄┄┄┄┄┄┄┄┄┄┄┄┄┄┄┄┄┄┄┄┄┄┄┄┄┄┄┄┄┄┄┄┄┄┄┄┄┄┄┄┄┄┄┄┄┄┄┄┄┄┄┄┄┄┄┄┄┄┄┄┄┄┄┄┄┄┄┄┄┄┄┄┄┄┄┄┄┄┄┄┄┄┄┄┄┄┄┄┄┄┄┄┄┄┄┄┄┄┄┄┄┄┄┄┄
│ 🐛 💾 Database: Setting preference value
└───────────────────────────────────────────────────────────────────────────────────────────────────────────────────────
┌───────────────────────────────────────────────────────────────────────────────────────────────────────────────────────
│ {key: width, value: 10}
├┄┄┄┄┄┄┄┄┄┄┄┄┄┄┄┄┄┄┄┄┄┄┄┄┄┄┄┄┄┄┄┄┄┄┄┄┄┄┄┄┄┄┄┄┄┄┄┄┄┄┄┄┄┄┄┄┄┄┄┄┄┄┄┄┄┄┄┄┄┄┄┄┄┄┄┄┄┄┄┄┄┄┄┄┄┄┄┄┄┄┄┄┄┄┄┄┄┄┄┄┄┄┄┄┄┄┄┄┄┄┄┄┄┄┄┄┄┄┄
│ #0   AppLogger.database (package:filler/core/logging.dart:49:13)
│ #1   AppDatabase.setPreferenceValue (package:filler/data/database.dart:337:17)
│ #2   <asynchronous suspension>
│ #3   PreferencesRepository._ensureDefaults (package:filler/domain/repositories.dart:524:9)
│ #4   <asynchronous suspension>
│ #5   PreferencesRepository.get (package:filler/domain/repositories.dart:454:7)
│ #6   <asynchronous suspension>
│ #7   new CanvasBloc.<anonymous closure> (package:filler/features/canvas/presentation/canvas_bloc.dart:113:19)
├┄┄┄┄┄┄┄┄┄┄┄┄┄┄┄┄┄┄┄┄┄┄┄┄┄┄┄┄┄┄┄┄┄┄┄┄┄┄┄┄┄┄┄┄┄┄┄┄┄┄┄┄┄┄┄┄┄┄┄┄┄┄┄┄┄┄┄┄┄┄┄┄┄┄┄┄┄┄┄┄┄┄┄┄┄┄┄┄┄┄┄┄┄┄┄┄┄┄┄┄┄┄┄┄┄┄┄┄┄┄┄┄┄┄┄┄┄┄┄
│ 07:38:51.542 (+0:00:03.738487)
├┄┄┄┄┄┄┄┄┄┄┄┄┄┄┄┄┄┄┄┄┄┄┄┄┄┄┄┄┄┄┄┄┄┄┄┄┄┄┄┄┄┄┄┄┄┄┄┄┄┄┄┄┄┄┄┄┄┄┄┄┄┄┄┄┄┄┄┄┄┄┄┄┄┄┄┄┄┄┄┄┄┄┄┄┄┄┄┄┄┄┄┄┄┄┄┄┄┄┄┄┄┄┄┄┄┄┄┄┄┄┄┄┄┄┄┄┄┄┄
│ 🐛 💾 Database: Preference value saved
└───────────────────────────────────────────────────────────────────────────────────────────────────────────────────────
┌───────────────────────────────────────────────────────────────────────────────────────────────────────────────────────
│ {key: height, value: 10}
├┄┄┄┄┄┄┄┄┄┄┄┄┄┄┄┄┄┄┄┄┄┄┄┄┄┄┄┄┄┄┄┄┄┄┄┄┄┄┄┄┄┄┄┄┄┄┄┄┄┄┄┄┄┄┄┄┄┄┄┄┄┄┄┄┄┄┄┄┄┄┄┄┄┄┄┄┄┄┄┄┄┄┄┄┄┄┄┄┄┄┄┄┄┄┄┄┄┄┄┄┄┄┄┄┄┄┄┄┄┄┄┄┄┄┄┄┄┄┄
│ #0   AppLogger.preferences (package:filler/core/logging.dart:64:13)
│ #1   PreferencesRepository._ensureDefaults (package:filler/domain/repositories.dart:519:19)
│ #2   <asynchronous suspension>
│ #3   PreferencesRepository.get (package:filler/domain/repositories.dart:454:7)
│ #4   <asynchronous suspension>
│ #5   new CanvasBloc.<anonymous closure> (package:filler/features/canvas/presentation/canvas_bloc.dart:113:19)
│ #6   <asynchronous suspension>
│ #7   Bloc.on.<anonymous closure>.handleEvent (package:bloc/src/bloc.dart:226:13)
├┄┄┄┄┄┄┄┄┄┄┄┄┄┄┄┄┄┄┄┄┄┄┄┄┄┄┄┄┄┄┄┄┄┄┄┄┄┄┄┄┄┄┄┄┄┄┄┄┄┄┄┄┄┄┄┄┄┄┄┄┄┄┄┄┄┄┄┄┄┄┄┄┄┄┄┄┄┄┄┄┄┄┄┄┄┄┄┄┄┄┄┄┄┄┄┄┄┄┄┄┄┄┄┄┄┄┄┄┄┄┄┄┄┄┄┄┄┄┄
│ 07:38:51.543 (+0:00:03.739710)
├┄┄┄┄┄┄┄┄┄┄┄┄┄┄┄┄┄┄┄┄┄┄┄┄┄┄┄┄┄┄┄┄┄┄┄┄┄┄┄┄┄┄┄┄┄┄┄┄┄┄┄┄┄┄┄┄┄┄┄┄┄┄┄┄┄┄┄┄┄┄┄┄┄┄┄┄┄┄┄┄┄┄┄┄┄┄┄┄┄┄┄┄┄┄┄┄┄┄┄┄┄┄┄┄┄┄┄┄┄┄┄┄┄┄┄┄┄┄┄
│ 🐛 ⚙️ Preferences: Creating missing default preference
└───────────────────────────────────────────────────────────────────────────────────────────────────────────────────────
┌───────────────────────────────────────────────────────────────────────────────────────────────────────────────────────
│ {key: height, value: 10, type: int}
├┄┄┄┄┄┄┄┄┄┄┄┄┄┄┄┄┄┄┄┄┄┄┄┄┄┄┄┄┄┄┄┄┄┄┄┄┄┄┄┄┄┄┄┄┄┄┄┄┄┄┄┄┄┄┄┄┄┄┄┄┄┄┄┄┄┄┄┄┄┄┄┄┄┄┄┄┄┄┄┄┄┄┄┄┄┄┄┄┄┄┄┄┄┄┄┄┄┄┄┄┄┄┄┄┄┄┄┄┄┄┄┄┄┄┄┄┄┄┄
│ #0   AppLogger.database (package:filler/core/logging.dart:49:13)
│ #1   AppDatabase.setPreferenceValue (package:filler/data/database.dart:301:15)
│ #2   PreferencesRepository._ensureDefaults (package:filler/domain/repositories.dart:524:19)
│ #3   <asynchronous suspension>
│ #4   PreferencesRepository.get (package:filler/domain/repositories.dart:454:7)
│ #5   <asynchronous suspension>
│ #6   new CanvasBloc.<anonymous closure> (package:filler/features/canvas/presentation/canvas_bloc.dart:113:19)
│ #7   <asynchronous suspension>
├┄┄┄┄┄┄┄┄┄┄┄┄┄┄┄┄┄┄┄┄┄┄┄┄┄┄┄┄┄┄┄┄┄┄┄┄┄┄┄┄┄┄┄┄┄┄┄┄┄┄┄┄┄┄┄┄┄┄┄┄┄┄┄┄┄┄┄┄┄┄┄┄┄┄┄┄┄┄┄┄┄┄┄┄┄┄┄┄┄┄┄┄┄┄┄┄┄┄┄┄┄┄┄┄┄┄┄┄┄┄┄┄┄┄┄┄┄┄┄
│ 07:38:51.545 (+0:00:03.740821)
├┄┄┄┄┄┄┄┄┄┄┄┄┄┄┄┄┄┄┄┄┄┄┄┄┄┄┄┄┄┄┄┄┄┄┄┄┄┄┄┄┄┄┄┄┄┄┄┄┄┄┄┄┄┄┄┄┄┄┄┄┄┄┄┄┄┄┄┄┄┄┄┄┄┄┄┄┄┄┄┄┄┄┄┄┄┄┄┄┄┄┄┄┄┄┄┄┄┄┄┄┄┄┄┄┄┄┄┄┄┄┄┄┄┄┄┄┄┄┄
│ 🐛 💾 Database: Setting preference value
└───────────────────────────────────────────────────────────────────────────────────────────────────────────────────────
┌───────────────────────────────────────────────────────────────────────────────────────────────────────────────────────
│ {key: height, value: 10}
├┄┄┄┄┄┄┄┄┄┄┄┄┄┄┄┄┄┄┄┄┄┄┄┄┄┄┄┄┄┄┄┄┄┄┄┄┄┄┄┄┄┄┄┄┄┄┄┄┄┄┄┄┄┄┄┄┄┄┄┄┄┄┄┄┄┄┄┄┄┄┄┄┄┄┄┄┄┄┄┄┄┄┄┄┄┄┄┄┄┄┄┄┄┄┄┄┄┄┄┄┄┄┄┄┄┄┄┄┄┄┄┄┄┄┄┄┄┄┄
│ #0   AppLogger.database (package:filler/core/logging.dart:49:13)
│ #1   AppDatabase.setPreferenceValue (package:filler/data/database.dart:337:17)
│ #2   <asynchronous suspension>
│ #3   PreferencesRepository._ensureDefaults (package:filler/domain/repositories.dart:524:9)
│ #4   <asynchronous suspension>
│ #5   PreferencesRepository.get (package:filler/domain/repositories.dart:454:7)
│ #6   <asynchronous suspension>
│ #7   new CanvasBloc.<anonymous closure> (package:filler/features/canvas/presentation/canvas_bloc.dart:113:19)
├┄┄┄┄┄┄┄┄┄┄┄┄┄┄┄┄┄┄┄┄┄┄┄┄┄┄┄┄┄┄┄┄┄┄┄┄┄┄┄┄┄┄┄┄┄┄┄┄┄┄┄┄┄┄┄┄┄┄┄┄┄┄┄┄┄┄┄┄┄┄┄┄┄┄┄┄┄┄┄┄┄┄┄┄┄┄┄┄┄┄┄┄┄┄┄┄┄┄┄┄┄┄┄┄┄┄┄┄┄┄┄┄┄┄┄┄┄┄┄
│ 07:38:51.546 (+0:00:03.742229)
├┄┄┄┄┄┄┄┄┄┄┄┄┄┄┄┄┄┄┄┄┄┄┄┄┄┄┄┄┄┄┄┄┄┄┄┄┄┄┄┄┄┄┄┄┄┄┄┄┄┄┄┄┄┄┄┄┄┄┄┄┄┄┄┄┄┄┄┄┄┄┄┄┄┄┄┄┄┄┄┄┄┄┄┄┄┄┄┄┄┄┄┄┄┄┄┄┄┄┄┄┄┄┄┄┄┄┄┄┄┄┄┄┄┄┄┄┄┄┄
│ 🐛 💾 Database: Preference value saved
└───────────────────────────────────────────────────────────────────────────────────────────────────────────────────────
┌───────────────────────────────────────────────────────────────────────────────────────────────────────────────────────
│ {key: insets, value: 0}
├┄┄┄┄┄┄┄┄┄┄┄┄┄┄┄┄┄┄┄┄┄┄┄┄┄┄┄┄┄┄┄┄┄┄┄┄┄┄┄┄┄┄┄┄┄┄┄┄┄┄┄┄┄┄┄┄┄┄┄┄┄┄┄┄┄┄┄┄┄┄┄┄┄┄┄┄┄┄┄┄┄┄┄┄┄┄┄┄┄┄┄┄┄┄┄┄┄┄┄┄┄┄┄┄┄┄┄┄┄┄┄┄┄┄┄┄┄┄┄
│ #0   AppLogger.preferences (package:filler/core/logging.dart:64:13)
│ #1   PreferencesRepository._ensureDefaults (package:filler/domain/repositories.dart:519:19)
│ #2   <asynchronous suspension>
│ #3   PreferencesRepository.get (package:filler/domain/repositories.dart:454:7)
│ #4   <asynchronous suspension>
│ #5   new CanvasBloc.<anonymous closure> (package:filler/features/canvas/presentation/canvas_bloc.dart:113:19)
│ #6   <asynchronous suspension>
│ #7   Bloc.on.<anonymous closure>.handleEvent (package:bloc/src/bloc.dart:226:13)
├┄┄┄┄┄┄┄┄┄┄┄┄┄┄┄┄┄┄┄┄┄┄┄┄┄┄┄┄┄┄┄┄┄┄┄┄┄┄┄┄┄┄┄┄┄┄┄┄┄┄┄┄┄┄┄┄┄┄┄┄┄┄┄┄┄┄┄┄┄┄┄┄┄┄┄┄┄┄┄┄┄┄┄┄┄┄┄┄┄┄┄┄┄┄┄┄┄┄┄┄┄┄┄┄┄┄┄┄┄┄┄┄┄┄┄┄┄┄┄
│ 07:38:51.548 (+0:00:03.743866)
├┄┄┄┄┄┄┄┄┄┄┄┄┄┄┄┄┄┄┄┄┄┄┄┄┄┄┄┄┄┄┄┄┄┄┄┄┄┄┄┄┄┄┄┄┄┄┄┄┄┄┄┄┄┄┄┄┄┄┄┄┄┄┄┄┄┄┄┄┄┄┄┄┄┄┄┄┄┄┄┄┄┄┄┄┄┄┄┄┄┄┄┄┄┄┄┄┄┄┄┄┄┄┄┄┄┄┄┄┄┄┄┄┄┄┄┄┄┄┄
│ 🐛 ⚙️ Preferences: Creating missing default preference
└───────────────────────────────────────────────────────────────────────────────────────────────────────────────────────
┌───────────────────────────────────────────────────────────────────────────────────────────────────────────────────────
│ {key: insets, value: 0, type: int}
├┄┄┄┄┄┄┄┄┄┄┄┄┄┄┄┄┄┄┄┄┄┄┄┄┄┄┄┄┄┄┄┄┄┄┄┄┄┄┄┄┄┄┄┄┄┄┄┄┄┄┄┄┄┄┄┄┄┄┄┄┄┄┄┄┄┄┄┄┄┄┄┄┄┄┄┄┄┄┄┄┄┄┄┄┄┄┄┄┄┄┄┄┄┄┄┄┄┄┄┄┄┄┄┄┄┄┄┄┄┄┄┄┄┄┄┄┄┄┄
│ #0   AppLogger.database (package:filler/core/logging.dart:49:13)
│ #1   AppDatabase.setPreferenceValue (package:filler/data/database.dart:301:15)
│ #2   PreferencesRepository._ensureDefaults (package:filler/domain/repositories.dart:524:19)
│ #3   <asynchronous suspension>
│ #4   PreferencesRepository.get (package:filler/domain/repositories.dart:454:7)
│ #5   <asynchronous suspension>
│ #6   new CanvasBloc.<anonymous closure> (package:filler/features/canvas/presentation/canvas_bloc.dart:113:19)
│ #7   <asynchronous suspension>
├┄┄┄┄┄┄┄┄┄┄┄┄┄┄┄┄┄┄┄┄┄┄┄┄┄┄┄┄┄┄┄┄┄┄┄┄┄┄┄┄┄┄┄┄┄┄┄┄┄┄┄┄┄┄┄┄┄┄┄┄┄┄┄┄┄┄┄┄┄┄┄┄┄┄┄┄┄┄┄┄┄┄┄┄┄┄┄┄┄┄┄┄┄┄┄┄┄┄┄┄┄┄┄┄┄┄┄┄┄┄┄┄┄┄┄┄┄┄┄
│ 07:38:51.549 (+0:00:03.744964)
├┄┄┄┄┄┄┄┄┄┄┄┄┄┄┄┄┄┄┄┄┄┄┄┄┄┄┄┄┄┄┄┄┄┄┄┄┄┄┄┄┄┄┄┄┄┄┄┄┄┄┄┄┄┄┄┄┄┄┄┄┄┄┄┄┄┄┄┄┄┄┄┄┄┄┄┄┄┄┄┄┄┄┄┄┄┄┄┄┄┄┄┄┄┄┄┄┄┄┄┄┄┄┄┄┄┄┄┄┄┄┄┄┄┄┄┄┄┄┄
│ 🐛 💾 Database: Setting preference value
└───────────────────────────────────────────────────────────────────────────────────────────────────────────────────────
┌───────────────────────────────────────────────────────────────────────────────────────────────────────────────────────
│ {key: insets, value: 0}
├┄┄┄┄┄┄┄┄┄┄┄┄┄┄┄┄┄┄┄┄┄┄┄┄┄┄┄┄┄┄┄┄┄┄┄┄┄┄┄┄┄┄┄┄┄┄┄┄┄┄┄┄┄┄┄┄┄┄┄┄┄┄┄┄┄┄┄┄┄┄┄┄┄┄┄┄┄┄┄┄┄┄┄┄┄┄┄┄┄┄┄┄┄┄┄┄┄┄┄┄┄┄┄┄┄┄┄┄┄┄┄┄┄┄┄┄┄┄┄
│ #0   AppLogger.database (package:filler/core/logging.dart:49:13)
│ #1   AppDatabase.setPreferenceValue (package:filler/data/database.dart:337:17)
│ #2   <asynchronous suspension>
│ #3   PreferencesRepository._ensureDefaults (package:filler/domain/repositories.dart:524:9)
│ #4   <asynchronous suspension>
│ #5   PreferencesRepository.get (package:filler/domain/repositories.dart:454:7)
│ #6   <asynchronous suspension>
│ #7   new CanvasBloc.<anonymous closure> (package:filler/features/canvas/presentation/canvas_bloc.dart:113:19)
├┄┄┄┄┄┄┄┄┄┄┄┄┄┄┄┄┄┄┄┄┄┄┄┄┄┄┄┄┄┄┄┄┄┄┄┄┄┄┄┄┄┄┄┄┄┄┄┄┄┄┄┄┄┄┄┄┄┄┄┄┄┄┄┄┄┄┄┄┄┄┄┄┄┄┄┄┄┄┄┄┄┄┄┄┄┄┄┄┄┄┄┄┄┄┄┄┄┄┄┄┄┄┄┄┄┄┄┄┄┄┄┄┄┄┄┄┄┄┄
│ 07:38:51.550 (+0:00:03.746332)
├┄┄┄┄┄┄┄┄┄┄┄┄┄┄┄┄┄┄┄┄┄┄┄┄┄┄┄┄┄┄┄┄┄┄┄┄┄┄┄┄┄┄┄┄┄┄┄┄┄┄┄┄┄┄┄┄┄┄┄┄┄┄┄┄┄┄┄┄┄┄┄┄┄┄┄┄┄┄┄┄┄┄┄┄┄┄┄┄┄┄┄┄┄┄┄┄┄┄┄┄┄┄┄┄┄┄┄┄┄┄┄┄┄┄┄┄┄┄┄
│ 🐛 💾 Database: Preference value saved
└───────────────────────────────────────────────────────────────────────────────────────────────────────────────────────
┌───────────────────────────────────────────────────────────────────────────────────────────────────────────────────────
│ {key: defaultPattern, value: 1}
├┄┄┄┄┄┄┄┄┄┄┄┄┄┄┄┄┄┄┄┄┄┄┄┄┄┄┄┄┄┄┄┄┄┄┄┄┄┄┄┄┄┄┄┄┄┄┄┄┄┄┄┄┄┄┄┄┄┄┄┄┄┄┄┄┄┄┄┄┄┄┄┄┄┄┄┄┄┄┄┄┄┄┄┄┄┄┄┄┄┄┄┄┄┄┄┄┄┄┄┄┄┄┄┄┄┄┄┄┄┄┄┄┄┄┄┄┄┄┄
│ #0   AppLogger.preferences (package:filler/core/logging.dart:64:13)
│ #1   PreferencesRepository._ensureDefaults (package:filler/domain/repositories.dart:519:19)
│ #2   <asynchronous suspension>
│ #3   PreferencesRepository.get (package:filler/domain/repositories.dart:454:7)
│ #4   <asynchronous suspension>
│ #5   new CanvasBloc.<anonymous closure> (package:filler/features/canvas/presentation/canvas_bloc.dart:113:19)
│ #6   <asynchronous suspension>
│ #7   Bloc.on.<anonymous closure>.handleEvent (package:bloc/src/bloc.dart:226:13)
├┄┄┄┄┄┄┄┄┄┄┄┄┄┄┄┄┄┄┄┄┄┄┄┄┄┄┄┄┄┄┄┄┄┄┄┄┄┄┄┄┄┄┄┄┄┄┄┄┄┄┄┄┄┄┄┄┄┄┄┄┄┄┄┄┄┄┄┄┄┄┄┄┄┄┄┄┄┄┄┄┄┄┄┄┄┄┄┄┄┄┄┄┄┄┄┄┄┄┄┄┄┄┄┄┄┄┄┄┄┄┄┄┄┄┄┄┄┄┄
│ 07:38:51.551 (+0:00:03.747409)
├┄┄┄┄┄┄┄┄┄┄┄┄┄┄┄┄┄┄┄┄┄┄┄┄┄┄┄┄┄┄┄┄┄┄┄┄┄┄┄┄┄┄┄┄┄┄┄┄┄┄┄┄┄┄┄┄┄┄┄┄┄┄┄┄┄┄┄┄┄┄┄┄┄┄┄┄┄┄┄┄┄┄┄┄┄┄┄┄┄┄┄┄┄┄┄┄┄┄┄┄┄┄┄┄┄┄┄┄┄┄┄┄┄┄┄┄┄┄┄
│ 🐛 ⚙️ Preferences: Creating missing default preference
└───────────────────────────────────────────────────────────────────────────────────────────────────────────────────────
┌───────────────────────────────────────────────────────────────────────────────────────────────────────────────────────
│ {key: defaultPattern, value: 1, type: int}
├┄┄┄┄┄┄┄┄┄┄┄┄┄┄┄┄┄┄┄┄┄┄┄┄┄┄┄┄┄┄┄┄┄┄┄┄┄┄┄┄┄┄┄┄┄┄┄┄┄┄┄┄┄┄┄┄┄┄┄┄┄┄┄┄┄┄┄┄┄┄┄┄┄┄┄┄┄┄┄┄┄┄┄┄┄┄┄┄┄┄┄┄┄┄┄┄┄┄┄┄┄┄┄┄┄┄┄┄┄┄┄┄┄┄┄┄┄┄┄
│ #0   AppLogger.database (package:filler/core/logging.dart:49:13)
│ #1   AppDatabase.setPreferenceValue (package:filler/data/database.dart:301:15)
│ #2   PreferencesRepository._ensureDefaults (package:filler/domain/repositories.dart:524:19)
│ #3   <asynchronous suspension>
│ #4   PreferencesRepository.get (package:filler/domain/repositories.dart:454:7)
│ #5   <asynchronous suspension>
│ #6   new CanvasBloc.<anonymous closure> (package:filler/features/canvas/presentation/canvas_bloc.dart:113:19)
│ #7   <asynchronous suspension>
├┄┄┄┄┄┄┄┄┄┄┄┄┄┄┄┄┄┄┄┄┄┄┄┄┄┄┄┄┄┄┄┄┄┄┄┄┄┄┄┄┄┄┄┄┄┄┄┄┄┄┄┄┄┄┄┄┄┄┄┄┄┄┄┄┄┄┄┄┄┄┄┄┄┄┄┄┄┄┄┄┄┄┄┄┄┄┄┄┄┄┄┄┄┄┄┄┄┄┄┄┄┄┄┄┄┄┄┄┄┄┄┄┄┄┄┄┄┄┄
│ 07:38:51.552 (+0:00:03.748432)
├┄┄┄┄┄┄┄┄┄┄┄┄┄┄┄┄┄┄┄┄┄┄┄┄┄┄┄┄┄┄┄┄┄┄┄┄┄┄┄┄┄┄┄┄┄┄┄┄┄┄┄┄┄┄┄┄┄┄┄┄┄┄┄┄┄┄┄┄┄┄┄┄┄┄┄┄┄┄┄┄┄┄┄┄┄┄┄┄┄┄┄┄┄┄┄┄┄┄┄┄┄┄┄┄┄┄┄┄┄┄┄┄┄┄┄┄┄┄┄
│ 🐛 💾 Database: Setting preference value
└───────────────────────────────────────────────────────────────────────────────────────────────────────────────────────
┌───────────────────────────────────────────────────────────────────────────────────────────────────────────────────────
│ {key: defaultPattern, value: 1}
├┄┄┄┄┄┄┄┄┄┄┄┄┄┄┄┄┄┄┄┄┄┄┄┄┄┄┄┄┄┄┄┄┄┄┄┄┄┄┄┄┄┄┄┄┄┄┄┄┄┄┄┄┄┄┄┄┄┄┄┄┄┄┄┄┄┄┄┄┄┄┄┄┄┄┄┄┄┄┄┄┄┄┄┄┄┄┄┄┄┄┄┄┄┄┄┄┄┄┄┄┄┄┄┄┄┄┄┄┄┄┄┄┄┄┄┄┄┄┄
│ #0   AppLogger.database (package:filler/core/logging.dart:49:13)
│ #1   AppDatabase.setPreferenceValue (package:filler/data/database.dart:337:17)
│ #2   <asynchronous suspension>
│ #3   PreferencesRepository._ensureDefaults (package:filler/domain/repositories.dart:524:9)
│ #4   <asynchronous suspension>
│ #5   PreferencesRepository.get (package:filler/domain/repositories.dart:454:7)
│ #6   <asynchronous suspension>
│ #7   new CanvasBloc.<anonymous closure> (package:filler/features/canvas/presentation/canvas_bloc.dart:113:19)
├┄┄┄┄┄┄┄┄┄┄┄┄┄┄┄┄┄┄┄┄┄┄┄┄┄┄┄┄┄┄┄┄┄┄┄┄┄┄┄┄┄┄┄┄┄┄┄┄┄┄┄┄┄┄┄┄┄┄┄┄┄┄┄┄┄┄┄┄┄┄┄┄┄┄┄┄┄┄┄┄┄┄┄┄┄┄┄┄┄┄┄┄┄┄┄┄┄┄┄┄┄┄┄┄┄┄┄┄┄┄┄┄┄┄┄┄┄┄┄
│ 07:38:51.553 (+0:00:03.749730)
├┄┄┄┄┄┄┄┄┄┄┄┄┄┄┄┄┄┄┄┄┄┄┄┄┄┄┄┄┄┄┄┄┄┄┄┄┄┄┄┄┄┄┄┄┄┄┄┄┄┄┄┄┄┄┄┄┄┄┄┄┄┄┄┄┄┄┄┄┄┄┄┄┄┄┄┄┄┄┄┄┄┄┄┄┄┄┄┄┄┄┄┄┄┄┄┄┄┄┄┄┄┄┄┄┄┄┄┄┄┄┄┄┄┄┄┄┄┄┄
│ 🐛 💾 Database: Preference value saved
└───────────────────────────────────────────────────────────────────────────────────────────────────────────────────────
┌───────────────────────────────────────────────────────────────────────────────────────────────────────────────────────
│ {key: themeMode, value: 2}
├┄┄┄┄┄┄┄┄┄┄┄┄┄┄┄┄┄┄┄┄┄┄┄┄┄┄┄┄┄┄┄┄┄┄┄┄┄┄┄┄┄┄┄┄┄┄┄┄┄┄┄┄┄┄┄┄┄┄┄┄┄┄┄┄┄┄┄┄┄┄┄┄┄┄┄┄┄┄┄┄┄┄┄┄┄┄┄┄┄┄┄┄┄┄┄┄┄┄┄┄┄┄┄┄┄┄┄┄┄┄┄┄┄┄┄┄┄┄┄
│ #0   AppLogger.preferences (package:filler/core/logging.dart:64:13)
│ #1   PreferencesRepository._ensureDefaults (package:filler/domain/repositories.dart:519:19)
│ #2   <asynchronous suspension>
│ #3   PreferencesRepository.get (package:filler/domain/repositories.dart:454:7)
│ #4   <asynchronous suspension>
│ #5   new CanvasBloc.<anonymous closure> (package:filler/features/canvas/presentation/canvas_bloc.dart:113:19)
│ #6   <asynchronous suspension>
│ #7   Bloc.on.<anonymous closure>.handleEvent (package:bloc/src/bloc.dart:226:13)
├┄┄┄┄┄┄┄┄┄┄┄┄┄┄┄┄┄┄┄┄┄┄┄┄┄┄┄┄┄┄┄┄┄┄┄┄┄┄┄┄┄┄┄┄┄┄┄┄┄┄┄┄┄┄┄┄┄┄┄┄┄┄┄┄┄┄┄┄┄┄┄┄┄┄┄┄┄┄┄┄┄┄┄┄┄┄┄┄┄┄┄┄┄┄┄┄┄┄┄┄┄┄┄┄┄┄┄┄┄┄┄┄┄┄┄┄┄┄┄
│ 07:38:51.555 (+0:00:03.750814)
├┄┄┄┄┄┄┄┄┄┄┄┄┄┄┄┄┄┄┄┄┄┄┄┄┄┄┄┄┄┄┄┄┄┄┄┄┄┄┄┄┄┄┄┄┄┄┄┄┄┄┄┄┄┄┄┄┄┄┄┄┄┄┄┄┄┄┄┄┄┄┄┄┄┄┄┄┄┄┄┄┄┄┄┄┄┄┄┄┄┄┄┄┄┄┄┄┄┄┄┄┄┄┄┄┄┄┄┄┄┄┄┄┄┄┄┄┄┄┄
│ 🐛 ⚙️ Preferences: Creating missing default preference
└───────────────────────────────────────────────────────────────────────────────────────────────────────────────────────
┌───────────────────────────────────────────────────────────────────────────────────────────────────────────────────────
│ {key: themeMode, value: 2, type: int}
├┄┄┄┄┄┄┄┄┄┄┄┄┄┄┄┄┄┄┄┄┄┄┄┄┄┄┄┄┄┄┄┄┄┄┄┄┄┄┄┄┄┄┄┄┄┄┄┄┄┄┄┄┄┄┄┄┄┄┄┄┄┄┄┄┄┄┄┄┄┄┄┄┄┄┄┄┄┄┄┄┄┄┄┄┄┄┄┄┄┄┄┄┄┄┄┄┄┄┄┄┄┄┄┄┄┄┄┄┄┄┄┄┄┄┄┄┄┄┄
│ #0   AppLogger.database (package:filler/core/logging.dart:49:13)
│ #1   AppDatabase.setPreferenceValue (package:filler/data/database.dart:301:15)
│ #2   PreferencesRepository._ensureDefaults (package:filler/domain/repositories.dart:524:19)
│ #3   <asynchronous suspension>
│ #4   PreferencesRepository.get (package:filler/domain/repositories.dart:454:7)
│ #5   <asynchronous suspension>
│ #6   new CanvasBloc.<anonymous closure> (package:filler/features/canvas/presentation/canvas_bloc.dart:113:19)
│ #7   <asynchronous suspension>
├┄┄┄┄┄┄┄┄┄┄┄┄┄┄┄┄┄┄┄┄┄┄┄┄┄┄┄┄┄┄┄┄┄┄┄┄┄┄┄┄┄┄┄┄┄┄┄┄┄┄┄┄┄┄┄┄┄┄┄┄┄┄┄┄┄┄┄┄┄┄┄┄┄┄┄┄┄┄┄┄┄┄┄┄┄┄┄┄┄┄┄┄┄┄┄┄┄┄┄┄┄┄┄┄┄┄┄┄┄┄┄┄┄┄┄┄┄┄┄
│ 07:38:51.556 (+0:00:03.751894)
├┄┄┄┄┄┄┄┄┄┄┄┄┄┄┄┄┄┄┄┄┄┄┄┄┄┄┄┄┄┄┄┄┄┄┄┄┄┄┄┄┄┄┄┄┄┄┄┄┄┄┄┄┄┄┄┄┄┄┄┄┄┄┄┄┄┄┄┄┄┄┄┄┄┄┄┄┄┄┄┄┄┄┄┄┄┄┄┄┄┄┄┄┄┄┄┄┄┄┄┄┄┄┄┄┄┄┄┄┄┄┄┄┄┄┄┄┄┄┄
│ 🐛 💾 Database: Setting preference value
└───────────────────────────────────────────────────────────────────────────────────────────────────────────────────────
┌───────────────────────────────────────────────────────────────────────────────────────────────────────────────────────
│ {key: themeMode, value: 2}
├┄┄┄┄┄┄┄┄┄┄┄┄┄┄┄┄┄┄┄┄┄┄┄┄┄┄┄┄┄┄┄┄┄┄┄┄┄┄┄┄┄┄┄┄┄┄┄┄┄┄┄┄┄┄┄┄┄┄┄┄┄┄┄┄┄┄┄┄┄┄┄┄┄┄┄┄┄┄┄┄┄┄┄┄┄┄┄┄┄┄┄┄┄┄┄┄┄┄┄┄┄┄┄┄┄┄┄┄┄┄┄┄┄┄┄┄┄┄┄
│ #0   AppLogger.database (package:filler/core/logging.dart:49:13)
│ #1   AppDatabase.setPreferenceValue (package:filler/data/database.dart:337:17)
│ #2   <asynchronous suspension>
│ #3   PreferencesRepository._ensureDefaults (package:filler/domain/repositories.dart:524:9)
│ #4   <asynchronous suspension>
│ #5   PreferencesRepository.get (package:filler/domain/repositories.dart:454:7)
│ #6   <asynchronous suspension>
│ #7   new CanvasBloc.<anonymous closure> (package:filler/features/canvas/presentation/canvas_bloc.dart:113:19)
├┄┄┄┄┄┄┄┄┄┄┄┄┄┄┄┄┄┄┄┄┄┄┄┄┄┄┄┄┄┄┄┄┄┄┄┄┄┄┄┄┄┄┄┄┄┄┄┄┄┄┄┄┄┄┄┄┄┄┄┄┄┄┄┄┄┄┄┄┄┄┄┄┄┄┄┄┄┄┄┄┄┄┄┄┄┄┄┄┄┄┄┄┄┄┄┄┄┄┄┄┄┄┄┄┄┄┄┄┄┄┄┄┄┄┄┄┄┄┄
│ 07:38:51.557 (+0:00:03.753198)
├┄┄┄┄┄┄┄┄┄┄┄┄┄┄┄┄┄┄┄┄┄┄┄┄┄┄┄┄┄┄┄┄┄┄┄┄┄┄┄┄┄┄┄┄┄┄┄┄┄┄┄┄┄┄┄┄┄┄┄┄┄┄┄┄┄┄┄┄┄┄┄┄┄┄┄┄┄┄┄┄┄┄┄┄┄┄┄┄┄┄┄┄┄┄┄┄┄┄┄┄┄┄┄┄┄┄┄┄┄┄┄┄┄┄┄┄┄┄┄
│ 🐛 💾 Database: Preference value saved
└───────────────────────────────────────────────────────────────────────────────────────────────────────────────────────
┌───────────────────────────────────────────────────────────────────────────────────────────────────────────────────────
│ {width: 10, height: 10, insets: 0, defaultPattern: 1, themeMode: 2, fetchTime: 4ms, keysFromDb: 0}
├┄┄┄┄┄┄┄┄┄┄┄┄┄┄┄┄┄┄┄┄┄┄┄┄┄┄┄┄┄┄┄┄┄┄┄┄┄┄┄┄┄┄┄┄┄┄┄┄┄┄┄┄┄┄┄┄┄┄┄┄┄┄┄┄┄┄┄┄┄┄┄┄┄┄┄┄┄┄┄┄┄┄┄┄┄┄┄┄┄┄┄┄┄┄┄┄┄┄┄┄┄┄┄┄┄┄┄┄┄┄┄┄┄┄┄┄┄┄┄
│ #0   AppLogger.preferences (package:filler/core/logging.dart:64:13)
│ #1   PreferencesRepository.get (package:filler/domain/repositories.dart:464:17)
│ #2   <asynchronous suspension>
│ #3   new CanvasBloc.<anonymous closure> (package:filler/features/canvas/presentation/canvas_bloc.dart:113:19)
│ #4   <asynchronous suspension>
│ #5   Bloc.on.<anonymous closure>.handleEvent (package:bloc/src/bloc.dart:226:13)
│ #6   <asynchronous suspension>
├┄┄┄┄┄┄┄┄┄┄┄┄┄┄┄┄┄┄┄┄┄┄┄┄┄┄┄┄┄┄┄┄┄┄┄┄┄┄┄┄┄┄┄┄┄┄┄┄┄┄┄┄┄┄┄┄┄┄┄┄┄┄┄┄┄┄┄┄┄┄┄┄┄┄┄┄┄┄┄┄┄┄┄┄┄┄┄┄┄┄┄┄┄┄┄┄┄┄┄┄┄┄┄┄┄┄┄┄┄┄┄┄┄┄┄┄┄┄┄
│ 07:38:51.558 (+0:00:03.754311)
├┄┄┄┄┄┄┄┄┄┄┄┄┄┄┄┄┄┄┄┄┄┄┄┄┄┄┄┄┄┄┄┄┄┄┄┄┄┄┄┄┄┄┄┄┄┄┄┄┄┄┄┄┄┄┄┄┄┄┄┄┄┄┄┄┄┄┄┄┄┄┄┄┄┄┄┄┄┄┄┄┄┄┄┄┄┄┄┄┄┄┄┄┄┄┄┄┄┄┄┄┄┄┄┄┄┄┄┄┄┄┄┄┄┄┄┄┄┄┄
│ 🐛 ⚙️ Preferences: Constructed preferences model
└───────────────────────────────────────────────────────────────────────────────────────────────────────────────────────
┌───────────────────────────────────────────────────────────────────────────────────────────────────────────────────────
│ {width: 10, height: 10, insets: 0, defaultPattern: 1}
├┄┄┄┄┄┄┄┄┄┄┄┄┄┄┄┄┄┄┄┄┄┄┄┄┄┄┄┄┄┄┄┄┄┄┄┄┄┄┄┄┄┄┄┄┄┄┄┄┄┄┄┄┄┄┄┄┄┄┄┄┄┄┄┄┄┄┄┄┄┄┄┄┄┄┄┄┄┄┄┄┄┄┄┄┄┄┄┄┄┄┄┄┄┄┄┄┄┄┄┄┄┄┄┄┄┄┄┄┄┄┄┄┄┄┄┄┄┄┄
│ #0   AppLogger.preferences (package:filler/core/logging.dart:64:13)
│ #1   new CanvasBloc.<anonymous closure> (package:filler/features/canvas/presentation/canvas_bloc.dart:116:19)
│ #2   <asynchronous suspension>
│ #3   Bloc.on.<anonymous closure>.handleEvent (package:bloc/src/bloc.dart:226:13)
│ #4   <asynchronous suspension>
├┄┄┄┄┄┄┄┄┄┄┄┄┄┄┄┄┄┄┄┄┄┄┄┄┄┄┄┄┄┄┄┄┄┄┄┄┄┄┄┄┄┄┄┄┄┄┄┄┄┄┄┄┄┄┄┄┄┄┄┄┄┄┄┄┄┄┄┄┄┄┄┄┄┄┄┄┄┄┄┄┄┄┄┄┄┄┄┄┄┄┄┄┄┄┄┄┄┄┄┄┄┄┄┄┄┄┄┄┄┄┄┄┄┄┄┄┄┄┄
│ 07:38:51.559 (+0:00:03.755352)
├┄┄┄┄┄┄┄┄┄┄┄┄┄┄┄┄┄┄┄┄┄┄┄┄┄┄┄┄┄┄┄┄┄┄┄┄┄┄┄┄┄┄┄┄┄┄┄┄┄┄┄┄┄┄┄┄┄┄┄┄┄┄┄┄┄┄┄┄┄┄┄┄┄┄┄┄┄┄┄┄┄┄┄┄┄┄┄┄┄┄┄┄┄┄┄┄┄┄┄┄┄┄┄┄┄┄┄┄┄┄┄┄┄┄┄┄┄┄┄
│ 🐛 ⚙️ Preferences: Loaded preferences from key-value store
└───────────────────────────────────────────────────────────────────────────────────────────────────────────────────────
[38;5;12m┌───────────────────────────────────────────────────────────────────────────────────────────────────────────────────────[0m
[38;5;12m│ #0   AppLogger.performance (package:filler/core/logging.dart:131:13)[0m
[38;5;12m│ #1   new CanvasBloc.<anonymous closure> (package:filler/features/canvas/presentation/canvas_bloc.dart:125:19)[0m
[38;5;12m├┄┄┄┄┄┄┄┄┄┄┄┄┄┄┄┄┄┄┄┄┄┄┄┄┄┄┄┄┄┄┄┄┄┄┄┄┄┄┄┄┄┄┄┄┄┄┄┄┄┄┄┄┄┄┄┄┄┄┄┄┄┄┄┄┄┄┄┄┄┄┄┄┄┄┄┄┄┄┄┄┄┄┄┄┄┄┄┄┄┄┄┄┄┄┄┄┄┄┄┄┄┄┄┄┄┄┄┄┄┄┄┄┄┄┄┄┄┄┄[0m
[38;5;12m│ 07:38:51.560 (+0:00:03.756264)[0m
[38;5;12m├┄┄┄┄┄┄┄┄┄┄┄┄┄┄┄┄┄┄┄┄┄┄┄┄┄┄┄┄┄┄┄┄┄┄┄┄┄┄┄┄┄┄┄┄┄┄┄┄┄┄┄┄┄┄┄┄┄┄┄┄┄┄┄┄┄┄┄┄┄┄┄┄┄┄┄┄┄┄┄┄┄┄┄┄┄┄┄┄┄┄┄┄┄┄┄┄┄┄┄┄┄┄┄┄┄┄┄┄┄┄┄┄┄┄┄┄┄┄┄[0m
[38;5;12m│ 💡 ⏱️ Performance: Preferences fetch took 32ms[0m
[38;5;12m└───────────────────────────────────────────────────────────────────────────────────────────────────────────────────────[0m
┌───────────────────────────────────────────────────────────────────────────────────────────────────────────────────────
│ {dimensions: 10x10, pixelCount: 100, insets: 0, defaultPattern: 1}
├┄┄┄┄┄┄┄┄┄┄┄┄┄┄┄┄┄┄┄┄┄┄┄┄┄┄┄┄┄┄┄┄┄┄┄┄┄┄┄┄┄┄┄┄┄┄┄┄┄┄┄┄┄┄┄┄┄┄┄┄┄┄┄┄┄┄┄┄┄┄┄┄┄┄┄┄┄┄┄┄┄┄┄┄┄┄┄┄┄┄┄┄┄┄┄┄┄┄┄┄┄┄┄┄┄┄┄┄┄┄┄┄┄┄┄┄┄┄┄
│ #0   AppLogger.canvas (package:filler/core/logging.dart:59:13)
│ #1   new CanvasBloc.<anonymous closure> (package:filler/features/canvas/presentation/canvas_bloc.dart:133:19)
│ #2   <asynchronous suspension>
│ #3   Bloc.on.<anonymous closure>.handleEvent (package:bloc/src/bloc.dart:226:13)
│ #4   <asynchronous suspension>
├┄┄┄┄┄┄┄┄┄┄┄┄┄┄┄┄┄┄┄┄┄┄┄┄┄┄┄┄┄┄┄┄┄┄┄┄┄┄┄┄┄┄┄┄┄┄┄┄┄┄┄┄┄┄┄┄┄┄┄┄┄┄┄┄┄┄┄┄┄┄┄┄┄┄┄┄┄┄┄┄┄┄┄┄┄┄┄┄┄┄┄┄┄┄┄┄┄┄┄┄┄┄┄┄┄┄┄┄┄┄┄┄┄┄┄┄┄┄┄
│ 07:38:51.561 (+0:00:03.756877)
├┄┄┄┄┄┄┄┄┄┄┄┄┄┄┄┄┄┄┄┄┄┄┄┄┄┄┄┄┄┄┄┄┄┄┄┄┄┄┄┄┄┄┄┄┄┄┄┄┄┄┄┄┄┄┄┄┄┄┄┄┄┄┄┄┄┄┄┄┄┄┄┄┄┄┄┄┄┄┄┄┄┄┄┄┄┄┄┄┄┄┄┄┄┄┄┄┄┄┄┄┄┄┄┄┄┄┄┄┄┄┄┄┄┄┄┄┄┄┄
│ 🐛 🎨 Canvas: Initialized canvas
└───────────────────────────────────────────────────────────────────────────────────────────────────────────────────────
┌───────────────────────────────────────────────────────────────────────────────────────────────────────────────────────
│ #0   AppLogger.bloc (package:filler/core/logging.dart:44:13)
│ #1   new CanvasBloc.<anonymous closure> (package:filler/features/canvas/presentation/canvas_bloc.dart:156:19)
├┄┄┄┄┄┄┄┄┄┄┄┄┄┄┄┄┄┄┄┄┄┄┄┄┄┄┄┄┄┄┄┄┄┄┄┄┄┄┄┄┄┄┄┄┄┄┄┄┄┄┄┄┄┄┄┄┄┄┄┄┄┄┄┄┄┄┄┄┄┄┄┄┄┄┄┄┄┄┄┄┄┄┄┄┄┄┄┄┄┄┄┄┄┄┄┄┄┄┄┄┄┄┄┄┄┄┄┄┄┄┄┄┄┄┄┄┄┄┄
│ 07:38:51.562 (+0:00:03.757842)
├┄┄┄┄┄┄┄┄┄┄┄┄┄┄┄┄┄┄┄┄┄┄┄┄┄┄┄┄┄┄┄┄┄┄┄┄┄┄┄┄┄┄┄┄┄┄┄┄┄┄┄┄┄┄┄┄┄┄┄┄┄┄┄┄┄┄┄┄┄┄┄┄┄┄┄┄┄┄┄┄┄┄┄┄┄┄┄┄┄┄┄┄┄┄┄┄┄┄┄┄┄┄┄┄┄┄┄┄┄┄┄┄┄┄┄┄┄┄┄
│ 🐛 🔄 BLoC[Canvas]: Init Complete | loading → ready
└───────────────────────────────────────────────────────────────────────────────────────────────────────────────────────
┌───────────────────────────────────────────────────────────────────────────────────────────────────────────────────────
│ {from: 1, to: 3}
├┄┄┄┄┄┄┄┄┄┄┄┄┄┄┄┄┄┄┄┄┄┄┄┄┄┄┄┄┄┄┄┄┄┄┄┄┄┄┄┄┄┄┄┄┄┄┄┄┄┄┄┄┄┄┄┄┄┄┄┄┄┄┄┄┄┄┄┄┄┄┄┄┄┄┄┄┄┄┄┄┄┄┄┄┄┄┄┄┄┄┄┄┄┄┄┄┄┄┄┄┄┄┄┄┄┄┄┄┄┄┄┄┄┄┄┄┄┄┄
│ #0   AppLogger.canvas (package:filler/core/logging.dart:59:13)
│ #1   new CanvasBloc.<anonymous closure>.<anonymous closure> (package:filler/features/canvas/presentation/canvas_bloc.dart:228:25)
│ #2   _$ReadyImpl.maybeWhen (package:filler/features/canvas/presentation/canvas_bloc.freezed.dart:2714:19)
│ #3   new CanvasBloc.<anonymous closure> (package:filler/features/canvas/presentation/canvas_bloc.dart:215:13)
│ #4   Bloc.on.<anonymous closure>.handleEvent (package:bloc/src/bloc.dart:226:26)
│ #5   Bloc.on.<anonymous closure> (package:bloc/src/bloc.dart:235:9)
│ #6   _MapStream._handleData (dart:async/stream_pipe.dart:247:31)
│ #7   _ForwardingStreamSubscription._handleData (dart:async/stream_pipe.dart:184:13)
├┄┄┄┄┄┄┄┄┄┄┄┄┄┄┄┄┄┄┄┄┄┄┄┄┄┄┄┄┄┄┄┄┄┄┄┄┄┄┄┄┄┄┄┄┄┄┄┄┄┄┄┄┄┄┄┄┄┄┄┄┄┄┄┄┄┄┄┄┄┄┄┄┄┄┄┄┄┄┄┄┄┄┄┄┄┄┄┄┄┄┄┄┄┄┄┄┄┄┄┄┄┄┄┄┄┄┄┄┄┄┄┄┄┄┄┄┄┄┄
│ 07:38:52.029 (+0:00:04.225555)
├┄┄┄┄┄┄┄┄┄┄┄┄┄┄┄┄┄┄┄┄┄┄┄┄┄┄┄┄┄┄┄┄┄┄┄┄┄┄┄┄┄┄┄┄┄┄┄┄┄┄┄┄┄┄┄┄┄┄┄┄┄┄┄┄┄┄┄┄┄┄┄┄┄┄┄┄┄┄┄┄┄┄┄┄┄┄┄┄┄┄┄┄┄┄┄┄┄┄┄┄┄┄┄┄┄┄┄┄┄┄┄┄┄┄┄┄┄┄┄
│ 🐛 🎨 Canvas: Active color changed
└───────────────────────────────────────────────────────────────────────────────────────────────────────────────────────
┌───────────────────────────────────────────────────────────────────────────────────────────────────────────────────────
│ {index: 0, pattern: 3, position: 0,0}
├┄┄┄┄┄┄┄┄┄┄┄┄┄┄┄┄┄┄┄┄┄┄┄┄┄┄┄┄┄┄┄┄┄┄┄┄┄┄┄┄┄┄┄┄┄┄┄┄┄┄┄┄┄┄┄┄┄┄┄┄┄┄┄┄┄┄┄┄┄┄┄┄┄┄┄┄┄┄┄┄┄┄┄┄┄┄┄┄┄┄┄┄┄┄┄┄┄┄┄┄┄┄┄┄┄┄┄┄┄┄┄┄┄┄┄┄┄┄┄
│ #0   AppLogger.canvas (package:filler/core/logging.dart:59:13)
│ #1   new CanvasBloc.<anonymous closure>.<anonymous closure> (package:filler/features/canvas/presentation/canvas_bloc.dart:275:25)
│ #2   _$ReadyImpl.maybeWhen (package:filler/features/canvas/presentation/canvas_bloc.freezed.dart:2714:19)
│ #3   new CanvasBloc.<anonymous closure> (package:filler/features/canvas/presentation/canvas_bloc.dart:251:13)
│ #4   Bloc.on.<anonymous closure>.handleEvent (package:bloc/src/bloc.dart:226:26)
│ #5   Bloc.on.<anonymous closure> (package:bloc/src/bloc.dart:235:9)
│ #6   _MapStream._handleData (dart:async/stream_pipe.dart:247:31)
│ #7   _ForwardingStreamSubscription._handleData (dart:async/stream_pipe.dart:184:13)
├┄┄┄┄┄┄┄┄┄┄┄┄┄┄┄┄┄┄┄┄┄┄┄┄┄┄┄┄┄┄┄┄┄┄┄┄┄┄┄┄┄┄┄┄┄┄┄┄┄┄┄┄┄┄┄┄┄┄┄┄┄┄┄┄┄┄┄┄┄┄┄┄┄┄┄┄┄┄┄┄┄┄┄┄┄┄┄┄┄┄┄┄┄┄┄┄┄┄┄┄┄┄┄┄┄┄┄┄┄┄┄┄┄┄┄┄┄┄┄
│ 07:38:52.039 (+0:00:04.235668)
├┄┄┄┄┄┄┄┄┄┄┄┄┄┄┄┄┄┄┄┄┄┄┄┄┄┄┄┄┄┄┄┄┄┄┄┄┄┄┄┄┄┄┄┄┄┄┄┄┄┄┄┄┄┄┄┄┄┄┄┄┄┄┄┄┄┄┄┄┄┄┄┄┄┄┄┄┄┄┄┄┄┄┄┄┄┄┄┄┄┄┄┄┄┄┄┄┄┄┄┄┄┄┄┄┄┄┄┄┄┄┄┄┄┄┄┄┄┄┄
│ 🐛 🎨 Canvas: Pixel painted
└───────────────────────────────────────────────────────────────────────────────────────────────────────────────────────
┌───────────────────────────────────────────────────────────────────────────────────────────────────────────────────────
│ {index: 1, pattern: 3, position: 1,0}
├┄┄┄┄┄┄┄┄┄┄┄┄┄┄┄┄┄┄┄┄┄┄┄┄┄┄┄┄┄┄┄┄┄┄┄┄┄┄┄┄┄┄┄┄┄┄┄┄┄┄┄┄┄┄┄┄┄┄┄┄┄┄┄┄┄┄┄┄┄┄┄┄┄┄┄┄┄┄┄┄┄┄┄┄┄┄┄┄┄┄┄┄┄┄┄┄┄┄┄┄┄┄┄┄┄┄┄┄┄┄┄┄┄┄┄┄┄┄┄
│ #0   AppLogger.canvas (package:filler/core/logging.dart:59:13)
│ #1   new CanvasBloc.<anonymous closure>.<anonymous closure> (package:filler/features/canvas/presentation/canvas_bloc.dart:275:25)
│ #2   _$ReadyImpl.maybeWhen (package:filler/features/canvas/presentation/canvas_bloc.freezed.dart:2714:19)
│ #3   new CanvasBloc.<anonymous closure> (package:filler/features/canvas/presentation/canvas_bloc.dart:251:13)
│ #4   Bloc.on.<anonymous closure>.handleEvent (package:bloc/src/bloc.dart:226:26)
│ #5   Bloc.on.<anonymous closure> (package:bloc/src/bloc.dart:235:9)
│ #6   _MapStream._handleData (dart:async/stream_pipe.dart:247:31)
│ #7   _ForwardingStreamSubscription._handleData (dart:async/stream_pipe.dart:184:13)
├┄┄┄┄┄┄┄┄┄┄┄┄┄┄┄┄┄┄┄┄┄┄┄┄┄┄┄┄┄┄┄┄┄┄┄┄┄┄┄┄┄┄┄┄┄┄┄┄┄┄┄┄┄┄┄┄┄┄┄┄┄┄┄┄┄┄┄┄┄┄┄┄┄┄┄┄┄┄┄┄┄┄┄┄┄┄┄┄┄┄┄┄┄┄┄┄┄┄┄┄┄┄┄┄┄┄┄┄┄┄┄┄┄┄┄┄┄┄┄
│ 07:38:52.046 (+0:00:04.242210)
├┄┄┄┄┄┄┄┄┄┄┄┄┄┄┄┄┄┄┄┄┄┄┄┄┄┄┄┄┄┄┄┄┄┄┄┄┄┄┄┄┄┄┄┄┄┄┄┄┄┄┄┄┄┄┄┄┄┄┄┄┄┄┄┄┄┄┄┄┄┄┄┄┄┄┄┄┄┄┄┄┄┄┄┄┄┄┄┄┄┄┄┄┄┄┄┄┄┄┄┄┄┄┄┄┄┄┄┄┄┄┄┄┄┄┄┄┄┄┄
│ 🐛 🎨 Canvas: Pixel painted
└───────────────────────────────────────────────────────────────────────────────────────────────────────────────────────
┌───────────────────────────────────────────────────────────────────────────────────────────────────────────────────────
│ {title: Test Save Canvas, currentState: _$ReadyImpl}
├┄┄┄┄┄┄┄┄┄┄┄┄┄┄┄┄┄┄┄┄┄┄┄┄┄┄┄┄┄┄┄┄┄┄┄┄┄┄┄┄┄┄┄┄┄┄┄┄┄┄┄┄┄┄┄┄┄┄┄┄┄┄┄┄┄┄┄┄┄┄┄┄┄┄┄┄┄┄┄┄┄┄┄┄┄┄┄┄┄┄┄┄┄┄┄┄┄┄┄┄┄┄┄┄┄┄┄┄┄┄┄┄┄┄┄┄┄┄┄
│ #0   AppLogger.canvas (package:filler/core/logging.dart:59:13)
│ #1   new CanvasBloc.<anonymous closure> (package:filler/features/canvas/presentation/canvas_bloc.dart:304:17)
│ #2   Bloc.on.<anonymous closure>.handleEvent (package:bloc/src/bloc.dart:226:26)
│ #3   Bloc.on.<anonymous closure> (package:bloc/src/bloc.dart:235:9)
│ #4   _MapStream._handleData (dart:async/stream_pipe.dart:247:31)
│ #5   _ForwardingStreamSubscription._handleData (dart:async/stream_pipe.dart:184:13)
│ #6   StackZoneSpecification._registerUnaryCallback.<anonymous closure>.<anonymous closure> (package:stack_trace/src/stack_zone_specification.dart:127:36)
│ #7   StackZoneSpecification._run (package:stack_trace/src/stack_zone_specification.dart:207:15)
├┄┄┄┄┄┄┄┄┄┄┄┄┄┄┄┄┄┄┄┄┄┄┄┄┄┄┄┄┄┄┄┄┄┄┄┄┄┄┄┄┄┄┄┄┄┄┄┄┄┄┄┄┄┄┄┄┄┄┄┄┄┄┄┄┄┄┄┄┄┄┄┄┄┄┄┄┄┄┄┄┄┄┄┄┄┄┄┄┄┄┄┄┄┄┄┄┄┄┄┄┄┄┄┄┄┄┄┄┄┄┄┄┄┄┄┄┄┄┄
│ 07:38:52.134 (+0:00:04.330660)
├┄┄┄┄┄┄┄┄┄┄┄┄┄┄┄┄┄┄┄┄┄┄┄┄┄┄┄┄┄┄┄┄┄┄┄┄┄┄┄┄┄┄┄┄┄┄┄┄┄┄┄┄┄┄┄┄┄┄┄┄┄┄┄┄┄┄┄┄┄┄┄┄┄┄┄┄┄┄┄┄┄┄┄┄┄┄┄┄┄┄┄┄┄┄┄┄┄┄┄┄┄┄┄┄┄┄┄┄┄┄┄┄┄┄┄┄┄┄┄
│ 🐛 🎨 Canvas: Save requested
└───────────────────────────────────────────────────────────────────────────────────────────────────────────────────────
┌───────────────────────────────────────────────────────────────────────────────────────────────────────────────────────
│ {title: Test Save Canvas, dimensions: 10x10, insets: 0, pixelCount: 100}
├┄┄┄┄┄┄┄┄┄┄┄┄┄┄┄┄┄┄┄┄┄┄┄┄┄┄┄┄┄┄┄┄┄┄┄┄┄┄┄┄┄┄┄┄┄┄┄┄┄┄┄┄┄┄┄┄┄┄┄┄┄┄┄┄┄┄┄┄┄┄┄┄┄┄┄┄┄┄┄┄┄┄┄┄┄┄┄┄┄┄┄┄┄┄┄┄┄┄┄┄┄┄┄┄┄┄┄┄┄┄┄┄┄┄┄┄┄┄┄
│ #0   AppLogger.canvas (package:filler/core/logging.dart:59:13)
│ #1   new CanvasBloc.<anonymous closure>.<anonymous closure> (package:filler/features/canvas/presentation/canvas_bloc.dart:342:27)
│ #2   _$ReadyImpl.maybeWhen (package:filler/features/canvas/presentation/canvas_bloc.freezed.dart:2714:19)
│ #3   new CanvasBloc.<anonymous closure> (package:filler/features/canvas/presentation/canvas_bloc.dart:312:19)
│ #4   Bloc.on.<anonymous closure>.handleEvent (package:bloc/src/bloc.dart:226:26)
│ #5   Bloc.on.<anonymous closure> (package:bloc/src/bloc.dart:235:9)
│ #6   _MapStream._handleData (dart:async/stream_pipe.dart:247:31)
│ #7   _ForwardingStreamSubscription._handleData (dart:async/stream_pipe.dart:184:13)
├┄┄┄┄┄┄┄┄┄┄┄┄┄┄┄┄┄┄┄┄┄┄┄┄┄┄┄┄┄┄┄┄┄┄┄┄┄┄┄┄┄┄┄┄┄┄┄┄┄┄┄┄┄┄┄┄┄┄┄┄┄┄┄┄┄┄┄┄┄┄┄┄┄┄┄┄┄┄┄┄┄┄┄┄┄┄┄┄┄┄┄┄┄┄┄┄┄┄┄┄┄┄┄┄┄┄┄┄┄┄┄┄┄┄┄┄┄┄┄
│ 07:38:52.144 (+0:00:04.340703)
├┄┄┄┄┄┄┄┄┄┄┄┄┄┄┄┄┄┄┄┄┄┄┄┄┄┄┄┄┄┄┄┄┄┄┄┄┄┄┄┄┄┄┄┄┄┄┄┄┄┄┄┄┄┄┄┄┄┄┄┄┄┄┄┄┄┄┄┄┄┄┄┄┄┄┄┄┄┄┄┄┄┄┄┄┄┄┄┄┄┄┄┄┄┄┄┄┄┄┄┄┄┄┄┄┄┄┄┄┄┄┄┄┄┄┄┄┄┄┄
│ 🐛 🎨 Canvas: Saving canvas to database
└───────────────────────────────────────────────────────────────────────────────────────────────────────────────────────
┌───────────────────────────────────────────────────────────────────────────────────────────────────────────────────────
│ {title: Test Save Canvas, dimensions: 10x10, pixelCount: 100}
├┄┄┄┄┄┄┄┄┄┄┄┄┄┄┄┄┄┄┄┄┄┄┄┄┄┄┄┄┄┄┄┄┄┄┄┄┄┄┄┄┄┄┄┄┄┄┄┄┄┄┄┄┄┄┄┄┄┄┄┄┄┄┄┄┄┄┄┄┄┄┄┄┄┄┄┄┄┄┄┄┄┄┄┄┄┄┄┄┄┄┄┄┄┄┄┄┄┄┄┄┄┄┄┄┄┄┄┄┄┄┄┄┄┄┄┄┄┄┄
│ #0   AppLogger.database (package:filler/core/logging.dart:49:13)
│ #1   CanvasRepository.addModel (package:filler/domain/repositories.dart:331:15)
│ #2   new CanvasBloc.<anonymous closure>.<anonymous closure> (package:filler/features/canvas/presentation/canvas_bloc.dart:352:45)
│ #3   _$ReadyImpl.maybeWhen (package:filler/features/canvas/presentation/canvas_bloc.freezed.dart:2714:19)
│ #4   new CanvasBloc.<anonymous closure> (package:filler/features/canvas/presentation/canvas_bloc.dart:312:19)
│ #5   Bloc.on.<anonymous closure>.handleEvent (package:bloc/src/bloc.dart:226:26)
│ #6   Bloc.on.<anonymous closure> (package:bloc/src/bloc.dart:235:9)
│ #7   _MapStream._handleData (dart:async/stream_pipe.dart:247:31)
├┄┄┄┄┄┄┄┄┄┄┄┄┄┄┄┄┄┄┄┄┄┄┄┄┄┄┄┄┄┄┄┄┄┄┄┄┄┄┄┄┄┄┄┄┄┄┄┄┄┄┄┄┄┄┄┄┄┄┄┄┄┄┄┄┄┄┄┄┄┄┄┄┄┄┄┄┄┄┄┄┄┄┄┄┄┄┄┄┄┄┄┄┄┄┄┄┄┄┄┄┄┄┄┄┄┄┄┄┄┄┄┄┄┄┄┄┄┄┄
│ 07:38:52.151 (+0:00:04.346934)
├┄┄┄┄┄┄┄┄┄┄┄┄┄┄┄┄┄┄┄┄┄┄┄┄┄┄┄┄┄┄┄┄┄┄┄┄┄┄┄┄┄┄┄┄┄┄┄┄┄┄┄┄┄┄┄┄┄┄┄┄┄┄┄┄┄┄┄┄┄┄┄┄┄┄┄┄┄┄┄┄┄┄┄┄┄┄┄┄┄┄┄┄┄┄┄┄┄┄┄┄┄┄┄┄┄┄┄┄┄┄┄┄┄┄┄┄┄┄┄
│ 🐛 💾 Database: Creating new canvas from model
└───────────────────────────────────────────────────────────────────────────────────────────────────────────────────────
┌───────────────────────────────────────────────────────────────────────────────────────────────────────────────────────
│ {title: Test Save Canvas, dimensions: 10x10}
├┄┄┄┄┄┄┄┄┄┄┄┄┄┄┄┄┄┄┄┄┄┄┄┄┄┄┄┄┄┄┄┄┄┄┄┄┄┄┄┄┄┄┄┄┄┄┄┄┄┄┄┄┄┄┄┄┄┄┄┄┄┄┄┄┄┄┄┄┄┄┄┄┄┄┄┄┄┄┄┄┄┄┄┄┄┄┄┄┄┄┄┄┄┄┄┄┄┄┄┄┄┄┄┄┄┄┄┄┄┄┄┄┄┄┄┄┄┄┄
│ #0   AppLogger.database (package:filler/core/logging.dart:49:13)
│ #1   AppDatabase.insertCanvas (package:filler/data/database.dart:225:15)
│ #2   CanvasRepository.addModel (package:filler/domain/repositories.dart:343:34)
│ #3   new CanvasBloc.<anonymous closure>.<anonymous closure> (package:filler/features/canvas/presentation/canvas_bloc.dart:352:45)
│ #4   _$ReadyImpl.maybeWhen (package:filler/features/canvas/presentation/canvas_bloc.freezed.dart:2714:19)
│ #5   new CanvasBloc.<anonymous closure> (package:filler/features/canvas/presentation/canvas_bloc.dart:312:19)
│ #6   Bloc.on.<anonymous closure>.handleEvent (package:bloc/src/bloc.dart:226:26)
│ #7   Bloc.on.<anonymous closure> (package:bloc/src/bloc.dart:235:9)
├┄┄┄┄┄┄┄┄┄┄┄┄┄┄┄┄┄┄┄┄┄┄┄┄┄┄┄┄┄┄┄┄┄┄┄┄┄┄┄┄┄┄┄┄┄┄┄┄┄┄┄┄┄┄┄┄┄┄┄┄┄┄┄┄┄┄┄┄┄┄┄┄┄┄┄┄┄┄┄┄┄┄┄┄┄┄┄┄┄┄┄┄┄┄┄┄┄┄┄┄┄┄┄┄┄┄┄┄┄┄┄┄┄┄┄┄┄┄┄
│ 07:38:52.157 (+0:00:04.353610)
├┄┄┄┄┄┄┄┄┄┄┄┄┄┄┄┄┄┄┄┄┄┄┄┄┄┄┄┄┄┄┄┄┄┄┄┄┄┄┄┄┄┄┄┄┄┄┄┄┄┄┄┄┄┄┄┄┄┄┄┄┄┄┄┄┄┄┄┄┄┄┄┄┄┄┄┄┄┄┄┄┄┄┄┄┄┄┄┄┄┄┄┄┄┄┄┄┄┄┄┄┄┄┄┄┄┄┄┄┄┄┄┄┄┄┄┄┄┄┄
│ 🐛 💾 Database: Inserting canvas
└───────────────────────────────────────────────────────────────────────────────────────────────────────────────────────
┌───────────────────────────────────────────────────────────────────────────────────────────────────────────────────────
│ {id: 1}
├┄┄┄┄┄┄┄┄┄┄┄┄┄┄┄┄┄┄┄┄┄┄┄┄┄┄┄┄┄┄┄┄┄┄┄┄┄┄┄┄┄┄┄┄┄┄┄┄┄┄┄┄┄┄┄┄┄┄┄┄┄┄┄┄┄┄┄┄┄┄┄┄┄┄┄┄┄┄┄┄┄┄┄┄┄┄┄┄┄┄┄┄┄┄┄┄┄┄┄┄┄┄┄┄┄┄┄┄┄┄┄┄┄┄┄┄┄┄┄
│ #0   AppLogger.database (package:filler/core/logging.dart:49:13)
│ #1   AppDatabase.insertCanvas (package:filler/data/database.dart:234:17)
│ #2   <asynchronous suspension>
│ #3   CanvasRepository.addModel (package:filler/domain/repositories.dart:343:24)
│ #4   <asynchronous suspension>
│ #5   new CanvasBloc.<anonymous closure>.<anonymous closure> (package:filler/features/canvas/presentation/canvas_bloc.dart:352:34)
│ #6   <asynchronous suspension>
│ #7   new CanvasBloc.<anonymous closure> (package:filler/features/canvas/presentation/canvas_bloc.dart:312:7)
├┄┄┄┄┄┄┄┄┄┄┄┄┄┄┄┄┄┄┄┄┄┄┄┄┄┄┄┄┄┄┄┄┄┄┄┄┄┄┄┄┄┄┄┄┄┄┄┄┄┄┄┄┄┄┄┄┄┄┄┄┄┄┄┄┄┄┄┄┄┄┄┄┄┄┄┄┄┄┄┄┄┄┄┄┄┄┄┄┄┄┄┄┄┄┄┄┄┄┄┄┄┄┄┄┄┄┄┄┄┄┄┄┄┄┄┄┄┄┄
│ 07:38:52.164 (+0:00:04.360374)
├┄┄┄┄┄┄┄┄┄┄┄┄┄┄┄┄┄┄┄┄┄┄┄┄┄┄┄┄┄┄┄┄┄┄┄┄┄┄┄┄┄┄┄┄┄┄┄┄┄┄┄┄┄┄┄┄┄┄┄┄┄┄┄┄┄┄┄┄┄┄┄┄┄┄┄┄┄┄┄┄┄┄┄┄┄┄┄┄┄┄┄┄┄┄┄┄┄┄┄┄┄┄┄┄┄┄┄┄┄┄┄┄┄┄┄┄┄┄┄
│ 🐛 💾 Database: Canvas inserted with ID
└───────────────────────────────────────────────────────────────────────────────────────────────────────────────────────
┌───────────────────────────────────────────────────────────────────────────────────────────────────────────────────────
│ {id: 1, title: Test Save Canvas, insertTime: 12ms}
├┄┄┄┄┄┄┄┄┄┄┄┄┄┄┄┄┄┄┄┄┄┄┄┄┄┄┄┄┄┄┄┄┄┄┄┄┄┄┄┄┄┄┄┄┄┄┄┄┄┄┄┄┄┄┄┄┄┄┄┄┄┄┄┄┄┄┄┄┄┄┄┄┄┄┄┄┄┄┄┄┄┄┄┄┄┄┄┄┄┄┄┄┄┄┄┄┄┄┄┄┄┄┄┄┄┄┄┄┄┄┄┄┄┄┄┄┄┄┄
│ #0   AppLogger.database (package:filler/core/logging.dart:49:13)
│ #1   CanvasRepository.addModel (package:filler/domain/repositories.dart:346:17)
│ #2   <asynchronous suspension>
│ #3   new CanvasBloc.<anonymous closure>.<anonymous closure> (package:filler/features/canvas/presentation/canvas_bloc.dart:352:34)
│ #4   <asynchronous suspension>
│ #5   new CanvasBloc.<anonymous closure> (package:filler/features/canvas/presentation/canvas_bloc.dart:312:7)
│ #6   <asynchronous suspension>
│ #7   Bloc.on.<anonymous closure>.handleEvent (package:bloc/src/bloc.dart:226:13)
├┄┄┄┄┄┄┄┄┄┄┄┄┄┄┄┄┄┄┄┄┄┄┄┄┄┄┄┄┄┄┄┄┄┄┄┄┄┄┄┄┄┄┄┄┄┄┄┄┄┄┄┄┄┄┄┄┄┄┄┄┄┄┄┄┄┄┄┄┄┄┄┄┄┄┄┄┄┄┄┄┄┄┄┄┄┄┄┄┄┄┄┄┄┄┄┄┄┄┄┄┄┄┄┄┄┄┄┄┄┄┄┄┄┄┄┄┄┄┄
│ 07:38:52.167 (+0:00:04.363646)
├┄┄┄┄┄┄┄┄┄┄┄┄┄┄┄┄┄┄┄┄┄┄┄┄┄┄┄┄┄┄┄┄┄┄┄┄┄┄┄┄┄┄┄┄┄┄┄┄┄┄┄┄┄┄┄┄┄┄┄┄┄┄┄┄┄┄┄┄┄┄┄┄┄┄┄┄┄┄┄┄┄┄┄┄┄┄┄┄┄┄┄┄┄┄┄┄┄┄┄┄┄┄┄┄┄┄┄┄┄┄┄┄┄┄┄┄┄┄┄
│ 🐛 💾 Database: Canvas model created successfully
└───────────────────────────────────────────────────────────────────────────────────────────────────────────────────────
[38;5;12m┌───────────────────────────────────────────────────────────────────────────────────────────────────────────────────────[0m
[38;5;12m│ {canvasId: 1, title: Test Save Canvas}[0m
[38;5;12m├┄┄┄┄┄┄┄┄┄┄┄┄┄┄┄┄┄┄┄┄┄┄┄┄┄┄┄┄┄┄┄┄┄┄┄┄┄┄┄┄┄┄┄┄┄┄┄┄┄┄┄┄┄┄┄┄┄┄┄┄┄┄┄┄┄┄┄┄┄┄┄┄┄┄┄┄┄┄┄┄┄┄┄┄┄┄┄┄┄┄┄┄┄┄┄┄┄┄┄┄┄┄┄┄┄┄┄┄┄┄┄┄┄┄┄┄┄┄┄[0m
[38;5;12m│ #0   AppLogger.performance (package:filler/core/logging.dart:131:13)[0m
[38;5;12m│ #1   new CanvasBloc.<anonymous closure>.<anonymous closure> (package:filler/features/canvas/presentation/canvas_bloc.dart:355:27)[0m
[38;5;12m│ #2   <asynchronous suspension>[0m
[38;5;12m│ #3   new CanvasBloc.<anonymous closure> (package:filler/features/canvas/presentation/canvas_bloc.dart:312:7)[0m
[38;5;12m│ #4   <asynchronous suspension>[0m
[38;5;12m│ #5   Bloc.on.<anonymous closure>.handleEvent (package:bloc/src/bloc.dart:226:13)[0m
[38;5;12m│ #6   <asynchronous suspension>[0m
[38;5;12m├┄┄┄┄┄┄┄┄┄┄┄┄┄┄┄┄┄┄┄┄┄┄┄┄┄┄┄┄┄┄┄┄┄┄┄┄┄┄┄┄┄┄┄┄┄┄┄┄┄┄┄┄┄┄┄┄┄┄┄┄┄┄┄┄┄┄┄┄┄┄┄┄┄┄┄┄┄┄┄┄┄┄┄┄┄┄┄┄┄┄┄┄┄┄┄┄┄┄┄┄┄┄┄┄┄┄┄┄┄┄┄┄┄┄┄┄┄┄┄[0m
[38;5;12m│ 07:38:52.170 (+0:00:04.366714)[0m
[38;5;12m├┄┄┄┄┄┄┄┄┄┄┄┄┄┄┄┄┄┄┄┄┄┄┄┄┄┄┄┄┄┄┄┄┄┄┄┄┄┄┄┄┄┄┄┄┄┄┄┄┄┄┄┄┄┄┄┄┄┄┄┄┄┄┄┄┄┄┄┄┄┄┄┄┄┄┄┄┄┄┄┄┄┄┄┄┄┄┄┄┄┄┄┄┄┄┄┄┄┄┄┄┄┄┄┄┄┄┄┄┄┄┄┄┄┄┄┄┄┄┄[0m
[38;5;12m│ 💡 ⏱️ Performance: Canvas save took 26ms[0m
[38;5;12m└───────────────────────────────────────────────────────────────────────────────────────────────────────────────────────[0m
┌───────────────────────────────────────────────────────────────────────────────────────────────────────────────────────
│ {id: 1, title: Test Save Canvas}
├┄┄┄┄┄┄┄┄┄┄┄┄┄┄┄┄┄┄┄┄┄┄┄┄┄┄┄┄┄┄┄┄┄┄┄┄┄┄┄┄┄┄┄┄┄┄┄┄┄┄┄┄┄┄┄┄┄┄┄┄┄┄┄┄┄┄┄┄┄┄┄┄┄┄┄┄┄┄┄┄┄┄┄┄┄┄┄┄┄┄┄┄┄┄┄┄┄┄┄┄┄┄┄┄┄┄┄┄┄┄┄┄┄┄┄┄┄┄┄
│ #0   AppLogger.canvas (package:filler/core/logging.dart:59:13)
│ #1   new CanvasBloc.<anonymous closure>.<anonymous closure> (package:filler/features/canvas/presentation/canvas_bloc.dart:361:27)
│ #2   <asynchronous suspension>
│ #3   new CanvasBloc.<anonymous closure> (package:filler/features/canvas/presentation/canvas_bloc.dart:312:7)
│ #4   <asynchronous suspension>
│ #5   Bloc.on.<anonymous closure>.handleEvent (package:bloc/src/bloc.dart:226:13)
│ #6   <asynchronous suspension>
├┄┄┄┄┄┄┄┄┄┄┄┄┄┄┄┄┄┄┄┄┄┄┄┄┄┄┄┄┄┄┄┄┄┄┄┄┄┄┄┄┄┄┄┄┄┄┄┄┄┄┄┄┄┄┄┄┄┄┄┄┄┄┄┄┄┄┄┄┄┄┄┄┄┄┄┄┄┄┄┄┄┄┄┄┄┄┄┄┄┄┄┄┄┄┄┄┄┄┄┄┄┄┄┄┄┄┄┄┄┄┄┄┄┄┄┄┄┄┄
│ 07:38:52.173 (+0:00:04.369772)
├┄┄┄┄┄┄┄┄┄┄┄┄┄┄┄┄┄┄┄┄┄┄┄┄┄┄┄┄┄┄┄┄┄┄┄┄┄┄┄┄┄┄┄┄┄┄┄┄┄┄┄┄┄┄┄┄┄┄┄┄┄┄┄┄┄┄┄┄┄┄┄┄┄┄┄┄┄┄┄┄┄┄┄┄┄┄┄┄┄┄┄┄┄┄┄┄┄┄┄┄┄┄┄┄┄┄┄┄┄┄┄┄┄┄┄┄┄┄┄
│ 🐛 🎨 Canvas: Canvas saved successfully
└───────────────────────────────────────────────────────────────────────────────────────────────────────────────────────
┌───────────────────────────────────────────────────────────────────────────────────────────────────────────────────────
│ #0   AppLogger.bloc (package:filler/core/logging.dart:44:13)
│ #1   new GalleryBloc.<anonymous closure> (package:filler/features/gallery/presentation/gallery_bloc.dart:79:17)
├┄┄┄┄┄┄┄┄┄┄┄┄┄┄┄┄┄┄┄┄┄┄┄┄┄┄┄┄┄┄┄┄┄┄┄┄┄┄┄┄┄┄┄┄┄┄┄┄┄┄┄┄┄┄┄┄┄┄┄┄┄┄┄┄┄┄┄┄┄┄┄┄┄┄┄┄┄┄┄┄┄┄┄┄┄┄┄┄┄┄┄┄┄┄┄┄┄┄┄┄┄┄┄┄┄┄┄┄┄┄┄┄┄┄┄┄┄┄┄
│ 07:38:52.634 (+0:00:04.830446)
├┄┄┄┄┄┄┄┄┄┄┄┄┄┄┄┄┄┄┄┄┄┄┄┄┄┄┄┄┄┄┄┄┄┄┄┄┄┄┄┄┄┄┄┄┄┄┄┄┄┄┄┄┄┄┄┄┄┄┄┄┄┄┄┄┄┄┄┄┄┄┄┄┄┄┄┄┄┄┄┄┄┄┄┄┄┄┄┄┄┄┄┄┄┄┄┄┄┄┄┄┄┄┄┄┄┄┄┄┄┄┄┄┄┄┄┄┄┄┄
│ 🐛 🔄 BLoC[Gallery]: Load Event | initial → loading
└───────────────────────────────────────────────────────────────────────────────────────────────────────────────────────
┌───────────────────────────────────────────────────────────────────────────────────────────────────────────────────────
│ #0   AppLogger.database (package:filler/core/logging.dart:49:13)
│ #1   CanvasRepository.getAllModels (package:filler/domain/repositories.dart:303:15)
├┄┄┄┄┄┄┄┄┄┄┄┄┄┄┄┄┄┄┄┄┄┄┄┄┄┄┄┄┄┄┄┄┄┄┄┄┄┄┄┄┄┄┄┄┄┄┄┄┄┄┄┄┄┄┄┄┄┄┄┄┄┄┄┄┄┄┄┄┄┄┄┄┄┄┄┄┄┄┄┄┄┄┄┄┄┄┄┄┄┄┄┄┄┄┄┄┄┄┄┄┄┄┄┄┄┄┄┄┄┄┄┄┄┄┄┄┄┄┄
│ 07:38:52.638 (+0:00:04.834475)
├┄┄┄┄┄┄┄┄┄┄┄┄┄┄┄┄┄┄┄┄┄┄┄┄┄┄┄┄┄┄┄┄┄┄┄┄┄┄┄┄┄┄┄┄┄┄┄┄┄┄┄┄┄┄┄┄┄┄┄┄┄┄┄┄┄┄┄┄┄┄┄┄┄┄┄┄┄┄┄┄┄┄┄┄┄┄┄┄┄┄┄┄┄┄┄┄┄┄┄┄┄┄┄┄┄┄┄┄┄┄┄┄┄┄┄┄┄┄┄
│ 🐛 💾 Database: Fetching all canvas models
└───────────────────────────────────────────────────────────────────────────────────────────────────────────────────────
┌───────────────────────────────────────────────────────────────────────────────────────────────────────────────────────
│ #0   AppLogger.database (package:filler/core/logging.dart:49:13)
│ #1   AppDatabase.getAllCanvases (package:filler/data/database.dart:248:15)
├┄┄┄┄┄┄┄┄┄┄┄┄┄┄┄┄┄┄┄┄┄┄┄┄┄┄┄┄┄┄┄┄┄┄┄┄┄┄┄┄┄┄┄┄┄┄┄┄┄┄┄┄┄┄┄┄┄┄┄┄┄┄┄┄┄┄┄┄┄┄┄┄┄┄┄┄┄┄┄┄┄┄┄┄┄┄┄┄┄┄┄┄┄┄┄┄┄┄┄┄┄┄┄┄┄┄┄┄┄┄┄┄┄┄┄┄┄┄┄
│ 07:38:52.641 (+0:00:04.837249)
├┄┄┄┄┄┄┄┄┄┄┄┄┄┄┄┄┄┄┄┄┄┄┄┄┄┄┄┄┄┄┄┄┄┄┄┄┄┄┄┄┄┄┄┄┄┄┄┄┄┄┄┄┄┄┄┄┄┄┄┄┄┄┄┄┄┄┄┄┄┄┄┄┄┄┄┄┄┄┄┄┄┄┄┄┄┄┄┄┄┄┄┄┄┄┄┄┄┄┄┄┄┄┄┄┄┄┄┄┄┄┄┄┄┄┄┄┄┄┄
│ 🐛 💾 Database: Querying all canvases
└───────────────────────────────────────────────────────────────────────────────────────────────────────────────────────
┌───────────────────────────────────────────────────────────────────────────────────────────────────────────────────────
│ {count: 1}
├┄┄┄┄┄┄┄┄┄┄┄┄┄┄┄┄┄┄┄┄┄┄┄┄┄┄┄┄┄┄┄┄┄┄┄┄┄┄┄┄┄┄┄┄┄┄┄┄┄┄┄┄┄┄┄┄┄┄┄┄┄┄┄┄┄┄┄┄┄┄┄┄┄┄┄┄┄┄┄┄┄┄┄┄┄┄┄┄┄┄┄┄┄┄┄┄┄┄┄┄┄┄┄┄┄┄┄┄┄┄┄┄┄┄┄┄┄┄┄
│ #0   AppLogger.database (package:filler/core/logging.dart:49:13)
│ #1   AppDatabase.getAllCanvases (package:filler/data/database.dart:251:17)
│ #2   <asynchronous suspension>
│ #3   CanvasRepository.getAllModels (package:filler/domain/repositories.dart:306:24)
│ #4   <asynchronous suspension>
│ #5   new GalleryBloc.<anonymous closure> (package:filler/features/gallery/presentation/gallery_bloc.dart:84:26)
│ #6   <asynchronous suspension>
│ #7   Bloc.on.<anonymous closure>.handleEvent (package:bloc/src/bloc.dart:226:13)
├┄┄┄┄┄┄┄┄┄┄┄┄┄┄┄┄┄┄┄┄┄┄┄┄┄┄┄┄┄┄┄┄┄┄┄┄┄┄┄┄┄┄┄┄┄┄┄┄┄┄┄┄┄┄┄┄┄┄┄┄┄┄┄┄┄┄┄┄┄┄┄┄┄┄┄┄┄┄┄┄┄┄┄┄┄┄┄┄┄┄┄┄┄┄┄┄┄┄┄┄┄┄┄┄┄┄┄┄┄┄┄┄┄┄┄┄┄┄┄
│ 07:38:52.645 (+0:00:04.841747)
├┄┄┄┄┄┄┄┄┄┄┄┄┄┄┄┄┄┄┄┄┄┄┄┄┄┄┄┄┄┄┄┄┄┄┄┄┄┄┄┄┄┄┄┄┄┄┄┄┄┄┄┄┄┄┄┄┄┄┄┄┄┄┄┄┄┄┄┄┄┄┄┄┄┄┄┄┄┄┄┄┄┄┄┄┄┄┄┄┄┄┄┄┄┄┄┄┄┄┄┄┄┄┄┄┄┄┄┄┄┄┄┄┄┄┄┄┄┄┄
│ 🐛 💾 Database: Query completed
└───────────────────────────────────────────────────────────────────────────────────────────────────────────────────────
┌───────────────────────────────────────────────────────────────────────────────────────────────────────────────────────
│ {count: 1, queryTime: 10ms}
├┄┄┄┄┄┄┄┄┄┄┄┄┄┄┄┄┄┄┄┄┄┄┄┄┄┄┄┄┄┄┄┄┄┄┄┄┄┄┄┄┄┄┄┄┄┄┄┄┄┄┄┄┄┄┄┄┄┄┄┄┄┄┄┄┄┄┄┄┄┄┄┄┄┄┄┄┄┄┄┄┄┄┄┄┄┄┄┄┄┄┄┄┄┄┄┄┄┄┄┄┄┄┄┄┄┄┄┄┄┄┄┄┄┄┄┄┄┄┄
│ #0   AppLogger.database (package:filler/core/logging.dart:49:13)
│ #1   CanvasRepository.getAllModels (package:filler/domain/repositories.dart:310:17)
│ #2   <asynchronous suspension>
│ #3   new GalleryBloc.<anonymous closure> (package:filler/features/gallery/presentation/gallery_bloc.dart:84:26)
│ #4   <asynchronous suspension>
│ #5   Bloc.on.<anonymous closure>.handleEvent (package:bloc/src/bloc.dart:226:13)
│ #6   <asynchronous suspension>
├┄┄┄┄┄┄┄┄┄┄┄┄┄┄┄┄┄┄┄┄┄┄┄┄┄┄┄┄┄┄┄┄┄┄┄┄┄┄┄┄┄┄┄┄┄┄┄┄┄┄┄┄┄┄┄┄┄┄┄┄┄┄┄┄┄┄┄┄┄┄┄┄┄┄┄┄┄┄┄┄┄┄┄┄┄┄┄┄┄┄┄┄┄┄┄┄┄┄┄┄┄┄┄┄┄┄┄┄┄┄┄┄┄┄┄┄┄┄┄
│ 07:38:52.651 (+0:00:04.847567)
├┄┄┄┄┄┄┄┄┄┄┄┄┄┄┄┄┄┄┄┄┄┄┄┄┄┄┄┄┄┄┄┄┄┄┄┄┄┄┄┄┄┄┄┄┄┄┄┄┄┄┄┄┄┄┄┄┄┄┄┄┄┄┄┄┄┄┄┄┄┄┄┄┄┄┄┄┄┄┄┄┄┄┄┄┄┄┄┄┄┄┄┄┄┄┄┄┄┄┄┄┄┄┄┄┄┄┄┄┄┄┄┄┄┄┄┄┄┄┄
│ 🐛 💾 Database: Retrieved canvas models
└───────────────────────────────────────────────────────────────────────────────────────────────────────────────────────
┌───────────────────────────────────────────────────────────────────────────────────────────────────────────────────────
│ {count: 1, loadTime: 16ms}
├┄┄┄┄┄┄┄┄┄┄┄┄┄┄┄┄┄┄┄┄┄┄┄┄┄┄┄┄┄┄┄┄┄┄┄┄┄┄┄┄┄┄┄┄┄┄┄┄┄┄┄┄┄┄┄┄┄┄┄┄┄┄┄┄┄┄┄┄┄┄┄┄┄┄┄┄┄┄┄┄┄┄┄┄┄┄┄┄┄┄┄┄┄┄┄┄┄┄┄┄┄┄┄┄┄┄┄┄┄┄┄┄┄┄┄┄┄┄┄
│ #0   AppLogger.database (package:filler/core/logging.dart:49:13)
│ #1   new GalleryBloc.<anonymous closure> (package:filler/features/gallery/presentation/gallery_bloc.dart:87:19)
│ #2   <asynchronous suspension>
│ #3   Bloc.on.<anonymous closure>.handleEvent (package:bloc/src/bloc.dart:226:13)
│ #4   <asynchronous suspension>
├┄┄┄┄┄┄┄┄┄┄┄┄┄┄┄┄┄┄┄┄┄┄┄┄┄┄┄┄┄┄┄┄┄┄┄┄┄┄┄┄┄┄┄┄┄┄┄┄┄┄┄┄┄┄┄┄┄┄┄┄┄┄┄┄┄┄┄┄┄┄┄┄┄┄┄┄┄┄┄┄┄┄┄┄┄┄┄┄┄┄┄┄┄┄┄┄┄┄┄┄┄┄┄┄┄┄┄┄┄┄┄┄┄┄┄┄┄┄┄
│ 07:38:52.655 (+0:00:04.851014)
├┄┄┄┄┄┄┄┄┄┄┄┄┄┄┄┄┄┄┄┄┄┄┄┄┄┄┄┄┄┄┄┄┄┄┄┄┄┄┄┄┄┄┄┄┄┄┄┄┄┄┄┄┄┄┄┄┄┄┄┄┄┄┄┄┄┄┄┄┄┄┄┄┄┄┄┄┄┄┄┄┄┄┄┄┄┄┄┄┄┄┄┄┄┄┄┄┄┄┄┄┄┄┄┄┄┄┄┄┄┄┄┄┄┄┄┄┄┄┄
│ 🐛 💾 Database: Loaded canvases from database
└───────────────────────────────────────────────────────────────────────────────────────────────────────────────────────
┌───────────────────────────────────────────────────────────────────────────────────────────────────────────────────────
│ {id: 1, title: Test Save Canvas, dimensions: 10x10, pixelCount: 100}
├┄┄┄┄┄┄┄┄┄┄┄┄┄┄┄┄┄┄┄┄┄┄┄┄┄┄┄┄┄┄┄┄┄┄┄┄┄┄┄┄┄┄┄┄┄┄┄┄┄┄┄┄┄┄┄┄┄┄┄┄┄┄┄┄┄┄┄┄┄┄┄┄┄┄┄┄┄┄┄┄┄┄┄┄┄┄┄┄┄┄┄┄┄┄┄┄┄┄┄┄┄┄┄┄┄┄┄┄┄┄┄┄┄┄┄┄┄┄┄
│ #0   AppLogger.canvas (package:filler/core/logging.dart:59:13)
│ #1   new GalleryBloc.<anonymous closure> (package:filler/features/gallery/presentation/gallery_bloc.dart:109:23)
│ #2   <asynchronous suspension>
│ #3   Bloc.on.<anonymous closure>.handleEvent (package:bloc/src/bloc.dart:226:13)
│ #4   <asynchronous suspension>
├┄┄┄┄┄┄┄┄┄┄┄┄┄┄┄┄┄┄┄┄┄┄┄┄┄┄┄┄┄┄┄┄┄┄┄┄┄┄┄┄┄┄┄┄┄┄┄┄┄┄┄┄┄┄┄┄┄┄┄┄┄┄┄┄┄┄┄┄┄┄┄┄┄┄┄┄┄┄┄┄┄┄┄┄┄┄┄┄┄┄┄┄┄┄┄┄┄┄┄┄┄┄┄┄┄┄┄┄┄┄┄┄┄┄┄┄┄┄┄
│ 07:38:52.658 (+0:00:04.854789)
├┄┄┄┄┄┄┄┄┄┄┄┄┄┄┄┄┄┄┄┄┄┄┄┄┄┄┄┄┄┄┄┄┄┄┄┄┄┄┄┄┄┄┄┄┄┄┄┄┄┄┄┄┄┄┄┄┄┄┄┄┄┄┄┄┄┄┄┄┄┄┄┄┄┄┄┄┄┄┄┄┄┄┄┄┄┄┄┄┄┄┄┄┄┄┄┄┄┄┄┄┄┄┄┄┄┄┄┄┄┄┄┄┄┄┄┄┄┄┄
│ 🐛 🎨 Canvas: Processed canvas for gallery
└───────────────────────────────────────────────────────────────────────────────────────────────────────────────────────
┌───────────────────────────────────────────────────────────────────────────────────────────────────────────────────────
│ {totalCanvases: 1, validItems: 1, skippedItems: 0}
├┄┄┄┄┄┄┄┄┄┄┄┄┄┄┄┄┄┄┄┄┄┄┄┄┄┄┄┄┄┄┄┄┄┄┄┄┄┄┄┄┄┄┄┄┄┄┄┄┄┄┄┄┄┄┄┄┄┄┄┄┄┄┄┄┄┄┄┄┄┄┄┄┄┄┄┄┄┄┄┄┄┄┄┄┄┄┄┄┄┄┄┄┄┄┄┄┄┄┄┄┄┄┄┄┄┄┄┄┄┄┄┄┄┄┄┄┄┄┄
│ #0   AppLogger.canvas (package:filler/core/logging.dart:59:13)
│ #1   new GalleryBloc.<anonymous closure> (package:filler/features/gallery/presentation/gallery_bloc.dart:128:19)
│ #2   <asynchronous suspension>
│ #3   Bloc.on.<anonymous closure>.handleEvent (package:bloc/src/bloc.dart:226:13)
│ #4   <asynchronous suspension>
├┄┄┄┄┄┄┄┄┄┄┄┄┄┄┄┄┄┄┄┄┄┄┄┄┄┄┄┄┄┄┄┄┄┄┄┄┄┄┄┄┄┄┄┄┄┄┄┄┄┄┄┄┄┄┄┄┄┄┄┄┄┄┄┄┄┄┄┄┄┄┄┄┄┄┄┄┄┄┄┄┄┄┄┄┄┄┄┄┄┄┄┄┄┄┄┄┄┄┄┄┄┄┄┄┄┄┄┄┄┄┄┄┄┄┄┄┄┄┄
│ 07:38:52.661 (+0:00:04.857470)
├┄┄┄┄┄┄┄┄┄┄┄┄┄┄┄┄┄┄┄┄┄┄┄┄┄┄┄┄┄┄┄┄┄┄┄┄┄┄┄┄┄┄┄┄┄┄┄┄┄┄┄┄┄┄┄┄┄┄┄┄┄┄┄┄┄┄┄┄┄┄┄┄┄┄┄┄┄┄┄┄┄┄┄┄┄┄┄┄┄┄┄┄┄┄┄┄┄┄┄┄┄┄┄┄┄┄┄┄┄┄┄┄┄┄┄┄┄┄┄
│ 🐛 🎨 Canvas: Gallery items prepared
└───────────────────────────────────────────────────────────────────────────────────────────────────────────────────────
┌───────────────────────────────────────────────────────────────────────────────────────────────────────────────────────
│ #0   AppLogger.bloc (package:filler/core/logging.dart:44:13)
│ #1   new GalleryBloc.<anonymous closure> (package:filler/features/gallery/presentation/gallery_bloc.dart:138:19)
├┄┄┄┄┄┄┄┄┄┄┄┄┄┄┄┄┄┄┄┄┄┄┄┄┄┄┄┄┄┄┄┄┄┄┄┄┄┄┄┄┄┄┄┄┄┄┄┄┄┄┄┄┄┄┄┄┄┄┄┄┄┄┄┄┄┄┄┄┄┄┄┄┄┄┄┄┄┄┄┄┄┄┄┄┄┄┄┄┄┄┄┄┄┄┄┄┄┄┄┄┄┄┄┄┄┄┄┄┄┄┄┄┄┄┄┄┄┄┄
│ 07:38:52.664 (+0:00:04.859966)
├┄┄┄┄┄┄┄┄┄┄┄┄┄┄┄┄┄┄┄┄┄┄┄┄┄┄┄┄┄┄┄┄┄┄┄┄┄┄┄┄┄┄┄┄┄┄┄┄┄┄┄┄┄┄┄┄┄┄┄┄┄┄┄┄┄┄┄┄┄┄┄┄┄┄┄┄┄┄┄┄┄┄┄┄┄┄┄┄┄┄┄┄┄┄┄┄┄┄┄┄┄┄┄┄┄┄┄┄┄┄┄┄┄┄┄┄┄┄┄
│ 🐛 🔄 BLoC[Gallery]: Load Complete | loading → loaded
└───────────────────────────────────────────────────────────────────────────────────────────────────────────────────────
┌───────────────────────────────────────────────────────────────────────────────────────────────────────────────────────
│ #0   TestHelpers.cleanup (file:///Users/mr42/code/flutter/tmp/filler/test/helpers/test_helpers.dart:152:24)
│ #1   main.<anonymous closure> (file:///Users/mr42/code/flutter/tmp/filler/test/integration/page_state_transitions_test.dart:35:23)
├┄┄┄┄┄┄┄┄┄┄┄┄┄┄┄┄┄┄┄┄┄┄┄┄┄┄┄┄┄┄┄┄┄┄┄┄┄┄┄┄┄┄┄┄┄┄┄┄┄┄┄┄┄┄┄┄┄┄┄┄┄┄┄┄┄┄┄┄┄┄┄┄┄┄┄┄┄┄┄┄┄┄┄┄┄┄┄┄┄┄┄┄┄┄┄┄┄┄┄┄┄┄┄┄┄┄┄┄┄┄┄┄┄┄┄┄┄┄┄
│ 07:38:53.144 (+0:00:05.340778)
├┄┄┄┄┄┄┄┄┄┄┄┄┄┄┄┄┄┄┄┄┄┄┄┄┄┄┄┄┄┄┄┄┄┄┄┄┄┄┄┄┄┄┄┄┄┄┄┄┄┄┄┄┄┄┄┄┄┄┄┄┄┄┄┄┄┄┄┄┄┄┄┄┄┄┄┄┄┄┄┄┄┄┄┄┄┄┄┄┄┄┄┄┄┄┄┄┄┄┄┄┄┄┄┄┄┄┄┄┄┄┄┄┄┄┄┄┄┄┄
│ 🐛 🧹 Cleaning up test environment
└───────────────────────────────────────────────────────────────────────────────────────────────────────────────────────
┌───────────────────────────────────────────────────────────────────────────────────────────────────────────────────────
│ #0   TestHelpers.cleanup (file:///Users/mr42/code/flutter/tmp/filler/test/helpers/test_helpers.dart:166:26)
│ #1   main.<anonymous closure> (file:///Users/mr42/code/flutter/tmp/filler/test/integration/page_state_transitions_test.dart:35:23)
├┄┄┄┄┄┄┄┄┄┄┄┄┄┄┄┄┄┄┄┄┄┄┄┄┄┄┄┄┄┄┄┄┄┄┄┄┄┄┄┄┄┄┄┄┄┄┄┄┄┄┄┄┄┄┄┄┄┄┄┄┄┄┄┄┄┄┄┄┄┄┄┄┄┄┄┄┄┄┄┄┄┄┄┄┄┄┄┄┄┄┄┄┄┄┄┄┄┄┄┄┄┄┄┄┄┄┄┄┄┄┄┄┄┄┄┄┄┄┄
│ 07:38:53.156 (+0:00:05.352596)
├┄┄┄┄┄┄┄┄┄┄┄┄┄┄┄┄┄┄┄┄┄┄┄┄┄┄┄┄┄┄┄┄┄┄┄┄┄┄┄┄┄┄┄┄┄┄┄┄┄┄┄┄┄┄┄┄┄┄┄┄┄┄┄┄┄┄┄┄┄┄┄┄┄┄┄┄┄┄┄┄┄┄┄┄┄┄┄┄┄┄┄┄┄┄┄┄┄┄┄┄┄┄┄┄┄┄┄┄┄┄┄┄┄┄┄┄┄┄┄
│ 🐛 ✅ Test cleanup completed
└───────────────────────────────────────────────────────────────────────────────────────────────────────────────────────

00:07 +66 -3: /Users/mr42/code/flutter/tmp/filler/test/integration/page_state_transitions_test.dart: BLoC State Transitions - All Pages Canvas BLoC - Save State Transitions                           
00:07 +66 -3: /Users/mr42/code/flutter/tmp/filler/test/integration/page_state_transitions_test.dart: (tearDownAll)                                                                                     
00:07 +66 -3: Some tests failed.                                                                                                                                                                       
